����ִ�й����ű�... 
正在更新版本号...
鏇存柊鐗堟湰鍙凤細D:\leaveblackgithub\DDNCadAddins\src\DDNCadAddins\DDNCadAddins\Properties\AssemblyInfo.cs
鏃х増鏈? 1.0.0.203
鏂扮増鏈? 1.0.0.204
鐗堟湰鍙峰凡鏇存柊涓?1.0.0.204
正在构建项目...
  Determining projects to restore...
  Nothing to do. None of the projects specified contain packages to restore.
D:\leaveblackgithub\DDNCadAddins\src\DDNCadAddins\DDNCadAddins\Commands\TestRunner.cs(500,60): error CS1061: “XClipBlockService”未包含“ClipBlockWithRectangle”的定义，并且找不到可接受第一个“XClipBlockService”类型参数的可访问扩展方法“ClipBlockWithRectangle”(是否缺少 using 指令或程序集引用?) [D:\leaveblackgithub\DDNCadAddins\src\DDNCadAddins\DDNCadAddins\DDNCadAddins.csproj]
D:\leaveblackgithub\DDNCadAddins\src\DDNCadAddins\DDNCadAddins\Commands\TestRunner.cs(646,44): error CS0136: 无法在此范围中声明名为“xclipServiceInterface”的局部变量或参数，因为该名称在封闭局部范围中用于定义局部变量或参数 [D:\leaveblackgithub\DDNCadAddins\src\DDNCadAddins\DDNCadAddins\DDNCadAddins.csproj]
D:\leaveblackgithub\DDNCadAddins\src\DDNCadAddins\DDNCadAddins\Commands\TestRunner.cs(647,43): error CS0136: 无法在此范围中声明名为“xclipService”的局部变量或参数，因为该名称在封闭局部范围中用于定义局部变量或参数 [D:\leaveblackgithub\DDNCadAddins\src\DDNCadAddins\DDNCadAddins\DDNCadAddins.csproj]
D:\leaveblackgithub\DDNCadAddins\src\DDNCadAddins\DDNCadAddins\Commands\TestRunner.cs(652,38): error CS1061: “XClipBlockService”未包含“ClipBlockWithRectangle”的定义，并且找不到可接受第一个“XClipBlockService”类型参数的可访问扩展方法“ClipBlockWithRectangle”(是否缺少 using 指令或程序集引用?) [D:\leaveblackgithub\DDNCadAddins\src\DDNCadAddins\DDNCadAddins\DDNCadAddins.csproj]
D:\leaveblackgithub\DDNCadAddins\src\DDNCadAddins\DDNCadAddins\Commands\TestRunner.cs(661,44): error CS0136: 无法在此范围中声明名为“xclipServiceInterface”的局部变量或参数，因为该名称在封闭局部范围中用于定义局部变量或参数 [D:\leaveblackgithub\DDNCadAddins\src\DDNCadAddins\DDNCadAddins\DDNCadAddins.csproj]
D:\leaveblackgithub\DDNCadAddins\src\DDNCadAddins\DDNCadAddins\Commands\TestRunner.cs(662,43): error CS0136: 无法在此范围中声明名为“xclipService”的局部变量或参数，因为该名称在封闭局部范围中用于定义局部变量或参数 [D:\leaveblackgithub\DDNCadAddins\src\DDNCadAddins\DDNCadAddins\DDNCadAddins.csproj]
D:\leaveblackgithub\DDNCadAddins\src\DDNCadAddins\DDNCadAddins\Commands\TestRunner.cs(667,38): error CS1061: “XClipBlockService”未包含“ClipBlockWithRectangle”的定义，并且找不到可接受第一个“XClipBlockService”类型参数的可访问扩展方法“ClipBlockWithRectangle”(是否缺少 using 指令或程序集引用?) [D:\leaveblackgithub\DDNCadAddins\src\DDNCadAddins\DDNCadAddins\DDNCadAddins.csproj]
D:\leaveblackgithub\DDNCadAddins\src\DDNCadAddins\DDNCadAddins\Commands\TestRunner.cs(677,52): error CS0029: 无法将类型“DDNCadAddins.Models.OperationResult<System.Collections.Generic.List<DDNCadAddins.Models.XClippedBlockInfo>>”隐式转换为“System.Collections.Generic.List<Autodesk.AutoCAD.DatabaseServices.ObjectId>” [D:\leaveblackgithub\DDNCadAddins\src\DDNCadAddins\DDNCadAddins\DDNCadAddins.csproj]
D:\leaveblackgithub\DDNCadAddins\src\DDNCadAddins\DDNCadAddins\Commands\TestRunner.cs(702,40): error CS0136: 无法在此范围中声明名为“tr”的局部变量或参数，因为该名称在封闭局部范围中用于定义局部变量或参数 [D:\leaveblackgithub\DDNCadAddins\src\DDNCadAddins\DDNCadAddins\DDNCadAddins.csproj]
D:\leaveblackgithub\DDNCadAddins\src\DDNCadAddins\DDNCadAddins\Commands\TestRunner.cs(705,73): error CS0117: “SymbolUtilityServices”未包含“GetNameOfCurrentLayer”的定义 [D:\leaveblackgithub\DDNCadAddins\src\DDNCadAddins\DDNCadAddins\DDNCadAddins.csproj]
D:\leaveblackgithub\DDNCadAddins\src\DDNCadAddins\DDNCadAddins\Commands\TestRunner.cs(708,44): error CS0136: 无法在此范围中声明名为“xclipServiceInterface”的局部变量或参数，因为该名称在封闭局部范围中用于定义局部变量或参数 [D:\leaveblackgithub\DDNCadAddins\src\DDNCadAddins\DDNCadAddins\DDNCadAddins.csproj]
D:\leaveblackgithub\DDNCadAddins\src\DDNCadAddins\DDNCadAddins\Commands\TestRunner.cs(709,43): error CS0136: 无法在此范围中声明名为“xclipService”的局部变量或参数，因为该名称在封闭局部范围中用于定义局部变量或参数 [D:\leaveblackgithub\DDNCadAddins\src\DDNCadAddins\DDNCadAddins\DDNCadAddins.csproj]
D:\leaveblackgithub\DDNCadAddins\src\DDNCadAddins\DDNCadAddins\Commands\TestRunner.cs(714,61): error CS1061: “XClipBlockService”未包含“FindXClippedBlocksByLayer”的定义，并且找不到可接受第一个“XClipBlockService”类型参数的可访问扩展方法“FindXClippedBlocksByLayer”(是否缺少 using 指令或程序集引用?) [D:\leaveblackgithub\DDNCadAddins\src\DDNCadAddins\DDNCadAddins\DDNCadAddins.csproj]
CSC : warning CA9998: FxCopAnalyzers package has been deprecated in favor of 'Microsoft.CodeAnalysis.NetAnalyzers', that ships with the .NET SDK. Please refer to https://docs.microsoft.com/visualstudio/code-quality/migrate-from-fxcop-analyzers-to-net-analyzers to migrate to .NET analyzers. (https://docs.microsoft.com/visualstudio/code-quality/migrate-from-fxcop-analyzers-to-net-analyzers) [D:\leaveblackgithub\DDNCadAddins\src\DDNCadAddins\DDNCadAddins\DDNCadAddins.csproj]
CSC : warning CA9998: FxCopAnalyzers package has been deprecated in favor of 'Microsoft.CodeAnalysis.NetAnalyzers', that ships with the .NET SDK. Please refer to https://docs.microsoft.com/visualstudio/code-quality/migrate-from-fxcop-analyzers-to-net-analyzers to migrate to .NET analyzers. (https://docs.microsoft.com/visualstudio/code-quality/migrate-from-fxcop-analyzers-to-net-analyzers) [D:\leaveblackgithub\DDNCadAddins\src\DDNCadAddins\DDNCadAddins\DDNCadAddins.csproj]
D:\leaveblackgithub\DDNCadAddins\src\DDNCadAddins\DDNCadAddins\Commands\Blk2CsvCommand.cs(1,1): warning SA1633: The file header is missing or not located at the top of the file. (https://github.com/DotNetAnalyzers/StyleCopAnalyzers/blob/master/documentation/SA1633.md) [D:\leaveblackgithub\DDNCadAddins\src\DDNCadAddins\DDNCadAddins\DDNCadAddins.csproj]
CSC : warning CA9998: FxCopAnalyzers package has been deprecated in favor of 'Microsoft.CodeAnalysis.NetAnalyzers', that ships with the .NET SDK. Please refer to https://docs.microsoft.com/visualstudio/code-quality/migrate-from-fxcop-analyzers-to-net-analyzers to migrate to .NET analyzers. (https://docs.microsoft.com/visualstudio/code-quality/migrate-from-fxcop-analyzers-to-net-analyzers) [D:\leaveblackgithub\DDNCadAddins\src\DDNCadAddins\DDNCadAddins\DDNCadAddins.csproj]
D:\leaveblackgithub\DDNCadAddins\src\DDNCadAddins\DDNCadAddins\Commands\Blk2CsvCommand.cs(1,1): warning SA1200: Using directive should appear within a namespace declaration (https://github.com/DotNetAnalyzers/StyleCopAnalyzers/blob/master/documentation/SA1200.md) [D:\leaveblackgithub\DDNCadAddins\src\DDNCadAddins\DDNCadAddins\DDNCadAddins.csproj]
D:\leaveblackgithub\DDNCadAddins\src\DDNCadAddins\DDNCadAddins\Commands\Blk2CsvCommand.cs(2,1): warning SA1200: Using directive should appear within a namespace declaration (https://github.com/DotNetAnalyzers/StyleCopAnalyzers/blob/master/documentation/SA1200.md) [D:\leaveblackgithub\DDNCadAddins\src\DDNCadAddins\DDNCadAddins\DDNCadAddins.csproj]
D:\leaveblackgithub\DDNCadAddins\src\DDNCadAddins\DDNCadAddins\Commands\Blk2CsvCommand.cs(3,1): warning SA1200: Using directive should appear within a namespace declaration (https://github.com/DotNetAnalyzers/StyleCopAnalyzers/blob/master/documentation/SA1200.md) [D:\leaveblackgithub\DDNCadAddins\src\DDNCadAddins\DDNCadAddins\DDNCadAddins.csproj]
D:\leaveblackgithub\DDNCadAddins\src\DDNCadAddins\DDNCadAddins\Commands\Blk2CsvCommand.cs(4,1): warning SA1200: Using directive should appear within a namespace declaration (https://github.com/DotNetAnalyzers/StyleCopAnalyzers/blob/master/documentation/SA1200.md) [D:\leaveblackgithub\DDNCadAddins\src\DDNCadAddins\DDNCadAddins\DDNCadAddins.csproj]
D:\leaveblackgithub\DDNCadAddins\src\DDNCadAddins\DDNCadAddins\Commands\Blk2CsvCommand.cs(5,1): warning SA1200: Using directive should appear within a namespace declaration (https://github.com/DotNetAnalyzers/StyleCopAnalyzers/blob/master/documentation/SA1200.md) [D:\leaveblackgithub\DDNCadAddins\src\DDNCadAddins\DDNCadAddins\DDNCadAddins.csproj]
D:\leaveblackgithub\DDNCadAddins\src\DDNCadAddins\DDNCadAddins\Commands\Blk2CsvCommand.cs(6,1): warning SA1200: Using directive should appear within a namespace declaration (https://github.com/DotNetAnalyzers/StyleCopAnalyzers/blob/master/documentation/SA1200.md) [D:\leaveblackgithub\DDNCadAddins\src\DDNCadAddins\DDNCadAddins\DDNCadAddins.csproj]
D:\leaveblackgithub\DDNCadAddins\src\DDNCadAddins\DDNCadAddins\Commands\Blk2CsvCommand.cs(7,1): warning SA1200: Using directive should appear within a namespace declaration (https://github.com/DotNetAnalyzers/StyleCopAnalyzers/blob/master/documentation/SA1200.md) [D:\leaveblackgithub\DDNCadAddins\src\DDNCadAddins\DDNCadAddins\DDNCadAddins.csproj]
D:\leaveblackgithub\DDNCadAddins\src\DDNCadAddins\DDNCadAddins\Commands\Blk2CsvCommand.cs(8,1): warning SA1200: Using directive should appear within a namespace declaration (https://github.com/DotNetAnalyzers/StyleCopAnalyzers/blob/master/documentation/SA1200.md) [D:\leaveblackgithub\DDNCadAddins\src\DDNCadAddins\DDNCadAddins\DDNCadAddins.csproj]
D:\leaveblackgithub\DDNCadAddins\src\DDNCadAddins\DDNCadAddins\Commands\Blk2CsvCommand.cs(9,1): warning SA1200: Using directive should appear within a namespace declaration (https://github.com/DotNetAnalyzers/StyleCopAnalyzers/blob/master/documentation/SA1200.md) [D:\leaveblackgithub\DDNCadAddins\src\DDNCadAddins\DDNCadAddins\DDNCadAddins.csproj]
D:\leaveblackgithub\DDNCadAddins\src\DDNCadAddins\DDNCadAddins\Commands\Blk2CsvCommand.cs(10,1): warning SA1200: Using directive should appear within a namespace declaration (https://github.com/DotNetAnalyzers/StyleCopAnalyzers/blob/master/documentation/SA1200.md) [D:\leaveblackgithub\DDNCadAddins\src\DDNCadAddins\DDNCadAddins\DDNCadAddins.csproj]
D:\leaveblackgithub\DDNCadAddins\src\DDNCadAddins\DDNCadAddins\Commands\Blk2CsvCommand.cs(11,1): warning SA1200: Using directive should appear within a namespace declaration (https://github.com/DotNetAnalyzers/StyleCopAnalyzers/blob/master/documentation/SA1200.md) [D:\leaveblackgithub\DDNCadAddins\src\DDNCadAddins\DDNCadAddins\DDNCadAddins.csproj]
D:\leaveblackgithub\DDNCadAddins\src\DDNCadAddins\DDNCadAddins\Commands\Blk2CsvCommand.cs(13,1): warning SA1200: Using directive should appear within a namespace declaration (https://github.com/DotNetAnalyzers/StyleCopAnalyzers/blob/master/documentation/SA1200.md) [D:\leaveblackgithub\DDNCadAddins\src\DDNCadAddins\DDNCadAddins\DDNCadAddins.csproj]
D:\leaveblackgithub\DDNCadAddins\src\DDNCadAddins\DDNCadAddins\Commands\Blk2CsvCommand.cs(14,1): warning SA1200: Using directive should appear within a namespace declaration (https://github.com/DotNetAnalyzers/StyleCopAnalyzers/blob/master/documentation/SA1200.md) [D:\leaveblackgithub\DDNCadAddins\src\DDNCadAddins\DDNCadAddins\DDNCadAddins.csproj]
D:\leaveblackgithub\DDNCadAddins\src\DDNCadAddins\DDNCadAddins\Commands\Blk2CsvCommand.cs(15,1): warning SA1200: Using directive should appear within a namespace declaration (https://github.com/DotNetAnalyzers/StyleCopAnalyzers/blob/master/documentation/SA1200.md) [D:\leaveblackgithub\DDNCadAddins\src\DDNCadAddins\DDNCadAddins\DDNCadAddins.csproj]
D:\leaveblackgithub\DDNCadAddins\src\DDNCadAddins\DDNCadAddins\Commands\Blk2CsvCommand.cs(12,1): warning SA1515: Single-line comment should be preceded by blank line (https://github.com/DotNetAnalyzers/StyleCopAnalyzers/blob/master/documentation/SA1515.md) [D:\leaveblackgithub\DDNCadAddins\src\DDNCadAddins\DDNCadAddins\DDNCadAddins.csproj]
D:\leaveblackgithub\DDNCadAddins\src\DDNCadAddins\DDNCadAddins\Commands\Blk2CsvCommand.cs(13,1): warning SA1208: Using directive for 'System.Windows.Forms' should appear before directive for 'DDNCadAddins.Infrastructure' (https://github.com/DotNetAnalyzers/StyleCopAnalyzers/blob/master/documentation/SA1208.md) [D:\leaveblackgithub\DDNCadAddins\src\DDNCadAddins\DDNCadAddins\DDNCadAddins.csproj]
D:\leaveblackgithub\DDNCadAddins\src\DDNCadAddins\DDNCadAddins\Commands\Blk2CsvCommand.cs(14,1): warning SA1210: Using directives should be ordered alphabetically by the namespaces. (https://github.com/DotNetAnalyzers/StyleCopAnalyzers/blob/master/documentation/SA1210.md) [D:\leaveblackgithub\DDNCadAddins\src\DDNCadAddins\DDNCadAddins\DDNCadAddins.csproj]
D:\leaveblackgithub\DDNCadAddins\src\DDNCadAddins\DDNCadAddins\Commands\CommandBase.cs(1,1): warning SA1200: Using directive should appear within a namespace declaration (https://github.com/DotNetAnalyzers/StyleCopAnalyzers/blob/master/documentation/SA1200.md) [D:\leaveblackgithub\DDNCadAddins\src\DDNCadAddins\DDNCadAddins\DDNCadAddins.csproj]
D:\leaveblackgithub\DDNCadAddins\src\DDNCadAddins\DDNCadAddins\Commands\CommandBase.cs(2,1): warning SA1200: Using directive should appear within a namespace declaration (https://github.com/DotNetAnalyzers/StyleCopAnalyzers/blob/master/documentation/SA1200.md) [D:\leaveblackgithub\DDNCadAddins\src\DDNCadAddins\DDNCadAddins\DDNCadAddins.csproj]
D:\leaveblackgithub\DDNCadAddins\src\DDNCadAddins\DDNCadAddins\Commands\CommandBase.cs(3,1): warning SA1200: Using directive should appear within a namespace declaration (https://github.com/DotNetAnalyzers/StyleCopAnalyzers/blob/master/documentation/SA1200.md) [D:\leaveblackgithub\DDNCadAddins\src\DDNCadAddins\DDNCadAddins\DDNCadAddins.csproj]
D:\leaveblackgithub\DDNCadAddins\src\DDNCadAddins\DDNCadAddins\Commands\CommandBase.cs(4,1): warning SA1200: Using directive should appear within a namespace declaration (https://github.com/DotNetAnalyzers/StyleCopAnalyzers/blob/master/documentation/SA1200.md) [D:\leaveblackgithub\DDNCadAddins\src\DDNCadAddins\DDNCadAddins\DDNCadAddins.csproj]
D:\leaveblackgithub\DDNCadAddins\src\DDNCadAddins\DDNCadAddins\Commands\CommandBase.cs(5,1): warning SA1200: Using directive should appear within a namespace declaration (https://github.com/DotNetAnalyzers/StyleCopAnalyzers/blob/master/documentation/SA1200.md) [D:\leaveblackgithub\DDNCadAddins\src\DDNCadAddins\DDNCadAddins\DDNCadAddins.csproj]
D:\leaveblackgithub\DDNCadAddins\src\DDNCadAddins\DDNCadAddins\Commands\CommandBase.cs(6,1): warning SA1200: Using directive should appear within a namespace declaration (https://github.com/DotNetAnalyzers/StyleCopAnalyzers/blob/master/documentation/SA1200.md) [D:\leaveblackgithub\DDNCadAddins\src\DDNCadAddins\DDNCadAddins\DDNCadAddins.csproj]
D:\leaveblackgithub\DDNCadAddins\src\DDNCadAddins\DDNCadAddins\Commands\CommandBase.cs(8,1): warning SA1200: Using directive should appear within a namespace declaration (https://github.com/DotNetAnalyzers/StyleCopAnalyzers/blob/master/documentation/SA1200.md) [D:\leaveblackgithub\DDNCadAddins\src\DDNCadAddins\DDNCadAddins\DDNCadAddins.csproj]
D:\leaveblackgithub\DDNCadAddins\src\DDNCadAddins\DDNCadAddins\Infrastructure\FileLogger.cs(15,18): warning CA1001: 类型“FileLogger”具有可释放的字段“_logWriter”，但该类型是不可释放的 (https://docs.microsoft.com/dotnet/fundamentals/code-analysis/quality-rules/ca1001) [D:\leaveblackgithub\DDNCadAddins\src\DDNCadAddins\DDNCadAddins\DDNCadAddins.csproj]
D:\leaveblackgithub\DDNCadAddins\src\DDNCadAddins\DDNCadAddins\Commands\FindXClippedBlocksCommand.cs(1,1): warning SA1200: Using directive should appear within a namespace declaration (https://github.com/DotNetAnalyzers/StyleCopAnalyzers/blob/master/documentation/SA1200.md) [D:\leaveblackgithub\DDNCadAddins\src\DDNCadAddins\DDNCadAddins\DDNCadAddins.csproj]
D:\leaveblackgithub\DDNCadAddins\src\DDNCadAddins\DDNCadAddins\Commands\FindXClippedBlocksCommand.cs(2,1): warning SA1200: Using directive should appear within a namespace declaration (https://github.com/DotNetAnalyzers/StyleCopAnalyzers/blob/master/documentation/SA1200.md) [D:\leaveblackgithub\DDNCadAddins\src\DDNCadAddins\DDNCadAddins\DDNCadAddins.csproj]
D:\leaveblackgithub\DDNCadAddins\src\DDNCadAddins\DDNCadAddins\Commands\FindXClippedBlocksCommand.cs(3,1): warning SA1200: Using directive should appear within a namespace declaration (https://github.com/DotNetAnalyzers/StyleCopAnalyzers/blob/master/documentation/SA1200.md) [D:\leaveblackgithub\DDNCadAddins\src\DDNCadAddins\DDNCadAddins\DDNCadAddins.csproj]
D:\leaveblackgithub\DDNCadAddins\src\DDNCadAddins\DDNCadAddins\Commands\FindXClippedBlocksCommand.cs(4,1): warning SA1200: Using directive should appear within a namespace declaration (https://github.com/DotNetAnalyzers/StyleCopAnalyzers/blob/master/documentation/SA1200.md) [D:\leaveblackgithub\DDNCadAddins\src\DDNCadAddins\DDNCadAddins\DDNCadAddins.csproj]
D:\leaveblackgithub\DDNCadAddins\src\DDNCadAddins\DDNCadAddins\Commands\FindXClippedBlocksCommand.cs(5,1): warning SA1200: Using directive should appear within a namespace declaration (https://github.com/DotNetAnalyzers/StyleCopAnalyzers/blob/master/documentation/SA1200.md) [D:\leaveblackgithub\DDNCadAddins\src\DDNCadAddins\DDNCadAddins\DDNCadAddins.csproj]
D:\leaveblackgithub\DDNCadAddins\src\DDNCadAddins\DDNCadAddins\Commands\FindXClippedBlocksCommand.cs(6,1): warning SA1200: Using directive should appear within a namespace declaration (https://github.com/DotNetAnalyzers/StyleCopAnalyzers/blob/master/documentation/SA1200.md) [D:\leaveblackgithub\DDNCadAddins\src\DDNCadAddins\DDNCadAddins\DDNCadAddins.csproj]
D:\leaveblackgithub\DDNCadAddins\src\DDNCadAddins\DDNCadAddins\Commands\FindXClippedBlocksCommand.cs(7,1): warning SA1200: Using directive should appear within a namespace declaration (https://github.com/DotNetAnalyzers/StyleCopAnalyzers/blob/master/documentation/SA1200.md) [D:\leaveblackgithub\DDNCadAddins\src\DDNCadAddins\DDNCadAddins\DDNCadAddins.csproj]
D:\leaveblackgithub\DDNCadAddins\src\DDNCadAddins\DDNCadAddins\Models\OperationResult.cs(51,17): warning SA1201: A enum should not follow a interface (https://github.com/DotNetAnalyzers/StyleCopAnalyzers/blob/master/documentation/SA1201.md) [D:\leaveblackgithub\DDNCadAddins\src\DDNCadAddins\DDNCadAddins\DDNCadAddins.csproj]
D:\leaveblackgithub\DDNCadAddins\src\DDNCadAddins\DDNCadAddins\Commands\CreateXClippedBlockCommand.cs(1,1): warning SA1200: Using directive should appear within a namespace declaration (https://github.com/DotNetAnalyzers/StyleCopAnalyzers/blob/master/documentation/SA1200.md) [D:\leaveblackgithub\DDNCadAddins\src\DDNCadAddins\DDNCadAddins\DDNCadAddins.csproj]
D:\leaveblackgithub\DDNCadAddins\src\DDNCadAddins\DDNCadAddins\Commands\CreateXClippedBlockCommand.cs(2,1): warning SA1200: Using directive should appear within a namespace declaration (https://github.com/DotNetAnalyzers/StyleCopAnalyzers/blob/master/documentation/SA1200.md) [D:\leaveblackgithub\DDNCadAddins\src\DDNCadAddins\DDNCadAddins\DDNCadAddins.csproj]
D:\leaveblackgithub\DDNCadAddins\src\DDNCadAddins\DDNCadAddins\Commands\CreateXClippedBlockCommand.cs(3,1): warning SA1200: Using directive should appear within a namespace declaration (https://github.com/DotNetAnalyzers/StyleCopAnalyzers/blob/master/documentation/SA1200.md) [D:\leaveblackgithub\DDNCadAddins\src\DDNCadAddins\DDNCadAddins\DDNCadAddins.csproj]
D:\leaveblackgithub\DDNCadAddins\src\DDNCadAddins\DDNCadAddins\Commands\CreateXClippedBlockCommand.cs(4,1): warning SA1200: Using directive should appear within a namespace declaration (https://github.com/DotNetAnalyzers/StyleCopAnalyzers/blob/master/documentation/SA1200.md) [D:\leaveblackgithub\DDNCadAddins\src\DDNCadAddins\DDNCadAddins\DDNCadAddins.csproj]
D:\leaveblackgithub\DDNCadAddins\src\DDNCadAddins\DDNCadAddins\Commands\CreateXClippedBlockCommand.cs(5,1): warning SA1200: Using directive should appear within a namespace declaration (https://github.com/DotNetAnalyzers/StyleCopAnalyzers/blob/master/documentation/SA1200.md) [D:\leaveblackgithub\DDNCadAddins\src\DDNCadAddins\DDNCadAddins\DDNCadAddins.csproj]
D:\leaveblackgithub\DDNCadAddins\src\DDNCadAddins\DDNCadAddins\Commands\CreateXClippedBlockCommand.cs(6,1): warning SA1200: Using directive should appear within a namespace declaration (https://github.com/DotNetAnalyzers/StyleCopAnalyzers/blob/master/documentation/SA1200.md) [D:\leaveblackgithub\DDNCadAddins\src\DDNCadAddins\DDNCadAddins\DDNCadAddins.csproj]
D:\leaveblackgithub\DDNCadAddins\src\DDNCadAddins\DDNCadAddins\Commands\TestRunner.cs(861,22): warning SA1201: A interface should not follow a class (https://github.com/DotNetAnalyzers/StyleCopAnalyzers/blob/master/documentation/SA1201.md) [D:\leaveblackgithub\DDNCadAddins\src\DDNCadAddins\DDNCadAddins\DDNCadAddins.csproj]
D:\leaveblackgithub\DDNCadAddins\src\DDNCadAddins\DDNCadAddins\Commands\IsolateXClippedBlocksCommand.cs(1,1): warning SA1200: Using directive should appear within a namespace declaration (https://github.com/DotNetAnalyzers/StyleCopAnalyzers/blob/master/documentation/SA1200.md) [D:\leaveblackgithub\DDNCadAddins\src\DDNCadAddins\DDNCadAddins\DDNCadAddins.csproj]
D:\leaveblackgithub\DDNCadAddins\src\DDNCadAddins\DDNCadAddins\Commands\IsolateXClippedBlocksCommand.cs(2,1): warning SA1200: Using directive should appear within a namespace declaration (https://github.com/DotNetAnalyzers/StyleCopAnalyzers/blob/master/documentation/SA1200.md) [D:\leaveblackgithub\DDNCadAddins\src\DDNCadAddins\DDNCadAddins\DDNCadAddins.csproj]
D:\leaveblackgithub\DDNCadAddins\src\DDNCadAddins\DDNCadAddins\Commands\IsolateXClippedBlocksCommand.cs(3,1): warning SA1200: Using directive should appear within a namespace declaration (https://github.com/DotNetAnalyzers/StyleCopAnalyzers/blob/master/documentation/SA1200.md) [D:\leaveblackgithub\DDNCadAddins\src\DDNCadAddins\DDNCadAddins\DDNCadAddins.csproj]
D:\leaveblackgithub\DDNCadAddins\src\DDNCadAddins\DDNCadAddins\Commands\IsolateXClippedBlocksCommand.cs(4,1): warning SA1200: Using directive should appear within a namespace declaration (https://github.com/DotNetAnalyzers/StyleCopAnalyzers/blob/master/documentation/SA1200.md) [D:\leaveblackgithub\DDNCadAddins\src\DDNCadAddins\DDNCadAddins\DDNCadAddins.csproj]
D:\leaveblackgithub\DDNCadAddins\src\DDNCadAddins\DDNCadAddins\Commands\IsolateXClippedBlocksCommand.cs(5,1): warning SA1200: Using directive should appear within a namespace declaration (https://github.com/DotNetAnalyzers/StyleCopAnalyzers/blob/master/documentation/SA1200.md) [D:\leaveblackgithub\DDNCadAddins\src\DDNCadAddins\DDNCadAddins\DDNCadAddins.csproj]
D:\leaveblackgithub\DDNCadAddins\src\DDNCadAddins\DDNCadAddins\Commands\IsolateXClippedBlocksCommand.cs(6,1): warning SA1200: Using directive should appear within a namespace declaration (https://github.com/DotNetAnalyzers/StyleCopAnalyzers/blob/master/documentation/SA1200.md) [D:\leaveblackgithub\DDNCadAddins\src\DDNCadAddins\DDNCadAddins\DDNCadAddins.csproj]
D:\leaveblackgithub\DDNCadAddins\src\DDNCadAddins\DDNCadAddins\Commands\IsolateXClippedBlocksCommand.cs(7,1): warning SA1200: Using directive should appear within a namespace declaration (https://github.com/DotNetAnalyzers/StyleCopAnalyzers/blob/master/documentation/SA1200.md) [D:\leaveblackgithub\DDNCadAddins\src\DDNCadAddins\DDNCadAddins\DDNCadAddins.csproj]
D:\leaveblackgithub\DDNCadAddins\src\DDNCadAddins\DDNCadAddins\Commands\IsolateXClippedBlocksCommand.cs(8,1): warning SA1200: Using directive should appear within a namespace declaration (https://github.com/DotNetAnalyzers/StyleCopAnalyzers/blob/master/documentation/SA1200.md) [D:\leaveblackgithub\DDNCadAddins\src\DDNCadAddins\DDNCadAddins\DDNCadAddins.csproj]
D:\leaveblackgithub\DDNCadAddins\src\DDNCadAddins\DDNCadAddins\Commands\IsolateXClippedBlocksCommand.cs(9,1): warning SA1200: Using directive should appear within a namespace declaration (https://github.com/DotNetAnalyzers/StyleCopAnalyzers/blob/master/documentation/SA1200.md) [D:\leaveblackgithub\DDNCadAddins\src\DDNCadAddins\DDNCadAddins\DDNCadAddins.csproj]
D:\leaveblackgithub\DDNCadAddins\src\DDNCadAddins\DDNCadAddins\Commands\OpenXClipLogCommand.cs(1,1): warning SA1200: Using directive should appear within a namespace declaration (https://github.com/DotNetAnalyzers/StyleCopAnalyzers/blob/master/documentation/SA1200.md) [D:\leaveblackgithub\DDNCadAddins\src\DDNCadAddins\DDNCadAddins\DDNCadAddins.csproj]
D:\leaveblackgithub\DDNCadAddins\src\DDNCadAddins\DDNCadAddins\Commands\OpenXClipLogCommand.cs(2,1): warning SA1200: Using directive should appear within a namespace declaration (https://github.com/DotNetAnalyzers/StyleCopAnalyzers/blob/master/documentation/SA1200.md) [D:\leaveblackgithub\DDNCadAddins\src\DDNCadAddins\DDNCadAddins\DDNCadAddins.csproj]
D:\leaveblackgithub\DDNCadAddins\src\DDNCadAddins\DDNCadAddins\Commands\OpenXClipLogCommand.cs(3,1): warning SA1200: Using directive should appear within a namespace declaration (https://github.com/DotNetAnalyzers/StyleCopAnalyzers/blob/master/documentation/SA1200.md) [D:\leaveblackgithub\DDNCadAddins\src\DDNCadAddins\DDNCadAddins\DDNCadAddins.csproj]
D:\leaveblackgithub\DDNCadAddins\src\DDNCadAddins\DDNCadAddins\Commands\OpenXClipLogCommand.cs(4,1): warning SA1200: Using directive should appear within a namespace declaration (https://github.com/DotNetAnalyzers/StyleCopAnalyzers/blob/master/documentation/SA1200.md) [D:\leaveblackgithub\DDNCadAddins\src\DDNCadAddins\DDNCadAddins\DDNCadAddins.csproj]
D:\leaveblackgithub\DDNCadAddins\src\DDNCadAddins\DDNCadAddins\Commands\OpenXClipLogCommand.cs(5,1): warning SA1200: Using directive should appear within a namespace declaration (https://github.com/DotNetAnalyzers/StyleCopAnalyzers/blob/master/documentation/SA1200.md) [D:\leaveblackgithub\DDNCadAddins\src\DDNCadAddins\DDNCadAddins\DDNCadAddins.csproj]
D:\leaveblackgithub\DDNCadAddins\src\DDNCadAddins\DDNCadAddins\Commands\XClipCommand.cs(1,1): warning SA1200: Using directive should appear within a namespace declaration (https://github.com/DotNetAnalyzers/StyleCopAnalyzers/blob/master/documentation/SA1200.md) [D:\leaveblackgithub\DDNCadAddins\src\DDNCadAddins\DDNCadAddins\DDNCadAddins.csproj]
D:\leaveblackgithub\DDNCadAddins\src\DDNCadAddins\DDNCadAddins\Commands\XClipCommand.cs(2,1): warning SA1200: Using directive should appear within a namespace declaration (https://github.com/DotNetAnalyzers/StyleCopAnalyzers/blob/master/documentation/SA1200.md) [D:\leaveblackgithub\DDNCadAddins\src\DDNCadAddins\DDNCadAddins\DDNCadAddins.csproj]
D:\leaveblackgithub\DDNCadAddins\src\DDNCadAddins\DDNCadAddins\Commands\XClipCommand.cs(3,1): warning SA1200: Using directive should appear within a namespace declaration (https://github.com/DotNetAnalyzers/StyleCopAnalyzers/blob/master/documentation/SA1200.md) [D:\leaveblackgithub\DDNCadAddins\src\DDNCadAddins\DDNCadAddins\DDNCadAddins.csproj]
D:\leaveblackgithub\DDNCadAddins\src\DDNCadAddins\DDNCadAddins\Commands\XClipCommand.cs(4,1): warning SA1200: Using directive should appear within a namespace declaration (https://github.com/DotNetAnalyzers/StyleCopAnalyzers/blob/master/documentation/SA1200.md) [D:\leaveblackgithub\DDNCadAddins\src\DDNCadAddins\DDNCadAddins\DDNCadAddins.csproj]
D:\leaveblackgithub\DDNCadAddins\src\DDNCadAddins\DDNCadAddins\Commands\XClipCommand.cs(5,1): warning SA1200: Using directive should appear within a namespace declaration (https://github.com/DotNetAnalyzers/StyleCopAnalyzers/blob/master/documentation/SA1200.md) [D:\leaveblackgithub\DDNCadAddins\src\DDNCadAddins\DDNCadAddins\DDNCadAddins.csproj]
D:\leaveblackgithub\DDNCadAddins\src\DDNCadAddins\DDNCadAddins\Commands\XClipCommand.cs(6,1): warning SA1200: Using directive should appear within a namespace declaration (https://github.com/DotNetAnalyzers/StyleCopAnalyzers/blob/master/documentation/SA1200.md) [D:\leaveblackgithub\DDNCadAddins\src\DDNCadAddins\DDNCadAddins\DDNCadAddins.csproj]
D:\leaveblackgithub\DDNCadAddins\src\DDNCadAddins\DDNCadAddins\Commands\XClipCommand.cs(7,1): warning SA1200: Using directive should appear within a namespace declaration (https://github.com/DotNetAnalyzers/StyleCopAnalyzers/blob/master/documentation/SA1200.md) [D:\leaveblackgithub\DDNCadAddins\src\DDNCadAddins\DDNCadAddins\DDNCadAddins.csproj]
D:\leaveblackgithub\DDNCadAddins\src\DDNCadAddins\DDNCadAddins\Commands\XClipCommand.cs(8,1): warning SA1200: Using directive should appear within a namespace declaration (https://github.com/DotNetAnalyzers/StyleCopAnalyzers/blob/master/documentation/SA1200.md) [D:\leaveblackgithub\DDNCadAddins\src\DDNCadAddins\DDNCadAddins\DDNCadAddins.csproj]
D:\leaveblackgithub\DDNCadAddins\src\DDNCadAddins\DDNCadAddins\Commands\XClipCommand.cs(9,1): warning SA1200: Using directive should appear within a namespace declaration (https://github.com/DotNetAnalyzers/StyleCopAnalyzers/blob/master/documentation/SA1200.md) [D:\leaveblackgithub\DDNCadAddins\src\DDNCadAddins\DDNCadAddins\DDNCadAddins.csproj]
D:\leaveblackgithub\DDNCadAddins\src\DDNCadAddins\DDNCadAddins\Commands\XClipCommand.cs(10,1): warning SA1200: Using directive should appear within a namespace declaration (https://github.com/DotNetAnalyzers/StyleCopAnalyzers/blob/master/documentation/SA1200.md) [D:\leaveblackgithub\DDNCadAddins\src\DDNCadAddins\DDNCadAddins\DDNCadAddins.csproj]
D:\leaveblackgithub\DDNCadAddins\src\DDNCadAddins\DDNCadAddins\Commands\XClipCommand.cs(11,1): warning SA1200: Using directive should appear within a namespace declaration (https://github.com/DotNetAnalyzers/StyleCopAnalyzers/blob/master/documentation/SA1200.md) [D:\leaveblackgithub\DDNCadAddins\src\DDNCadAddins\DDNCadAddins\DDNCadAddins.csproj]
D:\leaveblackgithub\DDNCadAddins\src\DDNCadAddins\DDNCadAddins\Commands\XClipCommand.cs(13,1): warning SA1200: Using directive should appear within a namespace declaration (https://github.com/DotNetAnalyzers/StyleCopAnalyzers/blob/master/documentation/SA1200.md) [D:\leaveblackgithub\DDNCadAddins\src\DDNCadAddins\DDNCadAddins\DDNCadAddins.csproj]
D:\leaveblackgithub\DDNCadAddins\src\DDNCadAddins\DDNCadAddins\Commands\XClipCommand.cs(14,1): warning SA1200: Using directive should appear within a namespace declaration (https://github.com/DotNetAnalyzers/StyleCopAnalyzers/blob/master/documentation/SA1200.md) [D:\leaveblackgithub\DDNCadAddins\src\DDNCadAddins\DDNCadAddins\DDNCadAddins.csproj]
D:\leaveblackgithub\DDNCadAddins\src\DDNCadAddins\DDNCadAddins\Commands\XClipCommand.cs(9,1): warning SA1210: Using directives should be ordered alphabetically by the namespaces. (https://github.com/DotNetAnalyzers/StyleCopAnalyzers/blob/master/documentation/SA1210.md) [D:\leaveblackgithub\DDNCadAddins\src\DDNCadAddins\DDNCadAddins\DDNCadAddins.csproj]
D:\leaveblackgithub\DDNCadAddins\src\DDNCadAddins\DDNCadAddins\Commands\XClipTest\TestCommandBase.cs(1,1): warning SA1200: Using directive should appear within a namespace declaration (https://github.com/DotNetAnalyzers/StyleCopAnalyzers/blob/master/documentation/SA1200.md) [D:\leaveblackgithub\DDNCadAddins\src\DDNCadAddins\DDNCadAddins\DDNCadAddins.csproj]
D:\leaveblackgithub\DDNCadAddins\src\DDNCadAddins\DDNCadAddins\Commands\XClipTest\TestCommandBase.cs(2,1): warning SA1200: Using directive should appear within a namespace declaration (https://github.com/DotNetAnalyzers/StyleCopAnalyzers/blob/master/documentation/SA1200.md) [D:\leaveblackgithub\DDNCadAddins\src\DDNCadAddins\DDNCadAddins\DDNCadAddins.csproj]
D:\leaveblackgithub\DDNCadAddins\src\DDNCadAddins\DDNCadAddins\Commands\XClipTest\TestCommandBase.cs(3,1): warning SA1200: Using directive should appear within a namespace declaration (https://github.com/DotNetAnalyzers/StyleCopAnalyzers/blob/master/documentation/SA1200.md) [D:\leaveblackgithub\DDNCadAddins\src\DDNCadAddins\DDNCadAddins\DDNCadAddins.csproj]
D:\leaveblackgithub\DDNCadAddins\src\DDNCadAddins\DDNCadAddins\Commands\XClipTest\TestCommandBase.cs(4,1): warning SA1200: Using directive should appear within a namespace declaration (https://github.com/DotNetAnalyzers/StyleCopAnalyzers/blob/master/documentation/SA1200.md) [D:\leaveblackgithub\DDNCadAddins\src\DDNCadAddins\DDNCadAddins\DDNCadAddins.csproj]
D:\leaveblackgithub\DDNCadAddins\src\DDNCadAddins\DDNCadAddins\Commands\XClipTest\TestCommandBase.cs(5,1): warning SA1200: Using directive should appear within a namespace declaration (https://github.com/DotNetAnalyzers/StyleCopAnalyzers/blob/master/documentation/SA1200.md) [D:\leaveblackgithub\DDNCadAddins\src\DDNCadAddins\DDNCadAddins\DDNCadAddins.csproj]
D:\leaveblackgithub\DDNCadAddins\src\DDNCadAddins\DDNCadAddins\Commands\XClipTest\TestCommandBase.cs(6,1): warning SA1200: Using directive should appear within a namespace declaration (https://github.com/DotNetAnalyzers/StyleCopAnalyzers/blob/master/documentation/SA1200.md) [D:\leaveblackgithub\DDNCadAddins\src\DDNCadAddins\DDNCadAddins\DDNCadAddins.csproj]
D:\leaveblackgithub\DDNCadAddins\src\DDNCadAddins\DDNCadAddins\Commands\XClipTest\TestCommandBase.cs(7,1): warning SA1200: Using directive should appear within a namespace declaration (https://github.com/DotNetAnalyzers/StyleCopAnalyzers/blob/master/documentation/SA1200.md) [D:\leaveblackgithub\DDNCadAddins\src\DDNCadAddins\DDNCadAddins\DDNCadAddins.csproj]
D:\leaveblackgithub\DDNCadAddins\src\DDNCadAddins\DDNCadAddins\Commands\XClipTest\TestCommandBase.cs(6,1): warning SA1210: Using directives should be ordered alphabetically by the namespaces. (https://github.com/DotNetAnalyzers/StyleCopAnalyzers/blob/master/documentation/SA1210.md) [D:\leaveblackgithub\DDNCadAddins\src\DDNCadAddins\DDNCadAddins\DDNCadAddins.csproj]
D:\leaveblackgithub\DDNCadAddins\src\DDNCadAddins\DDNCadAddins\Commands\XClipTestCommand.cs(1,1): warning SA1200: Using directive should appear within a namespace declaration (https://github.com/DotNetAnalyzers/StyleCopAnalyzers/blob/master/documentation/SA1200.md) [D:\leaveblackgithub\DDNCadAddins\src\DDNCadAddins\DDNCadAddins\DDNCadAddins.csproj]
D:\leaveblackgithub\DDNCadAddins\src\DDNCadAddins\DDNCadAddins\Commands\XClipTestCommand.cs(2,1): warning SA1200: Using directive should appear within a namespace declaration (https://github.com/DotNetAnalyzers/StyleCopAnalyzers/blob/master/documentation/SA1200.md) [D:\leaveblackgithub\DDNCadAddins\src\DDNCadAddins\DDNCadAddins\DDNCadAddins.csproj]
D:\leaveblackgithub\DDNCadAddins\src\DDNCadAddins\DDNCadAddins\Commands\XClipTestCommand.cs(3,1): warning SA1200: Using directive should appear within a namespace declaration (https://github.com/DotNetAnalyzers/StyleCopAnalyzers/blob/master/documentation/SA1200.md) [D:\leaveblackgithub\DDNCadAddins\src\DDNCadAddins\DDNCadAddins\DDNCadAddins.csproj]
D:\leaveblackgithub\DDNCadAddins\src\DDNCadAddins\DDNCadAddins\Commands\XClipTestCommand.cs(4,1): warning SA1200: Using directive should appear within a namespace declaration (https://github.com/DotNetAnalyzers/StyleCopAnalyzers/blob/master/documentation/SA1200.md) [D:\leaveblackgithub\DDNCadAddins\src\DDNCadAddins\DDNCadAddins\DDNCadAddins.csproj]
D:\leaveblackgithub\DDNCadAddins\src\DDNCadAddins\DDNCadAddins\Commands\XClipTestCommand.cs(5,1): warning SA1200: Using directive should appear within a namespace declaration (https://github.com/DotNetAnalyzers/StyleCopAnalyzers/blob/master/documentation/SA1200.md) [D:\leaveblackgithub\DDNCadAddins\src\DDNCadAddins\DDNCadAddins\DDNCadAddins.csproj]
D:\leaveblackgithub\DDNCadAddins\src\DDNCadAddins\DDNCadAddins\Commands\XClipTestCommand.cs(6,1): warning SA1200: Using directive should appear within a namespace declaration (https://github.com/DotNetAnalyzers/StyleCopAnalyzers/blob/master/documentation/SA1200.md) [D:\leaveblackgithub\DDNCadAddins\src\DDNCadAddins\DDNCadAddins\DDNCadAddins.csproj]
D:\leaveblackgithub\DDNCadAddins\src\DDNCadAddins\DDNCadAddins\Commands\XClipTestCommand.cs(7,1): warning SA1200: Using directive should appear within a namespace declaration (https://github.com/DotNetAnalyzers/StyleCopAnalyzers/blob/master/documentation/SA1200.md) [D:\leaveblackgithub\DDNCadAddins\src\DDNCadAddins\DDNCadAddins\DDNCadAddins.csproj]
D:\leaveblackgithub\DDNCadAddins\src\DDNCadAddins\DDNCadAddins\Commands\XClipTestCommand.cs(8,1): warning SA1200: Using directive should appear within a namespace declaration (https://github.com/DotNetAnalyzers/StyleCopAnalyzers/blob/master/documentation/SA1200.md) [D:\leaveblackgithub\DDNCadAddins\src\DDNCadAddins\DDNCadAddins\DDNCadAddins.csproj]
D:\leaveblackgithub\DDNCadAddins\src\DDNCadAddins\DDNCadAddins\Commands\XClipTestCommand.cs(9,1): warning SA1200: Using directive should appear within a namespace declaration (https://github.com/DotNetAnalyzers/StyleCopAnalyzers/blob/master/documentation/SA1200.md) [D:\leaveblackgithub\DDNCadAddins\src\DDNCadAddins\DDNCadAddins\DDNCadAddins.csproj]
D:\leaveblackgithub\DDNCadAddins\src\DDNCadAddins\DDNCadAddins\Commands\XClipTestCommand.cs(10,1): warning SA1200: Using directive should appear within a namespace declaration (https://github.com/DotNetAnalyzers/StyleCopAnalyzers/blob/master/documentation/SA1200.md) [D:\leaveblackgithub\DDNCadAddins\src\DDNCadAddins\DDNCadAddins\DDNCadAddins.csproj]
D:\leaveblackgithub\DDNCadAddins\src\DDNCadAddins\DDNCadAddins\Commands\XClipTestCommand.cs(11,1): warning SA1200: Using directive should appear within a namespace declaration (https://github.com/DotNetAnalyzers/StyleCopAnalyzers/blob/master/documentation/SA1200.md) [D:\leaveblackgithub\DDNCadAddins\src\DDNCadAddins\DDNCadAddins\DDNCadAddins.csproj]
D:\leaveblackgithub\DDNCadAddins\src\DDNCadAddins\DDNCadAddins\Commands\XClipTestCommand.cs(12,1): warning SA1200: Using directive should appear within a namespace declaration (https://github.com/DotNetAnalyzers/StyleCopAnalyzers/blob/master/documentation/SA1200.md) [D:\leaveblackgithub\DDNCadAddins\src\DDNCadAddins\DDNCadAddins\DDNCadAddins.csproj]
D:\leaveblackgithub\DDNCadAddins\src\DDNCadAddins\DDNCadAddins\Commands\XClipTestCommand.cs(13,1): warning SA1200: Using directive should appear within a namespace declaration (https://github.com/DotNetAnalyzers/StyleCopAnalyzers/blob/master/documentation/SA1200.md) [D:\leaveblackgithub\DDNCadAddins\src\DDNCadAddins\DDNCadAddins\DDNCadAddins.csproj]
D:\leaveblackgithub\DDNCadAddins\src\DDNCadAddins\DDNCadAddins\Commands\XClipTestCommand.cs(11,1): warning SA1210: Using directives should be ordered alphabetically by the namespaces. (https://github.com/DotNetAnalyzers/StyleCopAnalyzers/blob/master/documentation/SA1210.md) [D:\leaveblackgithub\DDNCadAddins\src\DDNCadAddins\DDNCadAddins\DDNCadAddins.csproj]
D:\leaveblackgithub\DDNCadAddins\src\DDNCadAddins\DDNCadAddins\Commands\XClipTest\XClipTestCommon.cs(1,1): warning SA1200: Using directive should appear within a namespace declaration (https://github.com/DotNetAnalyzers/StyleCopAnalyzers/blob/master/documentation/SA1200.md) [D:\leaveblackgithub\DDNCadAddins\src\DDNCadAddins\DDNCadAddins\DDNCadAddins.csproj]
D:\leaveblackgithub\DDNCadAddins\src\DDNCadAddins\DDNCadAddins\Commands\XClipTest\XClipTestCommon.cs(2,1): warning SA1200: Using directive should appear within a namespace declaration (https://github.com/DotNetAnalyzers/StyleCopAnalyzers/blob/master/documentation/SA1200.md) [D:\leaveblackgithub\DDNCadAddins\src\DDNCadAddins\DDNCadAddins\DDNCadAddins.csproj]
D:\leaveblackgithub\DDNCadAddins\src\DDNCadAddins\DDNCadAddins\Commands\XClipTest\XClipTestCommon.cs(3,1): warning SA1200: Using directive should appear within a namespace declaration (https://github.com/DotNetAnalyzers/StyleCopAnalyzers/blob/master/documentation/SA1200.md) [D:\leaveblackgithub\DDNCadAddins\src\DDNCadAddins\DDNCadAddins\DDNCadAddins.csproj]
D:\leaveblackgithub\DDNCadAddins\src\DDNCadAddins\DDNCadAddins\Commands\XClipTest\XClipTestCommon.cs(4,1): warning SA1200: Using directive should appear within a namespace declaration (https://github.com/DotNetAnalyzers/StyleCopAnalyzers/blob/master/documentation/SA1200.md) [D:\leaveblackgithub\DDNCadAddins\src\DDNCadAddins\DDNCadAddins\DDNCadAddins.csproj]
D:\leaveblackgithub\DDNCadAddins\src\DDNCadAddins\DDNCadAddins\Commands\XClipTest\XClipTestCreator.cs(1,1): warning SA1200: Using directive should appear within a namespace declaration (https://github.com/DotNetAnalyzers/StyleCopAnalyzers/blob/master/documentation/SA1200.md) [D:\leaveblackgithub\DDNCadAddins\src\DDNCadAddins\DDNCadAddins\DDNCadAddins.csproj]
D:\leaveblackgithub\DDNCadAddins\src\DDNCadAddins\DDNCadAddins\Commands\XClipTest\XClipTestCreator.cs(2,1): warning SA1200: Using directive should appear within a namespace declaration (https://github.com/DotNetAnalyzers/StyleCopAnalyzers/blob/master/documentation/SA1200.md) [D:\leaveblackgithub\DDNCadAddins\src\DDNCadAddins\DDNCadAddins\DDNCadAddins.csproj]
D:\leaveblackgithub\DDNCadAddins\src\DDNCadAddins\DDNCadAddins\Commands\XClipTest\XClipTestCreator.cs(3,1): warning SA1200: Using directive should appear within a namespace declaration (https://github.com/DotNetAnalyzers/StyleCopAnalyzers/blob/master/documentation/SA1200.md) [D:\leaveblackgithub\DDNCadAddins\src\DDNCadAddins\DDNCadAddins\DDNCadAddins.csproj]
D:\leaveblackgithub\DDNCadAddins\src\DDNCadAddins\DDNCadAddins\Commands\XClipTest\XClipTestCreator.cs(4,1): warning SA1200: Using directive should appear within a namespace declaration (https://github.com/DotNetAnalyzers/StyleCopAnalyzers/blob/master/documentation/SA1200.md) [D:\leaveblackgithub\DDNCadAddins\src\DDNCadAddins\DDNCadAddins\DDNCadAddins.csproj]
D:\leaveblackgithub\DDNCadAddins\src\DDNCadAddins\DDNCadAddins\Commands\XClipTest\XClipTestCreator.cs(5,1): warning SA1200: Using directive should appear within a namespace declaration (https://github.com/DotNetAnalyzers/StyleCopAnalyzers/blob/master/documentation/SA1200.md) [D:\leaveblackgithub\DDNCadAddins\src\DDNCadAddins\DDNCadAddins\DDNCadAddins.csproj]
D:\leaveblackgithub\DDNCadAddins\src\DDNCadAddins\DDNCadAddins\Commands\XClipTest\XClipTestCreator.cs(6,1): warning SA1200: Using directive should appear within a namespace declaration (https://github.com/DotNetAnalyzers/StyleCopAnalyzers/blob/master/documentation/SA1200.md) [D:\leaveblackgithub\DDNCadAddins\src\DDNCadAddins\DDNCadAddins\DDNCadAddins.csproj]
D:\leaveblackgithub\DDNCadAddins\src\DDNCadAddins\DDNCadAddins\Commands\XClipTest\XClipTestCreator.cs(7,1): warning SA1200: Using directive should appear within a namespace declaration (https://github.com/DotNetAnalyzers/StyleCopAnalyzers/blob/master/documentation/SA1200.md) [D:\leaveblackgithub\DDNCadAddins\src\DDNCadAddins\DDNCadAddins\DDNCadAddins.csproj]
D:\leaveblackgithub\DDNCadAddins\src\DDNCadAddins\DDNCadAddins\Commands\XClipTest\XClipTestCreator.cs(8,1): warning SA1200: Using directive should appear within a namespace declaration (https://github.com/DotNetAnalyzers/StyleCopAnalyzers/blob/master/documentation/SA1200.md) [D:\leaveblackgithub\DDNCadAddins\src\DDNCadAddins\DDNCadAddins\DDNCadAddins.csproj]
D:\leaveblackgithub\DDNCadAddins\src\DDNCadAddins\DDNCadAddins\Commands\XClipTest\XClipTestCreator.cs(9,1): warning SA1200: Using directive should appear within a namespace declaration (https://github.com/DotNetAnalyzers/StyleCopAnalyzers/blob/master/documentation/SA1200.md) [D:\leaveblackgithub\DDNCadAddins\src\DDNCadAddins\DDNCadAddins\DDNCadAddins.csproj]
D:\leaveblackgithub\DDNCadAddins\src\DDNCadAddins\DDNCadAddins\Commands\XClipTest\XClipTestCreator2.cs(1,1): warning SA1200: Using directive should appear within a namespace declaration (https://github.com/DotNetAnalyzers/StyleCopAnalyzers/blob/master/documentation/SA1200.md) [D:\leaveblackgithub\DDNCadAddins\src\DDNCadAddins\DDNCadAddins\DDNCadAddins.csproj]
D:\leaveblackgithub\DDNCadAddins\src\DDNCadAddins\DDNCadAddins\Commands\XClipTest\XClipTestCreator2.cs(2,1): warning SA1200: Using directive should appear within a namespace declaration (https://github.com/DotNetAnalyzers/StyleCopAnalyzers/blob/master/documentation/SA1200.md) [D:\leaveblackgithub\DDNCadAddins\src\DDNCadAddins\DDNCadAddins\DDNCadAddins.csproj]
D:\leaveblackgithub\DDNCadAddins\src\DDNCadAddins\DDNCadAddins\Commands\XClipTest\XClipTestCreator2.cs(3,1): warning SA1200: Using directive should appear within a namespace declaration (https://github.com/DotNetAnalyzers/StyleCopAnalyzers/blob/master/documentation/SA1200.md) [D:\leaveblackgithub\DDNCadAddins\src\DDNCadAddins\DDNCadAddins\DDNCadAddins.csproj]
D:\leaveblackgithub\DDNCadAddins\src\DDNCadAddins\DDNCadAddins\Commands\XClipTest\XClipTestCreator2.cs(4,1): warning SA1200: Using directive should appear within a namespace declaration (https://github.com/DotNetAnalyzers/StyleCopAnalyzers/blob/master/documentation/SA1200.md) [D:\leaveblackgithub\DDNCadAddins\src\DDNCadAddins\DDNCadAddins\DDNCadAddins.csproj]
D:\leaveblackgithub\DDNCadAddins\src\DDNCadAddins\DDNCadAddins\Commands\XClipTest\XClipTestCreator2.cs(5,1): warning SA1200: Using directive should appear within a namespace declaration (https://github.com/DotNetAnalyzers/StyleCopAnalyzers/blob/master/documentation/SA1200.md) [D:\leaveblackgithub\DDNCadAddins\src\DDNCadAddins\DDNCadAddins\DDNCadAddins.csproj]
D:\leaveblackgithub\DDNCadAddins\src\DDNCadAddins\DDNCadAddins\Commands\XClipTest\XClipTestCreator2.cs(6,1): warning SA1200: Using directive should appear within a namespace declaration (https://github.com/DotNetAnalyzers/StyleCopAnalyzers/blob/master/documentation/SA1200.md) [D:\leaveblackgithub\DDNCadAddins\src\DDNCadAddins\DDNCadAddins\DDNCadAddins.csproj]
D:\leaveblackgithub\DDNCadAddins\src\DDNCadAddins\DDNCadAddins\Commands\XClipTest\XClipTestCreator2.cs(7,1): warning SA1200: Using directive should appear within a namespace declaration (https://github.com/DotNetAnalyzers/StyleCopAnalyzers/blob/master/documentation/SA1200.md) [D:\leaveblackgithub\DDNCadAddins\src\DDNCadAddins\DDNCadAddins\DDNCadAddins.csproj]
D:\leaveblackgithub\DDNCadAddins\src\DDNCadAddins\DDNCadAddins\Commands\XClipTest\XClipTestCreator2.cs(8,1): warning SA1200: Using directive should appear within a namespace declaration (https://github.com/DotNetAnalyzers/StyleCopAnalyzers/blob/master/documentation/SA1200.md) [D:\leaveblackgithub\DDNCadAddins\src\DDNCadAddins\DDNCadAddins\DDNCadAddins.csproj]
D:\leaveblackgithub\DDNCadAddins\src\DDNCadAddins\DDNCadAddins\Commands\XClipTest\XClipTestCreator3.cs(1,1): warning SA1200: Using directive should appear within a namespace declaration (https://github.com/DotNetAnalyzers/StyleCopAnalyzers/blob/master/documentation/SA1200.md) [D:\leaveblackgithub\DDNCadAddins\src\DDNCadAddins\DDNCadAddins\DDNCadAddins.csproj]
D:\leaveblackgithub\DDNCadAddins\src\DDNCadAddins\DDNCadAddins\Commands\XClipTest\XClipTestCreator3.cs(2,1): warning SA1200: Using directive should appear within a namespace declaration (https://github.com/DotNetAnalyzers/StyleCopAnalyzers/blob/master/documentation/SA1200.md) [D:\leaveblackgithub\DDNCadAddins\src\DDNCadAddins\DDNCadAddins\DDNCadAddins.csproj]
D:\leaveblackgithub\DDNCadAddins\src\DDNCadAddins\DDNCadAddins\Commands\XClipTest\XClipTestCreator3.cs(3,1): warning SA1200: Using directive should appear within a namespace declaration (https://github.com/DotNetAnalyzers/StyleCopAnalyzers/blob/master/documentation/SA1200.md) [D:\leaveblackgithub\DDNCadAddins\src\DDNCadAddins\DDNCadAddins\DDNCadAddins.csproj]
D:\leaveblackgithub\DDNCadAddins\src\DDNCadAddins\DDNCadAddins\Commands\XClipTest\XClipTestCreator3.cs(4,1): warning SA1200: Using directive should appear within a namespace declaration (https://github.com/DotNetAnalyzers/StyleCopAnalyzers/blob/master/documentation/SA1200.md) [D:\leaveblackgithub\DDNCadAddins\src\DDNCadAddins\DDNCadAddins\DDNCadAddins.csproj]
D:\leaveblackgithub\DDNCadAddins\src\DDNCadAddins\DDNCadAddins\Commands\XClipTest\XClipTestCreator3.cs(5,1): warning SA1200: Using directive should appear within a namespace declaration (https://github.com/DotNetAnalyzers/StyleCopAnalyzers/blob/master/documentation/SA1200.md) [D:\leaveblackgithub\DDNCadAddins\src\DDNCadAddins\DDNCadAddins\DDNCadAddins.csproj]
D:\leaveblackgithub\DDNCadAddins\src\DDNCadAddins\DDNCadAddins\Commands\XClipTest\XClipTestCreator3.cs(6,1): warning SA1200: Using directive should appear within a namespace declaration (https://github.com/DotNetAnalyzers/StyleCopAnalyzers/blob/master/documentation/SA1200.md) [D:\leaveblackgithub\DDNCadAddins\src\DDNCadAddins\DDNCadAddins\DDNCadAddins.csproj]
D:\leaveblackgithub\DDNCadAddins\src\DDNCadAddins\DDNCadAddins\Commands\XClipTest\XClipTestCreator3.cs(7,1): warning SA1200: Using directive should appear within a namespace declaration (https://github.com/DotNetAnalyzers/StyleCopAnalyzers/blob/master/documentation/SA1200.md) [D:\leaveblackgithub\DDNCadAddins\src\DDNCadAddins\DDNCadAddins\DDNCadAddins.csproj]
D:\leaveblackgithub\DDNCadAddins\src\DDNCadAddins\DDNCadAddins\Commands\XClipTest\XClipTestCreator3.cs(8,1): warning SA1200: Using directive should appear within a namespace declaration (https://github.com/DotNetAnalyzers/StyleCopAnalyzers/blob/master/documentation/SA1200.md) [D:\leaveblackgithub\DDNCadAddins\src\DDNCadAddins\DDNCadAddins\DDNCadAddins.csproj]
D:\leaveblackgithub\DDNCadAddins\src\DDNCadAddins\DDNCadAddins\Commands\XClipTest\XClipTestCreator4.cs(1,1): warning SA1200: Using directive should appear within a namespace declaration (https://github.com/DotNetAnalyzers/StyleCopAnalyzers/blob/master/documentation/SA1200.md) [D:\leaveblackgithub\DDNCadAddins\src\DDNCadAddins\DDNCadAddins\DDNCadAddins.csproj]
D:\leaveblackgithub\DDNCadAddins\src\DDNCadAddins\DDNCadAddins\Commands\XClipTest\XClipTestCreator4.cs(2,1): warning SA1200: Using directive should appear within a namespace declaration (https://github.com/DotNetAnalyzers/StyleCopAnalyzers/blob/master/documentation/SA1200.md) [D:\leaveblackgithub\DDNCadAddins\src\DDNCadAddins\DDNCadAddins\DDNCadAddins.csproj]
D:\leaveblackgithub\DDNCadAddins\src\DDNCadAddins\DDNCadAddins\Commands\XClipTest\XClipTestCreator4.cs(3,1): warning SA1200: Using directive should appear within a namespace declaration (https://github.com/DotNetAnalyzers/StyleCopAnalyzers/blob/master/documentation/SA1200.md) [D:\leaveblackgithub\DDNCadAddins\src\DDNCadAddins\DDNCadAddins\DDNCadAddins.csproj]
D:\leaveblackgithub\DDNCadAddins\src\DDNCadAddins\DDNCadAddins\Commands\XClipTest\XClipTestCreator4.cs(4,1): warning SA1200: Using directive should appear within a namespace declaration (https://github.com/DotNetAnalyzers/StyleCopAnalyzers/blob/master/documentation/SA1200.md) [D:\leaveblackgithub\DDNCadAddins\src\DDNCadAddins\DDNCadAddins\DDNCadAddins.csproj]
D:\leaveblackgithub\DDNCadAddins\src\DDNCadAddins\DDNCadAddins\Commands\XClipTest\XClipTestValidator.cs(1,1): warning SA1200: Using directive should appear within a namespace declaration (https://github.com/DotNetAnalyzers/StyleCopAnalyzers/blob/master/documentation/SA1200.md) [D:\leaveblackgithub\DDNCadAddins\src\DDNCadAddins\DDNCadAddins\DDNCadAddins.csproj]
D:\leaveblackgithub\DDNCadAddins\src\DDNCadAddins\DDNCadAddins\Commands\XClipTest\XClipTestValidator.cs(2,1): warning SA1200: Using directive should appear within a namespace declaration (https://github.com/DotNetAnalyzers/StyleCopAnalyzers/blob/master/documentation/SA1200.md) [D:\leaveblackgithub\DDNCadAddins\src\DDNCadAddins\DDNCadAddins\DDNCadAddins.csproj]
D:\leaveblackgithub\DDNCadAddins\src\DDNCadAddins\DDNCadAddins\Commands\XClipTest\XClipTestValidator.cs(3,1): warning SA1200: Using directive should appear within a namespace declaration (https://github.com/DotNetAnalyzers/StyleCopAnalyzers/blob/master/documentation/SA1200.md) [D:\leaveblackgithub\DDNCadAddins\src\DDNCadAddins\DDNCadAddins\DDNCadAddins.csproj]
D:\leaveblackgithub\DDNCadAddins\src\DDNCadAddins\DDNCadAddins\Commands\XClipTest\XClipTestValidator.cs(4,1): warning SA1200: Using directive should appear within a namespace declaration (https://github.com/DotNetAnalyzers/StyleCopAnalyzers/blob/master/documentation/SA1200.md) [D:\leaveblackgithub\DDNCadAddins\src\DDNCadAddins\DDNCadAddins\DDNCadAddins.csproj]
D:\leaveblackgithub\DDNCadAddins\src\DDNCadAddins\DDNCadAddins\Commands\XClipTest\XClipTestValidator.cs(5,1): warning SA1200: Using directive should appear within a namespace declaration (https://github.com/DotNetAnalyzers/StyleCopAnalyzers/blob/master/documentation/SA1200.md) [D:\leaveblackgithub\DDNCadAddins\src\DDNCadAddins\DDNCadAddins\DDNCadAddins.csproj]
D:\leaveblackgithub\DDNCadAddins\src\DDNCadAddins\DDNCadAddins\Commands\XClipTest\XClipTestValidator.cs(6,1): warning SA1200: Using directive should appear within a namespace declaration (https://github.com/DotNetAnalyzers/StyleCopAnalyzers/blob/master/documentation/SA1200.md) [D:\leaveblackgithub\DDNCadAddins\src\DDNCadAddins\DDNCadAddins\DDNCadAddins.csproj]
D:\leaveblackgithub\DDNCadAddins\src\DDNCadAddins\DDNCadAddins\Commands\XClipTest\XClipTestValidator.cs(7,1): warning SA1200: Using directive should appear within a namespace declaration (https://github.com/DotNetAnalyzers/StyleCopAnalyzers/blob/master/documentation/SA1200.md) [D:\leaveblackgithub\DDNCadAddins\src\DDNCadAddins\DDNCadAddins\DDNCadAddins.csproj]
D:\leaveblackgithub\DDNCadAddins\src\DDNCadAddins\DDNCadAddins\Commands\TestRunner.cs(1,1): warning SA1200: Using directive should appear within a namespace declaration (https://github.com/DotNetAnalyzers/StyleCopAnalyzers/blob/master/documentation/SA1200.md) [D:\leaveblackgithub\DDNCadAddins\src\DDNCadAddins\DDNCadAddins\DDNCadAddins.csproj]
D:\leaveblackgithub\DDNCadAddins\src\DDNCadAddins\DDNCadAddins\Commands\TestRunner.cs(2,1): warning SA1200: Using directive should appear within a namespace declaration (https://github.com/DotNetAnalyzers/StyleCopAnalyzers/blob/master/documentation/SA1200.md) [D:\leaveblackgithub\DDNCadAddins\src\DDNCadAddins\DDNCadAddins\DDNCadAddins.csproj]
D:\leaveblackgithub\DDNCadAddins\src\DDNCadAddins\DDNCadAddins\Commands\TestRunner.cs(3,1): warning SA1200: Using directive should appear within a namespace declaration (https://github.com/DotNetAnalyzers/StyleCopAnalyzers/blob/master/documentation/SA1200.md) [D:\leaveblackgithub\DDNCadAddins\src\DDNCadAddins\DDNCadAddins\DDNCadAddins.csproj]
D:\leaveblackgithub\DDNCadAddins\src\DDNCadAddins\DDNCadAddins\Commands\TestRunner.cs(4,1): warning SA1200: Using directive should appear within a namespace declaration (https://github.com/DotNetAnalyzers/StyleCopAnalyzers/blob/master/documentation/SA1200.md) [D:\leaveblackgithub\DDNCadAddins\src\DDNCadAddins\DDNCadAddins\DDNCadAddins.csproj]
D:\leaveblackgithub\DDNCadAddins\src\DDNCadAddins\DDNCadAddins\Commands\TestRunner.cs(5,1): warning SA1200: Using directive should appear within a namespace declaration (https://github.com/DotNetAnalyzers/StyleCopAnalyzers/blob/master/documentation/SA1200.md) [D:\leaveblackgithub\DDNCadAddins\src\DDNCadAddins\DDNCadAddins\DDNCadAddins.csproj]
D:\leaveblackgithub\DDNCadAddins\src\DDNCadAddins\DDNCadAddins\Commands\CommandBase.cs(25,36): warning SA1201: A field should not follow a property (https://github.com/DotNetAnalyzers/StyleCopAnalyzers/blob/master/documentation/SA1201.md) [D:\leaveblackgithub\DDNCadAddins\src\DDNCadAddins\DDNCadAddins\DDNCadAddins.csproj]
D:\leaveblackgithub\DDNCadAddins\src\DDNCadAddins\DDNCadAddins\Commands\TestRunner.cs(6,1): warning SA1200: Using directive should appear within a namespace declaration (https://github.com/DotNetAnalyzers/StyleCopAnalyzers/blob/master/documentation/SA1200.md) [D:\leaveblackgithub\DDNCadAddins\src\DDNCadAddins\DDNCadAddins\DDNCadAddins.csproj]
D:\leaveblackgithub\DDNCadAddins\src\DDNCadAddins\DDNCadAddins\Commands\TestRunner.cs(7,1): warning SA1200: Using directive should appear within a namespace declaration (https://github.com/DotNetAnalyzers/StyleCopAnalyzers/blob/master/documentation/SA1200.md) [D:\leaveblackgithub\DDNCadAddins\src\DDNCadAddins\DDNCadAddins\DDNCadAddins.csproj]
D:\leaveblackgithub\DDNCadAddins\src\DDNCadAddins\DDNCadAddins\Commands\TestRunner.cs(8,1): warning SA1200: Using directive should appear within a namespace declaration (https://github.com/DotNetAnalyzers/StyleCopAnalyzers/blob/master/documentation/SA1200.md) [D:\leaveblackgithub\DDNCadAddins\src\DDNCadAddins\DDNCadAddins\DDNCadAddins.csproj]
D:\leaveblackgithub\DDNCadAddins\src\DDNCadAddins\DDNCadAddins\Commands\TestRunner.cs(9,1): warning SA1200: Using directive should appear within a namespace declaration (https://github.com/DotNetAnalyzers/StyleCopAnalyzers/blob/master/documentation/SA1200.md) [D:\leaveblackgithub\DDNCadAddins\src\DDNCadAddins\DDNCadAddins\DDNCadAddins.csproj]
D:\leaveblackgithub\DDNCadAddins\src\DDNCadAddins\DDNCadAddins\Commands\TestRunner.cs(10,1): warning SA1200: Using directive should appear within a namespace declaration (https://github.com/DotNetAnalyzers/StyleCopAnalyzers/blob/master/documentation/SA1200.md) [D:\leaveblackgithub\DDNCadAddins\src\DDNCadAddins\DDNCadAddins\DDNCadAddins.csproj]
D:\leaveblackgithub\DDNCadAddins\src\DDNCadAddins\DDNCadAddins\Commands\TestRunner.cs(11,1): warning SA1200: Using directive should appear within a namespace declaration (https://github.com/DotNetAnalyzers/StyleCopAnalyzers/blob/master/documentation/SA1200.md) [D:\leaveblackgithub\DDNCadAddins\src\DDNCadAddins\DDNCadAddins\DDNCadAddins.csproj]
D:\leaveblackgithub\DDNCadAddins\src\DDNCadAddins\DDNCadAddins\Commands\TestRunner.cs(12,1): warning SA1200: Using directive should appear within a namespace declaration (https://github.com/DotNetAnalyzers/StyleCopAnalyzers/blob/master/documentation/SA1200.md) [D:\leaveblackgithub\DDNCadAddins\src\DDNCadAddins\DDNCadAddins\DDNCadAddins.csproj]
D:\leaveblackgithub\DDNCadAddins\src\DDNCadAddins\DDNCadAddins\Commands\TestRunner.cs(13,1): warning SA1200: Using directive should appear within a namespace declaration (https://github.com/DotNetAnalyzers/StyleCopAnalyzers/blob/master/documentation/SA1200.md) [D:\leaveblackgithub\DDNCadAddins\src\DDNCadAddins\DDNCadAddins\DDNCadAddins.csproj]
D:\leaveblackgithub\DDNCadAddins\src\DDNCadAddins\DDNCadAddins\Commands\TestRunner.cs(14,1): warning SA1200: Using directive should appear within a namespace declaration (https://github.com/DotNetAnalyzers/StyleCopAnalyzers/blob/master/documentation/SA1200.md) [D:\leaveblackgithub\DDNCadAddins\src\DDNCadAddins\DDNCadAddins\DDNCadAddins.csproj]
D:\leaveblackgithub\DDNCadAddins\src\DDNCadAddins\DDNCadAddins\Commands\TestRunner.cs(16,1): warning SA1200: Using directive should appear within a namespace declaration (https://github.com/DotNetAnalyzers/StyleCopAnalyzers/blob/master/documentation/SA1200.md) [D:\leaveblackgithub\DDNCadAddins\src\DDNCadAddins\DDNCadAddins\DDNCadAddins.csproj]
D:\leaveblackgithub\DDNCadAddins\src\DDNCadAddins\DDNCadAddins\Commands\TestRunner.cs(17,1): warning SA1200: Using directive should appear within a namespace declaration (https://github.com/DotNetAnalyzers/StyleCopAnalyzers/blob/master/documentation/SA1200.md) [D:\leaveblackgithub\DDNCadAddins\src\DDNCadAddins\DDNCadAddins\DDNCadAddins.csproj]
D:\leaveblackgithub\DDNCadAddins\src\DDNCadAddins\DDNCadAddins\Commands\TestRunner.cs(18,1): warning SA1200: Using directive should appear within a namespace declaration (https://github.com/DotNetAnalyzers/StyleCopAnalyzers/blob/master/documentation/SA1200.md) [D:\leaveblackgithub\DDNCadAddins\src\DDNCadAddins\DDNCadAddins\DDNCadAddins.csproj]
D:\leaveblackgithub\DDNCadAddins\src\DDNCadAddins\DDNCadAddins\Commands\TestRunner.cs(19,1): warning SA1200: Using directive should appear within a namespace declaration (https://github.com/DotNetAnalyzers/StyleCopAnalyzers/blob/master/documentation/SA1200.md) [D:\leaveblackgithub\DDNCadAddins\src\DDNCadAddins\DDNCadAddins\DDNCadAddins.csproj]
D:\leaveblackgithub\DDNCadAddins\src\DDNCadAddins\DDNCadAddins\Commands\TestRunner.cs(20,1): warning SA1200: Using directive should appear within a namespace declaration (https://github.com/DotNetAnalyzers/StyleCopAnalyzers/blob/master/documentation/SA1200.md) [D:\leaveblackgithub\DDNCadAddins\src\DDNCadAddins\DDNCadAddins\DDNCadAddins.csproj]
D:\leaveblackgithub\DDNCadAddins\src\DDNCadAddins\DDNCadAddins\Models\OpResult.cs(31,16): warning SA1201: A constructor should not follow a property (https://github.com/DotNetAnalyzers/StyleCopAnalyzers/blob/master/documentation/SA1201.md) [D:\leaveblackgithub\DDNCadAddins\src\DDNCadAddins\DDNCadAddins\DDNCadAddins.csproj]
D:\leaveblackgithub\DDNCadAddins\src\DDNCadAddins\DDNCadAddins\Commands\TestRunner.cs(17,1): warning SA1209: Using alias directives should be placed after all using namespace directives. (https://github.com/DotNetAnalyzers/StyleCopAnalyzers/blob/master/documentation/SA1209.md) [D:\leaveblackgithub\DDNCadAddins\src\DDNCadAddins\DDNCadAddins\DDNCadAddins.csproj]
D:\leaveblackgithub\DDNCadAddins\src\DDNCadAddins\DDNCadAddins\Commands\TestRunner.cs(10,1): warning SA1210: Using directives should be ordered alphabetically by the namespaces. (https://github.com/DotNetAnalyzers/StyleCopAnalyzers/blob/master/documentation/SA1210.md) [D:\leaveblackgithub\DDNCadAddins\src\DDNCadAddins\DDNCadAddins\DDNCadAddins.csproj]
D:\leaveblackgithub\DDNCadAddins\src\DDNCadAddins\DDNCadAddins\Commands\TestRunner.cs(11,1): warning SA1210: Using directives should be ordered alphabetically by the namespaces. (https://github.com/DotNetAnalyzers/StyleCopAnalyzers/blob/master/documentation/SA1210.md) [D:\leaveblackgithub\DDNCadAddins\src\DDNCadAddins\DDNCadAddins\DDNCadAddins.csproj]
D:\leaveblackgithub\DDNCadAddins\src\DDNCadAddins\DDNCadAddins\DDNCadAppLoader.cs(75,35): warning SA1201: A method should not follow a class (https://github.com/DotNetAnalyzers/StyleCopAnalyzers/blob/master/documentation/SA1201.md) [D:\leaveblackgithub\DDNCadAddins\src\DDNCadAddins\DDNCadAddins\DDNCadAddins.csproj]
D:\leaveblackgithub\DDNCadAddins\src\DDNCadAddins\DDNCadAddins\Commands\TestRunner.cs(5,1): warning SA1210: Using directives should be ordered alphabetically by the namespaces. (https://github.com/DotNetAnalyzers/StyleCopAnalyzers/blob/master/documentation/SA1210.md) [D:\leaveblackgithub\DDNCadAddins\src\DDNCadAddins\DDNCadAddins\DDNCadAddins.csproj]
D:\leaveblackgithub\DDNCadAddins\src\DDNCadAddins\DDNCadAddins\Commands\TestRunner.cs(6,1): warning SA1210: Using directives should be ordered alphabetically by the namespaces. (https://github.com/DotNetAnalyzers/StyleCopAnalyzers/blob/master/documentation/SA1210.md) [D:\leaveblackgithub\DDNCadAddins\src\DDNCadAddins\DDNCadAddins\DDNCadAddins.csproj]
D:\leaveblackgithub\DDNCadAddins\src\DDNCadAddins\DDNCadAddins\Models\OpResult.cs(55,16): warning SA1201: A constructor should not follow a property (https://github.com/DotNetAnalyzers/StyleCopAnalyzers/blob/master/documentation/SA1201.md) [D:\leaveblackgithub\DDNCadAddins\src\DDNCadAddins\DDNCadAddins\DDNCadAddins.csproj]
D:\leaveblackgithub\DDNCadAddins\src\DDNCadAddins\DDNCadAddins\Commands\TestRunner.cs(16,1): warning SA1211: Using alias directive for 'AcadApp' should appear before using alias directive for 'Application' (https://github.com/DotNetAnalyzers/StyleCopAnalyzers/blob/master/documentation/SA1211.md) [D:\leaveblackgithub\DDNCadAddins\src\DDNCadAddins\DDNCadAddins\DDNCadAddins.csproj]
D:\leaveblackgithub\DDNCadAddins\src\DDNCadAddins\DDNCadAddins\DDNCadAppLoader.cs(1,1): warning SA1200: Using directive should appear within a namespace declaration (https://github.com/DotNetAnalyzers/StyleCopAnalyzers/blob/master/documentation/SA1200.md) [D:\leaveblackgithub\DDNCadAddins\src\DDNCadAddins\DDNCadAddins\DDNCadAddins.csproj]
D:\leaveblackgithub\DDNCadAddins\src\DDNCadAddins\DDNCadAddins\DDNCadAppLoader.cs(2,1): warning SA1200: Using directive should appear within a namespace declaration (https://github.com/DotNetAnalyzers/StyleCopAnalyzers/blob/master/documentation/SA1200.md) [D:\leaveblackgithub\DDNCadAddins\src\DDNCadAddins\DDNCadAddins\DDNCadAddins.csproj]
D:\leaveblackgithub\DDNCadAddins\src\DDNCadAddins\DDNCadAddins\DDNCadAppLoader.cs(3,1): warning SA1200: Using directive should appear within a namespace declaration (https://github.com/DotNetAnalyzers/StyleCopAnalyzers/blob/master/documentation/SA1200.md) [D:\leaveblackgithub\DDNCadAddins\src\DDNCadAddins\DDNCadAddins\DDNCadAddins.csproj]
D:\leaveblackgithub\DDNCadAddins\src\DDNCadAddins\DDNCadAddins\DDNCadAppLoader.cs(4,1): warning SA1200: Using directive should appear within a namespace declaration (https://github.com/DotNetAnalyzers/StyleCopAnalyzers/blob/master/documentation/SA1200.md) [D:\leaveblackgithub\DDNCadAddins\src\DDNCadAddins\DDNCadAddins\DDNCadAddins.csproj]
D:\leaveblackgithub\DDNCadAddins\src\DDNCadAddins\DDNCadAddins\DDNCadAppLoader.cs(5,1): warning SA1200: Using directive should appear within a namespace declaration (https://github.com/DotNetAnalyzers/StyleCopAnalyzers/blob/master/documentation/SA1200.md) [D:\leaveblackgithub\DDNCadAddins\src\DDNCadAddins\DDNCadAddins\DDNCadAddins.csproj]
D:\leaveblackgithub\DDNCadAddins\src\DDNCadAddins\DDNCadAddins\DDNCadAppLoader.cs(6,1): warning SA1200: Using directive should appear within a namespace declaration (https://github.com/DotNetAnalyzers/StyleCopAnalyzers/blob/master/documentation/SA1200.md) [D:\leaveblackgithub\DDNCadAddins\src\DDNCadAddins\DDNCadAddins\DDNCadAddins.csproj]
D:\leaveblackgithub\DDNCadAddins\src\DDNCadAddins\DDNCadAddins\Infrastructure\FileLogger.cs(174,30): warning SA1202: 'public' members should come before 'private' members (https://github.com/DotNetAnalyzers/StyleCopAnalyzers/blob/master/documentation/SA1202.md) [D:\leaveblackgithub\DDNCadAddins\src\DDNCadAddins\DDNCadAddins\DDNCadAddins.csproj]
D:\leaveblackgithub\DDNCadAddins\src\DDNCadAddins\DDNCadAddins\DDNCadAppLoader.cs(5,1): warning SA1210: Using directives should be ordered alphabetically by the namespaces. (https://github.com/DotNetAnalyzers/StyleCopAnalyzers/blob/master/documentation/SA1210.md) [D:\leaveblackgithub\DDNCadAddins\src\DDNCadAddins\DDNCadAddins\DDNCadAddins.csproj]
D:\leaveblackgithub\DDNCadAddins\src\DDNCadAddins\DDNCadAddins\DDNCadAppLoader.cs(2,1): warning SA1210: Using directives should be ordered alphabetically by the namespaces. (https://github.com/DotNetAnalyzers/StyleCopAnalyzers/blob/master/documentation/SA1210.md) [D:\leaveblackgithub\DDNCadAddins\src\DDNCadAddins\DDNCadAddins\DDNCadAddins.csproj]
D:\leaveblackgithub\DDNCadAddins\src\DDNCadAddins\DDNCadAddins\Infrastructure\AcadUserMessageService.cs(38,21): warning SA1202: 'public' members should come before 'private' members (https://github.com/DotNetAnalyzers/StyleCopAnalyzers/blob/master/documentation/SA1202.md) [D:\leaveblackgithub\DDNCadAddins\src\DDNCadAddins\DDNCadAddins\DDNCadAddins.csproj]
D:\leaveblackgithub\DDNCadAddins\src\DDNCadAddins\DDNCadAddins\Services\AcadUserInterfaceService.cs(48,25): warning SA1202: 'public' members should come before 'private' members (https://github.com/DotNetAnalyzers/StyleCopAnalyzers/blob/master/documentation/SA1202.md) [D:\leaveblackgithub\DDNCadAddins\src\DDNCadAddins\DDNCadAddins\DDNCadAddins.csproj]
D:\leaveblackgithub\DDNCadAddins\src\DDNCadAddins\DDNCadAddins\Infrastructure\AcadUserMessageService.cs(1,1): warning SA1200: Using directive should appear within a namespace declaration (https://github.com/DotNetAnalyzers/StyleCopAnalyzers/blob/master/documentation/SA1200.md) [D:\leaveblackgithub\DDNCadAddins\src\DDNCadAddins\DDNCadAddins\DDNCadAddins.csproj]
D:\leaveblackgithub\DDNCadAddins\src\DDNCadAddins\DDNCadAddins\Infrastructure\AcadUserMessageService.cs(2,1): warning SA1200: Using directive should appear within a namespace declaration (https://github.com/DotNetAnalyzers/StyleCopAnalyzers/blob/master/documentation/SA1200.md) [D:\leaveblackgithub\DDNCadAddins\src\DDNCadAddins\DDNCadAddins\DDNCadAddins.csproj]
D:\leaveblackgithub\DDNCadAddins\src\DDNCadAddins\DDNCadAddins\Infrastructure\AcadUserMessageService.cs(3,1): warning SA1200: Using directive should appear within a namespace declaration (https://github.com/DotNetAnalyzers/StyleCopAnalyzers/blob/master/documentation/SA1200.md) [D:\leaveblackgithub\DDNCadAddins\src\DDNCadAddins\DDNCadAddins\DDNCadAddins.csproj]
D:\leaveblackgithub\DDNCadAddins\src\DDNCadAddins\DDNCadAddins\Infrastructure\AcadUserMessageService.cs(5,1): warning SA1200: Using directive should appear within a namespace declaration (https://github.com/DotNetAnalyzers/StyleCopAnalyzers/blob/master/documentation/SA1200.md) [D:\leaveblackgithub\DDNCadAddins\src\DDNCadAddins\DDNCadAddins\DDNCadAddins.csproj]
D:\leaveblackgithub\DDNCadAddins\src\DDNCadAddins\DDNCadAddins\Infrastructure\FileLogger.cs(30,30): warning SA1204: Static members should appear before non-static members (https://github.com/DotNetAnalyzers/StyleCopAnalyzers/blob/master/documentation/SA1204.md) [D:\leaveblackgithub\DDNCadAddins\src\DDNCadAddins\DDNCadAddins\DDNCadAddins.csproj]
D:\leaveblackgithub\DDNCadAddins\src\DDNCadAddins\DDNCadAddins\Infrastructure\EmptyLogger.cs(1,1): warning SA1200: Using directive should appear within a namespace declaration (https://github.com/DotNetAnalyzers/StyleCopAnalyzers/blob/master/documentation/SA1200.md) [D:\leaveblackgithub\DDNCadAddins\src\DDNCadAddins\DDNCadAddins\DDNCadAddins.csproj]
D:\leaveblackgithub\DDNCadAddins\src\DDNCadAddins\DDNCadAddins\Infrastructure\FileLogger.cs(1,1): warning SA1200: Using directive should appear within a namespace declaration (https://github.com/DotNetAnalyzers/StyleCopAnalyzers/blob/master/documentation/SA1200.md) [D:\leaveblackgithub\DDNCadAddins\src\DDNCadAddins\DDNCadAddins\DDNCadAddins.csproj]
D:\leaveblackgithub\DDNCadAddins\src\DDNCadAddins\DDNCadAddins\Infrastructure\FileLogger.cs(2,1): warning SA1200: Using directive should appear within a namespace declaration (https://github.com/DotNetAnalyzers/StyleCopAnalyzers/blob/master/documentation/SA1200.md) [D:\leaveblackgithub\DDNCadAddins\src\DDNCadAddins\DDNCadAddins\DDNCadAddins.csproj]
D:\leaveblackgithub\DDNCadAddins\src\DDNCadAddins\DDNCadAddins\Infrastructure\FileLogger.cs(3,1): warning SA1200: Using directive should appear within a namespace declaration (https://github.com/DotNetAnalyzers/StyleCopAnalyzers/blob/master/documentation/SA1200.md) [D:\leaveblackgithub\DDNCadAddins\src\DDNCadAddins\DDNCadAddins\DDNCadAddins.csproj]
D:\leaveblackgithub\DDNCadAddins\src\DDNCadAddins\DDNCadAddins\Infrastructure\FileLogger.cs(4,1): warning SA1200: Using directive should appear within a namespace declaration (https://github.com/DotNetAnalyzers/StyleCopAnalyzers/blob/master/documentation/SA1200.md) [D:\leaveblackgithub\DDNCadAddins\src\DDNCadAddins\DDNCadAddins\DDNCadAddins.csproj]
D:\leaveblackgithub\DDNCadAddins\src\DDNCadAddins\DDNCadAddins\Infrastructure\FileLogger.cs(5,1): warning SA1200: Using directive should appear within a namespace declaration (https://github.com/DotNetAnalyzers/StyleCopAnalyzers/blob/master/documentation/SA1200.md) [D:\leaveblackgithub\DDNCadAddins\src\DDNCadAddins\DDNCadAddins\DDNCadAddins.csproj]
D:\leaveblackgithub\DDNCadAddins\src\DDNCadAddins\DDNCadAddins\Infrastructure\FileLogger.cs(6,1): warning SA1200: Using directive should appear within a namespace declaration (https://github.com/DotNetAnalyzers/StyleCopAnalyzers/blob/master/documentation/SA1200.md) [D:\leaveblackgithub\DDNCadAddins\src\DDNCadAddins\DDNCadAddins\DDNCadAddins.csproj]
D:\leaveblackgithub\DDNCadAddins\src\DDNCadAddins\DDNCadAddins\Infrastructure\FileLogger.cs(8,1): warning SA1200: Using directive should appear within a namespace declaration (https://github.com/DotNetAnalyzers/StyleCopAnalyzers/blob/master/documentation/SA1200.md) [D:\leaveblackgithub\DDNCadAddins\src\DDNCadAddins\DDNCadAddins\DDNCadAddins.csproj]
D:\leaveblackgithub\DDNCadAddins\src\DDNCadAddins\DDNCadAddins\Infrastructure\FileLogger.cs(3,1): warning SA1210: Using directives should be ordered alphabetically by the namespaces. (https://github.com/DotNetAnalyzers/StyleCopAnalyzers/blob/master/documentation/SA1210.md) [D:\leaveblackgithub\DDNCadAddins\src\DDNCadAddins\DDNCadAddins\DDNCadAddins.csproj]
D:\leaveblackgithub\DDNCadAddins\src\DDNCadAddins\DDNCadAddins\Infrastructure\ILogger.cs(1,1): warning SA1200: Using directive should appear within a namespace declaration (https://github.com/DotNetAnalyzers/StyleCopAnalyzers/blob/master/documentation/SA1200.md) [D:\leaveblackgithub\DDNCadAddins\src\DDNCadAddins\DDNCadAddins\DDNCadAddins.csproj]
D:\leaveblackgithub\DDNCadAddins\src\DDNCadAddins\DDNCadAddins\Infrastructure\IUserMessageService.cs(1,1): warning SA1200: Using directive should appear within a namespace declaration (https://github.com/DotNetAnalyzers/StyleCopAnalyzers/blob/master/documentation/SA1200.md) [D:\leaveblackgithub\DDNCadAddins\src\DDNCadAddins\DDNCadAddins\DDNCadAddins.csproj]
D:\leaveblackgithub\DDNCadAddins\src\DDNCadAddins\DDNCadAddins\Infrastructure\ServiceLocator.cs(1,1): warning SA1200: Using directive should appear within a namespace declaration (https://github.com/DotNetAnalyzers/StyleCopAnalyzers/blob/master/documentation/SA1200.md) [D:\leaveblackgithub\DDNCadAddins\src\DDNCadAddins\DDNCadAddins\DDNCadAddins.csproj]
D:\leaveblackgithub\DDNCadAddins\src\DDNCadAddins\DDNCadAddins\Infrastructure\ServiceLocator.cs(2,1): warning SA1200: Using directive should appear within a namespace declaration (https://github.com/DotNetAnalyzers/StyleCopAnalyzers/blob/master/documentation/SA1200.md) [D:\leaveblackgithub\DDNCadAddins\src\DDNCadAddins\DDNCadAddins\DDNCadAddins.csproj]
D:\leaveblackgithub\DDNCadAddins\src\DDNCadAddins\DDNCadAddins\Infrastructure\ServiceLocator.cs(3,1): warning SA1200: Using directive should appear within a namespace declaration (https://github.com/DotNetAnalyzers/StyleCopAnalyzers/blob/master/documentation/SA1200.md) [D:\leaveblackgithub\DDNCadAddins\src\DDNCadAddins\DDNCadAddins\DDNCadAddins.csproj]
D:\leaveblackgithub\DDNCadAddins\src\DDNCadAddins\DDNCadAddins\Infrastructure\ServiceLocator.cs(4,1): warning SA1200: Using directive should appear within a namespace declaration (https://github.com/DotNetAnalyzers/StyleCopAnalyzers/blob/master/documentation/SA1200.md) [D:\leaveblackgithub\DDNCadAddins\src\DDNCadAddins\DDNCadAddins\DDNCadAddins.csproj]
D:\leaveblackgithub\DDNCadAddins\src\DDNCadAddins\DDNCadAddins\Infrastructure\ServiceLocator.cs(3,1): warning SA1208: Using directive for 'System.Collections.Generic' should appear before directive for 'DDNCadAddins.Services' (https://github.com/DotNetAnalyzers/StyleCopAnalyzers/blob/master/documentation/SA1208.md) [D:\leaveblackgithub\DDNCadAddins\src\DDNCadAddins\DDNCadAddins\DDNCadAddins.csproj]
D:\leaveblackgithub\DDNCadAddins\src\DDNCadAddins\DDNCadAddins\Infrastructure\ServiceLocator.cs(4,1): warning SA1208: Using directive for 'System.Reflection' should appear before directive for 'DDNCadAddins.Services' (https://github.com/DotNetAnalyzers/StyleCopAnalyzers/blob/master/documentation/SA1208.md) [D:\leaveblackgithub\DDNCadAddins\src\DDNCadAddins\DDNCadAddins\DDNCadAddins.csproj]
D:\leaveblackgithub\DDNCadAddins\src\DDNCadAddins\DDNCadAddins\Models\OpResult.cs(1,1): warning SA1200: Using directive should appear within a namespace declaration (https://github.com/DotNetAnalyzers/StyleCopAnalyzers/blob/master/documentation/SA1200.md) [D:\leaveblackgithub\DDNCadAddins\src\DDNCadAddins\DDNCadAddins\DDNCadAddins.csproj]
D:\leaveblackgithub\DDNCadAddins\src\DDNCadAddins\DDNCadAddins\Models\OpResult.cs(2,1): warning SA1200: Using directive should appear within a namespace declaration (https://github.com/DotNetAnalyzers/StyleCopAnalyzers/blob/master/documentation/SA1200.md) [D:\leaveblackgithub\DDNCadAddins\src\DDNCadAddins\DDNCadAddins\DDNCadAddins.csproj]
D:\leaveblackgithub\DDNCadAddins\src\DDNCadAddins\DDNCadAddins\Models\OperationResult.cs(1,1): warning SA1200: Using directive should appear within a namespace declaration (https://github.com/DotNetAnalyzers/StyleCopAnalyzers/blob/master/documentation/SA1200.md) [D:\leaveblackgithub\DDNCadAddins\src\DDNCadAddins\DDNCadAddins\DDNCadAddins.csproj]
D:\leaveblackgithub\DDNCadAddins\src\DDNCadAddins\DDNCadAddins\Models\XClippedBlockInfo.cs(1,1): warning SA1200: Using directive should appear within a namespace declaration (https://github.com/DotNetAnalyzers/StyleCopAnalyzers/blob/master/documentation/SA1200.md) [D:\leaveblackgithub\DDNCadAddins\src\DDNCadAddins\DDNCadAddins\DDNCadAddins.csproj]
D:\leaveblackgithub\DDNCadAddins\src\DDNCadAddins\DDNCadAddins\Services\AcadUserInterfaceService.cs(1,1): warning SA1200: Using directive should appear within a namespace declaration (https://github.com/DotNetAnalyzers/StyleCopAnalyzers/blob/master/documentation/SA1200.md) [D:\leaveblackgithub\DDNCadAddins\src\DDNCadAddins\DDNCadAddins\DDNCadAddins.csproj]
D:\leaveblackgithub\DDNCadAddins\src\DDNCadAddins\DDNCadAddins\Services\AcadUserInterfaceService.cs(2,1): warning SA1200: Using directive should appear within a namespace declaration (https://github.com/DotNetAnalyzers/StyleCopAnalyzers/blob/master/documentation/SA1200.md) [D:\leaveblackgithub\DDNCadAddins\src\DDNCadAddins\DDNCadAddins\DDNCadAddins.csproj]
D:\leaveblackgithub\DDNCadAddins\src\DDNCadAddins\DDNCadAddins\Services\AcadUserInterfaceService.cs(3,1): warning SA1200: Using directive should appear within a namespace declaration (https://github.com/DotNetAnalyzers/StyleCopAnalyzers/blob/master/documentation/SA1200.md) [D:\leaveblackgithub\DDNCadAddins\src\DDNCadAddins\DDNCadAddins\DDNCadAddins.csproj]
D:\leaveblackgithub\DDNCadAddins\src\DDNCadAddins\DDNCadAddins\Services\AcadUserInterfaceService.cs(4,1): warning SA1200: Using directive should appear within a namespace declaration (https://github.com/DotNetAnalyzers/StyleCopAnalyzers/blob/master/documentation/SA1200.md) [D:\leaveblackgithub\DDNCadAddins\src\DDNCadAddins\DDNCadAddins\DDNCadAddins.csproj]
D:\leaveblackgithub\DDNCadAddins\src\DDNCadAddins\DDNCadAddins\Services\AcadUserInterfaceService.cs(5,1): warning SA1200: Using directive should appear within a namespace declaration (https://github.com/DotNetAnalyzers/StyleCopAnalyzers/blob/master/documentation/SA1200.md) [D:\leaveblackgithub\DDNCadAddins\src\DDNCadAddins\DDNCadAddins\DDNCadAddins.csproj]
D:\leaveblackgithub\DDNCadAddins\src\DDNCadAddins\DDNCadAddins\Services\AcadUserInterfaceService.cs(6,1): warning SA1200: Using directive should appear within a namespace declaration (https://github.com/DotNetAnalyzers/StyleCopAnalyzers/blob/master/documentation/SA1200.md) [D:\leaveblackgithub\DDNCadAddins\src\DDNCadAddins\DDNCadAddins\DDNCadAddins.csproj]
D:\leaveblackgithub\DDNCadAddins\src\DDNCadAddins\DDNCadAddins\Services\AcadUserInterfaceService.cs(7,1): warning SA1200: Using directive should appear within a namespace declaration (https://github.com/DotNetAnalyzers/StyleCopAnalyzers/blob/master/documentation/SA1200.md) [D:\leaveblackgithub\DDNCadAddins\src\DDNCadAddins\DDNCadAddins\DDNCadAddins.csproj]
D:\leaveblackgithub\DDNCadAddins\src\DDNCadAddins\DDNCadAddins\Services\AcadUserInterfaceService.cs(8,1): warning SA1200: Using directive should appear within a namespace declaration (https://github.com/DotNetAnalyzers/StyleCopAnalyzers/blob/master/documentation/SA1200.md) [D:\leaveblackgithub\DDNCadAddins\src\DDNCadAddins\DDNCadAddins\DDNCadAddins.csproj]
D:\leaveblackgithub\DDNCadAddins\src\DDNCadAddins\DDNCadAddins\Services\AcadUserInterfaceService.cs(9,1): warning SA1200: Using directive should appear within a namespace declaration (https://github.com/DotNetAnalyzers/StyleCopAnalyzers/blob/master/documentation/SA1200.md) [D:\leaveblackgithub\DDNCadAddins\src\DDNCadAddins\DDNCadAddins\DDNCadAddins.csproj]
D:\leaveblackgithub\DDNCadAddins\src\DDNCadAddins\DDNCadAddins\Services\AcadUserInterfaceService.cs(11,1): warning SA1200: Using directive should appear within a namespace declaration (https://github.com/DotNetAnalyzers/StyleCopAnalyzers/blob/master/documentation/SA1200.md) [D:\leaveblackgithub\DDNCadAddins\src\DDNCadAddins\DDNCadAddins\DDNCadAddins.csproj]
D:\leaveblackgithub\DDNCadAddins\src\DDNCadAddins\DDNCadAddins\Services\AcadUserInterfaceService.cs(12,1): warning SA1200: Using directive should appear within a namespace declaration (https://github.com/DotNetAnalyzers/StyleCopAnalyzers/blob/master/documentation/SA1200.md) [D:\leaveblackgithub\DDNCadAddins\src\DDNCadAddins\DDNCadAddins\DDNCadAddins.csproj]
D:\leaveblackgithub\DDNCadAddins\src\DDNCadAddins\DDNCadAddins\Services\AcadUserInterfaceService.cs(5,1): warning SA1208: Using directive for 'System' should appear before directive for 'DDNCadAddins.Infrastructure' (https://github.com/DotNetAnalyzers/StyleCopAnalyzers/blob/master/documentation/SA1208.md) [D:\leaveblackgithub\DDNCadAddins\src\DDNCadAddins\DDNCadAddins\DDNCadAddins.csproj]
D:\leaveblackgithub\DDNCadAddins\src\DDNCadAddins\DDNCadAddins\Services\AcadUserInterfaceService.cs(6,1): warning SA1208: Using directive for 'System.Collections.Generic' should appear before directive for 'DDNCadAddins.Infrastructure' (https://github.com/DotNetAnalyzers/StyleCopAnalyzers/blob/master/documentation/SA1208.md) [D:\leaveblackgithub\DDNCadAddins\src\DDNCadAddins\DDNCadAddins\DDNCadAddins.csproj]
D:\leaveblackgithub\DDNCadAddins\src\DDNCadAddins\DDNCadAddins\Services\AcadUserInterfaceService.cs(7,1): warning SA1208: Using directive for 'System.Diagnostics' should appear before directive for 'DDNCadAddins.Infrastructure' (https://github.com/DotNetAnalyzers/StyleCopAnalyzers/blob/master/documentation/SA1208.md) [D:\leaveblackgithub\DDNCadAddins\src\DDNCadAddins\DDNCadAddins\DDNCadAddins.csproj]
D:\leaveblackgithub\DDNCadAddins\src\DDNCadAddins\DDNCadAddins\Services\AcadUserInterfaceService.cs(8,1): warning SA1208: Using directive for 'System.IO' should appear before directive for 'DDNCadAddins.Infrastructure' (https://github.com/DotNetAnalyzers/StyleCopAnalyzers/blob/master/documentation/SA1208.md) [D:\leaveblackgithub\DDNCadAddins\src\DDNCadAddins\DDNCadAddins\DDNCadAddins.csproj]
D:\leaveblackgithub\DDNCadAddins\src\DDNCadAddins\DDNCadAddins\Services\AcadUserInterfaceService.cs(9,1): warning SA1208: Using directive for 'System.Windows.Forms' should appear before directive for 'DDNCadAddins.Infrastructure' (https://github.com/DotNetAnalyzers/StyleCopAnalyzers/blob/master/documentation/SA1208.md) [D:\leaveblackgithub\DDNCadAddins\src\DDNCadAddins\DDNCadAddins\DDNCadAddins.csproj]
D:\leaveblackgithub\DDNCadAddins\src\DDNCadAddins\DDNCadAddins\Infrastructure\FileLogger.cs(18,40): warning SA1214: Readonly fields should appear before non-readonly fields (https://github.com/DotNetAnalyzers/StyleCopAnalyzers/blob/master/documentation/SA1214.md) [D:\leaveblackgithub\DDNCadAddins\src\DDNCadAddins\DDNCadAddins\DDNCadAddins.csproj]
D:\leaveblackgithub\DDNCadAddins\src\DDNCadAddins\DDNCadAddins\Services\AcadViewService.cs(1,1): warning SA1200: Using directive should appear within a namespace declaration (https://github.com/DotNetAnalyzers/StyleCopAnalyzers/blob/master/documentation/SA1200.md) [D:\leaveblackgithub\DDNCadAddins\src\DDNCadAddins\DDNCadAddins\DDNCadAddins.csproj]
D:\leaveblackgithub\DDNCadAddins\src\DDNCadAddins\DDNCadAddins\Services\AcadViewService.cs(2,1): warning SA1200: Using directive should appear within a namespace declaration (https://github.com/DotNetAnalyzers/StyleCopAnalyzers/blob/master/documentation/SA1200.md) [D:\leaveblackgithub\DDNCadAddins\src\DDNCadAddins\DDNCadAddins\DDNCadAddins.csproj]
D:\leaveblackgithub\DDNCadAddins\src\DDNCadAddins\DDNCadAddins\Services\AcadViewService.cs(3,1): warning SA1200: Using directive should appear within a namespace declaration (https://github.com/DotNetAnalyzers/StyleCopAnalyzers/blob/master/documentation/SA1200.md) [D:\leaveblackgithub\DDNCadAddins\src\DDNCadAddins\DDNCadAddins\DDNCadAddins.csproj]
D:\leaveblackgithub\DDNCadAddins\src\DDNCadAddins\DDNCadAddins\Services\AcadViewService.cs(4,1): warning SA1200: Using directive should appear within a namespace declaration (https://github.com/DotNetAnalyzers/StyleCopAnalyzers/blob/master/documentation/SA1200.md) [D:\leaveblackgithub\DDNCadAddins\src\DDNCadAddins\DDNCadAddins\DDNCadAddins.csproj]
D:\leaveblackgithub\DDNCadAddins\src\DDNCadAddins\DDNCadAddins\Services\AcadViewService.cs(5,1): warning SA1200: Using directive should appear within a namespace declaration (https://github.com/DotNetAnalyzers/StyleCopAnalyzers/blob/master/documentation/SA1200.md) [D:\leaveblackgithub\DDNCadAddins\src\DDNCadAddins\DDNCadAddins\DDNCadAddins.csproj]
D:\leaveblackgithub\DDNCadAddins\src\DDNCadAddins\DDNCadAddins\Services\AcadViewService.cs(6,1): warning SA1200: Using directive should appear within a namespace declaration (https://github.com/DotNetAnalyzers/StyleCopAnalyzers/blob/master/documentation/SA1200.md) [D:\leaveblackgithub\DDNCadAddins\src\DDNCadAddins\DDNCadAddins\DDNCadAddins.csproj]
D:\leaveblackgithub\DDNCadAddins\src\DDNCadAddins\DDNCadAddins\Services\AcadViewService.cs(7,1): warning SA1200: Using directive should appear within a namespace declaration (https://github.com/DotNetAnalyzers/StyleCopAnalyzers/blob/master/documentation/SA1200.md) [D:\leaveblackgithub\DDNCadAddins\src\DDNCadAddins\DDNCadAddins\DDNCadAddins.csproj]
D:\leaveblackgithub\DDNCadAddins\src\DDNCadAddins\DDNCadAddins\Services\AcadViewService.cs(8,1): warning SA1200: Using directive should appear within a namespace declaration (https://github.com/DotNetAnalyzers/StyleCopAnalyzers/blob/master/documentation/SA1200.md) [D:\leaveblackgithub\DDNCadAddins\src\DDNCadAddins\DDNCadAddins\DDNCadAddins.csproj]
D:\leaveblackgithub\DDNCadAddins\src\DDNCadAddins\DDNCadAddins\Services\AcadViewService.cs(9,1): warning SA1200: Using directive should appear within a namespace declaration (https://github.com/DotNetAnalyzers/StyleCopAnalyzers/blob/master/documentation/SA1200.md) [D:\leaveblackgithub\DDNCadAddins\src\DDNCadAddins\DDNCadAddins\DDNCadAddins.csproj]
D:\leaveblackgithub\DDNCadAddins\src\DDNCadAddins\DDNCadAddins\Services\BlockDataService.cs(1,1): warning SA1200: Using directive should appear within a namespace declaration (https://github.com/DotNetAnalyzers/StyleCopAnalyzers/blob/master/documentation/SA1200.md) [D:\leaveblackgithub\DDNCadAddins\src\DDNCadAddins\DDNCadAddins\DDNCadAddins.csproj]
D:\leaveblackgithub\DDNCadAddins\src\DDNCadAddins\DDNCadAddins\Services\BlockDataService.cs(2,1): warning SA1200: Using directive should appear within a namespace declaration (https://github.com/DotNetAnalyzers/StyleCopAnalyzers/blob/master/documentation/SA1200.md) [D:\leaveblackgithub\DDNCadAddins\src\DDNCadAddins\DDNCadAddins\DDNCadAddins.csproj]
D:\leaveblackgithub\DDNCadAddins\src\DDNCadAddins\DDNCadAddins\Services\BlockDataService.cs(3,1): warning SA1200: Using directive should appear within a namespace declaration (https://github.com/DotNetAnalyzers/StyleCopAnalyzers/blob/master/documentation/SA1200.md) [D:\leaveblackgithub\DDNCadAddins\src\DDNCadAddins\DDNCadAddins\DDNCadAddins.csproj]
D:\leaveblackgithub\DDNCadAddins\src\DDNCadAddins\DDNCadAddins\Services\BlockDataService.cs(4,1): warning SA1200: Using directive should appear within a namespace declaration (https://github.com/DotNetAnalyzers/StyleCopAnalyzers/blob/master/documentation/SA1200.md) [D:\leaveblackgithub\DDNCadAddins\src\DDNCadAddins\DDNCadAddins\DDNCadAddins.csproj]
D:\leaveblackgithub\DDNCadAddins\src\DDNCadAddins\DDNCadAddins\Services\BlockReferenceService.cs(1,1): warning SA1200: Using directive should appear within a namespace declaration (https://github.com/DotNetAnalyzers/StyleCopAnalyzers/blob/master/documentation/SA1200.md) [D:\leaveblackgithub\DDNCadAddins\src\DDNCadAddins\DDNCadAddins\DDNCadAddins.csproj]
D:\leaveblackgithub\DDNCadAddins\src\DDNCadAddins\DDNCadAddins\Services\BlockReferenceService.cs(2,1): warning SA1200: Using directive should appear within a namespace declaration (https://github.com/DotNetAnalyzers/StyleCopAnalyzers/blob/master/documentation/SA1200.md) [D:\leaveblackgithub\DDNCadAddins\src\DDNCadAddins\DDNCadAddins\DDNCadAddins.csproj]
D:\leaveblackgithub\DDNCadAddins\src\DDNCadAddins\DDNCadAddins\Services\BlockReferenceService.cs(3,1): warning SA1200: Using directive should appear within a namespace declaration (https://github.com/DotNetAnalyzers/StyleCopAnalyzers/blob/master/documentation/SA1200.md) [D:\leaveblackgithub\DDNCadAddins\src\DDNCadAddins\DDNCadAddins\DDNCadAddins.csproj]
D:\leaveblackgithub\DDNCadAddins\src\DDNCadAddins\DDNCadAddins\Services\BlockReferenceService.cs(4,1): warning SA1200: Using directive should appear within a namespace declaration (https://github.com/DotNetAnalyzers/StyleCopAnalyzers/blob/master/documentation/SA1200.md) [D:\leaveblackgithub\DDNCadAddins\src\DDNCadAddins\DDNCadAddins\DDNCadAddins.csproj]
D:\leaveblackgithub\DDNCadAddins\src\DDNCadAddins\DDNCadAddins\Services\BlockReferenceService.cs(5,1): warning SA1200: Using directive should appear within a namespace declaration (https://github.com/DotNetAnalyzers/StyleCopAnalyzers/blob/master/documentation/SA1200.md) [D:\leaveblackgithub\DDNCadAddins\src\DDNCadAddins\DDNCadAddins\DDNCadAddins.csproj]
D:\leaveblackgithub\DDNCadAddins\src\DDNCadAddins\DDNCadAddins\Services\BlockReferenceService.cs(6,1): warning SA1200: Using directive should appear within a namespace declaration (https://github.com/DotNetAnalyzers/StyleCopAnalyzers/blob/master/documentation/SA1200.md) [D:\leaveblackgithub\DDNCadAddins\src\DDNCadAddins\DDNCadAddins\DDNCadAddins.csproj]
D:\leaveblackgithub\DDNCadAddins\src\DDNCadAddins\DDNCadAddins\Services\BlockReferenceService.cs(7,1): warning SA1200: Using directive should appear within a namespace declaration (https://github.com/DotNetAnalyzers/StyleCopAnalyzers/blob/master/documentation/SA1200.md) [D:\leaveblackgithub\DDNCadAddins\src\DDNCadAddins\DDNCadAddins\DDNCadAddins.csproj]
D:\leaveblackgithub\DDNCadAddins\src\DDNCadAddins\DDNCadAddins\Services\BlockReferenceService.cs(8,1): warning SA1200: Using directive should appear within a namespace declaration (https://github.com/DotNetAnalyzers/StyleCopAnalyzers/blob/master/documentation/SA1200.md) [D:\leaveblackgithub\DDNCadAddins\src\DDNCadAddins\DDNCadAddins\DDNCadAddins.csproj]
D:\leaveblackgithub\DDNCadAddins\src\DDNCadAddins\DDNCadAddins\Services\CsvExportService.cs(1,1): warning SA1200: Using directive should appear within a namespace declaration (https://github.com/DotNetAnalyzers/StyleCopAnalyzers/blob/master/documentation/SA1200.md) [D:\leaveblackgithub\DDNCadAddins\src\DDNCadAddins\DDNCadAddins\DDNCadAddins.csproj]
D:\leaveblackgithub\DDNCadAddins\src\DDNCadAddins\DDNCadAddins\Services\CsvExportService.cs(2,1): warning SA1200: Using directive should appear within a namespace declaration (https://github.com/DotNetAnalyzers/StyleCopAnalyzers/blob/master/documentation/SA1200.md) [D:\leaveblackgithub\DDNCadAddins\src\DDNCadAddins\DDNCadAddins\DDNCadAddins.csproj]
D:\leaveblackgithub\DDNCadAddins\src\DDNCadAddins\DDNCadAddins\Services\CsvExportService.cs(3,1): warning SA1200: Using directive should appear within a namespace declaration (https://github.com/DotNetAnalyzers/StyleCopAnalyzers/blob/master/documentation/SA1200.md) [D:\leaveblackgithub\DDNCadAddins\src\DDNCadAddins\DDNCadAddins\DDNCadAddins.csproj]
D:\leaveblackgithub\DDNCadAddins\src\DDNCadAddins\DDNCadAddins\Services\CsvExportService.cs(4,1): warning SA1200: Using directive should appear within a namespace declaration (https://github.com/DotNetAnalyzers/StyleCopAnalyzers/blob/master/documentation/SA1200.md) [D:\leaveblackgithub\DDNCadAddins\src\DDNCadAddins\DDNCadAddins\DDNCadAddins.csproj]
D:\leaveblackgithub\DDNCadAddins\src\DDNCadAddins\DDNCadAddins\Services\CsvExportService.cs(5,1): warning SA1200: Using directive should appear within a namespace declaration (https://github.com/DotNetAnalyzers/StyleCopAnalyzers/blob/master/documentation/SA1200.md) [D:\leaveblackgithub\DDNCadAddins\src\DDNCadAddins\DDNCadAddins\DDNCadAddins.csproj]
D:\leaveblackgithub\DDNCadAddins\src\DDNCadAddins\DDNCadAddins\Services\CsvExportService.cs(6,1): warning SA1200: Using directive should appear within a namespace declaration (https://github.com/DotNetAnalyzers/StyleCopAnalyzers/blob/master/documentation/SA1200.md) [D:\leaveblackgithub\DDNCadAddins\src\DDNCadAddins\DDNCadAddins\DDNCadAddins.csproj]
D:\leaveblackgithub\DDNCadAddins\src\DDNCadAddins\DDNCadAddins\Services\CsvExportService.cs(7,1): warning SA1200: Using directive should appear within a namespace declaration (https://github.com/DotNetAnalyzers/StyleCopAnalyzers/blob/master/documentation/SA1200.md) [D:\leaveblackgithub\DDNCadAddins\src\DDNCadAddins\DDNCadAddins\DDNCadAddins.csproj]
D:\leaveblackgithub\DDNCadAddins\src\DDNCadAddins\DDNCadAddins\Services\CsvExportService.cs(8,1): warning SA1200: Using directive should appear within a namespace declaration (https://github.com/DotNetAnalyzers/StyleCopAnalyzers/blob/master/documentation/SA1200.md) [D:\leaveblackgithub\DDNCadAddins\src\DDNCadAddins\DDNCadAddins\DDNCadAddins.csproj]
D:\leaveblackgithub\DDNCadAddins\src\DDNCadAddins\DDNCadAddins\Services\CsvExportService.cs(10,1): warning SA1200: Using directive should appear within a namespace declaration (https://github.com/DotNetAnalyzers/StyleCopAnalyzers/blob/master/documentation/SA1200.md) [D:\leaveblackgithub\DDNCadAddins\src\DDNCadAddins\DDNCadAddins\DDNCadAddins.csproj]
D:\leaveblackgithub\DDNCadAddins\src\DDNCadAddins\DDNCadAddins\Commands\Blk2CsvCommand.cs(26,1): warning SA1028: Code should not contain trailing whitespace (https://github.com/DotNetAnalyzers/StyleCopAnalyzers/blob/master/documentation/SA1028.md) [D:\leaveblackgithub\DDNCadAddins\src\DDNCadAddins\DDNCadAddins\DDNCadAddins.csproj]
D:\leaveblackgithub\DDNCadAddins\src\DDNCadAddins\DDNCadAddins\Commands\Blk2CsvCommand.cs(35,1): warning SA1028: Code should not contain trailing whitespace (https://github.com/DotNetAnalyzers/StyleCopAnalyzers/blob/master/documentation/SA1028.md) [D:\leaveblackgithub\DDNCadAddins\src\DDNCadAddins\DDNCadAddins\DDNCadAddins.csproj]
D:\leaveblackgithub\DDNCadAddins\src\DDNCadAddins\DDNCadAddins\Commands\Blk2CsvCommand.cs(45,1): warning SA1028: Code should not contain trailing whitespace (https://github.com/DotNetAnalyzers/StyleCopAnalyzers/blob/master/documentation/SA1028.md) [D:\leaveblackgithub\DDNCadAddins\src\DDNCadAddins\DDNCadAddins\DDNCadAddins.csproj]
D:\leaveblackgithub\DDNCadAddins\src\DDNCadAddins\DDNCadAddins\Commands\Blk2CsvCommand.cs(55,1): warning SA1028: Code should not contain trailing whitespace (https://github.com/DotNetAnalyzers/StyleCopAnalyzers/blob/master/documentation/SA1028.md) [D:\leaveblackgithub\DDNCadAddins\src\DDNCadAddins\DDNCadAddins\DDNCadAddins.csproj]
D:\leaveblackgithub\DDNCadAddins\src\DDNCadAddins\DDNCadAddins\Commands\Blk2CsvCommand.cs(62,1): warning SA1028: Code should not contain trailing whitespace (https://github.com/DotNetAnalyzers/StyleCopAnalyzers/blob/master/documentation/SA1028.md) [D:\leaveblackgithub\DDNCadAddins\src\DDNCadAddins\DDNCadAddins\DDNCadAddins.csproj]
D:\leaveblackgithub\DDNCadAddins\src\DDNCadAddins\DDNCadAddins\Commands\Blk2CsvCommand.cs(65,1): warning SA1028: Code should not contain trailing whitespace (https://github.com/DotNetAnalyzers/StyleCopAnalyzers/blob/master/documentation/SA1028.md) [D:\leaveblackgithub\DDNCadAddins\src\DDNCadAddins\DDNCadAddins\DDNCadAddins.csproj]
D:\leaveblackgithub\DDNCadAddins\src\DDNCadAddins\DDNCadAddins\Commands\Blk2CsvCommand.cs(68,1): warning SA1028: Code should not contain trailing whitespace (https://github.com/DotNetAnalyzers/StyleCopAnalyzers/blob/master/documentation/SA1028.md) [D:\leaveblackgithub\DDNCadAddins\src\DDNCadAddins\DDNCadAddins\DDNCadAddins.csproj]
D:\leaveblackgithub\DDNCadAddins\src\DDNCadAddins\DDNCadAddins\Commands\Blk2CsvCommand.cs(82,1): warning SA1028: Code should not contain trailing whitespace (https://github.com/DotNetAnalyzers/StyleCopAnalyzers/blob/master/documentation/SA1028.md) [D:\leaveblackgithub\DDNCadAddins\src\DDNCadAddins\DDNCadAddins\DDNCadAddins.csproj]
D:\leaveblackgithub\DDNCadAddins\src\DDNCadAddins\DDNCadAddins\Commands\Blk2CsvCommand.cs(84,1): warning SA1028: Code should not contain trailing whitespace (https://github.com/DotNetAnalyzers/StyleCopAnalyzers/blob/master/documentation/SA1028.md) [D:\leaveblackgithub\DDNCadAddins\src\DDNCadAddins\DDNCadAddins\DDNCadAddins.csproj]
D:\leaveblackgithub\DDNCadAddins\src\DDNCadAddins\DDNCadAddins\Commands\Blk2CsvCommand.cs(93,1): warning SA1028: Code should not contain trailing whitespace (https://github.com/DotNetAnalyzers/StyleCopAnalyzers/blob/master/documentation/SA1028.md) [D:\leaveblackgithub\DDNCadAddins\src\DDNCadAddins\DDNCadAddins\DDNCadAddins.csproj]
D:\leaveblackgithub\DDNCadAddins\src\DDNCadAddins\DDNCadAddins\Commands\Blk2CsvCommand.cs(102,1): warning SA1028: Code should not contain trailing whitespace (https://github.com/DotNetAnalyzers/StyleCopAnalyzers/blob/master/documentation/SA1028.md) [D:\leaveblackgithub\DDNCadAddins\src\DDNCadAddins\DDNCadAddins\DDNCadAddins.csproj]
D:\leaveblackgithub\DDNCadAddins\src\DDNCadAddins\DDNCadAddins\Commands\Blk2CsvCommand.cs(104,1): warning SA1028: Code should not contain trailing whitespace (https://github.com/DotNetAnalyzers/StyleCopAnalyzers/blob/master/documentation/SA1028.md) [D:\leaveblackgithub\DDNCadAddins\src\DDNCadAddins\DDNCadAddins\DDNCadAddins.csproj]
D:\leaveblackgithub\DDNCadAddins\src\DDNCadAddins\DDNCadAddins\Commands\Blk2CsvCommand.cs(107,1): warning SA1028: Code should not contain trailing whitespace (https://github.com/DotNetAnalyzers/StyleCopAnalyzers/blob/master/documentation/SA1028.md) [D:\leaveblackgithub\DDNCadAddins\src\DDNCadAddins\DDNCadAddins\DDNCadAddins.csproj]
D:\leaveblackgithub\DDNCadAddins\src\DDNCadAddins\DDNCadAddins\Commands\Blk2CsvCommand.cs(113,1): warning SA1028: Code should not contain trailing whitespace (https://github.com/DotNetAnalyzers/StyleCopAnalyzers/blob/master/documentation/SA1028.md) [D:\leaveblackgithub\DDNCadAddins\src\DDNCadAddins\DDNCadAddins\DDNCadAddins.csproj]
D:\leaveblackgithub\DDNCadAddins\src\DDNCadAddins\DDNCadAddins\Commands\Blk2CsvCommand.cs(127,1): warning SA1028: Code should not contain trailing whitespace (https://github.com/DotNetAnalyzers/StyleCopAnalyzers/blob/master/documentation/SA1028.md) [D:\leaveblackgithub\DDNCadAddins\src\DDNCadAddins\DDNCadAddins\DDNCadAddins.csproj]
D:\leaveblackgithub\DDNCadAddins\src\DDNCadAddins\DDNCadAddins\Commands\Blk2CsvCommand.cs(130,1): warning SA1028: Code should not contain trailing whitespace (https://github.com/DotNetAnalyzers/StyleCopAnalyzers/blob/master/documentation/SA1028.md) [D:\leaveblackgithub\DDNCadAddins\src\DDNCadAddins\DDNCadAddins\DDNCadAddins.csproj]
D:\leaveblackgithub\DDNCadAddins\src\DDNCadAddins\DDNCadAddins\Commands\Blk2CsvCommand.cs(136,1): warning SA1028: Code should not contain trailing whitespace (https://github.com/DotNetAnalyzers/StyleCopAnalyzers/blob/master/documentation/SA1028.md) [D:\leaveblackgithub\DDNCadAddins\src\DDNCadAddins\DDNCadAddins\DDNCadAddins.csproj]
D:\leaveblackgithub\DDNCadAddins\src\DDNCadAddins\DDNCadAddins\Commands\Blk2CsvCommand.cs(141,1): warning SA1028: Code should not contain trailing whitespace (https://github.com/DotNetAnalyzers/StyleCopAnalyzers/blob/master/documentation/SA1028.md) [D:\leaveblackgithub\DDNCadAddins\src\DDNCadAddins\DDNCadAddins\DDNCadAddins.csproj]
D:\leaveblackgithub\DDNCadAddins\src\DDNCadAddins\DDNCadAddins\Commands\Blk2CsvCommand.cs(145,1): warning SA1028: Code should not contain trailing whitespace (https://github.com/DotNetAnalyzers/StyleCopAnalyzers/blob/master/documentation/SA1028.md) [D:\leaveblackgithub\DDNCadAddins\src\DDNCadAddins\DDNCadAddins\DDNCadAddins.csproj]
D:\leaveblackgithub\DDNCadAddins\src\DDNCadAddins\DDNCadAddins\Commands\Blk2CsvCommand.cs(167,2): warning SA1028: Code should not contain trailing whitespace (https://github.com/DotNetAnalyzers/StyleCopAnalyzers/blob/master/documentation/SA1028.md) [D:\leaveblackgithub\DDNCadAddins\src\DDNCadAddins\DDNCadAddins\DDNCadAddins.csproj]
D:\leaveblackgithub\DDNCadAddins\src\DDNCadAddins\DDNCadAddins\Commands\CommandBase.cs(1,1): warning SA1633: The file header is missing or not located at the top of the file. (https://github.com/DotNetAnalyzers/StyleCopAnalyzers/blob/master/documentation/SA1633.md) [D:\leaveblackgithub\DDNCadAddins\src\DDNCadAddins\DDNCadAddins\DDNCadAddins.csproj]
D:\leaveblackgithub\DDNCadAddins\src\DDNCadAddins\DDNCadAddins\Services\DocumentService.cs(1,1): warning SA1200: Using directive should appear within a namespace declaration (https://github.com/DotNetAnalyzers/StyleCopAnalyzers/blob/master/documentation/SA1200.md) [D:\leaveblackgithub\DDNCadAddins\src\DDNCadAddins\DDNCadAddins\DDNCadAddins.csproj]
D:\leaveblackgithub\DDNCadAddins\src\DDNCadAddins\DDNCadAddins\Services\DocumentService.cs(2,1): warning SA1200: Using directive should appear within a namespace declaration (https://github.com/DotNetAnalyzers/StyleCopAnalyzers/blob/master/documentation/SA1200.md) [D:\leaveblackgithub\DDNCadAddins\src\DDNCadAddins\DDNCadAddins\DDNCadAddins.csproj]
D:\leaveblackgithub\DDNCadAddins\src\DDNCadAddins\DDNCadAddins\Services\DocumentService.cs(3,1): warning SA1200: Using directive should appear within a namespace declaration (https://github.com/DotNetAnalyzers/StyleCopAnalyzers/blob/master/documentation/SA1200.md) [D:\leaveblackgithub\DDNCadAddins\src\DDNCadAddins\DDNCadAddins\DDNCadAddins.csproj]
D:\leaveblackgithub\DDNCadAddins\src\DDNCadAddins\DDNCadAddins\Services\DocumentService.cs(4,1): warning SA1200: Using directive should appear within a namespace declaration (https://github.com/DotNetAnalyzers/StyleCopAnalyzers/blob/master/documentation/SA1200.md) [D:\leaveblackgithub\DDNCadAddins\src\DDNCadAddins\DDNCadAddins\DDNCadAddins.csproj]
D:\leaveblackgithub\DDNCadAddins\src\DDNCadAddins\DDNCadAddins\Services\DocumentService.cs(5,1): warning SA1200: Using directive should appear within a namespace declaration (https://github.com/DotNetAnalyzers/StyleCopAnalyzers/blob/master/documentation/SA1200.md) [D:\leaveblackgithub\DDNCadAddins\src\DDNCadAddins\DDNCadAddins\DDNCadAddins.csproj]
D:\leaveblackgithub\DDNCadAddins\src\DDNCadAddins\DDNCadAddins\Services\DocumentService.cs(7,1): warning SA1200: Using directive should appear within a namespace declaration (https://github.com/DotNetAnalyzers/StyleCopAnalyzers/blob/master/documentation/SA1200.md) [D:\leaveblackgithub\DDNCadAddins\src\DDNCadAddins\DDNCadAddins\DDNCadAddins.csproj]
D:\leaveblackgithub\DDNCadAddins\src\DDNCadAddins\DDNCadAddins\Services\DocumentService.cs(8,1): warning SA1200: Using directive should appear within a namespace declaration (https://github.com/DotNetAnalyzers/StyleCopAnalyzers/blob/master/documentation/SA1200.md) [D:\leaveblackgithub\DDNCadAddins\src\DDNCadAddins\DDNCadAddins\DDNCadAddins.csproj]
D:\leaveblackgithub\DDNCadAddins\src\DDNCadAddins\DDNCadAddins\DDNCadAppLoader.cs(69,1): warning SA1516: Elements should be separated by blank line (https://github.com/DotNetAnalyzers/StyleCopAnalyzers/blob/master/documentation/SA1516.md) [D:\leaveblackgithub\DDNCadAddins\src\DDNCadAddins\DDNCadAddins\DDNCadAddins.csproj]
D:\leaveblackgithub\DDNCadAddins\src\DDNCadAddins\DDNCadAddins\Commands\CommandBase.cs(7,1): warning SA1515: Single-line comment should be preceded by blank line (https://github.com/DotNetAnalyzers/StyleCopAnalyzers/blob/master/documentation/SA1515.md) [D:\leaveblackgithub\DDNCadAddins\src\DDNCadAddins\DDNCadAddins\DDNCadAddins.csproj]
D:\leaveblackgithub\DDNCadAddins\src\DDNCadAddins\DDNCadAddins\Services\IAcadService.cs(1,1): warning SA1200: Using directive should appear within a namespace declaration (https://github.com/DotNetAnalyzers/StyleCopAnalyzers/blob/master/documentation/SA1200.md) [D:\leaveblackgithub\DDNCadAddins\src\DDNCadAddins\DDNCadAddins\DDNCadAddins.csproj]
D:\leaveblackgithub\DDNCadAddins\src\DDNCadAddins\DDNCadAddins\Services\IAcadService.cs(2,1): warning SA1200: Using directive should appear within a namespace declaration (https://github.com/DotNetAnalyzers/StyleCopAnalyzers/blob/master/documentation/SA1200.md) [D:\leaveblackgithub\DDNCadAddins\src\DDNCadAddins\DDNCadAddins\DDNCadAddins.csproj]
D:\leaveblackgithub\DDNCadAddins\src\DDNCadAddins\DDNCadAddins\Services\IAcadService.cs(3,1): warning SA1200: Using directive should appear within a namespace declaration (https://github.com/DotNetAnalyzers/StyleCopAnalyzers/blob/master/documentation/SA1200.md) [D:\leaveblackgithub\DDNCadAddins\src\DDNCadAddins\DDNCadAddins\DDNCadAddins.csproj]
D:\leaveblackgithub\DDNCadAddins\src\DDNCadAddins\DDNCadAddins\Services\IAcadService.cs(4,1): warning SA1200: Using directive should appear within a namespace declaration (https://github.com/DotNetAnalyzers/StyleCopAnalyzers/blob/master/documentation/SA1200.md) [D:\leaveblackgithub\DDNCadAddins\src\DDNCadAddins\DDNCadAddins\DDNCadAddins.csproj]
D:\leaveblackgithub\DDNCadAddins\src\DDNCadAddins\DDNCadAddins\Services\IAcadService.cs(5,1): warning SA1200: Using directive should appear within a namespace declaration (https://github.com/DotNetAnalyzers/StyleCopAnalyzers/blob/master/documentation/SA1200.md) [D:\leaveblackgithub\DDNCadAddins\src\DDNCadAddins\DDNCadAddins\DDNCadAddins.csproj]
D:\leaveblackgithub\DDNCadAddins\src\DDNCadAddins\DDNCadAddins\Services\IAcadService.cs(6,1): warning SA1200: Using directive should appear within a namespace declaration (https://github.com/DotNetAnalyzers/StyleCopAnalyzers/blob/master/documentation/SA1200.md) [D:\leaveblackgithub\DDNCadAddins\src\DDNCadAddins\DDNCadAddins\DDNCadAddins.csproj]
D:\leaveblackgithub\DDNCadAddins\src\DDNCadAddins\DDNCadAddins\Services\IAcadService.cs(7,1): warning SA1200: Using directive should appear within a namespace declaration (https://github.com/DotNetAnalyzers/StyleCopAnalyzers/blob/master/documentation/SA1200.md) [D:\leaveblackgithub\DDNCadAddins\src\DDNCadAddins\DDNCadAddins\DDNCadAddins.csproj]
D:\leaveblackgithub\DDNCadAddins\src\DDNCadAddins\DDNCadAddins\Services\IBlockReferenceService.cs(1,1): warning SA1200: Using directive should appear within a namespace declaration (https://github.com/DotNetAnalyzers/StyleCopAnalyzers/blob/master/documentation/SA1200.md) [D:\leaveblackgithub\DDNCadAddins\src\DDNCadAddins\DDNCadAddins\DDNCadAddins.csproj]
D:\leaveblackgithub\DDNCadAddins\src\DDNCadAddins\DDNCadAddins\Services\IBlockReferenceService.cs(2,1): warning SA1200: Using directive should appear within a namespace declaration (https://github.com/DotNetAnalyzers/StyleCopAnalyzers/blob/master/documentation/SA1200.md) [D:\leaveblackgithub\DDNCadAddins\src\DDNCadAddins\DDNCadAddins\DDNCadAddins.csproj]
D:\leaveblackgithub\DDNCadAddins\src\DDNCadAddins\DDNCadAddins\Services\IBlockReferenceService.cs(3,1): warning SA1200: Using directive should appear within a namespace declaration (https://github.com/DotNetAnalyzers/StyleCopAnalyzers/blob/master/documentation/SA1200.md) [D:\leaveblackgithub\DDNCadAddins\src\DDNCadAddins\DDNCadAddins\DDNCadAddins.csproj]
D:\leaveblackgithub\DDNCadAddins\src\DDNCadAddins\DDNCadAddins\Services\IBlockReferenceService.cs(4,1): warning SA1200: Using directive should appear within a namespace declaration (https://github.com/DotNetAnalyzers/StyleCopAnalyzers/blob/master/documentation/SA1200.md) [D:\leaveblackgithub\DDNCadAddins\src\DDNCadAddins\DDNCadAddins\DDNCadAddins.csproj]
D:\leaveblackgithub\DDNCadAddins\src\DDNCadAddins\DDNCadAddins\Models\OperationResult.cs(107,16): warning SA1201: A constructor should not follow a property (https://github.com/DotNetAnalyzers/StyleCopAnalyzers/blob/master/documentation/SA1201.md) [D:\leaveblackgithub\DDNCadAddins\src\DDNCadAddins\DDNCadAddins\DDNCadAddins.csproj]
D:\leaveblackgithub\DDNCadAddins\src\DDNCadAddins\DDNCadAddins\Services\IDocumentService.cs(1,1): warning SA1200: Using directive should appear within a namespace declaration (https://github.com/DotNetAnalyzers/StyleCopAnalyzers/blob/master/documentation/SA1200.md) [D:\leaveblackgithub\DDNCadAddins\src\DDNCadAddins\DDNCadAddins\DDNCadAddins.csproj]
D:\leaveblackgithub\DDNCadAddins\src\DDNCadAddins\DDNCadAddins\Services\IDocumentService.cs(2,1): warning SA1200: Using directive should appear within a namespace declaration (https://github.com/DotNetAnalyzers/StyleCopAnalyzers/blob/master/documentation/SA1200.md) [D:\leaveblackgithub\DDNCadAddins\src\DDNCadAddins\DDNCadAddins\DDNCadAddins.csproj]
D:\leaveblackgithub\DDNCadAddins\src\DDNCadAddins\DDNCadAddins\Services\IDocumentService.cs(3,1): warning SA1200: Using directive should appear within a namespace declaration (https://github.com/DotNetAnalyzers/StyleCopAnalyzers/blob/master/documentation/SA1200.md) [D:\leaveblackgithub\DDNCadAddins\src\DDNCadAddins\DDNCadAddins\DDNCadAddins.csproj]
D:\leaveblackgithub\DDNCadAddins\src\DDNCadAddins\DDNCadAddins\Services\IDocumentService.cs(4,1): warning SA1200: Using directive should appear within a namespace declaration (https://github.com/DotNetAnalyzers/StyleCopAnalyzers/blob/master/documentation/SA1200.md) [D:\leaveblackgithub\DDNCadAddins\src\DDNCadAddins\DDNCadAddins\DDNCadAddins.csproj]
D:\leaveblackgithub\DDNCadAddins\src\DDNCadAddins\DDNCadAddins\Services\IDocumentService.cs(5,1): warning SA1200: Using directive should appear within a namespace declaration (https://github.com/DotNetAnalyzers/StyleCopAnalyzers/blob/master/documentation/SA1200.md) [D:\leaveblackgithub\DDNCadAddins\src\DDNCadAddins\DDNCadAddins\DDNCadAddins.csproj]
D:\leaveblackgithub\DDNCadAddins\src\DDNCadAddins\DDNCadAddins\Services\ITransactionService.cs(1,1): warning SA1200: Using directive should appear within a namespace declaration (https://github.com/DotNetAnalyzers/StyleCopAnalyzers/blob/master/documentation/SA1200.md) [D:\leaveblackgithub\DDNCadAddins\src\DDNCadAddins\DDNCadAddins\DDNCadAddins.csproj]
D:\leaveblackgithub\DDNCadAddins\src\DDNCadAddins\DDNCadAddins\Services\ITransactionService.cs(2,1): warning SA1200: Using directive should appear within a namespace declaration (https://github.com/DotNetAnalyzers/StyleCopAnalyzers/blob/master/documentation/SA1200.md) [D:\leaveblackgithub\DDNCadAddins\src\DDNCadAddins\DDNCadAddins\DDNCadAddins.csproj]
D:\leaveblackgithub\DDNCadAddins\src\DDNCadAddins\DDNCadAddins\Services\ITransactionService.cs(3,1): warning SA1200: Using directive should appear within a namespace declaration (https://github.com/DotNetAnalyzers/StyleCopAnalyzers/blob/master/documentation/SA1200.md) [D:\leaveblackgithub\DDNCadAddins\src\DDNCadAddins\DDNCadAddins\DDNCadAddins.csproj]
D:\leaveblackgithub\DDNCadAddins\src\DDNCadAddins\DDNCadAddins\Commands\CommandBase.cs(21,1): warning SA1028: Code should not contain trailing whitespace (https://github.com/DotNetAnalyzers/StyleCopAnalyzers/blob/master/documentation/SA1028.md) [D:\leaveblackgithub\DDNCadAddins\src\DDNCadAddins\DDNCadAddins\DDNCadAddins.csproj]
D:\leaveblackgithub\DDNCadAddins\src\DDNCadAddins\DDNCadAddins\Commands\CommandBase.cs(26,1): warning SA1028: Code should not contain trailing whitespace (https://github.com/DotNetAnalyzers/StyleCopAnalyzers/blob/master/documentation/SA1028.md) [D:\leaveblackgithub\DDNCadAddins\src\DDNCadAddins\DDNCadAddins\DDNCadAddins.csproj]
D:\leaveblackgithub\DDNCadAddins\src\DDNCadAddins\DDNCadAddins\Commands\CommandBase.cs(31,1): warning SA1028: Code should not contain trailing whitespace (https://github.com/DotNetAnalyzers/StyleCopAnalyzers/blob/master/documentation/SA1028.md) [D:\leaveblackgithub\DDNCadAddins\src\DDNCadAddins\DDNCadAddins\DDNCadAddins.csproj]
D:\leaveblackgithub\DDNCadAddins\src\DDNCadAddins\DDNCadAddins\Commands\CommandBase.cs(36,1): warning SA1028: Code should not contain trailing whitespace (https://github.com/DotNetAnalyzers/StyleCopAnalyzers/blob/master/documentation/SA1028.md) [D:\leaveblackgithub\DDNCadAddins\src\DDNCadAddins\DDNCadAddins\DDNCadAddins.csproj]
D:\leaveblackgithub\DDNCadAddins\src\DDNCadAddins\DDNCadAddins\Commands\CommandBase.cs(41,1): warning SA1028: Code should not contain trailing whitespace (https://github.com/DotNetAnalyzers/StyleCopAnalyzers/blob/master/documentation/SA1028.md) [D:\leaveblackgithub\DDNCadAddins\src\DDNCadAddins\DDNCadAddins\DDNCadAddins.csproj]
D:\leaveblackgithub\DDNCadAddins\src\DDNCadAddins\DDNCadAddins\Commands\CommandBase.cs(60,1): warning SA1028: Code should not contain trailing whitespace (https://github.com/DotNetAnalyzers/StyleCopAnalyzers/blob/master/documentation/SA1028.md) [D:\leaveblackgithub\DDNCadAddins\src\DDNCadAddins\DDNCadAddins\DDNCadAddins.csproj]
D:\leaveblackgithub\DDNCadAddins\src\DDNCadAddins\DDNCadAddins\Commands\CommandBase.cs(64,32): warning SA1028: Code should not contain trailing whitespace (https://github.com/DotNetAnalyzers/StyleCopAnalyzers/blob/master/documentation/SA1028.md) [D:\leaveblackgithub\DDNCadAddins\src\DDNCadAddins\DDNCadAddins\DDNCadAddins.csproj]
D:\leaveblackgithub\DDNCadAddins\src\DDNCadAddins\DDNCadAddins\Commands\CommandBase.cs(74,1): warning SA1028: Code should not contain trailing whitespace (https://github.com/DotNetAnalyzers/StyleCopAnalyzers/blob/master/documentation/SA1028.md) [D:\leaveblackgithub\DDNCadAddins\src\DDNCadAddins\DDNCadAddins\DDNCadAddins.csproj]
D:\leaveblackgithub\DDNCadAddins\src\DDNCadAddins\DDNCadAddins\Commands\CommandBase.cs(85,1): warning SA1028: Code should not contain trailing whitespace (https://github.com/DotNetAnalyzers/StyleCopAnalyzers/blob/master/documentation/SA1028.md) [D:\leaveblackgithub\DDNCadAddins\src\DDNCadAddins\DDNCadAddins\DDNCadAddins.csproj]
D:\leaveblackgithub\DDNCadAddins\src\DDNCadAddins\DDNCadAddins\Commands\CommandBase.cs(101,1): warning SA1028: Code should not contain trailing whitespace (https://github.com/DotNetAnalyzers/StyleCopAnalyzers/blob/master/documentation/SA1028.md) [D:\leaveblackgithub\DDNCadAddins\src\DDNCadAddins\DDNCadAddins\DDNCadAddins.csproj]
D:\leaveblackgithub\DDNCadAddins\src\DDNCadAddins\DDNCadAddins\Commands\CommandBase.cs(106,1): warning SA1028: Code should not contain trailing whitespace (https://github.com/DotNetAnalyzers/StyleCopAnalyzers/blob/master/documentation/SA1028.md) [D:\leaveblackgithub\DDNCadAddins\src\DDNCadAddins\DDNCadAddins\DDNCadAddins.csproj]
D:\leaveblackgithub\DDNCadAddins\src\DDNCadAddins\DDNCadAddins\Commands\CommandBase.cs(115,1): warning SA1028: Code should not contain trailing whitespace (https://github.com/DotNetAnalyzers/StyleCopAnalyzers/blob/master/documentation/SA1028.md) [D:\leaveblackgithub\DDNCadAddins\src\DDNCadAddins\DDNCadAddins\DDNCadAddins.csproj]
D:\leaveblackgithub\DDNCadAddins\src\DDNCadAddins\DDNCadAddins\Commands\CommandBase.cs(125,1): warning SA1028: Code should not contain trailing whitespace (https://github.com/DotNetAnalyzers/StyleCopAnalyzers/blob/master/documentation/SA1028.md) [D:\leaveblackgithub\DDNCadAddins\src\DDNCadAddins\DDNCadAddins\DDNCadAddins.csproj]
D:\leaveblackgithub\DDNCadAddins\src\DDNCadAddins\DDNCadAddins\Commands\CommandBase.cs(135,1): warning SA1028: Code should not contain trailing whitespace (https://github.com/DotNetAnalyzers/StyleCopAnalyzers/blob/master/documentation/SA1028.md) [D:\leaveblackgithub\DDNCadAddins\src\DDNCadAddins\DDNCadAddins\DDNCadAddins.csproj]
D:\leaveblackgithub\DDNCadAddins\src\DDNCadAddins\DDNCadAddins\Commands\CommandBase.cs(145,2): warning SA1028: Code should not contain trailing whitespace (https://github.com/DotNetAnalyzers/StyleCopAnalyzers/blob/master/documentation/SA1028.md) [D:\leaveblackgithub\DDNCadAddins\src\DDNCadAddins\DDNCadAddins\DDNCadAddins.csproj]
D:\leaveblackgithub\DDNCadAddins\src\DDNCadAddins\DDNCadAddins\Commands\FindXClippedBlocksCommand.cs(1,1): warning SA1633: The file header is missing or not located at the top of the file. (https://github.com/DotNetAnalyzers/StyleCopAnalyzers/blob/master/documentation/SA1633.md) [D:\leaveblackgithub\DDNCadAddins\src\DDNCadAddins\DDNCadAddins\DDNCadAddins.csproj]
D:\leaveblackgithub\DDNCadAddins\src\DDNCadAddins\DDNCadAddins\Services\AcadService.cs(1,1): warning SA1200: Using directive should appear within a namespace declaration (https://github.com/DotNetAnalyzers/StyleCopAnalyzers/blob/master/documentation/SA1200.md) [D:\leaveblackgithub\DDNCadAddins\src\DDNCadAddins\DDNCadAddins\DDNCadAddins.csproj]
D:\leaveblackgithub\DDNCadAddins\src\DDNCadAddins\DDNCadAddins\Services\AcadService.cs(2,1): warning SA1200: Using directive should appear within a namespace declaration (https://github.com/DotNetAnalyzers/StyleCopAnalyzers/blob/master/documentation/SA1200.md) [D:\leaveblackgithub\DDNCadAddins\src\DDNCadAddins\DDNCadAddins\DDNCadAddins.csproj]
D:\leaveblackgithub\DDNCadAddins\src\DDNCadAddins\DDNCadAddins\Services\AcadService.cs(3,1): warning SA1200: Using directive should appear within a namespace declaration (https://github.com/DotNetAnalyzers/StyleCopAnalyzers/blob/master/documentation/SA1200.md) [D:\leaveblackgithub\DDNCadAddins\src\DDNCadAddins\DDNCadAddins\DDNCadAddins.csproj]
D:\leaveblackgithub\DDNCadAddins\src\DDNCadAddins\DDNCadAddins\Services\AcadService.cs(4,1): warning SA1200: Using directive should appear within a namespace declaration (https://github.com/DotNetAnalyzers/StyleCopAnalyzers/blob/master/documentation/SA1200.md) [D:\leaveblackgithub\DDNCadAddins\src\DDNCadAddins\DDNCadAddins\DDNCadAddins.csproj]
D:\leaveblackgithub\DDNCadAddins\src\DDNCadAddins\DDNCadAddins\Services\AcadService.cs(5,1): warning SA1200: Using directive should appear within a namespace declaration (https://github.com/DotNetAnalyzers/StyleCopAnalyzers/blob/master/documentation/SA1200.md) [D:\leaveblackgithub\DDNCadAddins\src\DDNCadAddins\DDNCadAddins\DDNCadAddins.csproj]
D:\leaveblackgithub\DDNCadAddins\src\DDNCadAddins\DDNCadAddins\Services\AcadService.cs(6,1): warning SA1200: Using directive should appear within a namespace declaration (https://github.com/DotNetAnalyzers/StyleCopAnalyzers/blob/master/documentation/SA1200.md) [D:\leaveblackgithub\DDNCadAddins\src\DDNCadAddins\DDNCadAddins\DDNCadAddins.csproj]
D:\leaveblackgithub\DDNCadAddins\src\DDNCadAddins\DDNCadAddins\Services\AcadService.cs(7,1): warning SA1200: Using directive should appear within a namespace declaration (https://github.com/DotNetAnalyzers/StyleCopAnalyzers/blob/master/documentation/SA1200.md) [D:\leaveblackgithub\DDNCadAddins\src\DDNCadAddins\DDNCadAddins\DDNCadAddins.csproj]
D:\leaveblackgithub\DDNCadAddins\src\DDNCadAddins\DDNCadAddins\Services\AcadService.cs(8,1): warning SA1200: Using directive should appear within a namespace declaration (https://github.com/DotNetAnalyzers/StyleCopAnalyzers/blob/master/documentation/SA1200.md) [D:\leaveblackgithub\DDNCadAddins\src\DDNCadAddins\DDNCadAddins\DDNCadAddins.csproj]
D:\leaveblackgithub\DDNCadAddins\src\DDNCadAddins\DDNCadAddins\Services\AcadService.cs(9,1): warning SA1200: Using directive should appear within a namespace declaration (https://github.com/DotNetAnalyzers/StyleCopAnalyzers/blob/master/documentation/SA1200.md) [D:\leaveblackgithub\DDNCadAddins\src\DDNCadAddins\DDNCadAddins\DDNCadAddins.csproj]
D:\leaveblackgithub\DDNCadAddins\src\DDNCadAddins\DDNCadAddins\Services\AcadService.cs(10,1): warning SA1200: Using directive should appear within a namespace declaration (https://github.com/DotNetAnalyzers/StyleCopAnalyzers/blob/master/documentation/SA1200.md) [D:\leaveblackgithub\DDNCadAddins\src\DDNCadAddins\DDNCadAddins\DDNCadAddins.csproj]
D:\leaveblackgithub\DDNCadAddins\src\DDNCadAddins\DDNCadAddins\Services\AcadService.cs(12,1): warning SA1200: Using directive should appear within a namespace declaration (https://github.com/DotNetAnalyzers/StyleCopAnalyzers/blob/master/documentation/SA1200.md) [D:\leaveblackgithub\DDNCadAddins\src\DDNCadAddins\DDNCadAddins\DDNCadAddins.csproj]
D:\leaveblackgithub\DDNCadAddins\src\DDNCadAddins\DDNCadAddins\Services\AcadService.cs(13,1): warning SA1200: Using directive should appear within a namespace declaration (https://github.com/DotNetAnalyzers/StyleCopAnalyzers/blob/master/documentation/SA1200.md) [D:\leaveblackgithub\DDNCadAddins\src\DDNCadAddins\DDNCadAddins\DDNCadAddins.csproj]
D:\leaveblackgithub\DDNCadAddins\src\DDNCadAddins\DDNCadAddins\Services\IBlockDataService.cs(1,1): warning SA1200: Using directive should appear within a namespace declaration (https://github.com/DotNetAnalyzers/StyleCopAnalyzers/blob/master/documentation/SA1200.md) [D:\leaveblackgithub\DDNCadAddins\src\DDNCadAddins\DDNCadAddins\DDNCadAddins.csproj]
D:\leaveblackgithub\DDNCadAddins\src\DDNCadAddins\DDNCadAddins\Services\IBlockDataService.cs(2,1): warning SA1200: Using directive should appear within a namespace declaration (https://github.com/DotNetAnalyzers/StyleCopAnalyzers/blob/master/documentation/SA1200.md) [D:\leaveblackgithub\DDNCadAddins\src\DDNCadAddins\DDNCadAddins\DDNCadAddins.csproj]
D:\leaveblackgithub\DDNCadAddins\src\DDNCadAddins\DDNCadAddins\Services\IBlockDataService.cs(3,1): warning SA1200: Using directive should appear within a namespace declaration (https://github.com/DotNetAnalyzers/StyleCopAnalyzers/blob/master/documentation/SA1200.md) [D:\leaveblackgithub\DDNCadAddins\src\DDNCadAddins\DDNCadAddins\DDNCadAddins.csproj]
D:\leaveblackgithub\DDNCadAddins\src\DDNCadAddins\DDNCadAddins\Services\ICsvExportService.cs(1,1): warning SA1200: Using directive should appear within a namespace declaration (https://github.com/DotNetAnalyzers/StyleCopAnalyzers/blob/master/documentation/SA1200.md) [D:\leaveblackgithub\DDNCadAddins\src\DDNCadAddins\DDNCadAddins\DDNCadAddins.csproj]
D:\leaveblackgithub\DDNCadAddins\src\DDNCadAddins\DDNCadAddins\Services\ICsvExportService.cs(2,1): warning SA1200: Using directive should appear within a namespace declaration (https://github.com/DotNetAnalyzers/StyleCopAnalyzers/blob/master/documentation/SA1200.md) [D:\leaveblackgithub\DDNCadAddins\src\DDNCadAddins\DDNCadAddins\DDNCadAddins.csproj]
D:\leaveblackgithub\DDNCadAddins\src\DDNCadAddins\DDNCadAddins\Services\ICsvExportService.cs(3,1): warning SA1200: Using directive should appear within a namespace declaration (https://github.com/DotNetAnalyzers/StyleCopAnalyzers/blob/master/documentation/SA1200.md) [D:\leaveblackgithub\DDNCadAddins\src\DDNCadAddins\DDNCadAddins\DDNCadAddins.csproj]
D:\leaveblackgithub\DDNCadAddins\src\DDNCadAddins\DDNCadAddins\Commands\FindXClippedBlocksCommand.cs(18,1): warning SA1028: Code should not contain trailing whitespace (https://github.com/DotNetAnalyzers/StyleCopAnalyzers/blob/master/documentation/SA1028.md) [D:\leaveblackgithub\DDNCadAddins\src\DDNCadAddins\DDNCadAddins\DDNCadAddins.csproj]
D:\leaveblackgithub\DDNCadAddins\src\DDNCadAddins\DDNCadAddins\Commands\FindXClippedBlocksCommand.cs(41,1): warning SA1028: Code should not contain trailing whitespace (https://github.com/DotNetAnalyzers/StyleCopAnalyzers/blob/master/documentation/SA1028.md) [D:\leaveblackgithub\DDNCadAddins\src\DDNCadAddins\DDNCadAddins\DDNCadAddins.csproj]
D:\leaveblackgithub\DDNCadAddins\src\DDNCadAddins\DDNCadAddins\Commands\FindXClippedBlocksCommand.cs(51,1): warning SA1028: Code should not contain trailing whitespace (https://github.com/DotNetAnalyzers/StyleCopAnalyzers/blob/master/documentation/SA1028.md) [D:\leaveblackgithub\DDNCadAddins\src\DDNCadAddins\DDNCadAddins\DDNCadAddins.csproj]
D:\leaveblackgithub\DDNCadAddins\src\DDNCadAddins\DDNCadAddins\Commands\FindXClippedBlocksCommand.cs(60,1): warning SA1028: Code should not contain trailing whitespace (https://github.com/DotNetAnalyzers/StyleCopAnalyzers/blob/master/documentation/SA1028.md) [D:\leaveblackgithub\DDNCadAddins\src\DDNCadAddins\DDNCadAddins\DDNCadAddins.csproj]
D:\leaveblackgithub\DDNCadAddins\src\DDNCadAddins\DDNCadAddins\Commands\FindXClippedBlocksCommand.cs(67,1): warning SA1028: Code should not contain trailing whitespace (https://github.com/DotNetAnalyzers/StyleCopAnalyzers/blob/master/documentation/SA1028.md) [D:\leaveblackgithub\DDNCadAddins\src\DDNCadAddins\DDNCadAddins\DDNCadAddins.csproj]
D:\leaveblackgithub\DDNCadAddins\src\DDNCadAddins\DDNCadAddins\Commands\FindXClippedBlocksCommand.cs(70,1): warning SA1028: Code should not contain trailing whitespace (https://github.com/DotNetAnalyzers/StyleCopAnalyzers/blob/master/documentation/SA1028.md) [D:\leaveblackgithub\DDNCadAddins\src\DDNCadAddins\DDNCadAddins\DDNCadAddins.csproj]
D:\leaveblackgithub\DDNCadAddins\src\DDNCadAddins\DDNCadAddins\Commands\FindXClippedBlocksCommand.cs(72,1): warning SA1028: Code should not contain trailing whitespace (https://github.com/DotNetAnalyzers/StyleCopAnalyzers/blob/master/documentation/SA1028.md) [D:\leaveblackgithub\DDNCadAddins\src\DDNCadAddins\DDNCadAddins\DDNCadAddins.csproj]
D:\leaveblackgithub\DDNCadAddins\src\DDNCadAddins\DDNCadAddins\Commands\FindXClippedBlocksCommand.cs(78,1): warning SA1028: Code should not contain trailing whitespace (https://github.com/DotNetAnalyzers/StyleCopAnalyzers/blob/master/documentation/SA1028.md) [D:\leaveblackgithub\DDNCadAddins\src\DDNCadAddins\DDNCadAddins\DDNCadAddins.csproj]
D:\leaveblackgithub\DDNCadAddins\src\DDNCadAddins\DDNCadAddins\Commands\FindXClippedBlocksCommand.cs(81,1): warning SA1028: Code should not contain trailing whitespace (https://github.com/DotNetAnalyzers/StyleCopAnalyzers/blob/master/documentation/SA1028.md) [D:\leaveblackgithub\DDNCadAddins\src\DDNCadAddins\DDNCadAddins\DDNCadAddins.csproj]
D:\leaveblackgithub\DDNCadAddins\src\DDNCadAddins\DDNCadAddins\Commands\FindXClippedBlocksCommand.cs(88,2): warning SA1028: Code should not contain trailing whitespace (https://github.com/DotNetAnalyzers/StyleCopAnalyzers/blob/master/documentation/SA1028.md) [D:\leaveblackgithub\DDNCadAddins\src\DDNCadAddins\DDNCadAddins\DDNCadAddins.csproj]
D:\leaveblackgithub\DDNCadAddins\src\DDNCadAddins\DDNCadAddins\Services\IUserInterfaceService.cs(1,1): warning SA1200: Using directive should appear within a namespace declaration (https://github.com/DotNetAnalyzers/StyleCopAnalyzers/blob/master/documentation/SA1200.md) [D:\leaveblackgithub\DDNCadAddins\src\DDNCadAddins\DDNCadAddins\DDNCadAddins.csproj]
D:\leaveblackgithub\DDNCadAddins\src\DDNCadAddins\DDNCadAddins\Commands\CreateXClippedBlockCommand.cs(1,1): warning SA1633: The file header is missing or not located at the top of the file. (https://github.com/DotNetAnalyzers/StyleCopAnalyzers/blob/master/documentation/SA1633.md) [D:\leaveblackgithub\DDNCadAddins\src\DDNCadAddins\DDNCadAddins\DDNCadAddins.csproj]
D:\leaveblackgithub\DDNCadAddins\src\DDNCadAddins\DDNCadAddins\Services\IUserInterfaceService.cs(2,1): warning SA1200: Using directive should appear within a namespace declaration (https://github.com/DotNetAnalyzers/StyleCopAnalyzers/blob/master/documentation/SA1200.md) [D:\leaveblackgithub\DDNCadAddins\src\DDNCadAddins\DDNCadAddins\DDNCadAddins.csproj]
D:\leaveblackgithub\DDNCadAddins\src\DDNCadAddins\DDNCadAddins\Services\IUserInterfaceService.cs(3,1): warning SA1200: Using directive should appear within a namespace declaration (https://github.com/DotNetAnalyzers/StyleCopAnalyzers/blob/master/documentation/SA1200.md) [D:\leaveblackgithub\DDNCadAddins\src\DDNCadAddins\DDNCadAddins\DDNCadAddins.csproj]
D:\leaveblackgithub\DDNCadAddins\src\DDNCadAddins\DDNCadAddins\Services\IUserInterfaceService.cs(3,1): warning SA1208: Using directive for 'System.Collections.Generic' should appear before directive for 'Autodesk.AutoCAD.EditorInput' (https://github.com/DotNetAnalyzers/StyleCopAnalyzers/blob/master/documentation/SA1208.md) [D:\leaveblackgithub\DDNCadAddins\src\DDNCadAddins\DDNCadAddins\DDNCadAddins.csproj]
D:\leaveblackgithub\DDNCadAddins\src\DDNCadAddins\DDNCadAddins\Services\IViewService.cs(1,1): warning SA1200: Using directive should appear within a namespace declaration (https://github.com/DotNetAnalyzers/StyleCopAnalyzers/blob/master/documentation/SA1200.md) [D:\leaveblackgithub\DDNCadAddins\src\DDNCadAddins\DDNCadAddins\DDNCadAddins.csproj]
D:\leaveblackgithub\DDNCadAddins\src\DDNCadAddins\DDNCadAddins\Services\IViewService.cs(2,1): warning SA1200: Using directive should appear within a namespace declaration (https://github.com/DotNetAnalyzers/StyleCopAnalyzers/blob/master/documentation/SA1200.md) [D:\leaveblackgithub\DDNCadAddins\src\DDNCadAddins\DDNCadAddins\DDNCadAddins.csproj]
D:\leaveblackgithub\DDNCadAddins\src\DDNCadAddins\DDNCadAddins\Services\IViewService.cs(3,1): warning SA1200: Using directive should appear within a namespace declaration (https://github.com/DotNetAnalyzers/StyleCopAnalyzers/blob/master/documentation/SA1200.md) [D:\leaveblackgithub\DDNCadAddins\src\DDNCadAddins\DDNCadAddins\DDNCadAddins.csproj]
D:\leaveblackgithub\DDNCadAddins\src\DDNCadAddins\DDNCadAddins\Services\IViewService.cs(4,1): warning SA1200: Using directive should appear within a namespace declaration (https://github.com/DotNetAnalyzers/StyleCopAnalyzers/blob/master/documentation/SA1200.md) [D:\leaveblackgithub\DDNCadAddins\src\DDNCadAddins\DDNCadAddins\DDNCadAddins.csproj]
D:\leaveblackgithub\DDNCadAddins\src\DDNCadAddins\DDNCadAddins\Services\IViewService.cs(4,1): warning SA1208: Using directive for 'System.Collections.Generic' should appear before directive for 'DDNCadAddins.Models' (https://github.com/DotNetAnalyzers/StyleCopAnalyzers/blob/master/documentation/SA1208.md) [D:\leaveblackgithub\DDNCadAddins\src\DDNCadAddins\DDNCadAddins\DDNCadAddins.csproj]
D:\leaveblackgithub\DDNCadAddins\src\DDNCadAddins\DDNCadAddins\Services\IXClipBlockService.cs(1,1): warning SA1200: Using directive should appear within a namespace declaration (https://github.com/DotNetAnalyzers/StyleCopAnalyzers/blob/master/documentation/SA1200.md) [D:\leaveblackgithub\DDNCadAddins\src\DDNCadAddins\DDNCadAddins\DDNCadAddins.csproj]
D:\leaveblackgithub\DDNCadAddins\src\DDNCadAddins\DDNCadAddins\Services\IXClipBlockService.cs(2,1): warning SA1200: Using directive should appear within a namespace declaration (https://github.com/DotNetAnalyzers/StyleCopAnalyzers/blob/master/documentation/SA1200.md) [D:\leaveblackgithub\DDNCadAddins\src\DDNCadAddins\DDNCadAddins\DDNCadAddins.csproj]
D:\leaveblackgithub\DDNCadAddins\src\DDNCadAddins\DDNCadAddins\Services\IXClipBlockService.cs(3,1): warning SA1200: Using directive should appear within a namespace declaration (https://github.com/DotNetAnalyzers/StyleCopAnalyzers/blob/master/documentation/SA1200.md) [D:\leaveblackgithub\DDNCadAddins\src\DDNCadAddins\DDNCadAddins\DDNCadAddins.csproj]
D:\leaveblackgithub\DDNCadAddins\src\DDNCadAddins\DDNCadAddins\Services\IXClipBlockService.cs(4,1): warning SA1200: Using directive should appear within a namespace declaration (https://github.com/DotNetAnalyzers/StyleCopAnalyzers/blob/master/documentation/SA1200.md) [D:\leaveblackgithub\DDNCadAddins\src\DDNCadAddins\DDNCadAddins\DDNCadAddins.csproj]
D:\leaveblackgithub\DDNCadAddins\src\DDNCadAddins\DDNCadAddins\Services\TransactionService.cs(1,1): warning SA1200: Using directive should appear within a namespace declaration (https://github.com/DotNetAnalyzers/StyleCopAnalyzers/blob/master/documentation/SA1200.md) [D:\leaveblackgithub\DDNCadAddins\src\DDNCadAddins\DDNCadAddins\DDNCadAddins.csproj]
D:\leaveblackgithub\DDNCadAddins\src\DDNCadAddins\DDNCadAddins\Services\TransactionService.cs(2,1): warning SA1200: Using directive should appear within a namespace declaration (https://github.com/DotNetAnalyzers/StyleCopAnalyzers/blob/master/documentation/SA1200.md) [D:\leaveblackgithub\DDNCadAddins\src\DDNCadAddins\DDNCadAddins\DDNCadAddins.csproj]
D:\leaveblackgithub\DDNCadAddins\src\DDNCadAddins\DDNCadAddins\Services\TransactionService.cs(3,1): warning SA1200: Using directive should appear within a namespace declaration (https://github.com/DotNetAnalyzers/StyleCopAnalyzers/blob/master/documentation/SA1200.md) [D:\leaveblackgithub\DDNCadAddins\src\DDNCadAddins\DDNCadAddins\DDNCadAddins.csproj]
D:\leaveblackgithub\DDNCadAddins\src\DDNCadAddins\DDNCadAddins\Services\TransactionService.cs(4,1): warning SA1200: Using directive should appear within a namespace declaration (https://github.com/DotNetAnalyzers/StyleCopAnalyzers/blob/master/documentation/SA1200.md) [D:\leaveblackgithub\DDNCadAddins\src\DDNCadAddins\DDNCadAddins\DDNCadAddins.csproj]
D:\leaveblackgithub\DDNCadAddins\src\DDNCadAddins\DDNCadAddins\Services\TransactionService.cs(5,1): warning SA1200: Using directive should appear within a namespace declaration (https://github.com/DotNetAnalyzers/StyleCopAnalyzers/blob/master/documentation/SA1200.md) [D:\leaveblackgithub\DDNCadAddins\src\DDNCadAddins\DDNCadAddins\DDNCadAddins.csproj]
D:\leaveblackgithub\DDNCadAddins\src\DDNCadAddins\DDNCadAddins\Commands\CreateXClippedBlockCommand.cs(16,1): warning SA1028: Code should not contain trailing whitespace (https://github.com/DotNetAnalyzers/StyleCopAnalyzers/blob/master/documentation/SA1028.md) [D:\leaveblackgithub\DDNCadAddins\src\DDNCadAddins\DDNCadAddins\DDNCadAddins.csproj]
D:\leaveblackgithub\DDNCadAddins\src\DDNCadAddins\DDNCadAddins\Commands\CreateXClippedBlockCommand.cs(36,1): warning SA1028: Code should not contain trailing whitespace (https://github.com/DotNetAnalyzers/StyleCopAnalyzers/blob/master/documentation/SA1028.md) [D:\leaveblackgithub\DDNCadAddins\src\DDNCadAddins\DDNCadAddins\DDNCadAddins.csproj]
D:\leaveblackgithub\DDNCadAddins\src\DDNCadAddins\DDNCadAddins\Commands\CreateXClippedBlockCommand.cs(45,1): warning SA1028: Code should not contain trailing whitespace (https://github.com/DotNetAnalyzers/StyleCopAnalyzers/blob/master/documentation/SA1028.md) [D:\leaveblackgithub\DDNCadAddins\src\DDNCadAddins\DDNCadAddins\DDNCadAddins.csproj]
D:\leaveblackgithub\DDNCadAddins\src\DDNCadAddins\DDNCadAddins\Commands\CreateXClippedBlockCommand.cs(54,1): warning SA1028: Code should not contain trailing whitespace (https://github.com/DotNetAnalyzers/StyleCopAnalyzers/blob/master/documentation/SA1028.md) [D:\leaveblackgithub\DDNCadAddins\src\DDNCadAddins\DDNCadAddins\DDNCadAddins.csproj]
D:\leaveblackgithub\DDNCadAddins\src\DDNCadAddins\DDNCadAddins\Commands\CreateXClippedBlockCommand.cs(61,1): warning SA1028: Code should not contain trailing whitespace (https://github.com/DotNetAnalyzers/StyleCopAnalyzers/blob/master/documentation/SA1028.md) [D:\leaveblackgithub\DDNCadAddins\src\DDNCadAddins\DDNCadAddins\DDNCadAddins.csproj]
D:\leaveblackgithub\DDNCadAddins\src\DDNCadAddins\DDNCadAddins\Commands\CreateXClippedBlockCommand.cs(64,1): warning SA1028: Code should not contain trailing whitespace (https://github.com/DotNetAnalyzers/StyleCopAnalyzers/blob/master/documentation/SA1028.md) [D:\leaveblackgithub\DDNCadAddins\src\DDNCadAddins\DDNCadAddins\DDNCadAddins.csproj]
D:\leaveblackgithub\DDNCadAddins\src\DDNCadAddins\DDNCadAddins\Commands\CreateXClippedBlockCommand.cs(66,1): warning SA1028: Code should not contain trailing whitespace (https://github.com/DotNetAnalyzers/StyleCopAnalyzers/blob/master/documentation/SA1028.md) [D:\leaveblackgithub\DDNCadAddins\src\DDNCadAddins\DDNCadAddins\DDNCadAddins.csproj]
D:\leaveblackgithub\DDNCadAddins\src\DDNCadAddins\DDNCadAddins\Commands\CreateXClippedBlockCommand.cs(71,1): warning SA1028: Code should not contain trailing whitespace (https://github.com/DotNetAnalyzers/StyleCopAnalyzers/blob/master/documentation/SA1028.md) [D:\leaveblackgithub\DDNCadAddins\src\DDNCadAddins\DDNCadAddins\DDNCadAddins.csproj]
D:\leaveblackgithub\DDNCadAddins\src\DDNCadAddins\DDNCadAddins\Commands\CreateXClippedBlockCommand.cs(84,1): warning SA1028: Code should not contain trailing whitespace (https://github.com/DotNetAnalyzers/StyleCopAnalyzers/blob/master/documentation/SA1028.md) [D:\leaveblackgithub\DDNCadAddins\src\DDNCadAddins\DDNCadAddins\DDNCadAddins.csproj]
D:\leaveblackgithub\DDNCadAddins\src\DDNCadAddins\DDNCadAddins\Commands\CreateXClippedBlockCommand.cs(91,1): warning SA1028: Code should not contain trailing whitespace (https://github.com/DotNetAnalyzers/StyleCopAnalyzers/blob/master/documentation/SA1028.md) [D:\leaveblackgithub\DDNCadAddins\src\DDNCadAddins\DDNCadAddins\DDNCadAddins.csproj]
D:\leaveblackgithub\DDNCadAddins\src\DDNCadAddins\DDNCadAddins\Commands\CreateXClippedBlockCommand.cs(93,1): warning SA1028: Code should not contain trailing whitespace (https://github.com/DotNetAnalyzers/StyleCopAnalyzers/blob/master/documentation/SA1028.md) [D:\leaveblackgithub\DDNCadAddins\src\DDNCadAddins\DDNCadAddins\DDNCadAddins.csproj]
D:\leaveblackgithub\DDNCadAddins\src\DDNCadAddins\DDNCadAddins\Commands\CreateXClippedBlockCommand.cs(104,1): warning SA1028: Code should not contain trailing whitespace (https://github.com/DotNetAnalyzers/StyleCopAnalyzers/blob/master/documentation/SA1028.md) [D:\leaveblackgithub\DDNCadAddins\src\DDNCadAddins\DDNCadAddins\DDNCadAddins.csproj]
D:\leaveblackgithub\DDNCadAddins\src\DDNCadAddins\DDNCadAddins\Commands\CreateXClippedBlockCommand.cs(118,2): warning SA1028: Code should not contain trailing whitespace (https://github.com/DotNetAnalyzers/StyleCopAnalyzers/blob/master/documentation/SA1028.md) [D:\leaveblackgithub\DDNCadAddins\src\DDNCadAddins\DDNCadAddins\DDNCadAddins.csproj]
D:\leaveblackgithub\DDNCadAddins\src\DDNCadAddins\DDNCadAddins\Commands\IsolateXClippedBlocksCommand.cs(1,1): warning SA1633: The file header is missing or not located at the top of the file. (https://github.com/DotNetAnalyzers/StyleCopAnalyzers/blob/master/documentation/SA1633.md) [D:\leaveblackgithub\DDNCadAddins\src\DDNCadAddins\DDNCadAddins\DDNCadAddins.csproj]
D:\leaveblackgithub\DDNCadAddins\src\DDNCadAddins\DDNCadAddins\Services\XClipBlockService.Core.cs(1,1): warning SA1200: Using directive should appear within a namespace declaration (https://github.com/DotNetAnalyzers/StyleCopAnalyzers/blob/master/documentation/SA1200.md) [D:\leaveblackgithub\DDNCadAddins\src\DDNCadAddins\DDNCadAddins\DDNCadAddins.csproj]
D:\leaveblackgithub\DDNCadAddins\src\DDNCadAddins\DDNCadAddins\Services\XClipBlockService.Core.cs(2,1): warning SA1200: Using directive should appear within a namespace declaration (https://github.com/DotNetAnalyzers/StyleCopAnalyzers/blob/master/documentation/SA1200.md) [D:\leaveblackgithub\DDNCadAddins\src\DDNCadAddins\DDNCadAddins\DDNCadAddins.csproj]
D:\leaveblackgithub\DDNCadAddins\src\DDNCadAddins\DDNCadAddins\Services\XClipBlockService.Core.cs(3,1): warning SA1200: Using directive should appear within a namespace declaration (https://github.com/DotNetAnalyzers/StyleCopAnalyzers/blob/master/documentation/SA1200.md) [D:\leaveblackgithub\DDNCadAddins\src\DDNCadAddins\DDNCadAddins\DDNCadAddins.csproj]
D:\leaveblackgithub\DDNCadAddins\src\DDNCadAddins\DDNCadAddins\Services\XClipBlockService.Core.cs(4,1): warning SA1200: Using directive should appear within a namespace declaration (https://github.com/DotNetAnalyzers/StyleCopAnalyzers/blob/master/documentation/SA1200.md) [D:\leaveblackgithub\DDNCadAddins\src\DDNCadAddins\DDNCadAddins\DDNCadAddins.csproj]
D:\leaveblackgithub\DDNCadAddins\src\DDNCadAddins\DDNCadAddins\Services\XClipBlockService.Core.cs(5,1): warning SA1200: Using directive should appear within a namespace declaration (https://github.com/DotNetAnalyzers/StyleCopAnalyzers/blob/master/documentation/SA1200.md) [D:\leaveblackgithub\DDNCadAddins\src\DDNCadAddins\DDNCadAddins\DDNCadAddins.csproj]
D:\leaveblackgithub\DDNCadAddins\src\DDNCadAddins\DDNCadAddins\Services\XClipBlockService.Core.cs(6,1): warning SA1200: Using directive should appear within a namespace declaration (https://github.com/DotNetAnalyzers/StyleCopAnalyzers/blob/master/documentation/SA1200.md) [D:\leaveblackgithub\DDNCadAddins\src\DDNCadAddins\DDNCadAddins\DDNCadAddins.csproj]
D:\leaveblackgithub\DDNCadAddins\src\DDNCadAddins\DDNCadAddins\Services\XClipBlockService.Core.cs(7,1): warning SA1200: Using directive should appear within a namespace declaration (https://github.com/DotNetAnalyzers/StyleCopAnalyzers/blob/master/documentation/SA1200.md) [D:\leaveblackgithub\DDNCadAddins\src\DDNCadAddins\DDNCadAddins\DDNCadAddins.csproj]
D:\leaveblackgithub\DDNCadAddins\src\DDNCadAddins\DDNCadAddins\Services\XClipBlockService.Core.cs(8,1): warning SA1200: Using directive should appear within a namespace declaration (https://github.com/DotNetAnalyzers/StyleCopAnalyzers/blob/master/documentation/SA1200.md) [D:\leaveblackgithub\DDNCadAddins\src\DDNCadAddins\DDNCadAddins\DDNCadAddins.csproj]
D:\leaveblackgithub\DDNCadAddins\src\DDNCadAddins\DDNCadAddins\Services\XClipBlockService.Core.cs(9,1): warning SA1200: Using directive should appear within a namespace declaration (https://github.com/DotNetAnalyzers/StyleCopAnalyzers/blob/master/documentation/SA1200.md) [D:\leaveblackgithub\DDNCadAddins\src\DDNCadAddins\DDNCadAddins\DDNCadAddins.csproj]
D:\leaveblackgithub\DDNCadAddins\src\DDNCadAddins\DDNCadAddins\Services\XClipBlockService.Core.cs(10,1): warning SA1200: Using directive should appear within a namespace declaration (https://github.com/DotNetAnalyzers/StyleCopAnalyzers/blob/master/documentation/SA1200.md) [D:\leaveblackgithub\DDNCadAddins\src\DDNCadAddins\DDNCadAddins\DDNCadAddins.csproj]
D:\leaveblackgithub\DDNCadAddins\src\DDNCadAddins\DDNCadAddins\Services\XClipBlockService.Operation.cs(1,1): warning SA1200: Using directive should appear within a namespace declaration (https://github.com/DotNetAnalyzers/StyleCopAnalyzers/blob/master/documentation/SA1200.md) [D:\leaveblackgithub\DDNCadAddins\src\DDNCadAddins\DDNCadAddins\DDNCadAddins.csproj]
D:\leaveblackgithub\DDNCadAddins\src\DDNCadAddins\DDNCadAddins\Services\XClipBlockService.Operation.cs(2,1): warning SA1200: Using directive should appear within a namespace declaration (https://github.com/DotNetAnalyzers/StyleCopAnalyzers/blob/master/documentation/SA1200.md) [D:\leaveblackgithub\DDNCadAddins\src\DDNCadAddins\DDNCadAddins\DDNCadAddins.csproj]
D:\leaveblackgithub\DDNCadAddins\src\DDNCadAddins\DDNCadAddins\Services\XClipBlockService.Operation.cs(3,1): warning SA1200: Using directive should appear within a namespace declaration (https://github.com/DotNetAnalyzers/StyleCopAnalyzers/blob/master/documentation/SA1200.md) [D:\leaveblackgithub\DDNCadAddins\src\DDNCadAddins\DDNCadAddins\DDNCadAddins.csproj]
D:\leaveblackgithub\DDNCadAddins\src\DDNCadAddins\DDNCadAddins\Services\XClipBlockService.Operation.cs(4,1): warning SA1200: Using directive should appear within a namespace declaration (https://github.com/DotNetAnalyzers/StyleCopAnalyzers/blob/master/documentation/SA1200.md) [D:\leaveblackgithub\DDNCadAddins\src\DDNCadAddins\DDNCadAddins\DDNCadAddins.csproj]
D:\leaveblackgithub\DDNCadAddins\src\DDNCadAddins\DDNCadAddins\Services\XClipBlockService.Operation.cs(5,1): warning SA1200: Using directive should appear within a namespace declaration (https://github.com/DotNetAnalyzers/StyleCopAnalyzers/blob/master/documentation/SA1200.md) [D:\leaveblackgithub\DDNCadAddins\src\DDNCadAddins\DDNCadAddins\DDNCadAddins.csproj]
D:\leaveblackgithub\DDNCadAddins\src\DDNCadAddins\DDNCadAddins\Services\XClipBlockService.Operation.cs(6,1): warning SA1200: Using directive should appear within a namespace declaration (https://github.com/DotNetAnalyzers/StyleCopAnalyzers/blob/master/documentation/SA1200.md) [D:\leaveblackgithub\DDNCadAddins\src\DDNCadAddins\DDNCadAddins\DDNCadAddins.csproj]
D:\leaveblackgithub\DDNCadAddins\src\DDNCadAddins\DDNCadAddins\Services\XClipBlockService.Operation.cs(7,1): warning SA1200: Using directive should appear within a namespace declaration (https://github.com/DotNetAnalyzers/StyleCopAnalyzers/blob/master/documentation/SA1200.md) [D:\leaveblackgithub\DDNCadAddins\src\DDNCadAddins\DDNCadAddins\DDNCadAddins.csproj]
D:\leaveblackgithub\DDNCadAddins\src\DDNCadAddins\DDNCadAddins\Services\XClipBlockService.cs(1,1): warning SA1200: Using directive should appear within a namespace declaration (https://github.com/DotNetAnalyzers/StyleCopAnalyzers/blob/master/documentation/SA1200.md) [D:\leaveblackgithub\DDNCadAddins\src\DDNCadAddins\DDNCadAddins\DDNCadAddins.csproj]
D:\leaveblackgithub\DDNCadAddins\src\DDNCadAddins\DDNCadAddins\Services\XClipBlockService.cs(2,1): warning SA1200: Using directive should appear within a namespace declaration (https://github.com/DotNetAnalyzers/StyleCopAnalyzers/blob/master/documentation/SA1200.md) [D:\leaveblackgithub\DDNCadAddins\src\DDNCadAddins\DDNCadAddins\DDNCadAddins.csproj]
D:\leaveblackgithub\DDNCadAddins\src\DDNCadAddins\DDNCadAddins\Services\XClipBlockService.cs(3,1): warning SA1200: Using directive should appear within a namespace declaration (https://github.com/DotNetAnalyzers/StyleCopAnalyzers/blob/master/documentation/SA1200.md) [D:\leaveblackgithub\DDNCadAddins\src\DDNCadAddins\DDNCadAddins\DDNCadAddins.csproj]
D:\leaveblackgithub\DDNCadAddins\src\DDNCadAddins\DDNCadAddins\Services\XClipBlockService.cs(4,1): warning SA1200: Using directive should appear within a namespace declaration (https://github.com/DotNetAnalyzers/StyleCopAnalyzers/blob/master/documentation/SA1200.md) [D:\leaveblackgithub\DDNCadAddins\src\DDNCadAddins\DDNCadAddins\DDNCadAddins.csproj]
D:\leaveblackgithub\DDNCadAddins\src\DDNCadAddins\DDNCadAddins\Commands\IsolateXClippedBlocksCommand.cs(19,1): warning SA1028: Code should not contain trailing whitespace (https://github.com/DotNetAnalyzers/StyleCopAnalyzers/blob/master/documentation/SA1028.md) [D:\leaveblackgithub\DDNCadAddins\src\DDNCadAddins\DDNCadAddins\DDNCadAddins.csproj]
D:\leaveblackgithub\DDNCadAddins\src\DDNCadAddins\DDNCadAddins\Commands\IsolateXClippedBlocksCommand.cs(39,1): warning SA1028: Code should not contain trailing whitespace (https://github.com/DotNetAnalyzers/StyleCopAnalyzers/blob/master/documentation/SA1028.md) [D:\leaveblackgithub\DDNCadAddins\src\DDNCadAddins\DDNCadAddins\DDNCadAddins.csproj]
D:\leaveblackgithub\DDNCadAddins\src\DDNCadAddins\DDNCadAddins\Commands\IsolateXClippedBlocksCommand.cs(48,1): warning SA1028: Code should not contain trailing whitespace (https://github.com/DotNetAnalyzers/StyleCopAnalyzers/blob/master/documentation/SA1028.md) [D:\leaveblackgithub\DDNCadAddins\src\DDNCadAddins\DDNCadAddins\DDNCadAddins.csproj]
D:\leaveblackgithub\DDNCadAddins\src\DDNCadAddins\DDNCadAddins\Commands\IsolateXClippedBlocksCommand.cs(57,1): warning SA1028: Code should not contain trailing whitespace (https://github.com/DotNetAnalyzers/StyleCopAnalyzers/blob/master/documentation/SA1028.md) [D:\leaveblackgithub\DDNCadAddins\src\DDNCadAddins\DDNCadAddins\DDNCadAddins.csproj]
D:\leaveblackgithub\DDNCadAddins\src\DDNCadAddins\DDNCadAddins\Commands\IsolateXClippedBlocksCommand.cs(64,1): warning SA1028: Code should not contain trailing whitespace (https://github.com/DotNetAnalyzers/StyleCopAnalyzers/blob/master/documentation/SA1028.md) [D:\leaveblackgithub\DDNCadAddins\src\DDNCadAddins\DDNCadAddins\DDNCadAddins.csproj]
D:\leaveblackgithub\DDNCadAddins\src\DDNCadAddins\DDNCadAddins\Commands\IsolateXClippedBlocksCommand.cs(67,1): warning SA1028: Code should not contain trailing whitespace (https://github.com/DotNetAnalyzers/StyleCopAnalyzers/blob/master/documentation/SA1028.md) [D:\leaveblackgithub\DDNCadAddins\src\DDNCadAddins\DDNCadAddins\DDNCadAddins.csproj]
D:\leaveblackgithub\DDNCadAddins\src\DDNCadAddins\DDNCadAddins\Commands\IsolateXClippedBlocksCommand.cs(69,1): warning SA1028: Code should not contain trailing whitespace (https://github.com/DotNetAnalyzers/StyleCopAnalyzers/blob/master/documentation/SA1028.md) [D:\leaveblackgithub\DDNCadAddins\src\DDNCadAddins\DDNCadAddins\DDNCadAddins.csproj]
D:\leaveblackgithub\DDNCadAddins\src\DDNCadAddins\DDNCadAddins\Commands\IsolateXClippedBlocksCommand.cs(75,1): warning SA1028: Code should not contain trailing whitespace (https://github.com/DotNetAnalyzers/StyleCopAnalyzers/blob/master/documentation/SA1028.md) [D:\leaveblackgithub\DDNCadAddins\src\DDNCadAddins\DDNCadAddins\DDNCadAddins.csproj]
D:\leaveblackgithub\DDNCadAddins\src\DDNCadAddins\DDNCadAddins\Commands\IsolateXClippedBlocksCommand.cs(81,1): warning SA1028: Code should not contain trailing whitespace (https://github.com/DotNetAnalyzers/StyleCopAnalyzers/blob/master/documentation/SA1028.md) [D:\leaveblackgithub\DDNCadAddins\src\DDNCadAddins\DDNCadAddins\DDNCadAddins.csproj]
D:\leaveblackgithub\DDNCadAddins\src\DDNCadAddins\DDNCadAddins\Commands\IsolateXClippedBlocksCommand.cs(84,1): warning SA1028: Code should not contain trailing whitespace (https://github.com/DotNetAnalyzers/StyleCopAnalyzers/blob/master/documentation/SA1028.md) [D:\leaveblackgithub\DDNCadAddins\src\DDNCadAddins\DDNCadAddins\DDNCadAddins.csproj]
D:\leaveblackgithub\DDNCadAddins\src\DDNCadAddins\DDNCadAddins\Commands\IsolateXClippedBlocksCommand.cs(88,1): warning SA1028: Code should not contain trailing whitespace (https://github.com/DotNetAnalyzers/StyleCopAnalyzers/blob/master/documentation/SA1028.md) [D:\leaveblackgithub\DDNCadAddins\src\DDNCadAddins\DDNCadAddins\DDNCadAddins.csproj]
D:\leaveblackgithub\DDNCadAddins\src\DDNCadAddins\DDNCadAddins\Commands\IsolateXClippedBlocksCommand.cs(99,2): warning SA1028: Code should not contain trailing whitespace (https://github.com/DotNetAnalyzers/StyleCopAnalyzers/blob/master/documentation/SA1028.md) [D:\leaveblackgithub\DDNCadAddins\src\DDNCadAddins\DDNCadAddins\DDNCadAddins.csproj]
D:\leaveblackgithub\DDNCadAddins\src\DDNCadAddins\DDNCadAddins\Commands\OpenXClipLogCommand.cs(1,1): warning SA1633: The file header is missing or not located at the top of the file. (https://github.com/DotNetAnalyzers/StyleCopAnalyzers/blob/master/documentation/SA1633.md) [D:\leaveblackgithub\DDNCadAddins\src\DDNCadAddins\DDNCadAddins\DDNCadAddins.csproj]
D:\leaveblackgithub\DDNCadAddins\src\DDNCadAddins\DDNCadAddins\Commands\OpenXClipLogCommand.cs(30,1): warning SA1028: Code should not contain trailing whitespace (https://github.com/DotNetAnalyzers/StyleCopAnalyzers/blob/master/documentation/SA1028.md) [D:\leaveblackgithub\DDNCadAddins\src\DDNCadAddins\DDNCadAddins\DDNCadAddins.csproj]
D:\leaveblackgithub\DDNCadAddins\src\DDNCadAddins\DDNCadAddins\Commands\OpenXClipLogCommand.cs(38,1): warning SA1028: Code should not contain trailing whitespace (https://github.com/DotNetAnalyzers/StyleCopAnalyzers/blob/master/documentation/SA1028.md) [D:\leaveblackgithub\DDNCadAddins\src\DDNCadAddins\DDNCadAddins\DDNCadAddins.csproj]
D:\leaveblackgithub\DDNCadAddins\src\DDNCadAddins\DDNCadAddins\Commands\OpenXClipLogCommand.cs(47,1): warning SA1028: Code should not contain trailing whitespace (https://github.com/DotNetAnalyzers/StyleCopAnalyzers/blob/master/documentation/SA1028.md) [D:\leaveblackgithub\DDNCadAddins\src\DDNCadAddins\DDNCadAddins\DDNCadAddins.csproj]
D:\leaveblackgithub\DDNCadAddins\src\DDNCadAddins\DDNCadAddins\Commands\OpenXClipLogCommand.cs(54,1): warning SA1028: Code should not contain trailing whitespace (https://github.com/DotNetAnalyzers/StyleCopAnalyzers/blob/master/documentation/SA1028.md) [D:\leaveblackgithub\DDNCadAddins\src\DDNCadAddins\DDNCadAddins\DDNCadAddins.csproj]
D:\leaveblackgithub\DDNCadAddins\src\DDNCadAddins\DDNCadAddins\Commands\OpenXClipLogCommand.cs(66,2): warning SA1028: Code should not contain trailing whitespace (https://github.com/DotNetAnalyzers/StyleCopAnalyzers/blob/master/documentation/SA1028.md) [D:\leaveblackgithub\DDNCadAddins\src\DDNCadAddins\DDNCadAddins\DDNCadAddins.csproj]
D:\leaveblackgithub\DDNCadAddins\src\DDNCadAddins\DDNCadAddins\Commands\XClipCommand.cs(1,1): warning SA1633: The file header is missing or not located at the top of the file. (https://github.com/DotNetAnalyzers/StyleCopAnalyzers/blob/master/documentation/SA1633.md) [D:\leaveblackgithub\DDNCadAddins\src\DDNCadAddins\DDNCadAddins\DDNCadAddins.csproj]
D:\leaveblackgithub\DDNCadAddins\src\DDNCadAddins\DDNCadAddins\Commands\XClipCommand.cs(12,1): warning SA1515: Single-line comment should be preceded by blank line (https://github.com/DotNetAnalyzers/StyleCopAnalyzers/blob/master/documentation/SA1515.md) [D:\leaveblackgithub\DDNCadAddins\src\DDNCadAddins\DDNCadAddins\DDNCadAddins.csproj]
D:\leaveblackgithub\DDNCadAddins\src\DDNCadAddins\DDNCadAddins\Commands\TestRunner.cs(40,21): warning SA1201: A enum should not follow a class (https://github.com/DotNetAnalyzers/StyleCopAnalyzers/blob/master/documentation/SA1201.md) [D:\leaveblackgithub\DDNCadAddins\src\DDNCadAddins\DDNCadAddins\DDNCadAddins.csproj]
D:\leaveblackgithub\DDNCadAddins\src\DDNCadAddins\DDNCadAddins\Infrastructure\ServiceLocator.cs(77,28): warning SA1202: 'public' members should come before 'private' members (https://github.com/DotNetAnalyzers/StyleCopAnalyzers/blob/master/documentation/SA1202.md) [D:\leaveblackgithub\DDNCadAddins\src\DDNCadAddins\DDNCadAddins\DDNCadAddins.csproj]
D:\leaveblackgithub\DDNCadAddins\src\DDNCadAddins\DDNCadAddins\Commands\TestRunner.cs(85,29): warning SA1201: A field should not follow a class (https://github.com/DotNetAnalyzers/StyleCopAnalyzers/blob/master/documentation/SA1201.md) [D:\leaveblackgithub\DDNCadAddins\src\DDNCadAddins\DDNCadAddins\DDNCadAddins.csproj]
D:\leaveblackgithub\DDNCadAddins\src\DDNCadAddins\DDNCadAddins\Commands\TestRunner.cs(464,21): warning SA1202: 'public' members should come before 'private' members (https://github.com/DotNetAnalyzers/StyleCopAnalyzers/blob/master/documentation/SA1202.md) [D:\leaveblackgithub\DDNCadAddins\src\DDNCadAddins\DDNCadAddins\DDNCadAddins.csproj]
D:\leaveblackgithub\DDNCadAddins\src\DDNCadAddins\DDNCadAddins\Commands\TestRunner.cs(599,21): warning SA1202: 'public' members should come before 'private' members (https://github.com/DotNetAnalyzers/StyleCopAnalyzers/blob/master/documentation/SA1202.md) [D:\leaveblackgithub\DDNCadAddins\src\DDNCadAddins\DDNCadAddins\DDNCadAddins.csproj]
D:\leaveblackgithub\DDNCadAddins\src\DDNCadAddins\DDNCadAddins\Infrastructure\ServiceLocator.cs(16,40): warning SA1214: Readonly fields should appear before non-readonly fields (https://github.com/DotNetAnalyzers/StyleCopAnalyzers/blob/master/documentation/SA1214.md) [D:\leaveblackgithub\DDNCadAddins\src\DDNCadAddins\DDNCadAddins\DDNCadAddins.csproj]
D:\leaveblackgithub\DDNCadAddins\src\DDNCadAddins\DDNCadAddins\Commands\TestRunner.cs(88,30): warning SA1203: Constant fields should appear before non-constant fields (https://github.com/DotNetAnalyzers/StyleCopAnalyzers/blob/master/documentation/SA1203.md) [D:\leaveblackgithub\DDNCadAddins\src\DDNCadAddins\DDNCadAddins\DDNCadAddins.csproj]
D:\leaveblackgithub\DDNCadAddins\src\DDNCadAddins\DDNCadAddins\Commands\XClipTest\TestCommandBase.cs(19,47): warning CA1051: 不要声明可见实例字段 (https://docs.microsoft.com/dotnet/fundamentals/code-analysis/quality-rules/ca1051) [D:\leaveblackgithub\DDNCadAddins\src\DDNCadAddins\DDNCadAddins\DDNCadAddins.csproj]
D:\leaveblackgithub\DDNCadAddins\src\DDNCadAddins\DDNCadAddins\Commands\CommandBase.cs(25,36): warning CA1051: 不要声明可见实例字段 (https://docs.microsoft.com/dotnet/fundamentals/code-analysis/quality-rules/ca1051) [D:\leaveblackgithub\DDNCadAddins\src\DDNCadAddins\DDNCadAddins\DDNCadAddins.csproj]
D:\leaveblackgithub\DDNCadAddins\src\DDNCadAddins\DDNCadAddins\Commands\CommandBase.cs(25,36): warning SA1401: Field should be private (https://github.com/DotNetAnalyzers/StyleCopAnalyzers/blob/master/documentation/SA1401.md) [D:\leaveblackgithub\DDNCadAddins\src\DDNCadAddins\DDNCadAddins\DDNCadAddins.csproj]
D:\leaveblackgithub\DDNCadAddins\src\DDNCadAddins\DDNCadAddins\Commands\XClipTest\TestCommandBase.cs(19,47): warning SA1401: Field should be private (https://github.com/DotNetAnalyzers/StyleCopAnalyzers/blob/master/documentation/SA1401.md) [D:\leaveblackgithub\DDNCadAddins\src\DDNCadAddins\DDNCadAddins\DDNCadAddins.csproj]
D:\leaveblackgithub\DDNCadAddins\src\DDNCadAddins\DDNCadAddins\Commands\XClipCommand.cs(25,1): warning SA1028: Code should not contain trailing whitespace (https://github.com/DotNetAnalyzers/StyleCopAnalyzers/blob/master/documentation/SA1028.md) [D:\leaveblackgithub\DDNCadAddins\src\DDNCadAddins\DDNCadAddins\DDNCadAddins.csproj]
D:\leaveblackgithub\DDNCadAddins\src\DDNCadAddins\DDNCadAddins\Commands\XClipCommand.cs(45,1): warning SA1028: Code should not contain trailing whitespace (https://github.com/DotNetAnalyzers/StyleCopAnalyzers/blob/master/documentation/SA1028.md) [D:\leaveblackgithub\DDNCadAddins\src\DDNCadAddins\DDNCadAddins\DDNCadAddins.csproj]
D:\leaveblackgithub\DDNCadAddins\src\DDNCadAddins\DDNCadAddins\Commands\XClipCommand.cs(55,1): warning SA1028: Code should not contain trailing whitespace (https://github.com/DotNetAnalyzers/StyleCopAnalyzers/blob/master/documentation/SA1028.md) [D:\leaveblackgithub\DDNCadAddins\src\DDNCadAddins\DDNCadAddins\DDNCadAddins.csproj]
D:\leaveblackgithub\DDNCadAddins\src\DDNCadAddins\DDNCadAddins\Commands\XClipCommand.cs(65,1): warning SA1028: Code should not contain trailing whitespace (https://github.com/DotNetAnalyzers/StyleCopAnalyzers/blob/master/documentation/SA1028.md) [D:\leaveblackgithub\DDNCadAddins\src\DDNCadAddins\DDNCadAddins\DDNCadAddins.csproj]
D:\leaveblackgithub\DDNCadAddins\src\DDNCadAddins\DDNCadAddins\Commands\XClipCommand.cs(75,1): warning SA1028: Code should not contain trailing whitespace (https://github.com/DotNetAnalyzers/StyleCopAnalyzers/blob/master/documentation/SA1028.md) [D:\leaveblackgithub\DDNCadAddins\src\DDNCadAddins\DDNCadAddins\DDNCadAddins.csproj]
D:\leaveblackgithub\DDNCadAddins\src\DDNCadAddins\DDNCadAddins\Commands\XClipCommand.cs(100,1): warning SA1028: Code should not contain trailing whitespace (https://github.com/DotNetAnalyzers/StyleCopAnalyzers/blob/master/documentation/SA1028.md) [D:\leaveblackgithub\DDNCadAddins\src\DDNCadAddins\DDNCadAddins\DDNCadAddins.csproj]
D:\leaveblackgithub\DDNCadAddins\src\DDNCadAddins\DDNCadAddins\Commands\XClipCommand.cs(107,1): warning SA1028: Code should not contain trailing whitespace (https://github.com/DotNetAnalyzers/StyleCopAnalyzers/blob/master/documentation/SA1028.md) [D:\leaveblackgithub\DDNCadAddins\src\DDNCadAddins\DDNCadAddins\DDNCadAddins.csproj]
D:\leaveblackgithub\DDNCadAddins\src\DDNCadAddins\DDNCadAddins\Commands\XClipCommand.cs(110,1): warning SA1028: Code should not contain trailing whitespace (https://github.com/DotNetAnalyzers/StyleCopAnalyzers/blob/master/documentation/SA1028.md) [D:\leaveblackgithub\DDNCadAddins\src\DDNCadAddins\DDNCadAddins\DDNCadAddins.csproj]
D:\leaveblackgithub\DDNCadAddins\src\DDNCadAddins\DDNCadAddins\Commands\XClipCommand.cs(112,1): warning SA1028: Code should not contain trailing whitespace (https://github.com/DotNetAnalyzers/StyleCopAnalyzers/blob/master/documentation/SA1028.md) [D:\leaveblackgithub\DDNCadAddins\src\DDNCadAddins\DDNCadAddins\DDNCadAddins.csproj]
D:\leaveblackgithub\DDNCadAddins\src\DDNCadAddins\DDNCadAddins\Commands\XClipCommand.cs(118,1): warning SA1028: Code should not contain trailing whitespace (https://github.com/DotNetAnalyzers/StyleCopAnalyzers/blob/master/documentation/SA1028.md) [D:\leaveblackgithub\DDNCadAddins\src\DDNCadAddins\DDNCadAddins\DDNCadAddins.csproj]
D:\leaveblackgithub\DDNCadAddins\src\DDNCadAddins\DDNCadAddins\Commands\XClipCommand.cs(121,1): warning SA1028: Code should not contain trailing whitespace (https://github.com/DotNetAnalyzers/StyleCopAnalyzers/blob/master/documentation/SA1028.md) [D:\leaveblackgithub\DDNCadAddins\src\DDNCadAddins\DDNCadAddins\DDNCadAddins.csproj]
D:\leaveblackgithub\DDNCadAddins\src\DDNCadAddins\DDNCadAddins\Commands\XClipCommand.cs(127,1): warning SA1028: Code should not contain trailing whitespace (https://github.com/DotNetAnalyzers/StyleCopAnalyzers/blob/master/documentation/SA1028.md) [D:\leaveblackgithub\DDNCadAddins\src\DDNCadAddins\DDNCadAddins\DDNCadAddins.csproj]
D:\leaveblackgithub\DDNCadAddins\src\DDNCadAddins\DDNCadAddins\Commands\XClipCommand.cs(134,1): warning SA1028: Code should not contain trailing whitespace (https://github.com/DotNetAnalyzers/StyleCopAnalyzers/blob/master/documentation/SA1028.md) [D:\leaveblackgithub\DDNCadAddins\src\DDNCadAddins\DDNCadAddins\DDNCadAddins.csproj]
D:\leaveblackgithub\DDNCadAddins\src\DDNCadAddins\DDNCadAddins\Commands\XClipCommand.cs(137,1): warning SA1028: Code should not contain trailing whitespace (https://github.com/DotNetAnalyzers/StyleCopAnalyzers/blob/master/documentation/SA1028.md) [D:\leaveblackgithub\DDNCadAddins\src\DDNCadAddins\DDNCadAddins\DDNCadAddins.csproj]
D:\leaveblackgithub\DDNCadAddins\src\DDNCadAddins\DDNCadAddins\Commands\XClipCommand.cs(139,1): warning SA1028: Code should not contain trailing whitespace (https://github.com/DotNetAnalyzers/StyleCopAnalyzers/blob/master/documentation/SA1028.md) [D:\leaveblackgithub\DDNCadAddins\src\DDNCadAddins\DDNCadAddins\DDNCadAddins.csproj]
D:\leaveblackgithub\DDNCadAddins\src\DDNCadAddins\DDNCadAddins\Commands\XClipCommand.cs(144,1): warning SA1028: Code should not contain trailing whitespace (https://github.com/DotNetAnalyzers/StyleCopAnalyzers/blob/master/documentation/SA1028.md) [D:\leaveblackgithub\DDNCadAddins\src\DDNCadAddins\DDNCadAddins\DDNCadAddins.csproj]
D:\leaveblackgithub\DDNCadAddins\src\DDNCadAddins\DDNCadAddins\Commands\XClipCommand.cs(157,1): warning SA1028: Code should not contain trailing whitespace (https://github.com/DotNetAnalyzers/StyleCopAnalyzers/blob/master/documentation/SA1028.md) [D:\leaveblackgithub\DDNCadAddins\src\DDNCadAddins\DDNCadAddins\DDNCadAddins.csproj]
D:\leaveblackgithub\DDNCadAddins\src\DDNCadAddins\DDNCadAddins\Commands\XClipCommand.cs(164,1): warning SA1028: Code should not contain trailing whitespace (https://github.com/DotNetAnalyzers/StyleCopAnalyzers/blob/master/documentation/SA1028.md) [D:\leaveblackgithub\DDNCadAddins\src\DDNCadAddins\DDNCadAddins\DDNCadAddins.csproj]
D:\leaveblackgithub\DDNCadAddins\src\DDNCadAddins\DDNCadAddins\Commands\XClipCommand.cs(175,1): warning SA1028: Code should not contain trailing whitespace (https://github.com/DotNetAnalyzers/StyleCopAnalyzers/blob/master/documentation/SA1028.md) [D:\leaveblackgithub\DDNCadAddins\src\DDNCadAddins\DDNCadAddins\DDNCadAddins.csproj]
D:\leaveblackgithub\DDNCadAddins\src\DDNCadAddins\DDNCadAddins\Commands\XClipCommand.cs(182,1): warning SA1028: Code should not contain trailing whitespace (https://github.com/DotNetAnalyzers/StyleCopAnalyzers/blob/master/documentation/SA1028.md) [D:\leaveblackgithub\DDNCadAddins\src\DDNCadAddins\DDNCadAddins\DDNCadAddins.csproj]
D:\leaveblackgithub\DDNCadAddins\src\DDNCadAddins\DDNCadAddins\Commands\XClipCommand.cs(185,1): warning SA1028: Code should not contain trailing whitespace (https://github.com/DotNetAnalyzers/StyleCopAnalyzers/blob/master/documentation/SA1028.md) [D:\leaveblackgithub\DDNCadAddins\src\DDNCadAddins\DDNCadAddins\DDNCadAddins.csproj]
D:\leaveblackgithub\DDNCadAddins\src\DDNCadAddins\DDNCadAddins\Commands\XClipCommand.cs(187,1): warning SA1028: Code should not contain trailing whitespace (https://github.com/DotNetAnalyzers/StyleCopAnalyzers/blob/master/documentation/SA1028.md) [D:\leaveblackgithub\DDNCadAddins\src\DDNCadAddins\DDNCadAddins\DDNCadAddins.csproj]
D:\leaveblackgithub\DDNCadAddins\src\DDNCadAddins\DDNCadAddins\Commands\XClipCommand.cs(193,1): warning SA1028: Code should not contain trailing whitespace (https://github.com/DotNetAnalyzers/StyleCopAnalyzers/blob/master/documentation/SA1028.md) [D:\leaveblackgithub\DDNCadAddins\src\DDNCadAddins\DDNCadAddins\DDNCadAddins.csproj]
D:\leaveblackgithub\DDNCadAddins\src\DDNCadAddins\DDNCadAddins\Commands\XClipCommand.cs(199,1): warning SA1028: Code should not contain trailing whitespace (https://github.com/DotNetAnalyzers/StyleCopAnalyzers/blob/master/documentation/SA1028.md) [D:\leaveblackgithub\DDNCadAddins\src\DDNCadAddins\DDNCadAddins\DDNCadAddins.csproj]
D:\leaveblackgithub\DDNCadAddins\src\DDNCadAddins\DDNCadAddins\Commands\XClipCommand.cs(202,1): warning SA1028: Code should not contain trailing whitespace (https://github.com/DotNetAnalyzers/StyleCopAnalyzers/blob/master/documentation/SA1028.md) [D:\leaveblackgithub\DDNCadAddins\src\DDNCadAddins\DDNCadAddins\DDNCadAddins.csproj]
D:\leaveblackgithub\DDNCadAddins\src\DDNCadAddins\DDNCadAddins\Commands\XClipCommand.cs(206,1): warning SA1028: Code should not contain trailing whitespace (https://github.com/DotNetAnalyzers/StyleCopAnalyzers/blob/master/documentation/SA1028.md) [D:\leaveblackgithub\DDNCadAddins\src\DDNCadAddins\DDNCadAddins\DDNCadAddins.csproj]
D:\leaveblackgithub\DDNCadAddins\src\DDNCadAddins\DDNCadAddins\Commands\XClipCommand.cs(216,1): warning SA1028: Code should not contain trailing whitespace (https://github.com/DotNetAnalyzers/StyleCopAnalyzers/blob/master/documentation/SA1028.md) [D:\leaveblackgithub\DDNCadAddins\src\DDNCadAddins\DDNCadAddins\DDNCadAddins.csproj]
D:\leaveblackgithub\DDNCadAddins\src\DDNCadAddins\DDNCadAddins\Commands\XClipCommand.cs(223,1): warning SA1028: Code should not contain trailing whitespace (https://github.com/DotNetAnalyzers/StyleCopAnalyzers/blob/master/documentation/SA1028.md) [D:\leaveblackgithub\DDNCadAddins\src\DDNCadAddins\DDNCadAddins\DDNCadAddins.csproj]
D:\leaveblackgithub\DDNCadAddins\src\DDNCadAddins\DDNCadAddins\Commands\XClipCommand.cs(225,1): warning SA1028: Code should not contain trailing whitespace (https://github.com/DotNetAnalyzers/StyleCopAnalyzers/blob/master/documentation/SA1028.md) [D:\leaveblackgithub\DDNCadAddins\src\DDNCadAddins\DDNCadAddins\DDNCadAddins.csproj]
D:\leaveblackgithub\DDNCadAddins\src\DDNCadAddins\DDNCadAddins\Commands\XClipCommand.cs(236,1): warning SA1028: Code should not contain trailing whitespace (https://github.com/DotNetAnalyzers/StyleCopAnalyzers/blob/master/documentation/SA1028.md) [D:\leaveblackgithub\DDNCadAddins\src\DDNCadAddins\DDNCadAddins\DDNCadAddins.csproj]
D:\leaveblackgithub\DDNCadAddins\src\DDNCadAddins\DDNCadAddins\Commands\XClipTest\TestCommandBase.cs(1,1): warning SA1633: The file header is missing or not located at the top of the file. (https://github.com/DotNetAnalyzers/StyleCopAnalyzers/blob/master/documentation/SA1633.md) [D:\leaveblackgithub\DDNCadAddins\src\DDNCadAddins\DDNCadAddins\DDNCadAddins.csproj]
D:\leaveblackgithub\DDNCadAddins\src\DDNCadAddins\DDNCadAddins\Commands\XClipTest\TestCommandBase.cs(20,1): warning SA1028: Code should not contain trailing whitespace (https://github.com/DotNetAnalyzers/StyleCopAnalyzers/blob/master/documentation/SA1028.md) [D:\leaveblackgithub\DDNCadAddins\src\DDNCadAddins\DDNCadAddins\DDNCadAddins.csproj]
D:\leaveblackgithub\DDNCadAddins\src\DDNCadAddins\DDNCadAddins\Commands\XClipTest\TestCommandBase.cs(29,1): warning SA1028: Code should not contain trailing whitespace (https://github.com/DotNetAnalyzers/StyleCopAnalyzers/blob/master/documentation/SA1028.md) [D:\leaveblackgithub\DDNCadAddins\src\DDNCadAddins\DDNCadAddins\DDNCadAddins.csproj]
D:\leaveblackgithub\DDNCadAddins\src\DDNCadAddins\DDNCadAddins\Commands\XClipTest\TestCommandBase.cs(42,1): warning SA1028: Code should not contain trailing whitespace (https://github.com/DotNetAnalyzers/StyleCopAnalyzers/blob/master/documentation/SA1028.md) [D:\leaveblackgithub\DDNCadAddins\src\DDNCadAddins\DDNCadAddins\DDNCadAddins.csproj]
D:\leaveblackgithub\DDNCadAddins\src\DDNCadAddins\DDNCadAddins\Commands\XClipTest\TestCommandBase.cs(55,1): warning SA1028: Code should not contain trailing whitespace (https://github.com/DotNetAnalyzers/StyleCopAnalyzers/blob/master/documentation/SA1028.md) [D:\leaveblackgithub\DDNCadAddins\src\DDNCadAddins\DDNCadAddins\DDNCadAddins.csproj]
D:\leaveblackgithub\DDNCadAddins\src\DDNCadAddins\DDNCadAddins\Commands\XClipTest\TestCommandBase.cs(68,1): warning SA1028: Code should not contain trailing whitespace (https://github.com/DotNetAnalyzers/StyleCopAnalyzers/blob/master/documentation/SA1028.md) [D:\leaveblackgithub\DDNCadAddins\src\DDNCadAddins\DDNCadAddins\DDNCadAddins.csproj]
D:\leaveblackgithub\DDNCadAddins\src\DDNCadAddins\DDNCadAddins\Commands\XClipTest\TestCommandBase.cs(81,1): warning SA1028: Code should not contain trailing whitespace (https://github.com/DotNetAnalyzers/StyleCopAnalyzers/blob/master/documentation/SA1028.md) [D:\leaveblackgithub\DDNCadAddins\src\DDNCadAddins\DDNCadAddins\DDNCadAddins.csproj]
D:\leaveblackgithub\DDNCadAddins\src\DDNCadAddins\DDNCadAddins\Commands\XClipTest\TestCommandBase.cs(94,1): warning SA1028: Code should not contain trailing whitespace (https://github.com/DotNetAnalyzers/StyleCopAnalyzers/blob/master/documentation/SA1028.md) [D:\leaveblackgithub\DDNCadAddins\src\DDNCadAddins\DDNCadAddins\DDNCadAddins.csproj]
D:\leaveblackgithub\DDNCadAddins\src\DDNCadAddins\DDNCadAddins\Commands\XClipTest\TestCommandBase.cs(107,1): warning SA1028: Code should not contain trailing whitespace (https://github.com/DotNetAnalyzers/StyleCopAnalyzers/blob/master/documentation/SA1028.md) [D:\leaveblackgithub\DDNCadAddins\src\DDNCadAddins\DDNCadAddins\DDNCadAddins.csproj]
D:\leaveblackgithub\DDNCadAddins\src\DDNCadAddins\DDNCadAddins\Commands\XClipTest\TestCommandBase.cs(119,1): warning SA1028: Code should not contain trailing whitespace (https://github.com/DotNetAnalyzers/StyleCopAnalyzers/blob/master/documentation/SA1028.md) [D:\leaveblackgithub\DDNCadAddins\src\DDNCadAddins\DDNCadAddins\DDNCadAddins.csproj]
D:\leaveblackgithub\DDNCadAddins\src\DDNCadAddins\DDNCadAddins\Commands\XClipTest\TestCommandBase.cs(127,1): warning SA1028: Code should not contain trailing whitespace (https://github.com/DotNetAnalyzers/StyleCopAnalyzers/blob/master/documentation/SA1028.md) [D:\leaveblackgithub\DDNCadAddins\src\DDNCadAddins\DDNCadAddins\DDNCadAddins.csproj]
D:\leaveblackgithub\DDNCadAddins\src\DDNCadAddins\DDNCadAddins\Commands\XClipTest\TestCommandBase.cs(132,1): warning SA1028: Code should not contain trailing whitespace (https://github.com/DotNetAnalyzers/StyleCopAnalyzers/blob/master/documentation/SA1028.md) [D:\leaveblackgithub\DDNCadAddins\src\DDNCadAddins\DDNCadAddins\DDNCadAddins.csproj]
D:\leaveblackgithub\DDNCadAddins\src\DDNCadAddins\DDNCadAddins\Commands\XClipTest\TestCommandBase.cs(141,1): warning SA1028: Code should not contain trailing whitespace (https://github.com/DotNetAnalyzers/StyleCopAnalyzers/blob/master/documentation/SA1028.md) [D:\leaveblackgithub\DDNCadAddins\src\DDNCadAddins\DDNCadAddins\DDNCadAddins.csproj]
D:\leaveblackgithub\DDNCadAddins\src\DDNCadAddins\DDNCadAddins\Commands\XClipTest\TestCommandBase.cs(150,1): warning SA1028: Code should not contain trailing whitespace (https://github.com/DotNetAnalyzers/StyleCopAnalyzers/blob/master/documentation/SA1028.md) [D:\leaveblackgithub\DDNCadAddins\src\DDNCadAddins\DDNCadAddins\DDNCadAddins.csproj]
D:\leaveblackgithub\DDNCadAddins\src\DDNCadAddins\DDNCadAddins\Commands\XClipTest\TestCommandBase.cs(158,1): warning SA1028: Code should not contain trailing whitespace (https://github.com/DotNetAnalyzers/StyleCopAnalyzers/blob/master/documentation/SA1028.md) [D:\leaveblackgithub\DDNCadAddins\src\DDNCadAddins\DDNCadAddins\DDNCadAddins.csproj]
D:\leaveblackgithub\DDNCadAddins\src\DDNCadAddins\DDNCadAddins\Commands\XClipTest\TestCommandBase.cs(163,1): warning SA1028: Code should not contain trailing whitespace (https://github.com/DotNetAnalyzers/StyleCopAnalyzers/blob/master/documentation/SA1028.md) [D:\leaveblackgithub\DDNCadAddins\src\DDNCadAddins\DDNCadAddins\DDNCadAddins.csproj]
D:\leaveblackgithub\DDNCadAddins\src\DDNCadAddins\DDNCadAddins\Commands\XClipTest\TestCommandBase.cs(185,2): warning SA1028: Code should not contain trailing whitespace (https://github.com/DotNetAnalyzers/StyleCopAnalyzers/blob/master/documentation/SA1028.md) [D:\leaveblackgithub\DDNCadAddins\src\DDNCadAddins\DDNCadAddins\DDNCadAddins.csproj]
D:\leaveblackgithub\DDNCadAddins\src\DDNCadAddins\DDNCadAddins\Commands\XClipTestCommand.cs(1,1): warning SA1633: The file header is missing or not located at the top of the file. (https://github.com/DotNetAnalyzers/StyleCopAnalyzers/blob/master/documentation/SA1633.md) [D:\leaveblackgithub\DDNCadAddins\src\DDNCadAddins\DDNCadAddins\DDNCadAddins.csproj]
D:\leaveblackgithub\DDNCadAddins\src\DDNCadAddins\DDNCadAddins\Commands\XClipTestCommand.cs(22,43): warning SA1309: Field '_testCreator' should not begin with an underscore (https://github.com/DotNetAnalyzers/StyleCopAnalyzers/blob/master/documentation/SA1309.md) [D:\leaveblackgithub\DDNCadAddins\src\DDNCadAddins\DDNCadAddins\DDNCadAddins.csproj]
D:\leaveblackgithub\DDNCadAddins\src\DDNCadAddins\DDNCadAddins\Commands\FindXClippedBlocksCommand.cs(16,45): warning SA1309: Field '_xclipService' should not begin with an underscore (https://github.com/DotNetAnalyzers/StyleCopAnalyzers/blob/master/documentation/SA1309.md) [D:\leaveblackgithub\DDNCadAddins\src\DDNCadAddins\DDNCadAddins\DDNCadAddins.csproj]
D:\leaveblackgithub\DDNCadAddins\src\DDNCadAddins\DDNCadAddins\Commands\XClipCommand.cs(23,45): warning SA1309: Field '_xclipService' should not begin with an underscore (https://github.com/DotNetAnalyzers/StyleCopAnalyzers/blob/master/documentation/SA1309.md) [D:\leaveblackgithub\DDNCadAddins\src\DDNCadAddins\DDNCadAddins\DDNCadAddins.csproj]
D:\leaveblackgithub\DDNCadAddins\src\DDNCadAddins\DDNCadAddins\Services\AcadViewService.cs(18,46): warning SA1309: Field '_msgService' should not begin with an underscore (https://github.com/DotNetAnalyzers/StyleCopAnalyzers/blob/master/documentation/SA1309.md) [D:\leaveblackgithub\DDNCadAddins\src\DDNCadAddins\DDNCadAddins\DDNCadAddins.csproj]
D:\leaveblackgithub\DDNCadAddins\src\DDNCadAddins\DDNCadAddins\Commands\Blk2CsvCommand.cs(24,44): warning SA1309: Field '_blockDataService' should not begin with an underscore (https://github.com/DotNetAnalyzers/StyleCopAnalyzers/blob/master/documentation/SA1309.md) [D:\leaveblackgithub\DDNCadAddins\src\DDNCadAddins\DDNCadAddins\DDNCadAddins.csproj]
D:\leaveblackgithub\DDNCadAddins\src\DDNCadAddins\DDNCadAddins\Infrastructure\FileLogger.cs(17,30): warning SA1309: Field '_logWriter' should not begin with an underscore (https://github.com/DotNetAnalyzers/StyleCopAnalyzers/blob/master/documentation/SA1309.md) [D:\leaveblackgithub\DDNCadAddins\src\DDNCadAddins\DDNCadAddins\DDNCadAddins.csproj]
D:\leaveblackgithub\DDNCadAddins\src\DDNCadAddins\DDNCadAddins\Commands\TestRunner.cs(85,29): warning SA1309: Field '_context' should not begin with an underscore (https://github.com/DotNetAnalyzers/StyleCopAnalyzers/blob/master/documentation/SA1309.md) [D:\leaveblackgithub\DDNCadAddins\src\DDNCadAddins\DDNCadAddins\DDNCadAddins.csproj]
D:\leaveblackgithub\DDNCadAddins\src\DDNCadAddins\DDNCadAddins\Infrastructure\AcadUserMessageService.cs(14,34): warning SA1309: Field '_logger' should not begin with an underscore (https://github.com/DotNetAnalyzers/StyleCopAnalyzers/blob/master/documentation/SA1309.md) [D:\leaveblackgithub\DDNCadAddins\src\DDNCadAddins\DDNCadAddins\DDNCadAddins.csproj]
D:\leaveblackgithub\DDNCadAddins\src\DDNCadAddins\DDNCadAddins\Infrastructure\ServiceLocator.cs(13,64): warning SA1309: Field '_serviceFactories' should not begin with an underscore (https://github.com/DotNetAnalyzers/StyleCopAnalyzers/blob/master/documentation/SA1309.md) [D:\leaveblackgithub\DDNCadAddins\src\DDNCadAddins\DDNCadAddins\DDNCadAddins.csproj]
D:\leaveblackgithub\DDNCadAddins\src\DDNCadAddins\DDNCadAddins\Services\BlockReferenceService.cs(17,34): warning SA1309: Field '_logger' should not begin with an underscore (https://github.com/DotNetAnalyzers/StyleCopAnalyzers/blob/master/documentation/SA1309.md) [D:\leaveblackgithub\DDNCadAddins\src\DDNCadAddins\DDNCadAddins\DDNCadAddins.csproj]
D:\leaveblackgithub\DDNCadAddins\src\DDNCadAddins\DDNCadAddins\Commands\CreateXClippedBlockCommand.cs(15,45): warning SA1309: Field '_xclipService' should not begin with an underscore (https://github.com/DotNetAnalyzers/StyleCopAnalyzers/blob/master/documentation/SA1309.md) [D:\leaveblackgithub\DDNCadAddins\src\DDNCadAddins\DDNCadAddins\DDNCadAddins.csproj]
D:\leaveblackgithub\DDNCadAddins\src\DDNCadAddins\DDNCadAddins\Commands\CommandBase.cs(35,41): warning CA1051: 不要声明可见实例字段 (https://docs.microsoft.com/dotnet/fundamentals/code-analysis/quality-rules/ca1051) [D:\leaveblackgithub\DDNCadAddins\src\DDNCadAddins\DDNCadAddins\DDNCadAddins.csproj]
D:\leaveblackgithub\DDNCadAddins\src\DDNCadAddins\DDNCadAddins\Commands\CommandBase.cs(35,41): warning SA1401: Field should be private (https://github.com/DotNetAnalyzers/StyleCopAnalyzers/blob/master/documentation/SA1401.md) [D:\leaveblackgithub\DDNCadAddins\src\DDNCadAddins\DDNCadAddins\DDNCadAddins.csproj]
D:\leaveblackgithub\DDNCadAddins\src\DDNCadAddins\DDNCadAddins\Commands\CommandBase.cs(40,50): warning CA1051: 不要声明可见实例字段 (https://docs.microsoft.com/dotnet/fundamentals/code-analysis/quality-rules/ca1051) [D:\leaveblackgithub\DDNCadAddins\src\DDNCadAddins\DDNCadAddins\DDNCadAddins.csproj]
D:\leaveblackgithub\DDNCadAddins\src\DDNCadAddins\DDNCadAddins\Commands\CommandBase.cs(40,50): warning SA1401: Field should be private (https://github.com/DotNetAnalyzers/StyleCopAnalyzers/blob/master/documentation/SA1401.md) [D:\leaveblackgithub\DDNCadAddins\src\DDNCadAddins\DDNCadAddins\DDNCadAddins.csproj]
D:\leaveblackgithub\DDNCadAddins\src\DDNCadAddins\DDNCadAddins\Commands\IsolateXClippedBlocksCommand.cs(18,45): warning SA1309: Field '_xclipService' should not begin with an underscore (https://github.com/DotNetAnalyzers/StyleCopAnalyzers/blob/master/documentation/SA1309.md) [D:\leaveblackgithub\DDNCadAddins\src\DDNCadAddins\DDNCadAddins\DDNCadAddins.csproj]
D:\leaveblackgithub\DDNCadAddins\src\DDNCadAddins\DDNCadAddins\Services\AcadUserInterfaceService.cs(21,34): warning SA1309: Field '_logger' should not begin with an underscore (https://github.com/DotNetAnalyzers/StyleCopAnalyzers/blob/master/documentation/SA1309.md) [D:\leaveblackgithub\DDNCadAddins\src\DDNCadAddins\DDNCadAddins\DDNCadAddins.csproj]
D:\leaveblackgithub\DDNCadAddins\src\DDNCadAddins\DDNCadAddins\Services\BlockReferenceService.cs(18,46): warning SA1309: Field '_transactionService' should not begin with an underscore (https://github.com/DotNetAnalyzers/StyleCopAnalyzers/blob/master/documentation/SA1309.md) [D:\leaveblackgithub\DDNCadAddins\src\DDNCadAddins\DDNCadAddins\DDNCadAddins.csproj]
D:\leaveblackgithub\DDNCadAddins\src\DDNCadAddins\DDNCadAddins\Commands\FindXClippedBlocksCommand.cs(17,39): warning SA1309: Field '_viewService' should not begin with an underscore (https://github.com/DotNetAnalyzers/StyleCopAnalyzers/blob/master/documentation/SA1309.md) [D:\leaveblackgithub\DDNCadAddins\src\DDNCadAddins\DDNCadAddins\DDNCadAddins.csproj]
D:\leaveblackgithub\DDNCadAddins\src\DDNCadAddins\DDNCadAddins\Commands\CommandBase.cs(30,48): warning CA1051: 不要声明可见实例字段 (https://docs.microsoft.com/dotnet/fundamentals/code-analysis/quality-rules/ca1051) [D:\leaveblackgithub\DDNCadAddins\src\DDNCadAddins\DDNCadAddins\DDNCadAddins.csproj]
D:\leaveblackgithub\DDNCadAddins\src\DDNCadAddins\DDNCadAddins\Commands\CommandBase.cs(30,48): warning SA1401: Field should be private (https://github.com/DotNetAnalyzers/StyleCopAnalyzers/blob/master/documentation/SA1401.md) [D:\leaveblackgithub\DDNCadAddins\src\DDNCadAddins\DDNCadAddins\DDNCadAddins.csproj]
D:\leaveblackgithub\DDNCadAddins\src\DDNCadAddins\DDNCadAddins\Commands\XClipCommand.cs(24,39): warning SA1309: Field '_viewService' should not begin with an underscore (https://github.com/DotNetAnalyzers/StyleCopAnalyzers/blob/master/documentation/SA1309.md) [D:\leaveblackgithub\DDNCadAddins\src\DDNCadAddins\DDNCadAddins\DDNCadAddins.csproj]
D:\leaveblackgithub\DDNCadAddins\src\DDNCadAddins\DDNCadAddins\Services\AcadUserInterfaceService.cs(22,46): warning SA1309: Field '_msgService' should not begin with an underscore (https://github.com/DotNetAnalyzers/StyleCopAnalyzers/blob/master/documentation/SA1309.md) [D:\leaveblackgithub\DDNCadAddins\src\DDNCadAddins\DDNCadAddins\DDNCadAddins.csproj]
D:\leaveblackgithub\DDNCadAddins\src\DDNCadAddins\DDNCadAddins\Infrastructure\ServiceLocator.cs(15,29): warning SA1309: Field '_isInitialized' should not begin with an underscore (https://github.com/DotNetAnalyzers/StyleCopAnalyzers/blob/master/documentation/SA1309.md) [D:\leaveblackgithub\DDNCadAddins\src\DDNCadAddins\DDNCadAddins\DDNCadAddins.csproj]
D:\leaveblackgithub\DDNCadAddins\src\DDNCadAddins\DDNCadAddins\Infrastructure\ServiceLocator.cs(16,40): warning SA1309: Field '_lockObject' should not begin with an underscore (https://github.com/DotNetAnalyzers/StyleCopAnalyzers/blob/master/documentation/SA1309.md) [D:\leaveblackgithub\DDNCadAddins\src\DDNCadAddins\DDNCadAddins\DDNCadAddins.csproj]
D:\leaveblackgithub\DDNCadAddins\src\DDNCadAddins\DDNCadAddins\Infrastructure\ServiceLocator.cs(14,58): warning SA1309: Field '_singletonInstances' should not begin with an underscore (https://github.com/DotNetAnalyzers/StyleCopAnalyzers/blob/master/documentation/SA1309.md) [D:\leaveblackgithub\DDNCadAddins\src\DDNCadAddins\DDNCadAddins\DDNCadAddins.csproj]
D:\leaveblackgithub\DDNCadAddins\src\DDNCadAddins\DDNCadAddins\Commands\XClipTest\XClipTestCommon.cs(14,1): warning SA1516: Elements should be separated by blank line (https://github.com/DotNetAnalyzers/StyleCopAnalyzers/blob/master/documentation/SA1516.md) [D:\leaveblackgithub\DDNCadAddins\src\DDNCadAddins\DDNCadAddins\DDNCadAddins.csproj]
D:\leaveblackgithub\DDNCadAddins\src\DDNCadAddins\DDNCadAddins\Commands\XClipTest\XClipTestCommon.cs(15,1): warning SA1516: Elements should be separated by blank line (https://github.com/DotNetAnalyzers/StyleCopAnalyzers/blob/master/documentation/SA1516.md) [D:\leaveblackgithub\DDNCadAddins\src\DDNCadAddins\DDNCadAddins\DDNCadAddins.csproj]
D:\leaveblackgithub\DDNCadAddins\src\DDNCadAddins\DDNCadAddins\Commands\XClipTest\XClipTestCommon.cs(16,1): warning SA1516: Elements should be separated by blank line (https://github.com/DotNetAnalyzers/StyleCopAnalyzers/blob/master/documentation/SA1516.md) [D:\leaveblackgithub\DDNCadAddins\src\DDNCadAddins\DDNCadAddins\DDNCadAddins.csproj]
D:\leaveblackgithub\DDNCadAddins\src\DDNCadAddins\DDNCadAddins\Commands\XClipTest\XClipTestCommon.cs(17,1): warning SA1516: Elements should be separated by blank line (https://github.com/DotNetAnalyzers/StyleCopAnalyzers/blob/master/documentation/SA1516.md) [D:\leaveblackgithub\DDNCadAddins\src\DDNCadAddins\DDNCadAddins\DDNCadAddins.csproj]
D:\leaveblackgithub\DDNCadAddins\src\DDNCadAddins\DDNCadAddins\Commands\XClipTest\XClipTestCommon.cs(18,1): warning SA1516: Elements should be separated by blank line (https://github.com/DotNetAnalyzers/StyleCopAnalyzers/blob/master/documentation/SA1516.md) [D:\leaveblackgithub\DDNCadAddins\src\DDNCadAddins\DDNCadAddins\DDNCadAddins.csproj]
D:\leaveblackgithub\DDNCadAddins\src\DDNCadAddins\DDNCadAddins\Commands\TestRunner.cs(864,1): warning SA1516: Elements should be separated by blank line (https://github.com/DotNetAnalyzers/StyleCopAnalyzers/blob/master/documentation/SA1516.md) [D:\leaveblackgithub\DDNCadAddins\src\DDNCadAddins\DDNCadAddins\DDNCadAddins.csproj]
D:\leaveblackgithub\DDNCadAddins\src\DDNCadAddins\DDNCadAddins\Commands\TestRunner.cs(865,1): warning SA1516: Elements should be separated by blank line (https://github.com/DotNetAnalyzers/StyleCopAnalyzers/blob/master/documentation/SA1516.md) [D:\leaveblackgithub\DDNCadAddins\src\DDNCadAddins\DDNCadAddins\DDNCadAddins.csproj]
D:\leaveblackgithub\DDNCadAddins\src\DDNCadAddins\DDNCadAddins\Commands\TestRunner.cs(866,1): warning SA1516: Elements should be separated by blank line (https://github.com/DotNetAnalyzers/StyleCopAnalyzers/blob/master/documentation/SA1516.md) [D:\leaveblackgithub\DDNCadAddins\src\DDNCadAddins\DDNCadAddins\DDNCadAddins.csproj]
D:\leaveblackgithub\DDNCadAddins\src\DDNCadAddins\DDNCadAddins\Commands\TestRunner.cs(904,1): warning SA1516: Elements should be separated by blank line (https://github.com/DotNetAnalyzers/StyleCopAnalyzers/blob/master/documentation/SA1516.md) [D:\leaveblackgithub\DDNCadAddins\src\DDNCadAddins\DDNCadAddins\DDNCadAddins.csproj]
D:\leaveblackgithub\DDNCadAddins\src\DDNCadAddins\DDNCadAddins\Commands\TestRunner.cs(905,1): warning SA1516: Elements should be separated by blank line (https://github.com/DotNetAnalyzers/StyleCopAnalyzers/blob/master/documentation/SA1516.md) [D:\leaveblackgithub\DDNCadAddins\src\DDNCadAddins\DDNCadAddins\DDNCadAddins.csproj]
D:\leaveblackgithub\DDNCadAddins\src\DDNCadAddins\DDNCadAddins\Commands\TestRunner.cs(872,1): warning SA1516: Elements should be separated by blank line (https://github.com/DotNetAnalyzers/StyleCopAnalyzers/blob/master/documentation/SA1516.md) [D:\leaveblackgithub\DDNCadAddins\src\DDNCadAddins\DDNCadAddins\DDNCadAddins.csproj]
D:\leaveblackgithub\DDNCadAddins\src\DDNCadAddins\DDNCadAddins\Commands\TestRunner.cs(873,1): warning SA1516: Elements should be separated by blank line (https://github.com/DotNetAnalyzers/StyleCopAnalyzers/blob/master/documentation/SA1516.md) [D:\leaveblackgithub\DDNCadAddins\src\DDNCadAddins\DDNCadAddins\DDNCadAddins.csproj]
D:\leaveblackgithub\DDNCadAddins\src\DDNCadAddins\DDNCadAddins\Infrastructure\ServiceLocator.cs(15,44): warning CA1805: 成员“_isInitialized”已显式初始化为其默认值 (https://docs.microsoft.com/dotnet/fundamentals/code-analysis/quality-rules/ca1805) [D:\leaveblackgithub\DDNCadAddins\src\DDNCadAddins\DDNCadAddins\DDNCadAddins.csproj]
D:\leaveblackgithub\DDNCadAddins\src\DDNCadAddins\DDNCadAddins\Commands\XClipTest\XClipTestCommon.cs(45,1): warning SA1516: Elements should be separated by blank line (https://github.com/DotNetAnalyzers/StyleCopAnalyzers/blob/master/documentation/SA1516.md) [D:\leaveblackgithub\DDNCadAddins\src\DDNCadAddins\DDNCadAddins\DDNCadAddins.csproj]
D:\leaveblackgithub\DDNCadAddins\src\DDNCadAddins\DDNCadAddins\Commands\XClipTest\XClipTestCommon.cs(46,1): warning SA1516: Elements should be separated by blank line (https://github.com/DotNetAnalyzers/StyleCopAnalyzers/blob/master/documentation/SA1516.md) [D:\leaveblackgithub\DDNCadAddins\src\DDNCadAddins\DDNCadAddins\DDNCadAddins.csproj]
D:\leaveblackgithub\DDNCadAddins\src\DDNCadAddins\DDNCadAddins\Commands\XClipTestCommand.cs(23,45): warning SA1309: Field '_testValidator' should not begin with an underscore (https://github.com/DotNetAnalyzers/StyleCopAnalyzers/blob/master/documentation/SA1309.md) [D:\leaveblackgithub\DDNCadAddins\src\DDNCadAddins\DDNCadAddins\DDNCadAddins.csproj]
D:\leaveblackgithub\DDNCadAddins\src\DDNCadAddins\DDNCadAddins\Services\AcadViewService.cs(19,34): warning SA1309: Field '_logger' should not begin with an underscore (https://github.com/DotNetAnalyzers/StyleCopAnalyzers/blob/master/documentation/SA1309.md) [D:\leaveblackgithub\DDNCadAddins\src\DDNCadAddins\DDNCadAddins\DDNCadAddins.csproj]
D:\leaveblackgithub\DDNCadAddins\src\DDNCadAddins\DDNCadAddins\Commands\TestRunner.cs(88,30): warning SA1310: Field 'HTML_REPORT_TEMPLATE' should not contain an underscore (https://github.com/DotNetAnalyzers/StyleCopAnalyzers/blob/master/documentation/SA1310.md) [D:\leaveblackgithub\DDNCadAddins\src\DDNCadAddins\DDNCadAddins\DDNCadAddins.csproj]
D:\leaveblackgithub\DDNCadAddins\src\DDNCadAddins\DDNCadAddins\Commands\XClipTest\XClipTestCommon.cs(27,1): warning SA1516: Elements should be separated by blank line (https://github.com/DotNetAnalyzers/StyleCopAnalyzers/blob/master/documentation/SA1516.md) [D:\leaveblackgithub\DDNCadAddins\src\DDNCadAddins\DDNCadAddins\DDNCadAddins.csproj]
D:\leaveblackgithub\DDNCadAddins\src\DDNCadAddins\DDNCadAddins\Commands\XClipTest\XClipTestCommon.cs(28,1): warning SA1516: Elements should be separated by blank line (https://github.com/DotNetAnalyzers/StyleCopAnalyzers/blob/master/documentation/SA1516.md) [D:\leaveblackgithub\DDNCadAddins\src\DDNCadAddins\DDNCadAddins\DDNCadAddins.csproj]
D:\leaveblackgithub\DDNCadAddins\src\DDNCadAddins\DDNCadAddins\Commands\XClipTest\XClipTestCommon.cs(29,1): warning SA1516: Elements should be separated by blank line (https://github.com/DotNetAnalyzers/StyleCopAnalyzers/blob/master/documentation/SA1516.md) [D:\leaveblackgithub\DDNCadAddins\src\DDNCadAddins\DDNCadAddins\DDNCadAddins.csproj]
D:\leaveblackgithub\DDNCadAddins\src\DDNCadAddins\DDNCadAddins\Commands\XClipTest\XClipTestCommon.cs(30,1): warning SA1516: Elements should be separated by blank line (https://github.com/DotNetAnalyzers/StyleCopAnalyzers/blob/master/documentation/SA1516.md) [D:\leaveblackgithub\DDNCadAddins\src\DDNCadAddins\DDNCadAddins\DDNCadAddins.csproj]
D:\leaveblackgithub\DDNCadAddins\src\DDNCadAddins\DDNCadAddins\Commands\XClipTest\XClipTestCommon.cs(31,1): warning SA1516: Elements should be separated by blank line (https://github.com/DotNetAnalyzers/StyleCopAnalyzers/blob/master/documentation/SA1516.md) [D:\leaveblackgithub\DDNCadAddins\src\DDNCadAddins\DDNCadAddins\DDNCadAddins.csproj]
D:\leaveblackgithub\DDNCadAddins\src\DDNCadAddins\DDNCadAddins\Commands\XClipTest\XClipTestCommon.cs(32,1): warning SA1516: Elements should be separated by blank line (https://github.com/DotNetAnalyzers/StyleCopAnalyzers/blob/master/documentation/SA1516.md) [D:\leaveblackgithub\DDNCadAddins\src\DDNCadAddins\DDNCadAddins\DDNCadAddins.csproj]
D:\leaveblackgithub\DDNCadAddins\src\DDNCadAddins\DDNCadAddins\Commands\XClipTest\XClipTestCommon.cs(33,1): warning SA1516: Elements should be separated by blank line (https://github.com/DotNetAnalyzers/StyleCopAnalyzers/blob/master/documentation/SA1516.md) [D:\leaveblackgithub\DDNCadAddins\src\DDNCadAddins\DDNCadAddins\DDNCadAddins.csproj]
D:\leaveblackgithub\DDNCadAddins\src\DDNCadAddins\DDNCadAddins\Commands\XClipTest\XClipTestCommon.cs(34,1): warning SA1516: Elements should be separated by blank line (https://github.com/DotNetAnalyzers/StyleCopAnalyzers/blob/master/documentation/SA1516.md) [D:\leaveblackgithub\DDNCadAddins\src\DDNCadAddins\DDNCadAddins\DDNCadAddins.csproj]
D:\leaveblackgithub\DDNCadAddins\src\DDNCadAddins\DDNCadAddins\Commands\XClipTest\XClipTestCommon.cs(35,1): warning SA1516: Elements should be separated by blank line (https://github.com/DotNetAnalyzers/StyleCopAnalyzers/blob/master/documentation/SA1516.md) [D:\leaveblackgithub\DDNCadAddins\src\DDNCadAddins\DDNCadAddins\DDNCadAddins.csproj]
D:\leaveblackgithub\DDNCadAddins\src\DDNCadAddins\DDNCadAddins\Commands\XClipTest\XClipTestCommon.cs(36,1): warning SA1516: Elements should be separated by blank line (https://github.com/DotNetAnalyzers/StyleCopAnalyzers/blob/master/documentation/SA1516.md) [D:\leaveblackgithub\DDNCadAddins\src\DDNCadAddins\DDNCadAddins\DDNCadAddins.csproj]
D:\leaveblackgithub\DDNCadAddins\src\DDNCadAddins\DDNCadAddins\Services\DocumentService.cs(17,34): warning SA1309: Field '_logger' should not begin with an underscore (https://github.com/DotNetAnalyzers/StyleCopAnalyzers/blob/master/documentation/SA1309.md) [D:\leaveblackgithub\DDNCadAddins\src\DDNCadAddins\DDNCadAddins\DDNCadAddins.csproj]
D:\leaveblackgithub\DDNCadAddins\src\DDNCadAddins\DDNCadAddins\Commands\XClipTest\XClipTestValidator.cs(17,45): warning SA1309: Field '_xclipBlockService' should not begin with an underscore (https://github.com/DotNetAnalyzers/StyleCopAnalyzers/blob/master/documentation/SA1309.md) [D:\leaveblackgithub\DDNCadAddins\src\DDNCadAddins\DDNCadAddins\DDNCadAddins.csproj]
D:\leaveblackgithub\DDNCadAddins\src\DDNCadAddins\DDNCadAddins\Commands\XClipTest\XClipTestValidator.cs(16,39): warning SA1309: Field '_acadService' should not begin with an underscore (https://github.com/DotNetAnalyzers/StyleCopAnalyzers/blob/master/documentation/SA1309.md) [D:\leaveblackgithub\DDNCadAddins\src\DDNCadAddins\DDNCadAddins\DDNCadAddins.csproj]
D:\leaveblackgithub\DDNCadAddins\src\DDNCadAddins\DDNCadAddins\Commands\Blk2CsvCommand.cs(25,44): warning SA1309: Field '_csvExportService' should not begin with an underscore (https://github.com/DotNetAnalyzers/StyleCopAnalyzers/blob/master/documentation/SA1309.md) [D:\leaveblackgithub\DDNCadAddins\src\DDNCadAddins\DDNCadAddins\DDNCadAddins.csproj]
D:\leaveblackgithub\DDNCadAddins\src\DDNCadAddins\DDNCadAddins\Infrastructure\FileLogger.cs(19,24): warning SA1309: Field '_operationName' should not begin with an underscore (https://github.com/DotNetAnalyzers/StyleCopAnalyzers/blob/master/documentation/SA1309.md) [D:\leaveblackgithub\DDNCadAddins\src\DDNCadAddins\DDNCadAddins\DDNCadAddins.csproj]
D:\leaveblackgithub\DDNCadAddins\src\DDNCadAddins\DDNCadAddins\Infrastructure\FileLogger.cs(18,40): warning SA1309: Field '_logBuffer' should not begin with an underscore (https://github.com/DotNetAnalyzers/StyleCopAnalyzers/blob/master/documentation/SA1309.md) [D:\leaveblackgithub\DDNCadAddins\src\DDNCadAddins\DDNCadAddins\DDNCadAddins.csproj]
D:\leaveblackgithub\DDNCadAddins\src\DDNCadAddins\DDNCadAddins\Infrastructure\FileLogger.cs(20,26): warning SA1309: Field '_startTime' should not begin with an underscore (https://github.com/DotNetAnalyzers/StyleCopAnalyzers/blob/master/documentation/SA1309.md) [D:\leaveblackgithub\DDNCadAddins\src\DDNCadAddins\DDNCadAddins\DDNCadAddins.csproj]
D:\leaveblackgithub\DDNCadAddins\src\DDNCadAddins\DDNCadAddins\Commands\XClipTest\XClipTestCreator.cs(18,39): warning SA1309: Field '_acadService' should not begin with an underscore (https://github.com/DotNetAnalyzers/StyleCopAnalyzers/blob/master/documentation/SA1309.md) [D:\leaveblackgithub\DDNCadAddins\src\DDNCadAddins\DDNCadAddins\DDNCadAddins.csproj]
D:\leaveblackgithub\DDNCadAddins\src\DDNCadAddins\DDNCadAddins\Commands\XClipTest\XClipTestCreator.cs(19,45): warning SA1309: Field '_xclipBlockService' should not begin with an underscore (https://github.com/DotNetAnalyzers/StyleCopAnalyzers/blob/master/documentation/SA1309.md) [D:\leaveblackgithub\DDNCadAddins\src\DDNCadAddins\DDNCadAddins\DDNCadAddins.csproj]
D:\leaveblackgithub\DDNCadAddins\src\DDNCadAddins\DDNCadAddins\Services\TransactionService.cs(14,34): warning SA1309: Field '_logger' should not begin with an underscore (https://github.com/DotNetAnalyzers/StyleCopAnalyzers/blob/master/documentation/SA1309.md) [D:\leaveblackgithub\DDNCadAddins\src\DDNCadAddins\DDNCadAddins\DDNCadAddins.csproj]
D:\leaveblackgithub\DDNCadAddins\src\DDNCadAddins\DDNCadAddins\Services\AcadService.cs(40,43): warning SA1309: Field '_documentService' should not begin with an underscore (https://github.com/DotNetAnalyzers/StyleCopAnalyzers/blob/master/documentation/SA1309.md) [D:\leaveblackgithub\DDNCadAddins\src\DDNCadAddins\DDNCadAddins\DDNCadAddins.csproj]
D:\leaveblackgithub\DDNCadAddins\src\DDNCadAddins\DDNCadAddins\Services\AcadService.cs(39,34): warning SA1309: Field '_logger' should not begin with an underscore (https://github.com/DotNetAnalyzers/StyleCopAnalyzers/blob/master/documentation/SA1309.md) [D:\leaveblackgithub\DDNCadAddins\src\DDNCadAddins\DDNCadAddins\DDNCadAddins.csproj]
D:\leaveblackgithub\DDNCadAddins\src\DDNCadAddins\DDNCadAddins\Services\AcadService.cs(41,46): warning SA1309: Field '_transactionService' should not begin with an underscore (https://github.com/DotNetAnalyzers/StyleCopAnalyzers/blob/master/documentation/SA1309.md) [D:\leaveblackgithub\DDNCadAddins\src\DDNCadAddins\DDNCadAddins\DDNCadAddins.csproj]
D:\leaveblackgithub\DDNCadAddins\src\DDNCadAddins\DDNCadAddins\Services\AcadService.cs(42,49): warning SA1309: Field '_blockReferenceService' should not begin with an underscore (https://github.com/DotNetAnalyzers/StyleCopAnalyzers/blob/master/documentation/SA1309.md) [D:\leaveblackgithub\DDNCadAddins\src\DDNCadAddins\DDNCadAddins\DDNCadAddins.csproj]
D:\leaveblackgithub\DDNCadAddins\src\DDNCadAddins\DDNCadAddins\Commands\XClipTest\XClipTestCreator3.cs(135,25): warning SA1202: 'public' members should come before 'private' members (https://github.com/DotNetAnalyzers/StyleCopAnalyzers/blob/master/documentation/SA1202.md) [D:\leaveblackgithub\DDNCadAddins\src\DDNCadAddins\DDNCadAddins\DDNCadAddins.csproj]
D:\leaveblackgithub\DDNCadAddins\src\DDNCadAddins\DDNCadAddins\Services\XClipBlockService.Core.cs(20,39): warning SA1309: Field '_acadService' should not begin with an underscore (https://github.com/DotNetAnalyzers/StyleCopAnalyzers/blob/master/documentation/SA1309.md) [D:\leaveblackgithub\DDNCadAddins\src\DDNCadAddins\DDNCadAddins\DDNCadAddins.csproj]
D:\leaveblackgithub\DDNCadAddins\src\DDNCadAddins\DDNCadAddins\Services\XClipBlockService.Core.cs(21,34): warning SA1309: Field '_logger' should not begin with an underscore (https://github.com/DotNetAnalyzers/StyleCopAnalyzers/blob/master/documentation/SA1309.md) [D:\leaveblackgithub\DDNCadAddins\src\DDNCadAddins\DDNCadAddins\DDNCadAddins.csproj]
D:\leaveblackgithub\DDNCadAddins\src\DDNCadAddins\DDNCadAddins\Services\XClipBlockService.Core.cs(22,22): warning SA1309: Field '_suppressLogging' should not begin with an underscore (https://github.com/DotNetAnalyzers/StyleCopAnalyzers/blob/master/documentation/SA1309.md) [D:\leaveblackgithub\DDNCadAddins\src\DDNCadAddins\DDNCadAddins\DDNCadAddins.csproj]
D:\leaveblackgithub\DDNCadAddins\src\DDNCadAddins\DDNCadAddins\Services\XClipBlockService.Core.cs(237,32): warning SA1202: 'public' members should come before 'private' members (https://github.com/DotNetAnalyzers/StyleCopAnalyzers/blob/master/documentation/SA1202.md) [D:\leaveblackgithub\DDNCadAddins\src\DDNCadAddins\DDNCadAddins\DDNCadAddins.csproj]
D:\leaveblackgithub\DDNCadAddins\src\DDNCadAddins\DDNCadAddins\Services\XClipBlockService.Core.cs(22,39): warning CA1805: 成员“_suppressLogging”已显式初始化为其默认值 (https://docs.microsoft.com/dotnet/fundamentals/code-analysis/quality-rules/ca1805) [D:\leaveblackgithub\DDNCadAddins\src\DDNCadAddins\DDNCadAddins\DDNCadAddins.csproj]
D:\leaveblackgithub\DDNCadAddins\src\DDNCadAddins\DDNCadAddins\Commands\TestRunner.cs(30,22): warning CA1034: 不要嵌套类型 TestAttribute。或者，更改其可访问性，使它在外部不可见。 (https://docs.microsoft.com/dotnet/fundamentals/code-analysis/quality-rules/ca1034) [D:\leaveblackgithub\DDNCadAddins\src\DDNCadAddins\DDNCadAddins\DDNCadAddins.csproj]
D:\leaveblackgithub\DDNCadAddins\src\DDNCadAddins\DDNCadAddins\Commands\TestRunner.cs(48,22): warning CA1034: 不要嵌套类型 TestResult。或者，更改其可访问性，使它在外部不可见。 (https://docs.microsoft.com/dotnet/fundamentals/code-analysis/quality-rules/ca1034) [D:\leaveblackgithub\DDNCadAddins\src\DDNCadAddins\DDNCadAddins\DDNCadAddins.csproj]
D:\leaveblackgithub\DDNCadAddins\src\DDNCadAddins\DDNCadAddins\Commands\TestRunner.cs(51,1): warning SA1516: Elements should be separated by blank line (https://github.com/DotNetAnalyzers/StyleCopAnalyzers/blob/master/documentation/SA1516.md) [D:\leaveblackgithub\DDNCadAddins\src\DDNCadAddins\DDNCadAddins\DDNCadAddins.csproj]
D:\leaveblackgithub\DDNCadAddins\src\DDNCadAddins\DDNCadAddins\Commands\TestRunner.cs(52,1): warning SA1516: Elements should be separated by blank line (https://github.com/DotNetAnalyzers/StyleCopAnalyzers/blob/master/documentation/SA1516.md) [D:\leaveblackgithub\DDNCadAddins\src\DDNCadAddins\DDNCadAddins\DDNCadAddins.csproj]
D:\leaveblackgithub\DDNCadAddins\src\DDNCadAddins\DDNCadAddins\Commands\TestRunner.cs(53,1): warning SA1516: Elements should be separated by blank line (https://github.com/DotNetAnalyzers/StyleCopAnalyzers/blob/master/documentation/SA1516.md) [D:\leaveblackgithub\DDNCadAddins\src\DDNCadAddins\DDNCadAddins\DDNCadAddins.csproj]
D:\leaveblackgithub\DDNCadAddins\src\DDNCadAddins\DDNCadAddins\Commands\TestRunner.cs(54,1): warning SA1516: Elements should be separated by blank line (https://github.com/DotNetAnalyzers/StyleCopAnalyzers/blob/master/documentation/SA1516.md) [D:\leaveblackgithub\DDNCadAddins\src\DDNCadAddins\DDNCadAddins\DDNCadAddins.csproj]
D:\leaveblackgithub\DDNCadAddins\src\DDNCadAddins\DDNCadAddins\Commands\TestRunner.cs(56,20): warning SA1201: A constructor should not follow a property (https://github.com/DotNetAnalyzers/StyleCopAnalyzers/blob/master/documentation/SA1201.md) [D:\leaveblackgithub\DDNCadAddins\src\DDNCadAddins\DDNCadAddins\DDNCadAddins.csproj]
D:\leaveblackgithub\DDNCadAddins\src\DDNCadAddins\DDNCadAddins\Commands\TestRunner.cs(34,20): warning SA1201: A constructor should not follow a property (https://github.com/DotNetAnalyzers/StyleCopAnalyzers/blob/master/documentation/SA1201.md) [D:\leaveblackgithub\DDNCadAddins\src\DDNCadAddins\DDNCadAddins\DDNCadAddins.csproj]
D:\leaveblackgithub\DDNCadAddins\src\DDNCadAddins\DDNCadAddins\Commands\XClipTestCommand.cs(24,1): warning SA1028: Code should not contain trailing whitespace (https://github.com/DotNetAnalyzers/StyleCopAnalyzers/blob/master/documentation/SA1028.md) [D:\leaveblackgithub\DDNCadAddins\src\DDNCadAddins\DDNCadAddins\DDNCadAddins.csproj]
D:\leaveblackgithub\DDNCadAddins\src\DDNCadAddins\DDNCadAddins\Commands\XClipTestCommand.cs(35,1): warning SA1028: Code should not contain trailing whitespace (https://github.com/DotNetAnalyzers/StyleCopAnalyzers/blob/master/documentation/SA1028.md) [D:\leaveblackgithub\DDNCadAddins\src\DDNCadAddins\DDNCadAddins\DDNCadAddins.csproj]
D:\leaveblackgithub\DDNCadAddins\src\DDNCadAddins\DDNCadAddins\Commands\XClipTestCommand.cs(45,1): warning SA1028: Code should not contain trailing whitespace (https://github.com/DotNetAnalyzers/StyleCopAnalyzers/blob/master/documentation/SA1028.md) [D:\leaveblackgithub\DDNCadAddins\src\DDNCadAddins\DDNCadAddins\DDNCadAddins.csproj]
D:\leaveblackgithub\DDNCadAddins\src\DDNCadAddins\DDNCadAddins\Commands\XClipTestCommand.cs(55,1): warning SA1028: Code should not contain trailing whitespace (https://github.com/DotNetAnalyzers/StyleCopAnalyzers/blob/master/documentation/SA1028.md) [D:\leaveblackgithub\DDNCadAddins\src\DDNCadAddins\DDNCadAddins\DDNCadAddins.csproj]
D:\leaveblackgithub\DDNCadAddins\src\DDNCadAddins\DDNCadAddins\Commands\XClipTestCommand.cs(65,1): warning SA1028: Code should not contain trailing whitespace (https://github.com/DotNetAnalyzers/StyleCopAnalyzers/blob/master/documentation/SA1028.md) [D:\leaveblackgithub\DDNCadAddins\src\DDNCadAddins\DDNCadAddins\DDNCadAddins.csproj]
D:\leaveblackgithub\DDNCadAddins\src\DDNCadAddins\DDNCadAddins\Commands\XClipTestCommand.cs(75,1): warning SA1028: Code should not contain trailing whitespace (https://github.com/DotNetAnalyzers/StyleCopAnalyzers/blob/master/documentation/SA1028.md) [D:\leaveblackgithub\DDNCadAddins\src\DDNCadAddins\DDNCadAddins\DDNCadAddins.csproj]
D:\leaveblackgithub\DDNCadAddins\src\DDNCadAddins\DDNCadAddins\Commands\XClipTestCommand.cs(85,1): warning SA1028: Code should not contain trailing whitespace (https://github.com/DotNetAnalyzers/StyleCopAnalyzers/blob/master/documentation/SA1028.md) [D:\leaveblackgithub\DDNCadAddins\src\DDNCadAddins\DDNCadAddins\DDNCadAddins.csproj]
D:\leaveblackgithub\DDNCadAddins\src\DDNCadAddins\DDNCadAddins\Commands\XClipTestCommand.cs(115,1): warning SA1028: Code should not contain trailing whitespace (https://github.com/DotNetAnalyzers/StyleCopAnalyzers/blob/master/documentation/SA1028.md) [D:\leaveblackgithub\DDNCadAddins\src\DDNCadAddins\DDNCadAddins\DDNCadAddins.csproj]
D:\leaveblackgithub\DDNCadAddins\src\DDNCadAddins\DDNCadAddins\Commands\XClipTestCommand.cs(152,1): warning SA1028: Code should not contain trailing whitespace (https://github.com/DotNetAnalyzers/StyleCopAnalyzers/blob/master/documentation/SA1028.md) [D:\leaveblackgithub\DDNCadAddins\src\DDNCadAddins\DDNCadAddins\DDNCadAddins.csproj]
D:\leaveblackgithub\DDNCadAddins\src\DDNCadAddins\DDNCadAddins\Commands\XClipTestCommand.cs(159,1): warning SA1028: Code should not contain trailing whitespace (https://github.com/DotNetAnalyzers/StyleCopAnalyzers/blob/master/documentation/SA1028.md) [D:\leaveblackgithub\DDNCadAddins\src\DDNCadAddins\DDNCadAddins\DDNCadAddins.csproj]
D:\leaveblackgithub\DDNCadAddins\src\DDNCadAddins\DDNCadAddins\Commands\XClipTestCommand.cs(163,1): warning SA1028: Code should not contain trailing whitespace (https://github.com/DotNetAnalyzers/StyleCopAnalyzers/blob/master/documentation/SA1028.md) [D:\leaveblackgithub\DDNCadAddins\src\DDNCadAddins\DDNCadAddins\DDNCadAddins.csproj]
D:\leaveblackgithub\DDNCadAddins\src\DDNCadAddins\DDNCadAddins\Commands\XClipTestCommand.cs(165,1): warning SA1028: Code should not contain trailing whitespace (https://github.com/DotNetAnalyzers/StyleCopAnalyzers/blob/master/documentation/SA1028.md) [D:\leaveblackgithub\DDNCadAddins\src\DDNCadAddins\DDNCadAddins\DDNCadAddins.csproj]
D:\leaveblackgithub\DDNCadAddins\src\DDNCadAddins\DDNCadAddins\Commands\XClipTestCommand.cs(168,1): warning SA1028: Code should not contain trailing whitespace (https://github.com/DotNetAnalyzers/StyleCopAnalyzers/blob/master/documentation/SA1028.md) [D:\leaveblackgithub\DDNCadAddins\src\DDNCadAddins\DDNCadAddins\DDNCadAddins.csproj]
D:\leaveblackgithub\DDNCadAddins\src\DDNCadAddins\DDNCadAddins\Commands\XClipTestCommand.cs(171,1): warning SA1028: Code should not contain trailing whitespace (https://github.com/DotNetAnalyzers/StyleCopAnalyzers/blob/master/documentation/SA1028.md) [D:\leaveblackgithub\DDNCadAddins\src\DDNCadAddins\DDNCadAddins\DDNCadAddins.csproj]
D:\leaveblackgithub\DDNCadAddins\src\DDNCadAddins\DDNCadAddins\Commands\XClipTestCommand.cs(183,1): warning SA1028: Code should not contain trailing whitespace (https://github.com/DotNetAnalyzers/StyleCopAnalyzers/blob/master/documentation/SA1028.md) [D:\leaveblackgithub\DDNCadAddins\src\DDNCadAddins\DDNCadAddins\DDNCadAddins.csproj]
D:\leaveblackgithub\DDNCadAddins\src\DDNCadAddins\DDNCadAddins\Commands\XClipTestCommand.cs(190,1): warning SA1028: Code should not contain trailing whitespace (https://github.com/DotNetAnalyzers/StyleCopAnalyzers/blob/master/documentation/SA1028.md) [D:\leaveblackgithub\DDNCadAddins\src\DDNCadAddins\DDNCadAddins\DDNCadAddins.csproj]
D:\leaveblackgithub\DDNCadAddins\src\DDNCadAddins\DDNCadAddins\Commands\XClipTestCommand.cs(194,1): warning SA1028: Code should not contain trailing whitespace (https://github.com/DotNetAnalyzers/StyleCopAnalyzers/blob/master/documentation/SA1028.md) [D:\leaveblackgithub\DDNCadAddins\src\DDNCadAddins\DDNCadAddins\DDNCadAddins.csproj]
D:\leaveblackgithub\DDNCadAddins\src\DDNCadAddins\DDNCadAddins\Commands\XClipTestCommand.cs(196,1): warning SA1028: Code should not contain trailing whitespace (https://github.com/DotNetAnalyzers/StyleCopAnalyzers/blob/master/documentation/SA1028.md) [D:\leaveblackgithub\DDNCadAddins\src\DDNCadAddins\DDNCadAddins\DDNCadAddins.csproj]
D:\leaveblackgithub\DDNCadAddins\src\DDNCadAddins\DDNCadAddins\Commands\XClipTestCommand.cs(203,1): warning SA1028: Code should not contain trailing whitespace (https://github.com/DotNetAnalyzers/StyleCopAnalyzers/blob/master/documentation/SA1028.md) [D:\leaveblackgithub\DDNCadAddins\src\DDNCadAddins\DDNCadAddins\DDNCadAddins.csproj]
D:\leaveblackgithub\DDNCadAddins\src\DDNCadAddins\DDNCadAddins\Commands\XClipTestCommand.cs(206,1): warning SA1028: Code should not contain trailing whitespace (https://github.com/DotNetAnalyzers/StyleCopAnalyzers/blob/master/documentation/SA1028.md) [D:\leaveblackgithub\DDNCadAddins\src\DDNCadAddins\DDNCadAddins\DDNCadAddins.csproj]
D:\leaveblackgithub\DDNCadAddins\src\DDNCadAddins\DDNCadAddins\Commands\XClipTestCommand.cs(209,1): warning SA1028: Code should not contain trailing whitespace (https://github.com/DotNetAnalyzers/StyleCopAnalyzers/blob/master/documentation/SA1028.md) [D:\leaveblackgithub\DDNCadAddins\src\DDNCadAddins\DDNCadAddins\DDNCadAddins.csproj]
D:\leaveblackgithub\DDNCadAddins\src\DDNCadAddins\DDNCadAddins\Commands\XClipTestCommand.cs(212,1): warning SA1028: Code should not contain trailing whitespace (https://github.com/DotNetAnalyzers/StyleCopAnalyzers/blob/master/documentation/SA1028.md) [D:\leaveblackgithub\DDNCadAddins\src\DDNCadAddins\DDNCadAddins\DDNCadAddins.csproj]
D:\leaveblackgithub\DDNCadAddins\src\DDNCadAddins\DDNCadAddins\Commands\XClipTestCommand.cs(215,1): warning SA1028: Code should not contain trailing whitespace (https://github.com/DotNetAnalyzers/StyleCopAnalyzers/blob/master/documentation/SA1028.md) [D:\leaveblackgithub\DDNCadAddins\src\DDNCadAddins\DDNCadAddins\DDNCadAddins.csproj]
D:\leaveblackgithub\DDNCadAddins\src\DDNCadAddins\DDNCadAddins\Commands\XClipTestCommand.cs(220,1): warning SA1028: Code should not contain trailing whitespace (https://github.com/DotNetAnalyzers/StyleCopAnalyzers/blob/master/documentation/SA1028.md) [D:\leaveblackgithub\DDNCadAddins\src\DDNCadAddins\DDNCadAddins\DDNCadAddins.csproj]
D:\leaveblackgithub\DDNCadAddins\src\DDNCadAddins\DDNCadAddins\Commands\XClipTestCommand.cs(237,1): warning SA1028: Code should not contain trailing whitespace (https://github.com/DotNetAnalyzers/StyleCopAnalyzers/blob/master/documentation/SA1028.md) [D:\leaveblackgithub\DDNCadAddins\src\DDNCadAddins\DDNCadAddins\DDNCadAddins.csproj]
D:\leaveblackgithub\DDNCadAddins\src\DDNCadAddins\DDNCadAddins\Commands\XClipTestCommand.cs(244,1): warning SA1028: Code should not contain trailing whitespace (https://github.com/DotNetAnalyzers/StyleCopAnalyzers/blob/master/documentation/SA1028.md) [D:\leaveblackgithub\DDNCadAddins\src\DDNCadAddins\DDNCadAddins\DDNCadAddins.csproj]
D:\leaveblackgithub\DDNCadAddins\src\DDNCadAddins\DDNCadAddins\Commands\XClipTestCommand.cs(248,1): warning SA1028: Code should not contain trailing whitespace (https://github.com/DotNetAnalyzers/StyleCopAnalyzers/blob/master/documentation/SA1028.md) [D:\leaveblackgithub\DDNCadAddins\src\DDNCadAddins\DDNCadAddins\DDNCadAddins.csproj]
D:\leaveblackgithub\DDNCadAddins\src\DDNCadAddins\DDNCadAddins\Commands\XClipTestCommand.cs(250,1): warning SA1028: Code should not contain trailing whitespace (https://github.com/DotNetAnalyzers/StyleCopAnalyzers/blob/master/documentation/SA1028.md) [D:\leaveblackgithub\DDNCadAddins\src\DDNCadAddins\DDNCadAddins\DDNCadAddins.csproj]
D:\leaveblackgithub\DDNCadAddins\src\DDNCadAddins\DDNCadAddins\Commands\XClipTestCommand.cs(253,1): warning SA1028: Code should not contain trailing whitespace (https://github.com/DotNetAnalyzers/StyleCopAnalyzers/blob/master/documentation/SA1028.md) [D:\leaveblackgithub\DDNCadAddins\src\DDNCadAddins\DDNCadAddins\DDNCadAddins.csproj]
D:\leaveblackgithub\DDNCadAddins\src\DDNCadAddins\DDNCadAddins\Commands\XClipTestCommand.cs(256,1): warning SA1028: Code should not contain trailing whitespace (https://github.com/DotNetAnalyzers/StyleCopAnalyzers/blob/master/documentation/SA1028.md) [D:\leaveblackgithub\DDNCadAddins\src\DDNCadAddins\DDNCadAddins\DDNCadAddins.csproj]
D:\leaveblackgithub\DDNCadAddins\src\DDNCadAddins\DDNCadAddins\Commands\XClipTestCommand.cs(261,1): warning SA1028: Code should not contain trailing whitespace (https://github.com/DotNetAnalyzers/StyleCopAnalyzers/blob/master/documentation/SA1028.md) [D:\leaveblackgithub\DDNCadAddins\src\DDNCadAddins\DDNCadAddins\DDNCadAddins.csproj]
D:\leaveblackgithub\DDNCadAddins\src\DDNCadAddins\DDNCadAddins\Commands\XClipTestCommand.cs(264,1): warning SA1028: Code should not contain trailing whitespace (https://github.com/DotNetAnalyzers/StyleCopAnalyzers/blob/master/documentation/SA1028.md) [D:\leaveblackgithub\DDNCadAddins\src\DDNCadAddins\DDNCadAddins\DDNCadAddins.csproj]
D:\leaveblackgithub\DDNCadAddins\src\DDNCadAddins\DDNCadAddins\Commands\XClipTestCommand.cs(267,1): warning SA1028: Code should not contain trailing whitespace (https://github.com/DotNetAnalyzers/StyleCopAnalyzers/blob/master/documentation/SA1028.md) [D:\leaveblackgithub\DDNCadAddins\src\DDNCadAddins\DDNCadAddins\DDNCadAddins.csproj]
D:\leaveblackgithub\DDNCadAddins\src\DDNCadAddins\DDNCadAddins\Commands\XClipTestCommand.cs(270,1): warning SA1028: Code should not contain trailing whitespace (https://github.com/DotNetAnalyzers/StyleCopAnalyzers/blob/master/documentation/SA1028.md) [D:\leaveblackgithub\DDNCadAddins\src\DDNCadAddins\DDNCadAddins\DDNCadAddins.csproj]
D:\leaveblackgithub\DDNCadAddins\src\DDNCadAddins\DDNCadAddins\Commands\XClipTestCommand.cs(273,75): warning SA1028: Code should not contain trailing whitespace (https://github.com/DotNetAnalyzers/StyleCopAnalyzers/blob/master/documentation/SA1028.md) [D:\leaveblackgithub\DDNCadAddins\src\DDNCadAddins\DDNCadAddins\DDNCadAddins.csproj]
D:\leaveblackgithub\DDNCadAddins\src\DDNCadAddins\DDNCadAddins\Commands\XClipTestCommand.cs(274,76): warning SA1028: Code should not contain trailing whitespace (https://github.com/DotNetAnalyzers/StyleCopAnalyzers/blob/master/documentation/SA1028.md) [D:\leaveblackgithub\DDNCadAddins\src\DDNCadAddins\DDNCadAddins\DDNCadAddins.csproj]
D:\leaveblackgithub\DDNCadAddins\src\DDNCadAddins\DDNCadAddins\Commands\XClipTestCommand.cs(276,1): warning SA1028: Code should not contain trailing whitespace (https://github.com/DotNetAnalyzers/StyleCopAnalyzers/blob/master/documentation/SA1028.md) [D:\leaveblackgithub\DDNCadAddins\src\DDNCadAddins\DDNCadAddins\DDNCadAddins.csproj]
D:\leaveblackgithub\DDNCadAddins\src\DDNCadAddins\DDNCadAddins\Commands\XClipTestCommand.cs(286,1): warning SA1028: Code should not contain trailing whitespace (https://github.com/DotNetAnalyzers/StyleCopAnalyzers/blob/master/documentation/SA1028.md) [D:\leaveblackgithub\DDNCadAddins\src\DDNCadAddins\DDNCadAddins\DDNCadAddins.csproj]
D:\leaveblackgithub\DDNCadAddins\src\DDNCadAddins\DDNCadAddins\Commands\XClipTestCommand.cs(292,1): warning SA1028: Code should not contain trailing whitespace (https://github.com/DotNetAnalyzers/StyleCopAnalyzers/blob/master/documentation/SA1028.md) [D:\leaveblackgithub\DDNCadAddins\src\DDNCadAddins\DDNCadAddins\DDNCadAddins.csproj]
D:\leaveblackgithub\DDNCadAddins\src\DDNCadAddins\DDNCadAddins\Commands\XClipTestCommand.cs(299,1): warning SA1028: Code should not contain trailing whitespace (https://github.com/DotNetAnalyzers/StyleCopAnalyzers/blob/master/documentation/SA1028.md) [D:\leaveblackgithub\DDNCadAddins\src\DDNCadAddins\DDNCadAddins\DDNCadAddins.csproj]
D:\leaveblackgithub\DDNCadAddins\src\DDNCadAddins\DDNCadAddins\Commands\XClipTestCommand.cs(303,1): warning SA1028: Code should not contain trailing whitespace (https://github.com/DotNetAnalyzers/StyleCopAnalyzers/blob/master/documentation/SA1028.md) [D:\leaveblackgithub\DDNCadAddins\src\DDNCadAddins\DDNCadAddins\DDNCadAddins.csproj]
D:\leaveblackgithub\DDNCadAddins\src\DDNCadAddins\DDNCadAddins\Commands\XClipTestCommand.cs(305,1): warning SA1028: Code should not contain trailing whitespace (https://github.com/DotNetAnalyzers/StyleCopAnalyzers/blob/master/documentation/SA1028.md) [D:\leaveblackgithub\DDNCadAddins\src\DDNCadAddins\DDNCadAddins\DDNCadAddins.csproj]
D:\leaveblackgithub\DDNCadAddins\src\DDNCadAddins\DDNCadAddins\Commands\XClipTestCommand.cs(310,1): warning SA1028: Code should not contain trailing whitespace (https://github.com/DotNetAnalyzers/StyleCopAnalyzers/blob/master/documentation/SA1028.md) [D:\leaveblackgithub\DDNCadAddins\src\DDNCadAddins\DDNCadAddins\DDNCadAddins.csproj]
D:\leaveblackgithub\DDNCadAddins\src\DDNCadAddins\DDNCadAddins\Commands\XClipTestCommand.cs(313,1): warning SA1028: Code should not contain trailing whitespace (https://github.com/DotNetAnalyzers/StyleCopAnalyzers/blob/master/documentation/SA1028.md) [D:\leaveblackgithub\DDNCadAddins\src\DDNCadAddins\DDNCadAddins\DDNCadAddins.csproj]
D:\leaveblackgithub\DDNCadAddins\src\DDNCadAddins\DDNCadAddins\Commands\XClipTestCommand.cs(316,1): warning SA1028: Code should not contain trailing whitespace (https://github.com/DotNetAnalyzers/StyleCopAnalyzers/blob/master/documentation/SA1028.md) [D:\leaveblackgithub\DDNCadAddins\src\DDNCadAddins\DDNCadAddins\DDNCadAddins.csproj]
D:\leaveblackgithub\DDNCadAddins\src\DDNCadAddins\DDNCadAddins\Commands\XClipTestCommand.cs(319,1): warning SA1028: Code should not contain trailing whitespace (https://github.com/DotNetAnalyzers/StyleCopAnalyzers/blob/master/documentation/SA1028.md) [D:\leaveblackgithub\DDNCadAddins\src\DDNCadAddins\DDNCadAddins\DDNCadAddins.csproj]
D:\leaveblackgithub\DDNCadAddins\src\DDNCadAddins\DDNCadAddins\Commands\XClipTestCommand.cs(322,1): warning SA1028: Code should not contain trailing whitespace (https://github.com/DotNetAnalyzers/StyleCopAnalyzers/blob/master/documentation/SA1028.md) [D:\leaveblackgithub\DDNCadAddins\src\DDNCadAddins\DDNCadAddins\DDNCadAddins.csproj]
D:\leaveblackgithub\DDNCadAddins\src\DDNCadAddins\DDNCadAddins\Commands\XClipTestCommand.cs(339,1): warning SA1028: Code should not contain trailing whitespace (https://github.com/DotNetAnalyzers/StyleCopAnalyzers/blob/master/documentation/SA1028.md) [D:\leaveblackgithub\DDNCadAddins\src\DDNCadAddins\DDNCadAddins\DDNCadAddins.csproj]
D:\leaveblackgithub\DDNCadAddins\src\DDNCadAddins\DDNCadAddins\Commands\XClipTestCommand.cs(346,1): warning SA1028: Code should not contain trailing whitespace (https://github.com/DotNetAnalyzers/StyleCopAnalyzers/blob/master/documentation/SA1028.md) [D:\leaveblackgithub\DDNCadAddins\src\DDNCadAddins\DDNCadAddins\DDNCadAddins.csproj]
D:\leaveblackgithub\DDNCadAddins\src\DDNCadAddins\DDNCadAddins\Commands\XClipTestCommand.cs(350,1): warning SA1028: Code should not contain trailing whitespace (https://github.com/DotNetAnalyzers/StyleCopAnalyzers/blob/master/documentation/SA1028.md) [D:\leaveblackgithub\DDNCadAddins\src\DDNCadAddins\DDNCadAddins\DDNCadAddins.csproj]
D:\leaveblackgithub\DDNCadAddins\src\DDNCadAddins\DDNCadAddins\Commands\XClipTestCommand.cs(352,1): warning SA1028: Code should not contain trailing whitespace (https://github.com/DotNetAnalyzers/StyleCopAnalyzers/blob/master/documentation/SA1028.md) [D:\leaveblackgithub\DDNCadAddins\src\DDNCadAddins\DDNCadAddins\DDNCadAddins.csproj]
D:\leaveblackgithub\DDNCadAddins\src\DDNCadAddins\DDNCadAddins\Commands\XClipTestCommand.cs(355,1): warning SA1028: Code should not contain trailing whitespace (https://github.com/DotNetAnalyzers/StyleCopAnalyzers/blob/master/documentation/SA1028.md) [D:\leaveblackgithub\DDNCadAddins\src\DDNCadAddins\DDNCadAddins\DDNCadAddins.csproj]
D:\leaveblackgithub\DDNCadAddins\src\DDNCadAddins\DDNCadAddins\Commands\XClipTestCommand.cs(358,1): warning SA1028: Code should not contain trailing whitespace (https://github.com/DotNetAnalyzers/StyleCopAnalyzers/blob/master/documentation/SA1028.md) [D:\leaveblackgithub\DDNCadAddins\src\DDNCadAddins\DDNCadAddins\DDNCadAddins.csproj]
D:\leaveblackgithub\DDNCadAddins\src\DDNCadAddins\DDNCadAddins\Commands\XClipTestCommand.cs(371,1): warning SA1028: Code should not contain trailing whitespace (https://github.com/DotNetAnalyzers/StyleCopAnalyzers/blob/master/documentation/SA1028.md) [D:\leaveblackgithub\DDNCadAddins\src\DDNCadAddins\DDNCadAddins\DDNCadAddins.csproj]
D:\leaveblackgithub\DDNCadAddins\src\DDNCadAddins\DDNCadAddins\Commands\XClipTestCommand.cs(378,1): warning SA1028: Code should not contain trailing whitespace (https://github.com/DotNetAnalyzers/StyleCopAnalyzers/blob/master/documentation/SA1028.md) [D:\leaveblackgithub\DDNCadAddins\src\DDNCadAddins\DDNCadAddins\DDNCadAddins.csproj]
D:\leaveblackgithub\DDNCadAddins\src\DDNCadAddins\DDNCadAddins\Commands\XClipTestCommand.cs(382,1): warning SA1028: Code should not contain trailing whitespace (https://github.com/DotNetAnalyzers/StyleCopAnalyzers/blob/master/documentation/SA1028.md) [D:\leaveblackgithub\DDNCadAddins\src\DDNCadAddins\DDNCadAddins\DDNCadAddins.csproj]
D:\leaveblackgithub\DDNCadAddins\src\DDNCadAddins\DDNCadAddins\Commands\XClipTestCommand.cs(384,1): warning SA1028: Code should not contain trailing whitespace (https://github.com/DotNetAnalyzers/StyleCopAnalyzers/blob/master/documentation/SA1028.md) [D:\leaveblackgithub\DDNCadAddins\src\DDNCadAddins\DDNCadAddins\DDNCadAddins.csproj]
D:\leaveblackgithub\DDNCadAddins\src\DDNCadAddins\DDNCadAddins\Commands\XClipTestCommand.cs(387,1): warning SA1028: Code should not contain trailing whitespace (https://github.com/DotNetAnalyzers/StyleCopAnalyzers/blob/master/documentation/SA1028.md) [D:\leaveblackgithub\DDNCadAddins\src\DDNCadAddins\DDNCadAddins\DDNCadAddins.csproj]
D:\leaveblackgithub\DDNCadAddins\src\DDNCadAddins\DDNCadAddins\Commands\XClipTestCommand.cs(391,1): warning SA1028: Code should not contain trailing whitespace (https://github.com/DotNetAnalyzers/StyleCopAnalyzers/blob/master/documentation/SA1028.md) [D:\leaveblackgithub\DDNCadAddins\src\DDNCadAddins\DDNCadAddins\DDNCadAddins.csproj]
D:\leaveblackgithub\DDNCadAddins\src\DDNCadAddins\DDNCadAddins\Commands\XClipTestCommand.cs(396,1): warning SA1028: Code should not contain trailing whitespace (https://github.com/DotNetAnalyzers/StyleCopAnalyzers/blob/master/documentation/SA1028.md) [D:\leaveblackgithub\DDNCadAddins\src\DDNCadAddins\DDNCadAddins\DDNCadAddins.csproj]
D:\leaveblackgithub\DDNCadAddins\src\DDNCadAddins\DDNCadAddins\Commands\XClipTestCommand.cs(408,1): warning SA1028: Code should not contain trailing whitespace (https://github.com/DotNetAnalyzers/StyleCopAnalyzers/blob/master/documentation/SA1028.md) [D:\leaveblackgithub\DDNCadAddins\src\DDNCadAddins\DDNCadAddins\DDNCadAddins.csproj]
D:\leaveblackgithub\DDNCadAddins\src\DDNCadAddins\DDNCadAddins\Commands\XClipTestCommand.cs(415,1): warning SA1028: Code should not contain trailing whitespace (https://github.com/DotNetAnalyzers/StyleCopAnalyzers/blob/master/documentation/SA1028.md) [D:\leaveblackgithub\DDNCadAddins\src\DDNCadAddins\DDNCadAddins\DDNCadAddins.csproj]
D:\leaveblackgithub\DDNCadAddins\src\DDNCadAddins\DDNCadAddins\Commands\XClipTestCommand.cs(419,1): warning SA1028: Code should not contain trailing whitespace (https://github.com/DotNetAnalyzers/StyleCopAnalyzers/blob/master/documentation/SA1028.md) [D:\leaveblackgithub\DDNCadAddins\src\DDNCadAddins\DDNCadAddins\DDNCadAddins.csproj]
D:\leaveblackgithub\DDNCadAddins\src\DDNCadAddins\DDNCadAddins\Commands\XClipTestCommand.cs(422,1): warning SA1028: Code should not contain trailing whitespace (https://github.com/DotNetAnalyzers/StyleCopAnalyzers/blob/master/documentation/SA1028.md) [D:\leaveblackgithub\DDNCadAddins\src\DDNCadAddins\DDNCadAddins\DDNCadAddins.csproj]
D:\leaveblackgithub\DDNCadAddins\src\DDNCadAddins\DDNCadAddins\Commands\XClipTestCommand.cs(426,1): warning SA1028: Code should not contain trailing whitespace (https://github.com/DotNetAnalyzers/StyleCopAnalyzers/blob/master/documentation/SA1028.md) [D:\leaveblackgithub\DDNCadAddins\src\DDNCadAddins\DDNCadAddins\DDNCadAddins.csproj]
D:\leaveblackgithub\DDNCadAddins\src\DDNCadAddins\DDNCadAddins\Commands\XClipTestCommand.cs(430,1): warning SA1028: Code should not contain trailing whitespace (https://github.com/DotNetAnalyzers/StyleCopAnalyzers/blob/master/documentation/SA1028.md) [D:\leaveblackgithub\DDNCadAddins\src\DDNCadAddins\DDNCadAddins\DDNCadAddins.csproj]
D:\leaveblackgithub\DDNCadAddins\src\DDNCadAddins\DDNCadAddins\Commands\XClipTestCommand.cs(434,1): warning SA1028: Code should not contain trailing whitespace (https://github.com/DotNetAnalyzers/StyleCopAnalyzers/blob/master/documentation/SA1028.md) [D:\leaveblackgithub\DDNCadAddins\src\DDNCadAddins\DDNCadAddins\DDNCadAddins.csproj]
D:\leaveblackgithub\DDNCadAddins\src\DDNCadAddins\DDNCadAddins\Commands\XClipTestCommand.cs(438,1): warning SA1028: Code should not contain trailing whitespace (https://github.com/DotNetAnalyzers/StyleCopAnalyzers/blob/master/documentation/SA1028.md) [D:\leaveblackgithub\DDNCadAddins\src\DDNCadAddins\DDNCadAddins\DDNCadAddins.csproj]
D:\leaveblackgithub\DDNCadAddins\src\DDNCadAddins\DDNCadAddins\Commands\XClipTestCommand.cs(444,2): warning SA1028: Code should not contain trailing whitespace (https://github.com/DotNetAnalyzers/StyleCopAnalyzers/blob/master/documentation/SA1028.md) [D:\leaveblackgithub\DDNCadAddins\src\DDNCadAddins\DDNCadAddins\DDNCadAddins.csproj]
D:\leaveblackgithub\DDNCadAddins\src\DDNCadAddins\DDNCadAddins\Commands\XClipTest\XClipTestCommon.cs(1,1): warning SA1633: The file header is missing or not located at the top of the file. (https://github.com/DotNetAnalyzers/StyleCopAnalyzers/blob/master/documentation/SA1633.md) [D:\leaveblackgithub\DDNCadAddins\src\DDNCadAddins\DDNCadAddins\DDNCadAddins.csproj]
D:\leaveblackgithub\DDNCadAddins\src\DDNCadAddins\DDNCadAddins\Commands\XClipTest\XClipTestCommon.cs(11,18): warning SA1649: File name should match first type name. (https://github.com/DotNetAnalyzers/StyleCopAnalyzers/blob/master/documentation/SA1649.md) [D:\leaveblackgithub\DDNCadAddins\src\DDNCadAddins\DDNCadAddins\DDNCadAddins.csproj]
D:\leaveblackgithub\DDNCadAddins\src\DDNCadAddins\DDNCadAddins\Commands\XClipTest\XClipTestCommon.cs(24,18): warning SA1402: File may only contain a single type (https://github.com/DotNetAnalyzers/StyleCopAnalyzers/blob/master/documentation/SA1402.md) [D:\leaveblackgithub\DDNCadAddins\src\DDNCadAddins\DDNCadAddins\DDNCadAddins.csproj]
D:\leaveblackgithub\DDNCadAddins\src\DDNCadAddins\DDNCadAddins\Commands\XClipTest\XClipTestCommon.cs(42,18): warning SA1402: File may only contain a single type (https://github.com/DotNetAnalyzers/StyleCopAnalyzers/blob/master/documentation/SA1402.md) [D:\leaveblackgithub\DDNCadAddins\src\DDNCadAddins\DDNCadAddins\DDNCadAddins.csproj]
D:\leaveblackgithub\DDNCadAddins\src\DDNCadAddins\DDNCadAddins\Commands\TestRunner.cs(70,1): warning SA1516: Elements should be separated by blank line (https://github.com/DotNetAnalyzers/StyleCopAnalyzers/blob/master/documentation/SA1516.md) [D:\leaveblackgithub\DDNCadAddins\src\DDNCadAddins\DDNCadAddins\DDNCadAddins.csproj]
D:\leaveblackgithub\DDNCadAddins\src\DDNCadAddins\DDNCadAddins\Commands\TestRunner.cs(71,1): warning SA1516: Elements should be separated by blank line (https://github.com/DotNetAnalyzers/StyleCopAnalyzers/blob/master/documentation/SA1516.md) [D:\leaveblackgithub\DDNCadAddins\src\DDNCadAddins\DDNCadAddins\DDNCadAddins.csproj]
D:\leaveblackgithub\DDNCadAddins\src\DDNCadAddins\DDNCadAddins\Commands\TestRunner.cs(72,1): warning SA1516: Elements should be separated by blank line (https://github.com/DotNetAnalyzers/StyleCopAnalyzers/blob/master/documentation/SA1516.md) [D:\leaveblackgithub\DDNCadAddins\src\DDNCadAddins\DDNCadAddins\DDNCadAddins.csproj]
D:\leaveblackgithub\DDNCadAddins\src\DDNCadAddins\DDNCadAddins\Commands\TestRunner.cs(73,1): warning SA1516: Elements should be separated by blank line (https://github.com/DotNetAnalyzers/StyleCopAnalyzers/blob/master/documentation/SA1516.md) [D:\leaveblackgithub\DDNCadAddins\src\DDNCadAddins\DDNCadAddins\DDNCadAddins.csproj]
D:\leaveblackgithub\DDNCadAddins\src\DDNCadAddins\DDNCadAddins\Commands\TestRunner.cs(74,1): warning SA1516: Elements should be separated by blank line (https://github.com/DotNetAnalyzers/StyleCopAnalyzers/blob/master/documentation/SA1516.md) [D:\leaveblackgithub\DDNCadAddins\src\DDNCadAddins\DDNCadAddins\DDNCadAddins.csproj]
D:\leaveblackgithub\DDNCadAddins\src\DDNCadAddins\DDNCadAddins\Commands\TestRunner.cs(75,1): warning SA1516: Elements should be separated by blank line (https://github.com/DotNetAnalyzers/StyleCopAnalyzers/blob/master/documentation/SA1516.md) [D:\leaveblackgithub\DDNCadAddins\src\DDNCadAddins\DDNCadAddins\DDNCadAddins.csproj]
D:\leaveblackgithub\DDNCadAddins\src\DDNCadAddins\DDNCadAddins\Commands\TestRunner.cs(77,20): warning SA1201: A constructor should not follow a property (https://github.com/DotNetAnalyzers/StyleCopAnalyzers/blob/master/documentation/SA1201.md) [D:\leaveblackgithub\DDNCadAddins\src\DDNCadAddins\DDNCadAddins\DDNCadAddins.csproj]
D:\leaveblackgithub\DDNCadAddins\src\DDNCadAddins\DDNCadAddins\Commands\XClipTest\XClipTestCommon.cs(20,1): warning SA1028: Code should not contain trailing whitespace (https://github.com/DotNetAnalyzers/StyleCopAnalyzers/blob/master/documentation/SA1028.md) [D:\leaveblackgithub\DDNCadAddins\src\DDNCadAddins\DDNCadAddins\DDNCadAddins.csproj]
D:\leaveblackgithub\DDNCadAddins\src\DDNCadAddins\DDNCadAddins\Commands\XClipTest\XClipTestCommon.cs(47,1): warning SA1028: Code should not contain trailing whitespace (https://github.com/DotNetAnalyzers/StyleCopAnalyzers/blob/master/documentation/SA1028.md) [D:\leaveblackgithub\DDNCadAddins\src\DDNCadAddins\DDNCadAddins\DDNCadAddins.csproj]
D:\leaveblackgithub\DDNCadAddins\src\DDNCadAddins\DDNCadAddins\Commands\XClipTest\XClipTestCommon.cs(58,2): warning SA1028: Code should not contain trailing whitespace (https://github.com/DotNetAnalyzers/StyleCopAnalyzers/blob/master/documentation/SA1028.md) [D:\leaveblackgithub\DDNCadAddins\src\DDNCadAddins\DDNCadAddins\DDNCadAddins.csproj]
D:\leaveblackgithub\DDNCadAddins\src\DDNCadAddins\DDNCadAddins\Commands\XClipTest\XClipTestCreator.cs(1,1): warning SA1633: The file header is missing or not located at the top of the file. (https://github.com/DotNetAnalyzers/StyleCopAnalyzers/blob/master/documentation/SA1633.md) [D:\leaveblackgithub\DDNCadAddins\src\DDNCadAddins\DDNCadAddins\DDNCadAddins.csproj]
D:\leaveblackgithub\DDNCadAddins\src\DDNCadAddins\DDNCadAddins\Commands\XClipTest\XClipTestCreator.cs(20,1): warning SA1028: Code should not contain trailing whitespace (https://github.com/DotNetAnalyzers/StyleCopAnalyzers/blob/master/documentation/SA1028.md) [D:\leaveblackgithub\DDNCadAddins\src\DDNCadAddins\DDNCadAddins\DDNCadAddins.csproj]
D:\leaveblackgithub\DDNCadAddins\src\DDNCadAddins\DDNCadAddins\Commands\XClipTest\XClipTestCreator.cs(31,1): warning SA1028: Code should not contain trailing whitespace (https://github.com/DotNetAnalyzers/StyleCopAnalyzers/blob/master/documentation/SA1028.md) [D:\leaveblackgithub\DDNCadAddins\src\DDNCadAddins\DDNCadAddins\DDNCadAddins.csproj]
D:\leaveblackgithub\DDNCadAddins\src\DDNCadAddins\DDNCadAddins\Commands\XClipTest\XClipTestCreator.cs(40,1): warning SA1028: Code should not contain trailing whitespace (https://github.com/DotNetAnalyzers/StyleCopAnalyzers/blob/master/documentation/SA1028.md) [D:\leaveblackgithub\DDNCadAddins\src\DDNCadAddins\DDNCadAddins\DDNCadAddins.csproj]
D:\leaveblackgithub\DDNCadAddins\src\DDNCadAddins\DDNCadAddins\Commands\XClipTest\XClipTestCreator.cs(50,1): warning SA1028: Code should not contain trailing whitespace (https://github.com/DotNetAnalyzers/StyleCopAnalyzers/blob/master/documentation/SA1028.md) [D:\leaveblackgithub\DDNCadAddins\src\DDNCadAddins\DDNCadAddins\DDNCadAddins.csproj]
D:\leaveblackgithub\DDNCadAddins\src\DDNCadAddins\DDNCadAddins\Commands\XClipTest\XClipTestCreator.cs(55,1): warning SA1028: Code should not contain trailing whitespace (https://github.com/DotNetAnalyzers/StyleCopAnalyzers/blob/master/documentation/SA1028.md) [D:\leaveblackgithub\DDNCadAddins\src\DDNCadAddins\DDNCadAddins\DDNCadAddins.csproj]
D:\leaveblackgithub\DDNCadAddins\src\DDNCadAddins\DDNCadAddins\Commands\XClipTest\XClipTestCreator.cs(63,1): warning SA1028: Code should not contain trailing whitespace (https://github.com/DotNetAnalyzers/StyleCopAnalyzers/blob/master/documentation/SA1028.md) [D:\leaveblackgithub\DDNCadAddins\src\DDNCadAddins\DDNCadAddins\DDNCadAddins.csproj]
D:\leaveblackgithub\DDNCadAddins\src\DDNCadAddins\DDNCadAddins\Commands\XClipTest\XClipTestCreator.cs(66,1): warning SA1028: Code should not contain trailing whitespace (https://github.com/DotNetAnalyzers/StyleCopAnalyzers/blob/master/documentation/SA1028.md) [D:\leaveblackgithub\DDNCadAddins\src\DDNCadAddins\DDNCadAddins\DDNCadAddins.csproj]
D:\leaveblackgithub\DDNCadAddins\src\DDNCadAddins\DDNCadAddins\Commands\XClipTest\XClipTestCreator.cs(69,1): warning SA1028: Code should not contain trailing whitespace (https://github.com/DotNetAnalyzers/StyleCopAnalyzers/blob/master/documentation/SA1028.md) [D:\leaveblackgithub\DDNCadAddins\src\DDNCadAddins\DDNCadAddins\DDNCadAddins.csproj]
D:\leaveblackgithub\DDNCadAddins\src\DDNCadAddins\DDNCadAddins\Commands\XClipTest\XClipTestCreator.cs(80,1): warning SA1028: Code should not contain trailing whitespace (https://github.com/DotNetAnalyzers/StyleCopAnalyzers/blob/master/documentation/SA1028.md) [D:\leaveblackgithub\DDNCadAddins\src\DDNCadAddins\DDNCadAddins\DDNCadAddins.csproj]
D:\leaveblackgithub\DDNCadAddins\src\DDNCadAddins\DDNCadAddins\Commands\XClipTest\XClipTestCreator.cs(86,1): warning SA1028: Code should not contain trailing whitespace (https://github.com/DotNetAnalyzers/StyleCopAnalyzers/blob/master/documentation/SA1028.md) [D:\leaveblackgithub\DDNCadAddins\src\DDNCadAddins\DDNCadAddins\DDNCadAddins.csproj]
D:\leaveblackgithub\DDNCadAddins\src\DDNCadAddins\DDNCadAddins\Commands\XClipTest\XClipTestCreator.cs(93,1): warning SA1028: Code should not contain trailing whitespace (https://github.com/DotNetAnalyzers/StyleCopAnalyzers/blob/master/documentation/SA1028.md) [D:\leaveblackgithub\DDNCadAddins\src\DDNCadAddins\DDNCadAddins\DDNCadAddins.csproj]
D:\leaveblackgithub\DDNCadAddins\src\DDNCadAddins\DDNCadAddins\Commands\XClipTest\XClipTestCreator.cs(98,1): warning SA1028: Code should not contain trailing whitespace (https://github.com/DotNetAnalyzers/StyleCopAnalyzers/blob/master/documentation/SA1028.md) [D:\leaveblackgithub\DDNCadAddins\src\DDNCadAddins\DDNCadAddins\DDNCadAddins.csproj]
D:\leaveblackgithub\DDNCadAddins\src\DDNCadAddins\DDNCadAddins\Commands\XClipTest\XClipTestCreator.cs(101,1): warning SA1028: Code should not contain trailing whitespace (https://github.com/DotNetAnalyzers/StyleCopAnalyzers/blob/master/documentation/SA1028.md) [D:\leaveblackgithub\DDNCadAddins\src\DDNCadAddins\DDNCadAddins\DDNCadAddins.csproj]
D:\leaveblackgithub\DDNCadAddins\src\DDNCadAddins\DDNCadAddins\Commands\XClipTest\XClipTestCreator.cs(104,1): warning SA1028: Code should not contain trailing whitespace (https://github.com/DotNetAnalyzers/StyleCopAnalyzers/blob/master/documentation/SA1028.md) [D:\leaveblackgithub\DDNCadAddins\src\DDNCadAddins\DDNCadAddins\DDNCadAddins.csproj]
D:\leaveblackgithub\DDNCadAddins\src\DDNCadAddins\DDNCadAddins\Commands\XClipTest\XClipTestCreator.cs(112,1): warning SA1028: Code should not contain trailing whitespace (https://github.com/DotNetAnalyzers/StyleCopAnalyzers/blob/master/documentation/SA1028.md) [D:\leaveblackgithub\DDNCadAddins\src\DDNCadAddins\DDNCadAddins\DDNCadAddins.csproj]
D:\leaveblackgithub\DDNCadAddins\src\DDNCadAddins\DDNCadAddins\Commands\XClipTest\XClipTestCreator.cs(115,1): warning SA1028: Code should not contain trailing whitespace (https://github.com/DotNetAnalyzers/StyleCopAnalyzers/blob/master/documentation/SA1028.md) [D:\leaveblackgithub\DDNCadAddins\src\DDNCadAddins\DDNCadAddins\DDNCadAddins.csproj]
D:\leaveblackgithub\DDNCadAddins\src\DDNCadAddins\DDNCadAddins\Commands\XClipTest\XClipTestCreator.cs(119,1): warning SA1028: Code should not contain trailing whitespace (https://github.com/DotNetAnalyzers/StyleCopAnalyzers/blob/master/documentation/SA1028.md) [D:\leaveblackgithub\DDNCadAddins\src\DDNCadAddins\DDNCadAddins\DDNCadAddins.csproj]
D:\leaveblackgithub\DDNCadAddins\src\DDNCadAddins\DDNCadAddins\Commands\XClipTest\XClipTestCreator.cs(124,1): warning SA1028: Code should not contain trailing whitespace (https://github.com/DotNetAnalyzers/StyleCopAnalyzers/blob/master/documentation/SA1028.md) [D:\leaveblackgithub\DDNCadAddins\src\DDNCadAddins\DDNCadAddins\DDNCadAddins.csproj]
D:\leaveblackgithub\DDNCadAddins\src\DDNCadAddins\DDNCadAddins\Commands\XClipTest\XClipTestCreator.cs(130,1): warning SA1028: Code should not contain trailing whitespace (https://github.com/DotNetAnalyzers/StyleCopAnalyzers/blob/master/documentation/SA1028.md) [D:\leaveblackgithub\DDNCadAddins\src\DDNCadAddins\DDNCadAddins\DDNCadAddins.csproj]
D:\leaveblackgithub\DDNCadAddins\src\DDNCadAddins\DDNCadAddins\Commands\XClipTest\XClipTestCreator.cs(135,1): warning SA1028: Code should not contain trailing whitespace (https://github.com/DotNetAnalyzers/StyleCopAnalyzers/blob/master/documentation/SA1028.md) [D:\leaveblackgithub\DDNCadAddins\src\DDNCadAddins\DDNCadAddins\DDNCadAddins.csproj]
D:\leaveblackgithub\DDNCadAddins\src\DDNCadAddins\DDNCadAddins\Commands\XClipTest\XClipTestCreator.cs(141,1): warning SA1028: Code should not contain trailing whitespace (https://github.com/DotNetAnalyzers/StyleCopAnalyzers/blob/master/documentation/SA1028.md) [D:\leaveblackgithub\DDNCadAddins\src\DDNCadAddins\DDNCadAddins\DDNCadAddins.csproj]
D:\leaveblackgithub\DDNCadAddins\src\DDNCadAddins\DDNCadAddins\Commands\XClipTest\XClipTestCreator.cs(145,1): warning SA1028: Code should not contain trailing whitespace (https://github.com/DotNetAnalyzers/StyleCopAnalyzers/blob/master/documentation/SA1028.md) [D:\leaveblackgithub\DDNCadAddins\src\DDNCadAddins\DDNCadAddins\DDNCadAddins.csproj]
D:\leaveblackgithub\DDNCadAddins\src\DDNCadAddins\DDNCadAddins\Commands\XClipTest\XClipTestCreator.cs(149,1): warning SA1028: Code should not contain trailing whitespace (https://github.com/DotNetAnalyzers/StyleCopAnalyzers/blob/master/documentation/SA1028.md) [D:\leaveblackgithub\DDNCadAddins\src\DDNCadAddins\DDNCadAddins\DDNCadAddins.csproj]
D:\leaveblackgithub\DDNCadAddins\src\DDNCadAddins\DDNCadAddins\Commands\XClipTest\XClipTestCreator.cs(152,1): warning SA1028: Code should not contain trailing whitespace (https://github.com/DotNetAnalyzers/StyleCopAnalyzers/blob/master/documentation/SA1028.md) [D:\leaveblackgithub\DDNCadAddins\src\DDNCadAddins\DDNCadAddins\DDNCadAddins.csproj]
D:\leaveblackgithub\DDNCadAddins\src\DDNCadAddins\DDNCadAddins\Commands\XClipTest\XClipTestCreator.cs(160,1): warning SA1028: Code should not contain trailing whitespace (https://github.com/DotNetAnalyzers/StyleCopAnalyzers/blob/master/documentation/SA1028.md) [D:\leaveblackgithub\DDNCadAddins\src\DDNCadAddins\DDNCadAddins\DDNCadAddins.csproj]
D:\leaveblackgithub\DDNCadAddins\src\DDNCadAddins\DDNCadAddins\Commands\XClipTest\XClipTestCreator.cs(163,1): warning SA1028: Code should not contain trailing whitespace (https://github.com/DotNetAnalyzers/StyleCopAnalyzers/blob/master/documentation/SA1028.md) [D:\leaveblackgithub\DDNCadAddins\src\DDNCadAddins\DDNCadAddins\DDNCadAddins.csproj]
D:\leaveblackgithub\DDNCadAddins\src\DDNCadAddins\DDNCadAddins\Commands\XClipTest\XClipTestCreator.cs(167,1): warning SA1028: Code should not contain trailing whitespace (https://github.com/DotNetAnalyzers/StyleCopAnalyzers/blob/master/documentation/SA1028.md) [D:\leaveblackgithub\DDNCadAddins\src\DDNCadAddins\DDNCadAddins\DDNCadAddins.csproj]
D:\leaveblackgithub\DDNCadAddins\src\DDNCadAddins\DDNCadAddins\Commands\XClipTest\XClipTestCreator.cs(172,1): warning SA1028: Code should not contain trailing whitespace (https://github.com/DotNetAnalyzers/StyleCopAnalyzers/blob/master/documentation/SA1028.md) [D:\leaveblackgithub\DDNCadAddins\src\DDNCadAddins\DDNCadAddins\DDNCadAddins.csproj]
D:\leaveblackgithub\DDNCadAddins\src\DDNCadAddins\DDNCadAddins\Commands\XClipTest\XClipTestCreator.cs(175,1): warning SA1028: Code should not contain trailing whitespace (https://github.com/DotNetAnalyzers/StyleCopAnalyzers/blob/master/documentation/SA1028.md) [D:\leaveblackgithub\DDNCadAddins\src\DDNCadAddins\DDNCadAddins\DDNCadAddins.csproj]
D:\leaveblackgithub\DDNCadAddins\src\DDNCadAddins\DDNCadAddins\Commands\XClipTest\XClipTestCreator.cs(179,1): warning SA1028: Code should not contain trailing whitespace (https://github.com/DotNetAnalyzers/StyleCopAnalyzers/blob/master/documentation/SA1028.md) [D:\leaveblackgithub\DDNCadAddins\src\DDNCadAddins\DDNCadAddins\DDNCadAddins.csproj]
D:\leaveblackgithub\DDNCadAddins\src\DDNCadAddins\DDNCadAddins\Commands\XClipTest\XClipTestCreator.cs(183,1): warning SA1028: Code should not contain trailing whitespace (https://github.com/DotNetAnalyzers/StyleCopAnalyzers/blob/master/documentation/SA1028.md) [D:\leaveblackgithub\DDNCadAddins\src\DDNCadAddins\DDNCadAddins\DDNCadAddins.csproj]
D:\leaveblackgithub\DDNCadAddins\src\DDNCadAddins\DDNCadAddins\Commands\XClipTest\XClipTestCreator.cs(187,1): warning SA1028: Code should not contain trailing whitespace (https://github.com/DotNetAnalyzers/StyleCopAnalyzers/blob/master/documentation/SA1028.md) [D:\leaveblackgithub\DDNCadAddins\src\DDNCadAddins\DDNCadAddins\DDNCadAddins.csproj]
D:\leaveblackgithub\DDNCadAddins\src\DDNCadAddins\DDNCadAddins\Commands\XClipTest\XClipTestCreator.cs(191,1): warning SA1028: Code should not contain trailing whitespace (https://github.com/DotNetAnalyzers/StyleCopAnalyzers/blob/master/documentation/SA1028.md) [D:\leaveblackgithub\DDNCadAddins\src\DDNCadAddins\DDNCadAddins\DDNCadAddins.csproj]
D:\leaveblackgithub\DDNCadAddins\src\DDNCadAddins\DDNCadAddins\Commands\XClipTest\XClipTestCreator.cs(195,2): warning SA1028: Code should not contain trailing whitespace (https://github.com/DotNetAnalyzers/StyleCopAnalyzers/blob/master/documentation/SA1028.md) [D:\leaveblackgithub\DDNCadAddins\src\DDNCadAddins\DDNCadAddins\DDNCadAddins.csproj]
D:\leaveblackgithub\DDNCadAddins\src\DDNCadAddins\DDNCadAddins\Commands\XClipTest\XClipTestCreator2.cs(1,1): warning SA1633: The file header is missing or not located at the top of the file. (https://github.com/DotNetAnalyzers/StyleCopAnalyzers/blob/master/documentation/SA1633.md) [D:\leaveblackgithub\DDNCadAddins\src\DDNCadAddins\DDNCadAddins\DDNCadAddins.csproj]
D:\leaveblackgithub\DDNCadAddins\src\DDNCadAddins\DDNCadAddins\Commands\XClipTest\XClipTestCreator2.cs(23,1): warning SA1028: Code should not contain trailing whitespace (https://github.com/DotNetAnalyzers/StyleCopAnalyzers/blob/master/documentation/SA1028.md) [D:\leaveblackgithub\DDNCadAddins\src\DDNCadAddins\DDNCadAddins\DDNCadAddins.csproj]
D:\leaveblackgithub\DDNCadAddins\src\DDNCadAddins\DDNCadAddins\Commands\XClipTest\XClipTestCreator2.cs(28,1): warning SA1028: Code should not contain trailing whitespace (https://github.com/DotNetAnalyzers/StyleCopAnalyzers/blob/master/documentation/SA1028.md) [D:\leaveblackgithub\DDNCadAddins\src\DDNCadAddins\DDNCadAddins\DDNCadAddins.csproj]
D:\leaveblackgithub\DDNCadAddins\src\DDNCadAddins\DDNCadAddins\Commands\XClipTest\XClipTestCreator2.cs(31,1): warning SA1028: Code should not contain trailing whitespace (https://github.com/DotNetAnalyzers/StyleCopAnalyzers/blob/master/documentation/SA1028.md) [D:\leaveblackgithub\DDNCadAddins\src\DDNCadAddins\DDNCadAddins\DDNCadAddins.csproj]
D:\leaveblackgithub\DDNCadAddins\src\DDNCadAddins\DDNCadAddins\Commands\XClipTest\XClipTestCreator2.cs(35,1): warning SA1028: Code should not contain trailing whitespace (https://github.com/DotNetAnalyzers/StyleCopAnalyzers/blob/master/documentation/SA1028.md) [D:\leaveblackgithub\DDNCadAddins\src\DDNCadAddins\DDNCadAddins\DDNCadAddins.csproj]
D:\leaveblackgithub\DDNCadAddins\src\DDNCadAddins\DDNCadAddins\Commands\XClipTest\XClipTestCreator2.cs(40,1): warning SA1028: Code should not contain trailing whitespace (https://github.com/DotNetAnalyzers/StyleCopAnalyzers/blob/master/documentation/SA1028.md) [D:\leaveblackgithub\DDNCadAddins\src\DDNCadAddins\DDNCadAddins\DDNCadAddins.csproj]
D:\leaveblackgithub\DDNCadAddins\src\DDNCadAddins\DDNCadAddins\Commands\XClipTest\XClipTestCreator2.cs(47,1): warning SA1028: Code should not contain trailing whitespace (https://github.com/DotNetAnalyzers/StyleCopAnalyzers/blob/master/documentation/SA1028.md) [D:\leaveblackgithub\DDNCadAddins\src\DDNCadAddins\DDNCadAddins\DDNCadAddins.csproj]
D:\leaveblackgithub\DDNCadAddins\src\DDNCadAddins\DDNCadAddins\Commands\XClipTest\XClipTestCreator2.cs(54,1): warning SA1028: Code should not contain trailing whitespace (https://github.com/DotNetAnalyzers/StyleCopAnalyzers/blob/master/documentation/SA1028.md) [D:\leaveblackgithub\DDNCadAddins\src\DDNCadAddins\DDNCadAddins\DDNCadAddins.csproj]
D:\leaveblackgithub\DDNCadAddins\src\DDNCadAddins\DDNCadAddins\Commands\XClipTest\XClipTestCreator2.cs(62,1): warning SA1028: Code should not contain trailing whitespace (https://github.com/DotNetAnalyzers/StyleCopAnalyzers/blob/master/documentation/SA1028.md) [D:\leaveblackgithub\DDNCadAddins\src\DDNCadAddins\DDNCadAddins\DDNCadAddins.csproj]
D:\leaveblackgithub\DDNCadAddins\src\DDNCadAddins\DDNCadAddins\Commands\XClipTest\XClipTestCreator2.cs(69,1): warning SA1028: Code should not contain trailing whitespace (https://github.com/DotNetAnalyzers/StyleCopAnalyzers/blob/master/documentation/SA1028.md) [D:\leaveblackgithub\DDNCadAddins\src\DDNCadAddins\DDNCadAddins\DDNCadAddins.csproj]
D:\leaveblackgithub\DDNCadAddins\src\DDNCadAddins\DDNCadAddins\Commands\XClipTest\XClipTestCreator2.cs(79,1): warning SA1028: Code should not contain trailing whitespace (https://github.com/DotNetAnalyzers/StyleCopAnalyzers/blob/master/documentation/SA1028.md) [D:\leaveblackgithub\DDNCadAddins\src\DDNCadAddins\DDNCadAddins\DDNCadAddins.csproj]
D:\leaveblackgithub\DDNCadAddins\src\DDNCadAddins\DDNCadAddins\Commands\XClipTest\XClipTestCreator2.cs(84,1): warning SA1028: Code should not contain trailing whitespace (https://github.com/DotNetAnalyzers/StyleCopAnalyzers/blob/master/documentation/SA1028.md) [D:\leaveblackgithub\DDNCadAddins\src\DDNCadAddins\DDNCadAddins\DDNCadAddins.csproj]
D:\leaveblackgithub\DDNCadAddins\src\DDNCadAddins\DDNCadAddins\Commands\XClipTest\XClipTestCreator2.cs(88,1): warning SA1028: Code should not contain trailing whitespace (https://github.com/DotNetAnalyzers/StyleCopAnalyzers/blob/master/documentation/SA1028.md) [D:\leaveblackgithub\DDNCadAddins\src\DDNCadAddins\DDNCadAddins\DDNCadAddins.csproj]
D:\leaveblackgithub\DDNCadAddins\src\DDNCadAddins\DDNCadAddins\Commands\XClipTest\XClipTestCreator2.cs(92,1): warning SA1028: Code should not contain trailing whitespace (https://github.com/DotNetAnalyzers/StyleCopAnalyzers/blob/master/documentation/SA1028.md) [D:\leaveblackgithub\DDNCadAddins\src\DDNCadAddins\DDNCadAddins\DDNCadAddins.csproj]
D:\leaveblackgithub\DDNCadAddins\src\DDNCadAddins\DDNCadAddins\Commands\XClipTest\XClipTestCreator2.cs(95,1): warning SA1028: Code should not contain trailing whitespace (https://github.com/DotNetAnalyzers/StyleCopAnalyzers/blob/master/documentation/SA1028.md) [D:\leaveblackgithub\DDNCadAddins\src\DDNCadAddins\DDNCadAddins\DDNCadAddins.csproj]
D:\leaveblackgithub\DDNCadAddins\src\DDNCadAddins\DDNCadAddins\Commands\XClipTest\XClipTestCreator2.cs(102,1): warning SA1028: Code should not contain trailing whitespace (https://github.com/DotNetAnalyzers/StyleCopAnalyzers/blob/master/documentation/SA1028.md) [D:\leaveblackgithub\DDNCadAddins\src\DDNCadAddins\DDNCadAddins\DDNCadAddins.csproj]
D:\leaveblackgithub\DDNCadAddins\src\DDNCadAddins\DDNCadAddins\Commands\XClipTest\XClipTestCreator2.cs(107,1): warning SA1028: Code should not contain trailing whitespace (https://github.com/DotNetAnalyzers/StyleCopAnalyzers/blob/master/documentation/SA1028.md) [D:\leaveblackgithub\DDNCadAddins\src\DDNCadAddins\DDNCadAddins\DDNCadAddins.csproj]
D:\leaveblackgithub\DDNCadAddins\src\DDNCadAddins\DDNCadAddins\Commands\XClipTest\XClipTestCreator2.cs(110,1): warning SA1028: Code should not contain trailing whitespace (https://github.com/DotNetAnalyzers/StyleCopAnalyzers/blob/master/documentation/SA1028.md) [D:\leaveblackgithub\DDNCadAddins\src\DDNCadAddins\DDNCadAddins\DDNCadAddins.csproj]
D:\leaveblackgithub\DDNCadAddins\src\DDNCadAddins\DDNCadAddins\Commands\XClipTest\XClipTestCreator2.cs(114,1): warning SA1028: Code should not contain trailing whitespace (https://github.com/DotNetAnalyzers/StyleCopAnalyzers/blob/master/documentation/SA1028.md) [D:\leaveblackgithub\DDNCadAddins\src\DDNCadAddins\DDNCadAddins\DDNCadAddins.csproj]
D:\leaveblackgithub\DDNCadAddins\src\DDNCadAddins\DDNCadAddins\Commands\XClipTest\XClipTestCreator2.cs(119,1): warning SA1028: Code should not contain trailing whitespace (https://github.com/DotNetAnalyzers/StyleCopAnalyzers/blob/master/documentation/SA1028.md) [D:\leaveblackgithub\DDNCadAddins\src\DDNCadAddins\DDNCadAddins\DDNCadAddins.csproj]
D:\leaveblackgithub\DDNCadAddins\src\DDNCadAddins\DDNCadAddins\Commands\XClipTest\XClipTestCreator2.cs(128,1): warning SA1028: Code should not contain trailing whitespace (https://github.com/DotNetAnalyzers/StyleCopAnalyzers/blob/master/documentation/SA1028.md) [D:\leaveblackgithub\DDNCadAddins\src\DDNCadAddins\DDNCadAddins\DDNCadAddins.csproj]
D:\leaveblackgithub\DDNCadAddins\src\DDNCadAddins\DDNCadAddins\Commands\XClipTest\XClipTestCreator2.cs(134,1): warning SA1028: Code should not contain trailing whitespace (https://github.com/DotNetAnalyzers/StyleCopAnalyzers/blob/master/documentation/SA1028.md) [D:\leaveblackgithub\DDNCadAddins\src\DDNCadAddins\DDNCadAddins\DDNCadAddins.csproj]
D:\leaveblackgithub\DDNCadAddins\src\DDNCadAddins\DDNCadAddins\Commands\XClipTest\XClipTestCreator2.cs(140,1): warning SA1028: Code should not contain trailing whitespace (https://github.com/DotNetAnalyzers/StyleCopAnalyzers/blob/master/documentation/SA1028.md) [D:\leaveblackgithub\DDNCadAddins\src\DDNCadAddins\DDNCadAddins\DDNCadAddins.csproj]
D:\leaveblackgithub\DDNCadAddins\src\DDNCadAddins\DDNCadAddins\Commands\XClipTest\XClipTestCreator2.cs(144,1): warning SA1028: Code should not contain trailing whitespace (https://github.com/DotNetAnalyzers/StyleCopAnalyzers/blob/master/documentation/SA1028.md) [D:\leaveblackgithub\DDNCadAddins\src\DDNCadAddins\DDNCadAddins\DDNCadAddins.csproj]
D:\leaveblackgithub\DDNCadAddins\src\DDNCadAddins\DDNCadAddins\Commands\XClipTest\XClipTestCreator2.cs(148,1): warning SA1028: Code should not contain trailing whitespace (https://github.com/DotNetAnalyzers/StyleCopAnalyzers/blob/master/documentation/SA1028.md) [D:\leaveblackgithub\DDNCadAddins\src\DDNCadAddins\DDNCadAddins\DDNCadAddins.csproj]
D:\leaveblackgithub\DDNCadAddins\src\DDNCadAddins\DDNCadAddins\Commands\XClipTest\XClipTestCreator2.cs(151,1): warning SA1028: Code should not contain trailing whitespace (https://github.com/DotNetAnalyzers/StyleCopAnalyzers/blob/master/documentation/SA1028.md) [D:\leaveblackgithub\DDNCadAddins\src\DDNCadAddins\DDNCadAddins\DDNCadAddins.csproj]
D:\leaveblackgithub\DDNCadAddins\src\DDNCadAddins\DDNCadAddins\Commands\XClipTest\XClipTestCreator2.cs(155,1): warning SA1028: Code should not contain trailing whitespace (https://github.com/DotNetAnalyzers/StyleCopAnalyzers/blob/master/documentation/SA1028.md) [D:\leaveblackgithub\DDNCadAddins\src\DDNCadAddins\DDNCadAddins\DDNCadAddins.csproj]
D:\leaveblackgithub\DDNCadAddins\src\DDNCadAddins\DDNCadAddins\Commands\XClipTest\XClipTestCreator2.cs(159,1): warning SA1028: Code should not contain trailing whitespace (https://github.com/DotNetAnalyzers/StyleCopAnalyzers/blob/master/documentation/SA1028.md) [D:\leaveblackgithub\DDNCadAddins\src\DDNCadAddins\DDNCadAddins\DDNCadAddins.csproj]
D:\leaveblackgithub\DDNCadAddins\src\DDNCadAddins\DDNCadAddins\Commands\XClipTest\XClipTestCreator2.cs(162,1): warning SA1028: Code should not contain trailing whitespace (https://github.com/DotNetAnalyzers/StyleCopAnalyzers/blob/master/documentation/SA1028.md) [D:\leaveblackgithub\DDNCadAddins\src\DDNCadAddins\DDNCadAddins\DDNCadAddins.csproj]
D:\leaveblackgithub\DDNCadAddins\src\DDNCadAddins\DDNCadAddins\Commands\XClipTest\XClipTestCreator2.cs(170,1): warning SA1028: Code should not contain trailing whitespace (https://github.com/DotNetAnalyzers/StyleCopAnalyzers/blob/master/documentation/SA1028.md) [D:\leaveblackgithub\DDNCadAddins\src\DDNCadAddins\DDNCadAddins\DDNCadAddins.csproj]
D:\leaveblackgithub\DDNCadAddins\src\DDNCadAddins\DDNCadAddins\Commands\XClipTest\XClipTestCreator2.cs(175,1): warning SA1028: Code should not contain trailing whitespace (https://github.com/DotNetAnalyzers/StyleCopAnalyzers/blob/master/documentation/SA1028.md) [D:\leaveblackgithub\DDNCadAddins\src\DDNCadAddins\DDNCadAddins\DDNCadAddins.csproj]
D:\leaveblackgithub\DDNCadAddins\src\DDNCadAddins\DDNCadAddins\Commands\XClipTest\XClipTestCreator2.cs(180,1): warning SA1028: Code should not contain trailing whitespace (https://github.com/DotNetAnalyzers/StyleCopAnalyzers/blob/master/documentation/SA1028.md) [D:\leaveblackgithub\DDNCadAddins\src\DDNCadAddins\DDNCadAddins\DDNCadAddins.csproj]
D:\leaveblackgithub\DDNCadAddins\src\DDNCadAddins\DDNCadAddins\Commands\XClipTest\XClipTestCreator2.cs(188,1): warning SA1028: Code should not contain trailing whitespace (https://github.com/DotNetAnalyzers/StyleCopAnalyzers/blob/master/documentation/SA1028.md) [D:\leaveblackgithub\DDNCadAddins\src\DDNCadAddins\DDNCadAddins\DDNCadAddins.csproj]
D:\leaveblackgithub\DDNCadAddins\src\DDNCadAddins\DDNCadAddins\Commands\XClipTest\XClipTestCreator2.cs(194,1): warning SA1028: Code should not contain trailing whitespace (https://github.com/DotNetAnalyzers/StyleCopAnalyzers/blob/master/documentation/SA1028.md) [D:\leaveblackgithub\DDNCadAddins\src\DDNCadAddins\DDNCadAddins\DDNCadAddins.csproj]
D:\leaveblackgithub\DDNCadAddins\src\DDNCadAddins\DDNCadAddins\Commands\XClipTest\XClipTestCreator2.cs(200,2): warning SA1028: Code should not contain trailing whitespace (https://github.com/DotNetAnalyzers/StyleCopAnalyzers/blob/master/documentation/SA1028.md) [D:\leaveblackgithub\DDNCadAddins\src\DDNCadAddins\DDNCadAddins\DDNCadAddins.csproj]
D:\leaveblackgithub\DDNCadAddins\src\DDNCadAddins\DDNCadAddins\Commands\XClipTest\XClipTestCreator3.cs(1,1): warning SA1633: The file header is missing or not located at the top of the file. (https://github.com/DotNetAnalyzers/StyleCopAnalyzers/blob/master/documentation/SA1633.md) [D:\leaveblackgithub\DDNCadAddins\src\DDNCadAddins\DDNCadAddins\DDNCadAddins.csproj]
D:\leaveblackgithub\DDNCadAddins\src\DDNCadAddins\DDNCadAddins\Commands\XClipTest\TestCommandBase.cs(27,13): warning SA1101: Prefix local calls with this (https://github.com/DotNetAnalyzers/StyleCopAnalyzers/blob/master/documentation/SA1101.md) [D:\leaveblackgithub\DDNCadAddins\src\DDNCadAddins\DDNCadAddins\DDNCadAddins.csproj]
D:\leaveblackgithub\DDNCadAddins\src\DDNCadAddins\DDNCadAddins\Commands\TestRunner.cs(141,13): warning SA1101: Prefix local calls with this (https://github.com/DotNetAnalyzers/StyleCopAnalyzers/blob/master/documentation/SA1101.md) [D:\leaveblackgithub\DDNCadAddins\src\DDNCadAddins\DDNCadAddins\DDNCadAddins.csproj]
D:\leaveblackgithub\DDNCadAddins\src\DDNCadAddins\DDNCadAddins\Commands\Blk2CsvCommand.cs(32,13): warning SA1101: Prefix local calls with this (https://github.com/DotNetAnalyzers/StyleCopAnalyzers/blob/master/documentation/SA1101.md) [D:\leaveblackgithub\DDNCadAddins\src\DDNCadAddins\DDNCadAddins\DDNCadAddins.csproj]
D:\leaveblackgithub\DDNCadAddins\src\DDNCadAddins\DDNCadAddins\Commands\XClipCommand.cs(32,13): warning SA1101: Prefix local calls with this (https://github.com/DotNetAnalyzers/StyleCopAnalyzers/blob/master/documentation/SA1101.md) [D:\leaveblackgithub\DDNCadAddins\src\DDNCadAddins\DDNCadAddins\DDNCadAddins.csproj]
D:\leaveblackgithub\DDNCadAddins\src\DDNCadAddins\DDNCadAddins\Commands\TestRunner.cs(142,13): warning SA1101: Prefix local calls with this (https://github.com/DotNetAnalyzers/StyleCopAnalyzers/blob/master/documentation/SA1101.md) [D:\leaveblackgithub\DDNCadAddins\src\DDNCadAddins\DDNCadAddins\DDNCadAddins.csproj]
D:\leaveblackgithub\DDNCadAddins\src\DDNCadAddins\DDNCadAddins\Commands\XClipTestCommand.cs(32,13): warning SA1101: Prefix local calls with this (https://github.com/DotNetAnalyzers/StyleCopAnalyzers/blob/master/documentation/SA1101.md) [D:\leaveblackgithub\DDNCadAddins\src\DDNCadAddins\DDNCadAddins\DDNCadAddins.csproj]
D:\leaveblackgithub\DDNCadAddins\src\DDNCadAddins\DDNCadAddins\Commands\Blk2CsvCommand.cs(33,13): warning SA1101: Prefix local calls with this (https://github.com/DotNetAnalyzers/StyleCopAnalyzers/blob/master/documentation/SA1101.md) [D:\leaveblackgithub\DDNCadAddins\src\DDNCadAddins\DDNCadAddins\DDNCadAddins.csproj]
D:\leaveblackgithub\DDNCadAddins\src\DDNCadAddins\DDNCadAddins\Commands\XClipCommand.cs(32,51): warning SA1101: Prefix local calls with this (https://github.com/DotNetAnalyzers/StyleCopAnalyzers/blob/master/documentation/SA1101.md) [D:\leaveblackgithub\DDNCadAddins\src\DDNCadAddins\DDNCadAddins\DDNCadAddins.csproj]
D:\leaveblackgithub\DDNCadAddins\src\DDNCadAddins\DDNCadAddins\Commands\XClipTestCommand.cs(32,49): warning SA1101: Prefix local calls with this (https://github.com/DotNetAnalyzers/StyleCopAnalyzers/blob/master/documentation/SA1101.md) [D:\leaveblackgithub\DDNCadAddins\src\DDNCadAddins\DDNCadAddins\DDNCadAddins.csproj]
D:\leaveblackgithub\DDNCadAddins\src\DDNCadAddins\DDNCadAddins\Commands\XClipTest\TestCommandBase.cs(27,55): warning SA1101: Prefix local calls with this (https://github.com/DotNetAnalyzers/StyleCopAnalyzers/blob/master/documentation/SA1101.md) [D:\leaveblackgithub\DDNCadAddins\src\DDNCadAddins\DDNCadAddins\DDNCadAddins.csproj]
D:\leaveblackgithub\DDNCadAddins\src\DDNCadAddins\DDNCadAddins\Commands\XClipCommand.cs(32,64): warning SA1101: Prefix local calls with this (https://github.com/DotNetAnalyzers/StyleCopAnalyzers/blob/master/documentation/SA1101.md) [D:\leaveblackgithub\DDNCadAddins\src\DDNCadAddins\DDNCadAddins\DDNCadAddins.csproj]
D:\leaveblackgithub\DDNCadAddins\src\DDNCadAddins\DDNCadAddins\Commands\XClipCommand.cs(33,13): warning SA1101: Prefix local calls with this (https://github.com/DotNetAnalyzers/StyleCopAnalyzers/blob/master/documentation/SA1101.md) [D:\leaveblackgithub\DDNCadAddins\src\DDNCadAddins\DDNCadAddins\DDNCadAddins.csproj]
D:\leaveblackgithub\DDNCadAddins\src\DDNCadAddins\DDNCadAddins\Commands\XClipTestCommand.cs(32,62): warning SA1101: Prefix local calls with this (https://github.com/DotNetAnalyzers/StyleCopAnalyzers/blob/master/documentation/SA1101.md) [D:\leaveblackgithub\DDNCadAddins\src\DDNCadAddins\DDNCadAddins\DDNCadAddins.csproj]
D:\leaveblackgithub\DDNCadAddins\src\DDNCadAddins\DDNCadAddins\Commands\XClipTest\TestCommandBase.cs(27,68): warning SA1101: Prefix local calls with this (https://github.com/DotNetAnalyzers/StyleCopAnalyzers/blob/master/documentation/SA1101.md) [D:\leaveblackgithub\DDNCadAddins\src\DDNCadAddins\DDNCadAddins\DDNCadAddins.csproj]
D:\leaveblackgithub\DDNCadAddins\src\DDNCadAddins\DDNCadAddins\Commands\XClipTestCommand.cs(33,13): warning SA1101: Prefix local calls with this (https://github.com/DotNetAnalyzers/StyleCopAnalyzers/blob/master/documentation/SA1101.md) [D:\leaveblackgithub\DDNCadAddins\src\DDNCadAddins\DDNCadAddins\DDNCadAddins.csproj]
D:\leaveblackgithub\DDNCadAddins\src\DDNCadAddins\DDNCadAddins\Commands\XClipCommand.cs(33,48): warning SA1101: Prefix local calls with this (https://github.com/DotNetAnalyzers/StyleCopAnalyzers/blob/master/documentation/SA1101.md) [D:\leaveblackgithub\DDNCadAddins\src\DDNCadAddins\DDNCadAddins\DDNCadAddins.csproj]
D:\leaveblackgithub\DDNCadAddins\src\DDNCadAddins\DDNCadAddins\Commands\XClipCommand.cs(33,64): warning SA1101: Prefix local calls with this (https://github.com/DotNetAnalyzers/StyleCopAnalyzers/blob/master/documentation/SA1101.md) [D:\leaveblackgithub\DDNCadAddins\src\DDNCadAddins\DDNCadAddins\DDNCadAddins.csproj]
D:\leaveblackgithub\DDNCadAddins\src\DDNCadAddins\DDNCadAddins\Commands\XClipTestCommand.cs(33,53): warning SA1101: Prefix local calls with this (https://github.com/DotNetAnalyzers/StyleCopAnalyzers/blob/master/documentation/SA1101.md) [D:\leaveblackgithub\DDNCadAddins\src\DDNCadAddins\DDNCadAddins\DDNCadAddins.csproj]
D:\leaveblackgithub\DDNCadAddins\src\DDNCadAddins\DDNCadAddins\Commands\XClipTestCommand.cs(33,66): warning SA1101: Prefix local calls with this (https://github.com/DotNetAnalyzers/StyleCopAnalyzers/blob/master/documentation/SA1101.md) [D:\leaveblackgithub\DDNCadAddins\src\DDNCadAddins\DDNCadAddins\DDNCadAddins.csproj]
D:\leaveblackgithub\DDNCadAddins\src\DDNCadAddins\DDNCadAddins\Commands\OpenXClipLogCommand.cs(28,13): warning SA1101: Prefix local calls with this (https://github.com/DotNetAnalyzers/StyleCopAnalyzers/blob/master/documentation/SA1101.md) [D:\leaveblackgithub\DDNCadAddins\src\DDNCadAddins\DDNCadAddins\DDNCadAddins.csproj]
D:\leaveblackgithub\DDNCadAddins\src\DDNCadAddins\DDNCadAddins\Commands\XClipTest\XClipTestValidator.cs(26,13): warning SA1101: Prefix local calls with this (https://github.com/DotNetAnalyzers/StyleCopAnalyzers/blob/master/documentation/SA1101.md) [D:\leaveblackgithub\DDNCadAddins\src\DDNCadAddins\DDNCadAddins\DDNCadAddins.csproj]
D:\leaveblackgithub\DDNCadAddins\src\DDNCadAddins\DDNCadAddins\Commands\CreateXClippedBlockCommand.cs(33,13): warning SA1101: Prefix local calls with this (https://github.com/DotNetAnalyzers/StyleCopAnalyzers/blob/master/documentation/SA1101.md) [D:\leaveblackgithub\DDNCadAddins\src\DDNCadAddins\DDNCadAddins\DDNCadAddins.csproj]
D:\leaveblackgithub\DDNCadAddins\src\DDNCadAddins\DDNCadAddins\Services\XClipBlockService.Core.cs(31,13): warning SA1101: Prefix local calls with this (https://github.com/DotNetAnalyzers/StyleCopAnalyzers/blob/master/documentation/SA1101.md) [D:\leaveblackgithub\DDNCadAddins\src\DDNCadAddins\DDNCadAddins\DDNCadAddins.csproj]
D:\leaveblackgithub\DDNCadAddins\src\DDNCadAddins\DDNCadAddins\Commands\XClipTest\XClipTestValidator.cs(27,13): warning SA1101: Prefix local calls with this (https://github.com/DotNetAnalyzers/StyleCopAnalyzers/blob/master/documentation/SA1101.md) [D:\leaveblackgithub\DDNCadAddins\src\DDNCadAddins\DDNCadAddins\DDNCadAddins.csproj]
D:\leaveblackgithub\DDNCadAddins\src\DDNCadAddins\DDNCadAddins\Commands\CreateXClippedBlockCommand.cs(34,13): warning SA1101: Prefix local calls with this (https://github.com/DotNetAnalyzers/StyleCopAnalyzers/blob/master/documentation/SA1101.md) [D:\leaveblackgithub\DDNCadAddins\src\DDNCadAddins\DDNCadAddins\DDNCadAddins.csproj]
D:\leaveblackgithub\DDNCadAddins\src\DDNCadAddins\DDNCadAddins\Services\XClipBlockService.Core.cs(32,13): warning SA1101: Prefix local calls with this (https://github.com/DotNetAnalyzers/StyleCopAnalyzers/blob/master/documentation/SA1101.md) [D:\leaveblackgithub\DDNCadAddins\src\DDNCadAddins\DDNCadAddins\DDNCadAddins.csproj]
D:\leaveblackgithub\DDNCadAddins\src\DDNCadAddins\DDNCadAddins\Commands\FindXClippedBlocksCommand.cs(37,13): warning SA1101: Prefix local calls with this (https://github.com/DotNetAnalyzers/StyleCopAnalyzers/blob/master/documentation/SA1101.md) [D:\leaveblackgithub\DDNCadAddins\src\DDNCadAddins\DDNCadAddins\DDNCadAddins.csproj]
D:\leaveblackgithub\DDNCadAddins\src\DDNCadAddins\DDNCadAddins\Commands\FindXClippedBlocksCommand.cs(38,13): warning SA1101: Prefix local calls with this (https://github.com/DotNetAnalyzers/StyleCopAnalyzers/blob/master/documentation/SA1101.md) [D:\leaveblackgithub\DDNCadAddins\src\DDNCadAddins\DDNCadAddins\DDNCadAddins.csproj]
D:\leaveblackgithub\DDNCadAddins\src\DDNCadAddins\DDNCadAddins\Commands\FindXClippedBlocksCommand.cs(39,13): warning SA1101: Prefix local calls with this (https://github.com/DotNetAnalyzers/StyleCopAnalyzers/blob/master/documentation/SA1101.md) [D:\leaveblackgithub\DDNCadAddins\src\DDNCadAddins\DDNCadAddins\DDNCadAddins.csproj]
D:\leaveblackgithub\DDNCadAddins\src\DDNCadAddins\DDNCadAddins\Commands\IsolateXClippedBlocksCommand.cs(36,13): warning SA1101: Prefix local calls with this (https://github.com/DotNetAnalyzers/StyleCopAnalyzers/blob/master/documentation/SA1101.md) [D:\leaveblackgithub\DDNCadAddins\src\DDNCadAddins\DDNCadAddins\DDNCadAddins.csproj]
D:\leaveblackgithub\DDNCadAddins\src\DDNCadAddins\DDNCadAddins\Commands\IsolateXClippedBlocksCommand.cs(37,13): warning SA1101: Prefix local calls with this (https://github.com/DotNetAnalyzers/StyleCopAnalyzers/blob/master/documentation/SA1101.md) [D:\leaveblackgithub\DDNCadAddins\src\DDNCadAddins\DDNCadAddins\DDNCadAddins.csproj]
D:\leaveblackgithub\DDNCadAddins\src\DDNCadAddins\DDNCadAddins\Commands\TestRunner.cs(36,17): warning SA1101: Prefix local calls with this (https://github.com/DotNetAnalyzers/StyleCopAnalyzers/blob/master/documentation/SA1101.md) [D:\leaveblackgithub\DDNCadAddins\src\DDNCadAddins\DDNCadAddins\DDNCadAddins.csproj]
D:\leaveblackgithub\DDNCadAddins\src\DDNCadAddins\DDNCadAddins\Commands\IsolateXClippedBlocksCommand.cs(45,13): warning SA1101: Prefix local calls with this (https://github.com/DotNetAnalyzers/StyleCopAnalyzers/blob/master/documentation/SA1101.md) [D:\leaveblackgithub\DDNCadAddins\src\DDNCadAddins\DDNCadAddins\DDNCadAddins.csproj]
D:\leaveblackgithub\DDNCadAddins\src\DDNCadAddins\DDNCadAddins\Commands\IsolateXClippedBlocksCommand.cs(45,51): warning SA1101: Prefix local calls with this (https://github.com/DotNetAnalyzers/StyleCopAnalyzers/blob/master/documentation/SA1101.md) [D:\leaveblackgithub\DDNCadAddins\src\DDNCadAddins\DDNCadAddins\DDNCadAddins.csproj]
D:\leaveblackgithub\DDNCadAddins\src\DDNCadAddins\DDNCadAddins\Commands\IsolateXClippedBlocksCommand.cs(45,64): warning SA1101: Prefix local calls with this (https://github.com/DotNetAnalyzers/StyleCopAnalyzers/blob/master/documentation/SA1101.md) [D:\leaveblackgithub\DDNCadAddins\src\DDNCadAddins\DDNCadAddins\DDNCadAddins.csproj]
D:\leaveblackgithub\DDNCadAddins\src\DDNCadAddins\DDNCadAddins\Commands\IsolateXClippedBlocksCommand.cs(46,13): warning SA1101: Prefix local calls with this (https://github.com/DotNetAnalyzers/StyleCopAnalyzers/blob/master/documentation/SA1101.md) [D:\leaveblackgithub\DDNCadAddins\src\DDNCadAddins\DDNCadAddins\DDNCadAddins.csproj]
D:\leaveblackgithub\DDNCadAddins\src\DDNCadAddins\DDNCadAddins\Commands\IsolateXClippedBlocksCommand.cs(43,47): warning SA1128: Put constructor initializers on their own line (https://github.com/DotNetAnalyzers/StyleCopAnalyzers/blob/master/documentation/SA1128.md) [D:\leaveblackgithub\DDNCadAddins\src\DDNCadAddins\DDNCadAddins\DDNCadAddins.csproj]
D:\leaveblackgithub\DDNCadAddins\src\DDNCadAddins\DDNCadAddins\Commands\IsolateXClippedBlocksCommand.cs(55,13): warning SA1101: Prefix local calls with this (https://github.com/DotNetAnalyzers/StyleCopAnalyzers/blob/master/documentation/SA1101.md) [D:\leaveblackgithub\DDNCadAddins\src\DDNCadAddins\DDNCadAddins\DDNCadAddins.csproj]
D:\leaveblackgithub\DDNCadAddins\src\DDNCadAddins\DDNCadAddins\Commands\XClipTest\XClipTestCreator3.cs(23,1): warning SA1028: Code should not contain trailing whitespace (https://github.com/DotNetAnalyzers/StyleCopAnalyzers/blob/master/documentation/SA1028.md) [D:\leaveblackgithub\DDNCadAddins\src\DDNCadAddins\DDNCadAddins\DDNCadAddins.csproj]
D:\leaveblackgithub\DDNCadAddins\src\DDNCadAddins\DDNCadAddins\Commands\XClipTest\XClipTestCreator3.cs(28,1): warning SA1028: Code should not contain trailing whitespace (https://github.com/DotNetAnalyzers/StyleCopAnalyzers/blob/master/documentation/SA1028.md) [D:\leaveblackgithub\DDNCadAddins\src\DDNCadAddins\DDNCadAddins\DDNCadAddins.csproj]
D:\leaveblackgithub\DDNCadAddins\src\DDNCadAddins\DDNCadAddins\Commands\XClipTest\XClipTestCreator3.cs(33,1): warning SA1028: Code should not contain trailing whitespace (https://github.com/DotNetAnalyzers/StyleCopAnalyzers/blob/master/documentation/SA1028.md) [D:\leaveblackgithub\DDNCadAddins\src\DDNCadAddins\DDNCadAddins\DDNCadAddins.csproj]
D:\leaveblackgithub\DDNCadAddins\src\DDNCadAddins\DDNCadAddins\Commands\XClipTest\XClipTestCreator3.cs(37,1): warning SA1028: Code should not contain trailing whitespace (https://github.com/DotNetAnalyzers/StyleCopAnalyzers/blob/master/documentation/SA1028.md) [D:\leaveblackgithub\DDNCadAddins\src\DDNCadAddins\DDNCadAddins\DDNCadAddins.csproj]
D:\leaveblackgithub\DDNCadAddins\src\DDNCadAddins\DDNCadAddins\Commands\XClipTest\XClipTestCreator3.cs(46,1): warning SA1028: Code should not contain trailing whitespace (https://github.com/DotNetAnalyzers/StyleCopAnalyzers/blob/master/documentation/SA1028.md) [D:\leaveblackgithub\DDNCadAddins\src\DDNCadAddins\DDNCadAddins\DDNCadAddins.csproj]
D:\leaveblackgithub\DDNCadAddins\src\DDNCadAddins\DDNCadAddins\Commands\XClipTest\XClipTestCreator3.cs(55,1): warning SA1028: Code should not contain trailing whitespace (https://github.com/DotNetAnalyzers/StyleCopAnalyzers/blob/master/documentation/SA1028.md) [D:\leaveblackgithub\DDNCadAddins\src\DDNCadAddins\DDNCadAddins\DDNCadAddins.csproj]
D:\leaveblackgithub\DDNCadAddins\src\DDNCadAddins\DDNCadAddins\Commands\XClipTest\XClipTestCreator3.cs(59,1): warning SA1028: Code should not contain trailing whitespace (https://github.com/DotNetAnalyzers/StyleCopAnalyzers/blob/master/documentation/SA1028.md) [D:\leaveblackgithub\DDNCadAddins\src\DDNCadAddins\DDNCadAddins\DDNCadAddins.csproj]
D:\leaveblackgithub\DDNCadAddins\src\DDNCadAddins\DDNCadAddins\Commands\XClipTest\XClipTestCreator3.cs(62,1): warning SA1028: Code should not contain trailing whitespace (https://github.com/DotNetAnalyzers/StyleCopAnalyzers/blob/master/documentation/SA1028.md) [D:\leaveblackgithub\DDNCadAddins\src\DDNCadAddins\DDNCadAddins\DDNCadAddins.csproj]
D:\leaveblackgithub\DDNCadAddins\src\DDNCadAddins\DDNCadAddins\Commands\XClipTest\XClipTestCreator3.cs(65,1): warning SA1028: Code should not contain trailing whitespace (https://github.com/DotNetAnalyzers/StyleCopAnalyzers/blob/master/documentation/SA1028.md) [D:\leaveblackgithub\DDNCadAddins\src\DDNCadAddins\DDNCadAddins\DDNCadAddins.csproj]
D:\leaveblackgithub\DDNCadAddins\src\DDNCadAddins\DDNCadAddins\Commands\XClipTest\XClipTestCreator3.cs(72,1): warning SA1028: Code should not contain trailing whitespace (https://github.com/DotNetAnalyzers/StyleCopAnalyzers/blob/master/documentation/SA1028.md) [D:\leaveblackgithub\DDNCadAddins\src\DDNCadAddins\DDNCadAddins\DDNCadAddins.csproj]
D:\leaveblackgithub\DDNCadAddins\src\DDNCadAddins\DDNCadAddins\Commands\XClipTest\XClipTestCreator3.cs(78,1): warning SA1028: Code should not contain trailing whitespace (https://github.com/DotNetAnalyzers/StyleCopAnalyzers/blob/master/documentation/SA1028.md) [D:\leaveblackgithub\DDNCadAddins\src\DDNCadAddins\DDNCadAddins\DDNCadAddins.csproj]
D:\leaveblackgithub\DDNCadAddins\src\DDNCadAddins\DDNCadAddins\Commands\XClipTest\XClipTestCreator3.cs(94,1): warning SA1028: Code should not contain trailing whitespace (https://github.com/DotNetAnalyzers/StyleCopAnalyzers/blob/master/documentation/SA1028.md) [D:\leaveblackgithub\DDNCadAddins\src\DDNCadAddins\DDNCadAddins\DDNCadAddins.csproj]
D:\leaveblackgithub\DDNCadAddins\src\DDNCadAddins\DDNCadAddins\Commands\XClipTest\XClipTestCreator3.cs(97,1): warning SA1028: Code should not contain trailing whitespace (https://github.com/DotNetAnalyzers/StyleCopAnalyzers/blob/master/documentation/SA1028.md) [D:\leaveblackgithub\DDNCadAddins\src\DDNCadAddins\DDNCadAddins\DDNCadAddins.csproj]
D:\leaveblackgithub\DDNCadAddins\src\DDNCadAddins\DDNCadAddins\Commands\XClipTest\XClipTestCreator3.cs(100,1): warning SA1028: Code should not contain trailing whitespace (https://github.com/DotNetAnalyzers/StyleCopAnalyzers/blob/master/documentation/SA1028.md) [D:\leaveblackgithub\DDNCadAddins\src\DDNCadAddins\DDNCadAddins\DDNCadAddins.csproj]
D:\leaveblackgithub\DDNCadAddins\src\DDNCadAddins\DDNCadAddins\Commands\XClipTest\XClipTestCreator3.cs(109,1): warning SA1028: Code should not contain trailing whitespace (https://github.com/DotNetAnalyzers/StyleCopAnalyzers/blob/master/documentation/SA1028.md) [D:\leaveblackgithub\DDNCadAddins\src\DDNCadAddins\DDNCadAddins\DDNCadAddins.csproj]
D:\leaveblackgithub\DDNCadAddins\src\DDNCadAddins\DDNCadAddins\Commands\XClipTest\XClipTestCreator3.cs(111,1): warning SA1028: Code should not contain trailing whitespace (https://github.com/DotNetAnalyzers/StyleCopAnalyzers/blob/master/documentation/SA1028.md) [D:\leaveblackgithub\DDNCadAddins\src\DDNCadAddins\DDNCadAddins\DDNCadAddins.csproj]
D:\leaveblackgithub\DDNCadAddins\src\DDNCadAddins\DDNCadAddins\Commands\XClipTest\XClipTestCreator3.cs(115,1): warning SA1028: Code should not contain trailing whitespace (https://github.com/DotNetAnalyzers/StyleCopAnalyzers/blob/master/documentation/SA1028.md) [D:\leaveblackgithub\DDNCadAddins\src\DDNCadAddins\DDNCadAddins\DDNCadAddins.csproj]
D:\leaveblackgithub\DDNCadAddins\src\DDNCadAddins\DDNCadAddins\Commands\XClipTest\XClipTestCreator3.cs(128,1): warning SA1028: Code should not contain trailing whitespace (https://github.com/DotNetAnalyzers/StyleCopAnalyzers/blob/master/documentation/SA1028.md) [D:\leaveblackgithub\DDNCadAddins\src\DDNCadAddins\DDNCadAddins\DDNCadAddins.csproj]
D:\leaveblackgithub\DDNCadAddins\src\DDNCadAddins\DDNCadAddins\Commands\XClipTest\XClipTestCreator3.cs(131,1): warning SA1028: Code should not contain trailing whitespace (https://github.com/DotNetAnalyzers/StyleCopAnalyzers/blob/master/documentation/SA1028.md) [D:\leaveblackgithub\DDNCadAddins\src\DDNCadAddins\DDNCadAddins\DDNCadAddins.csproj]
D:\leaveblackgithub\DDNCadAddins\src\DDNCadAddins\DDNCadAddins\Commands\XClipTest\XClipTestCreator3.cs(140,1): warning SA1028: Code should not contain trailing whitespace (https://github.com/DotNetAnalyzers/StyleCopAnalyzers/blob/master/documentation/SA1028.md) [D:\leaveblackgithub\DDNCadAddins\src\DDNCadAddins\DDNCadAddins\DDNCadAddins.csproj]
D:\leaveblackgithub\DDNCadAddins\src\DDNCadAddins\DDNCadAddins\Commands\XClipTest\XClipTestCreator3.cs(142,1): warning SA1028: Code should not contain trailing whitespace (https://github.com/DotNetAnalyzers/StyleCopAnalyzers/blob/master/documentation/SA1028.md) [D:\leaveblackgithub\DDNCadAddins\src\DDNCadAddins\DDNCadAddins\DDNCadAddins.csproj]
D:\leaveblackgithub\DDNCadAddins\src\DDNCadAddins\DDNCadAddins\Commands\XClipTest\XClipTestCreator3.cs(148,1): warning SA1028: Code should not contain trailing whitespace (https://github.com/DotNetAnalyzers/StyleCopAnalyzers/blob/master/documentation/SA1028.md) [D:\leaveblackgithub\DDNCadAddins\src\DDNCadAddins\DDNCadAddins\DDNCadAddins.csproj]
D:\leaveblackgithub\DDNCadAddins\src\DDNCadAddins\DDNCadAddins\Commands\XClipTest\XClipTestCreator3.cs(152,1): warning SA1028: Code should not contain trailing whitespace (https://github.com/DotNetAnalyzers/StyleCopAnalyzers/blob/master/documentation/SA1028.md) [D:\leaveblackgithub\DDNCadAddins\src\DDNCadAddins\DDNCadAddins\DDNCadAddins.csproj]
D:\leaveblackgithub\DDNCadAddins\src\DDNCadAddins\DDNCadAddins\Commands\XClipTest\XClipTestCreator3.cs(158,1): warning SA1028: Code should not contain trailing whitespace (https://github.com/DotNetAnalyzers/StyleCopAnalyzers/blob/master/documentation/SA1028.md) [D:\leaveblackgithub\DDNCadAddins\src\DDNCadAddins\DDNCadAddins\DDNCadAddins.csproj]
D:\leaveblackgithub\DDNCadAddins\src\DDNCadAddins\DDNCadAddins\Commands\XClipTest\XClipTestCreator3.cs(161,1): warning SA1028: Code should not contain trailing whitespace (https://github.com/DotNetAnalyzers/StyleCopAnalyzers/blob/master/documentation/SA1028.md) [D:\leaveblackgithub\DDNCadAddins\src\DDNCadAddins\DDNCadAddins\DDNCadAddins.csproj]
D:\leaveblackgithub\DDNCadAddins\src\DDNCadAddins\DDNCadAddins\Commands\XClipTest\XClipTestCreator3.cs(167,1): warning SA1028: Code should not contain trailing whitespace (https://github.com/DotNetAnalyzers/StyleCopAnalyzers/blob/master/documentation/SA1028.md) [D:\leaveblackgithub\DDNCadAddins\src\DDNCadAddins\DDNCadAddins\DDNCadAddins.csproj]
D:\leaveblackgithub\DDNCadAddins\src\DDNCadAddins\DDNCadAddins\Commands\XClipTest\XClipTestCreator3.cs(170,126): warning SA1028: Code should not contain trailing whitespace (https://github.com/DotNetAnalyzers/StyleCopAnalyzers/blob/master/documentation/SA1028.md) [D:\leaveblackgithub\DDNCadAddins\src\DDNCadAddins\DDNCadAddins\DDNCadAddins.csproj]
D:\leaveblackgithub\DDNCadAddins\src\DDNCadAddins\DDNCadAddins\Commands\XClipTest\XClipTestCreator3.cs(174,1): warning SA1028: Code should not contain trailing whitespace (https://github.com/DotNetAnalyzers/StyleCopAnalyzers/blob/master/documentation/SA1028.md) [D:\leaveblackgithub\DDNCadAddins\src\DDNCadAddins\DDNCadAddins\DDNCadAddins.csproj]
D:\leaveblackgithub\DDNCadAddins\src\DDNCadAddins\DDNCadAddins\Commands\XClipTest\XClipTestCreator3.cs(176,118): warning SA1028: Code should not contain trailing whitespace (https://github.com/DotNetAnalyzers/StyleCopAnalyzers/blob/master/documentation/SA1028.md) [D:\leaveblackgithub\DDNCadAddins\src\DDNCadAddins\DDNCadAddins\DDNCadAddins.csproj]
D:\leaveblackgithub\DDNCadAddins\src\DDNCadAddins\DDNCadAddins\Commands\XClipTest\XClipTestCreator3.cs(181,1): warning SA1028: Code should not contain trailing whitespace (https://github.com/DotNetAnalyzers/StyleCopAnalyzers/blob/master/documentation/SA1028.md) [D:\leaveblackgithub\DDNCadAddins\src\DDNCadAddins\DDNCadAddins\DDNCadAddins.csproj]
D:\leaveblackgithub\DDNCadAddins\src\DDNCadAddins\DDNCadAddins\Commands\XClipTest\XClipTestCreator3.cs(187,1): warning SA1028: Code should not contain trailing whitespace (https://github.com/DotNetAnalyzers/StyleCopAnalyzers/blob/master/documentation/SA1028.md) [D:\leaveblackgithub\DDNCadAddins\src\DDNCadAddins\DDNCadAddins\DDNCadAddins.csproj]
D:\leaveblackgithub\DDNCadAddins\src\DDNCadAddins\DDNCadAddins\Commands\XClipTest\XClipTestCreator3.cs(194,1): warning SA1028: Code should not contain trailing whitespace (https://github.com/DotNetAnalyzers/StyleCopAnalyzers/blob/master/documentation/SA1028.md) [D:\leaveblackgithub\DDNCadAddins\src\DDNCadAddins\DDNCadAddins\DDNCadAddins.csproj]
D:\leaveblackgithub\DDNCadAddins\src\DDNCadAddins\DDNCadAddins\Commands\XClipTest\XClipTestCreator3.cs(197,1): warning SA1028: Code should not contain trailing whitespace (https://github.com/DotNetAnalyzers/StyleCopAnalyzers/blob/master/documentation/SA1028.md) [D:\leaveblackgithub\DDNCadAddins\src\DDNCadAddins\DDNCadAddins\DDNCadAddins.csproj]
D:\leaveblackgithub\DDNCadAddins\src\DDNCadAddins\DDNCadAddins\Commands\XClipTest\XClipTestCreator3.cs(204,1): warning SA1028: Code should not contain trailing whitespace (https://github.com/DotNetAnalyzers/StyleCopAnalyzers/blob/master/documentation/SA1028.md) [D:\leaveblackgithub\DDNCadAddins\src\DDNCadAddins\DDNCadAddins\DDNCadAddins.csproj]
D:\leaveblackgithub\DDNCadAddins\src\DDNCadAddins\DDNCadAddins\Commands\XClipTest\XClipTestCreator3.cs(210,1): warning SA1028: Code should not contain trailing whitespace (https://github.com/DotNetAnalyzers/StyleCopAnalyzers/blob/master/documentation/SA1028.md) [D:\leaveblackgithub\DDNCadAddins\src\DDNCadAddins\DDNCadAddins\DDNCadAddins.csproj]
D:\leaveblackgithub\DDNCadAddins\src\DDNCadAddins\DDNCadAddins\Commands\XClipTest\XClipTestCreator3.cs(213,1): warning SA1028: Code should not contain trailing whitespace (https://github.com/DotNetAnalyzers/StyleCopAnalyzers/blob/master/documentation/SA1028.md) [D:\leaveblackgithub\DDNCadAddins\src\DDNCadAddins\DDNCadAddins\DDNCadAddins.csproj]
D:\leaveblackgithub\DDNCadAddins\src\DDNCadAddins\DDNCadAddins\Commands\XClipTest\XClipTestCreator3.cs(218,1): warning SA1028: Code should not contain trailing whitespace (https://github.com/DotNetAnalyzers/StyleCopAnalyzers/blob/master/documentation/SA1028.md) [D:\leaveblackgithub\DDNCadAddins\src\DDNCadAddins\DDNCadAddins\DDNCadAddins.csproj]
D:\leaveblackgithub\DDNCadAddins\src\DDNCadAddins\DDNCadAddins\Commands\XClipTest\XClipTestCreator3.cs(222,1): warning SA1028: Code should not contain trailing whitespace (https://github.com/DotNetAnalyzers/StyleCopAnalyzers/blob/master/documentation/SA1028.md) [D:\leaveblackgithub\DDNCadAddins\src\DDNCadAddins\DDNCadAddins\DDNCadAddins.csproj]
D:\leaveblackgithub\DDNCadAddins\src\DDNCadAddins\DDNCadAddins\Commands\XClipTest\XClipTestCreator3.cs(226,1): warning SA1028: Code should not contain trailing whitespace (https://github.com/DotNetAnalyzers/StyleCopAnalyzers/blob/master/documentation/SA1028.md) [D:\leaveblackgithub\DDNCadAddins\src\DDNCadAddins\DDNCadAddins\DDNCadAddins.csproj]
D:\leaveblackgithub\DDNCadAddins\src\DDNCadAddins\DDNCadAddins\Commands\XClipTest\XClipTestCreator3.cs(230,1): warning SA1028: Code should not contain trailing whitespace (https://github.com/DotNetAnalyzers/StyleCopAnalyzers/blob/master/documentation/SA1028.md) [D:\leaveblackgithub\DDNCadAddins\src\DDNCadAddins\DDNCadAddins\DDNCadAddins.csproj]
D:\leaveblackgithub\DDNCadAddins\src\DDNCadAddins\DDNCadAddins\Commands\XClipTest\XClipTestCreator3.cs(234,1): warning SA1028: Code should not contain trailing whitespace (https://github.com/DotNetAnalyzers/StyleCopAnalyzers/blob/master/documentation/SA1028.md) [D:\leaveblackgithub\DDNCadAddins\src\DDNCadAddins\DDNCadAddins\DDNCadAddins.csproj]
D:\leaveblackgithub\DDNCadAddins\src\DDNCadAddins\DDNCadAddins\Commands\XClipTest\XClipTestCreator3.cs(236,1): warning SA1028: Code should not contain trailing whitespace (https://github.com/DotNetAnalyzers/StyleCopAnalyzers/blob/master/documentation/SA1028.md) [D:\leaveblackgithub\DDNCadAddins\src\DDNCadAddins\DDNCadAddins\DDNCadAddins.csproj]
D:\leaveblackgithub\DDNCadAddins\src\DDNCadAddins\DDNCadAddins\Commands\XClipTest\XClipTestCreator3.cs(257,1): warning SA1028: Code should not contain trailing whitespace (https://github.com/DotNetAnalyzers/StyleCopAnalyzers/blob/master/documentation/SA1028.md) [D:\leaveblackgithub\DDNCadAddins\src\DDNCadAddins\DDNCadAddins\DDNCadAddins.csproj]
D:\leaveblackgithub\DDNCadAddins\src\DDNCadAddins\DDNCadAddins\Commands\XClipTest\XClipTestCreator3.cs(266,1): warning SA1028: Code should not contain trailing whitespace (https://github.com/DotNetAnalyzers/StyleCopAnalyzers/blob/master/documentation/SA1028.md) [D:\leaveblackgithub\DDNCadAddins\src\DDNCadAddins\DDNCadAddins\DDNCadAddins.csproj]
D:\leaveblackgithub\DDNCadAddins\src\DDNCadAddins\DDNCadAddins\Commands\XClipTest\XClipTestCreator3.cs(275,1): warning SA1028: Code should not contain trailing whitespace (https://github.com/DotNetAnalyzers/StyleCopAnalyzers/blob/master/documentation/SA1028.md) [D:\leaveblackgithub\DDNCadAddins\src\DDNCadAddins\DDNCadAddins\DDNCadAddins.csproj]
D:\leaveblackgithub\DDNCadAddins\src\DDNCadAddins\DDNCadAddins\Commands\XClipTest\XClipTestCreator3.cs(277,1): warning SA1028: Code should not contain trailing whitespace (https://github.com/DotNetAnalyzers/StyleCopAnalyzers/blob/master/documentation/SA1028.md) [D:\leaveblackgithub\DDNCadAddins\src\DDNCadAddins\DDNCadAddins\DDNCadAddins.csproj]
D:\leaveblackgithub\DDNCadAddins\src\DDNCadAddins\DDNCadAddins\Commands\XClipTest\XClipTestCreator3.cs(284,1): warning SA1028: Code should not contain trailing whitespace (https://github.com/DotNetAnalyzers/StyleCopAnalyzers/blob/master/documentation/SA1028.md) [D:\leaveblackgithub\DDNCadAddins\src\DDNCadAddins\DDNCadAddins\DDNCadAddins.csproj]
D:\leaveblackgithub\DDNCadAddins\src\DDNCadAddins\DDNCadAddins\Commands\XClipTest\XClipTestCreator3.cs(287,1): warning SA1028: Code should not contain trailing whitespace (https://github.com/DotNetAnalyzers/StyleCopAnalyzers/blob/master/documentation/SA1028.md) [D:\leaveblackgithub\DDNCadAddins\src\DDNCadAddins\DDNCadAddins\DDNCadAddins.csproj]
D:\leaveblackgithub\DDNCadAddins\src\DDNCadAddins\DDNCadAddins\Commands\XClipTest\XClipTestCreator3.cs(297,1): warning SA1028: Code should not contain trailing whitespace (https://github.com/DotNetAnalyzers/StyleCopAnalyzers/blob/master/documentation/SA1028.md) [D:\leaveblackgithub\DDNCadAddins\src\DDNCadAddins\DDNCadAddins\DDNCadAddins.csproj]
D:\leaveblackgithub\DDNCadAddins\src\DDNCadAddins\DDNCadAddins\Commands\XClipTest\XClipTestCreator3.cs(304,1): warning SA1028: Code should not contain trailing whitespace (https://github.com/DotNetAnalyzers/StyleCopAnalyzers/blob/master/documentation/SA1028.md) [D:\leaveblackgithub\DDNCadAddins\src\DDNCadAddins\DDNCadAddins\DDNCadAddins.csproj]
D:\leaveblackgithub\DDNCadAddins\src\DDNCadAddins\DDNCadAddins\Commands\XClipTest\XClipTestCreator3.cs(311,1): warning SA1028: Code should not contain trailing whitespace (https://github.com/DotNetAnalyzers/StyleCopAnalyzers/blob/master/documentation/SA1028.md) [D:\leaveblackgithub\DDNCadAddins\src\DDNCadAddins\DDNCadAddins\DDNCadAddins.csproj]
D:\leaveblackgithub\DDNCadAddins\src\DDNCadAddins\DDNCadAddins\Commands\XClipTest\XClipTestCreator3.cs(322,1): warning SA1028: Code should not contain trailing whitespace (https://github.com/DotNetAnalyzers/StyleCopAnalyzers/blob/master/documentation/SA1028.md) [D:\leaveblackgithub\DDNCadAddins\src\DDNCadAddins\DDNCadAddins\DDNCadAddins.csproj]
D:\leaveblackgithub\DDNCadAddins\src\DDNCadAddins\DDNCadAddins\Commands\XClipTest\XClipTestCreator3.cs(336,1): warning SA1028: Code should not contain trailing whitespace (https://github.com/DotNetAnalyzers/StyleCopAnalyzers/blob/master/documentation/SA1028.md) [D:\leaveblackgithub\DDNCadAddins\src\DDNCadAddins\DDNCadAddins\DDNCadAddins.csproj]
D:\leaveblackgithub\DDNCadAddins\src\DDNCadAddins\DDNCadAddins\Commands\XClipTest\XClipTestCreator3.cs(339,1): warning SA1028: Code should not contain trailing whitespace (https://github.com/DotNetAnalyzers/StyleCopAnalyzers/blob/master/documentation/SA1028.md) [D:\leaveblackgithub\DDNCadAddins\src\DDNCadAddins\DDNCadAddins\DDNCadAddins.csproj]
D:\leaveblackgithub\DDNCadAddins\src\DDNCadAddins\DDNCadAddins\Commands\XClipTest\XClipTestCreator3.cs(349,1): warning SA1028: Code should not contain trailing whitespace (https://github.com/DotNetAnalyzers/StyleCopAnalyzers/blob/master/documentation/SA1028.md) [D:\leaveblackgithub\DDNCadAddins\src\DDNCadAddins\DDNCadAddins\DDNCadAddins.csproj]
D:\leaveblackgithub\DDNCadAddins\src\DDNCadAddins\DDNCadAddins\Commands\XClipTest\XClipTestCreator3.cs(365,1): warning SA1028: Code should not contain trailing whitespace (https://github.com/DotNetAnalyzers/StyleCopAnalyzers/blob/master/documentation/SA1028.md) [D:\leaveblackgithub\DDNCadAddins\src\DDNCadAddins\DDNCadAddins\DDNCadAddins.csproj]
D:\leaveblackgithub\DDNCadAddins\src\DDNCadAddins\DDNCadAddins\Commands\XClipTest\XClipTestCreator3.cs(367,1): warning SA1028: Code should not contain trailing whitespace (https://github.com/DotNetAnalyzers/StyleCopAnalyzers/blob/master/documentation/SA1028.md) [D:\leaveblackgithub\DDNCadAddins\src\DDNCadAddins\DDNCadAddins\DDNCadAddins.csproj]
D:\leaveblackgithub\DDNCadAddins\src\DDNCadAddins\DDNCadAddins\Commands\XClipTest\XClipTestCreator3.cs(376,1): warning SA1028: Code should not contain trailing whitespace (https://github.com/DotNetAnalyzers/StyleCopAnalyzers/blob/master/documentation/SA1028.md) [D:\leaveblackgithub\DDNCadAddins\src\DDNCadAddins\DDNCadAddins\DDNCadAddins.csproj]
D:\leaveblackgithub\DDNCadAddins\src\DDNCadAddins\DDNCadAddins\Commands\XClipTest\XClipTestCreator3.cs(393,1): warning SA1028: Code should not contain trailing whitespace (https://github.com/DotNetAnalyzers/StyleCopAnalyzers/blob/master/documentation/SA1028.md) [D:\leaveblackgithub\DDNCadAddins\src\DDNCadAddins\DDNCadAddins\DDNCadAddins.csproj]
D:\leaveblackgithub\DDNCadAddins\src\DDNCadAddins\DDNCadAddins\Commands\XClipTest\XClipTestCreator3.cs(396,1): warning SA1028: Code should not contain trailing whitespace (https://github.com/DotNetAnalyzers/StyleCopAnalyzers/blob/master/documentation/SA1028.md) [D:\leaveblackgithub\DDNCadAddins\src\DDNCadAddins\DDNCadAddins\DDNCadAddins.csproj]
D:\leaveblackgithub\DDNCadAddins\src\DDNCadAddins\DDNCadAddins\Commands\XClipTest\XClipTestCreator3.cs(399,1): warning SA1028: Code should not contain trailing whitespace (https://github.com/DotNetAnalyzers/StyleCopAnalyzers/blob/master/documentation/SA1028.md) [D:\leaveblackgithub\DDNCadAddins\src\DDNCadAddins\DDNCadAddins\DDNCadAddins.csproj]
D:\leaveblackgithub\DDNCadAddins\src\DDNCadAddins\DDNCadAddins\Commands\XClipTest\XClipTestCreator3.cs(403,1): warning SA1028: Code should not contain trailing whitespace (https://github.com/DotNetAnalyzers/StyleCopAnalyzers/blob/master/documentation/SA1028.md) [D:\leaveblackgithub\DDNCadAddins\src\DDNCadAddins\DDNCadAddins\DDNCadAddins.csproj]
D:\leaveblackgithub\DDNCadAddins\src\DDNCadAddins\DDNCadAddins\Commands\XClipTest\XClipTestCreator3.cs(412,2): warning SA1028: Code should not contain trailing whitespace (https://github.com/DotNetAnalyzers/StyleCopAnalyzers/blob/master/documentation/SA1028.md) [D:\leaveblackgithub\DDNCadAddins\src\DDNCadAddins\DDNCadAddins\DDNCadAddins.csproj]
D:\leaveblackgithub\DDNCadAddins\src\DDNCadAddins\DDNCadAddins\Commands\XClipTest\XClipTestCreator4.cs(1,1): warning SA1633: The file header is missing or not located at the top of the file. (https://github.com/DotNetAnalyzers/StyleCopAnalyzers/blob/master/documentation/SA1633.md) [D:\leaveblackgithub\DDNCadAddins\src\DDNCadAddins\DDNCadAddins\DDNCadAddins.csproj]
D:\leaveblackgithub\DDNCadAddins\src\DDNCadAddins\DDNCadAddins\Commands\XClipTest\XClipTestCreator4.cs(61,14): warning SA1513: Closing brace should be followed by blank line (https://github.com/DotNetAnalyzers/StyleCopAnalyzers/blob/master/documentation/SA1513.md) [D:\leaveblackgithub\DDNCadAddins\src\DDNCadAddins\DDNCadAddins\DDNCadAddins.csproj]
D:\leaveblackgithub\DDNCadAddins\src\DDNCadAddins\DDNCadAddins\Commands\XClipTest\XClipTestCreator4.cs(74,14): warning SA1513: Closing brace should be followed by blank line (https://github.com/DotNetAnalyzers/StyleCopAnalyzers/blob/master/documentation/SA1513.md) [D:\leaveblackgithub\DDNCadAddins\src\DDNCadAddins\DDNCadAddins\DDNCadAddins.csproj]
D:\leaveblackgithub\DDNCadAddins\src\DDNCadAddins\DDNCadAddins\Commands\XClipTest\XClipTestCreator4.cs(20,1): warning SA1028: Code should not contain trailing whitespace (https://github.com/DotNetAnalyzers/StyleCopAnalyzers/blob/master/documentation/SA1028.md) [D:\leaveblackgithub\DDNCadAddins\src\DDNCadAddins\DDNCadAddins\DDNCadAddins.csproj]
D:\leaveblackgithub\DDNCadAddins\src\DDNCadAddins\DDNCadAddins\Commands\XClipTest\XClipTestCreator4.cs(24,1): warning SA1028: Code should not contain trailing whitespace (https://github.com/DotNetAnalyzers/StyleCopAnalyzers/blob/master/documentation/SA1028.md) [D:\leaveblackgithub\DDNCadAddins\src\DDNCadAddins\DDNCadAddins\DDNCadAddins.csproj]
D:\leaveblackgithub\DDNCadAddins\src\DDNCadAddins\DDNCadAddins\Commands\XClipTest\XClipTestCreator4.cs(27,1): warning SA1028: Code should not contain trailing whitespace (https://github.com/DotNetAnalyzers/StyleCopAnalyzers/blob/master/documentation/SA1028.md) [D:\leaveblackgithub\DDNCadAddins\src\DDNCadAddins\DDNCadAddins\DDNCadAddins.csproj]
D:\leaveblackgithub\DDNCadAddins\src\DDNCadAddins\DDNCadAddins\Commands\XClipTest\XClipTestCreator4.cs(31,1): warning SA1028: Code should not contain trailing whitespace (https://github.com/DotNetAnalyzers/StyleCopAnalyzers/blob/master/documentation/SA1028.md) [D:\leaveblackgithub\DDNCadAddins\src\DDNCadAddins\DDNCadAddins\DDNCadAddins.csproj]
D:\leaveblackgithub\DDNCadAddins\src\DDNCadAddins\DDNCadAddins\Commands\XClipTest\XClipTestCreator4.cs(36,1): warning SA1028: Code should not contain trailing whitespace (https://github.com/DotNetAnalyzers/StyleCopAnalyzers/blob/master/documentation/SA1028.md) [D:\leaveblackgithub\DDNCadAddins\src\DDNCadAddins\DDNCadAddins\DDNCadAddins.csproj]
D:\leaveblackgithub\DDNCadAddins\src\DDNCadAddins\DDNCadAddins\Commands\XClipTest\XClipTestCreator4.cs(41,1): warning SA1028: Code should not contain trailing whitespace (https://github.com/DotNetAnalyzers/StyleCopAnalyzers/blob/master/documentation/SA1028.md) [D:\leaveblackgithub\DDNCadAddins\src\DDNCadAddins\DDNCadAddins\DDNCadAddins.csproj]
D:\leaveblackgithub\DDNCadAddins\src\DDNCadAddins\DDNCadAddins\Commands\XClipTest\XClipTestCreator4.cs(45,1): warning SA1028: Code should not contain trailing whitespace (https://github.com/DotNetAnalyzers/StyleCopAnalyzers/blob/master/documentation/SA1028.md) [D:\leaveblackgithub\DDNCadAddins\src\DDNCadAddins\DDNCadAddins\DDNCadAddins.csproj]
D:\leaveblackgithub\DDNCadAddins\src\DDNCadAddins\DDNCadAddins\Commands\XClipTest\XClipTestCreator4.cs(48,1): warning SA1028: Code should not contain trailing whitespace (https://github.com/DotNetAnalyzers/StyleCopAnalyzers/blob/master/documentation/SA1028.md) [D:\leaveblackgithub\DDNCadAddins\src\DDNCadAddins\DDNCadAddins\DDNCadAddins.csproj]
D:\leaveblackgithub\DDNCadAddins\src\DDNCadAddins\DDNCadAddins\Commands\XClipTest\XClipTestCreator4.cs(51,1): warning SA1028: Code should not contain trailing whitespace (https://github.com/DotNetAnalyzers/StyleCopAnalyzers/blob/master/documentation/SA1028.md) [D:\leaveblackgithub\DDNCadAddins\src\DDNCadAddins\DDNCadAddins\DDNCadAddins.csproj]
D:\leaveblackgithub\DDNCadAddins\src\DDNCadAddins\DDNCadAddins\Commands\XClipTest\XClipTestCreator4.cs(64,1): warning SA1028: Code should not contain trailing whitespace (https://github.com/DotNetAnalyzers/StyleCopAnalyzers/blob/master/documentation/SA1028.md) [D:\leaveblackgithub\DDNCadAddins\src\DDNCadAddins\DDNCadAddins\DDNCadAddins.csproj]
D:\leaveblackgithub\DDNCadAddins\src\DDNCadAddins\DDNCadAddins\Commands\XClipTest\XClipTestCreator4.cs(77,1): warning SA1028: Code should not contain trailing whitespace (https://github.com/DotNetAnalyzers/StyleCopAnalyzers/blob/master/documentation/SA1028.md) [D:\leaveblackgithub\DDNCadAddins\src\DDNCadAddins\DDNCadAddins\DDNCadAddins.csproj]
D:\leaveblackgithub\DDNCadAddins\src\DDNCadAddins\DDNCadAddins\Commands\XClipTest\XClipTestCreator4.cs(85,1): warning SA1028: Code should not contain trailing whitespace (https://github.com/DotNetAnalyzers/StyleCopAnalyzers/blob/master/documentation/SA1028.md) [D:\leaveblackgithub\DDNCadAddins\src\DDNCadAddins\DDNCadAddins\DDNCadAddins.csproj]
D:\leaveblackgithub\DDNCadAddins\src\DDNCadAddins\DDNCadAddins\Commands\XClipTest\XClipTestCreator4.cs(89,1): warning SA1028: Code should not contain trailing whitespace (https://github.com/DotNetAnalyzers/StyleCopAnalyzers/blob/master/documentation/SA1028.md) [D:\leaveblackgithub\DDNCadAddins\src\DDNCadAddins\DDNCadAddins\DDNCadAddins.csproj]
D:\leaveblackgithub\DDNCadAddins\src\DDNCadAddins\DDNCadAddins\Commands\XClipTest\XClipTestCreator4.cs(92,1): warning SA1028: Code should not contain trailing whitespace (https://github.com/DotNetAnalyzers/StyleCopAnalyzers/blob/master/documentation/SA1028.md) [D:\leaveblackgithub\DDNCadAddins\src\DDNCadAddins\DDNCadAddins\DDNCadAddins.csproj]
D:\leaveblackgithub\DDNCadAddins\src\DDNCadAddins\DDNCadAddins\Commands\XClipTest\XClipTestCreator4.cs(96,1): warning SA1028: Code should not contain trailing whitespace (https://github.com/DotNetAnalyzers/StyleCopAnalyzers/blob/master/documentation/SA1028.md) [D:\leaveblackgithub\DDNCadAddins\src\DDNCadAddins\DDNCadAddins\DDNCadAddins.csproj]
D:\leaveblackgithub\DDNCadAddins\src\DDNCadAddins\DDNCadAddins\Commands\XClipTest\XClipTestCreator4.cs(100,1): warning SA1028: Code should not contain trailing whitespace (https://github.com/DotNetAnalyzers/StyleCopAnalyzers/blob/master/documentation/SA1028.md) [D:\leaveblackgithub\DDNCadAddins\src\DDNCadAddins\DDNCadAddins\DDNCadAddins.csproj]
D:\leaveblackgithub\DDNCadAddins\src\DDNCadAddins\DDNCadAddins\Commands\XClipTest\XClipTestCreator4.cs(104,1): warning SA1028: Code should not contain trailing whitespace (https://github.com/DotNetAnalyzers/StyleCopAnalyzers/blob/master/documentation/SA1028.md) [D:\leaveblackgithub\DDNCadAddins\src\DDNCadAddins\DDNCadAddins\DDNCadAddins.csproj]
D:\leaveblackgithub\DDNCadAddins\src\DDNCadAddins\DDNCadAddins\Commands\XClipTest\XClipTestCreator4.cs(108,1): warning SA1028: Code should not contain trailing whitespace (https://github.com/DotNetAnalyzers/StyleCopAnalyzers/blob/master/documentation/SA1028.md) [D:\leaveblackgithub\DDNCadAddins\src\DDNCadAddins\DDNCadAddins\DDNCadAddins.csproj]
D:\leaveblackgithub\DDNCadAddins\src\DDNCadAddins\DDNCadAddins\Commands\XClipTest\XClipTestCreator4.cs(111,1): warning SA1028: Code should not contain trailing whitespace (https://github.com/DotNetAnalyzers/StyleCopAnalyzers/blob/master/documentation/SA1028.md) [D:\leaveblackgithub\DDNCadAddins\src\DDNCadAddins\DDNCadAddins\DDNCadAddins.csproj]
D:\leaveblackgithub\DDNCadAddins\src\DDNCadAddins\DDNCadAddins\Commands\XClipTest\XClipTestCreator4.cs(114,1): warning SA1028: Code should not contain trailing whitespace (https://github.com/DotNetAnalyzers/StyleCopAnalyzers/blob/master/documentation/SA1028.md) [D:\leaveblackgithub\DDNCadAddins\src\DDNCadAddins\DDNCadAddins\DDNCadAddins.csproj]
D:\leaveblackgithub\DDNCadAddins\src\DDNCadAddins\DDNCadAddins\Commands\XClipTest\XClipTestCreator4.cs(118,102): warning SA1028: Code should not contain trailing whitespace (https://github.com/DotNetAnalyzers/StyleCopAnalyzers/blob/master/documentation/SA1028.md) [D:\leaveblackgithub\DDNCadAddins\src\DDNCadAddins\DDNCadAddins\DDNCadAddins.csproj]
D:\leaveblackgithub\DDNCadAddins\src\DDNCadAddins\DDNCadAddins\Commands\XClipTest\XClipTestCreator4.cs(124,1): warning SA1028: Code should not contain trailing whitespace (https://github.com/DotNetAnalyzers/StyleCopAnalyzers/blob/master/documentation/SA1028.md) [D:\leaveblackgithub\DDNCadAddins\src\DDNCadAddins\DDNCadAddins\DDNCadAddins.csproj]
D:\leaveblackgithub\DDNCadAddins\src\DDNCadAddins\DDNCadAddins\Commands\XClipTest\XClipTestCreator4.cs(129,1): warning SA1028: Code should not contain trailing whitespace (https://github.com/DotNetAnalyzers/StyleCopAnalyzers/blob/master/documentation/SA1028.md) [D:\leaveblackgithub\DDNCadAddins\src\DDNCadAddins\DDNCadAddins\DDNCadAddins.csproj]
D:\leaveblackgithub\DDNCadAddins\src\DDNCadAddins\DDNCadAddins\Commands\XClipTest\XClipTestCreator4.cs(133,1): warning SA1028: Code should not contain trailing whitespace (https://github.com/DotNetAnalyzers/StyleCopAnalyzers/blob/master/documentation/SA1028.md) [D:\leaveblackgithub\DDNCadAddins\src\DDNCadAddins\DDNCadAddins\DDNCadAddins.csproj]
D:\leaveblackgithub\DDNCadAddins\src\DDNCadAddins\DDNCadAddins\Commands\XClipTest\XClipTestCreator4.cs(136,1): warning SA1028: Code should not contain trailing whitespace (https://github.com/DotNetAnalyzers/StyleCopAnalyzers/blob/master/documentation/SA1028.md) [D:\leaveblackgithub\DDNCadAddins\src\DDNCadAddins\DDNCadAddins\DDNCadAddins.csproj]
D:\leaveblackgithub\DDNCadAddins\src\DDNCadAddins\DDNCadAddins\Commands\XClipTest\XClipTestCreator4.cs(140,87): warning SA1028: Code should not contain trailing whitespace (https://github.com/DotNetAnalyzers/StyleCopAnalyzers/blob/master/documentation/SA1028.md) [D:\leaveblackgithub\DDNCadAddins\src\DDNCadAddins\DDNCadAddins\DDNCadAddins.csproj]
D:\leaveblackgithub\DDNCadAddins\src\DDNCadAddins\DDNCadAddins\Commands\XClipTest\XClipTestCreator4.cs(145,1): warning SA1028: Code should not contain trailing whitespace (https://github.com/DotNetAnalyzers/StyleCopAnalyzers/blob/master/documentation/SA1028.md) [D:\leaveblackgithub\DDNCadAddins\src\DDNCadAddins\DDNCadAddins\DDNCadAddins.csproj]
D:\leaveblackgithub\DDNCadAddins\src\DDNCadAddins\DDNCadAddins\Commands\XClipTest\XClipTestCreator4.cs(149,1): warning SA1028: Code should not contain trailing whitespace (https://github.com/DotNetAnalyzers/StyleCopAnalyzers/blob/master/documentation/SA1028.md) [D:\leaveblackgithub\DDNCadAddins\src\DDNCadAddins\DDNCadAddins\DDNCadAddins.csproj]
D:\leaveblackgithub\DDNCadAddins\src\DDNCadAddins\DDNCadAddins\Commands\XClipTest\XClipTestCreator4.cs(152,1): warning SA1028: Code should not contain trailing whitespace (https://github.com/DotNetAnalyzers/StyleCopAnalyzers/blob/master/documentation/SA1028.md) [D:\leaveblackgithub\DDNCadAddins\src\DDNCadAddins\DDNCadAddins\DDNCadAddins.csproj]
D:\leaveblackgithub\DDNCadAddins\src\DDNCadAddins\DDNCadAddins\Commands\XClipTest\XClipTestCreator4.cs(156,1): warning SA1028: Code should not contain trailing whitespace (https://github.com/DotNetAnalyzers/StyleCopAnalyzers/blob/master/documentation/SA1028.md) [D:\leaveblackgithub\DDNCadAddins\src\DDNCadAddins\DDNCadAddins\DDNCadAddins.csproj]
D:\leaveblackgithub\DDNCadAddins\src\DDNCadAddins\DDNCadAddins\Commands\XClipTest\XClipTestCreator4.cs(160,1): warning SA1028: Code should not contain trailing whitespace (https://github.com/DotNetAnalyzers/StyleCopAnalyzers/blob/master/documentation/SA1028.md) [D:\leaveblackgithub\DDNCadAddins\src\DDNCadAddins\DDNCadAddins\DDNCadAddins.csproj]
D:\leaveblackgithub\DDNCadAddins\src\DDNCadAddins\DDNCadAddins\Commands\XClipTest\XClipTestCreator4.cs(164,1): warning SA1028: Code should not contain trailing whitespace (https://github.com/DotNetAnalyzers/StyleCopAnalyzers/blob/master/documentation/SA1028.md) [D:\leaveblackgithub\DDNCadAddins\src\DDNCadAddins\DDNCadAddins\DDNCadAddins.csproj]
D:\leaveblackgithub\DDNCadAddins\src\DDNCadAddins\DDNCadAddins\Commands\XClipTest\XClipTestCreator4.cs(168,1): warning SA1028: Code should not contain trailing whitespace (https://github.com/DotNetAnalyzers/StyleCopAnalyzers/blob/master/documentation/SA1028.md) [D:\leaveblackgithub\DDNCadAddins\src\DDNCadAddins\DDNCadAddins\DDNCadAddins.csproj]
D:\leaveblackgithub\DDNCadAddins\src\DDNCadAddins\DDNCadAddins\Commands\XClipTest\XClipTestCreator4.cs(171,1): warning SA1028: Code should not contain trailing whitespace (https://github.com/DotNetAnalyzers/StyleCopAnalyzers/blob/master/documentation/SA1028.md) [D:\leaveblackgithub\DDNCadAddins\src\DDNCadAddins\DDNCadAddins\DDNCadAddins.csproj]
D:\leaveblackgithub\DDNCadAddins\src\DDNCadAddins\DDNCadAddins\Commands\XClipTest\XClipTestCreator4.cs(174,1): warning SA1028: Code should not contain trailing whitespace (https://github.com/DotNetAnalyzers/StyleCopAnalyzers/blob/master/documentation/SA1028.md) [D:\leaveblackgithub\DDNCadAddins\src\DDNCadAddins\DDNCadAddins\DDNCadAddins.csproj]
D:\leaveblackgithub\DDNCadAddins\src\DDNCadAddins\DDNCadAddins\Commands\XClipTest\XClipTestCreator4.cs(178,77): warning SA1028: Code should not contain trailing whitespace (https://github.com/DotNetAnalyzers/StyleCopAnalyzers/blob/master/documentation/SA1028.md) [D:\leaveblackgithub\DDNCadAddins\src\DDNCadAddins\DDNCadAddins\DDNCadAddins.csproj]
D:\leaveblackgithub\DDNCadAddins\src\DDNCadAddins\DDNCadAddins\Commands\XClipTest\XClipTestCreator4.cs(183,1): warning SA1028: Code should not contain trailing whitespace (https://github.com/DotNetAnalyzers/StyleCopAnalyzers/blob/master/documentation/SA1028.md) [D:\leaveblackgithub\DDNCadAddins\src\DDNCadAddins\DDNCadAddins\DDNCadAddins.csproj]
D:\leaveblackgithub\DDNCadAddins\src\DDNCadAddins\DDNCadAddins\Commands\XClipTest\XClipTestCreator4.cs(187,1): warning SA1028: Code should not contain trailing whitespace (https://github.com/DotNetAnalyzers/StyleCopAnalyzers/blob/master/documentation/SA1028.md) [D:\leaveblackgithub\DDNCadAddins\src\DDNCadAddins\DDNCadAddins\DDNCadAddins.csproj]
D:\leaveblackgithub\DDNCadAddins\src\DDNCadAddins\DDNCadAddins\Commands\XClipTest\XClipTestCreator4.cs(190,1): warning SA1028: Code should not contain trailing whitespace (https://github.com/DotNetAnalyzers/StyleCopAnalyzers/blob/master/documentation/SA1028.md) [D:\leaveblackgithub\DDNCadAddins\src\DDNCadAddins\DDNCadAddins\DDNCadAddins.csproj]
D:\leaveblackgithub\DDNCadAddins\src\DDNCadAddins\DDNCadAddins\Commands\XClipTest\XClipTestCreator4.cs(194,1): warning SA1028: Code should not contain trailing whitespace (https://github.com/DotNetAnalyzers/StyleCopAnalyzers/blob/master/documentation/SA1028.md) [D:\leaveblackgithub\DDNCadAddins\src\DDNCadAddins\DDNCadAddins\DDNCadAddins.csproj]
D:\leaveblackgithub\DDNCadAddins\src\DDNCadAddins\DDNCadAddins\Commands\XClipTest\XClipTestCreator4.cs(197,1): warning SA1028: Code should not contain trailing whitespace (https://github.com/DotNetAnalyzers/StyleCopAnalyzers/blob/master/documentation/SA1028.md) [D:\leaveblackgithub\DDNCadAddins\src\DDNCadAddins\DDNCadAddins\DDNCadAddins.csproj]
D:\leaveblackgithub\DDNCadAddins\src\DDNCadAddins\DDNCadAddins\Commands\XClipTest\XClipTestCreator4.cs(202,1): warning SA1028: Code should not contain trailing whitespace (https://github.com/DotNetAnalyzers/StyleCopAnalyzers/blob/master/documentation/SA1028.md) [D:\leaveblackgithub\DDNCadAddins\src\DDNCadAddins\DDNCadAddins\DDNCadAddins.csproj]
D:\leaveblackgithub\DDNCadAddins\src\DDNCadAddins\DDNCadAddins\Commands\XClipTest\XClipTestCreator4.cs(206,1): warning SA1028: Code should not contain trailing whitespace (https://github.com/DotNetAnalyzers/StyleCopAnalyzers/blob/master/documentation/SA1028.md) [D:\leaveblackgithub\DDNCadAddins\src\DDNCadAddins\DDNCadAddins\DDNCadAddins.csproj]
D:\leaveblackgithub\DDNCadAddins\src\DDNCadAddins\DDNCadAddins\Commands\XClipTest\XClipTestCreator4.cs(209,1): warning SA1028: Code should not contain trailing whitespace (https://github.com/DotNetAnalyzers/StyleCopAnalyzers/blob/master/documentation/SA1028.md) [D:\leaveblackgithub\DDNCadAddins\src\DDNCadAddins\DDNCadAddins\DDNCadAddins.csproj]
D:\leaveblackgithub\DDNCadAddins\src\DDNCadAddins\DDNCadAddins\Commands\XClipTest\XClipTestCreator4.cs(219,1): warning SA1028: Code should not contain trailing whitespace (https://github.com/DotNetAnalyzers/StyleCopAnalyzers/blob/master/documentation/SA1028.md) [D:\leaveblackgithub\DDNCadAddins\src\DDNCadAddins\DDNCadAddins\DDNCadAddins.csproj]
D:\leaveblackgithub\DDNCadAddins\src\DDNCadAddins\DDNCadAddins\Commands\XClipTest\XClipTestCreator4.cs(223,1): warning SA1028: Code should not contain trailing whitespace (https://github.com/DotNetAnalyzers/StyleCopAnalyzers/blob/master/documentation/SA1028.md) [D:\leaveblackgithub\DDNCadAddins\src\DDNCadAddins\DDNCadAddins\DDNCadAddins.csproj]
D:\leaveblackgithub\DDNCadAddins\src\DDNCadAddins\DDNCadAddins\Commands\XClipTest\XClipTestCreator4.cs(226,1): warning SA1028: Code should not contain trailing whitespace (https://github.com/DotNetAnalyzers/StyleCopAnalyzers/blob/master/documentation/SA1028.md) [D:\leaveblackgithub\DDNCadAddins\src\DDNCadAddins\DDNCadAddins\DDNCadAddins.csproj]
D:\leaveblackgithub\DDNCadAddins\src\DDNCadAddins\DDNCadAddins\Commands\XClipTest\XClipTestCreator4.cs(230,1): warning SA1028: Code should not contain trailing whitespace (https://github.com/DotNetAnalyzers/StyleCopAnalyzers/blob/master/documentation/SA1028.md) [D:\leaveblackgithub\DDNCadAddins\src\DDNCadAddins\DDNCadAddins\DDNCadAddins.csproj]
D:\leaveblackgithub\DDNCadAddins\src\DDNCadAddins\DDNCadAddins\Commands\XClipTest\XClipTestCreator4.cs(234,1): warning SA1028: Code should not contain trailing whitespace (https://github.com/DotNetAnalyzers/StyleCopAnalyzers/blob/master/documentation/SA1028.md) [D:\leaveblackgithub\DDNCadAddins\src\DDNCadAddins\DDNCadAddins\DDNCadAddins.csproj]
D:\leaveblackgithub\DDNCadAddins\src\DDNCadAddins\DDNCadAddins\Commands\XClipTest\XClipTestCreator4.cs(240,1): warning SA1028: Code should not contain trailing whitespace (https://github.com/DotNetAnalyzers/StyleCopAnalyzers/blob/master/documentation/SA1028.md) [D:\leaveblackgithub\DDNCadAddins\src\DDNCadAddins\DDNCadAddins\DDNCadAddins.csproj]
D:\leaveblackgithub\DDNCadAddins\src\DDNCadAddins\DDNCadAddins\Commands\XClipTest\XClipTestCreator4.cs(243,1): warning SA1028: Code should not contain trailing whitespace (https://github.com/DotNetAnalyzers/StyleCopAnalyzers/blob/master/documentation/SA1028.md) [D:\leaveblackgithub\DDNCadAddins\src\DDNCadAddins\DDNCadAddins\DDNCadAddins.csproj]
D:\leaveblackgithub\DDNCadAddins\src\DDNCadAddins\DDNCadAddins\Commands\XClipTest\XClipTestCreator4.cs(247,1): warning SA1028: Code should not contain trailing whitespace (https://github.com/DotNetAnalyzers/StyleCopAnalyzers/blob/master/documentation/SA1028.md) [D:\leaveblackgithub\DDNCadAddins\src\DDNCadAddins\DDNCadAddins\DDNCadAddins.csproj]
D:\leaveblackgithub\DDNCadAddins\src\DDNCadAddins\DDNCadAddins\Commands\XClipTest\XClipTestCreator4.cs(251,1): warning SA1028: Code should not contain trailing whitespace (https://github.com/DotNetAnalyzers/StyleCopAnalyzers/blob/master/documentation/SA1028.md) [D:\leaveblackgithub\DDNCadAddins\src\DDNCadAddins\DDNCadAddins\DDNCadAddins.csproj]
D:\leaveblackgithub\DDNCadAddins\src\DDNCadAddins\DDNCadAddins\Commands\XClipTest\XClipTestCreator4.cs(254,1): warning SA1028: Code should not contain trailing whitespace (https://github.com/DotNetAnalyzers/StyleCopAnalyzers/blob/master/documentation/SA1028.md) [D:\leaveblackgithub\DDNCadAddins\src\DDNCadAddins\DDNCadAddins\DDNCadAddins.csproj]
D:\leaveblackgithub\DDNCadAddins\src\DDNCadAddins\DDNCadAddins\Commands\XClipTest\XClipTestCreator4.cs(257,1): warning SA1028: Code should not contain trailing whitespace (https://github.com/DotNetAnalyzers/StyleCopAnalyzers/blob/master/documentation/SA1028.md) [D:\leaveblackgithub\DDNCadAddins\src\DDNCadAddins\DDNCadAddins\DDNCadAddins.csproj]
D:\leaveblackgithub\DDNCadAddins\src\DDNCadAddins\DDNCadAddins\Commands\XClipTest\XClipTestCreator4.cs(261,1): warning SA1028: Code should not contain trailing whitespace (https://github.com/DotNetAnalyzers/StyleCopAnalyzers/blob/master/documentation/SA1028.md) [D:\leaveblackgithub\DDNCadAddins\src\DDNCadAddins\DDNCadAddins\DDNCadAddins.csproj]
D:\leaveblackgithub\DDNCadAddins\src\DDNCadAddins\DDNCadAddins\Commands\XClipTest\XClipTestCreator4.cs(270,2): warning SA1028: Code should not contain trailing whitespace (https://github.com/DotNetAnalyzers/StyleCopAnalyzers/blob/master/documentation/SA1028.md) [D:\leaveblackgithub\DDNCadAddins\src\DDNCadAddins\DDNCadAddins\DDNCadAddins.csproj]
D:\leaveblackgithub\DDNCadAddins\src\DDNCadAddins\DDNCadAddins\Commands\XClipTest\XClipTestValidator.cs(1,1): warning SA1633: The file header is missing or not located at the top of the file. (https://github.com/DotNetAnalyzers/StyleCopAnalyzers/blob/master/documentation/SA1633.md) [D:\leaveblackgithub\DDNCadAddins\src\DDNCadAddins\DDNCadAddins\DDNCadAddins.csproj]
D:\leaveblackgithub\DDNCadAddins\src\DDNCadAddins\DDNCadAddins\Commands\CommandBase.cs(55,13): warning SA1101: Prefix local calls with this (https://github.com/DotNetAnalyzers/StyleCopAnalyzers/blob/master/documentation/SA1101.md) [D:\leaveblackgithub\DDNCadAddins\src\DDNCadAddins\DDNCadAddins\DDNCadAddins.csproj]
D:\leaveblackgithub\DDNCadAddins\src\DDNCadAddins\DDNCadAddins\Commands\XClipTest\XClipTestValidator.cs(47,21): warning SA1515: Single-line comment should be preceded by blank line (https://github.com/DotNetAnalyzers/StyleCopAnalyzers/blob/master/documentation/SA1515.md) [D:\leaveblackgithub\DDNCadAddins\src\DDNCadAddins\DDNCadAddins\DDNCadAddins.csproj]
D:\leaveblackgithub\DDNCadAddins\src\DDNCadAddins\DDNCadAddins\Commands\CommandBase.cs(56,13): warning SA1101: Prefix local calls with this (https://github.com/DotNetAnalyzers/StyleCopAnalyzers/blob/master/documentation/SA1101.md) [D:\leaveblackgithub\DDNCadAddins\src\DDNCadAddins\DDNCadAddins\DDNCadAddins.csproj]
D:\leaveblackgithub\DDNCadAddins\src\DDNCadAddins\DDNCadAddins\Commands\CommandBase.cs(57,13): warning SA1101: Prefix local calls with this (https://github.com/DotNetAnalyzers/StyleCopAnalyzers/blob/master/documentation/SA1101.md) [D:\leaveblackgithub\DDNCadAddins\src\DDNCadAddins\DDNCadAddins\DDNCadAddins.csproj]
D:\leaveblackgithub\DDNCadAddins\src\DDNCadAddins\DDNCadAddins\Commands\CommandBase.cs(58,13): warning SA1101: Prefix local calls with this (https://github.com/DotNetAnalyzers/StyleCopAnalyzers/blob/master/documentation/SA1101.md) [D:\leaveblackgithub\DDNCadAddins\src\DDNCadAddins\DDNCadAddins\DDNCadAddins.csproj]
D:\leaveblackgithub\DDNCadAddins\src\DDNCadAddins\DDNCadAddins\Models\OperationResult.cs(71,9): warning SA1413: Use trailing comma in multi-line initializers (https://github.com/DotNetAnalyzers/StyleCopAnalyzers/blob/master/documentation/SA1413.md) [D:\leaveblackgithub\DDNCadAddins\src\DDNCadAddins\DDNCadAddins\DDNCadAddins.csproj]
D:\leaveblackgithub\DDNCadAddins\src\DDNCadAddins\DDNCadAddins\Commands\TestRunner.cs(45,13): warning SA1413: Use trailing comma in multi-line initializers (https://github.com/DotNetAnalyzers/StyleCopAnalyzers/blob/master/documentation/SA1413.md) [D:\leaveblackgithub\DDNCadAddins\src\DDNCadAddins\DDNCadAddins\DDNCadAddins.csproj]
D:\leaveblackgithub\DDNCadAddins\src\DDNCadAddins\DDNCadAddins\DDNCadAppLoader.cs(31,36): warning SA1101: Prefix local calls with this (https://github.com/DotNetAnalyzers/StyleCopAnalyzers/blob/master/documentation/SA1101.md) [D:\leaveblackgithub\DDNCadAddins\src\DDNCadAddins\DDNCadAddins\DDNCadAddins.csproj]
D:\leaveblackgithub\DDNCadAddins\src\DDNCadAddins\DDNCadAddins\Commands\OpenXClipLogCommand.cs(36,13): warning SA1101: Prefix local calls with this (https://github.com/DotNetAnalyzers/StyleCopAnalyzers/blob/master/documentation/SA1101.md) [D:\leaveblackgithub\DDNCadAddins\src\DDNCadAddins\DDNCadAddins\DDNCadAddins.csproj]
D:\leaveblackgithub\DDNCadAddins\src\DDNCadAddins\DDNCadAddins\Commands\OpenXClipLogCommand.cs(34,38): warning SA1128: Put constructor initializers on their own line (https://github.com/DotNetAnalyzers/StyleCopAnalyzers/blob/master/documentation/SA1128.md) [D:\leaveblackgithub\DDNCadAddins\src\DDNCadAddins\DDNCadAddins\DDNCadAddins.csproj]
D:\leaveblackgithub\DDNCadAddins\src\DDNCadAddins\DDNCadAddins\Services\XClipBlockService.Core.cs(41,13): warning SA1101: Prefix local calls with this (https://github.com/DotNetAnalyzers/StyleCopAnalyzers/blob/master/documentation/SA1101.md) [D:\leaveblackgithub\DDNCadAddins\src\DDNCadAddins\DDNCadAddins\DDNCadAddins.csproj]
D:\leaveblackgithub\DDNCadAddins\src\DDNCadAddins\DDNCadAddins\Commands\XClipTestCommand.cs(42,13): warning SA1101: Prefix local calls with this (https://github.com/DotNetAnalyzers/StyleCopAnalyzers/blob/master/documentation/SA1101.md) [D:\leaveblackgithub\DDNCadAddins\src\DDNCadAddins\DDNCadAddins\DDNCadAddins.csproj]
D:\leaveblackgithub\DDNCadAddins\src\DDNCadAddins\DDNCadAddins\Commands\XClipTestCommand.cs(43,13): warning SA1101: Prefix local calls with this (https://github.com/DotNetAnalyzers/StyleCopAnalyzers/blob/master/documentation/SA1101.md) [D:\leaveblackgithub\DDNCadAddins\src\DDNCadAddins\DDNCadAddins\DDNCadAddins.csproj]
D:\leaveblackgithub\DDNCadAddins\src\DDNCadAddins\DDNCadAddins\Commands\XClipTest\TestCommandBase.cs(36,25): warning SA1101: Prefix local calls with this (https://github.com/DotNetAnalyzers/StyleCopAnalyzers/blob/master/documentation/SA1101.md) [D:\leaveblackgithub\DDNCadAddins\src\DDNCadAddins\DDNCadAddins\DDNCadAddins.csproj]
D:\leaveblackgithub\DDNCadAddins\src\DDNCadAddins\DDNCadAddins\Commands\OpenXClipLogCommand.cs(45,13): warning SA1101: Prefix local calls with this (https://github.com/DotNetAnalyzers/StyleCopAnalyzers/blob/master/documentation/SA1101.md) [D:\leaveblackgithub\DDNCadAddins\src\DDNCadAddins\DDNCadAddins\DDNCadAddins.csproj]
D:\leaveblackgithub\DDNCadAddins\src\DDNCadAddins\DDNCadAddins\Commands\XClipTest\XClipTestValidator.cs(18,1): warning SA1028: Code should not contain trailing whitespace (https://github.com/DotNetAnalyzers/StyleCopAnalyzers/blob/master/documentation/SA1028.md) [D:\leaveblackgithub\DDNCadAddins\src\DDNCadAddins\DDNCadAddins\DDNCadAddins.csproj]
D:\leaveblackgithub\DDNCadAddins\src\DDNCadAddins\DDNCadAddins\Commands\FindXClippedBlocksCommand.cs(47,13): warning SA1101: Prefix local calls with this (https://github.com/DotNetAnalyzers/StyleCopAnalyzers/blob/master/documentation/SA1101.md) [D:\leaveblackgithub\DDNCadAddins\src\DDNCadAddins\DDNCadAddins\DDNCadAddins.csproj]
D:\leaveblackgithub\DDNCadAddins\src\DDNCadAddins\DDNCadAddins\Commands\XClipTest\XClipTestValidator.cs(29,1): warning SA1028: Code should not contain trailing whitespace (https://github.com/DotNetAnalyzers/StyleCopAnalyzers/blob/master/documentation/SA1028.md) [D:\leaveblackgithub\DDNCadAddins\src\DDNCadAddins\DDNCadAddins\DDNCadAddins.csproj]
D:\leaveblackgithub\DDNCadAddins\src\DDNCadAddins\DDNCadAddins\Commands\XClipTest\XClipTestValidator.cs(38,1): warning SA1028: Code should not contain trailing whitespace (https://github.com/DotNetAnalyzers/StyleCopAnalyzers/blob/master/documentation/SA1028.md) [D:\leaveblackgithub\DDNCadAddins\src\DDNCadAddins\DDNCadAddins\DDNCadAddins.csproj]
D:\leaveblackgithub\DDNCadAddins\src\DDNCadAddins\DDNCadAddins\Commands\XClipTest\XClipTestValidator.cs(41,1): warning SA1028: Code should not contain trailing whitespace (https://github.com/DotNetAnalyzers/StyleCopAnalyzers/blob/master/documentation/SA1028.md) [D:\leaveblackgithub\DDNCadAddins\src\DDNCadAddins\DDNCadAddins\DDNCadAddins.csproj]
D:\leaveblackgithub\DDNCadAddins\src\DDNCadAddins\DDNCadAddins\Commands\XClipTest\XClipTestValidator.cs(51,1): warning SA1028: Code should not contain trailing whitespace (https://github.com/DotNetAnalyzers/StyleCopAnalyzers/blob/master/documentation/SA1028.md) [D:\leaveblackgithub\DDNCadAddins\src\DDNCadAddins\DDNCadAddins\DDNCadAddins.csproj]
D:\leaveblackgithub\DDNCadAddins\src\DDNCadAddins\DDNCadAddins\Commands\FindXClippedBlocksCommand.cs(47,51): warning SA1101: Prefix local calls with this (https://github.com/DotNetAnalyzers/StyleCopAnalyzers/blob/master/documentation/SA1101.md) [D:\leaveblackgithub\DDNCadAddins\src\DDNCadAddins\DDNCadAddins\DDNCadAddins.csproj]
D:\leaveblackgithub\DDNCadAddins\src\DDNCadAddins\DDNCadAddins\Commands\XClipTest\XClipTestValidator.cs(56,1): warning SA1028: Code should not contain trailing whitespace (https://github.com/DotNetAnalyzers/StyleCopAnalyzers/blob/master/documentation/SA1028.md) [D:\leaveblackgithub\DDNCadAddins\src\DDNCadAddins\DDNCadAddins\DDNCadAddins.csproj]
D:\leaveblackgithub\DDNCadAddins\src\DDNCadAddins\DDNCadAddins\Commands\FindXClippedBlocksCommand.cs(47,64): warning SA1101: Prefix local calls with this (https://github.com/DotNetAnalyzers/StyleCopAnalyzers/blob/master/documentation/SA1101.md) [D:\leaveblackgithub\DDNCadAddins\src\DDNCadAddins\DDNCadAddins\DDNCadAddins.csproj]
D:\leaveblackgithub\DDNCadAddins\src\DDNCadAddins\DDNCadAddins\Commands\XClipTest\XClipTestValidator.cs(61,1): warning SA1028: Code should not contain trailing whitespace (https://github.com/DotNetAnalyzers/StyleCopAnalyzers/blob/master/documentation/SA1028.md) [D:\leaveblackgithub\DDNCadAddins\src\DDNCadAddins\DDNCadAddins\DDNCadAddins.csproj]
D:\leaveblackgithub\DDNCadAddins\src\DDNCadAddins\DDNCadAddins\Commands\XClipTest\XClipTestValidator.cs(67,1): warning SA1028: Code should not contain trailing whitespace (https://github.com/DotNetAnalyzers/StyleCopAnalyzers/blob/master/documentation/SA1028.md) [D:\leaveblackgithub\DDNCadAddins\src\DDNCadAddins\DDNCadAddins\DDNCadAddins.csproj]
D:\leaveblackgithub\DDNCadAddins\src\DDNCadAddins\DDNCadAddins\Commands\FindXClippedBlocksCommand.cs(48,13): warning SA1101: Prefix local calls with this (https://github.com/DotNetAnalyzers/StyleCopAnalyzers/blob/master/documentation/SA1101.md) [D:\leaveblackgithub\DDNCadAddins\src\DDNCadAddins\DDNCadAddins\DDNCadAddins.csproj]
D:\leaveblackgithub\DDNCadAddins\src\DDNCadAddins\DDNCadAddins\Commands\XClipTest\XClipTestValidator.cs(70,1): warning SA1028: Code should not contain trailing whitespace (https://github.com/DotNetAnalyzers/StyleCopAnalyzers/blob/master/documentation/SA1028.md) [D:\leaveblackgithub\DDNCadAddins\src\DDNCadAddins\DDNCadAddins\DDNCadAddins.csproj]
D:\leaveblackgithub\DDNCadAddins\src\DDNCadAddins\DDNCadAddins\Commands\XClipTest\XClipTestValidator.cs(75,1): warning SA1028: Code should not contain trailing whitespace (https://github.com/DotNetAnalyzers/StyleCopAnalyzers/blob/master/documentation/SA1028.md) [D:\leaveblackgithub\DDNCadAddins\src\DDNCadAddins\DDNCadAddins\DDNCadAddins.csproj]
D:\leaveblackgithub\DDNCadAddins\src\DDNCadAddins\DDNCadAddins\Commands\FindXClippedBlocksCommand.cs(48,48): warning SA1101: Prefix local calls with this (https://github.com/DotNetAnalyzers/StyleCopAnalyzers/blob/master/documentation/SA1101.md) [D:\leaveblackgithub\DDNCadAddins\src\DDNCadAddins\DDNCadAddins\DDNCadAddins.csproj]
D:\leaveblackgithub\DDNCadAddins\src\DDNCadAddins\DDNCadAddins\Commands\XClipTest\XClipTestValidator.cs(90,1): warning SA1028: Code should not contain trailing whitespace (https://github.com/DotNetAnalyzers/StyleCopAnalyzers/blob/master/documentation/SA1028.md) [D:\leaveblackgithub\DDNCadAddins\src\DDNCadAddins\DDNCadAddins\DDNCadAddins.csproj]
D:\leaveblackgithub\DDNCadAddins\src\DDNCadAddins\DDNCadAddins\Commands\FindXClippedBlocksCommand.cs(48,64): warning SA1101: Prefix local calls with this (https://github.com/DotNetAnalyzers/StyleCopAnalyzers/blob/master/documentation/SA1101.md) [D:\leaveblackgithub\DDNCadAddins\src\DDNCadAddins\DDNCadAddins\DDNCadAddins.csproj]
D:\leaveblackgithub\DDNCadAddins\src\DDNCadAddins\DDNCadAddins\Commands\FindXClippedBlocksCommand.cs(49,13): warning SA1101: Prefix local calls with this (https://github.com/DotNetAnalyzers/StyleCopAnalyzers/blob/master/documentation/SA1101.md) [D:\leaveblackgithub\DDNCadAddins\src\DDNCadAddins\DDNCadAddins\DDNCadAddins.csproj]
D:\leaveblackgithub\DDNCadAddins\src\DDNCadAddins\DDNCadAddins\Commands\XClipTest\XClipTestValidator.cs(97,1): warning SA1028: Code should not contain trailing whitespace (https://github.com/DotNetAnalyzers/StyleCopAnalyzers/blob/master/documentation/SA1028.md) [D:\leaveblackgithub\DDNCadAddins\src\DDNCadAddins\DDNCadAddins\DDNCadAddins.csproj]
D:\leaveblackgithub\DDNCadAddins\src\DDNCadAddins\DDNCadAddins\Commands\XClipTest\XClipTestValidator.cs(104,1): warning SA1028: Code should not contain trailing whitespace (https://github.com/DotNetAnalyzers/StyleCopAnalyzers/blob/master/documentation/SA1028.md) [D:\leaveblackgithub\DDNCadAddins\src\DDNCadAddins\DDNCadAddins\DDNCadAddins.csproj]
D:\leaveblackgithub\DDNCadAddins\src\DDNCadAddins\DDNCadAddins\Commands\XClipTest\XClipTestValidator.cs(109,1): warning SA1028: Code should not contain trailing whitespace (https://github.com/DotNetAnalyzers/StyleCopAnalyzers/blob/master/documentation/SA1028.md) [D:\leaveblackgithub\DDNCadAddins\src\DDNCadAddins\DDNCadAddins\DDNCadAddins.csproj]
D:\leaveblackgithub\DDNCadAddins\src\DDNCadAddins\DDNCadAddins\Commands\XClipTest\XClipTestValidator.cs(125,1): warning SA1028: Code should not contain trailing whitespace (https://github.com/DotNetAnalyzers/StyleCopAnalyzers/blob/master/documentation/SA1028.md) [D:\leaveblackgithub\DDNCadAddins\src\DDNCadAddins\DDNCadAddins\DDNCadAddins.csproj]
D:\leaveblackgithub\DDNCadAddins\src\DDNCadAddins\DDNCadAddins\Commands\XClipTest\XClipTestValidator.cs(136,1): warning SA1028: Code should not contain trailing whitespace (https://github.com/DotNetAnalyzers/StyleCopAnalyzers/blob/master/documentation/SA1028.md) [D:\leaveblackgithub\DDNCadAddins\src\DDNCadAddins\DDNCadAddins\DDNCadAddins.csproj]
D:\leaveblackgithub\DDNCadAddins\src\DDNCadAddins\DDNCadAddins\Commands\XClipTest\XClipTestValidator.cs(144,1): warning SA1028: Code should not contain trailing whitespace (https://github.com/DotNetAnalyzers/StyleCopAnalyzers/blob/master/documentation/SA1028.md) [D:\leaveblackgithub\DDNCadAddins\src\DDNCadAddins\DDNCadAddins\DDNCadAddins.csproj]
D:\leaveblackgithub\DDNCadAddins\src\DDNCadAddins\DDNCadAddins\Commands\XClipTest\XClipTestValidator.cs(147,1): warning SA1028: Code should not contain trailing whitespace (https://github.com/DotNetAnalyzers/StyleCopAnalyzers/blob/master/documentation/SA1028.md) [D:\leaveblackgithub\DDNCadAddins\src\DDNCadAddins\DDNCadAddins\DDNCadAddins.csproj]
D:\leaveblackgithub\DDNCadAddins\src\DDNCadAddins\DDNCadAddins\Commands\XClipTest\XClipTestValidator.cs(158,1): warning SA1028: Code should not contain trailing whitespace (https://github.com/DotNetAnalyzers/StyleCopAnalyzers/blob/master/documentation/SA1028.md) [D:\leaveblackgithub\DDNCadAddins\src\DDNCadAddins\DDNCadAddins\DDNCadAddins.csproj]
D:\leaveblackgithub\DDNCadAddins\src\DDNCadAddins\DDNCadAddins\Commands\FindXClippedBlocksCommand.cs(45,44): warning SA1128: Put constructor initializers on their own line (https://github.com/DotNetAnalyzers/StyleCopAnalyzers/blob/master/documentation/SA1128.md) [D:\leaveblackgithub\DDNCadAddins\src\DDNCadAddins\DDNCadAddins\DDNCadAddins.csproj]
D:\leaveblackgithub\DDNCadAddins\src\DDNCadAddins\DDNCadAddins\Commands\XClipTest\XClipTestValidator.cs(161,1): warning SA1028: Code should not contain trailing whitespace (https://github.com/DotNetAnalyzers/StyleCopAnalyzers/blob/master/documentation/SA1028.md) [D:\leaveblackgithub\DDNCadAddins\src\DDNCadAddins\DDNCadAddins\DDNCadAddins.csproj]
D:\leaveblackgithub\DDNCadAddins\src\DDNCadAddins\DDNCadAddins\Commands\XClipTest\XClipTestValidator.cs(167,1): warning SA1028: Code should not contain trailing whitespace (https://github.com/DotNetAnalyzers/StyleCopAnalyzers/blob/master/documentation/SA1028.md) [D:\leaveblackgithub\DDNCadAddins\src\DDNCadAddins\DDNCadAddins\DDNCadAddins.csproj]
D:\leaveblackgithub\DDNCadAddins\src\DDNCadAddins\DDNCadAddins\Commands\XClipTest\XClipTestValidator.cs(170,1): warning SA1028: Code should not contain trailing whitespace (https://github.com/DotNetAnalyzers/StyleCopAnalyzers/blob/master/documentation/SA1028.md) [D:\leaveblackgithub\DDNCadAddins\src\DDNCadAddins\DDNCadAddins\DDNCadAddins.csproj]
D:\leaveblackgithub\DDNCadAddins\src\DDNCadAddins\DDNCadAddins\Commands\XClipTest\XClipTestValidator.cs(176,1): warning SA1028: Code should not contain trailing whitespace (https://github.com/DotNetAnalyzers/StyleCopAnalyzers/blob/master/documentation/SA1028.md) [D:\leaveblackgithub\DDNCadAddins\src\DDNCadAddins\DDNCadAddins\DDNCadAddins.csproj]
D:\leaveblackgithub\DDNCadAddins\src\DDNCadAddins\DDNCadAddins\Commands\XClipTest\XClipTestValidator.cs(183,1): warning SA1028: Code should not contain trailing whitespace (https://github.com/DotNetAnalyzers/StyleCopAnalyzers/blob/master/documentation/SA1028.md) [D:\leaveblackgithub\DDNCadAddins\src\DDNCadAddins\DDNCadAddins\DDNCadAddins.csproj]
D:\leaveblackgithub\DDNCadAddins\src\DDNCadAddins\DDNCadAddins\Commands\XClipTest\XClipTestValidator.cs(188,1): warning SA1028: Code should not contain trailing whitespace (https://github.com/DotNetAnalyzers/StyleCopAnalyzers/blob/master/documentation/SA1028.md) [D:\leaveblackgithub\DDNCadAddins\src\DDNCadAddins\DDNCadAddins\DDNCadAddins.csproj]
D:\leaveblackgithub\DDNCadAddins\src\DDNCadAddins\DDNCadAddins\Commands\XClipTest\XClipTestValidator.cs(199,1): warning SA1028: Code should not contain trailing whitespace (https://github.com/DotNetAnalyzers/StyleCopAnalyzers/blob/master/documentation/SA1028.md) [D:\leaveblackgithub\DDNCadAddins\src\DDNCadAddins\DDNCadAddins\DDNCadAddins.csproj]
D:\leaveblackgithub\DDNCadAddins\src\DDNCadAddins\DDNCadAddins\Commands\XClipTest\XClipTestValidator.cs(205,1): warning SA1028: Code should not contain trailing whitespace (https://github.com/DotNetAnalyzers/StyleCopAnalyzers/blob/master/documentation/SA1028.md) [D:\leaveblackgithub\DDNCadAddins\src\DDNCadAddins\DDNCadAddins\DDNCadAddins.csproj]
D:\leaveblackgithub\DDNCadAddins\src\DDNCadAddins\DDNCadAddins\Commands\XClipTest\XClipTestValidator.cs(213,1): warning SA1028: Code should not contain trailing whitespace (https://github.com/DotNetAnalyzers/StyleCopAnalyzers/blob/master/documentation/SA1028.md) [D:\leaveblackgithub\DDNCadAddins\src\DDNCadAddins\DDNCadAddins\DDNCadAddins.csproj]
D:\leaveblackgithub\DDNCadAddins\src\DDNCadAddins\DDNCadAddins\Commands\XClipTest\XClipTestValidator.cs(216,1): warning SA1028: Code should not contain trailing whitespace (https://github.com/DotNetAnalyzers/StyleCopAnalyzers/blob/master/documentation/SA1028.md) [D:\leaveblackgithub\DDNCadAddins\src\DDNCadAddins\DDNCadAddins\DDNCadAddins.csproj]
D:\leaveblackgithub\DDNCadAddins\src\DDNCadAddins\DDNCadAddins\Commands\XClipTest\XClipTestValidator.cs(219,1): warning SA1028: Code should not contain trailing whitespace (https://github.com/DotNetAnalyzers/StyleCopAnalyzers/blob/master/documentation/SA1028.md) [D:\leaveblackgithub\DDNCadAddins\src\DDNCadAddins\DDNCadAddins\DDNCadAddins.csproj]
D:\leaveblackgithub\DDNCadAddins\src\DDNCadAddins\DDNCadAddins\Commands\XClipTest\XClipTestValidator.cs(222,1): warning SA1028: Code should not contain trailing whitespace (https://github.com/DotNetAnalyzers/StyleCopAnalyzers/blob/master/documentation/SA1028.md) [D:\leaveblackgithub\DDNCadAddins\src\DDNCadAddins\DDNCadAddins\DDNCadAddins.csproj]
D:\leaveblackgithub\DDNCadAddins\src\DDNCadAddins\DDNCadAddins\Commands\XClipTest\XClipTestValidator.cs(225,1): warning SA1028: Code should not contain trailing whitespace (https://github.com/DotNetAnalyzers/StyleCopAnalyzers/blob/master/documentation/SA1028.md) [D:\leaveblackgithub\DDNCadAddins\src\DDNCadAddins\DDNCadAddins\DDNCadAddins.csproj]
D:\leaveblackgithub\DDNCadAddins\src\DDNCadAddins\DDNCadAddins\Commands\XClipTest\XClipTestValidator.cs(228,1): warning SA1028: Code should not contain trailing whitespace (https://github.com/DotNetAnalyzers/StyleCopAnalyzers/blob/master/documentation/SA1028.md) [D:\leaveblackgithub\DDNCadAddins\src\DDNCadAddins\DDNCadAddins\DDNCadAddins.csproj]
D:\leaveblackgithub\DDNCadAddins\src\DDNCadAddins\DDNCadAddins\Commands\XClipTest\XClipTestValidator.cs(231,1): warning SA1028: Code should not contain trailing whitespace (https://github.com/DotNetAnalyzers/StyleCopAnalyzers/blob/master/documentation/SA1028.md) [D:\leaveblackgithub\DDNCadAddins\src\DDNCadAddins\DDNCadAddins\DDNCadAddins.csproj]
D:\leaveblackgithub\DDNCadAddins\src\DDNCadAddins\DDNCadAddins\Commands\XClipTest\XClipTestValidator.cs(240,1): warning SA1028: Code should not contain trailing whitespace (https://github.com/DotNetAnalyzers/StyleCopAnalyzers/blob/master/documentation/SA1028.md) [D:\leaveblackgithub\DDNCadAddins\src\DDNCadAddins\DDNCadAddins\DDNCadAddins.csproj]
D:\leaveblackgithub\DDNCadAddins\src\DDNCadAddins\DDNCadAddins\Commands\XClipTest\XClipTestValidator.cs(246,1): warning SA1028: Code should not contain trailing whitespace (https://github.com/DotNetAnalyzers/StyleCopAnalyzers/blob/master/documentation/SA1028.md) [D:\leaveblackgithub\DDNCadAddins\src\DDNCadAddins\DDNCadAddins\DDNCadAddins.csproj]
D:\leaveblackgithub\DDNCadAddins\src\DDNCadAddins\DDNCadAddins\Commands\XClipTest\XClipTestValidator.cs(260,1): warning SA1028: Code should not contain trailing whitespace (https://github.com/DotNetAnalyzers/StyleCopAnalyzers/blob/master/documentation/SA1028.md) [D:\leaveblackgithub\DDNCadAddins\src\DDNCadAddins\DDNCadAddins\DDNCadAddins.csproj]
D:\leaveblackgithub\DDNCadAddins\src\DDNCadAddins\DDNCadAddins\Commands\XClipTest\XClipTestValidator.cs(262,37): warning SA1028: Code should not contain trailing whitespace (https://github.com/DotNetAnalyzers/StyleCopAnalyzers/blob/master/documentation/SA1028.md) [D:\leaveblackgithub\DDNCadAddins\src\DDNCadAddins\DDNCadAddins\DDNCadAddins.csproj]
D:\leaveblackgithub\DDNCadAddins\src\DDNCadAddins\DDNCadAddins\Commands\XClipTest\XClipTestValidator.cs(266,1): warning SA1028: Code should not contain trailing whitespace (https://github.com/DotNetAnalyzers/StyleCopAnalyzers/blob/master/documentation/SA1028.md) [D:\leaveblackgithub\DDNCadAddins\src\DDNCadAddins\DDNCadAddins\DDNCadAddins.csproj]
D:\leaveblackgithub\DDNCadAddins\src\DDNCadAddins\DDNCadAddins\Commands\XClipTest\XClipTestValidator.cs(270,1): warning SA1028: Code should not contain trailing whitespace (https://github.com/DotNetAnalyzers/StyleCopAnalyzers/blob/master/documentation/SA1028.md) [D:\leaveblackgithub\DDNCadAddins\src\DDNCadAddins\DDNCadAddins\DDNCadAddins.csproj]
D:\leaveblackgithub\DDNCadAddins\src\DDNCadAddins\DDNCadAddins\Commands\XClipTest\XClipTestValidator.cs(274,1): warning SA1028: Code should not contain trailing whitespace (https://github.com/DotNetAnalyzers/StyleCopAnalyzers/blob/master/documentation/SA1028.md) [D:\leaveblackgithub\DDNCadAddins\src\DDNCadAddins\DDNCadAddins\DDNCadAddins.csproj]
D:\leaveblackgithub\DDNCadAddins\src\DDNCadAddins\DDNCadAddins\Commands\XClipTest\XClipTestValidator.cs(293,1): warning SA1028: Code should not contain trailing whitespace (https://github.com/DotNetAnalyzers/StyleCopAnalyzers/blob/master/documentation/SA1028.md) [D:\leaveblackgithub\DDNCadAddins\src\DDNCadAddins\DDNCadAddins\DDNCadAddins.csproj]
D:\leaveblackgithub\DDNCadAddins\src\DDNCadAddins\DDNCadAddins\Commands\XClipTest\XClipTestValidator.cs(297,1): warning SA1028: Code should not contain trailing whitespace (https://github.com/DotNetAnalyzers/StyleCopAnalyzers/blob/master/documentation/SA1028.md) [D:\leaveblackgithub\DDNCadAddins\src\DDNCadAddins\DDNCadAddins\DDNCadAddins.csproj]
D:\leaveblackgithub\DDNCadAddins\src\DDNCadAddins\DDNCadAddins\Commands\XClipTest\XClipTestValidator.cs(318,1): warning SA1028: Code should not contain trailing whitespace (https://github.com/DotNetAnalyzers/StyleCopAnalyzers/blob/master/documentation/SA1028.md) [D:\leaveblackgithub\DDNCadAddins\src\DDNCadAddins\DDNCadAddins\DDNCadAddins.csproj]
D:\leaveblackgithub\DDNCadAddins\src\DDNCadAddins\DDNCadAddins\Commands\XClipTest\XClipTestValidator.cs(322,1): warning SA1028: Code should not contain trailing whitespace (https://github.com/DotNetAnalyzers/StyleCopAnalyzers/blob/master/documentation/SA1028.md) [D:\leaveblackgithub\DDNCadAddins\src\DDNCadAddins\DDNCadAddins\DDNCadAddins.csproj]
D:\leaveblackgithub\DDNCadAddins\src\DDNCadAddins\DDNCadAddins\Commands\XClipTest\XClipTestValidator.cs(340,1): warning SA1028: Code should not contain trailing whitespace (https://github.com/DotNetAnalyzers/StyleCopAnalyzers/blob/master/documentation/SA1028.md) [D:\leaveblackgithub\DDNCadAddins\src\DDNCadAddins\DDNCadAddins\DDNCadAddins.csproj]
D:\leaveblackgithub\DDNCadAddins\src\DDNCadAddins\DDNCadAddins\Commands\XClipTest\XClipTestValidator.cs(344,1): warning SA1028: Code should not contain trailing whitespace (https://github.com/DotNetAnalyzers/StyleCopAnalyzers/blob/master/documentation/SA1028.md) [D:\leaveblackgithub\DDNCadAddins\src\DDNCadAddins\DDNCadAddins\DDNCadAddins.csproj]
D:\leaveblackgithub\DDNCadAddins\src\DDNCadAddins\DDNCadAddins\Commands\XClipTest\XClipTestValidator.cs(365,1): warning SA1028: Code should not contain trailing whitespace (https://github.com/DotNetAnalyzers/StyleCopAnalyzers/blob/master/documentation/SA1028.md) [D:\leaveblackgithub\DDNCadAddins\src\DDNCadAddins\DDNCadAddins\DDNCadAddins.csproj]
D:\leaveblackgithub\DDNCadAddins\src\DDNCadAddins\DDNCadAddins\Commands\XClipTest\XClipTestValidator.cs(368,1): warning SA1028: Code should not contain trailing whitespace (https://github.com/DotNetAnalyzers/StyleCopAnalyzers/blob/master/documentation/SA1028.md) [D:\leaveblackgithub\DDNCadAddins\src\DDNCadAddins\DDNCadAddins\DDNCadAddins.csproj]
D:\leaveblackgithub\DDNCadAddins\src\DDNCadAddins\DDNCadAddins\Commands\XClipTest\XClipTestValidator.cs(372,1): warning SA1028: Code should not contain trailing whitespace (https://github.com/DotNetAnalyzers/StyleCopAnalyzers/blob/master/documentation/SA1028.md) [D:\leaveblackgithub\DDNCadAddins\src\DDNCadAddins\DDNCadAddins\DDNCadAddins.csproj]
D:\leaveblackgithub\DDNCadAddins\src\DDNCadAddins\DDNCadAddins\Commands\XClipTest\XClipTestValidator.cs(376,1): warning SA1028: Code should not contain trailing whitespace (https://github.com/DotNetAnalyzers/StyleCopAnalyzers/blob/master/documentation/SA1028.md) [D:\leaveblackgithub\DDNCadAddins\src\DDNCadAddins\DDNCadAddins\DDNCadAddins.csproj]
D:\leaveblackgithub\DDNCadAddins\src\DDNCadAddins\DDNCadAddins\Commands\XClipTest\XClipTestValidator.cs(396,1): warning SA1028: Code should not contain trailing whitespace (https://github.com/DotNetAnalyzers/StyleCopAnalyzers/blob/master/documentation/SA1028.md) [D:\leaveblackgithub\DDNCadAddins\src\DDNCadAddins\DDNCadAddins\DDNCadAddins.csproj]
D:\leaveblackgithub\DDNCadAddins\src\DDNCadAddins\DDNCadAddins\Commands\XClipTest\XClipTestValidator.cs(416,1): warning SA1028: Code should not contain trailing whitespace (https://github.com/DotNetAnalyzers/StyleCopAnalyzers/blob/master/documentation/SA1028.md) [D:\leaveblackgithub\DDNCadAddins\src\DDNCadAddins\DDNCadAddins\DDNCadAddins.csproj]
D:\leaveblackgithub\DDNCadAddins\src\DDNCadAddins\DDNCadAddins\Commands\XClipTest\XClipTestValidator.cs(426,2): warning SA1028: Code should not contain trailing whitespace (https://github.com/DotNetAnalyzers/StyleCopAnalyzers/blob/master/documentation/SA1028.md) [D:\leaveblackgithub\DDNCadAddins\src\DDNCadAddins\DDNCadAddins\DDNCadAddins.csproj]
D:\leaveblackgithub\DDNCadAddins\src\DDNCadAddins\DDNCadAddins\Commands\TestRunner.cs(1,1): warning SA1633: The file header is missing or not located at the top of the file. (https://github.com/DotNetAnalyzers/StyleCopAnalyzers/blob/master/documentation/SA1633.md) [D:\leaveblackgithub\DDNCadAddins\src\DDNCadAddins\DDNCadAddins\DDNCadAddins.csproj]
D:\leaveblackgithub\DDNCadAddins\src\DDNCadAddins\DDNCadAddins\Commands\CreateXClippedBlockCommand.cs(42,13): warning SA1101: Prefix local calls with this (https://github.com/DotNetAnalyzers/StyleCopAnalyzers/blob/master/documentation/SA1101.md) [D:\leaveblackgithub\DDNCadAddins\src\DDNCadAddins\DDNCadAddins\DDNCadAddins.csproj]
D:\leaveblackgithub\DDNCadAddins\src\DDNCadAddins\DDNCadAddins\Commands\FindXClippedBlocksCommand.cs(58,13): warning SA1101: Prefix local calls with this (https://github.com/DotNetAnalyzers/StyleCopAnalyzers/blob/master/documentation/SA1101.md) [D:\leaveblackgithub\DDNCadAddins\src\DDNCadAddins\DDNCadAddins\DDNCadAddins.csproj]
D:\leaveblackgithub\DDNCadAddins\src\DDNCadAddins\DDNCadAddins\Commands\CreateXClippedBlockCommand.cs(42,51): warning SA1101: Prefix local calls with this (https://github.com/DotNetAnalyzers/StyleCopAnalyzers/blob/master/documentation/SA1101.md) [D:\leaveblackgithub\DDNCadAddins\src\DDNCadAddins\DDNCadAddins\DDNCadAddins.csproj]
D:\leaveblackgithub\DDNCadAddins\src\DDNCadAddins\DDNCadAddins\Commands\CreateXClippedBlockCommand.cs(42,64): warning SA1101: Prefix local calls with this (https://github.com/DotNetAnalyzers/StyleCopAnalyzers/blob/master/documentation/SA1101.md) [D:\leaveblackgithub\DDNCadAddins\src\DDNCadAddins\DDNCadAddins\DDNCadAddins.csproj]
D:\leaveblackgithub\DDNCadAddins\src\DDNCadAddins\DDNCadAddins\Commands\CreateXClippedBlockCommand.cs(43,13): warning SA1101: Prefix local calls with this (https://github.com/DotNetAnalyzers/StyleCopAnalyzers/blob/master/documentation/SA1101.md) [D:\leaveblackgithub\DDNCadAddins\src\DDNCadAddins\DDNCadAddins\DDNCadAddins.csproj]
D:\leaveblackgithub\DDNCadAddins\src\DDNCadAddins\DDNCadAddins\Commands\CreateXClippedBlockCommand.cs(40,45): warning SA1128: Put constructor initializers on their own line (https://github.com/DotNetAnalyzers/StyleCopAnalyzers/blob/master/documentation/SA1128.md) [D:\leaveblackgithub\DDNCadAddins\src\DDNCadAddins\DDNCadAddins\DDNCadAddins.csproj]
D:\leaveblackgithub\DDNCadAddins\src\DDNCadAddins\DDNCadAddins\Commands\XClipTestCommand.cs(52,13): warning SA1101: Prefix local calls with this (https://github.com/DotNetAnalyzers/StyleCopAnalyzers/blob/master/documentation/SA1101.md) [D:\leaveblackgithub\DDNCadAddins\src\DDNCadAddins\DDNCadAddins\DDNCadAddins.csproj]
D:\leaveblackgithub\DDNCadAddins\src\DDNCadAddins\DDNCadAddins\Commands\XClipTestCommand.cs(53,13): warning SA1101: Prefix local calls with this (https://github.com/DotNetAnalyzers/StyleCopAnalyzers/blob/master/documentation/SA1101.md) [D:\leaveblackgithub\DDNCadAddins\src\DDNCadAddins\DDNCadAddins\DDNCadAddins.csproj]
D:\leaveblackgithub\DDNCadAddins\src\DDNCadAddins\DDNCadAddins\Commands\CreateXClippedBlockCommand.cs(52,13): warning SA1101: Prefix local calls with this (https://github.com/DotNetAnalyzers/StyleCopAnalyzers/blob/master/documentation/SA1101.md) [D:\leaveblackgithub\DDNCadAddins\src\DDNCadAddins\DDNCadAddins\DDNCadAddins.csproj]
D:\leaveblackgithub\DDNCadAddins\src\DDNCadAddins\DDNCadAddins\Commands\XClipCommand.cs(42,13): warning SA1101: Prefix local calls with this (https://github.com/DotNetAnalyzers/StyleCopAnalyzers/blob/master/documentation/SA1101.md) [D:\leaveblackgithub\DDNCadAddins\src\DDNCadAddins\DDNCadAddins\DDNCadAddins.csproj]
D:\leaveblackgithub\DDNCadAddins\src\DDNCadAddins\DDNCadAddins\Commands\XClipCommand.cs(43,13): warning SA1101: Prefix local calls with this (https://github.com/DotNetAnalyzers/StyleCopAnalyzers/blob/master/documentation/SA1101.md) [D:\leaveblackgithub\DDNCadAddins\src\DDNCadAddins\DDNCadAddins\DDNCadAddins.csproj]
D:\leaveblackgithub\DDNCadAddins\src\DDNCadAddins\DDNCadAddins\Commands\XClipTestCommand.cs(62,13): warning SA1101: Prefix local calls with this (https://github.com/DotNetAnalyzers/StyleCopAnalyzers/blob/master/documentation/SA1101.md) [D:\leaveblackgithub\DDNCadAddins\src\DDNCadAddins\DDNCadAddins\DDNCadAddins.csproj]
D:\leaveblackgithub\DDNCadAddins\src\DDNCadAddins\DDNCadAddins\Commands\XClipTestCommand.cs(63,13): warning SA1101: Prefix local calls with this (https://github.com/DotNetAnalyzers/StyleCopAnalyzers/blob/master/documentation/SA1101.md) [D:\leaveblackgithub\DDNCadAddins\src\DDNCadAddins\DDNCadAddins\DDNCadAddins.csproj]
D:\leaveblackgithub\DDNCadAddins\src\DDNCadAddins\DDNCadAddins\Commands\XClipCommand.cs(52,13): warning SA1101: Prefix local calls with this (https://github.com/DotNetAnalyzers/StyleCopAnalyzers/blob/master/documentation/SA1101.md) [D:\leaveblackgithub\DDNCadAddins\src\DDNCadAddins\DDNCadAddins\DDNCadAddins.csproj]
D:\leaveblackgithub\DDNCadAddins\src\DDNCadAddins\DDNCadAddins\Commands\XClipCommand.cs(53,13): warning SA1101: Prefix local calls with this (https://github.com/DotNetAnalyzers/StyleCopAnalyzers/blob/master/documentation/SA1101.md) [D:\leaveblackgithub\DDNCadAddins\src\DDNCadAddins\DDNCadAddins\DDNCadAddins.csproj]
D:\leaveblackgithub\DDNCadAddins\src\DDNCadAddins\DDNCadAddins\Commands\XClipTestCommand.cs(72,13): warning SA1101: Prefix local calls with this (https://github.com/DotNetAnalyzers/StyleCopAnalyzers/blob/master/documentation/SA1101.md) [D:\leaveblackgithub\DDNCadAddins\src\DDNCadAddins\DDNCadAddins\DDNCadAddins.csproj]
D:\leaveblackgithub\DDNCadAddins\src\DDNCadAddins\DDNCadAddins\Commands\XClipTestCommand.cs(73,13): warning SA1101: Prefix local calls with this (https://github.com/DotNetAnalyzers/StyleCopAnalyzers/blob/master/documentation/SA1101.md) [D:\leaveblackgithub\DDNCadAddins\src\DDNCadAddins\DDNCadAddins\DDNCadAddins.csproj]
D:\leaveblackgithub\DDNCadAddins\src\DDNCadAddins\DDNCadAddins\Commands\XClipCommand.cs(62,13): warning SA1101: Prefix local calls with this (https://github.com/DotNetAnalyzers/StyleCopAnalyzers/blob/master/documentation/SA1101.md) [D:\leaveblackgithub\DDNCadAddins\src\DDNCadAddins\DDNCadAddins\DDNCadAddins.csproj]
D:\leaveblackgithub\DDNCadAddins\src\DDNCadAddins\DDNCadAddins\Commands\XClipCommand.cs(63,13): warning SA1101: Prefix local calls with this (https://github.com/DotNetAnalyzers/StyleCopAnalyzers/blob/master/documentation/SA1101.md) [D:\leaveblackgithub\DDNCadAddins\src\DDNCadAddins\DDNCadAddins\DDNCadAddins.csproj]
D:\leaveblackgithub\DDNCadAddins\src\DDNCadAddins\DDNCadAddins\Commands\XClipTestCommand.cs(82,13): warning SA1101: Prefix local calls with this (https://github.com/DotNetAnalyzers/StyleCopAnalyzers/blob/master/documentation/SA1101.md) [D:\leaveblackgithub\DDNCadAddins\src\DDNCadAddins\DDNCadAddins\DDNCadAddins.csproj]
D:\leaveblackgithub\DDNCadAddins\src\DDNCadAddins\DDNCadAddins\Commands\XClipTestCommand.cs(83,13): warning SA1101: Prefix local calls with this (https://github.com/DotNetAnalyzers/StyleCopAnalyzers/blob/master/documentation/SA1101.md) [D:\leaveblackgithub\DDNCadAddins\src\DDNCadAddins\DDNCadAddins\DDNCadAddins.csproj]
D:\leaveblackgithub\DDNCadAddins\src\DDNCadAddins\DDNCadAddins\Commands\XClipCommand.cs(72,13): warning SA1101: Prefix local calls with this (https://github.com/DotNetAnalyzers/StyleCopAnalyzers/blob/master/documentation/SA1101.md) [D:\leaveblackgithub\DDNCadAddins\src\DDNCadAddins\DDNCadAddins\DDNCadAddins.csproj]
D:\leaveblackgithub\DDNCadAddins\src\DDNCadAddins\DDNCadAddins\Commands\XClipCommand.cs(73,13): warning SA1101: Prefix local calls with this (https://github.com/DotNetAnalyzers/StyleCopAnalyzers/blob/master/documentation/SA1101.md) [D:\leaveblackgithub\DDNCadAddins\src\DDNCadAddins\DDNCadAddins\DDNCadAddins.csproj]
D:\leaveblackgithub\DDNCadAddins\src\DDNCadAddins\DDNCadAddins\Commands\TestRunner.cs(156,14): warning SA1513: Closing brace should be followed by blank line (https://github.com/DotNetAnalyzers/StyleCopAnalyzers/blob/master/documentation/SA1513.md) [D:\leaveblackgithub\DDNCadAddins\src\DDNCadAddins\DDNCadAddins\DDNCadAddins.csproj]
D:\leaveblackgithub\DDNCadAddins\src\DDNCadAddins\DDNCadAddins\Commands\XClipTestCommand.cs(92,13): warning SA1101: Prefix local calls with this (https://github.com/DotNetAnalyzers/StyleCopAnalyzers/blob/master/documentation/SA1101.md) [D:\leaveblackgithub\DDNCadAddins\src\DDNCadAddins\DDNCadAddins\DDNCadAddins.csproj]
D:\leaveblackgithub\DDNCadAddins\src\DDNCadAddins\DDNCadAddins\Commands\TestRunner.cs(651,26): warning SA1513: Closing brace should be followed by blank line (https://github.com/DotNetAnalyzers/StyleCopAnalyzers/blob/master/documentation/SA1513.md) [D:\leaveblackgithub\DDNCadAddins\src\DDNCadAddins\DDNCadAddins\DDNCadAddins.csproj]
D:\leaveblackgithub\DDNCadAddins\src\DDNCadAddins\DDNCadAddins\Commands\TestRunner.cs(666,26): warning SA1513: Closing brace should be followed by blank line (https://github.com/DotNetAnalyzers/StyleCopAnalyzers/blob/master/documentation/SA1513.md) [D:\leaveblackgithub\DDNCadAddins\src\DDNCadAddins\DDNCadAddins\DDNCadAddins.csproj]
D:\leaveblackgithub\DDNCadAddins\src\DDNCadAddins\DDNCadAddins\Commands\XClipTestCommand.cs(93,13): warning SA1101: Prefix local calls with this (https://github.com/DotNetAnalyzers/StyleCopAnalyzers/blob/master/documentation/SA1101.md) [D:\leaveblackgithub\DDNCadAddins\src\DDNCadAddins\DDNCadAddins\DDNCadAddins.csproj]
D:\leaveblackgithub\DDNCadAddins\src\DDNCadAddins\DDNCadAddins\Commands\TestRunner.cs(676,22): warning SA1513: Closing brace should be followed by blank line (https://github.com/DotNetAnalyzers/StyleCopAnalyzers/blob/master/documentation/SA1513.md) [D:\leaveblackgithub\DDNCadAddins\src\DDNCadAddins\DDNCadAddins\DDNCadAddins.csproj]
D:\leaveblackgithub\DDNCadAddins\src\DDNCadAddins\DDNCadAddins\Commands\TestRunner.cs(713,26): warning SA1513: Closing brace should be followed by blank line (https://github.com/DotNetAnalyzers/StyleCopAnalyzers/blob/master/documentation/SA1513.md) [D:\leaveblackgithub\DDNCadAddins\src\DDNCadAddins\DDNCadAddins\DDNCadAddins.csproj]
D:\leaveblackgithub\DDNCadAddins\src\DDNCadAddins\DDNCadAddins\Commands\TestRunner.cs(15,1): warning SA1515: Single-line comment should be preceded by blank line (https://github.com/DotNetAnalyzers/StyleCopAnalyzers/blob/master/documentation/SA1515.md) [D:\leaveblackgithub\DDNCadAddins\src\DDNCadAddins\DDNCadAddins\DDNCadAddins.csproj]
D:\leaveblackgithub\DDNCadAddins\src\DDNCadAddins\DDNCadAddins\DDNCadAppLoader.cs(48,13): warning CA1031: 请修改“Initialize”以捕获更具体的允许异常类型，或者重新抛出该异常 (https://docs.microsoft.com/dotnet/fundamentals/code-analysis/quality-rules/ca1031) [D:\leaveblackgithub\DDNCadAddins\src\DDNCadAddins\DDNCadAddins\DDNCadAddins.csproj]
D:\leaveblackgithub\DDNCadAddins\src\DDNCadAddins\DDNCadAddins\Commands\XClipTestCommand.cs(102,13): warning SA1101: Prefix local calls with this (https://github.com/DotNetAnalyzers/StyleCopAnalyzers/blob/master/documentation/SA1101.md) [D:\leaveblackgithub\DDNCadAddins\src\DDNCadAddins\DDNCadAddins\DDNCadAddins.csproj]
D:\leaveblackgithub\DDNCadAddins\src\DDNCadAddins\DDNCadAddins\Commands\XClipTestCommand.cs(103,13): warning SA1101: Prefix local calls with this (https://github.com/DotNetAnalyzers/StyleCopAnalyzers/blob/master/documentation/SA1101.md) [D:\leaveblackgithub\DDNCadAddins\src\DDNCadAddins\DDNCadAddins\DDNCadAddins.csproj]
D:\leaveblackgithub\DDNCadAddins\src\DDNCadAddins\DDNCadAddins\Commands\TestRunner.cs(151,26): warning SA1101: Prefix local calls with this (https://github.com/DotNetAnalyzers/StyleCopAnalyzers/blob/master/documentation/SA1101.md) [D:\leaveblackgithub\DDNCadAddins\src\DDNCadAddins\DDNCadAddins\DDNCadAddins.csproj]
D:\leaveblackgithub\DDNCadAddins\src\DDNCadAddins\DDNCadAddins\Commands\TestRunner.cs(154,17): warning SA1101: Prefix local calls with this (https://github.com/DotNetAnalyzers/StyleCopAnalyzers/blob/master/documentation/SA1101.md) [D:\leaveblackgithub\DDNCadAddins\src\DDNCadAddins\DDNCadAddins\DDNCadAddins.csproj]
D:\leaveblackgithub\DDNCadAddins\src\DDNCadAddins\DDNCadAddins\Commands\TestRunner.cs(869,27): warning SA1402: File may only contain a single type (https://github.com/DotNetAnalyzers/StyleCopAnalyzers/blob/master/documentation/SA1402.md) [D:\leaveblackgithub\DDNCadAddins\src\DDNCadAddins\DDNCadAddins\DDNCadAddins.csproj]
D:\leaveblackgithub\DDNCadAddins\src\DDNCadAddins\DDNCadAddins\Commands\TestRunner.cs(901,27): warning SA1402: File may only contain a single type (https://github.com/DotNetAnalyzers/StyleCopAnalyzers/blob/master/documentation/SA1402.md) [D:\leaveblackgithub\DDNCadAddins\src\DDNCadAddins\DDNCadAddins\DDNCadAddins.csproj]
D:\leaveblackgithub\DDNCadAddins\src\DDNCadAddins\DDNCadAddins\Commands\Blk2CsvCommand.cs(43,13): warning SA1100: Do not prefix calls with base unless local implementation exists (https://github.com/DotNetAnalyzers/StyleCopAnalyzers/blob/master/documentation/SA1100.md) [D:\leaveblackgithub\DDNCadAddins\src\DDNCadAddins\DDNCadAddins\DDNCadAddins.csproj]
D:\leaveblackgithub\DDNCadAddins\src\DDNCadAddins\DDNCadAddins\Commands\Blk2CsvCommand.cs(42,13): warning SA1101: Prefix local calls with this (https://github.com/DotNetAnalyzers/StyleCopAnalyzers/blob/master/documentation/SA1101.md) [D:\leaveblackgithub\DDNCadAddins\src\DDNCadAddins\DDNCadAddins\DDNCadAddins.csproj]
D:\leaveblackgithub\DDNCadAddins\src\DDNCadAddins\DDNCadAddins\Commands\Blk2CsvCommand.cs(53,13): warning SA1100: Do not prefix calls with base unless local implementation exists (https://github.com/DotNetAnalyzers/StyleCopAnalyzers/blob/master/documentation/SA1100.md) [D:\leaveblackgithub\DDNCadAddins\src\DDNCadAddins\DDNCadAddins\DDNCadAddins.csproj]
D:\leaveblackgithub\DDNCadAddins\src\DDNCadAddins\DDNCadAddins\Commands\Blk2CsvCommand.cs(52,13): warning SA1101: Prefix local calls with this (https://github.com/DotNetAnalyzers/StyleCopAnalyzers/blob/master/documentation/SA1101.md) [D:\leaveblackgithub\DDNCadAddins\src\DDNCadAddins\DDNCadAddins\DDNCadAddins.csproj]
D:\leaveblackgithub\DDNCadAddins\src\DDNCadAddins\DDNCadAddins\Commands\OpenXClipLogCommand.cs(58,17): warning SA1101: Prefix local calls with this (https://github.com/DotNetAnalyzers/StyleCopAnalyzers/blob/master/documentation/SA1101.md) [D:\leaveblackgithub\DDNCadAddins\src\DDNCadAddins\DDNCadAddins\DDNCadAddins.csproj]
D:\leaveblackgithub\DDNCadAddins\src\DDNCadAddins\DDNCadAddins\Commands\OpenXClipLogCommand.cs(62,17): warning SA1101: Prefix local calls with this (https://github.com/DotNetAnalyzers/StyleCopAnalyzers/blob/master/documentation/SA1101.md) [D:\leaveblackgithub\DDNCadAddins\src\DDNCadAddins\DDNCadAddins\DDNCadAddins.csproj]
D:\leaveblackgithub\DDNCadAddins\src\DDNCadAddins\DDNCadAddins\Commands\CreateXClippedBlockCommand.cs(60,23): warning SA1101: Prefix local calls with this (https://github.com/DotNetAnalyzers/StyleCopAnalyzers/blob/master/documentation/SA1101.md) [D:\leaveblackgithub\DDNCadAddins\src\DDNCadAddins\DDNCadAddins\DDNCadAddins.csproj]
D:\leaveblackgithub\DDNCadAddins\src\DDNCadAddins\DDNCadAddins\Commands\CreateXClippedBlockCommand.cs(63,13): warning SA1101: Prefix local calls with this (https://github.com/DotNetAnalyzers/StyleCopAnalyzers/blob/master/documentation/SA1101.md) [D:\leaveblackgithub\DDNCadAddins\src\DDNCadAddins\DDNCadAddins\DDNCadAddins.csproj]
D:\leaveblackgithub\DDNCadAddins\src\DDNCadAddins\DDNCadAddins\Commands\CreateXClippedBlockCommand.cs(65,26): warning SA1101: Prefix local calls with this (https://github.com/DotNetAnalyzers/StyleCopAnalyzers/blob/master/documentation/SA1101.md) [D:\leaveblackgithub\DDNCadAddins\src\DDNCadAddins\DDNCadAddins\DDNCadAddins.csproj]
D:\leaveblackgithub\DDNCadAddins\src\DDNCadAddins\DDNCadAddins\Commands\CreateXClippedBlockCommand.cs(70,17): warning SA1101: Prefix local calls with this (https://github.com/DotNetAnalyzers/StyleCopAnalyzers/blob/master/documentation/SA1101.md) [D:\leaveblackgithub\DDNCadAddins\src\DDNCadAddins\DDNCadAddins\DDNCadAddins.csproj]
D:\leaveblackgithub\DDNCadAddins\src\DDNCadAddins\DDNCadAddins\Commands\CreateXClippedBlockCommand.cs(73,17): warning SA1101: Prefix local calls with this (https://github.com/DotNetAnalyzers/StyleCopAnalyzers/blob/master/documentation/SA1101.md) [D:\leaveblackgithub\DDNCadAddins\src\DDNCadAddins\DDNCadAddins\DDNCadAddins.csproj]
D:\leaveblackgithub\DDNCadAddins\src\DDNCadAddins\DDNCadAddins\Commands\CreateXClippedBlockCommand.cs(77,17): warning SA1101: Prefix local calls with this (https://github.com/DotNetAnalyzers/StyleCopAnalyzers/blob/master/documentation/SA1101.md) [D:\leaveblackgithub\DDNCadAddins\src\DDNCadAddins\DDNCadAddins\DDNCadAddins.csproj]
D:\leaveblackgithub\DDNCadAddins\src\DDNCadAddins\DDNCadAddins\Commands\CreateXClippedBlockCommand.cs(78,17): warning SA1101: Prefix local calls with this (https://github.com/DotNetAnalyzers/StyleCopAnalyzers/blob/master/documentation/SA1101.md) [D:\leaveblackgithub\DDNCadAddins\src\DDNCadAddins\DDNCadAddins\DDNCadAddins.csproj]
D:\leaveblackgithub\DDNCadAddins\src\DDNCadAddins\DDNCadAddins\Commands\CreateXClippedBlockCommand.cs(79,17): warning SA1101: Prefix local calls with this (https://github.com/DotNetAnalyzers/StyleCopAnalyzers/blob/master/documentation/SA1101.md) [D:\leaveblackgithub\DDNCadAddins\src\DDNCadAddins\DDNCadAddins\DDNCadAddins.csproj]
D:\leaveblackgithub\DDNCadAddins\src\DDNCadAddins\DDNCadAddins\Commands\CreateXClippedBlockCommand.cs(80,17): warning SA1101: Prefix local calls with this (https://github.com/DotNetAnalyzers/StyleCopAnalyzers/blob/master/documentation/SA1101.md) [D:\leaveblackgithub\DDNCadAddins\src\DDNCadAddins\DDNCadAddins\DDNCadAddins.csproj]
D:\leaveblackgithub\DDNCadAddins\src\DDNCadAddins\DDNCadAddins\Commands\CreateXClippedBlockCommand.cs(81,17): warning SA1101: Prefix local calls with this (https://github.com/DotNetAnalyzers/StyleCopAnalyzers/blob/master/documentation/SA1101.md) [D:\leaveblackgithub\DDNCadAddins\src\DDNCadAddins\DDNCadAddins\DDNCadAddins.csproj]
D:\leaveblackgithub\DDNCadAddins\src\DDNCadAddins\DDNCadAddins\Commands\XClipTestCommand.cs(112,13): warning SA1101: Prefix local calls with this (https://github.com/DotNetAnalyzers/StyleCopAnalyzers/blob/master/documentation/SA1101.md) [D:\leaveblackgithub\DDNCadAddins\src\DDNCadAddins\DDNCadAddins\DDNCadAddins.csproj]
D:\leaveblackgithub\DDNCadAddins\src\DDNCadAddins\DDNCadAddins\Commands\XClipTestCommand.cs(113,13): warning SA1101: Prefix local calls with this (https://github.com/DotNetAnalyzers/StyleCopAnalyzers/blob/master/documentation/SA1101.md) [D:\leaveblackgithub\DDNCadAddins\src\DDNCadAddins\DDNCadAddins\DDNCadAddins.csproj]
D:\leaveblackgithub\DDNCadAddins\src\DDNCadAddins\DDNCadAddins\Commands\Blk2CsvCommand.cs(61,13): warning SA1101: Prefix local calls with this (https://github.com/DotNetAnalyzers/StyleCopAnalyzers/blob/master/documentation/SA1101.md) [D:\leaveblackgithub\DDNCadAddins\src\DDNCadAddins\DDNCadAddins\DDNCadAddins.csproj]
D:\leaveblackgithub\DDNCadAddins\src\DDNCadAddins\DDNCadAddins\Commands\Blk2CsvCommand.cs(61,31): warning SA1101: Prefix local calls with this (https://github.com/DotNetAnalyzers/StyleCopAnalyzers/blob/master/documentation/SA1101.md) [D:\leaveblackgithub\DDNCadAddins\src\DDNCadAddins\DDNCadAddins\DDNCadAddins.csproj]
D:\leaveblackgithub\DDNCadAddins\src\DDNCadAddins\DDNCadAddins\Commands\Blk2CsvCommand.cs(64,13): warning SA1101: Prefix local calls with this (https://github.com/DotNetAnalyzers/StyleCopAnalyzers/blob/master/documentation/SA1101.md) [D:\leaveblackgithub\DDNCadAddins\src\DDNCadAddins\DDNCadAddins\DDNCadAddins.csproj]
D:\leaveblackgithub\DDNCadAddins\src\DDNCadAddins\DDNCadAddins\Commands\Blk2CsvCommand.cs(66,13): warning SA1101: Prefix local calls with this (https://github.com/DotNetAnalyzers/StyleCopAnalyzers/blob/master/documentation/SA1101.md) [D:\leaveblackgithub\DDNCadAddins\src\DDNCadAddins\DDNCadAddins\DDNCadAddins.csproj]
D:\leaveblackgithub\DDNCadAddins\src\DDNCadAddins\DDNCadAddins\Commands\TestRunner.cs(165,13): warning SA1101: Prefix local calls with this (https://github.com/DotNetAnalyzers/StyleCopAnalyzers/blob/master/documentation/SA1101.md) [D:\leaveblackgithub\DDNCadAddins\src\DDNCadAddins\DDNCadAddins\DDNCadAddins.csproj]
D:\leaveblackgithub\DDNCadAddins\src\DDNCadAddins\DDNCadAddins\Commands\CommandBase.cs(83,17): warning SA1101: Prefix local calls with this (https://github.com/DotNetAnalyzers/StyleCopAnalyzers/blob/master/documentation/SA1101.md) [D:\leaveblackgithub\DDNCadAddins\src\DDNCadAddins\DDNCadAddins\DDNCadAddins.csproj]
D:\leaveblackgithub\DDNCadAddins\src\DDNCadAddins\DDNCadAddins\Commands\CommandBase.cs(83,35): warning SA1101: Prefix local calls with this (https://github.com/DotNetAnalyzers/StyleCopAnalyzers/blob/master/documentation/SA1101.md) [D:\leaveblackgithub\DDNCadAddins\src\DDNCadAddins\DDNCadAddins\DDNCadAddins.csproj]
D:\leaveblackgithub\DDNCadAddins\src\DDNCadAddins\DDNCadAddins\Commands\CommandBase.cs(84,17): warning SA1101: Prefix local calls with this (https://github.com/DotNetAnalyzers/StyleCopAnalyzers/blob/master/documentation/SA1101.md) [D:\leaveblackgithub\DDNCadAddins\src\DDNCadAddins\DDNCadAddins\DDNCadAddins.csproj]
D:\leaveblackgithub\DDNCadAddins\src\DDNCadAddins\DDNCadAddins\Commands\CommandBase.cs(84,35): warning SA1101: Prefix local calls with this (https://github.com/DotNetAnalyzers/StyleCopAnalyzers/blob/master/documentation/SA1101.md) [D:\leaveblackgithub\DDNCadAddins\src\DDNCadAddins\DDNCadAddins\DDNCadAddins.csproj]
D:\leaveblackgithub\DDNCadAddins\src\DDNCadAddins\DDNCadAddins\Commands\CommandBase.cs(87,17): warning SA1101: Prefix local calls with this (https://github.com/DotNetAnalyzers/StyleCopAnalyzers/blob/master/documentation/SA1101.md) [D:\leaveblackgithub\DDNCadAddins\src\DDNCadAddins\DDNCadAddins\DDNCadAddins.csproj]
D:\leaveblackgithub\DDNCadAddins\src\DDNCadAddins\DDNCadAddins\Commands\CommandBase.cs(92,17): warning SA1101: Prefix local calls with this (https://github.com/DotNetAnalyzers/StyleCopAnalyzers/blob/master/documentation/SA1101.md) [D:\leaveblackgithub\DDNCadAddins\src\DDNCadAddins\DDNCadAddins\DDNCadAddins.csproj]
D:\leaveblackgithub\DDNCadAddins\src\DDNCadAddins\DDNCadAddins\Commands\CommandBase.cs(93,17): warning SA1101: Prefix local calls with this (https://github.com/DotNetAnalyzers/StyleCopAnalyzers/blob/master/documentation/SA1101.md) [D:\leaveblackgithub\DDNCadAddins\src\DDNCadAddins\DDNCadAddins\DDNCadAddins.csproj]
D:\leaveblackgithub\DDNCadAddins\src\DDNCadAddins\DDNCadAddins\Commands\CommandBase.cs(97,17): warning SA1101: Prefix local calls with this (https://github.com/DotNetAnalyzers/StyleCopAnalyzers/blob/master/documentation/SA1101.md) [D:\leaveblackgithub\DDNCadAddins\src\DDNCadAddins\DDNCadAddins\DDNCadAddins.csproj]
D:\leaveblackgithub\DDNCadAddins\src\DDNCadAddins\DDNCadAddins\Commands\CommandBase.cs(98,17): warning SA1101: Prefix local calls with this (https://github.com/DotNetAnalyzers/StyleCopAnalyzers/blob/master/documentation/SA1101.md) [D:\leaveblackgithub\DDNCadAddins\src\DDNCadAddins\DDNCadAddins\DDNCadAddins.csproj]
D:\leaveblackgithub\DDNCadAddins\src\DDNCadAddins\DDNCadAddins\Commands\FindXClippedBlocksCommand.cs(66,23): warning SA1101: Prefix local calls with this (https://github.com/DotNetAnalyzers/StyleCopAnalyzers/blob/master/documentation/SA1101.md) [D:\leaveblackgithub\DDNCadAddins\src\DDNCadAddins\DDNCadAddins\DDNCadAddins.csproj]
D:\leaveblackgithub\DDNCadAddins\src\DDNCadAddins\DDNCadAddins\Commands\FindXClippedBlocksCommand.cs(69,13): warning SA1101: Prefix local calls with this (https://github.com/DotNetAnalyzers/StyleCopAnalyzers/blob/master/documentation/SA1101.md) [D:\leaveblackgithub\DDNCadAddins\src\DDNCadAddins\DDNCadAddins\DDNCadAddins.csproj]
D:\leaveblackgithub\DDNCadAddins\src\DDNCadAddins\DDNCadAddins\Commands\FindXClippedBlocksCommand.cs(71,26): warning SA1101: Prefix local calls with this (https://github.com/DotNetAnalyzers/StyleCopAnalyzers/blob/master/documentation/SA1101.md) [D:\leaveblackgithub\DDNCadAddins\src\DDNCadAddins\DDNCadAddins\DDNCadAddins.csproj]
D:\leaveblackgithub\DDNCadAddins\src\DDNCadAddins\DDNCadAddins\Commands\TestRunner.cs(173,17): warning SA1503: Braces should not be omitted (https://github.com/DotNetAnalyzers/StyleCopAnalyzers/blob/master/documentation/SA1503.md) [D:\leaveblackgithub\DDNCadAddins\src\DDNCadAddins\DDNCadAddins\DDNCadAddins.csproj]
D:\leaveblackgithub\DDNCadAddins\src\DDNCadAddins\DDNCadAddins\Commands\FindXClippedBlocksCommand.cs(75,17): warning SA1101: Prefix local calls with this (https://github.com/DotNetAnalyzers/StyleCopAnalyzers/blob/master/documentation/SA1101.md) [D:\leaveblackgithub\DDNCadAddins\src\DDNCadAddins\DDNCadAddins\DDNCadAddins.csproj]
D:\leaveblackgithub\DDNCadAddins\src\DDNCadAddins\DDNCadAddins\Commands\FindXClippedBlocksCommand.cs(80,13): warning SA1101: Prefix local calls with this (https://github.com/DotNetAnalyzers/StyleCopAnalyzers/blob/master/documentation/SA1101.md) [D:\leaveblackgithub\DDNCadAddins\src\DDNCadAddins\DDNCadAddins\DDNCadAddins.csproj]
D:\leaveblackgithub\DDNCadAddins\src\DDNCadAddins\DDNCadAddins\Commands\FindXClippedBlocksCommand.cs(82,42): warning SA1101: Prefix local calls with this (https://github.com/DotNetAnalyzers/StyleCopAnalyzers/blob/master/documentation/SA1101.md) [D:\leaveblackgithub\DDNCadAddins\src\DDNCadAddins\DDNCadAddins\DDNCadAddins.csproj]
D:\leaveblackgithub\DDNCadAddins\src\DDNCadAddins\DDNCadAddins\Commands\FindXClippedBlocksCommand.cs(84,17): warning SA1101: Prefix local calls with this (https://github.com/DotNetAnalyzers/StyleCopAnalyzers/blob/master/documentation/SA1101.md) [D:\leaveblackgithub\DDNCadAddins\src\DDNCadAddins\DDNCadAddins\DDNCadAddins.csproj]
D:\leaveblackgithub\DDNCadAddins\src\DDNCadAddins\DDNCadAddins\Commands\TestRunner.cs(172,18): warning SA1101: Prefix local calls with this (https://github.com/DotNetAnalyzers/StyleCopAnalyzers/blob/master/documentation/SA1101.md) [D:\leaveblackgithub\DDNCadAddins\src\DDNCadAddins\DDNCadAddins\DDNCadAddins.csproj]
D:\leaveblackgithub\DDNCadAddins\src\DDNCadAddins\DDNCadAddins\Commands\TestRunner.cs(175,13): warning SA1101: Prefix local calls with this (https://github.com/DotNetAnalyzers/StyleCopAnalyzers/blob/master/documentation/SA1101.md) [D:\leaveblackgithub\DDNCadAddins\src\DDNCadAddins\DDNCadAddins\DDNCadAddins.csproj]
D:\leaveblackgithub\DDNCadAddins\src\DDNCadAddins\DDNCadAddins\Commands\XClipTest\TestCommandBase.cs(49,25): warning SA1101: Prefix local calls with this (https://github.com/DotNetAnalyzers/StyleCopAnalyzers/blob/master/documentation/SA1101.md) [D:\leaveblackgithub\DDNCadAddins\src\DDNCadAddins\DDNCadAddins\DDNCadAddins.csproj]
D:\leaveblackgithub\DDNCadAddins\src\DDNCadAddins\DDNCadAddins\Commands\CommandBase.cs(89,13): warning CA1031: 请修改“Execute”以捕获更具体的允许异常类型，或者重新抛出该异常 (https://docs.microsoft.com/dotnet/fundamentals/code-analysis/quality-rules/ca1031) [D:\leaveblackgithub\DDNCadAddins\src\DDNCadAddins\DDNCadAddins\DDNCadAddins.csproj]
D:\leaveblackgithub\DDNCadAddins\src\DDNCadAddins\DDNCadAddins\Commands\IsolateXClippedBlocksCommand.cs(63,23): warning SA1101: Prefix local calls with this (https://github.com/DotNetAnalyzers/StyleCopAnalyzers/blob/master/documentation/SA1101.md) [D:\leaveblackgithub\DDNCadAddins\src\DDNCadAddins\DDNCadAddins\DDNCadAddins.csproj]
D:\leaveblackgithub\DDNCadAddins\src\DDNCadAddins\DDNCadAddins\Commands\IsolateXClippedBlocksCommand.cs(66,13): warning SA1101: Prefix local calls with this (https://github.com/DotNetAnalyzers/StyleCopAnalyzers/blob/master/documentation/SA1101.md) [D:\leaveblackgithub\DDNCadAddins\src\DDNCadAddins\DDNCadAddins\DDNCadAddins.csproj]
D:\leaveblackgithub\DDNCadAddins\src\DDNCadAddins\DDNCadAddins\Commands\IsolateXClippedBlocksCommand.cs(68,26): warning SA1101: Prefix local calls with this (https://github.com/DotNetAnalyzers/StyleCopAnalyzers/blob/master/documentation/SA1101.md) [D:\leaveblackgithub\DDNCadAddins\src\DDNCadAddins\DDNCadAddins\DDNCadAddins.csproj]
D:\leaveblackgithub\DDNCadAddins\src\DDNCadAddins\DDNCadAddins\Commands\IsolateXClippedBlocksCommand.cs(72,17): warning SA1101: Prefix local calls with this (https://github.com/DotNetAnalyzers/StyleCopAnalyzers/blob/master/documentation/SA1101.md) [D:\leaveblackgithub\DDNCadAddins\src\DDNCadAddins\DDNCadAddins\DDNCadAddins.csproj]
D:\leaveblackgithub\DDNCadAddins\src\DDNCadAddins\DDNCadAddins\Commands\IsolateXClippedBlocksCommand.cs(78,17): warning SA1101: Prefix local calls with this (https://github.com/DotNetAnalyzers/StyleCopAnalyzers/blob/master/documentation/SA1101.md) [D:\leaveblackgithub\DDNCadAddins\src\DDNCadAddins\DDNCadAddins\DDNCadAddins.csproj]
D:\leaveblackgithub\DDNCadAddins\src\DDNCadAddins\DDNCadAddins\Commands\IsolateXClippedBlocksCommand.cs(83,13): warning SA1101: Prefix local calls with this (https://github.com/DotNetAnalyzers/StyleCopAnalyzers/blob/master/documentation/SA1101.md) [D:\leaveblackgithub\DDNCadAddins\src\DDNCadAddins\DDNCadAddins\DDNCadAddins.csproj]
D:\leaveblackgithub\DDNCadAddins\src\DDNCadAddins\DDNCadAddins\Commands\XClipTest\TestCommandBase.cs(62,25): warning SA1101: Prefix local calls with this (https://github.com/DotNetAnalyzers/StyleCopAnalyzers/blob/master/documentation/SA1101.md) [D:\leaveblackgithub\DDNCadAddins\src\DDNCadAddins\DDNCadAddins\DDNCadAddins.csproj]
D:\leaveblackgithub\DDNCadAddins\src\DDNCadAddins\DDNCadAddins\Commands\IsolateXClippedBlocksCommand.cs(87,33): warning SA1101: Prefix local calls with this (https://github.com/DotNetAnalyzers/StyleCopAnalyzers/blob/master/documentation/SA1101.md) [D:\leaveblackgithub\DDNCadAddins\src\DDNCadAddins\DDNCadAddins\DDNCadAddins.csproj]
D:\leaveblackgithub\DDNCadAddins\src\DDNCadAddins\DDNCadAddins\Commands\IsolateXClippedBlocksCommand.cs(91,17): warning SA1101: Prefix local calls with this (https://github.com/DotNetAnalyzers/StyleCopAnalyzers/blob/master/documentation/SA1101.md) [D:\leaveblackgithub\DDNCadAddins\src\DDNCadAddins\DDNCadAddins\DDNCadAddins.csproj]
D:\leaveblackgithub\DDNCadAddins\src\DDNCadAddins\DDNCadAddins\Commands\IsolateXClippedBlocksCommand.cs(95,17): warning SA1101: Prefix local calls with this (https://github.com/DotNetAnalyzers/StyleCopAnalyzers/blob/master/documentation/SA1101.md) [D:\leaveblackgithub\DDNCadAddins\src\DDNCadAddins\DDNCadAddins\DDNCadAddins.csproj]
D:\leaveblackgithub\DDNCadAddins\src\DDNCadAddins\DDNCadAddins\Commands\CommandBase.cs(113,20): warning SA1101: Prefix local calls with this (https://github.com/DotNetAnalyzers/StyleCopAnalyzers/blob/master/documentation/SA1101.md) [D:\leaveblackgithub\DDNCadAddins\src\DDNCadAddins\DDNCadAddins\DDNCadAddins.csproj]
D:\leaveblackgithub\DDNCadAddins\src\DDNCadAddins\DDNCadAddins\Commands\TestRunner.cs(76,1): warning SA1028: Code should not contain trailing whitespace (https://github.com/DotNetAnalyzers/StyleCopAnalyzers/blob/master/documentation/SA1028.md) [D:\leaveblackgithub\DDNCadAddins\src\DDNCadAddins\DDNCadAddins\DDNCadAddins.csproj]
D:\leaveblackgithub\DDNCadAddins\src\DDNCadAddins\DDNCadAddins\Commands\TestRunner.cs(83,1): warning SA1028: Code should not contain trailing whitespace (https://github.com/DotNetAnalyzers/StyleCopAnalyzers/blob/master/documentation/SA1028.md) [D:\leaveblackgithub\DDNCadAddins\src\DDNCadAddins\DDNCadAddins\DDNCadAddins.csproj]
D:\leaveblackgithub\DDNCadAddins\src\DDNCadAddins\DDNCadAddins\Commands\TestRunner.cs(86,1): warning SA1028: Code should not contain trailing whitespace (https://github.com/DotNetAnalyzers/StyleCopAnalyzers/blob/master/documentation/SA1028.md) [D:\leaveblackgithub\DDNCadAddins\src\DDNCadAddins\DDNCadAddins\DDNCadAddins.csproj]
D:\leaveblackgithub\DDNCadAddins\src\DDNCadAddins\DDNCadAddins\Commands\TestRunner.cs(134,1): warning SA1028: Code should not contain trailing whitespace (https://github.com/DotNetAnalyzers/StyleCopAnalyzers/blob/master/documentation/SA1028.md) [D:\leaveblackgithub\DDNCadAddins\src\DDNCadAddins\DDNCadAddins\DDNCadAddins.csproj]
D:\leaveblackgithub\DDNCadAddins\src\DDNCadAddins\DDNCadAddins\Commands\TestRunner.cs(144,1): warning SA1028: Code should not contain trailing whitespace (https://github.com/DotNetAnalyzers/StyleCopAnalyzers/blob/master/documentation/SA1028.md) [D:\leaveblackgithub\DDNCadAddins\src\DDNCadAddins\DDNCadAddins\DDNCadAddins.csproj]
D:\leaveblackgithub\DDNCadAddins\src\DDNCadAddins\DDNCadAddins\Commands\TestRunner.cs(159,1): warning SA1028: Code should not contain trailing whitespace (https://github.com/DotNetAnalyzers/StyleCopAnalyzers/blob/master/documentation/SA1028.md) [D:\leaveblackgithub\DDNCadAddins\src\DDNCadAddins\DDNCadAddins\DDNCadAddins.csproj]
D:\leaveblackgithub\DDNCadAddins\src\DDNCadAddins\DDNCadAddins\Commands\TestRunner.cs(167,1): warning SA1028: Code should not contain trailing whitespace (https://github.com/DotNetAnalyzers/StyleCopAnalyzers/blob/master/documentation/SA1028.md) [D:\leaveblackgithub\DDNCadAddins\src\DDNCadAddins\DDNCadAddins\DDNCadAddins.csproj]
D:\leaveblackgithub\DDNCadAddins\src\DDNCadAddins\DDNCadAddins\Commands\TestRunner.cs(174,1): warning SA1028: Code should not contain trailing whitespace (https://github.com/DotNetAnalyzers/StyleCopAnalyzers/blob/master/documentation/SA1028.md) [D:\leaveblackgithub\DDNCadAddins\src\DDNCadAddins\DDNCadAddins\DDNCadAddins.csproj]
D:\leaveblackgithub\DDNCadAddins\src\DDNCadAddins\DDNCadAddins\Commands\TestRunner.cs(177,1): warning SA1028: Code should not contain trailing whitespace (https://github.com/DotNetAnalyzers/StyleCopAnalyzers/blob/master/documentation/SA1028.md) [D:\leaveblackgithub\DDNCadAddins\src\DDNCadAddins\DDNCadAddins\DDNCadAddins.csproj]
D:\leaveblackgithub\DDNCadAddins\src\DDNCadAddins\DDNCadAddins\Commands\TestRunner.cs(185,1): warning SA1028: Code should not contain trailing whitespace (https://github.com/DotNetAnalyzers/StyleCopAnalyzers/blob/master/documentation/SA1028.md) [D:\leaveblackgithub\DDNCadAddins\src\DDNCadAddins\DDNCadAddins\DDNCadAddins.csproj]
D:\leaveblackgithub\DDNCadAddins\src\DDNCadAddins\DDNCadAddins\Commands\TestRunner.cs(192,1): warning SA1028: Code should not contain trailing whitespace (https://github.com/DotNetAnalyzers/StyleCopAnalyzers/blob/master/documentation/SA1028.md) [D:\leaveblackgithub\DDNCadAddins\src\DDNCadAddins\DDNCadAddins\DDNCadAddins.csproj]
D:\leaveblackgithub\DDNCadAddins\src\DDNCadAddins\DDNCadAddins\Commands\TestRunner.cs(195,1): warning SA1028: Code should not contain trailing whitespace (https://github.com/DotNetAnalyzers/StyleCopAnalyzers/blob/master/documentation/SA1028.md) [D:\leaveblackgithub\DDNCadAddins\src\DDNCadAddins\DDNCadAddins\DDNCadAddins.csproj]
D:\leaveblackgithub\DDNCadAddins\src\DDNCadAddins\DDNCadAddins\Commands\TestRunner.cs(198,1): warning SA1028: Code should not contain trailing whitespace (https://github.com/DotNetAnalyzers/StyleCopAnalyzers/blob/master/documentation/SA1028.md) [D:\leaveblackgithub\DDNCadAddins\src\DDNCadAddins\DDNCadAddins\DDNCadAddins.csproj]
D:\leaveblackgithub\DDNCadAddins\src\DDNCadAddins\DDNCadAddins\Commands\TestRunner.cs(201,1): warning SA1028: Code should not contain trailing whitespace (https://github.com/DotNetAnalyzers/StyleCopAnalyzers/blob/master/documentation/SA1028.md) [D:\leaveblackgithub\DDNCadAddins\src\DDNCadAddins\DDNCadAddins\DDNCadAddins.csproj]
D:\leaveblackgithub\DDNCadAddins\src\DDNCadAddins\DDNCadAddins\Commands\TestRunner.cs(205,1): warning SA1028: Code should not contain trailing whitespace (https://github.com/DotNetAnalyzers/StyleCopAnalyzers/blob/master/documentation/SA1028.md) [D:\leaveblackgithub\DDNCadAddins\src\DDNCadAddins\DDNCadAddins\DDNCadAddins.csproj]
D:\leaveblackgithub\DDNCadAddins\src\DDNCadAddins\DDNCadAddins\Commands\TestRunner.cs(208,1): warning SA1028: Code should not contain trailing whitespace (https://github.com/DotNetAnalyzers/StyleCopAnalyzers/blob/master/documentation/SA1028.md) [D:\leaveblackgithub\DDNCadAddins\src\DDNCadAddins\DDNCadAddins\DDNCadAddins.csproj]
D:\leaveblackgithub\DDNCadAddins\src\DDNCadAddins\DDNCadAddins\Commands\TestRunner.cs(225,1): warning SA1028: Code should not contain trailing whitespace (https://github.com/DotNetAnalyzers/StyleCopAnalyzers/blob/master/documentation/SA1028.md) [D:\leaveblackgithub\DDNCadAddins\src\DDNCadAddins\DDNCadAddins\DDNCadAddins.csproj]
D:\leaveblackgithub\DDNCadAddins\src\DDNCadAddins\DDNCadAddins\Commands\TestRunner.cs(232,1): warning SA1028: Code should not contain trailing whitespace (https://github.com/DotNetAnalyzers/StyleCopAnalyzers/blob/master/documentation/SA1028.md) [D:\leaveblackgithub\DDNCadAddins\src\DDNCadAddins\DDNCadAddins\DDNCadAddins.csproj]
D:\leaveblackgithub\DDNCadAddins\src\DDNCadAddins\DDNCadAddins\Commands\TestRunner.cs(240,1): warning SA1028: Code should not contain trailing whitespace (https://github.com/DotNetAnalyzers/StyleCopAnalyzers/blob/master/documentation/SA1028.md) [D:\leaveblackgithub\DDNCadAddins\src\DDNCadAddins\DDNCadAddins\DDNCadAddins.csproj]
D:\leaveblackgithub\DDNCadAddins\src\DDNCadAddins\DDNCadAddins\Commands\TestRunner.cs(248,1): warning SA1028: Code should not contain trailing whitespace (https://github.com/DotNetAnalyzers/StyleCopAnalyzers/blob/master/documentation/SA1028.md) [D:\leaveblackgithub\DDNCadAddins\src\DDNCadAddins\DDNCadAddins\DDNCadAddins.csproj]
D:\leaveblackgithub\DDNCadAddins\src\DDNCadAddins\DDNCadAddins\Commands\TestRunner.cs(254,1): warning SA1028: Code should not contain trailing whitespace (https://github.com/DotNetAnalyzers/StyleCopAnalyzers/blob/master/documentation/SA1028.md) [D:\leaveblackgithub\DDNCadAddins\src\DDNCadAddins\DDNCadAddins\DDNCadAddins.csproj]
D:\leaveblackgithub\DDNCadAddins\src\DDNCadAddins\DDNCadAddins\Commands\TestRunner.cs(259,1): warning SA1028: Code should not contain trailing whitespace (https://github.com/DotNetAnalyzers/StyleCopAnalyzers/blob/master/documentation/SA1028.md) [D:\leaveblackgithub\DDNCadAddins\src\DDNCadAddins\DDNCadAddins\DDNCadAddins.csproj]
D:\leaveblackgithub\DDNCadAddins\src\DDNCadAddins\DDNCadAddins\Commands\TestRunner.cs(262,1): warning SA1028: Code should not contain trailing whitespace (https://github.com/DotNetAnalyzers/StyleCopAnalyzers/blob/master/documentation/SA1028.md) [D:\leaveblackgithub\DDNCadAddins\src\DDNCadAddins\DDNCadAddins\DDNCadAddins.csproj]
D:\leaveblackgithub\DDNCadAddins\src\DDNCadAddins\DDNCadAddins\Commands\TestRunner.cs(268,1): warning SA1028: Code should not contain trailing whitespace (https://github.com/DotNetAnalyzers/StyleCopAnalyzers/blob/master/documentation/SA1028.md) [D:\leaveblackgithub\DDNCadAddins\src\DDNCadAddins\DDNCadAddins\DDNCadAddins.csproj]
D:\leaveblackgithub\DDNCadAddins\src\DDNCadAddins\DDNCadAddins\Commands\TestRunner.cs(274,1): warning SA1028: Code should not contain trailing whitespace (https://github.com/DotNetAnalyzers/StyleCopAnalyzers/blob/master/documentation/SA1028.md) [D:\leaveblackgithub\DDNCadAddins\src\DDNCadAddins\DDNCadAddins\DDNCadAddins.csproj]
D:\leaveblackgithub\DDNCadAddins\src\DDNCadAddins\DDNCadAddins\Commands\TestRunner.cs(291,1): warning SA1028: Code should not contain trailing whitespace (https://github.com/DotNetAnalyzers/StyleCopAnalyzers/blob/master/documentation/SA1028.md) [D:\leaveblackgithub\DDNCadAddins\src\DDNCadAddins\DDNCadAddins\DDNCadAddins.csproj]
D:\leaveblackgithub\DDNCadAddins\src\DDNCadAddins\DDNCadAddins\Commands\TestRunner.cs(298,1): warning SA1028: Code should not contain trailing whitespace (https://github.com/DotNetAnalyzers/StyleCopAnalyzers/blob/master/documentation/SA1028.md) [D:\leaveblackgithub\DDNCadAddins\src\DDNCadAddins\DDNCadAddins\DDNCadAddins.csproj]
D:\leaveblackgithub\DDNCadAddins\src\DDNCadAddins\DDNCadAddins\Commands\TestRunner.cs(301,1): warning SA1028: Code should not contain trailing whitespace (https://github.com/DotNetAnalyzers/StyleCopAnalyzers/blob/master/documentation/SA1028.md) [D:\leaveblackgithub\DDNCadAddins\src\DDNCadAddins\DDNCadAddins\DDNCadAddins.csproj]
D:\leaveblackgithub\DDNCadAddins\src\DDNCadAddins\DDNCadAddins\Commands\TestRunner.cs(304,1): warning SA1028: Code should not contain trailing whitespace (https://github.com/DotNetAnalyzers/StyleCopAnalyzers/blob/master/documentation/SA1028.md) [D:\leaveblackgithub\DDNCadAddins\src\DDNCadAddins\DDNCadAddins\DDNCadAddins.csproj]
D:\leaveblackgithub\DDNCadAddins\src\DDNCadAddins\DDNCadAddins\Commands\TestRunner.cs(307,1): warning SA1028: Code should not contain trailing whitespace (https://github.com/DotNetAnalyzers/StyleCopAnalyzers/blob/master/documentation/SA1028.md) [D:\leaveblackgithub\DDNCadAddins\src\DDNCadAddins\DDNCadAddins\DDNCadAddins.csproj]
D:\leaveblackgithub\DDNCadAddins\src\DDNCadAddins\DDNCadAddins\Commands\TestRunner.cs(312,1): warning SA1028: Code should not contain trailing whitespace (https://github.com/DotNetAnalyzers/StyleCopAnalyzers/blob/master/documentation/SA1028.md) [D:\leaveblackgithub\DDNCadAddins\src\DDNCadAddins\DDNCadAddins\DDNCadAddins.csproj]
D:\leaveblackgithub\DDNCadAddins\src\DDNCadAddins\DDNCadAddins\Commands\TestRunner.cs(318,1): warning SA1028: Code should not contain trailing whitespace (https://github.com/DotNetAnalyzers/StyleCopAnalyzers/blob/master/documentation/SA1028.md) [D:\leaveblackgithub\DDNCadAddins\src\DDNCadAddins\DDNCadAddins\DDNCadAddins.csproj]
D:\leaveblackgithub\DDNCadAddins\src\DDNCadAddins\DDNCadAddins\Commands\TestRunner.cs(321,1): warning SA1028: Code should not contain trailing whitespace (https://github.com/DotNetAnalyzers/StyleCopAnalyzers/blob/master/documentation/SA1028.md) [D:\leaveblackgithub\DDNCadAddins\src\DDNCadAddins\DDNCadAddins\DDNCadAddins.csproj]
D:\leaveblackgithub\DDNCadAddins\src\DDNCadAddins\DDNCadAddins\Commands\TestRunner.cs(325,1): warning SA1028: Code should not contain trailing whitespace (https://github.com/DotNetAnalyzers/StyleCopAnalyzers/blob/master/documentation/SA1028.md) [D:\leaveblackgithub\DDNCadAddins\src\DDNCadAddins\DDNCadAddins\DDNCadAddins.csproj]
D:\leaveblackgithub\DDNCadAddins\src\DDNCadAddins\DDNCadAddins\Commands\TestRunner.cs(336,1): warning SA1028: Code should not contain trailing whitespace (https://github.com/DotNetAnalyzers/StyleCopAnalyzers/blob/master/documentation/SA1028.md) [D:\leaveblackgithub\DDNCadAddins\src\DDNCadAddins\DDNCadAddins\DDNCadAddins.csproj]
D:\leaveblackgithub\DDNCadAddins\src\DDNCadAddins\DDNCadAddins\Commands\TestRunner.cs(339,51): warning SA1028: Code should not contain trailing whitespace (https://github.com/DotNetAnalyzers/StyleCopAnalyzers/blob/master/documentation/SA1028.md) [D:\leaveblackgithub\DDNCadAddins\src\DDNCadAddins\DDNCadAddins\DDNCadAddins.csproj]
D:\leaveblackgithub\DDNCadAddins\src\DDNCadAddins\DDNCadAddins\Commands\TestRunner.cs(340,91): warning SA1028: Code should not contain trailing whitespace (https://github.com/DotNetAnalyzers/StyleCopAnalyzers/blob/master/documentation/SA1028.md) [D:\leaveblackgithub\DDNCadAddins\src\DDNCadAddins\DDNCadAddins\DDNCadAddins.csproj]
D:\leaveblackgithub\DDNCadAddins\src\DDNCadAddins\DDNCadAddins\Commands\TestRunner.cs(342,1): warning SA1028: Code should not contain trailing whitespace (https://github.com/DotNetAnalyzers/StyleCopAnalyzers/blob/master/documentation/SA1028.md) [D:\leaveblackgithub\DDNCadAddins\src\DDNCadAddins\DDNCadAddins\DDNCadAddins.csproj]
D:\leaveblackgithub\DDNCadAddins\src\DDNCadAddins\DDNCadAddins\Commands\TestRunner.cs(359,1): warning SA1028: Code should not contain trailing whitespace (https://github.com/DotNetAnalyzers/StyleCopAnalyzers/blob/master/documentation/SA1028.md) [D:\leaveblackgithub\DDNCadAddins\src\DDNCadAddins\DDNCadAddins\DDNCadAddins.csproj]
D:\leaveblackgithub\DDNCadAddins\src\DDNCadAddins\DDNCadAddins\Commands\TestRunner.cs(362,1): warning SA1028: Code should not contain trailing whitespace (https://github.com/DotNetAnalyzers/StyleCopAnalyzers/blob/master/documentation/SA1028.md) [D:\leaveblackgithub\DDNCadAddins\src\DDNCadAddins\DDNCadAddins\DDNCadAddins.csproj]
D:\leaveblackgithub\DDNCadAddins\src\DDNCadAddins\DDNCadAddins\Commands\TestRunner.cs(377,1): warning SA1028: Code should not contain trailing whitespace (https://github.com/DotNetAnalyzers/StyleCopAnalyzers/blob/master/documentation/SA1028.md) [D:\leaveblackgithub\DDNCadAddins\src\DDNCadAddins\DDNCadAddins\DDNCadAddins.csproj]
D:\leaveblackgithub\DDNCadAddins\src\DDNCadAddins\DDNCadAddins\Commands\TestRunner.cs(380,1): warning SA1028: Code should not contain trailing whitespace (https://github.com/DotNetAnalyzers/StyleCopAnalyzers/blob/master/documentation/SA1028.md) [D:\leaveblackgithub\DDNCadAddins\src\DDNCadAddins\DDNCadAddins\DDNCadAddins.csproj]
D:\leaveblackgithub\DDNCadAddins\src\DDNCadAddins\DDNCadAddins\Commands\TestRunner.cs(394,1): warning SA1028: Code should not contain trailing whitespace (https://github.com/DotNetAnalyzers/StyleCopAnalyzers/blob/master/documentation/SA1028.md) [D:\leaveblackgithub\DDNCadAddins\src\DDNCadAddins\DDNCadAddins\DDNCadAddins.csproj]
D:\leaveblackgithub\DDNCadAddins\src\DDNCadAddins\DDNCadAddins\Commands\TestRunner.cs(401,1): warning SA1028: Code should not contain trailing whitespace (https://github.com/DotNetAnalyzers/StyleCopAnalyzers/blob/master/documentation/SA1028.md) [D:\leaveblackgithub\DDNCadAddins\src\DDNCadAddins\DDNCadAddins\DDNCadAddins.csproj]
D:\leaveblackgithub\DDNCadAddins\src\DDNCadAddins\DDNCadAddins\Commands\TestRunner.cs(407,1): warning SA1028: Code should not contain trailing whitespace (https://github.com/DotNetAnalyzers/StyleCopAnalyzers/blob/master/documentation/SA1028.md) [D:\leaveblackgithub\DDNCadAddins\src\DDNCadAddins\DDNCadAddins\DDNCadAddins.csproj]
D:\leaveblackgithub\DDNCadAddins\src\DDNCadAddins\DDNCadAddins\Commands\TestRunner.cs(416,1): warning SA1028: Code should not contain trailing whitespace (https://github.com/DotNetAnalyzers/StyleCopAnalyzers/blob/master/documentation/SA1028.md) [D:\leaveblackgithub\DDNCadAddins\src\DDNCadAddins\DDNCadAddins\DDNCadAddins.csproj]
D:\leaveblackgithub\DDNCadAddins\src\DDNCadAddins\DDNCadAddins\Commands\TestRunner.cs(421,1): warning SA1028: Code should not contain trailing whitespace (https://github.com/DotNetAnalyzers/StyleCopAnalyzers/blob/master/documentation/SA1028.md) [D:\leaveblackgithub\DDNCadAddins\src\DDNCadAddins\DDNCadAddins\DDNCadAddins.csproj]
D:\leaveblackgithub\DDNCadAddins\src\DDNCadAddins\DDNCadAddins\Commands\TestRunner.cs(425,1): warning SA1028: Code should not contain trailing whitespace (https://github.com/DotNetAnalyzers/StyleCopAnalyzers/blob/master/documentation/SA1028.md) [D:\leaveblackgithub\DDNCadAddins\src\DDNCadAddins\DDNCadAddins\DDNCadAddins.csproj]
D:\leaveblackgithub\DDNCadAddins\src\DDNCadAddins\DDNCadAddins\Commands\TestRunner.cs(438,1): warning SA1028: Code should not contain trailing whitespace (https://github.com/DotNetAnalyzers/StyleCopAnalyzers/blob/master/documentation/SA1028.md) [D:\leaveblackgithub\DDNCadAddins\src\DDNCadAddins\DDNCadAddins\DDNCadAddins.csproj]
D:\leaveblackgithub\DDNCadAddins\src\DDNCadAddins\DDNCadAddins\Commands\TestRunner.cs(447,1): warning SA1028: Code should not contain trailing whitespace (https://github.com/DotNetAnalyzers/StyleCopAnalyzers/blob/master/documentation/SA1028.md) [D:\leaveblackgithub\DDNCadAddins\src\DDNCadAddins\DDNCadAddins\DDNCadAddins.csproj]
D:\leaveblackgithub\DDNCadAddins\src\DDNCadAddins\DDNCadAddins\Commands\TestRunner.cs(450,1): warning SA1028: Code should not contain trailing whitespace (https://github.com/DotNetAnalyzers/StyleCopAnalyzers/blob/master/documentation/SA1028.md) [D:\leaveblackgithub\DDNCadAddins\src\DDNCadAddins\DDNCadAddins\DDNCadAddins.csproj]
D:\leaveblackgithub\DDNCadAddins\src\DDNCadAddins\DDNCadAddins\Commands\TestRunner.cs(452,38): warning SA1028: Code should not contain trailing whitespace (https://github.com/DotNetAnalyzers/StyleCopAnalyzers/blob/master/documentation/SA1028.md) [D:\leaveblackgithub\DDNCadAddins\src\DDNCadAddins\DDNCadAddins\DDNCadAddins.csproj]
D:\leaveblackgithub\DDNCadAddins\src\DDNCadAddins\DDNCadAddins\Commands\TestRunner.cs(459,1): warning SA1028: Code should not contain trailing whitespace (https://github.com/DotNetAnalyzers/StyleCopAnalyzers/blob/master/documentation/SA1028.md) [D:\leaveblackgithub\DDNCadAddins\src\DDNCadAddins\DDNCadAddins\DDNCadAddins.csproj]
D:\leaveblackgithub\DDNCadAddins\src\DDNCadAddins\DDNCadAddins\Commands\TestRunner.cs(462,1): warning SA1028: Code should not contain trailing whitespace (https://github.com/DotNetAnalyzers/StyleCopAnalyzers/blob/master/documentation/SA1028.md) [D:\leaveblackgithub\DDNCadAddins\src\DDNCadAddins\DDNCadAddins\DDNCadAddins.csproj]
D:\leaveblackgithub\DDNCadAddins\src\DDNCadAddins\DDNCadAddins\Commands\TestRunner.cs(472,1): warning SA1028: Code should not contain trailing whitespace (https://github.com/DotNetAnalyzers/StyleCopAnalyzers/blob/master/documentation/SA1028.md) [D:\leaveblackgithub\DDNCadAddins\src\DDNCadAddins\DDNCadAddins\DDNCadAddins.csproj]
D:\leaveblackgithub\DDNCadAddins\src\DDNCadAddins\DDNCadAddins\Commands\TestRunner.cs(480,1): warning SA1028: Code should not contain trailing whitespace (https://github.com/DotNetAnalyzers/StyleCopAnalyzers/blob/master/documentation/SA1028.md) [D:\leaveblackgithub\DDNCadAddins\src\DDNCadAddins\DDNCadAddins\DDNCadAddins.csproj]
D:\leaveblackgithub\DDNCadAddins\src\DDNCadAddins\DDNCadAddins\Commands\TestRunner.cs(484,1): warning SA1028: Code should not contain trailing whitespace (https://github.com/DotNetAnalyzers/StyleCopAnalyzers/blob/master/documentation/SA1028.md) [D:\leaveblackgithub\DDNCadAddins\src\DDNCadAddins\DDNCadAddins\DDNCadAddins.csproj]
D:\leaveblackgithub\DDNCadAddins\src\DDNCadAddins\DDNCadAddins\Commands\TestRunner.cs(491,1): warning SA1028: Code should not contain trailing whitespace (https://github.com/DotNetAnalyzers/StyleCopAnalyzers/blob/master/documentation/SA1028.md) [D:\leaveblackgithub\DDNCadAddins\src\DDNCadAddins\DDNCadAddins\DDNCadAddins.csproj]
D:\leaveblackgithub\DDNCadAddins\src\DDNCadAddins\DDNCadAddins\Commands\TestRunner.cs(499,1): warning SA1028: Code should not contain trailing whitespace (https://github.com/DotNetAnalyzers/StyleCopAnalyzers/blob/master/documentation/SA1028.md) [D:\leaveblackgithub\DDNCadAddins\src\DDNCadAddins\DDNCadAddins\DDNCadAddins.csproj]
D:\leaveblackgithub\DDNCadAddins\src\DDNCadAddins\DDNCadAddins\Commands\TestRunner.cs(501,1): warning SA1028: Code should not contain trailing whitespace (https://github.com/DotNetAnalyzers/StyleCopAnalyzers/blob/master/documentation/SA1028.md) [D:\leaveblackgithub\DDNCadAddins\src\DDNCadAddins\DDNCadAddins\DDNCadAddins.csproj]
D:\leaveblackgithub\DDNCadAddins\src\DDNCadAddins\DDNCadAddins\Commands\TestRunner.cs(507,1): warning SA1028: Code should not contain trailing whitespace (https://github.com/DotNetAnalyzers/StyleCopAnalyzers/blob/master/documentation/SA1028.md) [D:\leaveblackgithub\DDNCadAddins\src\DDNCadAddins\DDNCadAddins\DDNCadAddins.csproj]
D:\leaveblackgithub\DDNCadAddins\src\DDNCadAddins\DDNCadAddins\Commands\TestRunner.cs(522,1): warning SA1028: Code should not contain trailing whitespace (https://github.com/DotNetAnalyzers/StyleCopAnalyzers/blob/master/documentation/SA1028.md) [D:\leaveblackgithub\DDNCadAddins\src\DDNCadAddins\DDNCadAddins\DDNCadAddins.csproj]
D:\leaveblackgithub\DDNCadAddins\src\DDNCadAddins\DDNCadAddins\Commands\TestRunner.cs(527,1): warning SA1028: Code should not contain trailing whitespace (https://github.com/DotNetAnalyzers/StyleCopAnalyzers/blob/master/documentation/SA1028.md) [D:\leaveblackgithub\DDNCadAddins\src\DDNCadAddins\DDNCadAddins\DDNCadAddins.csproj]
D:\leaveblackgithub\DDNCadAddins\src\DDNCadAddins\DDNCadAddins\Commands\TestRunner.cs(542,1): warning SA1028: Code should not contain trailing whitespace (https://github.com/DotNetAnalyzers/StyleCopAnalyzers/blob/master/documentation/SA1028.md) [D:\leaveblackgithub\DDNCadAddins\src\DDNCadAddins\DDNCadAddins\DDNCadAddins.csproj]
D:\leaveblackgithub\DDNCadAddins\src\DDNCadAddins\DDNCadAddins\Commands\TestRunner.cs(545,1): warning SA1028: Code should not contain trailing whitespace (https://github.com/DotNetAnalyzers/StyleCopAnalyzers/blob/master/documentation/SA1028.md) [D:\leaveblackgithub\DDNCadAddins\src\DDNCadAddins\DDNCadAddins\DDNCadAddins.csproj]
D:\leaveblackgithub\DDNCadAddins\src\DDNCadAddins\DDNCadAddins\Commands\TestRunner.cs(551,1): warning SA1028: Code should not contain trailing whitespace (https://github.com/DotNetAnalyzers/StyleCopAnalyzers/blob/master/documentation/SA1028.md) [D:\leaveblackgithub\DDNCadAddins\src\DDNCadAddins\DDNCadAddins\DDNCadAddins.csproj]
D:\leaveblackgithub\DDNCadAddins\src\DDNCadAddins\DDNCadAddins\Commands\TestRunner.cs(554,1): warning SA1028: Code should not contain trailing whitespace (https://github.com/DotNetAnalyzers/StyleCopAnalyzers/blob/master/documentation/SA1028.md) [D:\leaveblackgithub\DDNCadAddins\src\DDNCadAddins\DDNCadAddins\DDNCadAddins.csproj]
D:\leaveblackgithub\DDNCadAddins\src\DDNCadAddins\DDNCadAddins\Commands\TestRunner.cs(561,1): warning SA1028: Code should not contain trailing whitespace (https://github.com/DotNetAnalyzers/StyleCopAnalyzers/blob/master/documentation/SA1028.md) [D:\leaveblackgithub\DDNCadAddins\src\DDNCadAddins\DDNCadAddins\DDNCadAddins.csproj]
D:\leaveblackgithub\DDNCadAddins\src\DDNCadAddins\DDNCadAddins\Commands\TestRunner.cs(565,1): warning SA1028: Code should not contain trailing whitespace (https://github.com/DotNetAnalyzers/StyleCopAnalyzers/blob/master/documentation/SA1028.md) [D:\leaveblackgithub\DDNCadAddins\src\DDNCadAddins\DDNCadAddins\DDNCadAddins.csproj]
D:\leaveblackgithub\DDNCadAddins\src\DDNCadAddins\DDNCadAddins\Commands\TestRunner.cs(567,1): warning SA1028: Code should not contain trailing whitespace (https://github.com/DotNetAnalyzers/StyleCopAnalyzers/blob/master/documentation/SA1028.md) [D:\leaveblackgithub\DDNCadAddins\src\DDNCadAddins\DDNCadAddins\DDNCadAddins.csproj]
D:\leaveblackgithub\DDNCadAddins\src\DDNCadAddins\DDNCadAddins\Commands\TestRunner.cs(573,1): warning SA1028: Code should not contain trailing whitespace (https://github.com/DotNetAnalyzers/StyleCopAnalyzers/blob/master/documentation/SA1028.md) [D:\leaveblackgithub\DDNCadAddins\src\DDNCadAddins\DDNCadAddins\DDNCadAddins.csproj]
D:\leaveblackgithub\DDNCadAddins\src\DDNCadAddins\DDNCadAddins\Commands\TestRunner.cs(577,1): warning SA1028: Code should not contain trailing whitespace (https://github.com/DotNetAnalyzers/StyleCopAnalyzers/blob/master/documentation/SA1028.md) [D:\leaveblackgithub\DDNCadAddins\src\DDNCadAddins\DDNCadAddins\DDNCadAddins.csproj]
D:\leaveblackgithub\DDNCadAddins\src\DDNCadAddins\DDNCadAddins\Commands\TestRunner.cs(580,1): warning SA1028: Code should not contain trailing whitespace (https://github.com/DotNetAnalyzers/StyleCopAnalyzers/blob/master/documentation/SA1028.md) [D:\leaveblackgithub\DDNCadAddins\src\DDNCadAddins\DDNCadAddins\DDNCadAddins.csproj]
D:\leaveblackgithub\DDNCadAddins\src\DDNCadAddins\DDNCadAddins\Commands\TestRunner.cs(587,1): warning SA1028: Code should not contain trailing whitespace (https://github.com/DotNetAnalyzers/StyleCopAnalyzers/blob/master/documentation/SA1028.md) [D:\leaveblackgithub\DDNCadAddins\src\DDNCadAddins\DDNCadAddins\DDNCadAddins.csproj]
D:\leaveblackgithub\DDNCadAddins\src\DDNCadAddins\DDNCadAddins\Commands\TestRunner.cs(590,1): warning SA1028: Code should not contain trailing whitespace (https://github.com/DotNetAnalyzers/StyleCopAnalyzers/blob/master/documentation/SA1028.md) [D:\leaveblackgithub\DDNCadAddins\src\DDNCadAddins\DDNCadAddins\DDNCadAddins.csproj]
D:\leaveblackgithub\DDNCadAddins\src\DDNCadAddins\DDNCadAddins\Commands\TestRunner.cs(594,1): warning SA1028: Code should not contain trailing whitespace (https://github.com/DotNetAnalyzers/StyleCopAnalyzers/blob/master/documentation/SA1028.md) [D:\leaveblackgithub\DDNCadAddins\src\DDNCadAddins\DDNCadAddins\DDNCadAddins.csproj]
D:\leaveblackgithub\DDNCadAddins\src\DDNCadAddins\DDNCadAddins\Commands\TestRunner.cs(597,1): warning SA1028: Code should not contain trailing whitespace (https://github.com/DotNetAnalyzers/StyleCopAnalyzers/blob/master/documentation/SA1028.md) [D:\leaveblackgithub\DDNCadAddins\src\DDNCadAddins\DDNCadAddins\DDNCadAddins.csproj]
D:\leaveblackgithub\DDNCadAddins\src\DDNCadAddins\DDNCadAddins\Commands\TestRunner.cs(605,1): warning SA1028: Code should not contain trailing whitespace (https://github.com/DotNetAnalyzers/StyleCopAnalyzers/blob/master/documentation/SA1028.md) [D:\leaveblackgithub\DDNCadAddins\src\DDNCadAddins\DDNCadAddins\DDNCadAddins.csproj]
D:\leaveblackgithub\DDNCadAddins\src\DDNCadAddins\DDNCadAddins\Commands\TestRunner.cs(614,1): warning SA1028: Code should not contain trailing whitespace (https://github.com/DotNetAnalyzers/StyleCopAnalyzers/blob/master/documentation/SA1028.md) [D:\leaveblackgithub\DDNCadAddins\src\DDNCadAddins\DDNCadAddins\DDNCadAddins.csproj]
D:\leaveblackgithub\DDNCadAddins\src\DDNCadAddins\DDNCadAddins\Commands\TestRunner.cs(617,1): warning SA1028: Code should not contain trailing whitespace (https://github.com/DotNetAnalyzers/StyleCopAnalyzers/blob/master/documentation/SA1028.md) [D:\leaveblackgithub\DDNCadAddins\src\DDNCadAddins\DDNCadAddins\DDNCadAddins.csproj]
D:\leaveblackgithub\DDNCadAddins\src\DDNCadAddins\DDNCadAddins\Commands\TestRunner.cs(621,1): warning SA1028: Code should not contain trailing whitespace (https://github.com/DotNetAnalyzers/StyleCopAnalyzers/blob/master/documentation/SA1028.md) [D:\leaveblackgithub\DDNCadAddins\src\DDNCadAddins\DDNCadAddins\DDNCadAddins.csproj]
D:\leaveblackgithub\DDNCadAddins\src\DDNCadAddins\DDNCadAddins\Commands\TestRunner.cs(624,1): warning SA1028: Code should not contain trailing whitespace (https://github.com/DotNetAnalyzers/StyleCopAnalyzers/blob/master/documentation/SA1028.md) [D:\leaveblackgithub\DDNCadAddins\src\DDNCadAddins\DDNCadAddins\DDNCadAddins.csproj]
D:\leaveblackgithub\DDNCadAddins\src\DDNCadAddins\DDNCadAddins\Commands\TestRunner.cs(627,1): warning SA1028: Code should not contain trailing whitespace (https://github.com/DotNetAnalyzers/StyleCopAnalyzers/blob/master/documentation/SA1028.md) [D:\leaveblackgithub\DDNCadAddins\src\DDNCadAddins\DDNCadAddins\DDNCadAddins.csproj]
D:\leaveblackgithub\DDNCadAddins\src\DDNCadAddins\DDNCadAddins\Commands\TestRunner.cs(633,1): warning SA1028: Code should not contain trailing whitespace (https://github.com/DotNetAnalyzers/StyleCopAnalyzers/blob/master/documentation/SA1028.md) [D:\leaveblackgithub\DDNCadAddins\src\DDNCadAddins\DDNCadAddins\DDNCadAddins.csproj]
D:\leaveblackgithub\DDNCadAddins\src\DDNCadAddins\DDNCadAddins\Commands\TestRunner.cs(638,1): warning SA1028: Code should not contain trailing whitespace (https://github.com/DotNetAnalyzers/StyleCopAnalyzers/blob/master/documentation/SA1028.md) [D:\leaveblackgithub\DDNCadAddins\src\DDNCadAddins\DDNCadAddins\DDNCadAddins.csproj]
D:\leaveblackgithub\DDNCadAddins\src\DDNCadAddins\DDNCadAddins\Commands\TestRunner.cs(644,1): warning SA1028: Code should not contain trailing whitespace (https://github.com/DotNetAnalyzers/StyleCopAnalyzers/blob/master/documentation/SA1028.md) [D:\leaveblackgithub\DDNCadAddins\src\DDNCadAddins\DDNCadAddins\DDNCadAddins.csproj]
D:\leaveblackgithub\DDNCadAddins\src\DDNCadAddins\DDNCadAddins\Commands\TestRunner.cs(654,1): warning SA1028: Code should not contain trailing whitespace (https://github.com/DotNetAnalyzers/StyleCopAnalyzers/blob/master/documentation/SA1028.md) [D:\leaveblackgithub\DDNCadAddins\src\DDNCadAddins\DDNCadAddins\DDNCadAddins.csproj]
D:\leaveblackgithub\DDNCadAddins\src\DDNCadAddins\DDNCadAddins\Commands\TestRunner.cs(659,1): warning SA1028: Code should not contain trailing whitespace (https://github.com/DotNetAnalyzers/StyleCopAnalyzers/blob/master/documentation/SA1028.md) [D:\leaveblackgithub\DDNCadAddins\src\DDNCadAddins\DDNCadAddins\DDNCadAddins.csproj]
D:\leaveblackgithub\DDNCadAddins\src\DDNCadAddins\DDNCadAddins\Commands\TestRunner.cs(669,1): warning SA1028: Code should not contain trailing whitespace (https://github.com/DotNetAnalyzers/StyleCopAnalyzers/blob/master/documentation/SA1028.md) [D:\leaveblackgithub\DDNCadAddins\src\DDNCadAddins\DDNCadAddins\DDNCadAddins.csproj]
D:\leaveblackgithub\DDNCadAddins\src\DDNCadAddins\DDNCadAddins\Commands\TestRunner.cs(678,1): warning SA1028: Code should not contain trailing whitespace (https://github.com/DotNetAnalyzers/StyleCopAnalyzers/blob/master/documentation/SA1028.md) [D:\leaveblackgithub\DDNCadAddins\src\DDNCadAddins\DDNCadAddins\DDNCadAddins.csproj]
D:\leaveblackgithub\DDNCadAddins\src\DDNCadAddins\DDNCadAddins\Commands\TestRunner.cs(684,1): warning SA1028: Code should not contain trailing whitespace (https://github.com/DotNetAnalyzers/StyleCopAnalyzers/blob/master/documentation/SA1028.md) [D:\leaveblackgithub\DDNCadAddins\src\DDNCadAddins\DDNCadAddins\DDNCadAddins.csproj]
D:\leaveblackgithub\DDNCadAddins\src\DDNCadAddins\DDNCadAddins\Commands\TestRunner.cs(689,1): warning SA1028: Code should not contain trailing whitespace (https://github.com/DotNetAnalyzers/StyleCopAnalyzers/blob/master/documentation/SA1028.md) [D:\leaveblackgithub\DDNCadAddins\src\DDNCadAddins\DDNCadAddins\DDNCadAddins.csproj]
D:\leaveblackgithub\DDNCadAddins\src\DDNCadAddins\DDNCadAddins\Commands\TestRunner.cs(694,1): warning SA1028: Code should not contain trailing whitespace (https://github.com/DotNetAnalyzers/StyleCopAnalyzers/blob/master/documentation/SA1028.md) [D:\leaveblackgithub\DDNCadAddins\src\DDNCadAddins\DDNCadAddins\DDNCadAddins.csproj]
D:\leaveblackgithub\DDNCadAddins\src\DDNCadAddins\DDNCadAddins\Commands\TestRunner.cs(699,1): warning SA1028: Code should not contain trailing whitespace (https://github.com/DotNetAnalyzers/StyleCopAnalyzers/blob/master/documentation/SA1028.md) [D:\leaveblackgithub\DDNCadAddins\src\DDNCadAddins\DDNCadAddins\DDNCadAddins.csproj]
D:\leaveblackgithub\DDNCadAddins\src\DDNCadAddins\DDNCadAddins\Commands\TestRunner.cs(706,1): warning SA1028: Code should not contain trailing whitespace (https://github.com/DotNetAnalyzers/StyleCopAnalyzers/blob/master/documentation/SA1028.md) [D:\leaveblackgithub\DDNCadAddins\src\DDNCadAddins\DDNCadAddins\DDNCadAddins.csproj]
D:\leaveblackgithub\DDNCadAddins\src\DDNCadAddins\DDNCadAddins\Commands\TestRunner.cs(715,1): warning SA1028: Code should not contain trailing whitespace (https://github.com/DotNetAnalyzers/StyleCopAnalyzers/blob/master/documentation/SA1028.md) [D:\leaveblackgithub\DDNCadAddins\src\DDNCadAddins\DDNCadAddins\DDNCadAddins.csproj]
D:\leaveblackgithub\DDNCadAddins\src\DDNCadAddins\DDNCadAddins\Commands\TestRunner.cs(718,1): warning SA1028: Code should not contain trailing whitespace (https://github.com/DotNetAnalyzers/StyleCopAnalyzers/blob/master/documentation/SA1028.md) [D:\leaveblackgithub\DDNCadAddins\src\DDNCadAddins\DDNCadAddins\DDNCadAddins.csproj]
D:\leaveblackgithub\DDNCadAddins\src\DDNCadAddins\DDNCadAddins\Commands\TestRunner.cs(723,1): warning SA1028: Code should not contain trailing whitespace (https://github.com/DotNetAnalyzers/StyleCopAnalyzers/blob/master/documentation/SA1028.md) [D:\leaveblackgithub\DDNCadAddins\src\DDNCadAddins\DDNCadAddins\DDNCadAddins.csproj]
D:\leaveblackgithub\DDNCadAddins\src\DDNCadAddins\DDNCadAddins\Commands\TestRunner.cs(733,1): warning SA1028: Code should not contain trailing whitespace (https://github.com/DotNetAnalyzers/StyleCopAnalyzers/blob/master/documentation/SA1028.md) [D:\leaveblackgithub\DDNCadAddins\src\DDNCadAddins\DDNCadAddins\DDNCadAddins.csproj]
D:\leaveblackgithub\DDNCadAddins\src\DDNCadAddins\DDNCadAddins\Commands\TestRunner.cs(739,1): warning SA1028: Code should not contain trailing whitespace (https://github.com/DotNetAnalyzers/StyleCopAnalyzers/blob/master/documentation/SA1028.md) [D:\leaveblackgithub\DDNCadAddins\src\DDNCadAddins\DDNCadAddins\DDNCadAddins.csproj]
D:\leaveblackgithub\DDNCadAddins\src\DDNCadAddins\DDNCadAddins\Commands\TestRunner.cs(745,1): warning SA1028: Code should not contain trailing whitespace (https://github.com/DotNetAnalyzers/StyleCopAnalyzers/blob/master/documentation/SA1028.md) [D:\leaveblackgithub\DDNCadAddins\src\DDNCadAddins\DDNCadAddins\DDNCadAddins.csproj]
D:\leaveblackgithub\DDNCadAddins\src\DDNCadAddins\DDNCadAddins\Commands\TestRunner.cs(754,1): warning SA1028: Code should not contain trailing whitespace (https://github.com/DotNetAnalyzers/StyleCopAnalyzers/blob/master/documentation/SA1028.md) [D:\leaveblackgithub\DDNCadAddins\src\DDNCadAddins\DDNCadAddins\DDNCadAddins.csproj]
D:\leaveblackgithub\DDNCadAddins\src\DDNCadAddins\DDNCadAddins\Commands\TestRunner.cs(759,1): warning SA1028: Code should not contain trailing whitespace (https://github.com/DotNetAnalyzers/StyleCopAnalyzers/blob/master/documentation/SA1028.md) [D:\leaveblackgithub\DDNCadAddins\src\DDNCadAddins\DDNCadAddins\DDNCadAddins.csproj]
D:\leaveblackgithub\DDNCadAddins\src\DDNCadAddins\DDNCadAddins\Commands\TestRunner.cs(762,1): warning SA1028: Code should not contain trailing whitespace (https://github.com/DotNetAnalyzers/StyleCopAnalyzers/blob/master/documentation/SA1028.md) [D:\leaveblackgithub\DDNCadAddins\src\DDNCadAddins\DDNCadAddins\DDNCadAddins.csproj]
D:\leaveblackgithub\DDNCadAddins\src\DDNCadAddins\DDNCadAddins\Commands\TestRunner.cs(766,1): warning SA1028: Code should not contain trailing whitespace (https://github.com/DotNetAnalyzers/StyleCopAnalyzers/blob/master/documentation/SA1028.md) [D:\leaveblackgithub\DDNCadAddins\src\DDNCadAddins\DDNCadAddins\DDNCadAddins.csproj]
D:\leaveblackgithub\DDNCadAddins\src\DDNCadAddins\DDNCadAddins\Commands\TestRunner.cs(768,1): warning SA1028: Code should not contain trailing whitespace (https://github.com/DotNetAnalyzers/StyleCopAnalyzers/blob/master/documentation/SA1028.md) [D:\leaveblackgithub\DDNCadAddins\src\DDNCadAddins\DDNCadAddins\DDNCadAddins.csproj]
D:\leaveblackgithub\DDNCadAddins\src\DDNCadAddins\DDNCadAddins\Commands\TestRunner.cs(772,1): warning SA1028: Code should not contain trailing whitespace (https://github.com/DotNetAnalyzers/StyleCopAnalyzers/blob/master/documentation/SA1028.md) [D:\leaveblackgithub\DDNCadAddins\src\DDNCadAddins\DDNCadAddins\DDNCadAddins.csproj]
D:\leaveblackgithub\DDNCadAddins\src\DDNCadAddins\DDNCadAddins\Commands\TestRunner.cs(778,1): warning SA1028: Code should not contain trailing whitespace (https://github.com/DotNetAnalyzers/StyleCopAnalyzers/blob/master/documentation/SA1028.md) [D:\leaveblackgithub\DDNCadAddins\src\DDNCadAddins\DDNCadAddins\DDNCadAddins.csproj]
D:\leaveblackgithub\DDNCadAddins\src\DDNCadAddins\DDNCadAddins\Commands\TestRunner.cs(784,1): warning SA1028: Code should not contain trailing whitespace (https://github.com/DotNetAnalyzers/StyleCopAnalyzers/blob/master/documentation/SA1028.md) [D:\leaveblackgithub\DDNCadAddins\src\DDNCadAddins\DDNCadAddins\DDNCadAddins.csproj]
D:\leaveblackgithub\DDNCadAddins\src\DDNCadAddins\DDNCadAddins\Commands\TestRunner.cs(787,1): warning SA1028: Code should not contain trailing whitespace (https://github.com/DotNetAnalyzers/StyleCopAnalyzers/blob/master/documentation/SA1028.md) [D:\leaveblackgithub\DDNCadAddins\src\DDNCadAddins\DDNCadAddins\DDNCadAddins.csproj]
D:\leaveblackgithub\DDNCadAddins\src\DDNCadAddins\DDNCadAddins\Commands\TestRunner.cs(791,1): warning SA1028: Code should not contain trailing whitespace (https://github.com/DotNetAnalyzers/StyleCopAnalyzers/blob/master/documentation/SA1028.md) [D:\leaveblackgithub\DDNCadAddins\src\DDNCadAddins\DDNCadAddins\DDNCadAddins.csproj]
D:\leaveblackgithub\DDNCadAddins\src\DDNCadAddins\DDNCadAddins\Commands\TestRunner.cs(793,1): warning SA1028: Code should not contain trailing whitespace (https://github.com/DotNetAnalyzers/StyleCopAnalyzers/blob/master/documentation/SA1028.md) [D:\leaveblackgithub\DDNCadAddins\src\DDNCadAddins\DDNCadAddins\DDNCadAddins.csproj]
D:\leaveblackgithub\DDNCadAddins\src\DDNCadAddins\DDNCadAddins\Commands\TestRunner.cs(797,1): warning SA1028: Code should not contain trailing whitespace (https://github.com/DotNetAnalyzers/StyleCopAnalyzers/blob/master/documentation/SA1028.md) [D:\leaveblackgithub\DDNCadAddins\src\DDNCadAddins\DDNCadAddins\DDNCadAddins.csproj]
D:\leaveblackgithub\DDNCadAddins\src\DDNCadAddins\DDNCadAddins\Commands\TestRunner.cs(802,1): warning SA1028: Code should not contain trailing whitespace (https://github.com/DotNetAnalyzers/StyleCopAnalyzers/blob/master/documentation/SA1028.md) [D:\leaveblackgithub\DDNCadAddins\src\DDNCadAddins\DDNCadAddins\DDNCadAddins.csproj]
D:\leaveblackgithub\DDNCadAddins\src\DDNCadAddins\DDNCadAddins\Commands\TestRunner.cs(805,1): warning SA1028: Code should not contain trailing whitespace (https://github.com/DotNetAnalyzers/StyleCopAnalyzers/blob/master/documentation/SA1028.md) [D:\leaveblackgithub\DDNCadAddins\src\DDNCadAddins\DDNCadAddins\DDNCadAddins.csproj]
D:\leaveblackgithub\DDNCadAddins\src\DDNCadAddins\DDNCadAddins\Commands\TestRunner.cs(809,1): warning SA1028: Code should not contain trailing whitespace (https://github.com/DotNetAnalyzers/StyleCopAnalyzers/blob/master/documentation/SA1028.md) [D:\leaveblackgithub\DDNCadAddins\src\DDNCadAddins\DDNCadAddins\DDNCadAddins.csproj]
D:\leaveblackgithub\DDNCadAddins\src\DDNCadAddins\DDNCadAddins\Commands\TestRunner.cs(824,1): warning SA1028: Code should not contain trailing whitespace (https://github.com/DotNetAnalyzers/StyleCopAnalyzers/blob/master/documentation/SA1028.md) [D:\leaveblackgithub\DDNCadAddins\src\DDNCadAddins\DDNCadAddins\DDNCadAddins.csproj]
D:\leaveblackgithub\DDNCadAddins\src\DDNCadAddins\DDNCadAddins\Commands\TestRunner.cs(827,1): warning SA1028: Code should not contain trailing whitespace (https://github.com/DotNetAnalyzers/StyleCopAnalyzers/blob/master/documentation/SA1028.md) [D:\leaveblackgithub\DDNCadAddins\src\DDNCadAddins\DDNCadAddins\DDNCadAddins.csproj]
D:\leaveblackgithub\DDNCadAddins\src\DDNCadAddins\DDNCadAddins\Commands\TestRunner.cs(835,1): warning SA1028: Code should not contain trailing whitespace (https://github.com/DotNetAnalyzers/StyleCopAnalyzers/blob/master/documentation/SA1028.md) [D:\leaveblackgithub\DDNCadAddins\src\DDNCadAddins\DDNCadAddins\DDNCadAddins.csproj]
D:\leaveblackgithub\DDNCadAddins\src\DDNCadAddins\DDNCadAddins\Commands\TestRunner.cs(838,1): warning SA1028: Code should not contain trailing whitespace (https://github.com/DotNetAnalyzers/StyleCopAnalyzers/blob/master/documentation/SA1028.md) [D:\leaveblackgithub\DDNCadAddins\src\DDNCadAddins\DDNCadAddins\DDNCadAddins.csproj]
D:\leaveblackgithub\DDNCadAddins\src\DDNCadAddins\DDNCadAddins\Commands\TestRunner.cs(922,2): warning SA1028: Code should not contain trailing whitespace (https://github.com/DotNetAnalyzers/StyleCopAnalyzers/blob/master/documentation/SA1028.md) [D:\leaveblackgithub\DDNCadAddins\src\DDNCadAddins\DDNCadAddins\DDNCadAddins.csproj]
D:\leaveblackgithub\DDNCadAddins\src\DDNCadAddins\DDNCadAddins\DDNCadAppLoader.cs(1,1): warning SA1633: The file header is missing or not located at the top of the file. (https://github.com/DotNetAnalyzers/StyleCopAnalyzers/blob/master/documentation/SA1633.md) [D:\leaveblackgithub\DDNCadAddins\src\DDNCadAddins\DDNCadAddins\DDNCadAddins.csproj]
D:\leaveblackgithub\DDNCadAddins\src\DDNCadAddins\DDNCadAddins\DDNCadAppLoader.cs(25,1): warning SA1028: Code should not contain trailing whitespace (https://github.com/DotNetAnalyzers/StyleCopAnalyzers/blob/master/documentation/SA1028.md) [D:\leaveblackgithub\DDNCadAddins\src\DDNCadAddins\DDNCadAddins\DDNCadAddins.csproj]
D:\leaveblackgithub\DDNCadAddins\src\DDNCadAddins\DDNCadAddins\DDNCadAppLoader.cs(32,1): warning SA1028: Code should not contain trailing whitespace (https://github.com/DotNetAnalyzers/StyleCopAnalyzers/blob/master/documentation/SA1028.md) [D:\leaveblackgithub\DDNCadAddins\src\DDNCadAddins\DDNCadAddins\DDNCadAddins.csproj]
D:\leaveblackgithub\DDNCadAddins\src\DDNCadAddins\DDNCadAddins\DDNCadAppLoader.cs(38,1): warning SA1028: Code should not contain trailing whitespace (https://github.com/DotNetAnalyzers/StyleCopAnalyzers/blob/master/documentation/SA1028.md) [D:\leaveblackgithub\DDNCadAddins\src\DDNCadAddins\DDNCadAddins\DDNCadAddins.csproj]
D:\leaveblackgithub\DDNCadAddins\src\DDNCadAddins\DDNCadAddins\DDNCadAppLoader.cs(44,1): warning SA1028: Code should not contain trailing whitespace (https://github.com/DotNetAnalyzers/StyleCopAnalyzers/blob/master/documentation/SA1028.md) [D:\leaveblackgithub\DDNCadAddins\src\DDNCadAddins\DDNCadAddins\DDNCadAddins.csproj]
D:\leaveblackgithub\DDNCadAddins\src\DDNCadAddins\DDNCadAddins\DDNCadAppLoader.cs(62,1): warning SA1028: Code should not contain trailing whitespace (https://github.com/DotNetAnalyzers/StyleCopAnalyzers/blob/master/documentation/SA1028.md) [D:\leaveblackgithub\DDNCadAddins\src\DDNCadAddins\DDNCadAddins\DDNCadAddins.csproj]
D:\leaveblackgithub\DDNCadAddins\src\DDNCadAddins\DDNCadAddins\DDNCadAppLoader.cs(71,1): warning SA1028: Code should not contain trailing whitespace (https://github.com/DotNetAnalyzers/StyleCopAnalyzers/blob/master/documentation/SA1028.md) [D:\leaveblackgithub\DDNCadAddins\src\DDNCadAddins\DDNCadAddins\DDNCadAddins.csproj]
D:\leaveblackgithub\DDNCadAddins\src\DDNCadAddins\DDNCadAddins\DDNCadAppLoader.cs(78,1): warning SA1028: Code should not contain trailing whitespace (https://github.com/DotNetAnalyzers/StyleCopAnalyzers/blob/master/documentation/SA1028.md) [D:\leaveblackgithub\DDNCadAddins\src\DDNCadAddins\DDNCadAddins\DDNCadAddins.csproj]
D:\leaveblackgithub\DDNCadAddins\src\DDNCadAddins\DDNCadAddins\DDNCadAppLoader.cs(83,1): warning SA1028: Code should not contain trailing whitespace (https://github.com/DotNetAnalyzers/StyleCopAnalyzers/blob/master/documentation/SA1028.md) [D:\leaveblackgithub\DDNCadAddins\src\DDNCadAddins\DDNCadAddins\DDNCadAddins.csproj]
D:\leaveblackgithub\DDNCadAddins\src\DDNCadAddins\DDNCadAddins\DDNCadAppLoader.cs(86,1): warning SA1028: Code should not contain trailing whitespace (https://github.com/DotNetAnalyzers/StyleCopAnalyzers/blob/master/documentation/SA1028.md) [D:\leaveblackgithub\DDNCadAddins\src\DDNCadAddins\DDNCadAddins\DDNCadAddins.csproj]
D:\leaveblackgithub\DDNCadAddins\src\DDNCadAddins\DDNCadAddins\DDNCadAppLoader.cs(95,1): warning SA1028: Code should not contain trailing whitespace (https://github.com/DotNetAnalyzers/StyleCopAnalyzers/blob/master/documentation/SA1028.md) [D:\leaveblackgithub\DDNCadAddins\src\DDNCadAddins\DDNCadAddins\DDNCadAddins.csproj]
D:\leaveblackgithub\DDNCadAddins\src\DDNCadAddins\DDNCadAddins\DDNCadAppLoader.cs(102,1): warning SA1028: Code should not contain trailing whitespace (https://github.com/DotNetAnalyzers/StyleCopAnalyzers/blob/master/documentation/SA1028.md) [D:\leaveblackgithub\DDNCadAddins\src\DDNCadAddins\DDNCadAddins\DDNCadAddins.csproj]
D:\leaveblackgithub\DDNCadAddins\src\DDNCadAddins\DDNCadAddins\DDNCadAppLoader.cs(108,1): warning SA1028: Code should not contain trailing whitespace (https://github.com/DotNetAnalyzers/StyleCopAnalyzers/blob/master/documentation/SA1028.md) [D:\leaveblackgithub\DDNCadAddins\src\DDNCadAddins\DDNCadAddins\DDNCadAddins.csproj]
D:\leaveblackgithub\DDNCadAddins\src\DDNCadAddins\DDNCadAddins\DDNCadAppLoader.cs(110,1): warning SA1028: Code should not contain trailing whitespace (https://github.com/DotNetAnalyzers/StyleCopAnalyzers/blob/master/documentation/SA1028.md) [D:\leaveblackgithub\DDNCadAddins\src\DDNCadAddins\DDNCadAddins\DDNCadAddins.csproj]
D:\leaveblackgithub\DDNCadAddins\src\DDNCadAddins\DDNCadAddins\DDNCadAppLoader.cs(123,1): warning SA1028: Code should not contain trailing whitespace (https://github.com/DotNetAnalyzers/StyleCopAnalyzers/blob/master/documentation/SA1028.md) [D:\leaveblackgithub\DDNCadAddins\src\DDNCadAddins\DDNCadAddins\DDNCadAddins.csproj]
D:\leaveblackgithub\DDNCadAddins\src\DDNCadAddins\DDNCadAddins\DDNCadAppLoader.cs(126,1): warning SA1028: Code should not contain trailing whitespace (https://github.com/DotNetAnalyzers/StyleCopAnalyzers/blob/master/documentation/SA1028.md) [D:\leaveblackgithub\DDNCadAddins\src\DDNCadAddins\DDNCadAddins\DDNCadAddins.csproj]
D:\leaveblackgithub\DDNCadAddins\src\DDNCadAddins\DDNCadAddins\DDNCadAppLoader.cs(142,1): warning SA1028: Code should not contain trailing whitespace (https://github.com/DotNetAnalyzers/StyleCopAnalyzers/blob/master/documentation/SA1028.md) [D:\leaveblackgithub\DDNCadAddins\src\DDNCadAddins\DDNCadAddins\DDNCadAddins.csproj]
D:\leaveblackgithub\DDNCadAddins\src\DDNCadAddins\DDNCadAddins\DDNCadAppLoader.cs(153,1): warning SA1028: Code should not contain trailing whitespace (https://github.com/DotNetAnalyzers/StyleCopAnalyzers/blob/master/documentation/SA1028.md) [D:\leaveblackgithub\DDNCadAddins\src\DDNCadAddins\DDNCadAddins\DDNCadAddins.csproj]
D:\leaveblackgithub\DDNCadAddins\src\DDNCadAddins\DDNCadAddins\DDNCadAppLoader.cs(157,1): warning SA1028: Code should not contain trailing whitespace (https://github.com/DotNetAnalyzers/StyleCopAnalyzers/blob/master/documentation/SA1028.md) [D:\leaveblackgithub\DDNCadAddins\src\DDNCadAddins\DDNCadAddins\DDNCadAddins.csproj]
D:\leaveblackgithub\DDNCadAddins\src\DDNCadAddins\DDNCadAddins\DDNCadAppLoader.cs(161,1): warning SA1028: Code should not contain trailing whitespace (https://github.com/DotNetAnalyzers/StyleCopAnalyzers/blob/master/documentation/SA1028.md) [D:\leaveblackgithub\DDNCadAddins\src\DDNCadAddins\DDNCadAddins\DDNCadAddins.csproj]
D:\leaveblackgithub\DDNCadAddins\src\DDNCadAddins\DDNCadAddins\DDNCadAppLoader.cs(186,1): warning SA1028: Code should not contain trailing whitespace (https://github.com/DotNetAnalyzers/StyleCopAnalyzers/blob/master/documentation/SA1028.md) [D:\leaveblackgithub\DDNCadAddins\src\DDNCadAddins\DDNCadAddins\DDNCadAddins.csproj]
D:\leaveblackgithub\DDNCadAddins\src\DDNCadAddins\DDNCadAddins\DDNCadAppLoader.cs(190,2): warning SA1028: Code should not contain trailing whitespace (https://github.com/DotNetAnalyzers/StyleCopAnalyzers/blob/master/documentation/SA1028.md) [D:\leaveblackgithub\DDNCadAddins\src\DDNCadAddins\DDNCadAddins\DDNCadAddins.csproj]
D:\leaveblackgithub\DDNCadAddins\src\DDNCadAddins\DDNCadAddins\Infrastructure\AcadUserMessageService.cs(1,1): warning SA1633: The file header is missing or not located at the top of the file. (https://github.com/DotNetAnalyzers/StyleCopAnalyzers/blob/master/documentation/SA1633.md) [D:\leaveblackgithub\DDNCadAddins\src\DDNCadAddins\DDNCadAddins\DDNCadAddins.csproj]
D:\leaveblackgithub\DDNCadAddins\src\DDNCadAddins\DDNCadAddins\Infrastructure\AcadUserMessageService.cs(4,1): warning SA1515: Single-line comment should be preceded by blank line (https://github.com/DotNetAnalyzers/StyleCopAnalyzers/blob/master/documentation/SA1515.md) [D:\leaveblackgithub\DDNCadAddins\src\DDNCadAddins\DDNCadAddins\DDNCadAddins.csproj]
D:\leaveblackgithub\DDNCadAddins\src\DDNCadAddins\DDNCadAddins\Infrastructure\AcadUserMessageService.cs(15,1): warning SA1028: Code should not contain trailing whitespace (https://github.com/DotNetAnalyzers/StyleCopAnalyzers/blob/master/documentation/SA1028.md) [D:\leaveblackgithub\DDNCadAddins\src\DDNCadAddins\DDNCadAddins\DDNCadAddins.csproj]
D:\leaveblackgithub\DDNCadAddins\src\DDNCadAddins\DDNCadAddins\Infrastructure\AcadUserMessageService.cs(24,1): warning SA1028: Code should not contain trailing whitespace (https://github.com/DotNetAnalyzers/StyleCopAnalyzers/blob/master/documentation/SA1028.md) [D:\leaveblackgithub\DDNCadAddins\src\DDNCadAddins\DDNCadAddins\DDNCadAddins.csproj]
D:\leaveblackgithub\DDNCadAddins\src\DDNCadAddins\DDNCadAddins\Infrastructure\AcadUserMessageService.cs(33,1): warning SA1028: Code should not contain trailing whitespace (https://github.com/DotNetAnalyzers/StyleCopAnalyzers/blob/master/documentation/SA1028.md) [D:\leaveblackgithub\DDNCadAddins\src\DDNCadAddins\DDNCadAddins\DDNCadAddins.csproj]
D:\leaveblackgithub\DDNCadAddins\src\DDNCadAddins\DDNCadAddins\Infrastructure\AcadUserMessageService.cs(45,1): warning SA1028: Code should not contain trailing whitespace (https://github.com/DotNetAnalyzers/StyleCopAnalyzers/blob/master/documentation/SA1028.md) [D:\leaveblackgithub\DDNCadAddins\src\DDNCadAddins\DDNCadAddins\DDNCadAddins.csproj]
D:\leaveblackgithub\DDNCadAddins\src\DDNCadAddins\DDNCadAddins\Infrastructure\AcadUserMessageService.cs(48,1): warning SA1028: Code should not contain trailing whitespace (https://github.com/DotNetAnalyzers/StyleCopAnalyzers/blob/master/documentation/SA1028.md) [D:\leaveblackgithub\DDNCadAddins\src\DDNCadAddins\DDNCadAddins\DDNCadAddins.csproj]
D:\leaveblackgithub\DDNCadAddins\src\DDNCadAddins\DDNCadAddins\Infrastructure\AcadUserMessageService.cs(60,1): warning SA1028: Code should not contain trailing whitespace (https://github.com/DotNetAnalyzers/StyleCopAnalyzers/blob/master/documentation/SA1028.md) [D:\leaveblackgithub\DDNCadAddins\src\DDNCadAddins\DDNCadAddins\DDNCadAddins.csproj]
D:\leaveblackgithub\DDNCadAddins\src\DDNCadAddins\DDNCadAddins\Infrastructure\AcadUserMessageService.cs(63,1): warning SA1028: Code should not contain trailing whitespace (https://github.com/DotNetAnalyzers/StyleCopAnalyzers/blob/master/documentation/SA1028.md) [D:\leaveblackgithub\DDNCadAddins\src\DDNCadAddins\DDNCadAddins\DDNCadAddins.csproj]
D:\leaveblackgithub\DDNCadAddins\src\DDNCadAddins\DDNCadAddins\Infrastructure\AcadUserMessageService.cs(75,1): warning SA1028: Code should not contain trailing whitespace (https://github.com/DotNetAnalyzers/StyleCopAnalyzers/blob/master/documentation/SA1028.md) [D:\leaveblackgithub\DDNCadAddins\src\DDNCadAddins\DDNCadAddins\DDNCadAddins.csproj]
D:\leaveblackgithub\DDNCadAddins\src\DDNCadAddins\DDNCadAddins\Infrastructure\AcadUserMessageService.cs(78,1): warning SA1028: Code should not contain trailing whitespace (https://github.com/DotNetAnalyzers/StyleCopAnalyzers/blob/master/documentation/SA1028.md) [D:\leaveblackgithub\DDNCadAddins\src\DDNCadAddins\DDNCadAddins\DDNCadAddins.csproj]
D:\leaveblackgithub\DDNCadAddins\src\DDNCadAddins\DDNCadAddins\Infrastructure\AcadUserMessageService.cs(98,1): warning SA1028: Code should not contain trailing whitespace (https://github.com/DotNetAnalyzers/StyleCopAnalyzers/blob/master/documentation/SA1028.md) [D:\leaveblackgithub\DDNCadAddins\src\DDNCadAddins\DDNCadAddins\DDNCadAddins.csproj]
D:\leaveblackgithub\DDNCadAddins\src\DDNCadAddins\DDNCadAddins\Infrastructure\AcadUserMessageService.cs(108,1): warning SA1028: Code should not contain trailing whitespace (https://github.com/DotNetAnalyzers/StyleCopAnalyzers/blob/master/documentation/SA1028.md) [D:\leaveblackgithub\DDNCadAddins\src\DDNCadAddins\DDNCadAddins\DDNCadAddins.csproj]
D:\leaveblackgithub\DDNCadAddins\src\DDNCadAddins\DDNCadAddins\Infrastructure\AcadUserMessageService.cs(119,2): warning SA1028: Code should not contain trailing whitespace (https://github.com/DotNetAnalyzers/StyleCopAnalyzers/blob/master/documentation/SA1028.md) [D:\leaveblackgithub\DDNCadAddins\src\DDNCadAddins\DDNCadAddins\DDNCadAddins.csproj]
D:\leaveblackgithub\DDNCadAddins\src\DDNCadAddins\DDNCadAddins\Infrastructure\EmptyLogger.cs(1,1): warning SA1633: The file header is missing or not located at the top of the file. (https://github.com/DotNetAnalyzers/StyleCopAnalyzers/blob/master/documentation/SA1633.md) [D:\leaveblackgithub\DDNCadAddins\src\DDNCadAddins\DDNCadAddins\DDNCadAddins.csproj]
D:\leaveblackgithub\DDNCadAddins\src\DDNCadAddins\DDNCadAddins\Infrastructure\EmptyLogger.cs(18,1): warning SA1028: Code should not contain trailing whitespace (https://github.com/DotNetAnalyzers/StyleCopAnalyzers/blob/master/documentation/SA1028.md) [D:\leaveblackgithub\DDNCadAddins\src\DDNCadAddins\DDNCadAddins\DDNCadAddins.csproj]
D:\leaveblackgithub\DDNCadAddins\src\DDNCadAddins\DDNCadAddins\Infrastructure\EmptyLogger.cs(28,1): warning SA1028: Code should not contain trailing whitespace (https://github.com/DotNetAnalyzers/StyleCopAnalyzers/blob/master/documentation/SA1028.md) [D:\leaveblackgithub\DDNCadAddins\src\DDNCadAddins\DDNCadAddins\DDNCadAddins.csproj]
D:\leaveblackgithub\DDNCadAddins\src\DDNCadAddins\DDNCadAddins\Infrastructure\EmptyLogger.cs(36,1): warning SA1028: Code should not contain trailing whitespace (https://github.com/DotNetAnalyzers/StyleCopAnalyzers/blob/master/documentation/SA1028.md) [D:\leaveblackgithub\DDNCadAddins\src\DDNCadAddins\DDNCadAddins\DDNCadAddins.csproj]
D:\leaveblackgithub\DDNCadAddins\src\DDNCadAddins\DDNCadAddins\Infrastructure\EmptyLogger.cs(46,1): warning SA1028: Code should not contain trailing whitespace (https://github.com/DotNetAnalyzers/StyleCopAnalyzers/blob/master/documentation/SA1028.md) [D:\leaveblackgithub\DDNCadAddins\src\DDNCadAddins\DDNCadAddins\DDNCadAddins.csproj]
D:\leaveblackgithub\DDNCadAddins\src\DDNCadAddins\DDNCadAddins\Infrastructure\EmptyLogger.cs(55,1): warning SA1028: Code should not contain trailing whitespace (https://github.com/DotNetAnalyzers/StyleCopAnalyzers/blob/master/documentation/SA1028.md) [D:\leaveblackgithub\DDNCadAddins\src\DDNCadAddins\DDNCadAddins\DDNCadAddins.csproj]
D:\leaveblackgithub\DDNCadAddins\src\DDNCadAddins\DDNCadAddins\Infrastructure\EmptyLogger.cs(64,1): warning SA1028: Code should not contain trailing whitespace (https://github.com/DotNetAnalyzers/StyleCopAnalyzers/blob/master/documentation/SA1028.md) [D:\leaveblackgithub\DDNCadAddins\src\DDNCadAddins\DDNCadAddins\DDNCadAddins.csproj]
D:\leaveblackgithub\DDNCadAddins\src\DDNCadAddins\DDNCadAddins\Infrastructure\EmptyLogger.cs(73,1): warning SA1028: Code should not contain trailing whitespace (https://github.com/DotNetAnalyzers/StyleCopAnalyzers/blob/master/documentation/SA1028.md) [D:\leaveblackgithub\DDNCadAddins\src\DDNCadAddins\DDNCadAddins\DDNCadAddins.csproj]
D:\leaveblackgithub\DDNCadAddins\src\DDNCadAddins\DDNCadAddins\Infrastructure\EmptyLogger.cs(83,2): warning SA1028: Code should not contain trailing whitespace (https://github.com/DotNetAnalyzers/StyleCopAnalyzers/blob/master/documentation/SA1028.md) [D:\leaveblackgithub\DDNCadAddins\src\DDNCadAddins\DDNCadAddins\DDNCadAddins.csproj]
D:\leaveblackgithub\DDNCadAddins\src\DDNCadAddins\DDNCadAddins\Infrastructure\FileLogger.cs(1,1): warning SA1633: The file header is missing or not located at the top of the file. (https://github.com/DotNetAnalyzers/StyleCopAnalyzers/blob/master/documentation/SA1633.md) [D:\leaveblackgithub\DDNCadAddins\src\DDNCadAddins\DDNCadAddins\DDNCadAddins.csproj]
D:\leaveblackgithub\DDNCadAddins\src\DDNCadAddins\DDNCadAddins\Infrastructure\FileLogger.cs(7,1): warning SA1515: Single-line comment should be preceded by blank line (https://github.com/DotNetAnalyzers/StyleCopAnalyzers/blob/master/documentation/SA1515.md) [D:\leaveblackgithub\DDNCadAddins\src\DDNCadAddins\DDNCadAddins\DDNCadAddins.csproj]
D:\leaveblackgithub\DDNCadAddins\src\DDNCadAddins\DDNCadAddins\Infrastructure\FileLogger.cs(21,1): warning SA1028: Code should not contain trailing whitespace (https://github.com/DotNetAnalyzers/StyleCopAnalyzers/blob/master/documentation/SA1028.md) [D:\leaveblackgithub\DDNCadAddins\src\DDNCadAddins\DDNCadAddins\DDNCadAddins.csproj]
D:\leaveblackgithub\DDNCadAddins\src\DDNCadAddins\DDNCadAddins\Infrastructure\FileLogger.cs(26,1): warning SA1028: Code should not contain trailing whitespace (https://github.com/DotNetAnalyzers/StyleCopAnalyzers/blob/master/documentation/SA1028.md) [D:\leaveblackgithub\DDNCadAddins\src\DDNCadAddins\DDNCadAddins\DDNCadAddins.csproj]
D:\leaveblackgithub\DDNCadAddins\src\DDNCadAddins\DDNCadAddins\Infrastructure\FileLogger.cs(38,1): warning SA1028: Code should not contain trailing whitespace (https://github.com/DotNetAnalyzers/StyleCopAnalyzers/blob/master/documentation/SA1028.md) [D:\leaveblackgithub\DDNCadAddins\src\DDNCadAddins\DDNCadAddins\DDNCadAddins.csproj]
D:\leaveblackgithub\DDNCadAddins\src\DDNCadAddins\DDNCadAddins\Infrastructure\FileLogger.cs(49,1): warning SA1028: Code should not contain trailing whitespace (https://github.com/DotNetAnalyzers/StyleCopAnalyzers/blob/master/documentation/SA1028.md) [D:\leaveblackgithub\DDNCadAddins\src\DDNCadAddins\DDNCadAddins\DDNCadAddins.csproj]
D:\leaveblackgithub\DDNCadAddins\src\DDNCadAddins\DDNCadAddins\Infrastructure\FileLogger.cs(55,1): warning SA1028: Code should not contain trailing whitespace (https://github.com/DotNetAnalyzers/StyleCopAnalyzers/blob/master/documentation/SA1028.md) [D:\leaveblackgithub\DDNCadAddins\src\DDNCadAddins\DDNCadAddins\DDNCadAddins.csproj]
D:\leaveblackgithub\DDNCadAddins\src\DDNCadAddins\DDNCadAddins\Infrastructure\FileLogger.cs(59,1): warning SA1028: Code should not contain trailing whitespace (https://github.com/DotNetAnalyzers/StyleCopAnalyzers/blob/master/documentation/SA1028.md) [D:\leaveblackgithub\DDNCadAddins\src\DDNCadAddins\DDNCadAddins\DDNCadAddins.csproj]
D:\leaveblackgithub\DDNCadAddins\src\DDNCadAddins\DDNCadAddins\Infrastructure\FileLogger.cs(63,1): warning SA1028: Code should not contain trailing whitespace (https://github.com/DotNetAnalyzers/StyleCopAnalyzers/blob/master/documentation/SA1028.md) [D:\leaveblackgithub\DDNCadAddins\src\DDNCadAddins\DDNCadAddins\DDNCadAddins.csproj]
D:\leaveblackgithub\DDNCadAddins\src\DDNCadAddins\DDNCadAddins\Infrastructure\FileLogger.cs(80,1): warning SA1028: Code should not contain trailing whitespace (https://github.com/DotNetAnalyzers/StyleCopAnalyzers/blob/master/documentation/SA1028.md) [D:\leaveblackgithub\DDNCadAddins\src\DDNCadAddins\DDNCadAddins\DDNCadAddins.csproj]
D:\leaveblackgithub\DDNCadAddins\src\DDNCadAddins\DDNCadAddins\Infrastructure\FileLogger.cs(92,1): warning SA1028: Code should not contain trailing whitespace (https://github.com/DotNetAnalyzers/StyleCopAnalyzers/blob/master/documentation/SA1028.md) [D:\leaveblackgithub\DDNCadAddins\src\DDNCadAddins\DDNCadAddins\DDNCadAddins.csproj]
D:\leaveblackgithub\DDNCadAddins\src\DDNCadAddins\DDNCadAddins\Infrastructure\FileLogger.cs(98,1): warning SA1028: Code should not contain trailing whitespace (https://github.com/DotNetAnalyzers/StyleCopAnalyzers/blob/master/documentation/SA1028.md) [D:\leaveblackgithub\DDNCadAddins\src\DDNCadAddins\DDNCadAddins\DDNCadAddins.csproj]
D:\leaveblackgithub\DDNCadAddins\src\DDNCadAddins\DDNCadAddins\Infrastructure\FileLogger.cs(101,1): warning SA1028: Code should not contain trailing whitespace (https://github.com/DotNetAnalyzers/StyleCopAnalyzers/blob/master/documentation/SA1028.md) [D:\leaveblackgithub\DDNCadAddins\src\DDNCadAddins\DDNCadAddins\DDNCadAddins.csproj]
D:\leaveblackgithub\DDNCadAddins\src\DDNCadAddins\DDNCadAddins\Infrastructure\FileLogger.cs(117,1): warning SA1028: Code should not contain trailing whitespace (https://github.com/DotNetAnalyzers/StyleCopAnalyzers/blob/master/documentation/SA1028.md) [D:\leaveblackgithub\DDNCadAddins\src\DDNCadAddins\DDNCadAddins\DDNCadAddins.csproj]
D:\leaveblackgithub\DDNCadAddins\src\DDNCadAddins\DDNCadAddins\Infrastructure\FileLogger.cs(133,1): warning SA1028: Code should not contain trailing whitespace (https://github.com/DotNetAnalyzers/StyleCopAnalyzers/blob/master/documentation/SA1028.md) [D:\leaveblackgithub\DDNCadAddins\src\DDNCadAddins\DDNCadAddins\DDNCadAddins.csproj]
D:\leaveblackgithub\DDNCadAddins\src\DDNCadAddins\DDNCadAddins\Infrastructure\FileLogger.cs(147,1): warning SA1028: Code should not contain trailing whitespace (https://github.com/DotNetAnalyzers/StyleCopAnalyzers/blob/master/documentation/SA1028.md) [D:\leaveblackgithub\DDNCadAddins\src\DDNCadAddins\DDNCadAddins\DDNCadAddins.csproj]
D:\leaveblackgithub\DDNCadAddins\src\DDNCadAddins\DDNCadAddins\Infrastructure\FileLogger.cs(159,1): warning SA1028: Code should not contain trailing whitespace (https://github.com/DotNetAnalyzers/StyleCopAnalyzers/blob/master/documentation/SA1028.md) [D:\leaveblackgithub\DDNCadAddins\src\DDNCadAddins\DDNCadAddins\DDNCadAddins.csproj]
D:\leaveblackgithub\DDNCadAddins\src\DDNCadAddins\DDNCadAddins\Infrastructure\FileLogger.cs(168,1): warning SA1028: Code should not contain trailing whitespace (https://github.com/DotNetAnalyzers/StyleCopAnalyzers/blob/master/documentation/SA1028.md) [D:\leaveblackgithub\DDNCadAddins\src\DDNCadAddins\DDNCadAddins\DDNCadAddins.csproj]
D:\leaveblackgithub\DDNCadAddins\src\DDNCadAddins\DDNCadAddins\Infrastructure\FileLogger.cs(184,1): warning SA1028: Code should not contain trailing whitespace (https://github.com/DotNetAnalyzers/StyleCopAnalyzers/blob/master/documentation/SA1028.md) [D:\leaveblackgithub\DDNCadAddins\src\DDNCadAddins\DDNCadAddins\DDNCadAddins.csproj]
D:\leaveblackgithub\DDNCadAddins\src\DDNCadAddins\DDNCadAddins\Infrastructure\FileLogger.cs(190,1): warning SA1028: Code should not contain trailing whitespace (https://github.com/DotNetAnalyzers/StyleCopAnalyzers/blob/master/documentation/SA1028.md) [D:\leaveblackgithub\DDNCadAddins\src\DDNCadAddins\DDNCadAddins\DDNCadAddins.csproj]
D:\leaveblackgithub\DDNCadAddins\src\DDNCadAddins\DDNCadAddins\Infrastructure\FileLogger.cs(199,2): warning SA1028: Code should not contain trailing whitespace (https://github.com/DotNetAnalyzers/StyleCopAnalyzers/blob/master/documentation/SA1028.md) [D:\leaveblackgithub\DDNCadAddins\src\DDNCadAddins\DDNCadAddins\DDNCadAddins.csproj]
D:\leaveblackgithub\DDNCadAddins\src\DDNCadAddins\DDNCadAddins\Infrastructure\ILogger.cs(1,1): warning SA1633: The file header is missing or not located at the top of the file. (https://github.com/DotNetAnalyzers/StyleCopAnalyzers/blob/master/documentation/SA1633.md) [D:\leaveblackgithub\DDNCadAddins\src\DDNCadAddins\DDNCadAddins\DDNCadAddins.csproj]
D:\leaveblackgithub\DDNCadAddins\src\DDNCadAddins\DDNCadAddins\Infrastructure\ILogger.cs(15,1): warning SA1028: Code should not contain trailing whitespace (https://github.com/DotNetAnalyzers/StyleCopAnalyzers/blob/master/documentation/SA1028.md) [D:\leaveblackgithub\DDNCadAddins\src\DDNCadAddins\DDNCadAddins\DDNCadAddins.csproj]
D:\leaveblackgithub\DDNCadAddins\src\DDNCadAddins\DDNCadAddins\Infrastructure\ILogger.cs(22,1): warning SA1028: Code should not contain trailing whitespace (https://github.com/DotNetAnalyzers/StyleCopAnalyzers/blob/master/documentation/SA1028.md) [D:\leaveblackgithub\DDNCadAddins\src\DDNCadAddins\DDNCadAddins\DDNCadAddins.csproj]
D:\leaveblackgithub\DDNCadAddins\src\DDNCadAddins\DDNCadAddins\Infrastructure\ILogger.cs(29,1): warning SA1028: Code should not contain trailing whitespace (https://github.com/DotNetAnalyzers/StyleCopAnalyzers/blob/master/documentation/SA1028.md) [D:\leaveblackgithub\DDNCadAddins\src\DDNCadAddins\DDNCadAddins\DDNCadAddins.csproj]
D:\leaveblackgithub\DDNCadAddins\src\DDNCadAddins\DDNCadAddins\Infrastructure\ILogger.cs(35,2): warning SA1028: Code should not contain trailing whitespace (https://github.com/DotNetAnalyzers/StyleCopAnalyzers/blob/master/documentation/SA1028.md) [D:\leaveblackgithub\DDNCadAddins\src\DDNCadAddins\DDNCadAddins\DDNCadAddins.csproj]
D:\leaveblackgithub\DDNCadAddins\src\DDNCadAddins\DDNCadAddins\Infrastructure\IUserMessageService.cs(1,1): warning SA1633: The file header is missing or not located at the top of the file. (https://github.com/DotNetAnalyzers/StyleCopAnalyzers/blob/master/documentation/SA1633.md) [D:\leaveblackgithub\DDNCadAddins\src\DDNCadAddins\DDNCadAddins\DDNCadAddins.csproj]
D:\leaveblackgithub\DDNCadAddins\src\DDNCadAddins\DDNCadAddins\Infrastructure\IUserMessageService.cs(15,1): warning SA1028: Code should not contain trailing whitespace (https://github.com/DotNetAnalyzers/StyleCopAnalyzers/blob/master/documentation/SA1028.md) [D:\leaveblackgithub\DDNCadAddins\src\DDNCadAddins\DDNCadAddins\DDNCadAddins.csproj]
D:\leaveblackgithub\DDNCadAddins\src\DDNCadAddins\DDNCadAddins\Infrastructure\IUserMessageService.cs(21,1): warning SA1028: Code should not contain trailing whitespace (https://github.com/DotNetAnalyzers/StyleCopAnalyzers/blob/master/documentation/SA1028.md) [D:\leaveblackgithub\DDNCadAddins\src\DDNCadAddins\DDNCadAddins\DDNCadAddins.csproj]
D:\leaveblackgithub\DDNCadAddins\src\DDNCadAddins\DDNCadAddins\Infrastructure\IUserMessageService.cs(27,1): warning SA1028: Code should not contain trailing whitespace (https://github.com/DotNetAnalyzers/StyleCopAnalyzers/blob/master/documentation/SA1028.md) [D:\leaveblackgithub\DDNCadAddins\src\DDNCadAddins\DDNCadAddins\DDNCadAddins.csproj]
D:\leaveblackgithub\DDNCadAddins\src\DDNCadAddins\DDNCadAddins\Infrastructure\IUserMessageService.cs(34,1): warning SA1028: Code should not contain trailing whitespace (https://github.com/DotNetAnalyzers/StyleCopAnalyzers/blob/master/documentation/SA1028.md) [D:\leaveblackgithub\DDNCadAddins\src\DDNCadAddins\DDNCadAddins\DDNCadAddins.csproj]
D:\leaveblackgithub\DDNCadAddins\src\DDNCadAddins\DDNCadAddins\Infrastructure\IUserMessageService.cs(41,2): warning SA1028: Code should not contain trailing whitespace (https://github.com/DotNetAnalyzers/StyleCopAnalyzers/blob/master/documentation/SA1028.md) [D:\leaveblackgithub\DDNCadAddins\src\DDNCadAddins\DDNCadAddins\DDNCadAddins.csproj]
D:\leaveblackgithub\DDNCadAddins\src\DDNCadAddins\DDNCadAddins\Infrastructure\ServiceLocator.cs(1,1): warning SA1633: The file header is missing or not located at the top of the file. (https://github.com/DotNetAnalyzers/StyleCopAnalyzers/blob/master/documentation/SA1633.md) [D:\leaveblackgithub\DDNCadAddins\src\DDNCadAddins\DDNCadAddins\DDNCadAddins.csproj]
D:\leaveblackgithub\DDNCadAddins\src\DDNCadAddins\DDNCadAddins\Infrastructure\ServiceLocator.cs(99,18): warning SA1513: Closing brace should be followed by blank line (https://github.com/DotNetAnalyzers/StyleCopAnalyzers/blob/master/documentation/SA1513.md) [D:\leaveblackgithub\DDNCadAddins\src\DDNCadAddins\DDNCadAddins\DDNCadAddins.csproj]
D:\leaveblackgithub\DDNCadAddins\src\DDNCadAddins\DDNCadAddins\Infrastructure\ServiceLocator.cs(17,1): warning SA1028: Code should not contain trailing whitespace (https://github.com/DotNetAnalyzers/StyleCopAnalyzers/blob/master/documentation/SA1028.md) [D:\leaveblackgithub\DDNCadAddins\src\DDNCadAddins\DDNCadAddins\DDNCadAddins.csproj]
D:\leaveblackgithub\DDNCadAddins\src\DDNCadAddins\DDNCadAddins\Infrastructure\ServiceLocator.cs(27,1): warning SA1028: Code should not contain trailing whitespace (https://github.com/DotNetAnalyzers/StyleCopAnalyzers/blob/master/documentation/SA1028.md) [D:\leaveblackgithub\DDNCadAddins\src\DDNCadAddins\DDNCadAddins\DDNCadAddins.csproj]
D:\leaveblackgithub\DDNCadAddins\src\DDNCadAddins\DDNCadAddins\Infrastructure\ServiceLocator.cs(34,1): warning SA1028: Code should not contain trailing whitespace (https://github.com/DotNetAnalyzers/StyleCopAnalyzers/blob/master/documentation/SA1028.md) [D:\leaveblackgithub\DDNCadAddins\src\DDNCadAddins\DDNCadAddins\DDNCadAddins.csproj]
D:\leaveblackgithub\DDNCadAddins\src\DDNCadAddins\DDNCadAddins\Infrastructure\ServiceLocator.cs(39,1): warning SA1028: Code should not contain trailing whitespace (https://github.com/DotNetAnalyzers/StyleCopAnalyzers/blob/master/documentation/SA1028.md) [D:\leaveblackgithub\DDNCadAddins\src\DDNCadAddins\DDNCadAddins\DDNCadAddins.csproj]
D:\leaveblackgithub\DDNCadAddins\src\DDNCadAddins\DDNCadAddins\Infrastructure\ServiceLocator.cs(47,1): warning SA1028: Code should not contain trailing whitespace (https://github.com/DotNetAnalyzers/StyleCopAnalyzers/blob/master/documentation/SA1028.md) [D:\leaveblackgithub\DDNCadAddins\src\DDNCadAddins\DDNCadAddins\DDNCadAddins.csproj]
D:\leaveblackgithub\DDNCadAddins\src\DDNCadAddins\DDNCadAddins\Infrastructure\ServiceLocator.cs(50,1): warning SA1028: Code should not contain trailing whitespace (https://github.com/DotNetAnalyzers/StyleCopAnalyzers/blob/master/documentation/SA1028.md) [D:\leaveblackgithub\DDNCadAddins\src\DDNCadAddins\DDNCadAddins\DDNCadAddins.csproj]
D:\leaveblackgithub\DDNCadAddins\src\DDNCadAddins\DDNCadAddins\Infrastructure\ServiceLocator.cs(54,60): warning SA1028: Code should not contain trailing whitespace (https://github.com/DotNetAnalyzers/StyleCopAnalyzers/blob/master/documentation/SA1028.md) [D:\leaveblackgithub\DDNCadAddins\src\DDNCadAddins\DDNCadAddins\DDNCadAddins.csproj]
D:\leaveblackgithub\DDNCadAddins\src\DDNCadAddins\DDNCadAddins\Infrastructure\ServiceLocator.cs(56,1): warning SA1028: Code should not contain trailing whitespace (https://github.com/DotNetAnalyzers/StyleCopAnalyzers/blob/master/documentation/SA1028.md) [D:\leaveblackgithub\DDNCadAddins\src\DDNCadAddins\DDNCadAddins\DDNCadAddins.csproj]
D:\leaveblackgithub\DDNCadAddins\src\DDNCadAddins\DDNCadAddins\Infrastructure\ServiceLocator.cs(63,1): warning SA1028: Code should not contain trailing whitespace (https://github.com/DotNetAnalyzers/StyleCopAnalyzers/blob/master/documentation/SA1028.md) [D:\leaveblackgithub\DDNCadAddins\src\DDNCadAddins\DDNCadAddins\DDNCadAddins.csproj]
D:\leaveblackgithub\DDNCadAddins\src\DDNCadAddins\DDNCadAddins\Infrastructure\ServiceLocator.cs(65,56): warning SA1028: Code should not contain trailing whitespace (https://github.com/DotNetAnalyzers/StyleCopAnalyzers/blob/master/documentation/SA1028.md) [D:\leaveblackgithub\DDNCadAddins\src\DDNCadAddins\DDNCadAddins\DDNCadAddins.csproj]
D:\leaveblackgithub\DDNCadAddins\src\DDNCadAddins\DDNCadAddins\Infrastructure\ServiceLocator.cs(67,1): warning SA1028: Code should not contain trailing whitespace (https://github.com/DotNetAnalyzers/StyleCopAnalyzers/blob/master/documentation/SA1028.md) [D:\leaveblackgithub\DDNCadAddins\src\DDNCadAddins\DDNCadAddins\DDNCadAddins.csproj]
D:\leaveblackgithub\DDNCadAddins\src\DDNCadAddins\DDNCadAddins\Infrastructure\ServiceLocator.cs(68,50): warning SA1028: Code should not contain trailing whitespace (https://github.com/DotNetAnalyzers/StyleCopAnalyzers/blob/master/documentation/SA1028.md) [D:\leaveblackgithub\DDNCadAddins\src\DDNCadAddins\DDNCadAddins\DDNCadAddins.csproj]
D:\leaveblackgithub\DDNCadAddins\src\DDNCadAddins\DDNCadAddins\Infrastructure\ServiceLocator.cs(71,1): warning SA1028: Code should not contain trailing whitespace (https://github.com/DotNetAnalyzers/StyleCopAnalyzers/blob/master/documentation/SA1028.md) [D:\leaveblackgithub\DDNCadAddins\src\DDNCadAddins\DDNCadAddins\DDNCadAddins.csproj]
D:\leaveblackgithub\DDNCadAddins\src\DDNCadAddins\DDNCadAddins\Infrastructure\ServiceLocator.cs(83,1): warning SA1028: Code should not contain trailing whitespace (https://github.com/DotNetAnalyzers/StyleCopAnalyzers/blob/master/documentation/SA1028.md) [D:\leaveblackgithub\DDNCadAddins\src\DDNCadAddins\DDNCadAddins\DDNCadAddins.csproj]
D:\leaveblackgithub\DDNCadAddins\src\DDNCadAddins\DDNCadAddins\Infrastructure\ServiceLocator.cs(103,1): warning SA1028: Code should not contain trailing whitespace (https://github.com/DotNetAnalyzers/StyleCopAnalyzers/blob/master/documentation/SA1028.md) [D:\leaveblackgithub\DDNCadAddins\src\DDNCadAddins\DDNCadAddins\DDNCadAddins.csproj]
D:\leaveblackgithub\DDNCadAddins\src\DDNCadAddins\DDNCadAddins\Infrastructure\ServiceLocator.cs(115,1): warning SA1028: Code should not contain trailing whitespace (https://github.com/DotNetAnalyzers/StyleCopAnalyzers/blob/master/documentation/SA1028.md) [D:\leaveblackgithub\DDNCadAddins\src\DDNCadAddins\DDNCadAddins\DDNCadAddins.csproj]
D:\leaveblackgithub\DDNCadAddins\src\DDNCadAddins\DDNCadAddins\Infrastructure\ServiceLocator.cs(126,1): warning SA1028: Code should not contain trailing whitespace (https://github.com/DotNetAnalyzers/StyleCopAnalyzers/blob/master/documentation/SA1028.md) [D:\leaveblackgithub\DDNCadAddins\src\DDNCadAddins\DDNCadAddins\DDNCadAddins.csproj]
D:\leaveblackgithub\DDNCadAddins\src\DDNCadAddins\DDNCadAddins\Infrastructure\ServiceLocator.cs(138,1): warning SA1028: Code should not contain trailing whitespace (https://github.com/DotNetAnalyzers/StyleCopAnalyzers/blob/master/documentation/SA1028.md) [D:\leaveblackgithub\DDNCadAddins\src\DDNCadAddins\DDNCadAddins\DDNCadAddins.csproj]
D:\leaveblackgithub\DDNCadAddins\src\DDNCadAddins\DDNCadAddins\Infrastructure\ServiceLocator.cs(144,1): warning SA1028: Code should not contain trailing whitespace (https://github.com/DotNetAnalyzers/StyleCopAnalyzers/blob/master/documentation/SA1028.md) [D:\leaveblackgithub\DDNCadAddins\src\DDNCadAddins\DDNCadAddins\DDNCadAddins.csproj]
D:\leaveblackgithub\DDNCadAddins\src\DDNCadAddins\DDNCadAddins\Infrastructure\ServiceLocator.cs(147,1): warning SA1028: Code should not contain trailing whitespace (https://github.com/DotNetAnalyzers/StyleCopAnalyzers/blob/master/documentation/SA1028.md) [D:\leaveblackgithub\DDNCadAddins\src\DDNCadAddins\DDNCadAddins\DDNCadAddins.csproj]
D:\leaveblackgithub\DDNCadAddins\src\DDNCadAddins\DDNCadAddins\Infrastructure\ServiceLocator.cs(158,1): warning SA1028: Code should not contain trailing whitespace (https://github.com/DotNetAnalyzers/StyleCopAnalyzers/blob/master/documentation/SA1028.md) [D:\leaveblackgithub\DDNCadAddins\src\DDNCadAddins\DDNCadAddins\DDNCadAddins.csproj]
D:\leaveblackgithub\DDNCadAddins\src\DDNCadAddins\DDNCadAddins\Infrastructure\ServiceLocator.cs(167,1): warning SA1028: Code should not contain trailing whitespace (https://github.com/DotNetAnalyzers/StyleCopAnalyzers/blob/master/documentation/SA1028.md) [D:\leaveblackgithub\DDNCadAddins\src\DDNCadAddins\DDNCadAddins\DDNCadAddins.csproj]
D:\leaveblackgithub\DDNCadAddins\src\DDNCadAddins\DDNCadAddins\Infrastructure\ServiceLocator.cs(184,1): warning SA1028: Code should not contain trailing whitespace (https://github.com/DotNetAnalyzers/StyleCopAnalyzers/blob/master/documentation/SA1028.md) [D:\leaveblackgithub\DDNCadAddins\src\DDNCadAddins\DDNCadAddins\DDNCadAddins.csproj]
D:\leaveblackgithub\DDNCadAddins\src\DDNCadAddins\DDNCadAddins\Infrastructure\ServiceLocator.cs(191,1): warning SA1028: Code should not contain trailing whitespace (https://github.com/DotNetAnalyzers/StyleCopAnalyzers/blob/master/documentation/SA1028.md) [D:\leaveblackgithub\DDNCadAddins\src\DDNCadAddins\DDNCadAddins\DDNCadAddins.csproj]
D:\leaveblackgithub\DDNCadAddins\src\DDNCadAddins\DDNCadAddins\Infrastructure\ServiceLocator.cs(195,1): warning SA1028: Code should not contain trailing whitespace (https://github.com/DotNetAnalyzers/StyleCopAnalyzers/blob/master/documentation/SA1028.md) [D:\leaveblackgithub\DDNCadAddins\src\DDNCadAddins\DDNCadAddins\DDNCadAddins.csproj]
D:\leaveblackgithub\DDNCadAddins\src\DDNCadAddins\DDNCadAddins\Infrastructure\ServiceLocator.cs(209,2): warning SA1028: Code should not contain trailing whitespace (https://github.com/DotNetAnalyzers/StyleCopAnalyzers/blob/master/documentation/SA1028.md) [D:\leaveblackgithub\DDNCadAddins\src\DDNCadAddins\DDNCadAddins\DDNCadAddins.csproj]
D:\leaveblackgithub\DDNCadAddins\src\DDNCadAddins\DDNCadAddins\Models\OpResult.cs(1,1): warning SA1633: The file header is missing or not located at the top of the file. (https://github.com/DotNetAnalyzers/StyleCopAnalyzers/blob/master/documentation/SA1633.md) [D:\leaveblackgithub\DDNCadAddins\src\DDNCadAddins\DDNCadAddins\DDNCadAddins.csproj]
D:\leaveblackgithub\DDNCadAddins\src\DDNCadAddins\DDNCadAddins\Models\OpResult.cs(42,18): warning SA1402: File may only contain a single type (https://github.com/DotNetAnalyzers/StyleCopAnalyzers/blob/master/documentation/SA1402.md) [D:\leaveblackgithub\DDNCadAddins\src\DDNCadAddins\DDNCadAddins\DDNCadAddins.csproj]
D:\leaveblackgithub\DDNCadAddins\src\DDNCadAddins\DDNCadAddins\Models\OpResult.cs(15,1): warning SA1028: Code should not contain trailing whitespace (https://github.com/DotNetAnalyzers/StyleCopAnalyzers/blob/master/documentation/SA1028.md) [D:\leaveblackgithub\DDNCadAddins\src\DDNCadAddins\DDNCadAddins\DDNCadAddins.csproj]
D:\leaveblackgithub\DDNCadAddins\src\DDNCadAddins\DDNCadAddins\Models\OpResult.cs(20,1): warning SA1028: Code should not contain trailing whitespace (https://github.com/DotNetAnalyzers/StyleCopAnalyzers/blob/master/documentation/SA1028.md) [D:\leaveblackgithub\DDNCadAddins\src\DDNCadAddins\DDNCadAddins\DDNCadAddins.csproj]
D:\leaveblackgithub\DDNCadAddins\src\DDNCadAddins\DDNCadAddins\Models\OpResult.cs(25,1): warning SA1028: Code should not contain trailing whitespace (https://github.com/DotNetAnalyzers/StyleCopAnalyzers/blob/master/documentation/SA1028.md) [D:\leaveblackgithub\DDNCadAddins\src\DDNCadAddins\DDNCadAddins\DDNCadAddins.csproj]
D:\leaveblackgithub\DDNCadAddins\src\DDNCadAddins\DDNCadAddins\Models\OpResult.cs(37,1): warning SA1028: Code should not contain trailing whitespace (https://github.com/DotNetAnalyzers/StyleCopAnalyzers/blob/master/documentation/SA1028.md) [D:\leaveblackgithub\DDNCadAddins\src\DDNCadAddins\DDNCadAddins\DDNCadAddins.csproj]
D:\leaveblackgithub\DDNCadAddins\src\DDNCadAddins\DDNCadAddins\Models\OpResult.cs(48,1): warning SA1028: Code should not contain trailing whitespace (https://github.com/DotNetAnalyzers/StyleCopAnalyzers/blob/master/documentation/SA1028.md) [D:\leaveblackgithub\DDNCadAddins\src\DDNCadAddins\DDNCadAddins\DDNCadAddins.csproj]
D:\leaveblackgithub\DDNCadAddins\src\DDNCadAddins\DDNCadAddins\Models\OpResult.cs(60,2): warning SA1028: Code should not contain trailing whitespace (https://github.com/DotNetAnalyzers/StyleCopAnalyzers/blob/master/documentation/SA1028.md) [D:\leaveblackgithub\DDNCadAddins\src\DDNCadAddins\DDNCadAddins\DDNCadAddins.csproj]
D:\leaveblackgithub\DDNCadAddins\src\DDNCadAddins\DDNCadAddins\Models\OperationResult.cs(1,1): warning SA1633: The file header is missing or not located at the top of the file. (https://github.com/DotNetAnalyzers/StyleCopAnalyzers/blob/master/documentation/SA1633.md) [D:\leaveblackgithub\DDNCadAddins\src\DDNCadAddins\DDNCadAddins\DDNCadAddins.csproj]
D:\leaveblackgithub\DDNCadAddins\src\DDNCadAddins\DDNCadAddins\Models\OperationResult.cs(8,22): warning SA1649: File name should match first type name. (https://github.com/DotNetAnalyzers/StyleCopAnalyzers/blob/master/documentation/SA1649.md) [D:\leaveblackgithub\DDNCadAddins\src\DDNCadAddins\DDNCadAddins\DDNCadAddins.csproj]
D:\leaveblackgithub\DDNCadAddins\src\DDNCadAddins\DDNCadAddins\Models\OperationResult.cs(200,18): warning SA1402: File may only contain a single type (https://github.com/DotNetAnalyzers/StyleCopAnalyzers/blob/master/documentation/SA1402.md) [D:\leaveblackgithub\DDNCadAddins\src\DDNCadAddins\DDNCadAddins\DDNCadAddins.csproj]
D:\leaveblackgithub\DDNCadAddins\src\DDNCadAddins\DDNCadAddins\Models\OperationResult.cs(14,1): warning SA1028: Code should not contain trailing whitespace (https://github.com/DotNetAnalyzers/StyleCopAnalyzers/blob/master/documentation/SA1028.md) [D:\leaveblackgithub\DDNCadAddins\src\DDNCadAddins\DDNCadAddins\DDNCadAddins.csproj]
D:\leaveblackgithub\DDNCadAddins\src\DDNCadAddins\DDNCadAddins\Models\OperationResult.cs(19,1): warning SA1028: Code should not contain trailing whitespace (https://github.com/DotNetAnalyzers/StyleCopAnalyzers/blob/master/documentation/SA1028.md) [D:\leaveblackgithub\DDNCadAddins\src\DDNCadAddins\DDNCadAddins\DDNCadAddins.csproj]
D:\leaveblackgithub\DDNCadAddins\src\DDNCadAddins\DDNCadAddins\Models\OperationResult.cs(24,1): warning SA1028: Code should not contain trailing whitespace (https://github.com/DotNetAnalyzers/StyleCopAnalyzers/blob/master/documentation/SA1028.md) [D:\leaveblackgithub\DDNCadAddins\src\DDNCadAddins\DDNCadAddins\DDNCadAddins.csproj]
D:\leaveblackgithub\DDNCadAddins\src\DDNCadAddins\DDNCadAddins\Models\OperationResult.cs(29,1): warning SA1028: Code should not contain trailing whitespace (https://github.com/DotNetAnalyzers/StyleCopAnalyzers/blob/master/documentation/SA1028.md) [D:\leaveblackgithub\DDNCadAddins\src\DDNCadAddins\DDNCadAddins\DDNCadAddins.csproj]
D:\leaveblackgithub\DDNCadAddins\src\DDNCadAddins\DDNCadAddins\Models\OperationResult.cs(35,1): warning SA1028: Code should not contain trailing whitespace (https://github.com/DotNetAnalyzers/StyleCopAnalyzers/blob/master/documentation/SA1028.md) [D:\leaveblackgithub\DDNCadAddins\src\DDNCadAddins\DDNCadAddins\DDNCadAddins.csproj]
D:\leaveblackgithub\DDNCadAddins\src\DDNCadAddins\DDNCadAddins\Models\OperationResult.cs(47,1): warning SA1028: Code should not contain trailing whitespace (https://github.com/DotNetAnalyzers/StyleCopAnalyzers/blob/master/documentation/SA1028.md) [D:\leaveblackgithub\DDNCadAddins\src\DDNCadAddins\DDNCadAddins\DDNCadAddins.csproj]
D:\leaveblackgithub\DDNCadAddins\src\DDNCadAddins\DDNCadAddins\Models\OperationResult.cs(57,1): warning SA1028: Code should not contain trailing whitespace (https://github.com/DotNetAnalyzers/StyleCopAnalyzers/blob/master/documentation/SA1028.md) [D:\leaveblackgithub\DDNCadAddins\src\DDNCadAddins\DDNCadAddins\DDNCadAddins.csproj]
D:\leaveblackgithub\DDNCadAddins\src\DDNCadAddins\DDNCadAddins\Models\OperationResult.cs(62,1): warning SA1028: Code should not contain trailing whitespace (https://github.com/DotNetAnalyzers/StyleCopAnalyzers/blob/master/documentation/SA1028.md) [D:\leaveblackgithub\DDNCadAddins\src\DDNCadAddins\DDNCadAddins\DDNCadAddins.csproj]
D:\leaveblackgithub\DDNCadAddins\src\DDNCadAddins\DDNCadAddins\Models\OperationResult.cs(67,1): warning SA1028: Code should not contain trailing whitespace (https://github.com/DotNetAnalyzers/StyleCopAnalyzers/blob/master/documentation/SA1028.md) [D:\leaveblackgithub\DDNCadAddins\src\DDNCadAddins\DDNCadAddins\DDNCadAddins.csproj]
D:\leaveblackgithub\DDNCadAddins\src\DDNCadAddins\DDNCadAddins\Models\OperationResult.cs(73,1): warning SA1028: Code should not contain trailing whitespace (https://github.com/DotNetAnalyzers/StyleCopAnalyzers/blob/master/documentation/SA1028.md) [D:\leaveblackgithub\DDNCadAddins\src\DDNCadAddins\DDNCadAddins\DDNCadAddins.csproj]
D:\leaveblackgithub\DDNCadAddins\src\DDNCadAddins\DDNCadAddins\Models\OperationResult.cs(83,1): warning SA1028: Code should not contain trailing whitespace (https://github.com/DotNetAnalyzers/StyleCopAnalyzers/blob/master/documentation/SA1028.md) [D:\leaveblackgithub\DDNCadAddins\src\DDNCadAddins\DDNCadAddins\DDNCadAddins.csproj]
D:\leaveblackgithub\DDNCadAddins\src\DDNCadAddins\DDNCadAddins\Models\OperationResult.cs(88,1): warning SA1028: Code should not contain trailing whitespace (https://github.com/DotNetAnalyzers/StyleCopAnalyzers/blob/master/documentation/SA1028.md) [D:\leaveblackgithub\DDNCadAddins\src\DDNCadAddins\DDNCadAddins\DDNCadAddins.csproj]
D:\leaveblackgithub\DDNCadAddins\src\DDNCadAddins\DDNCadAddins\Models\OperationResult.cs(93,1): warning SA1028: Code should not contain trailing whitespace (https://github.com/DotNetAnalyzers/StyleCopAnalyzers/blob/master/documentation/SA1028.md) [D:\leaveblackgithub\DDNCadAddins\src\DDNCadAddins\DDNCadAddins\DDNCadAddins.csproj]
D:\leaveblackgithub\DDNCadAddins\src\DDNCadAddins\DDNCadAddins\Models\OperationResult.cs(98,1): warning SA1028: Code should not contain trailing whitespace (https://github.com/DotNetAnalyzers/StyleCopAnalyzers/blob/master/documentation/SA1028.md) [D:\leaveblackgithub\DDNCadAddins\src\DDNCadAddins\DDNCadAddins\DDNCadAddins.csproj]
D:\leaveblackgithub\DDNCadAddins\src\DDNCadAddins\DDNCadAddins\Models\OperationResult.cs(103,1): warning SA1028: Code should not contain trailing whitespace (https://github.com/DotNetAnalyzers/StyleCopAnalyzers/blob/master/documentation/SA1028.md) [D:\leaveblackgithub\DDNCadAddins\src\DDNCadAddins\DDNCadAddins\DDNCadAddins.csproj]
D:\leaveblackgithub\DDNCadAddins\src\DDNCadAddins\DDNCadAddins\Models\OperationResult.cs(110,1): warning SA1028: Code should not contain trailing whitespace (https://github.com/DotNetAnalyzers/StyleCopAnalyzers/blob/master/documentation/SA1028.md) [D:\leaveblackgithub\DDNCadAddins\src\DDNCadAddins\DDNCadAddins\DDNCadAddins.csproj]
D:\leaveblackgithub\DDNCadAddins\src\DDNCadAddins\DDNCadAddins\Models\OperationResult.cs(128,1): warning SA1028: Code should not contain trailing whitespace (https://github.com/DotNetAnalyzers/StyleCopAnalyzers/blob/master/documentation/SA1028.md) [D:\leaveblackgithub\DDNCadAddins\src\DDNCadAddins\DDNCadAddins\DDNCadAddins.csproj]
D:\leaveblackgithub\DDNCadAddins\src\DDNCadAddins\DDNCadAddins\Models\OperationResult.cs(136,39): warning SA1028: Code should not contain trailing whitespace (https://github.com/DotNetAnalyzers/StyleCopAnalyzers/blob/master/documentation/SA1028.md) [D:\leaveblackgithub\DDNCadAddins\src\DDNCadAddins\DDNCadAddins\DDNCadAddins.csproj]
D:\leaveblackgithub\DDNCadAddins\src\DDNCadAddins\DDNCadAddins\Models\OperationResult.cs(137,14): warning SA1028: Code should not contain trailing whitespace (https://github.com/DotNetAnalyzers/StyleCopAnalyzers/blob/master/documentation/SA1028.md) [D:\leaveblackgithub\DDNCadAddins\src\DDNCadAddins\DDNCadAddins\DDNCadAddins.csproj]
D:\leaveblackgithub\DDNCadAddins\src\DDNCadAddins\DDNCadAddins\Models\OperationResult.cs(143,1): warning SA1028: Code should not contain trailing whitespace (https://github.com/DotNetAnalyzers/StyleCopAnalyzers/blob/master/documentation/SA1028.md) [D:\leaveblackgithub\DDNCadAddins\src\DDNCadAddins\DDNCadAddins\DDNCadAddins.csproj]
D:\leaveblackgithub\DDNCadAddins\src\DDNCadAddins\DDNCadAddins\Models\OperationResult.cs(152,39): warning SA1028: Code should not contain trailing whitespace (https://github.com/DotNetAnalyzers/StyleCopAnalyzers/blob/master/documentation/SA1028.md) [D:\leaveblackgithub\DDNCadAddins\src\DDNCadAddins\DDNCadAddins\DDNCadAddins.csproj]
D:\leaveblackgithub\DDNCadAddins\src\DDNCadAddins\DDNCadAddins\Models\OperationResult.cs(153,14): warning SA1028: Code should not contain trailing whitespace (https://github.com/DotNetAnalyzers/StyleCopAnalyzers/blob/master/documentation/SA1028.md) [D:\leaveblackgithub\DDNCadAddins\src\DDNCadAddins\DDNCadAddins\DDNCadAddins.csproj]
D:\leaveblackgithub\DDNCadAddins\src\DDNCadAddins\DDNCadAddins\Models\OperationResult.cs(160,1): warning SA1028: Code should not contain trailing whitespace (https://github.com/DotNetAnalyzers/StyleCopAnalyzers/blob/master/documentation/SA1028.md) [D:\leaveblackgithub\DDNCadAddins\src\DDNCadAddins\DDNCadAddins\DDNCadAddins.csproj]
D:\leaveblackgithub\DDNCadAddins\src\DDNCadAddins\DDNCadAddins\Models\OperationResult.cs(169,39): warning SA1028: Code should not contain trailing whitespace (https://github.com/DotNetAnalyzers/StyleCopAnalyzers/blob/master/documentation/SA1028.md) [D:\leaveblackgithub\DDNCadAddins\src\DDNCadAddins\DDNCadAddins\DDNCadAddins.csproj]
D:\leaveblackgithub\DDNCadAddins\src\DDNCadAddins\DDNCadAddins\Models\OperationResult.cs(170,14): warning SA1028: Code should not contain trailing whitespace (https://github.com/DotNetAnalyzers/StyleCopAnalyzers/blob/master/documentation/SA1028.md) [D:\leaveblackgithub\DDNCadAddins\src\DDNCadAddins\DDNCadAddins\DDNCadAddins.csproj]
D:\leaveblackgithub\DDNCadAddins\src\DDNCadAddins\DDNCadAddins\Models\OperationResult.cs(177,1): warning SA1028: Code should not contain trailing whitespace (https://github.com/DotNetAnalyzers/StyleCopAnalyzers/blob/master/documentation/SA1028.md) [D:\leaveblackgithub\DDNCadAddins\src\DDNCadAddins\DDNCadAddins\DDNCadAddins.csproj]
D:\leaveblackgithub\DDNCadAddins\src\DDNCadAddins\DDNCadAddins\Models\OperationResult.cs(186,39): warning SA1028: Code should not contain trailing whitespace (https://github.com/DotNetAnalyzers/StyleCopAnalyzers/blob/master/documentation/SA1028.md) [D:\leaveblackgithub\DDNCadAddins\src\DDNCadAddins\DDNCadAddins\DDNCadAddins.csproj]
D:\leaveblackgithub\DDNCadAddins\src\DDNCadAddins\DDNCadAddins\Models\OperationResult.cs(187,14): warning SA1028: Code should not contain trailing whitespace (https://github.com/DotNetAnalyzers/StyleCopAnalyzers/blob/master/documentation/SA1028.md) [D:\leaveblackgithub\DDNCadAddins\src\DDNCadAddins\DDNCadAddins\DDNCadAddins.csproj]
D:\leaveblackgithub\DDNCadAddins\src\DDNCadAddins\DDNCadAddins\Models\OperationResult.cs(195,1): warning SA1028: Code should not contain trailing whitespace (https://github.com/DotNetAnalyzers/StyleCopAnalyzers/blob/master/documentation/SA1028.md) [D:\leaveblackgithub\DDNCadAddins\src\DDNCadAddins\DDNCadAddins\DDNCadAddins.csproj]
D:\leaveblackgithub\DDNCadAddins\src\DDNCadAddins\DDNCadAddins\Models\OperationResult.cs(206,1): warning SA1028: Code should not contain trailing whitespace (https://github.com/DotNetAnalyzers/StyleCopAnalyzers/blob/master/documentation/SA1028.md) [D:\leaveblackgithub\DDNCadAddins\src\DDNCadAddins\DDNCadAddins\DDNCadAddins.csproj]
D:\leaveblackgithub\DDNCadAddins\src\DDNCadAddins\DDNCadAddins\Models\OperationResult.cs(215,42): warning SA1028: Code should not contain trailing whitespace (https://github.com/DotNetAnalyzers/StyleCopAnalyzers/blob/master/documentation/SA1028.md) [D:\leaveblackgithub\DDNCadAddins\src\DDNCadAddins\DDNCadAddins\DDNCadAddins.csproj]
D:\leaveblackgithub\DDNCadAddins\src\DDNCadAddins\DDNCadAddins\Models\OperationResult.cs(216,14): warning SA1028: Code should not contain trailing whitespace (https://github.com/DotNetAnalyzers/StyleCopAnalyzers/blob/master/documentation/SA1028.md) [D:\leaveblackgithub\DDNCadAddins\src\DDNCadAddins\DDNCadAddins\DDNCadAddins.csproj]
D:\leaveblackgithub\DDNCadAddins\src\DDNCadAddins\DDNCadAddins\Models\OperationResult.cs(223,1): warning SA1028: Code should not contain trailing whitespace (https://github.com/DotNetAnalyzers/StyleCopAnalyzers/blob/master/documentation/SA1028.md) [D:\leaveblackgithub\DDNCadAddins\src\DDNCadAddins\DDNCadAddins\DDNCadAddins.csproj]
D:\leaveblackgithub\DDNCadAddins\src\DDNCadAddins\DDNCadAddins\Models\OperationResult.cs(233,42): warning SA1028: Code should not contain trailing whitespace (https://github.com/DotNetAnalyzers/StyleCopAnalyzers/blob/master/documentation/SA1028.md) [D:\leaveblackgithub\DDNCadAddins\src\DDNCadAddins\DDNCadAddins\DDNCadAddins.csproj]
D:\leaveblackgithub\DDNCadAddins\src\DDNCadAddins\DDNCadAddins\Models\OperationResult.cs(234,14): warning SA1028: Code should not contain trailing whitespace (https://github.com/DotNetAnalyzers/StyleCopAnalyzers/blob/master/documentation/SA1028.md) [D:\leaveblackgithub\DDNCadAddins\src\DDNCadAddins\DDNCadAddins\DDNCadAddins.csproj]
D:\leaveblackgithub\DDNCadAddins\src\DDNCadAddins\DDNCadAddins\Models\OperationResult.cs(242,1): warning SA1028: Code should not contain trailing whitespace (https://github.com/DotNetAnalyzers/StyleCopAnalyzers/blob/master/documentation/SA1028.md) [D:\leaveblackgithub\DDNCadAddins\src\DDNCadAddins\DDNCadAddins\DDNCadAddins.csproj]
D:\leaveblackgithub\DDNCadAddins\src\DDNCadAddins\DDNCadAddins\Models\OperationResult.cs(251,42): warning SA1028: Code should not contain trailing whitespace (https://github.com/DotNetAnalyzers/StyleCopAnalyzers/blob/master/documentation/SA1028.md) [D:\leaveblackgithub\DDNCadAddins\src\DDNCadAddins\DDNCadAddins\DDNCadAddins.csproj]
D:\leaveblackgithub\DDNCadAddins\src\DDNCadAddins\DDNCadAddins\Models\OperationResult.cs(252,14): warning SA1028: Code should not contain trailing whitespace (https://github.com/DotNetAnalyzers/StyleCopAnalyzers/blob/master/documentation/SA1028.md) [D:\leaveblackgithub\DDNCadAddins\src\DDNCadAddins\DDNCadAddins\DDNCadAddins.csproj]
D:\leaveblackgithub\DDNCadAddins\src\DDNCadAddins\DDNCadAddins\Models\OperationResult.cs(259,1): warning SA1028: Code should not contain trailing whitespace (https://github.com/DotNetAnalyzers/StyleCopAnalyzers/blob/master/documentation/SA1028.md) [D:\leaveblackgithub\DDNCadAddins\src\DDNCadAddins\DDNCadAddins\DDNCadAddins.csproj]
D:\leaveblackgithub\DDNCadAddins\src\DDNCadAddins\DDNCadAddins\Models\OperationResult.cs(268,42): warning SA1028: Code should not contain trailing whitespace (https://github.com/DotNetAnalyzers/StyleCopAnalyzers/blob/master/documentation/SA1028.md) [D:\leaveblackgithub\DDNCadAddins\src\DDNCadAddins\DDNCadAddins\DDNCadAddins.csproj]
D:\leaveblackgithub\DDNCadAddins\src\DDNCadAddins\DDNCadAddins\Models\OperationResult.cs(269,14): warning SA1028: Code should not contain trailing whitespace (https://github.com/DotNetAnalyzers/StyleCopAnalyzers/blob/master/documentation/SA1028.md) [D:\leaveblackgithub\DDNCadAddins\src\DDNCadAddins\DDNCadAddins\DDNCadAddins.csproj]
D:\leaveblackgithub\DDNCadAddins\src\DDNCadAddins\DDNCadAddins\Models\OperationResult.cs(277,2): warning SA1028: Code should not contain trailing whitespace (https://github.com/DotNetAnalyzers/StyleCopAnalyzers/blob/master/documentation/SA1028.md) [D:\leaveblackgithub\DDNCadAddins\src\DDNCadAddins\DDNCadAddins\DDNCadAddins.csproj]
D:\leaveblackgithub\DDNCadAddins\src\DDNCadAddins\DDNCadAddins\Models\XClippedBlockInfo.cs(1,1): warning SA1633: The file header is missing or not located at the top of the file. (https://github.com/DotNetAnalyzers/StyleCopAnalyzers/blob/master/documentation/SA1633.md) [D:\leaveblackgithub\DDNCadAddins\src\DDNCadAddins\DDNCadAddins\DDNCadAddins.csproj]
D:\leaveblackgithub\DDNCadAddins\src\DDNCadAddins\DDNCadAddins\Models\XClippedBlockInfo.cs(14,1): warning SA1028: Code should not contain trailing whitespace (https://github.com/DotNetAnalyzers/StyleCopAnalyzers/blob/master/documentation/SA1028.md) [D:\leaveblackgithub\DDNCadAddins\src\DDNCadAddins\DDNCadAddins\DDNCadAddins.csproj]
D:\leaveblackgithub\DDNCadAddins\src\DDNCadAddins\DDNCadAddins\Models\XClippedBlockInfo.cs(19,1): warning SA1028: Code should not contain trailing whitespace (https://github.com/DotNetAnalyzers/StyleCopAnalyzers/blob/master/documentation/SA1028.md) [D:\leaveblackgithub\DDNCadAddins\src\DDNCadAddins\DDNCadAddins\DDNCadAddins.csproj]
D:\leaveblackgithub\DDNCadAddins\src\DDNCadAddins\DDNCadAddins\Models\XClippedBlockInfo.cs(24,1): warning SA1028: Code should not contain trailing whitespace (https://github.com/DotNetAnalyzers/StyleCopAnalyzers/blob/master/documentation/SA1028.md) [D:\leaveblackgithub\DDNCadAddins\src\DDNCadAddins\DDNCadAddins\DDNCadAddins.csproj]
D:\leaveblackgithub\DDNCadAddins\src\DDNCadAddins\DDNCadAddins\Models\XClippedBlockInfo.cs(30,2): warning SA1028: Code should not contain trailing whitespace (https://github.com/DotNetAnalyzers/StyleCopAnalyzers/blob/master/documentation/SA1028.md) [D:\leaveblackgithub\DDNCadAddins\src\DDNCadAddins\DDNCadAddins\DDNCadAddins.csproj]
D:\leaveblackgithub\DDNCadAddins\src\DDNCadAddins\DDNCadAddins\Services\AcadUserInterfaceService.cs(1,1): warning SA1633: The file header is missing or not located at the top of the file. (https://github.com/DotNetAnalyzers/StyleCopAnalyzers/blob/master/documentation/SA1633.md) [D:\leaveblackgithub\DDNCadAddins\src\DDNCadAddins\DDNCadAddins\DDNCadAddins.csproj]
D:\leaveblackgithub\DDNCadAddins\src\DDNCadAddins\DDNCadAddins\Services\AcadUserInterfaceService.cs(64,14): warning SA1513: Closing brace should be followed by blank line (https://github.com/DotNetAnalyzers/StyleCopAnalyzers/blob/master/documentation/SA1513.md) [D:\leaveblackgithub\DDNCadAddins\src\DDNCadAddins\DDNCadAddins\DDNCadAddins.csproj]
D:\leaveblackgithub\DDNCadAddins\src\DDNCadAddins\DDNCadAddins\Services\AcadUserInterfaceService.cs(10,1): warning SA1515: Single-line comment should be preceded by blank line (https://github.com/DotNetAnalyzers/StyleCopAnalyzers/blob/master/documentation/SA1515.md) [D:\leaveblackgithub\DDNCadAddins\src\DDNCadAddins\DDNCadAddins\DDNCadAddins.csproj]
D:\leaveblackgithub\DDNCadAddins\src\DDNCadAddins\DDNCadAddins\Services\AcadUserInterfaceService.cs(23,1): warning SA1028: Code should not contain trailing whitespace (https://github.com/DotNetAnalyzers/StyleCopAnalyzers/blob/master/documentation/SA1028.md) [D:\leaveblackgithub\DDNCadAddins\src\DDNCadAddins\DDNCadAddins\DDNCadAddins.csproj]
D:\leaveblackgithub\DDNCadAddins\src\DDNCadAddins\DDNCadAddins\Services\AcadUserInterfaceService.cs(34,1): warning SA1028: Code should not contain trailing whitespace (https://github.com/DotNetAnalyzers/StyleCopAnalyzers/blob/master/documentation/SA1028.md) [D:\leaveblackgithub\DDNCadAddins\src\DDNCadAddins\DDNCadAddins\DDNCadAddins.csproj]
D:\leaveblackgithub\DDNCadAddins\src\DDNCadAddins\DDNCadAddins\Services\AcadUserInterfaceService.cs(43,1): warning SA1028: Code should not contain trailing whitespace (https://github.com/DotNetAnalyzers/StyleCopAnalyzers/blob/master/documentation/SA1028.md) [D:\leaveblackgithub\DDNCadAddins\src\DDNCadAddins\DDNCadAddins\DDNCadAddins.csproj]
D:\leaveblackgithub\DDNCadAddins\src\DDNCadAddins\DDNCadAddins\Services\AcadUserInterfaceService.cs(52,1): warning SA1028: Code should not contain trailing whitespace (https://github.com/DotNetAnalyzers/StyleCopAnalyzers/blob/master/documentation/SA1028.md) [D:\leaveblackgithub\DDNCadAddins\src\DDNCadAddins\DDNCadAddins\DDNCadAddins.csproj]
D:\leaveblackgithub\DDNCadAddins\src\DDNCadAddins\DDNCadAddins\Services\AcadUserInterfaceService.cs(67,1): warning SA1028: Code should not contain trailing whitespace (https://github.com/DotNetAnalyzers/StyleCopAnalyzers/blob/master/documentation/SA1028.md) [D:\leaveblackgithub\DDNCadAddins\src\DDNCadAddins\DDNCadAddins\DDNCadAddins.csproj]
D:\leaveblackgithub\DDNCadAddins\src\DDNCadAddins\DDNCadAddins\Services\AcadUserInterfaceService.cs(78,1): warning SA1028: Code should not contain trailing whitespace (https://github.com/DotNetAnalyzers/StyleCopAnalyzers/blob/master/documentation/SA1028.md) [D:\leaveblackgithub\DDNCadAddins\src\DDNCadAddins\DDNCadAddins\DDNCadAddins.csproj]
D:\leaveblackgithub\DDNCadAddins\src\DDNCadAddins\DDNCadAddins\Services\AcadUserInterfaceService.cs(82,1): warning SA1028: Code should not contain trailing whitespace (https://github.com/DotNetAnalyzers/StyleCopAnalyzers/blob/master/documentation/SA1028.md) [D:\leaveblackgithub\DDNCadAddins\src\DDNCadAddins\DDNCadAddins\DDNCadAddins.csproj]
D:\leaveblackgithub\DDNCadAddins\src\DDNCadAddins\DDNCadAddins\Services\AcadUserInterfaceService.cs(88,1): warning SA1028: Code should not contain trailing whitespace (https://github.com/DotNetAnalyzers/StyleCopAnalyzers/blob/master/documentation/SA1028.md) [D:\leaveblackgithub\DDNCadAddins\src\DDNCadAddins\DDNCadAddins\DDNCadAddins.csproj]
D:\leaveblackgithub\DDNCadAddins\src\DDNCadAddins\DDNCadAddins\Services\AcadUserInterfaceService.cs(92,1): warning SA1028: Code should not contain trailing whitespace (https://github.com/DotNetAnalyzers/StyleCopAnalyzers/blob/master/documentation/SA1028.md) [D:\leaveblackgithub\DDNCadAddins\src\DDNCadAddins\DDNCadAddins\DDNCadAddins.csproj]
D:\leaveblackgithub\DDNCadAddins\src\DDNCadAddins\DDNCadAddins\Services\AcadUserInterfaceService.cs(99,1): warning SA1028: Code should not contain trailing whitespace (https://github.com/DotNetAnalyzers/StyleCopAnalyzers/blob/master/documentation/SA1028.md) [D:\leaveblackgithub\DDNCadAddins\src\DDNCadAddins\DDNCadAddins\DDNCadAddins.csproj]
D:\leaveblackgithub\DDNCadAddins\src\DDNCadAddins\DDNCadAddins\Services\AcadUserInterfaceService.cs(105,1): warning SA1028: Code should not contain trailing whitespace (https://github.com/DotNetAnalyzers/StyleCopAnalyzers/blob/master/documentation/SA1028.md) [D:\leaveblackgithub\DDNCadAddins\src\DDNCadAddins\DDNCadAddins\DDNCadAddins.csproj]
D:\leaveblackgithub\DDNCadAddins\src\DDNCadAddins\DDNCadAddins\Services\AcadUserInterfaceService.cs(108,1): warning SA1028: Code should not contain trailing whitespace (https://github.com/DotNetAnalyzers/StyleCopAnalyzers/blob/master/documentation/SA1028.md) [D:\leaveblackgithub\DDNCadAddins\src\DDNCadAddins\DDNCadAddins\DDNCadAddins.csproj]
D:\leaveblackgithub\DDNCadAddins\src\DDNCadAddins\DDNCadAddins\Services\AcadUserInterfaceService.cs(117,1): warning SA1028: Code should not contain trailing whitespace (https://github.com/DotNetAnalyzers/StyleCopAnalyzers/blob/master/documentation/SA1028.md) [D:\leaveblackgithub\DDNCadAddins\src\DDNCadAddins\DDNCadAddins\DDNCadAddins.csproj]
D:\leaveblackgithub\DDNCadAddins\src\DDNCadAddins\DDNCadAddins\Services\AcadUserInterfaceService.cs(126,1): warning SA1028: Code should not contain trailing whitespace (https://github.com/DotNetAnalyzers/StyleCopAnalyzers/blob/master/documentation/SA1028.md) [D:\leaveblackgithub\DDNCadAddins\src\DDNCadAddins\DDNCadAddins\DDNCadAddins.csproj]
D:\leaveblackgithub\DDNCadAddins\src\DDNCadAddins\DDNCadAddins\Services\AcadUserInterfaceService.cs(132,1): warning SA1028: Code should not contain trailing whitespace (https://github.com/DotNetAnalyzers/StyleCopAnalyzers/blob/master/documentation/SA1028.md) [D:\leaveblackgithub\DDNCadAddins\src\DDNCadAddins\DDNCadAddins\DDNCadAddins.csproj]
D:\leaveblackgithub\DDNCadAddins\src\DDNCadAddins\DDNCadAddins\Services\AcadUserInterfaceService.cs(136,1): warning SA1028: Code should not contain trailing whitespace (https://github.com/DotNetAnalyzers/StyleCopAnalyzers/blob/master/documentation/SA1028.md) [D:\leaveblackgithub\DDNCadAddins\src\DDNCadAddins\DDNCadAddins\DDNCadAddins.csproj]
D:\leaveblackgithub\DDNCadAddins\src\DDNCadAddins\DDNCadAddins\Services\AcadUserInterfaceService.cs(145,1): warning SA1028: Code should not contain trailing whitespace (https://github.com/DotNetAnalyzers/StyleCopAnalyzers/blob/master/documentation/SA1028.md) [D:\leaveblackgithub\DDNCadAddins\src\DDNCadAddins\DDNCadAddins\DDNCadAddins.csproj]
D:\leaveblackgithub\DDNCadAddins\src\DDNCadAddins\DDNCadAddins\Services\AcadUserInterfaceService.cs(155,1): warning SA1028: Code should not contain trailing whitespace (https://github.com/DotNetAnalyzers/StyleCopAnalyzers/blob/master/documentation/SA1028.md) [D:\leaveblackgithub\DDNCadAddins\src\DDNCadAddins\DDNCadAddins\DDNCadAddins.csproj]
D:\leaveblackgithub\DDNCadAddins\src\DDNCadAddins\DDNCadAddins\Services\AcadUserInterfaceService.cs(161,1): warning SA1028: Code should not contain trailing whitespace (https://github.com/DotNetAnalyzers/StyleCopAnalyzers/blob/master/documentation/SA1028.md) [D:\leaveblackgithub\DDNCadAddins\src\DDNCadAddins\DDNCadAddins\DDNCadAddins.csproj]
D:\leaveblackgithub\DDNCadAddins\src\DDNCadAddins\DDNCadAddins\Services\AcadUserInterfaceService.cs(163,55): warning SA1028: Code should not contain trailing whitespace (https://github.com/DotNetAnalyzers/StyleCopAnalyzers/blob/master/documentation/SA1028.md) [D:\leaveblackgithub\DDNCadAddins\src\DDNCadAddins\DDNCadAddins\DDNCadAddins.csproj]
D:\leaveblackgithub\DDNCadAddins\src\DDNCadAddins\DDNCadAddins\Services\AcadUserInterfaceService.cs(166,1): warning SA1028: Code should not contain trailing whitespace (https://github.com/DotNetAnalyzers/StyleCopAnalyzers/blob/master/documentation/SA1028.md) [D:\leaveblackgithub\DDNCadAddins\src\DDNCadAddins\DDNCadAddins\DDNCadAddins.csproj]
D:\leaveblackgithub\DDNCadAddins\src\DDNCadAddins\DDNCadAddins\Services\AcadUserInterfaceService.cs(176,1): warning SA1028: Code should not contain trailing whitespace (https://github.com/DotNetAnalyzers/StyleCopAnalyzers/blob/master/documentation/SA1028.md) [D:\leaveblackgithub\DDNCadAddins\src\DDNCadAddins\DDNCadAddins\DDNCadAddins.csproj]
D:\leaveblackgithub\DDNCadAddins\src\DDNCadAddins\DDNCadAddins\Services\AcadUserInterfaceService.cs(182,1): warning SA1028: Code should not contain trailing whitespace (https://github.com/DotNetAnalyzers/StyleCopAnalyzers/blob/master/documentation/SA1028.md) [D:\leaveblackgithub\DDNCadAddins\src\DDNCadAddins\DDNCadAddins\DDNCadAddins.csproj]
D:\leaveblackgithub\DDNCadAddins\src\DDNCadAddins\DDNCadAddins\Services\AcadUserInterfaceService.cs(184,55): warning SA1028: Code should not contain trailing whitespace (https://github.com/DotNetAnalyzers/StyleCopAnalyzers/blob/master/documentation/SA1028.md) [D:\leaveblackgithub\DDNCadAddins\src\DDNCadAddins\DDNCadAddins\DDNCadAddins.csproj]
D:\leaveblackgithub\DDNCadAddins\src\DDNCadAddins\DDNCadAddins\Services\AcadUserInterfaceService.cs(187,1): warning SA1028: Code should not contain trailing whitespace (https://github.com/DotNetAnalyzers/StyleCopAnalyzers/blob/master/documentation/SA1028.md) [D:\leaveblackgithub\DDNCadAddins\src\DDNCadAddins\DDNCadAddins\DDNCadAddins.csproj]
D:\leaveblackgithub\DDNCadAddins\src\DDNCadAddins\DDNCadAddins\Services\AcadUserInterfaceService.cs(204,1): warning SA1028: Code should not contain trailing whitespace (https://github.com/DotNetAnalyzers/StyleCopAnalyzers/blob/master/documentation/SA1028.md) [D:\leaveblackgithub\DDNCadAddins\src\DDNCadAddins\DDNCadAddins\DDNCadAddins.csproj]
D:\leaveblackgithub\DDNCadAddins\src\DDNCadAddins\DDNCadAddins\Services\AcadUserInterfaceService.cs(214,2): warning SA1028: Code should not contain trailing whitespace (https://github.com/DotNetAnalyzers/StyleCopAnalyzers/blob/master/documentation/SA1028.md) [D:\leaveblackgithub\DDNCadAddins\src\DDNCadAddins\DDNCadAddins\DDNCadAddins.csproj]
D:\leaveblackgithub\DDNCadAddins\src\DDNCadAddins\DDNCadAddins\Services\AcadViewService.cs(1,1): warning SA1633: The file header is missing or not located at the top of the file. (https://github.com/DotNetAnalyzers/StyleCopAnalyzers/blob/master/documentation/SA1633.md) [D:\leaveblackgithub\DDNCadAddins\src\DDNCadAddins\DDNCadAddins\DDNCadAddins.csproj]
D:\leaveblackgithub\DDNCadAddins\src\DDNCadAddins\DDNCadAddins\Services\AcadViewService.cs(97,18): warning SA1513: Closing brace should be followed by blank line (https://github.com/DotNetAnalyzers/StyleCopAnalyzers/blob/master/documentation/SA1513.md) [D:\leaveblackgithub\DDNCadAddins\src\DDNCadAddins\DDNCadAddins\DDNCadAddins.csproj]
D:\leaveblackgithub\DDNCadAddins\src\DDNCadAddins\DDNCadAddins\Services\AcadViewService.cs(51,17): warning SA1009: Closing parenthesis should not be preceded by a space. (https://github.com/DotNetAnalyzers/StyleCopAnalyzers/blob/master/documentation/SA1009.md) [D:\leaveblackgithub\DDNCadAddins\src\DDNCadAddins\DDNCadAddins\DDNCadAddins.csproj]
D:\leaveblackgithub\DDNCadAddins\src\DDNCadAddins\DDNCadAddins\Services\AcadViewService.cs(20,1): warning SA1028: Code should not contain trailing whitespace (https://github.com/DotNetAnalyzers/StyleCopAnalyzers/blob/master/documentation/SA1028.md) [D:\leaveblackgithub\DDNCadAddins\src\DDNCadAddins\DDNCadAddins\DDNCadAddins.csproj]
D:\leaveblackgithub\DDNCadAddins\src\DDNCadAddins\DDNCadAddins\Services\AcadViewService.cs(31,1): warning SA1028: Code should not contain trailing whitespace (https://github.com/DotNetAnalyzers/StyleCopAnalyzers/blob/master/documentation/SA1028.md) [D:\leaveblackgithub\DDNCadAddins\src\DDNCadAddins\DDNCadAddins\DDNCadAddins.csproj]
D:\leaveblackgithub\DDNCadAddins\src\DDNCadAddins\DDNCadAddins\Services\AcadViewService.cs(42,1): warning SA1028: Code should not contain trailing whitespace (https://github.com/DotNetAnalyzers/StyleCopAnalyzers/blob/master/documentation/SA1028.md) [D:\leaveblackgithub\DDNCadAddins\src\DDNCadAddins\DDNCadAddins\DDNCadAddins.csproj]
D:\leaveblackgithub\DDNCadAddins\src\DDNCadAddins\DDNCadAddins\Services\AcadViewService.cs(45,1): warning SA1028: Code should not contain trailing whitespace (https://github.com/DotNetAnalyzers/StyleCopAnalyzers/blob/master/documentation/SA1028.md) [D:\leaveblackgithub\DDNCadAddins\src\DDNCadAddins\DDNCadAddins\DDNCadAddins.csproj]
D:\leaveblackgithub\DDNCadAddins\src\DDNCadAddins\DDNCadAddins\Services\AcadViewService.cs(52,1): warning SA1028: Code should not contain trailing whitespace (https://github.com/DotNetAnalyzers/StyleCopAnalyzers/blob/master/documentation/SA1028.md) [D:\leaveblackgithub\DDNCadAddins\src\DDNCadAddins\DDNCadAddins\DDNCadAddins.csproj]
D:\leaveblackgithub\DDNCadAddins\src\DDNCadAddins\DDNCadAddins\Services\AcadViewService.cs(64,1): warning SA1028: Code should not contain trailing whitespace (https://github.com/DotNetAnalyzers/StyleCopAnalyzers/blob/master/documentation/SA1028.md) [D:\leaveblackgithub\DDNCadAddins\src\DDNCadAddins\DDNCadAddins\DDNCadAddins.csproj]
D:\leaveblackgithub\DDNCadAddins\src\DDNCadAddins\DDNCadAddins\Services\AcadViewService.cs(67,1): warning SA1028: Code should not contain trailing whitespace (https://github.com/DotNetAnalyzers/StyleCopAnalyzers/blob/master/documentation/SA1028.md) [D:\leaveblackgithub\DDNCadAddins\src\DDNCadAddins\DDNCadAddins\DDNCadAddins.csproj]
D:\leaveblackgithub\DDNCadAddins\src\DDNCadAddins\DDNCadAddins\Services\AcadViewService.cs(71,1): warning SA1028: Code should not contain trailing whitespace (https://github.com/DotNetAnalyzers/StyleCopAnalyzers/blob/master/documentation/SA1028.md) [D:\leaveblackgithub\DDNCadAddins\src\DDNCadAddins\DDNCadAddins\DDNCadAddins.csproj]
D:\leaveblackgithub\DDNCadAddins\src\DDNCadAddins\DDNCadAddins\Services\AcadViewService.cs(81,1): warning SA1028: Code should not contain trailing whitespace (https://github.com/DotNetAnalyzers/StyleCopAnalyzers/blob/master/documentation/SA1028.md) [D:\leaveblackgithub\DDNCadAddins\src\DDNCadAddins\DDNCadAddins\DDNCadAddins.csproj]
D:\leaveblackgithub\DDNCadAddins\src\DDNCadAddins\DDNCadAddins\Services\AcadViewService.cs(85,1): warning SA1028: Code should not contain trailing whitespace (https://github.com/DotNetAnalyzers/StyleCopAnalyzers/blob/master/documentation/SA1028.md) [D:\leaveblackgithub\DDNCadAddins\src\DDNCadAddins\DDNCadAddins\DDNCadAddins.csproj]
D:\leaveblackgithub\DDNCadAddins\src\DDNCadAddins\DDNCadAddins\Services\AcadViewService.cs(101,1): warning SA1028: Code should not contain trailing whitespace (https://github.com/DotNetAnalyzers/StyleCopAnalyzers/blob/master/documentation/SA1028.md) [D:\leaveblackgithub\DDNCadAddins\src\DDNCadAddins\DDNCadAddins\DDNCadAddins.csproj]
D:\leaveblackgithub\DDNCadAddins\src\DDNCadAddins\DDNCadAddins\Services\AcadViewService.cs(113,1): warning SA1028: Code should not contain trailing whitespace (https://github.com/DotNetAnalyzers/StyleCopAnalyzers/blob/master/documentation/SA1028.md) [D:\leaveblackgithub\DDNCadAddins\src\DDNCadAddins\DDNCadAddins\DDNCadAddins.csproj]
D:\leaveblackgithub\DDNCadAddins\src\DDNCadAddins\DDNCadAddins\Services\AcadViewService.cs(118,1): warning SA1028: Code should not contain trailing whitespace (https://github.com/DotNetAnalyzers/StyleCopAnalyzers/blob/master/documentation/SA1028.md) [D:\leaveblackgithub\DDNCadAddins\src\DDNCadAddins\DDNCadAddins\DDNCadAddins.csproj]
D:\leaveblackgithub\DDNCadAddins\src\DDNCadAddins\DDNCadAddins\Services\AcadViewService.cs(120,1): warning SA1028: Code should not contain trailing whitespace (https://github.com/DotNetAnalyzers/StyleCopAnalyzers/blob/master/documentation/SA1028.md) [D:\leaveblackgithub\DDNCadAddins\src\DDNCadAddins\DDNCadAddins\DDNCadAddins.csproj]
D:\leaveblackgithub\DDNCadAddins\src\DDNCadAddins\DDNCadAddins\Services\AcadViewService.cs(125,1): warning SA1028: Code should not contain trailing whitespace (https://github.com/DotNetAnalyzers/StyleCopAnalyzers/blob/master/documentation/SA1028.md) [D:\leaveblackgithub\DDNCadAddins\src\DDNCadAddins\DDNCadAddins\DDNCadAddins.csproj]
D:\leaveblackgithub\DDNCadAddins\src\DDNCadAddins\DDNCadAddins\Services\AcadViewService.cs(134,2): warning SA1028: Code should not contain trailing whitespace (https://github.com/DotNetAnalyzers/StyleCopAnalyzers/blob/master/documentation/SA1028.md) [D:\leaveblackgithub\DDNCadAddins\src\DDNCadAddins\DDNCadAddins\DDNCadAddins.csproj]
D:\leaveblackgithub\DDNCadAddins\src\DDNCadAddins\DDNCadAddins\Services\BlockDataService.cs(1,1): warning SA1633: The file header is missing or not located at the top of the file. (https://github.com/DotNetAnalyzers/StyleCopAnalyzers/blob/master/documentation/SA1633.md) [D:\leaveblackgithub\DDNCadAddins\src\DDNCadAddins\DDNCadAddins\DDNCadAddins.csproj]
D:\leaveblackgithub\DDNCadAddins\src\DDNCadAddins\DDNCadAddins\Services\BlockDataService.cs(20,44): warning SA1028: Code should not contain trailing whitespace (https://github.com/DotNetAnalyzers/StyleCopAnalyzers/blob/master/documentation/SA1028.md) [D:\leaveblackgithub\DDNCadAddins\src\DDNCadAddins\DDNCadAddins\DDNCadAddins.csproj]
D:\leaveblackgithub\DDNCadAddins\src\DDNCadAddins\DDNCadAddins\Services\BlockDataService.cs(25,1): warning SA1028: Code should not contain trailing whitespace (https://github.com/DotNetAnalyzers/StyleCopAnalyzers/blob/master/documentation/SA1028.md) [D:\leaveblackgithub\DDNCadAddins\src\DDNCadAddins\DDNCadAddins\DDNCadAddins.csproj]
D:\leaveblackgithub\DDNCadAddins\src\DDNCadAddins\DDNCadAddins\Services\BlockDataService.cs(28,1): warning SA1028: Code should not contain trailing whitespace (https://github.com/DotNetAnalyzers/StyleCopAnalyzers/blob/master/documentation/SA1028.md) [D:\leaveblackgithub\DDNCadAddins\src\DDNCadAddins\DDNCadAddins\DDNCadAddins.csproj]
D:\leaveblackgithub\DDNCadAddins\src\DDNCadAddins\DDNCadAddins\Services\BlockDataService.cs(30,1): warning SA1028: Code should not contain trailing whitespace (https://github.com/DotNetAnalyzers/StyleCopAnalyzers/blob/master/documentation/SA1028.md) [D:\leaveblackgithub\DDNCadAddins\src\DDNCadAddins\DDNCadAddins\DDNCadAddins.csproj]
D:\leaveblackgithub\DDNCadAddins\src\DDNCadAddins\DDNCadAddins\Services\BlockDataService.cs(35,1): warning SA1028: Code should not contain trailing whitespace (https://github.com/DotNetAnalyzers/StyleCopAnalyzers/blob/master/documentation/SA1028.md) [D:\leaveblackgithub\DDNCadAddins\src\DDNCadAddins\DDNCadAddins\DDNCadAddins.csproj]
D:\leaveblackgithub\DDNCadAddins\src\DDNCadAddins\DDNCadAddins\Services\BlockDataService.cs(41,1): warning SA1028: Code should not contain trailing whitespace (https://github.com/DotNetAnalyzers/StyleCopAnalyzers/blob/master/documentation/SA1028.md) [D:\leaveblackgithub\DDNCadAddins\src\DDNCadAddins\DDNCadAddins\DDNCadAddins.csproj]
D:\leaveblackgithub\DDNCadAddins\src\DDNCadAddins\DDNCadAddins\Services\BlockDataService.cs(47,1): warning SA1028: Code should not contain trailing whitespace (https://github.com/DotNetAnalyzers/StyleCopAnalyzers/blob/master/documentation/SA1028.md) [D:\leaveblackgithub\DDNCadAddins\src\DDNCadAddins\DDNCadAddins\DDNCadAddins.csproj]
D:\leaveblackgithub\DDNCadAddins\src\DDNCadAddins\DDNCadAddins\Services\BlockDataService.cs(51,1): warning SA1028: Code should not contain trailing whitespace (https://github.com/DotNetAnalyzers/StyleCopAnalyzers/blob/master/documentation/SA1028.md) [D:\leaveblackgithub\DDNCadAddins\src\DDNCadAddins\DDNCadAddins\DDNCadAddins.csproj]
D:\leaveblackgithub\DDNCadAddins\src\DDNCadAddins\DDNCadAddins\Services\BlockDataService.cs(58,1): warning SA1028: Code should not contain trailing whitespace (https://github.com/DotNetAnalyzers/StyleCopAnalyzers/blob/master/documentation/SA1028.md) [D:\leaveblackgithub\DDNCadAddins\src\DDNCadAddins\DDNCadAddins\DDNCadAddins.csproj]
D:\leaveblackgithub\DDNCadAddins\src\DDNCadAddins\DDNCadAddins\Services\BlockDataService.cs(67,1): warning SA1028: Code should not contain trailing whitespace (https://github.com/DotNetAnalyzers/StyleCopAnalyzers/blob/master/documentation/SA1028.md) [D:\leaveblackgithub\DDNCadAddins\src\DDNCadAddins\DDNCadAddins\DDNCadAddins.csproj]
D:\leaveblackgithub\DDNCadAddins\src\DDNCadAddins\DDNCadAddins\Services\BlockDataService.cs(73,1): warning SA1028: Code should not contain trailing whitespace (https://github.com/DotNetAnalyzers/StyleCopAnalyzers/blob/master/documentation/SA1028.md) [D:\leaveblackgithub\DDNCadAddins\src\DDNCadAddins\DDNCadAddins\DDNCadAddins.csproj]
D:\leaveblackgithub\DDNCadAddins\src\DDNCadAddins\DDNCadAddins\Services\BlockDataService.cs(77,1): warning SA1028: Code should not contain trailing whitespace (https://github.com/DotNetAnalyzers/StyleCopAnalyzers/blob/master/documentation/SA1028.md) [D:\leaveblackgithub\DDNCadAddins\src\DDNCadAddins\DDNCadAddins\DDNCadAddins.csproj]
D:\leaveblackgithub\DDNCadAddins\src\DDNCadAddins\DDNCadAddins\Services\BlockDataService.cs(89,2): warning SA1028: Code should not contain trailing whitespace (https://github.com/DotNetAnalyzers/StyleCopAnalyzers/blob/master/documentation/SA1028.md) [D:\leaveblackgithub\DDNCadAddins\src\DDNCadAddins\DDNCadAddins\DDNCadAddins.csproj]
D:\leaveblackgithub\DDNCadAddins\src\DDNCadAddins\DDNCadAddins\Services\BlockReferenceService.cs(1,1): warning SA1633: The file header is missing or not located at the top of the file. (https://github.com/DotNetAnalyzers/StyleCopAnalyzers/blob/master/documentation/SA1633.md) [D:\leaveblackgithub\DDNCadAddins\src\DDNCadAddins\DDNCadAddins\DDNCadAddins.csproj]
D:\leaveblackgithub\DDNCadAddins\src\DDNCadAddins\DDNCadAddins\Services\BlockReferenceService.cs(19,1): warning SA1028: Code should not contain trailing whitespace (https://github.com/DotNetAnalyzers/StyleCopAnalyzers/blob/master/documentation/SA1028.md) [D:\leaveblackgithub\DDNCadAddins\src\DDNCadAddins\DDNCadAddins\DDNCadAddins.csproj]
D:\leaveblackgithub\DDNCadAddins\src\DDNCadAddins\DDNCadAddins\Services\BlockReferenceService.cs(30,1): warning SA1028: Code should not contain trailing whitespace (https://github.com/DotNetAnalyzers/StyleCopAnalyzers/blob/master/documentation/SA1028.md) [D:\leaveblackgithub\DDNCadAddins\src\DDNCadAddins\DDNCadAddins\DDNCadAddins.csproj]
D:\leaveblackgithub\DDNCadAddins\src\DDNCadAddins\DDNCadAddins\Services\BlockReferenceService.cs(42,1): warning SA1028: Code should not contain trailing whitespace (https://github.com/DotNetAnalyzers/StyleCopAnalyzers/blob/master/documentation/SA1028.md) [D:\leaveblackgithub\DDNCadAddins\src\DDNCadAddins\DDNCadAddins\DDNCadAddins.csproj]
D:\leaveblackgithub\DDNCadAddins\src\DDNCadAddins\DDNCadAddins\Services\BlockReferenceService.cs(53,1): warning SA1028: Code should not contain trailing whitespace (https://github.com/DotNetAnalyzers/StyleCopAnalyzers/blob/master/documentation/SA1028.md) [D:\leaveblackgithub\DDNCadAddins\src\DDNCadAddins\DDNCadAddins\DDNCadAddins.csproj]
D:\leaveblackgithub\DDNCadAddins\src\DDNCadAddins\DDNCadAddins\Services\BlockReferenceService.cs(63,1): warning SA1028: Code should not contain trailing whitespace (https://github.com/DotNetAnalyzers/StyleCopAnalyzers/blob/master/documentation/SA1028.md) [D:\leaveblackgithub\DDNCadAddins\src\DDNCadAddins\DDNCadAddins\DDNCadAddins.csproj]
D:\leaveblackgithub\DDNCadAddins\src\DDNCadAddins\DDNCadAddins\Services\BlockReferenceService.cs(74,1): warning SA1028: Code should not contain trailing whitespace (https://github.com/DotNetAnalyzers/StyleCopAnalyzers/blob/master/documentation/SA1028.md) [D:\leaveblackgithub\DDNCadAddins\src\DDNCadAddins\DDNCadAddins\DDNCadAddins.csproj]
D:\leaveblackgithub\DDNCadAddins\src\DDNCadAddins\DDNCadAddins\Services\BlockReferenceService.cs(85,1): warning SA1028: Code should not contain trailing whitespace (https://github.com/DotNetAnalyzers/StyleCopAnalyzers/blob/master/documentation/SA1028.md) [D:\leaveblackgithub\DDNCadAddins\src\DDNCadAddins\DDNCadAddins\DDNCadAddins.csproj]
D:\leaveblackgithub\DDNCadAddins\src\DDNCadAddins\DDNCadAddins\Services\BlockReferenceService.cs(91,1): warning SA1028: Code should not contain trailing whitespace (https://github.com/DotNetAnalyzers/StyleCopAnalyzers/blob/master/documentation/SA1028.md) [D:\leaveblackgithub\DDNCadAddins\src\DDNCadAddins\DDNCadAddins\DDNCadAddins.csproj]
D:\leaveblackgithub\DDNCadAddins\src\DDNCadAddins\DDNCadAddins\Services\BlockReferenceService.cs(100,1): warning SA1028: Code should not contain trailing whitespace (https://github.com/DotNetAnalyzers/StyleCopAnalyzers/blob/master/documentation/SA1028.md) [D:\leaveblackgithub\DDNCadAddins\src\DDNCadAddins\DDNCadAddins\DDNCadAddins.csproj]
D:\leaveblackgithub\DDNCadAddins\src\DDNCadAddins\DDNCadAddins\Services\BlockReferenceService.cs(113,1): warning SA1028: Code should not contain trailing whitespace (https://github.com/DotNetAnalyzers/StyleCopAnalyzers/blob/master/documentation/SA1028.md) [D:\leaveblackgithub\DDNCadAddins\src\DDNCadAddins\DDNCadAddins\DDNCadAddins.csproj]
D:\leaveblackgithub\DDNCadAddins\src\DDNCadAddins\DDNCadAddins\Services\BlockReferenceService.cs(118,1): warning SA1028: Code should not contain trailing whitespace (https://github.com/DotNetAnalyzers/StyleCopAnalyzers/blob/master/documentation/SA1028.md) [D:\leaveblackgithub\DDNCadAddins\src\DDNCadAddins\DDNCadAddins\DDNCadAddins.csproj]
D:\leaveblackgithub\DDNCadAddins\src\DDNCadAddins\DDNCadAddins\Services\BlockReferenceService.cs(123,1): warning SA1028: Code should not contain trailing whitespace (https://github.com/DotNetAnalyzers/StyleCopAnalyzers/blob/master/documentation/SA1028.md) [D:\leaveblackgithub\DDNCadAddins\src\DDNCadAddins\DDNCadAddins\DDNCadAddins.csproj]
D:\leaveblackgithub\DDNCadAddins\src\DDNCadAddins\DDNCadAddins\Services\BlockReferenceService.cs(127,1): warning SA1028: Code should not contain trailing whitespace (https://github.com/DotNetAnalyzers/StyleCopAnalyzers/blob/master/documentation/SA1028.md) [D:\leaveblackgithub\DDNCadAddins\src\DDNCadAddins\DDNCadAddins\DDNCadAddins.csproj]
D:\leaveblackgithub\DDNCadAddins\src\DDNCadAddins\DDNCadAddins\Services\BlockReferenceService.cs(130,1): warning SA1028: Code should not contain trailing whitespace (https://github.com/DotNetAnalyzers/StyleCopAnalyzers/blob/master/documentation/SA1028.md) [D:\leaveblackgithub\DDNCadAddins\src\DDNCadAddins\DDNCadAddins\DDNCadAddins.csproj]
D:\leaveblackgithub\DDNCadAddins\src\DDNCadAddins\DDNCadAddins\Services\BlockReferenceService.cs(133,1): warning SA1028: Code should not contain trailing whitespace (https://github.com/DotNetAnalyzers/StyleCopAnalyzers/blob/master/documentation/SA1028.md) [D:\leaveblackgithub\DDNCadAddins\src\DDNCadAddins\DDNCadAddins\DDNCadAddins.csproj]
D:\leaveblackgithub\DDNCadAddins\src\DDNCadAddins\DDNCadAddins\Services\BlockReferenceService.cs(138,1): warning SA1028: Code should not contain trailing whitespace (https://github.com/DotNetAnalyzers/StyleCopAnalyzers/blob/master/documentation/SA1028.md) [D:\leaveblackgithub\DDNCadAddins\src\DDNCadAddins\DDNCadAddins\DDNCadAddins.csproj]
D:\leaveblackgithub\DDNCadAddins\src\DDNCadAddins\DDNCadAddins\Services\BlockReferenceService.cs(141,1): warning SA1028: Code should not contain trailing whitespace (https://github.com/DotNetAnalyzers/StyleCopAnalyzers/blob/master/documentation/SA1028.md) [D:\leaveblackgithub\DDNCadAddins\src\DDNCadAddins\DDNCadAddins\DDNCadAddins.csproj]
D:\leaveblackgithub\DDNCadAddins\src\DDNCadAddins\DDNCadAddins\Services\BlockReferenceService.cs(147,1): warning SA1028: Code should not contain trailing whitespace (https://github.com/DotNetAnalyzers/StyleCopAnalyzers/blob/master/documentation/SA1028.md) [D:\leaveblackgithub\DDNCadAddins\src\DDNCadAddins\DDNCadAddins\DDNCadAddins.csproj]
D:\leaveblackgithub\DDNCadAddins\src\DDNCadAddins\DDNCadAddins\Services\BlockReferenceService.cs(157,1): warning SA1028: Code should not contain trailing whitespace (https://github.com/DotNetAnalyzers/StyleCopAnalyzers/blob/master/documentation/SA1028.md) [D:\leaveblackgithub\DDNCadAddins\src\DDNCadAddins\DDNCadAddins\DDNCadAddins.csproj]
D:\leaveblackgithub\DDNCadAddins\src\DDNCadAddins\DDNCadAddins\Services\BlockReferenceService.cs(169,1): warning SA1028: Code should not contain trailing whitespace (https://github.com/DotNetAnalyzers/StyleCopAnalyzers/blob/master/documentation/SA1028.md) [D:\leaveblackgithub\DDNCadAddins\src\DDNCadAddins\DDNCadAddins\DDNCadAddins.csproj]
D:\leaveblackgithub\DDNCadAddins\src\DDNCadAddins\DDNCadAddins\Services\BlockReferenceService.cs(176,1): warning SA1028: Code should not contain trailing whitespace (https://github.com/DotNetAnalyzers/StyleCopAnalyzers/blob/master/documentation/SA1028.md) [D:\leaveblackgithub\DDNCadAddins\src\DDNCadAddins\DDNCadAddins\DDNCadAddins.csproj]
D:\leaveblackgithub\DDNCadAddins\src\DDNCadAddins\DDNCadAddins\Services\BlockReferenceService.cs(186,1): warning SA1028: Code should not contain trailing whitespace (https://github.com/DotNetAnalyzers/StyleCopAnalyzers/blob/master/documentation/SA1028.md) [D:\leaveblackgithub\DDNCadAddins\src\DDNCadAddins\DDNCadAddins\DDNCadAddins.csproj]
D:\leaveblackgithub\DDNCadAddins\src\DDNCadAddins\DDNCadAddins\Services\BlockReferenceService.cs(196,1): warning SA1028: Code should not contain trailing whitespace (https://github.com/DotNetAnalyzers/StyleCopAnalyzers/blob/master/documentation/SA1028.md) [D:\leaveblackgithub\DDNCadAddins\src\DDNCadAddins\DDNCadAddins\DDNCadAddins.csproj]
D:\leaveblackgithub\DDNCadAddins\src\DDNCadAddins\DDNCadAddins\Services\BlockReferenceService.cs(203,1): warning SA1028: Code should not contain trailing whitespace (https://github.com/DotNetAnalyzers/StyleCopAnalyzers/blob/master/documentation/SA1028.md) [D:\leaveblackgithub\DDNCadAddins\src\DDNCadAddins\DDNCadAddins\DDNCadAddins.csproj]
D:\leaveblackgithub\DDNCadAddins\src\DDNCadAddins\DDNCadAddins\Services\BlockReferenceService.cs(205,1): warning SA1028: Code should not contain trailing whitespace (https://github.com/DotNetAnalyzers/StyleCopAnalyzers/blob/master/documentation/SA1028.md) [D:\leaveblackgithub\DDNCadAddins\src\DDNCadAddins\DDNCadAddins\DDNCadAddins.csproj]
D:\leaveblackgithub\DDNCadAddins\src\DDNCadAddins\DDNCadAddins\Services\BlockReferenceService.cs(212,1): warning SA1028: Code should not contain trailing whitespace (https://github.com/DotNetAnalyzers/StyleCopAnalyzers/blob/master/documentation/SA1028.md) [D:\leaveblackgithub\DDNCadAddins\src\DDNCadAddins\DDNCadAddins\DDNCadAddins.csproj]
D:\leaveblackgithub\DDNCadAddins\src\DDNCadAddins\DDNCadAddins\Services\BlockReferenceService.cs(221,1): warning SA1028: Code should not contain trailing whitespace (https://github.com/DotNetAnalyzers/StyleCopAnalyzers/blob/master/documentation/SA1028.md) [D:\leaveblackgithub\DDNCadAddins\src\DDNCadAddins\DDNCadAddins\DDNCadAddins.csproj]
D:\leaveblackgithub\DDNCadAddins\src\DDNCadAddins\DDNCadAddins\Services\BlockReferenceService.cs(232,1): warning SA1028: Code should not contain trailing whitespace (https://github.com/DotNetAnalyzers/StyleCopAnalyzers/blob/master/documentation/SA1028.md) [D:\leaveblackgithub\DDNCadAddins\src\DDNCadAddins\DDNCadAddins\DDNCadAddins.csproj]
D:\leaveblackgithub\DDNCadAddins\src\DDNCadAddins\DDNCadAddins\Services\BlockReferenceService.cs(235,1): warning SA1028: Code should not contain trailing whitespace (https://github.com/DotNetAnalyzers/StyleCopAnalyzers/blob/master/documentation/SA1028.md) [D:\leaveblackgithub\DDNCadAddins\src\DDNCadAddins\DDNCadAddins\DDNCadAddins.csproj]
D:\leaveblackgithub\DDNCadAddins\src\DDNCadAddins\DDNCadAddins\Services\BlockReferenceService.cs(248,1): warning SA1028: Code should not contain trailing whitespace (https://github.com/DotNetAnalyzers/StyleCopAnalyzers/blob/master/documentation/SA1028.md) [D:\leaveblackgithub\DDNCadAddins\src\DDNCadAddins\DDNCadAddins\DDNCadAddins.csproj]
D:\leaveblackgithub\DDNCadAddins\src\DDNCadAddins\DDNCadAddins\Services\BlockReferenceService.cs(257,89): warning SA1028: Code should not contain trailing whitespace (https://github.com/DotNetAnalyzers/StyleCopAnalyzers/blob/master/documentation/SA1028.md) [D:\leaveblackgithub\DDNCadAddins\src\DDNCadAddins\DDNCadAddins\DDNCadAddins.csproj]
D:\leaveblackgithub\DDNCadAddins\src\DDNCadAddins\DDNCadAddins\Services\BlockReferenceService.cs(267,1): warning SA1028: Code should not contain trailing whitespace (https://github.com/DotNetAnalyzers/StyleCopAnalyzers/blob/master/documentation/SA1028.md) [D:\leaveblackgithub\DDNCadAddins\src\DDNCadAddins\DDNCadAddins\DDNCadAddins.csproj]
D:\leaveblackgithub\DDNCadAddins\src\DDNCadAddins\DDNCadAddins\Services\BlockReferenceService.cs(278,1): warning SA1028: Code should not contain trailing whitespace (https://github.com/DotNetAnalyzers/StyleCopAnalyzers/blob/master/documentation/SA1028.md) [D:\leaveblackgithub\DDNCadAddins\src\DDNCadAddins\DDNCadAddins\DDNCadAddins.csproj]
D:\leaveblackgithub\DDNCadAddins\src\DDNCadAddins\DDNCadAddins\Services\BlockReferenceService.cs(287,1): warning SA1028: Code should not contain trailing whitespace (https://github.com/DotNetAnalyzers/StyleCopAnalyzers/blob/master/documentation/SA1028.md) [D:\leaveblackgithub\DDNCadAddins\src\DDNCadAddins\DDNCadAddins\DDNCadAddins.csproj]
D:\leaveblackgithub\DDNCadAddins\src\DDNCadAddins\DDNCadAddins\Services\BlockReferenceService.cs(299,1): warning SA1028: Code should not contain trailing whitespace (https://github.com/DotNetAnalyzers/StyleCopAnalyzers/blob/master/documentation/SA1028.md) [D:\leaveblackgithub\DDNCadAddins\src\DDNCadAddins\DDNCadAddins\DDNCadAddins.csproj]
D:\leaveblackgithub\DDNCadAddins\src\DDNCadAddins\DDNCadAddins\Services\BlockReferenceService.cs(301,1): warning SA1028: Code should not contain trailing whitespace (https://github.com/DotNetAnalyzers/StyleCopAnalyzers/blob/master/documentation/SA1028.md) [D:\leaveblackgithub\DDNCadAddins\src\DDNCadAddins\DDNCadAddins\DDNCadAddins.csproj]
D:\leaveblackgithub\DDNCadAddins\src\DDNCadAddins\DDNCadAddins\Services\BlockReferenceService.cs(307,1): warning SA1028: Code should not contain trailing whitespace (https://github.com/DotNetAnalyzers/StyleCopAnalyzers/blob/master/documentation/SA1028.md) [D:\leaveblackgithub\DDNCadAddins\src\DDNCadAddins\DDNCadAddins\DDNCadAddins.csproj]
D:\leaveblackgithub\DDNCadAddins\src\DDNCadAddins\DDNCadAddins\Services\BlockReferenceService.cs(311,1): warning SA1028: Code should not contain trailing whitespace (https://github.com/DotNetAnalyzers/StyleCopAnalyzers/blob/master/documentation/SA1028.md) [D:\leaveblackgithub\DDNCadAddins\src\DDNCadAddins\DDNCadAddins\DDNCadAddins.csproj]
D:\leaveblackgithub\DDNCadAddins\src\DDNCadAddins\DDNCadAddins\Services\BlockReferenceService.cs(315,1): warning SA1028: Code should not contain trailing whitespace (https://github.com/DotNetAnalyzers/StyleCopAnalyzers/blob/master/documentation/SA1028.md) [D:\leaveblackgithub\DDNCadAddins\src\DDNCadAddins\DDNCadAddins\DDNCadAddins.csproj]
D:\leaveblackgithub\DDNCadAddins\src\DDNCadAddins\DDNCadAddins\Services\BlockReferenceService.cs(328,2): warning SA1028: Code should not contain trailing whitespace (https://github.com/DotNetAnalyzers/StyleCopAnalyzers/blob/master/documentation/SA1028.md) [D:\leaveblackgithub\DDNCadAddins\src\DDNCadAddins\DDNCadAddins\DDNCadAddins.csproj]
D:\leaveblackgithub\DDNCadAddins\src\DDNCadAddins\DDNCadAddins\Services\CsvExportService.cs(1,1): warning SA1633: The file header is missing or not located at the top of the file. (https://github.com/DotNetAnalyzers/StyleCopAnalyzers/blob/master/documentation/SA1633.md) [D:\leaveblackgithub\DDNCadAddins\src\DDNCadAddins\DDNCadAddins\DDNCadAddins.csproj]
D:\leaveblackgithub\DDNCadAddins\src\DDNCadAddins\DDNCadAddins\Services\CsvExportService.cs(9,1): warning SA1515: Single-line comment should be preceded by blank line (https://github.com/DotNetAnalyzers/StyleCopAnalyzers/blob/master/documentation/SA1515.md) [D:\leaveblackgithub\DDNCadAddins\src\DDNCadAddins\DDNCadAddins\DDNCadAddins.csproj]
D:\leaveblackgithub\DDNCadAddins\src\DDNCadAddins\DDNCadAddins\Services\CsvExportService.cs(122,17): warning SA1515: Single-line comment should be preceded by blank line (https://github.com/DotNetAnalyzers/StyleCopAnalyzers/blob/master/documentation/SA1515.md) [D:\leaveblackgithub\DDNCadAddins\src\DDNCadAddins\DDNCadAddins\DDNCadAddins.csproj]
D:\leaveblackgithub\DDNCadAddins\src\DDNCadAddins\DDNCadAddins\Services\CsvExportService.cs(25,1): warning SA1028: Code should not contain trailing whitespace (https://github.com/DotNetAnalyzers/StyleCopAnalyzers/blob/master/documentation/SA1028.md) [D:\leaveblackgithub\DDNCadAddins\src\DDNCadAddins\DDNCadAddins\DDNCadAddins.csproj]
D:\leaveblackgithub\DDNCadAddins\src\DDNCadAddins\DDNCadAddins\Services\CsvExportService.cs(40,1): warning SA1028: Code should not contain trailing whitespace (https://github.com/DotNetAnalyzers/StyleCopAnalyzers/blob/master/documentation/SA1028.md) [D:\leaveblackgithub\DDNCadAddins\src\DDNCadAddins\DDNCadAddins\DDNCadAddins.csproj]
D:\leaveblackgithub\DDNCadAddins\src\DDNCadAddins\DDNCadAddins\Services\CsvExportService.cs(43,1): warning SA1028: Code should not contain trailing whitespace (https://github.com/DotNetAnalyzers/StyleCopAnalyzers/blob/master/documentation/SA1028.md) [D:\leaveblackgithub\DDNCadAddins\src\DDNCadAddins\DDNCadAddins\DDNCadAddins.csproj]
D:\leaveblackgithub\DDNCadAddins\src\DDNCadAddins\DDNCadAddins\Services\CsvExportService.cs(46,1): warning SA1028: Code should not contain trailing whitespace (https://github.com/DotNetAnalyzers/StyleCopAnalyzers/blob/master/documentation/SA1028.md) [D:\leaveblackgithub\DDNCadAddins\src\DDNCadAddins\DDNCadAddins\DDNCadAddins.csproj]
D:\leaveblackgithub\DDNCadAddins\src\DDNCadAddins\DDNCadAddins\Services\CsvExportService.cs(48,1): warning SA1028: Code should not contain trailing whitespace (https://github.com/DotNetAnalyzers/StyleCopAnalyzers/blob/master/documentation/SA1028.md) [D:\leaveblackgithub\DDNCadAddins\src\DDNCadAddins\DDNCadAddins\DDNCadAddins.csproj]
D:\leaveblackgithub\DDNCadAddins\src\DDNCadAddins\DDNCadAddins\Services\CsvExportService.cs(54,1): warning SA1028: Code should not contain trailing whitespace (https://github.com/DotNetAnalyzers/StyleCopAnalyzers/blob/master/documentation/SA1028.md) [D:\leaveblackgithub\DDNCadAddins\src\DDNCadAddins\DDNCadAddins\DDNCadAddins.csproj]
D:\leaveblackgithub\DDNCadAddins\src\DDNCadAddins\DDNCadAddins\Services\CsvExportService.cs(60,1): warning SA1028: Code should not contain trailing whitespace (https://github.com/DotNetAnalyzers/StyleCopAnalyzers/blob/master/documentation/SA1028.md) [D:\leaveblackgithub\DDNCadAddins\src\DDNCadAddins\DDNCadAddins\DDNCadAddins.csproj]
D:\leaveblackgithub\DDNCadAddins\src\DDNCadAddins\DDNCadAddins\Services\CsvExportService.cs(65,1): warning SA1028: Code should not contain trailing whitespace (https://github.com/DotNetAnalyzers/StyleCopAnalyzers/blob/master/documentation/SA1028.md) [D:\leaveblackgithub\DDNCadAddins\src\DDNCadAddins\DDNCadAddins\DDNCadAddins.csproj]
D:\leaveblackgithub\DDNCadAddins\src\DDNCadAddins\DDNCadAddins\Services\CsvExportService.cs(72,1): warning SA1028: Code should not contain trailing whitespace (https://github.com/DotNetAnalyzers/StyleCopAnalyzers/blob/master/documentation/SA1028.md) [D:\leaveblackgithub\DDNCadAddins\src\DDNCadAddins\DDNCadAddins\DDNCadAddins.csproj]
D:\leaveblackgithub\DDNCadAddins\src\DDNCadAddins\DDNCadAddins\Services\CsvExportService.cs(77,1): warning SA1028: Code should not contain trailing whitespace (https://github.com/DotNetAnalyzers/StyleCopAnalyzers/blob/master/documentation/SA1028.md) [D:\leaveblackgithub\DDNCadAddins\src\DDNCadAddins\DDNCadAddins\DDNCadAddins.csproj]
D:\leaveblackgithub\DDNCadAddins\src\DDNCadAddins\DDNCadAddins\Services\CsvExportService.cs(90,1): warning SA1028: Code should not contain trailing whitespace (https://github.com/DotNetAnalyzers/StyleCopAnalyzers/blob/master/documentation/SA1028.md) [D:\leaveblackgithub\DDNCadAddins\src\DDNCadAddins\DDNCadAddins\DDNCadAddins.csproj]
D:\leaveblackgithub\DDNCadAddins\src\DDNCadAddins\DDNCadAddins\Services\CsvExportService.cs(95,1): warning SA1028: Code should not contain trailing whitespace (https://github.com/DotNetAnalyzers/StyleCopAnalyzers/blob/master/documentation/SA1028.md) [D:\leaveblackgithub\DDNCadAddins\src\DDNCadAddins\DDNCadAddins\DDNCadAddins.csproj]
D:\leaveblackgithub\DDNCadAddins\src\DDNCadAddins\DDNCadAddins\Services\CsvExportService.cs(105,1): warning SA1028: Code should not contain trailing whitespace (https://github.com/DotNetAnalyzers/StyleCopAnalyzers/blob/master/documentation/SA1028.md) [D:\leaveblackgithub\DDNCadAddins\src\DDNCadAddins\DDNCadAddins\DDNCadAddins.csproj]
D:\leaveblackgithub\DDNCadAddins\src\DDNCadAddins\DDNCadAddins\Services\CsvExportService.cs(113,1): warning SA1028: Code should not contain trailing whitespace (https://github.com/DotNetAnalyzers/StyleCopAnalyzers/blob/master/documentation/SA1028.md) [D:\leaveblackgithub\DDNCadAddins\src\DDNCadAddins\DDNCadAddins\DDNCadAddins.csproj]
D:\leaveblackgithub\DDNCadAddins\src\DDNCadAddins\DDNCadAddins\Services\CsvExportService.cs(115,80): warning SA1028: Code should not contain trailing whitespace (https://github.com/DotNetAnalyzers/StyleCopAnalyzers/blob/master/documentation/SA1028.md) [D:\leaveblackgithub\DDNCadAddins\src\DDNCadAddins\DDNCadAddins\DDNCadAddins.csproj]
D:\leaveblackgithub\DDNCadAddins\src\DDNCadAddins\DDNCadAddins\Services\CsvExportService.cs(117,1): warning SA1028: Code should not contain trailing whitespace (https://github.com/DotNetAnalyzers/StyleCopAnalyzers/blob/master/documentation/SA1028.md) [D:\leaveblackgithub\DDNCadAddins\src\DDNCadAddins\DDNCadAddins\DDNCadAddins.csproj]
D:\leaveblackgithub\DDNCadAddins\src\DDNCadAddins\DDNCadAddins\Services\CsvExportService.cs(125,1): warning SA1028: Code should not contain trailing whitespace (https://github.com/DotNetAnalyzers/StyleCopAnalyzers/blob/master/documentation/SA1028.md) [D:\leaveblackgithub\DDNCadAddins\src\DDNCadAddins\DDNCadAddins\DDNCadAddins.csproj]
D:\leaveblackgithub\DDNCadAddins\src\DDNCadAddins\DDNCadAddins\Services\CsvExportService.cs(129,2): warning SA1028: Code should not contain trailing whitespace (https://github.com/DotNetAnalyzers/StyleCopAnalyzers/blob/master/documentation/SA1028.md) [D:\leaveblackgithub\DDNCadAddins\src\DDNCadAddins\DDNCadAddins\DDNCadAddins.csproj]
D:\leaveblackgithub\DDNCadAddins\src\DDNCadAddins\DDNCadAddins\Services\DocumentService.cs(1,1): warning SA1633: The file header is missing or not located at the top of the file. (https://github.com/DotNetAnalyzers/StyleCopAnalyzers/blob/master/documentation/SA1633.md) [D:\leaveblackgithub\DDNCadAddins\src\DDNCadAddins\DDNCadAddins\DDNCadAddins.csproj]
D:\leaveblackgithub\DDNCadAddins\src\DDNCadAddins\DDNCadAddins\Services\DocumentService.cs(6,1): warning SA1515: Single-line comment should be preceded by blank line (https://github.com/DotNetAnalyzers/StyleCopAnalyzers/blob/master/documentation/SA1515.md) [D:\leaveblackgithub\DDNCadAddins\src\DDNCadAddins\DDNCadAddins\DDNCadAddins.csproj]
D:\leaveblackgithub\DDNCadAddins\src\DDNCadAddins\DDNCadAddins\Services\DocumentService.cs(18,1): warning SA1028: Code should not contain trailing whitespace (https://github.com/DotNetAnalyzers/StyleCopAnalyzers/blob/master/documentation/SA1028.md) [D:\leaveblackgithub\DDNCadAddins\src\DDNCadAddins\DDNCadAddins\DDNCadAddins.csproj]
D:\leaveblackgithub\DDNCadAddins\src\DDNCadAddins\DDNCadAddins\Services\DocumentService.cs(27,1): warning SA1028: Code should not contain trailing whitespace (https://github.com/DotNetAnalyzers/StyleCopAnalyzers/blob/master/documentation/SA1028.md) [D:\leaveblackgithub\DDNCadAddins\src\DDNCadAddins\DDNCadAddins\DDNCadAddins.csproj]
D:\leaveblackgithub\DDNCadAddins\src\DDNCadAddins\DDNCadAddins\Services\DocumentService.cs(44,1): warning SA1028: Code should not contain trailing whitespace (https://github.com/DotNetAnalyzers/StyleCopAnalyzers/blob/master/documentation/SA1028.md) [D:\leaveblackgithub\DDNCadAddins\src\DDNCadAddins\DDNCadAddins\DDNCadAddins.csproj]
D:\leaveblackgithub\DDNCadAddins\src\DDNCadAddins\DDNCadAddins\Services\DocumentService.cs(60,1): warning SA1028: Code should not contain trailing whitespace (https://github.com/DotNetAnalyzers/StyleCopAnalyzers/blob/master/documentation/SA1028.md) [D:\leaveblackgithub\DDNCadAddins\src\DDNCadAddins\DDNCadAddins\DDNCadAddins.csproj]
D:\leaveblackgithub\DDNCadAddins\src\DDNCadAddins\DDNCadAddins\Services\DocumentService.cs(69,1): warning SA1028: Code should not contain trailing whitespace (https://github.com/DotNetAnalyzers/StyleCopAnalyzers/blob/master/documentation/SA1028.md) [D:\leaveblackgithub\DDNCadAddins\src\DDNCadAddins\DDNCadAddins\DDNCadAddins.csproj]
D:\leaveblackgithub\DDNCadAddins\src\DDNCadAddins\DDNCadAddins\Services\DocumentService.cs(73,1): warning SA1028: Code should not contain trailing whitespace (https://github.com/DotNetAnalyzers/StyleCopAnalyzers/blob/master/documentation/SA1028.md) [D:\leaveblackgithub\DDNCadAddins\src\DDNCadAddins\DDNCadAddins\DDNCadAddins.csproj]
D:\leaveblackgithub\DDNCadAddins\src\DDNCadAddins\DDNCadAddins\Services\DocumentService.cs(78,1): warning SA1028: Code should not contain trailing whitespace (https://github.com/DotNetAnalyzers/StyleCopAnalyzers/blob/master/documentation/SA1028.md) [D:\leaveblackgithub\DDNCadAddins\src\DDNCadAddins\DDNCadAddins\DDNCadAddins.csproj]
D:\leaveblackgithub\DDNCadAddins\src\DDNCadAddins\DDNCadAddins\Services\DocumentService.cs(99,2): warning SA1028: Code should not contain trailing whitespace (https://github.com/DotNetAnalyzers/StyleCopAnalyzers/blob/master/documentation/SA1028.md) [D:\leaveblackgithub\DDNCadAddins\src\DDNCadAddins\DDNCadAddins\DDNCadAddins.csproj]
D:\leaveblackgithub\DDNCadAddins\src\DDNCadAddins\DDNCadAddins\Services\IAcadService.cs(1,1): warning SA1633: The file header is missing or not located at the top of the file. (https://github.com/DotNetAnalyzers/StyleCopAnalyzers/blob/master/documentation/SA1633.md) [D:\leaveblackgithub\DDNCadAddins\src\DDNCadAddins\DDNCadAddins\DDNCadAddins.csproj]
D:\leaveblackgithub\DDNCadAddins\src\DDNCadAddins\DDNCadAddins\Services\IAcadService.cs(21,1): warning SA1028: Code should not contain trailing whitespace (https://github.com/DotNetAnalyzers/StyleCopAnalyzers/blob/master/documentation/SA1028.md) [D:\leaveblackgithub\DDNCadAddins\src\DDNCadAddins\DDNCadAddins\DDNCadAddins.csproj]
D:\leaveblackgithub\DDNCadAddins\src\DDNCadAddins\DDNCadAddins\Services\IAcadService.cs(27,1): warning SA1028: Code should not contain trailing whitespace (https://github.com/DotNetAnalyzers/StyleCopAnalyzers/blob/master/documentation/SA1028.md) [D:\leaveblackgithub\DDNCadAddins\src\DDNCadAddins\DDNCadAddins\DDNCadAddins.csproj]
D:\leaveblackgithub\DDNCadAddins\src\DDNCadAddins\DDNCadAddins\Services\IAcadService.cs(33,1): warning SA1028: Code should not contain trailing whitespace (https://github.com/DotNetAnalyzers/StyleCopAnalyzers/blob/master/documentation/SA1028.md) [D:\leaveblackgithub\DDNCadAddins\src\DDNCadAddins\DDNCadAddins\DDNCadAddins.csproj]
D:\leaveblackgithub\DDNCadAddins\src\DDNCadAddins\DDNCadAddins\Services\IAcadService.cs(43,1): warning SA1028: Code should not contain trailing whitespace (https://github.com/DotNetAnalyzers/StyleCopAnalyzers/blob/master/documentation/SA1028.md) [D:\leaveblackgithub\DDNCadAddins\src\DDNCadAddins\DDNCadAddins\DDNCadAddins.csproj]
D:\leaveblackgithub\DDNCadAddins\src\DDNCadAddins\DDNCadAddins\Services\IAcadService.cs(52,1): warning SA1028: Code should not contain trailing whitespace (https://github.com/DotNetAnalyzers/StyleCopAnalyzers/blob/master/documentation/SA1028.md) [D:\leaveblackgithub\DDNCadAddins\src\DDNCadAddins\DDNCadAddins\DDNCadAddins.csproj]
D:\leaveblackgithub\DDNCadAddins\src\DDNCadAddins\DDNCadAddins\Services\IAcadService.cs(61,1): warning SA1028: Code should not contain trailing whitespace (https://github.com/DotNetAnalyzers/StyleCopAnalyzers/blob/master/documentation/SA1028.md) [D:\leaveblackgithub\DDNCadAddins\src\DDNCadAddins\DDNCadAddins\DDNCadAddins.csproj]
D:\leaveblackgithub\DDNCadAddins\src\DDNCadAddins\DDNCadAddins\Services\IAcadService.cs(68,1): warning SA1028: Code should not contain trailing whitespace (https://github.com/DotNetAnalyzers/StyleCopAnalyzers/blob/master/documentation/SA1028.md) [D:\leaveblackgithub\DDNCadAddins\src\DDNCadAddins\DDNCadAddins\DDNCadAddins.csproj]
D:\leaveblackgithub\DDNCadAddins\src\DDNCadAddins\DDNCadAddins\Services\IAcadService.cs(76,1): warning SA1028: Code should not contain trailing whitespace (https://github.com/DotNetAnalyzers/StyleCopAnalyzers/blob/master/documentation/SA1028.md) [D:\leaveblackgithub\DDNCadAddins\src\DDNCadAddins\DDNCadAddins\DDNCadAddins.csproj]
D:\leaveblackgithub\DDNCadAddins\src\DDNCadAddins\DDNCadAddins\Services\IAcadService.cs(85,1): warning SA1028: Code should not contain trailing whitespace (https://github.com/DotNetAnalyzers/StyleCopAnalyzers/blob/master/documentation/SA1028.md) [D:\leaveblackgithub\DDNCadAddins\src\DDNCadAddins\DDNCadAddins\DDNCadAddins.csproj]
D:\leaveblackgithub\DDNCadAddins\src\DDNCadAddins\DDNCadAddins\Services\IAcadService.cs(92,1): warning SA1028: Code should not contain trailing whitespace (https://github.com/DotNetAnalyzers/StyleCopAnalyzers/blob/master/documentation/SA1028.md) [D:\leaveblackgithub\DDNCadAddins\src\DDNCadAddins\DDNCadAddins\DDNCadAddins.csproj]
D:\leaveblackgithub\DDNCadAddins\src\DDNCadAddins\DDNCadAddins\Services\IAcadService.cs(101,1): warning SA1028: Code should not contain trailing whitespace (https://github.com/DotNetAnalyzers/StyleCopAnalyzers/blob/master/documentation/SA1028.md) [D:\leaveblackgithub\DDNCadAddins\src\DDNCadAddins\DDNCadAddins\DDNCadAddins.csproj]
D:\leaveblackgithub\DDNCadAddins\src\DDNCadAddins\DDNCadAddins\Services\IAcadService.cs(110,1): warning SA1028: Code should not contain trailing whitespace (https://github.com/DotNetAnalyzers/StyleCopAnalyzers/blob/master/documentation/SA1028.md) [D:\leaveblackgithub\DDNCadAddins\src\DDNCadAddins\DDNCadAddins\DDNCadAddins.csproj]
D:\leaveblackgithub\DDNCadAddins\src\DDNCadAddins\DDNCadAddins\Services\IAcadService.cs(117,2): warning SA1028: Code should not contain trailing whitespace (https://github.com/DotNetAnalyzers/StyleCopAnalyzers/blob/master/documentation/SA1028.md) [D:\leaveblackgithub\DDNCadAddins\src\DDNCadAddins\DDNCadAddins\DDNCadAddins.csproj]
D:\leaveblackgithub\DDNCadAddins\src\DDNCadAddins\DDNCadAddins\Services\IBlockReferenceService.cs(1,1): warning SA1633: The file header is missing or not located at the top of the file. (https://github.com/DotNetAnalyzers/StyleCopAnalyzers/blob/master/documentation/SA1633.md) [D:\leaveblackgithub\DDNCadAddins\src\DDNCadAddins\DDNCadAddins\DDNCadAddins.csproj]
D:\leaveblackgithub\DDNCadAddins\src\DDNCadAddins\DDNCadAddins\Services\IBlockReferenceService.cs(21,1): warning SA1028: Code should not contain trailing whitespace (https://github.com/DotNetAnalyzers/StyleCopAnalyzers/blob/master/documentation/SA1028.md) [D:\leaveblackgithub\DDNCadAddins\src\DDNCadAddins\DDNCadAddins\DDNCadAddins.csproj]
D:\leaveblackgithub\DDNCadAddins\src\DDNCadAddins\DDNCadAddins\Services\IBlockReferenceService.cs(28,1): warning SA1028: Code should not contain trailing whitespace (https://github.com/DotNetAnalyzers/StyleCopAnalyzers/blob/master/documentation/SA1028.md) [D:\leaveblackgithub\DDNCadAddins\src\DDNCadAddins\DDNCadAddins\DDNCadAddins.csproj]
D:\leaveblackgithub\DDNCadAddins\src\DDNCadAddins\DDNCadAddins\Services\IBlockReferenceService.cs(36,1): warning SA1028: Code should not contain trailing whitespace (https://github.com/DotNetAnalyzers/StyleCopAnalyzers/blob/master/documentation/SA1028.md) [D:\leaveblackgithub\DDNCadAddins\src\DDNCadAddins\DDNCadAddins\DDNCadAddins.csproj]
D:\leaveblackgithub\DDNCadAddins\src\DDNCadAddins\DDNCadAddins\Services\IBlockReferenceService.cs(45,1): warning SA1028: Code should not contain trailing whitespace (https://github.com/DotNetAnalyzers/StyleCopAnalyzers/blob/master/documentation/SA1028.md) [D:\leaveblackgithub\DDNCadAddins\src\DDNCadAddins\DDNCadAddins\DDNCadAddins.csproj]
D:\leaveblackgithub\DDNCadAddins\src\DDNCadAddins\DDNCadAddins\Services\IBlockReferenceService.cs(52,1): warning SA1028: Code should not contain trailing whitespace (https://github.com/DotNetAnalyzers/StyleCopAnalyzers/blob/master/documentation/SA1028.md) [D:\leaveblackgithub\DDNCadAddins\src\DDNCadAddins\DDNCadAddins\DDNCadAddins.csproj]
D:\leaveblackgithub\DDNCadAddins\src\DDNCadAddins\DDNCadAddins\Services\IBlockReferenceService.cs(61,1): warning SA1028: Code should not contain trailing whitespace (https://github.com/DotNetAnalyzers/StyleCopAnalyzers/blob/master/documentation/SA1028.md) [D:\leaveblackgithub\DDNCadAddins\src\DDNCadAddins\DDNCadAddins\DDNCadAddins.csproj]
D:\leaveblackgithub\DDNCadAddins\src\DDNCadAddins\DDNCadAddins\Services\IBlockReferenceService.cs(71,2): warning SA1028: Code should not contain trailing whitespace (https://github.com/DotNetAnalyzers/StyleCopAnalyzers/blob/master/documentation/SA1028.md) [D:\leaveblackgithub\DDNCadAddins\src\DDNCadAddins\DDNCadAddins\DDNCadAddins.csproj]
D:\leaveblackgithub\DDNCadAddins\src\DDNCadAddins\DDNCadAddins\Services\IDocumentService.cs(1,1): warning SA1633: The file header is missing or not located at the top of the file. (https://github.com/DotNetAnalyzers/StyleCopAnalyzers/blob/master/documentation/SA1633.md) [D:\leaveblackgithub\DDNCadAddins\src\DDNCadAddins\DDNCadAddins\DDNCadAddins.csproj]
D:\leaveblackgithub\DDNCadAddins\src\DDNCadAddins\DDNCadAddins\Services\IDocumentService.cs(19,1): warning SA1028: Code should not contain trailing whitespace (https://github.com/DotNetAnalyzers/StyleCopAnalyzers/blob/master/documentation/SA1028.md) [D:\leaveblackgithub\DDNCadAddins\src\DDNCadAddins\DDNCadAddins\DDNCadAddins.csproj]
D:\leaveblackgithub\DDNCadAddins\src\DDNCadAddins\DDNCadAddins\Services\IDocumentService.cs(25,1): warning SA1028: Code should not contain trailing whitespace (https://github.com/DotNetAnalyzers/StyleCopAnalyzers/blob/master/documentation/SA1028.md) [D:\leaveblackgithub\DDNCadAddins\src\DDNCadAddins\DDNCadAddins\DDNCadAddins.csproj]
D:\leaveblackgithub\DDNCadAddins\src\DDNCadAddins\DDNCadAddins\Services\IDocumentService.cs(31,1): warning SA1028: Code should not contain trailing whitespace (https://github.com/DotNetAnalyzers/StyleCopAnalyzers/blob/master/documentation/SA1028.md) [D:\leaveblackgithub\DDNCadAddins\src\DDNCadAddins\DDNCadAddins\DDNCadAddins.csproj]
D:\leaveblackgithub\DDNCadAddins\src\DDNCadAddins\DDNCadAddins\Services\IDocumentService.cs(38,2): warning SA1028: Code should not contain trailing whitespace (https://github.com/DotNetAnalyzers/StyleCopAnalyzers/blob/master/documentation/SA1028.md) [D:\leaveblackgithub\DDNCadAddins\src\DDNCadAddins\DDNCadAddins\DDNCadAddins.csproj]
D:\leaveblackgithub\DDNCadAddins\src\DDNCadAddins\DDNCadAddins\Services\ITransactionService.cs(1,1): warning SA1633: The file header is missing or not located at the top of the file. (https://github.com/DotNetAnalyzers/StyleCopAnalyzers/blob/master/documentation/SA1633.md) [D:\leaveblackgithub\DDNCadAddins\src\DDNCadAddins\DDNCadAddins\DDNCadAddins.csproj]
D:\leaveblackgithub\DDNCadAddins\src\DDNCadAddins\DDNCadAddins\Services\ITransactionService.cs(21,1): warning SA1028: Code should not contain trailing whitespace (https://github.com/DotNetAnalyzers/StyleCopAnalyzers/blob/master/documentation/SA1028.md) [D:\leaveblackgithub\DDNCadAddins\src\DDNCadAddins\DDNCadAddins\DDNCadAddins.csproj]
D:\leaveblackgithub\DDNCadAddins\src\DDNCadAddins\DDNCadAddins\Services\ITransactionService.cs(31,2): warning SA1028: Code should not contain trailing whitespace (https://github.com/DotNetAnalyzers/StyleCopAnalyzers/blob/master/documentation/SA1028.md) [D:\leaveblackgithub\DDNCadAddins\src\DDNCadAddins\DDNCadAddins\DDNCadAddins.csproj]
D:\leaveblackgithub\DDNCadAddins\src\DDNCadAddins\DDNCadAddins\Services\AcadService.cs(1,1): warning SA1633: The file header is missing or not located at the top of the file. (https://github.com/DotNetAnalyzers/StyleCopAnalyzers/blob/master/documentation/SA1633.md) [D:\leaveblackgithub\DDNCadAddins\src\DDNCadAddins\DDNCadAddins\DDNCadAddins.csproj]
D:\leaveblackgithub\DDNCadAddins\src\DDNCadAddins\DDNCadAddins\Services\AcadService.cs(20,25): warning SA1649: File name should match first type name. (https://github.com/DotNetAnalyzers/StyleCopAnalyzers/blob/master/documentation/SA1649.md) [D:\leaveblackgithub\DDNCadAddins\src\DDNCadAddins\DDNCadAddins\DDNCadAddins.csproj]
D:\leaveblackgithub\DDNCadAddins\src\DDNCadAddins\DDNCadAddins\Services\AcadService.cs(11,1): warning SA1515: Single-line comment should be preceded by blank line (https://github.com/DotNetAnalyzers/StyleCopAnalyzers/blob/master/documentation/SA1515.md) [D:\leaveblackgithub\DDNCadAddins\src\DDNCadAddins\DDNCadAddins\DDNCadAddins.csproj]
D:\leaveblackgithub\DDNCadAddins\src\DDNCadAddins\DDNCadAddins\Services\AcadService.cs(20,25): warning SA1402: File may only contain a single type (https://github.com/DotNetAnalyzers/StyleCopAnalyzers/blob/master/documentation/SA1402.md) [D:\leaveblackgithub\DDNCadAddins\src\DDNCadAddins\DDNCadAddins\DDNCadAddins.csproj]
D:\leaveblackgithub\DDNCadAddins\src\DDNCadAddins\DDNCadAddins\Services\AcadService.cs(43,1): warning SA1028: Code should not contain trailing whitespace (https://github.com/DotNetAnalyzers/StyleCopAnalyzers/blob/master/documentation/SA1028.md) [D:\leaveblackgithub\DDNCadAddins\src\DDNCadAddins\DDNCadAddins\DDNCadAddins.csproj]
D:\leaveblackgithub\DDNCadAddins\src\DDNCadAddins\DDNCadAddins\Services\AcadService.cs(51,1): warning SA1028: Code should not contain trailing whitespace (https://github.com/DotNetAnalyzers/StyleCopAnalyzers/blob/master/documentation/SA1028.md) [D:\leaveblackgithub\DDNCadAddins\src\DDNCadAddins\DDNCadAddins\DDNCadAddins.csproj]
D:\leaveblackgithub\DDNCadAddins\src\DDNCadAddins\DDNCadAddins\Services\AcadService.cs(57,1): warning SA1028: Code should not contain trailing whitespace (https://github.com/DotNetAnalyzers/StyleCopAnalyzers/blob/master/documentation/SA1028.md) [D:\leaveblackgithub\DDNCadAddins\src\DDNCadAddins\DDNCadAddins\DDNCadAddins.csproj]
D:\leaveblackgithub\DDNCadAddins\src\DDNCadAddins\DDNCadAddins\Services\AcadService.cs(76,1): warning SA1028: Code should not contain trailing whitespace (https://github.com/DotNetAnalyzers/StyleCopAnalyzers/blob/master/documentation/SA1028.md) [D:\leaveblackgithub\DDNCadAddins\src\DDNCadAddins\DDNCadAddins\DDNCadAddins.csproj]
D:\leaveblackgithub\DDNCadAddins\src\DDNCadAddins\DDNCadAddins\Services\AcadService.cs(78,1): warning SA1028: Code should not contain trailing whitespace (https://github.com/DotNetAnalyzers/StyleCopAnalyzers/blob/master/documentation/SA1028.md) [D:\leaveblackgithub\DDNCadAddins\src\DDNCadAddins\DDNCadAddins\DDNCadAddins.csproj]
D:\leaveblackgithub\DDNCadAddins\src\DDNCadAddins\DDNCadAddins\Services\AcadService.cs(87,1): warning SA1028: Code should not contain trailing whitespace (https://github.com/DotNetAnalyzers/StyleCopAnalyzers/blob/master/documentation/SA1028.md) [D:\leaveblackgithub\DDNCadAddins\src\DDNCadAddins\DDNCadAddins\DDNCadAddins.csproj]
D:\leaveblackgithub\DDNCadAddins\src\DDNCadAddins\DDNCadAddins\Services\AcadService.cs(96,1): warning SA1028: Code should not contain trailing whitespace (https://github.com/DotNetAnalyzers/StyleCopAnalyzers/blob/master/documentation/SA1028.md) [D:\leaveblackgithub\DDNCadAddins\src\DDNCadAddins\DDNCadAddins\DDNCadAddins.csproj]
D:\leaveblackgithub\DDNCadAddins\src\DDNCadAddins\DDNCadAddins\Services\AcadService.cs(105,1): warning SA1028: Code should not contain trailing whitespace (https://github.com/DotNetAnalyzers/StyleCopAnalyzers/blob/master/documentation/SA1028.md) [D:\leaveblackgithub\DDNCadAddins\src\DDNCadAddins\DDNCadAddins\DDNCadAddins.csproj]
D:\leaveblackgithub\DDNCadAddins\src\DDNCadAddins\DDNCadAddins\Services\AcadService.cs(114,1): warning SA1028: Code should not contain trailing whitespace (https://github.com/DotNetAnalyzers/StyleCopAnalyzers/blob/master/documentation/SA1028.md) [D:\leaveblackgithub\DDNCadAddins\src\DDNCadAddins\DDNCadAddins\DDNCadAddins.csproj]
D:\leaveblackgithub\DDNCadAddins\src\DDNCadAddins\DDNCadAddins\Services\AcadService.cs(116,1): warning SA1028: Code should not contain trailing whitespace (https://github.com/DotNetAnalyzers/StyleCopAnalyzers/blob/master/documentation/SA1028.md) [D:\leaveblackgithub\DDNCadAddins\src\DDNCadAddins\DDNCadAddins\DDNCadAddins.csproj]
D:\leaveblackgithub\DDNCadAddins\src\DDNCadAddins\DDNCadAddins\Services\AcadService.cs(118,1): warning SA1028: Code should not contain trailing whitespace (https://github.com/DotNetAnalyzers/StyleCopAnalyzers/blob/master/documentation/SA1028.md) [D:\leaveblackgithub\DDNCadAddins\src\DDNCadAddins\DDNCadAddins\DDNCadAddins.csproj]
D:\leaveblackgithub\DDNCadAddins\src\DDNCadAddins\DDNCadAddins\Services\AcadService.cs(131,1): warning SA1028: Code should not contain trailing whitespace (https://github.com/DotNetAnalyzers/StyleCopAnalyzers/blob/master/documentation/SA1028.md) [D:\leaveblackgithub\DDNCadAddins\src\DDNCadAddins\DDNCadAddins\DDNCadAddins.csproj]
D:\leaveblackgithub\DDNCadAddins\src\DDNCadAddins\DDNCadAddins\Services\AcadService.cs(143,1): warning SA1028: Code should not contain trailing whitespace (https://github.com/DotNetAnalyzers/StyleCopAnalyzers/blob/master/documentation/SA1028.md) [D:\leaveblackgithub\DDNCadAddins\src\DDNCadAddins\DDNCadAddins\DDNCadAddins.csproj]
D:\leaveblackgithub\DDNCadAddins\src\DDNCadAddins\DDNCadAddins\Services\AcadService.cs(145,1): warning SA1028: Code should not contain trailing whitespace (https://github.com/DotNetAnalyzers/StyleCopAnalyzers/blob/master/documentation/SA1028.md) [D:\leaveblackgithub\DDNCadAddins\src\DDNCadAddins\DDNCadAddins\DDNCadAddins.csproj]
D:\leaveblackgithub\DDNCadAddins\src\DDNCadAddins\DDNCadAddins\Services\AcadService.cs(147,1): warning SA1028: Code should not contain trailing whitespace (https://github.com/DotNetAnalyzers/StyleCopAnalyzers/blob/master/documentation/SA1028.md) [D:\leaveblackgithub\DDNCadAddins\src\DDNCadAddins\DDNCadAddins\DDNCadAddins.csproj]
D:\leaveblackgithub\DDNCadAddins\src\DDNCadAddins\DDNCadAddins\Services\AcadService.cs(159,1): warning SA1028: Code should not contain trailing whitespace (https://github.com/DotNetAnalyzers/StyleCopAnalyzers/blob/master/documentation/SA1028.md) [D:\leaveblackgithub\DDNCadAddins\src\DDNCadAddins\DDNCadAddins\DDNCadAddins.csproj]
D:\leaveblackgithub\DDNCadAddins\src\DDNCadAddins\DDNCadAddins\Services\AcadService.cs(169,1): warning SA1028: Code should not contain trailing whitespace (https://github.com/DotNetAnalyzers/StyleCopAnalyzers/blob/master/documentation/SA1028.md) [D:\leaveblackgithub\DDNCadAddins\src\DDNCadAddins\DDNCadAddins\DDNCadAddins.csproj]
D:\leaveblackgithub\DDNCadAddins\src\DDNCadAddins\DDNCadAddins\Services\AcadService.cs(180,1): warning SA1028: Code should not contain trailing whitespace (https://github.com/DotNetAnalyzers/StyleCopAnalyzers/blob/master/documentation/SA1028.md) [D:\leaveblackgithub\DDNCadAddins\src\DDNCadAddins\DDNCadAddins\DDNCadAddins.csproj]
D:\leaveblackgithub\DDNCadAddins\src\DDNCadAddins\DDNCadAddins\Services\AcadService.cs(192,1): warning SA1028: Code should not contain trailing whitespace (https://github.com/DotNetAnalyzers/StyleCopAnalyzers/blob/master/documentation/SA1028.md) [D:\leaveblackgithub\DDNCadAddins\src\DDNCadAddins\DDNCadAddins\DDNCadAddins.csproj]
D:\leaveblackgithub\DDNCadAddins\src\DDNCadAddins\DDNCadAddins\Services\AcadService.cs(202,1): warning SA1028: Code should not contain trailing whitespace (https://github.com/DotNetAnalyzers/StyleCopAnalyzers/blob/master/documentation/SA1028.md) [D:\leaveblackgithub\DDNCadAddins\src\DDNCadAddins\DDNCadAddins\DDNCadAddins.csproj]
D:\leaveblackgithub\DDNCadAddins\src\DDNCadAddins\DDNCadAddins\Services\AcadService.cs(214,1): warning SA1028: Code should not contain trailing whitespace (https://github.com/DotNetAnalyzers/StyleCopAnalyzers/blob/master/documentation/SA1028.md) [D:\leaveblackgithub\DDNCadAddins\src\DDNCadAddins\DDNCadAddins\DDNCadAddins.csproj]
D:\leaveblackgithub\DDNCadAddins\src\DDNCadAddins\DDNCadAddins\Services\AcadService.cs(226,1): warning SA1028: Code should not contain trailing whitespace (https://github.com/DotNetAnalyzers/StyleCopAnalyzers/blob/master/documentation/SA1028.md) [D:\leaveblackgithub\DDNCadAddins\src\DDNCadAddins\DDNCadAddins\DDNCadAddins.csproj]
D:\leaveblackgithub\DDNCadAddins\src\DDNCadAddins\DDNCadAddins\Services\AcadService.cs(229,2): warning SA1028: Code should not contain trailing whitespace (https://github.com/DotNetAnalyzers/StyleCopAnalyzers/blob/master/documentation/SA1028.md) [D:\leaveblackgithub\DDNCadAddins\src\DDNCadAddins\DDNCadAddins\DDNCadAddins.csproj]
D:\leaveblackgithub\DDNCadAddins\src\DDNCadAddins\DDNCadAddins\Services\IBlockDataService.cs(1,1): warning SA1633: The file header is missing or not located at the top of the file. (https://github.com/DotNetAnalyzers/StyleCopAnalyzers/blob/master/documentation/SA1633.md) [D:\leaveblackgithub\DDNCadAddins\src\DDNCadAddins\DDNCadAddins\DDNCadAddins.csproj]
D:\leaveblackgithub\DDNCadAddins\src\DDNCadAddins\DDNCadAddins\Services\IBlockDataService.cs(19,44): warning SA1028: Code should not contain trailing whitespace (https://github.com/DotNetAnalyzers/StyleCopAnalyzers/blob/master/documentation/SA1028.md) [D:\leaveblackgithub\DDNCadAddins\src\DDNCadAddins\DDNCadAddins\DDNCadAddins.csproj]
D:\leaveblackgithub\DDNCadAddins\src\DDNCadAddins\DDNCadAddins\Services\IBlockDataService.cs(22,2): warning SA1028: Code should not contain trailing whitespace (https://github.com/DotNetAnalyzers/StyleCopAnalyzers/blob/master/documentation/SA1028.md) [D:\leaveblackgithub\DDNCadAddins\src\DDNCadAddins\DDNCadAddins\DDNCadAddins.csproj]
D:\leaveblackgithub\DDNCadAddins\src\DDNCadAddins\DDNCadAddins\Services\ICsvExportService.cs(1,1): warning SA1633: The file header is missing or not located at the top of the file. (https://github.com/DotNetAnalyzers/StyleCopAnalyzers/blob/master/documentation/SA1633.md) [D:\leaveblackgithub\DDNCadAddins\src\DDNCadAddins\DDNCadAddins\DDNCadAddins.csproj]
D:\leaveblackgithub\DDNCadAddins\src\DDNCadAddins\DDNCadAddins\Services\ICsvExportService.cs(24,2): warning SA1028: Code should not contain trailing whitespace (https://github.com/DotNetAnalyzers/StyleCopAnalyzers/blob/master/documentation/SA1028.md) [D:\leaveblackgithub\DDNCadAddins\src\DDNCadAddins\DDNCadAddins\DDNCadAddins.csproj]
D:\leaveblackgithub\DDNCadAddins\src\DDNCadAddins\DDNCadAddins\Services\IUserInterfaceService.cs(1,1): warning SA1633: The file header is missing or not located at the top of the file. (https://github.com/DotNetAnalyzers/StyleCopAnalyzers/blob/master/documentation/SA1633.md) [D:\leaveblackgithub\DDNCadAddins\src\DDNCadAddins\DDNCadAddins\DDNCadAddins.csproj]
D:\leaveblackgithub\DDNCadAddins\src\DDNCadAddins\DDNCadAddins\Commands\TestRunner.cs(58,17): warning SA1101: Prefix local calls with this (https://github.com/DotNetAnalyzers/StyleCopAnalyzers/blob/master/documentation/SA1101.md) [D:\leaveblackgithub\DDNCadAddins\src\DDNCadAddins\DDNCadAddins\DDNCadAddins.csproj]
D:\leaveblackgithub\DDNCadAddins\src\DDNCadAddins\DDNCadAddins\Commands\TestRunner.cs(59,17): warning SA1101: Prefix local calls with this (https://github.com/DotNetAnalyzers/StyleCopAnalyzers/blob/master/documentation/SA1101.md) [D:\leaveblackgithub\DDNCadAddins\src\DDNCadAddins\DDNCadAddins\DDNCadAddins.csproj]
D:\leaveblackgithub\DDNCadAddins\src\DDNCadAddins\DDNCadAddins\Commands\TestRunner.cs(60,17): warning SA1101: Prefix local calls with this (https://github.com/DotNetAnalyzers/StyleCopAnalyzers/blob/master/documentation/SA1101.md) [D:\leaveblackgithub\DDNCadAddins\src\DDNCadAddins\DDNCadAddins\DDNCadAddins.csproj]
D:\leaveblackgithub\DDNCadAddins\src\DDNCadAddins\DDNCadAddins\Commands\TestRunner.cs(61,17): warning SA1101: Prefix local calls with this (https://github.com/DotNetAnalyzers/StyleCopAnalyzers/blob/master/documentation/SA1101.md) [D:\leaveblackgithub\DDNCadAddins\src\DDNCadAddins\DDNCadAddins\DDNCadAddins.csproj]
D:\leaveblackgithub\DDNCadAddins\src\DDNCadAddins\DDNCadAddins\Commands\TestRunner.cs(62,17): warning SA1101: Prefix local calls with this (https://github.com/DotNetAnalyzers/StyleCopAnalyzers/blob/master/documentation/SA1101.md) [D:\leaveblackgithub\DDNCadAddins\src\DDNCadAddins\DDNCadAddins\DDNCadAddins.csproj]
D:\leaveblackgithub\DDNCadAddins\src\DDNCadAddins\DDNCadAddins\Services\IUserInterfaceService.cs(17,1): warning SA1028: Code should not contain trailing whitespace (https://github.com/DotNetAnalyzers/StyleCopAnalyzers/blob/master/documentation/SA1028.md) [D:\leaveblackgithub\DDNCadAddins\src\DDNCadAddins\DDNCadAddins\DDNCadAddins.csproj]
D:\leaveblackgithub\DDNCadAddins\src\DDNCadAddins\DDNCadAddins\Services\IUserInterfaceService.cs(23,1): warning SA1028: Code should not contain trailing whitespace (https://github.com/DotNetAnalyzers/StyleCopAnalyzers/blob/master/documentation/SA1028.md) [D:\leaveblackgithub\DDNCadAddins\src\DDNCadAddins\DDNCadAddins\DDNCadAddins.csproj]
D:\leaveblackgithub\DDNCadAddins\src\DDNCadAddins\DDNCadAddins\Services\IUserInterfaceService.cs(29,1): warning SA1028: Code should not contain trailing whitespace (https://github.com/DotNetAnalyzers/StyleCopAnalyzers/blob/master/documentation/SA1028.md) [D:\leaveblackgithub\DDNCadAddins\src\DDNCadAddins\DDNCadAddins\DDNCadAddins.csproj]
D:\leaveblackgithub\DDNCadAddins\src\DDNCadAddins\DDNCadAddins\Services\IUserInterfaceService.cs(35,1): warning SA1028: Code should not contain trailing whitespace (https://github.com/DotNetAnalyzers/StyleCopAnalyzers/blob/master/documentation/SA1028.md) [D:\leaveblackgithub\DDNCadAddins\src\DDNCadAddins\DDNCadAddins\DDNCadAddins.csproj]
D:\leaveblackgithub\DDNCadAddins\src\DDNCadAddins\DDNCadAddins\Services\IUserInterfaceService.cs(41,1): warning SA1028: Code should not contain trailing whitespace (https://github.com/DotNetAnalyzers/StyleCopAnalyzers/blob/master/documentation/SA1028.md) [D:\leaveblackgithub\DDNCadAddins\src\DDNCadAddins\DDNCadAddins\DDNCadAddins.csproj]
D:\leaveblackgithub\DDNCadAddins\src\DDNCadAddins\DDNCadAddins\Services\IUserInterfaceService.cs(47,1): warning SA1028: Code should not contain trailing whitespace (https://github.com/DotNetAnalyzers/StyleCopAnalyzers/blob/master/documentation/SA1028.md) [D:\leaveblackgithub\DDNCadAddins\src\DDNCadAddins\DDNCadAddins\DDNCadAddins.csproj]
D:\leaveblackgithub\DDNCadAddins\src\DDNCadAddins\DDNCadAddins\Services\IUserInterfaceService.cs(53,1): warning SA1028: Code should not contain trailing whitespace (https://github.com/DotNetAnalyzers/StyleCopAnalyzers/blob/master/documentation/SA1028.md) [D:\leaveblackgithub\DDNCadAddins\src\DDNCadAddins\DDNCadAddins\DDNCadAddins.csproj]
D:\leaveblackgithub\DDNCadAddins\src\DDNCadAddins\DDNCadAddins\Services\IUserInterfaceService.cs(59,1): warning SA1028: Code should not contain trailing whitespace (https://github.com/DotNetAnalyzers/StyleCopAnalyzers/blob/master/documentation/SA1028.md) [D:\leaveblackgithub\DDNCadAddins\src\DDNCadAddins\DDNCadAddins\DDNCadAddins.csproj]
D:\leaveblackgithub\DDNCadAddins\src\DDNCadAddins\DDNCadAddins\Services\IUserInterfaceService.cs(66,2): warning SA1028: Code should not contain trailing whitespace (https://github.com/DotNetAnalyzers/StyleCopAnalyzers/blob/master/documentation/SA1028.md) [D:\leaveblackgithub\DDNCadAddins\src\DDNCadAddins\DDNCadAddins\DDNCadAddins.csproj]
D:\leaveblackgithub\DDNCadAddins\src\DDNCadAddins\DDNCadAddins\Services\IViewService.cs(1,1): warning SA1633: The file header is missing or not located at the top of the file. (https://github.com/DotNetAnalyzers/StyleCopAnalyzers/blob/master/documentation/SA1633.md) [D:\leaveblackgithub\DDNCadAddins\src\DDNCadAddins\DDNCadAddins\DDNCadAddins.csproj]
D:\leaveblackgithub\DDNCadAddins\src\DDNCadAddins\DDNCadAddins\Commands\XClipTest\TestCommandBase.cs(75,25): warning SA1101: Prefix local calls with this (https://github.com/DotNetAnalyzers/StyleCopAnalyzers/blob/master/documentation/SA1101.md) [D:\leaveblackgithub\DDNCadAddins\src\DDNCadAddins\DDNCadAddins\DDNCadAddins.csproj]
D:\leaveblackgithub\DDNCadAddins\src\DDNCadAddins\DDNCadAddins\Services\IViewService.cs(20,1): warning SA1028: Code should not contain trailing whitespace (https://github.com/DotNetAnalyzers/StyleCopAnalyzers/blob/master/documentation/SA1028.md) [D:\leaveblackgithub\DDNCadAddins\src\DDNCadAddins\DDNCadAddins\DDNCadAddins.csproj]
D:\leaveblackgithub\DDNCadAddins\src\DDNCadAddins\DDNCadAddins\Services\IViewService.cs(27,1): warning SA1028: Code should not contain trailing whitespace (https://github.com/DotNetAnalyzers/StyleCopAnalyzers/blob/master/documentation/SA1028.md) [D:\leaveblackgithub\DDNCadAddins\src\DDNCadAddins\DDNCadAddins\DDNCadAddins.csproj]
D:\leaveblackgithub\DDNCadAddins\src\DDNCadAddins\DDNCadAddins\Services\IViewService.cs(34,2): warning SA1028: Code should not contain trailing whitespace (https://github.com/DotNetAnalyzers/StyleCopAnalyzers/blob/master/documentation/SA1028.md) [D:\leaveblackgithub\DDNCadAddins\src\DDNCadAddins\DDNCadAddins\DDNCadAddins.csproj]
D:\leaveblackgithub\DDNCadAddins\src\DDNCadAddins\DDNCadAddins\Services\IXClipBlockService.cs(1,1): warning SA1633: The file header is missing or not located at the top of the file. (https://github.com/DotNetAnalyzers/StyleCopAnalyzers/blob/master/documentation/SA1633.md) [D:\leaveblackgithub\DDNCadAddins\src\DDNCadAddins\DDNCadAddins\DDNCadAddins.csproj]
D:\leaveblackgithub\DDNCadAddins\src\DDNCadAddins\DDNCadAddins\Commands\TestRunner.cs(884,17): warning SA1503: Braces should not be omitted (https://github.com/DotNetAnalyzers/StyleCopAnalyzers/blob/master/documentation/SA1503.md) [D:\leaveblackgithub\DDNCadAddins\src\DDNCadAddins\DDNCadAddins\DDNCadAddins.csproj]
D:\leaveblackgithub\DDNCadAddins\src\DDNCadAddins\DDNCadAddins\Commands\TestRunner.cs(882,13): warning SA1101: Prefix local calls with this (https://github.com/DotNetAnalyzers/StyleCopAnalyzers/blob/master/documentation/SA1101.md) [D:\leaveblackgithub\DDNCadAddins\src\DDNCadAddins\DDNCadAddins\DDNCadAddins.csproj]
D:\leaveblackgithub\DDNCadAddins\src\DDNCadAddins\DDNCadAddins\Commands\TestRunner.cs(883,17): warning SA1101: Prefix local calls with this (https://github.com/DotNetAnalyzers/StyleCopAnalyzers/blob/master/documentation/SA1101.md) [D:\leaveblackgithub\DDNCadAddins\src\DDNCadAddins\DDNCadAddins\DDNCadAddins.csproj]
D:\leaveblackgithub\DDNCadAddins\src\DDNCadAddins\DDNCadAddins\Commands\CreateXClippedBlockCommand.cs(90,13): warning SA1101: Prefix local calls with this (https://github.com/DotNetAnalyzers/StyleCopAnalyzers/blob/master/documentation/SA1101.md) [D:\leaveblackgithub\DDNCadAddins\src\DDNCadAddins\DDNCadAddins\DDNCadAddins.csproj]
D:\leaveblackgithub\DDNCadAddins\src\DDNCadAddins\DDNCadAddins\Commands\TestRunner.cs(886,13): warning SA1101: Prefix local calls with this (https://github.com/DotNetAnalyzers/StyleCopAnalyzers/blob/master/documentation/SA1101.md) [D:\leaveblackgithub\DDNCadAddins\src\DDNCadAddins\DDNCadAddins\DDNCadAddins.csproj]
D:\leaveblackgithub\DDNCadAddins\src\DDNCadAddins\DDNCadAddins\Commands\TestRunner.cs(886,24): warning SA1101: Prefix local calls with this (https://github.com/DotNetAnalyzers/StyleCopAnalyzers/blob/master/documentation/SA1101.md) [D:\leaveblackgithub\DDNCadAddins\src\DDNCadAddins\DDNCadAddins\DDNCadAddins.csproj]
D:\leaveblackgithub\DDNCadAddins\src\DDNCadAddins\DDNCadAddins\Commands\TestRunner.cs(887,13): warning SA1101: Prefix local calls with this (https://github.com/DotNetAnalyzers/StyleCopAnalyzers/blob/master/documentation/SA1101.md) [D:\leaveblackgithub\DDNCadAddins\src\DDNCadAddins\DDNCadAddins\DDNCadAddins.csproj]
D:\leaveblackgithub\DDNCadAddins\src\DDNCadAddins\DDNCadAddins\Commands\TestRunner.cs(887,22): warning SA1101: Prefix local calls with this (https://github.com/DotNetAnalyzers/StyleCopAnalyzers/blob/master/documentation/SA1101.md) [D:\leaveblackgithub\DDNCadAddins\src\DDNCadAddins\DDNCadAddins\DDNCadAddins.csproj]
D:\leaveblackgithub\DDNCadAddins\src\DDNCadAddins\DDNCadAddins\Commands\CreateXClippedBlockCommand.cs(92,31): warning SA1101: Prefix local calls with this (https://github.com/DotNetAnalyzers/StyleCopAnalyzers/blob/master/documentation/SA1101.md) [D:\leaveblackgithub\DDNCadAddins\src\DDNCadAddins\DDNCadAddins\DDNCadAddins.csproj]
D:\leaveblackgithub\DDNCadAddins\src\DDNCadAddins\DDNCadAddins\Commands\CreateXClippedBlockCommand.cs(96,17): warning SA1101: Prefix local calls with this (https://github.com/DotNetAnalyzers/StyleCopAnalyzers/blob/master/documentation/SA1101.md) [D:\leaveblackgithub\DDNCadAddins\src\DDNCadAddins\DDNCadAddins\DDNCadAddins.csproj]
D:\leaveblackgithub\DDNCadAddins\src\DDNCadAddins\DDNCadAddins\Commands\CreateXClippedBlockCommand.cs(100,17): warning SA1101: Prefix local calls with this (https://github.com/DotNetAnalyzers/StyleCopAnalyzers/blob/master/documentation/SA1101.md) [D:\leaveblackgithub\DDNCadAddins\src\DDNCadAddins\DDNCadAddins\DDNCadAddins.csproj]
D:\leaveblackgithub\DDNCadAddins\src\DDNCadAddins\DDNCadAddins\Commands\CreateXClippedBlockCommand.cs(101,17): warning SA1101: Prefix local calls with this (https://github.com/DotNetAnalyzers/StyleCopAnalyzers/blob/master/documentation/SA1101.md) [D:\leaveblackgithub\DDNCadAddins\src\DDNCadAddins\DDNCadAddins\DDNCadAddins.csproj]
D:\leaveblackgithub\DDNCadAddins\src\DDNCadAddins\DDNCadAddins\Services\IXClipBlockService.cs(20,1): warning SA1028: Code should not contain trailing whitespace (https://github.com/DotNetAnalyzers/StyleCopAnalyzers/blob/master/documentation/SA1028.md) [D:\leaveblackgithub\DDNCadAddins\src\DDNCadAddins\DDNCadAddins\DDNCadAddins.csproj]
D:\leaveblackgithub\DDNCadAddins\src\DDNCadAddins\DDNCadAddins\Services\IXClipBlockService.cs(27,1): warning SA1028: Code should not contain trailing whitespace (https://github.com/DotNetAnalyzers/StyleCopAnalyzers/blob/master/documentation/SA1028.md) [D:\leaveblackgithub\DDNCadAddins\src\DDNCadAddins\DDNCadAddins\DDNCadAddins.csproj]
D:\leaveblackgithub\DDNCadAddins\src\DDNCadAddins\DDNCadAddins\Services\IXClipBlockService.cs(34,1): warning SA1028: Code should not contain trailing whitespace (https://github.com/DotNetAnalyzers/StyleCopAnalyzers/blob/master/documentation/SA1028.md) [D:\leaveblackgithub\DDNCadAddins\src\DDNCadAddins\DDNCadAddins\DDNCadAddins.csproj]
D:\leaveblackgithub\DDNCadAddins\src\DDNCadAddins\DDNCadAddins\Services\IXClipBlockService.cs(42,1): warning SA1028: Code should not contain trailing whitespace (https://github.com/DotNetAnalyzers/StyleCopAnalyzers/blob/master/documentation/SA1028.md) [D:\leaveblackgithub\DDNCadAddins\src\DDNCadAddins\DDNCadAddins\DDNCadAddins.csproj]
D:\leaveblackgithub\DDNCadAddins\src\DDNCadAddins\DDNCadAddins\Services\IXClipBlockService.cs(51,1): warning SA1028: Code should not contain trailing whitespace (https://github.com/DotNetAnalyzers/StyleCopAnalyzers/blob/master/documentation/SA1028.md) [D:\leaveblackgithub\DDNCadAddins\src\DDNCadAddins\DDNCadAddins\DDNCadAddins.csproj]
D:\leaveblackgithub\DDNCadAddins\src\DDNCadAddins\DDNCadAddins\Services\IXClipBlockService.cs(66,2): warning SA1028: Code should not contain trailing whitespace (https://github.com/DotNetAnalyzers/StyleCopAnalyzers/blob/master/documentation/SA1028.md) [D:\leaveblackgithub\DDNCadAddins\src\DDNCadAddins\DDNCadAddins\DDNCadAddins.csproj]
D:\leaveblackgithub\DDNCadAddins\src\DDNCadAddins\DDNCadAddins\Services\TransactionService.cs(1,1): warning SA1633: The file header is missing or not located at the top of the file. (https://github.com/DotNetAnalyzers/StyleCopAnalyzers/blob/master/documentation/SA1633.md) [D:\leaveblackgithub\DDNCadAddins\src\DDNCadAddins\DDNCadAddins\DDNCadAddins.csproj]
D:\leaveblackgithub\DDNCadAddins\src\DDNCadAddins\DDNCadAddins\Commands\TestRunner.cs(911,17): warning SA1503: Braces should not be omitted (https://github.com/DotNetAnalyzers/StyleCopAnalyzers/blob/master/documentation/SA1503.md) [D:\leaveblackgithub\DDNCadAddins\src\DDNCadAddins\DDNCadAddins\DDNCadAddins.csproj]
D:\leaveblackgithub\DDNCadAddins\src\DDNCadAddins\DDNCadAddins\Commands\TestRunner.cs(909,13): warning SA1101: Prefix local calls with this (https://github.com/DotNetAnalyzers/StyleCopAnalyzers/blob/master/documentation/SA1101.md) [D:\leaveblackgithub\DDNCadAddins\src\DDNCadAddins\DDNCadAddins\DDNCadAddins.csproj]
D:\leaveblackgithub\DDNCadAddins\src\DDNCadAddins\DDNCadAddins\Commands\TestRunner.cs(910,17): warning SA1101: Prefix local calls with this (https://github.com/DotNetAnalyzers/StyleCopAnalyzers/blob/master/documentation/SA1101.md) [D:\leaveblackgithub\DDNCadAddins\src\DDNCadAddins\DDNCadAddins\DDNCadAddins.csproj]
D:\leaveblackgithub\DDNCadAddins\src\DDNCadAddins\DDNCadAddins\Infrastructure\AcadUserMessageService.cs(22,13): warning SA1101: Prefix local calls with this (https://github.com/DotNetAnalyzers/StyleCopAnalyzers/blob/master/documentation/SA1101.md) [D:\leaveblackgithub\DDNCadAddins\src\DDNCadAddins\DDNCadAddins\DDNCadAddins.csproj]
D:\leaveblackgithub\DDNCadAddins\src\DDNCadAddins\DDNCadAddins\Commands\TestRunner.cs(913,13): warning SA1101: Prefix local calls with this (https://github.com/DotNetAnalyzers/StyleCopAnalyzers/blob/master/documentation/SA1101.md) [D:\leaveblackgithub\DDNCadAddins\src\DDNCadAddins\DDNCadAddins\DDNCadAddins.csproj]
D:\leaveblackgithub\DDNCadAddins\src\DDNCadAddins\DDNCadAddins\Commands\TestRunner.cs(913,24): warning SA1101: Prefix local calls with this (https://github.com/DotNetAnalyzers/StyleCopAnalyzers/blob/master/documentation/SA1101.md) [D:\leaveblackgithub\DDNCadAddins\src\DDNCadAddins\DDNCadAddins\DDNCadAddins.csproj]
D:\leaveblackgithub\DDNCadAddins\src\DDNCadAddins\DDNCadAddins\Commands\TestRunner.cs(914,13): warning SA1101: Prefix local calls with this (https://github.com/DotNetAnalyzers/StyleCopAnalyzers/blob/master/documentation/SA1101.md) [D:\leaveblackgithub\DDNCadAddins\src\DDNCadAddins\DDNCadAddins\DDNCadAddins.csproj]
D:\leaveblackgithub\DDNCadAddins\src\DDNCadAddins\DDNCadAddins\Commands\TestRunner.cs(914,22): warning SA1101: Prefix local calls with this (https://github.com/DotNetAnalyzers/StyleCopAnalyzers/blob/master/documentation/SA1101.md) [D:\leaveblackgithub\DDNCadAddins\src\DDNCadAddins\DDNCadAddins\DDNCadAddins.csproj]
D:\leaveblackgithub\DDNCadAddins\src\DDNCadAddins\DDNCadAddins\Services\TransactionService.cs(15,1): warning SA1028: Code should not contain trailing whitespace (https://github.com/DotNetAnalyzers/StyleCopAnalyzers/blob/master/documentation/SA1028.md) [D:\leaveblackgithub\DDNCadAddins\src\DDNCadAddins\DDNCadAddins\DDNCadAddins.csproj]
D:\leaveblackgithub\DDNCadAddins\src\DDNCadAddins\DDNCadAddins\Services\TransactionService.cs(24,1): warning SA1028: Code should not contain trailing whitespace (https://github.com/DotNetAnalyzers/StyleCopAnalyzers/blob/master/documentation/SA1028.md) [D:\leaveblackgithub\DDNCadAddins\src\DDNCadAddins\DDNCadAddins\DDNCadAddins.csproj]
D:\leaveblackgithub\DDNCadAddins\src\DDNCadAddins\DDNCadAddins\Services\TransactionService.cs(37,1): warning SA1028: Code should not contain trailing whitespace (https://github.com/DotNetAnalyzers/StyleCopAnalyzers/blob/master/documentation/SA1028.md) [D:\leaveblackgithub\DDNCadAddins\src\DDNCadAddins\DDNCadAddins\DDNCadAddins.csproj]
D:\leaveblackgithub\DDNCadAddins\src\DDNCadAddins\DDNCadAddins\Services\TransactionService.cs(39,1): warning SA1028: Code should not contain trailing whitespace (https://github.com/DotNetAnalyzers/StyleCopAnalyzers/blob/master/documentation/SA1028.md) [D:\leaveblackgithub\DDNCadAddins\src\DDNCadAddins\DDNCadAddins\DDNCadAddins.csproj]
D:\leaveblackgithub\DDNCadAddins\src\DDNCadAddins\DDNCadAddins\Services\TransactionService.cs(48,1): warning SA1028: Code should not contain trailing whitespace (https://github.com/DotNetAnalyzers/StyleCopAnalyzers/blob/master/documentation/SA1028.md) [D:\leaveblackgithub\DDNCadAddins\src\DDNCadAddins\DDNCadAddins\DDNCadAddins.csproj]
D:\leaveblackgithub\DDNCadAddins\src\DDNCadAddins\DDNCadAddins\Services\TransactionService.cs(67,1): warning SA1028: Code should not contain trailing whitespace (https://github.com/DotNetAnalyzers/StyleCopAnalyzers/blob/master/documentation/SA1028.md) [D:\leaveblackgithub\DDNCadAddins\src\DDNCadAddins\DDNCadAddins\DDNCadAddins.csproj]
D:\leaveblackgithub\DDNCadAddins\src\DDNCadAddins\DDNCadAddins\Services\TransactionService.cs(72,1): warning SA1028: Code should not contain trailing whitespace (https://github.com/DotNetAnalyzers/StyleCopAnalyzers/blob/master/documentation/SA1028.md) [D:\leaveblackgithub\DDNCadAddins\src\DDNCadAddins\DDNCadAddins\DDNCadAddins.csproj]
D:\leaveblackgithub\DDNCadAddins\src\DDNCadAddins\DDNCadAddins\Commands\XClipTest\TestCommandBase.cs(88,25): warning SA1101: Prefix local calls with this (https://github.com/DotNetAnalyzers/StyleCopAnalyzers/blob/master/documentation/SA1101.md) [D:\leaveblackgithub\DDNCadAddins\src\DDNCadAddins\DDNCadAddins\DDNCadAddins.csproj]
D:\leaveblackgithub\DDNCadAddins\src\DDNCadAddins\DDNCadAddins\Services\TransactionService.cs(84,1): warning SA1028: Code should not contain trailing whitespace (https://github.com/DotNetAnalyzers/StyleCopAnalyzers/blob/master/documentation/SA1028.md) [D:\leaveblackgithub\DDNCadAddins\src\DDNCadAddins\DDNCadAddins\DDNCadAddins.csproj]
D:\leaveblackgithub\DDNCadAddins\src\DDNCadAddins\DDNCadAddins\Services\TransactionService.cs(86,1): warning SA1028: Code should not contain trailing whitespace (https://github.com/DotNetAnalyzers/StyleCopAnalyzers/blob/master/documentation/SA1028.md) [D:\leaveblackgithub\DDNCadAddins\src\DDNCadAddins\DDNCadAddins\DDNCadAddins.csproj]
D:\leaveblackgithub\DDNCadAddins\src\DDNCadAddins\DDNCadAddins\Services\TransactionService.cs(95,1): warning SA1028: Code should not contain trailing whitespace (https://github.com/DotNetAnalyzers/StyleCopAnalyzers/blob/master/documentation/SA1028.md) [D:\leaveblackgithub\DDNCadAddins\src\DDNCadAddins\DDNCadAddins\DDNCadAddins.csproj]
D:\leaveblackgithub\DDNCadAddins\src\DDNCadAddins\DDNCadAddins\Services\TransactionService.cs(114,1): warning SA1028: Code should not contain trailing whitespace (https://github.com/DotNetAnalyzers/StyleCopAnalyzers/blob/master/documentation/SA1028.md) [D:\leaveblackgithub\DDNCadAddins\src\DDNCadAddins\DDNCadAddins\DDNCadAddins.csproj]
D:\leaveblackgithub\DDNCadAddins\src\DDNCadAddins\DDNCadAddins\Services\TransactionService.cs(120,2): warning SA1028: Code should not contain trailing whitespace (https://github.com/DotNetAnalyzers/StyleCopAnalyzers/blob/master/documentation/SA1028.md) [D:\leaveblackgithub\DDNCadAddins\src\DDNCadAddins\DDNCadAddins\DDNCadAddins.csproj]
D:\leaveblackgithub\DDNCadAddins\src\DDNCadAddins\DDNCadAddins\Services\XClipBlockService.Core.cs(1,1): warning SA1633: The file header is missing or not located at the top of the file. (https://github.com/DotNetAnalyzers/StyleCopAnalyzers/blob/master/documentation/SA1633.md) [D:\leaveblackgithub\DDNCadAddins\src\DDNCadAddins\DDNCadAddins\DDNCadAddins.csproj]
D:\leaveblackgithub\DDNCadAddins\src\DDNCadAddins\DDNCadAddins\Commands\XClipTest\XClipTestValidator.cs(55,30): warning SA1101: Prefix local calls with this (https://github.com/DotNetAnalyzers/StyleCopAnalyzers/blob/master/documentation/SA1101.md) [D:\leaveblackgithub\DDNCadAddins\src\DDNCadAddins\DDNCadAddins\DDNCadAddins.csproj]
D:\leaveblackgithub\DDNCadAddins\src\DDNCadAddins\DDNCadAddins\Commands\XClipTest\XClipTestValidator.cs(69,37): warning SA1101: Prefix local calls with this (https://github.com/DotNetAnalyzers/StyleCopAnalyzers/blob/master/documentation/SA1101.md) [D:\leaveblackgithub\DDNCadAddins\src\DDNCadAddins\DDNCadAddins\DDNCadAddins.csproj]
D:\leaveblackgithub\DDNCadAddins\src\DDNCadAddins\DDNCadAddins\Commands\XClipTest\XClipTestValidator.cs(40,40): warning CA1825: 避免不必要的长度为零的数组分配。改用 Array.Empty<ObjectId>()。 (https://docs.microsoft.com/dotnet/fundamentals/code-analysis/quality-rules/ca1825) [D:\leaveblackgithub\DDNCadAddins\src\DDNCadAddins\DDNCadAddins\DDNCadAddins.csproj]
D:\leaveblackgithub\DDNCadAddins\src\DDNCadAddins\DDNCadAddins\Models\OperationResult.cs(213,42): warning CA1000: 不要在泛型类型中声明静态成员 (https://docs.microsoft.com/dotnet/fundamentals/code-analysis/quality-rules/ca1000) [D:\leaveblackgithub\DDNCadAddins\src\DDNCadAddins\DDNCadAddins\DDNCadAddins.csproj]
D:\leaveblackgithub\DDNCadAddins\src\DDNCadAddins\DDNCadAddins\Services\AcadViewService.cs(28,13): warning SA1101: Prefix local calls with this (https://github.com/DotNetAnalyzers/StyleCopAnalyzers/blob/master/documentation/SA1101.md) [D:\leaveblackgithub\DDNCadAddins\src\DDNCadAddins\DDNCadAddins\DDNCadAddins.csproj]
D:\leaveblackgithub\DDNCadAddins\src\DDNCadAddins\DDNCadAddins\Commands\XClipTest\TestCommandBase.cs(101,25): warning SA1101: Prefix local calls with this (https://github.com/DotNetAnalyzers/StyleCopAnalyzers/blob/master/documentation/SA1101.md) [D:\leaveblackgithub\DDNCadAddins\src\DDNCadAddins\DDNCadAddins\DDNCadAddins.csproj]
D:\leaveblackgithub\DDNCadAddins\src\DDNCadAddins\DDNCadAddins\Services\AcadViewService.cs(29,13): warning SA1101: Prefix local calls with this (https://github.com/DotNetAnalyzers/StyleCopAnalyzers/blob/master/documentation/SA1101.md) [D:\leaveblackgithub\DDNCadAddins\src\DDNCadAddins\DDNCadAddins\DDNCadAddins.csproj]
D:\leaveblackgithub\DDNCadAddins\src\DDNCadAddins\DDNCadAddins\Commands\CreateXClippedBlockCommand.cs(110,13): warning SA1101: Prefix local calls with this (https://github.com/DotNetAnalyzers/StyleCopAnalyzers/blob/master/documentation/SA1101.md) [D:\leaveblackgithub\DDNCadAddins\src\DDNCadAddins\DDNCadAddins\DDNCadAddins.csproj]
D:\leaveblackgithub\DDNCadAddins\src\DDNCadAddins\DDNCadAddins\Services\AcadUserInterfaceService.cs(31,13): warning SA1101: Prefix local calls with this (https://github.com/DotNetAnalyzers/StyleCopAnalyzers/blob/master/documentation/SA1101.md) [D:\leaveblackgithub\DDNCadAddins\src\DDNCadAddins\DDNCadAddins\DDNCadAddins.csproj]
D:\leaveblackgithub\DDNCadAddins\src\DDNCadAddins\DDNCadAddins\Commands\CreateXClippedBlockCommand.cs(111,13): warning SA1101: Prefix local calls with this (https://github.com/DotNetAnalyzers/StyleCopAnalyzers/blob/master/documentation/SA1101.md) [D:\leaveblackgithub\DDNCadAddins\src\DDNCadAddins\DDNCadAddins\DDNCadAddins.csproj]
D:\leaveblackgithub\DDNCadAddins\src\DDNCadAddins\DDNCadAddins\Services\AcadUserInterfaceService.cs(32,13): warning SA1101: Prefix local calls with this (https://github.com/DotNetAnalyzers/StyleCopAnalyzers/blob/master/documentation/SA1101.md) [D:\leaveblackgithub\DDNCadAddins\src\DDNCadAddins\DDNCadAddins\DDNCadAddins.csproj]
D:\leaveblackgithub\DDNCadAddins\src\DDNCadAddins\DDNCadAddins\Commands\CreateXClippedBlockCommand.cs(112,13): warning SA1101: Prefix local calls with this (https://github.com/DotNetAnalyzers/StyleCopAnalyzers/blob/master/documentation/SA1101.md) [D:\leaveblackgithub\DDNCadAddins\src\DDNCadAddins\DDNCadAddins\DDNCadAddins.csproj]
D:\leaveblackgithub\DDNCadAddins\src\DDNCadAddins\DDNCadAddins\Commands\CreateXClippedBlockCommand.cs(113,13): warning SA1101: Prefix local calls with this (https://github.com/DotNetAnalyzers/StyleCopAnalyzers/blob/master/documentation/SA1101.md) [D:\leaveblackgithub\DDNCadAddins\src\DDNCadAddins\DDNCadAddins\DDNCadAddins.csproj]
D:\leaveblackgithub\DDNCadAddins\src\DDNCadAddins\DDNCadAddins\Commands\CreateXClippedBlockCommand.cs(114,13): warning SA1101: Prefix local calls with this (https://github.com/DotNetAnalyzers/StyleCopAnalyzers/blob/master/documentation/SA1101.md) [D:\leaveblackgithub\DDNCadAddins\src\DDNCadAddins\DDNCadAddins\DDNCadAddins.csproj]
D:\leaveblackgithub\DDNCadAddins\src\DDNCadAddins\DDNCadAddins\Commands\CreateXClippedBlockCommand.cs(115,13): warning SA1101: Prefix local calls with this (https://github.com/DotNetAnalyzers/StyleCopAnalyzers/blob/master/documentation/SA1101.md) [D:\leaveblackgithub\DDNCadAddins\src\DDNCadAddins\DDNCadAddins\DDNCadAddins.csproj]
D:\leaveblackgithub\DDNCadAddins\src\DDNCadAddins\DDNCadAddins\Infrastructure\EmptyLogger.cs(51,21): warning CA1822: 成员“LogInfo”不访问实例数据，可标记为 static (https://docs.microsoft.com/dotnet/fundamentals/code-analysis/quality-rules/ca1822) [D:\leaveblackgithub\DDNCadAddins\src\DDNCadAddins\DDNCadAddins\DDNCadAddins.csproj]
D:\leaveblackgithub\DDNCadAddins\src\DDNCadAddins\DDNCadAddins\Infrastructure\EmptyLogger.cs(78,21): warning CA1822: 成员“Error”不访问实例数据，可标记为 static (https://docs.microsoft.com/dotnet/fundamentals/code-analysis/quality-rules/ca1822) [D:\leaveblackgithub\DDNCadAddins\src\DDNCadAddins\DDNCadAddins\DDNCadAddins.csproj]
D:\leaveblackgithub\DDNCadAddins\src\DDNCadAddins\DDNCadAddins\Commands\CommandBase.cs(122,28): warning SA1101: Prefix local calls with this (https://github.com/DotNetAnalyzers/StyleCopAnalyzers/blob/master/documentation/SA1101.md) [D:\leaveblackgithub\DDNCadAddins\src\DDNCadAddins\DDNCadAddins\DDNCadAddins.csproj]
D:\leaveblackgithub\DDNCadAddins\src\DDNCadAddins\DDNCadAddins\Models\OperationResult.cs(220,17): warning SA1413: Use trailing comma in multi-line initializers (https://github.com/DotNetAnalyzers/StyleCopAnalyzers/blob/master/documentation/SA1413.md) [D:\leaveblackgithub\DDNCadAddins\src\DDNCadAddins\DDNCadAddins\DDNCadAddins.csproj]
D:\leaveblackgithub\DDNCadAddins\src\DDNCadAddins\DDNCadAddins\Commands\XClipTest\TestCommandBase.cs(118,17): warning SA1101: Prefix local calls with this (https://github.com/DotNetAnalyzers/StyleCopAnalyzers/blob/master/documentation/SA1101.md) [D:\leaveblackgithub\DDNCadAddins\src\DDNCadAddins\DDNCadAddins\DDNCadAddins.csproj]
D:\leaveblackgithub\DDNCadAddins\src\DDNCadAddins\DDNCadAddins\Services\AcadUserInterfaceService.cs(59,28): warning SA1101: Prefix local calls with this (https://github.com/DotNetAnalyzers/StyleCopAnalyzers/blob/master/documentation/SA1101.md) [D:\leaveblackgithub\DDNCadAddins\src\DDNCadAddins\DDNCadAddins\DDNCadAddins.csproj]
D:\leaveblackgithub\DDNCadAddins\src\DDNCadAddins\DDNCadAddins\Commands\XClipTest\TestCommandBase.cs(125,17): warning SA1101: Prefix local calls with this (https://github.com/DotNetAnalyzers/StyleCopAnalyzers/blob/master/documentation/SA1101.md) [D:\leaveblackgithub\DDNCadAddins\src\DDNCadAddins\DDNCadAddins\DDNCadAddins.csproj]
D:\leaveblackgithub\DDNCadAddins\src\DDNCadAddins\DDNCadAddins\Commands\XClipTest\TestCommandBase.cs(126,17): warning SA1101: Prefix local calls with this (https://github.com/DotNetAnalyzers/StyleCopAnalyzers/blob/master/documentation/SA1101.md) [D:\leaveblackgithub\DDNCadAddins\src\DDNCadAddins\DDNCadAddins\DDNCadAddins.csproj]
D:\leaveblackgithub\DDNCadAddins\src\DDNCadAddins\DDNCadAddins\Services\AcadUserInterfaceService.cs(62,17): warning SA1101: Prefix local calls with this (https://github.com/DotNetAnalyzers/StyleCopAnalyzers/blob/master/documentation/SA1101.md) [D:\leaveblackgithub\DDNCadAddins\src\DDNCadAddins\DDNCadAddins\DDNCadAddins.csproj]
D:\leaveblackgithub\DDNCadAddins\src\DDNCadAddins\DDNCadAddins\Commands\XClipTest\TestCommandBase.cs(129,17): warning SA1101: Prefix local calls with this (https://github.com/DotNetAnalyzers/StyleCopAnalyzers/blob/master/documentation/SA1101.md) [D:\leaveblackgithub\DDNCadAddins\src\DDNCadAddins\DDNCadAddins\DDNCadAddins.csproj]
D:\leaveblackgithub\DDNCadAddins\src\DDNCadAddins\DDNCadAddins\Commands\TestRunner.cs(184,17): warning SA1101: Prefix local calls with this (https://github.com/DotNetAnalyzers/StyleCopAnalyzers/blob/master/documentation/SA1101.md) [D:\leaveblackgithub\DDNCadAddins\src\DDNCadAddins\DDNCadAddins\DDNCadAddins.csproj]
D:\leaveblackgithub\DDNCadAddins\src\DDNCadAddins\DDNCadAddins\Commands\TestRunner.cs(187,30): warning SA1101: Prefix local calls with this (https://github.com/DotNetAnalyzers/StyleCopAnalyzers/blob/master/documentation/SA1101.md) [D:\leaveblackgithub\DDNCadAddins\src\DDNCadAddins\DDNCadAddins\DDNCadAddins.csproj]
D:\leaveblackgithub\DDNCadAddins\src\DDNCadAddins\DDNCadAddins\Commands\XClipTest\TestCommandBase.cs(140,17): warning SA1101: Prefix local calls with this (https://github.com/DotNetAnalyzers/StyleCopAnalyzers/blob/master/documentation/SA1101.md) [D:\leaveblackgithub\DDNCadAddins\src\DDNCadAddins\DDNCadAddins\DDNCadAddins.csproj]
D:\leaveblackgithub\DDNCadAddins\src\DDNCadAddins\DDNCadAddins\Commands\TestRunner.cs(194,17): warning SA1101: Prefix local calls with this (https://github.com/DotNetAnalyzers/StyleCopAnalyzers/blob/master/documentation/SA1101.md) [D:\leaveblackgithub\DDNCadAddins\src\DDNCadAddins\DDNCadAddins\DDNCadAddins.csproj]
D:\leaveblackgithub\DDNCadAddins\src\DDNCadAddins\DDNCadAddins\Commands\TestRunner.cs(197,17): warning SA1101: Prefix local calls with this (https://github.com/DotNetAnalyzers/StyleCopAnalyzers/blob/master/documentation/SA1101.md) [D:\leaveblackgithub\DDNCadAddins\src\DDNCadAddins\DDNCadAddins\DDNCadAddins.csproj]
D:\leaveblackgithub\DDNCadAddins\src\DDNCadAddins\DDNCadAddins\Commands\TestRunner.cs(200,40): warning SA1101: Prefix local calls with this (https://github.com/DotNetAnalyzers/StyleCopAnalyzers/blob/master/documentation/SA1101.md) [D:\leaveblackgithub\DDNCadAddins\src\DDNCadAddins\DDNCadAddins\DDNCadAddins.csproj]
D:\leaveblackgithub\DDNCadAddins\src\DDNCadAddins\DDNCadAddins\Commands\XClipTest\TestCommandBase.cs(147,17): warning SA1101: Prefix local calls with this (https://github.com/DotNetAnalyzers/StyleCopAnalyzers/blob/master/documentation/SA1101.md) [D:\leaveblackgithub\DDNCadAddins\src\DDNCadAddins\DDNCadAddins\DDNCadAddins.csproj]
D:\leaveblackgithub\DDNCadAddins\src\DDNCadAddins\DDNCadAddins\Commands\TestRunner.cs(210,26): warning SA1101: Prefix local calls with this (https://github.com/DotNetAnalyzers/StyleCopAnalyzers/blob/master/documentation/SA1101.md) [D:\leaveblackgithub\DDNCadAddins\src\DDNCadAddins\DDNCadAddins\DDNCadAddins.csproj]
D:\leaveblackgithub\DDNCadAddins\src\DDNCadAddins\DDNCadAddins\Commands\TestRunner.cs(218,30): warning SA1101: Prefix local calls with this (https://github.com/DotNetAnalyzers/StyleCopAnalyzers/blob/master/documentation/SA1101.md) [D:\leaveblackgithub\DDNCadAddins\src\DDNCadAddins\DDNCadAddins\DDNCadAddins.csproj]
D:\leaveblackgithub\DDNCadAddins\src\DDNCadAddins\DDNCadAddins\Commands\XClipTest\TestCommandBase.cs(123,13): warning CA1031: 请修改“ExecuteTestOperation”以捕获更具体的允许异常类型，或者重新抛出该异常 (https://docs.microsoft.com/dotnet/fundamentals/code-analysis/quality-rules/ca1031) [D:\leaveblackgithub\DDNCadAddins\src\DDNCadAddins\DDNCadAddins\DDNCadAddins.csproj]
D:\leaveblackgithub\DDNCadAddins\src\DDNCadAddins\DDNCadAddins\Commands\XClipTest\TestCommandBase.cs(145,13): warning CA1031: 请修改“PrepareTestEnvironment”以捕获更具体的允许异常类型，或者重新抛出该异常 (https://docs.microsoft.com/dotnet/fundamentals/code-analysis/quality-rules/ca1031) [D:\leaveblackgithub\DDNCadAddins\src\DDNCadAddins\DDNCadAddins\DDNCadAddins.csproj]
D:\leaveblackgithub\DDNCadAddins\src\DDNCadAddins\DDNCadAddins\Infrastructure\EmptyLogger.cs(69,21): warning CA1822: 成员“LogDebug”不访问实例数据，可标记为 static (https://docs.microsoft.com/dotnet/fundamentals/code-analysis/quality-rules/ca1822) [D:\leaveblackgithub\DDNCadAddins\src\DDNCadAddins\DDNCadAddins\DDNCadAddins.csproj]
D:\leaveblackgithub\DDNCadAddins\src\DDNCadAddins\DDNCadAddins\Infrastructure\EmptyLogger.cs(60,21): warning CA1822: 成员“LogWarning”不访问实例数据，可标记为 static (https://docs.microsoft.com/dotnet/fundamentals/code-analysis/quality-rules/ca1822) [D:\leaveblackgithub\DDNCadAddins\src\DDNCadAddins\DDNCadAddins\DDNCadAddins.csproj]
D:\leaveblackgithub\DDNCadAddins\src\DDNCadAddins\DDNCadAddins\Commands\XClipTest\XClipTestValidator.cs(37,29): warning CA1062: 在外部可见方法“void XClipTestValidator.ExecuteIsolateCommand(Document doc)”中，先验证参数“doc”为非 null，然后再使用。如果适用，在参数为 null 时引发 ArgumentNullException，或添加断言非 null 参数的代码协定前提条件。 (https://docs.microsoft.com/dotnet/fundamentals/code-analysis/quality-rules/ca1062) [D:\leaveblackgithub\DDNCadAddins\src\DDNCadAddins\DDNCadAddins\DDNCadAddins.csproj]
D:\leaveblackgithub\DDNCadAddins\src\DDNCadAddins\DDNCadAddins\Commands\TestRunner.cs(79,17): warning SA1101: Prefix local calls with this (https://github.com/DotNetAnalyzers/StyleCopAnalyzers/blob/master/documentation/SA1101.md) [D:\leaveblackgithub\DDNCadAddins\src\DDNCadAddins\DDNCadAddins\DDNCadAddins.csproj]
D:\leaveblackgithub\DDNCadAddins\src\DDNCadAddins\DDNCadAddins\Commands\TestRunner.cs(80,17): warning SA1101: Prefix local calls with this (https://github.com/DotNetAnalyzers/StyleCopAnalyzers/blob/master/documentation/SA1101.md) [D:\leaveblackgithub\DDNCadAddins\src\DDNCadAddins\DDNCadAddins\DDNCadAddins.csproj]
D:\leaveblackgithub\DDNCadAddins\src\DDNCadAddins\DDNCadAddins\Services\BlockReferenceService.cs(27,13): warning SA1101: Prefix local calls with this (https://github.com/DotNetAnalyzers/StyleCopAnalyzers/blob/master/documentation/SA1101.md) [D:\leaveblackgithub\DDNCadAddins\src\DDNCadAddins\DDNCadAddins\DDNCadAddins.csproj]
D:\leaveblackgithub\DDNCadAddins\src\DDNCadAddins\DDNCadAddins\Services\BlockReferenceService.cs(28,13): warning SA1101: Prefix local calls with this (https://github.com/DotNetAnalyzers/StyleCopAnalyzers/blob/master/documentation/SA1101.md) [D:\leaveblackgithub\DDNCadAddins\src\DDNCadAddins\DDNCadAddins\DDNCadAddins.csproj]
D:\leaveblackgithub\DDNCadAddins\src\DDNCadAddins\DDNCadAddins\Infrastructure\AcadUserMessageService.cs(40,25): warning SA1101: Prefix local calls with this (https://github.com/DotNetAnalyzers/StyleCopAnalyzers/blob/master/documentation/SA1101.md) [D:\leaveblackgithub\DDNCadAddins\src\DDNCadAddins\DDNCadAddins\DDNCadAddins.csproj]
D:\leaveblackgithub\DDNCadAddins\src\DDNCadAddins\DDNCadAddins\Commands\CommandBase.cs(132,28): warning SA1101: Prefix local calls with this (https://github.com/DotNetAnalyzers/StyleCopAnalyzers/blob/master/documentation/SA1101.md) [D:\leaveblackgithub\DDNCadAddins\src\DDNCadAddins\DDNCadAddins\DDNCadAddins.csproj]
D:\leaveblackgithub\DDNCadAddins\src\DDNCadAddins\DDNCadAddins\Infrastructure\AcadUserMessageService.cs(46,13): warning SA1101: Prefix local calls with this (https://github.com/DotNetAnalyzers/StyleCopAnalyzers/blob/master/documentation/SA1101.md) [D:\leaveblackgithub\DDNCadAddins\src\DDNCadAddins\DDNCadAddins\DDNCadAddins.csproj]
D:\leaveblackgithub\DDNCadAddins\src\DDNCadAddins\DDNCadAddins\Infrastructure\EmptyLogger.cs(78,34): warning CA1801: 从未用过方法 Error 的参数 message。请删除该参数或在方法体中使用它。 (https://docs.microsoft.com/dotnet/fundamentals/code-analysis/quality-rules/ca1801) [D:\leaveblackgithub\DDNCadAddins\src\DDNCadAddins\DDNCadAddins\DDNCadAddins.csproj]
D:\leaveblackgithub\DDNCadAddins\src\DDNCadAddins\DDNCadAddins\Infrastructure\EmptyLogger.cs(69,37): warning CA1801: 从未用过方法 LogDebug 的参数 message。请删除该参数或在方法体中使用它。 (https://docs.microsoft.com/dotnet/fundamentals/code-analysis/quality-rules/ca1801) [D:\leaveblackgithub\DDNCadAddins\src\DDNCadAddins\DDNCadAddins\DDNCadAddins.csproj]
D:\leaveblackgithub\DDNCadAddins\src\DDNCadAddins\DDNCadAddins\Infrastructure\EmptyLogger.cs(51,36): warning CA1801: 从未用过方法 LogInfo 的参数 message。请删除该参数或在方法体中使用它。 (https://docs.microsoft.com/dotnet/fundamentals/code-analysis/quality-rules/ca1801) [D:\leaveblackgithub\DDNCadAddins\src\DDNCadAddins\DDNCadAddins\DDNCadAddins.csproj]
D:\leaveblackgithub\DDNCadAddins\src\DDNCadAddins\DDNCadAddins\Infrastructure\EmptyLogger.cs(60,39): warning CA1801: 从未用过方法 LogWarning 的参数 message。请删除该参数或在方法体中使用它。 (https://docs.microsoft.com/dotnet/fundamentals/code-analysis/quality-rules/ca1801) [D:\leaveblackgithub\DDNCadAddins\src\DDNCadAddins\DDNCadAddins\DDNCadAddins.csproj]
D:\leaveblackgithub\DDNCadAddins\src\DDNCadAddins\DDNCadAddins\Services\BlockReferenceService.cs(41,17): warning SA1503: Braces should not be omitted (https://github.com/DotNetAnalyzers/StyleCopAnalyzers/blob/master/documentation/SA1503.md) [D:\leaveblackgithub\DDNCadAddins\src\DDNCadAddins\DDNCadAddins\DDNCadAddins.csproj]
D:\leaveblackgithub\DDNCadAddins\src\DDNCadAddins\DDNCadAddins\Infrastructure\FileLogger.cs(94,21): warning SA1101: Prefix local calls with this (https://github.com/DotNetAnalyzers/StyleCopAnalyzers/blob/master/documentation/SA1101.md) [D:\leaveblackgithub\DDNCadAddins\src\DDNCadAddins\DDNCadAddins\DDNCadAddins.csproj]
D:\leaveblackgithub\DDNCadAddins\src\DDNCadAddins\DDNCadAddins\Commands\CommandBase.cs(142,13): warning SA1101: Prefix local calls with this (https://github.com/DotNetAnalyzers/StyleCopAnalyzers/blob/master/documentation/SA1101.md) [D:\leaveblackgithub\DDNCadAddins\src\DDNCadAddins\DDNCadAddins\DDNCadAddins.csproj]
D:\leaveblackgithub\DDNCadAddins\src\DDNCadAddins\DDNCadAddins\Commands\TestRunner.cs(216,13): warning CA1031: 请修改“ExecuteCommand”以捕获更具体的允许异常类型，或者重新抛出该异常 (https://docs.microsoft.com/dotnet/fundamentals/code-analysis/quality-rules/ca1031) [D:\leaveblackgithub\DDNCadAddins\src\DDNCadAddins\DDNCadAddins\DDNCadAddins.csproj]
D:\leaveblackgithub\DDNCadAddins\src\DDNCadAddins\DDNCadAddins\Infrastructure\FileLogger.cs(96,21): warning SA1101: Prefix local calls with this (https://github.com/DotNetAnalyzers/StyleCopAnalyzers/blob/master/documentation/SA1101.md) [D:\leaveblackgithub\DDNCadAddins\src\DDNCadAddins\DDNCadAddins\DDNCadAddins.csproj]
D:\leaveblackgithub\DDNCadAddins\src\DDNCadAddins\DDNCadAddins\Infrastructure\AcadUserMessageService.cs(55,25): warning SA1101: Prefix local calls with this (https://github.com/DotNetAnalyzers/StyleCopAnalyzers/blob/master/documentation/SA1101.md) [D:\leaveblackgithub\DDNCadAddins\src\DDNCadAddins\DDNCadAddins\DDNCadAddins.csproj]
D:\leaveblackgithub\DDNCadAddins\src\DDNCadAddins\DDNCadAddins\Infrastructure\FileLogger.cs(100,17): warning SA1101: Prefix local calls with this (https://github.com/DotNetAnalyzers/StyleCopAnalyzers/blob/master/documentation/SA1101.md) [D:\leaveblackgithub\DDNCadAddins\src\DDNCadAddins\DDNCadAddins\DDNCadAddins.csproj]
D:\leaveblackgithub\DDNCadAddins\src\DDNCadAddins\DDNCadAddins\Infrastructure\AcadUserMessageService.cs(61,13): warning SA1101: Prefix local calls with this (https://github.com/DotNetAnalyzers/StyleCopAnalyzers/blob/master/documentation/SA1101.md) [D:\leaveblackgithub\DDNCadAddins\src\DDNCadAddins\DDNCadAddins\DDNCadAddins.csproj]
D:\leaveblackgithub\DDNCadAddins\src\DDNCadAddins\DDNCadAddins\Infrastructure\FileLogger.cs(125,13): warning SA1101: Prefix local calls with this (https://github.com/DotNetAnalyzers/StyleCopAnalyzers/blob/master/documentation/SA1101.md) [D:\leaveblackgithub\DDNCadAddins\src\DDNCadAddins\DDNCadAddins\DDNCadAddins.csproj]
D:\leaveblackgithub\DDNCadAddins\src\DDNCadAddins\DDNCadAddins\Infrastructure\FileLogger.cs(128,17): warning SA1101: Prefix local calls with this (https://github.com/DotNetAnalyzers/StyleCopAnalyzers/blob/master/documentation/SA1101.md) [D:\leaveblackgithub\DDNCadAddins\src\DDNCadAddins\DDNCadAddins\DDNCadAddins.csproj]
D:\leaveblackgithub\DDNCadAddins\src\DDNCadAddins\DDNCadAddins\Infrastructure\FileLogger.cs(129,17): warning SA1101: Prefix local calls with this (https://github.com/DotNetAnalyzers/StyleCopAnalyzers/blob/master/documentation/SA1101.md) [D:\leaveblackgithub\DDNCadAddins\src\DDNCadAddins\DDNCadAddins\DDNCadAddins.csproj]
D:\leaveblackgithub\DDNCadAddins\src\DDNCadAddins\DDNCadAddins\Infrastructure\FileLogger.cs(130,17): warning SA1101: Prefix local calls with this (https://github.com/DotNetAnalyzers/StyleCopAnalyzers/blob/master/documentation/SA1101.md) [D:\leaveblackgithub\DDNCadAddins\src\DDNCadAddins\DDNCadAddins\DDNCadAddins.csproj]
D:\leaveblackgithub\DDNCadAddins\src\DDNCadAddins\DDNCadAddins\Services\AcadUserInterfaceService.cs(84,56): warning SA1500: Braces for multi-line statements should not share line (https://github.com/DotNetAnalyzers/StyleCopAnalyzers/blob/master/documentation/SA1500.md) [D:\leaveblackgithub\DDNCadAddins\src\DDNCadAddins\DDNCadAddins\DDNCadAddins.csproj]
D:\leaveblackgithub\DDNCadAddins\src\DDNCadAddins\DDNCadAddins\Services\AcadUserInterfaceService.cs(77,17): warning SA1503: Braces should not be omitted (https://github.com/DotNetAnalyzers/StyleCopAnalyzers/blob/master/documentation/SA1503.md) [D:\leaveblackgithub\DDNCadAddins\src\DDNCadAddins\DDNCadAddins\DDNCadAddins.csproj]
D:\leaveblackgithub\DDNCadAddins\src\DDNCadAddins\DDNCadAddins\Services\AcadUserInterfaceService.cs(91,17): warning SA1503: Braces should not be omitted (https://github.com/DotNetAnalyzers/StyleCopAnalyzers/blob/master/documentation/SA1503.md) [D:\leaveblackgithub\DDNCadAddins\src\DDNCadAddins\DDNCadAddins\DDNCadAddins.csproj]
D:\leaveblackgithub\DDNCadAddins\src\DDNCadAddins\DDNCadAddins\Services\BlockReferenceService.cs(49,17): warning SA1101: Prefix local calls with this (https://github.com/DotNetAnalyzers/StyleCopAnalyzers/blob/master/documentation/SA1101.md) [D:\leaveblackgithub\DDNCadAddins\src\DDNCadAddins\DDNCadAddins\DDNCadAddins.csproj]
D:\leaveblackgithub\DDNCadAddins\src\DDNCadAddins\DDNCadAddins\Infrastructure\AcadUserMessageService.cs(70,25): warning SA1101: Prefix local calls with this (https://github.com/DotNetAnalyzers/StyleCopAnalyzers/blob/master/documentation/SA1101.md) [D:\leaveblackgithub\DDNCadAddins\src\DDNCadAddins\DDNCadAddins\DDNCadAddins.csproj]
D:\leaveblackgithub\DDNCadAddins\src\DDNCadAddins\DDNCadAddins\Infrastructure\AcadUserMessageService.cs(76,13): warning SA1101: Prefix local calls with this (https://github.com/DotNetAnalyzers/StyleCopAnalyzers/blob/master/documentation/SA1101.md) [D:\leaveblackgithub\DDNCadAddins\src\DDNCadAddins\DDNCadAddins\DDNCadAddins.csproj]
D:\leaveblackgithub\DDNCadAddins\src\DDNCadAddins\DDNCadAddins\Infrastructure\FileLogger.cs(112,13): warning CA1031: 请修改“Log”以捕获更具体的允许异常类型，或者重新抛出该异常 (https://docs.microsoft.com/dotnet/fundamentals/code-analysis/quality-rules/ca1031) [D:\leaveblackgithub\DDNCadAddins\src\DDNCadAddins\DDNCadAddins\DDNCadAddins.csproj]
D:\leaveblackgithub\DDNCadAddins\src\DDNCadAddins\DDNCadAddins\Services\AcadUserInterfaceService.cs(85,17): warning SA1413: Use trailing comma in multi-line initializers (https://github.com/DotNetAnalyzers/StyleCopAnalyzers/blob/master/documentation/SA1413.md) [D:\leaveblackgithub\DDNCadAddins\src\DDNCadAddins\DDNCadAddins\DDNCadAddins.csproj]
D:\leaveblackgithub\DDNCadAddins\src\DDNCadAddins\DDNCadAddins\Commands\XClipTest\XClipTestValidator.cs(127,29): warning SA1500: Braces for multi-line statements should not share line (https://github.com/DotNetAnalyzers/StyleCopAnalyzers/blob/master/documentation/SA1500.md) [D:\leaveblackgithub\DDNCadAddins\src\DDNCadAddins\DDNCadAddins\DDNCadAddins.csproj]
D:\leaveblackgithub\DDNCadAddins\src\DDNCadAddins\DDNCadAddins\Commands\XClipTest\XClipTestValidator.cs(133,25): warning SA1500: Braces for multi-line statements should not share line (https://github.com/DotNetAnalyzers/StyleCopAnalyzers/blob/master/documentation/SA1500.md) [D:\leaveblackgithub\DDNCadAddins\src\DDNCadAddins\DDNCadAddins\DDNCadAddins.csproj]
D:\leaveblackgithub\DDNCadAddins\src\DDNCadAddins\DDNCadAddins\Infrastructure\FileLogger.cs(47,17): warning SA1101: Prefix local calls with this (https://github.com/DotNetAnalyzers/StyleCopAnalyzers/blob/master/documentation/SA1101.md) [D:\leaveblackgithub\DDNCadAddins\src\DDNCadAddins\DDNCadAddins\DDNCadAddins.csproj]
D:\leaveblackgithub\DDNCadAddins\src\DDNCadAddins\DDNCadAddins\Commands\XClipTest\XClipTestValidator.cs(130,84): warning SA1500: Braces for multi-line statements should not share line (https://github.com/DotNetAnalyzers/StyleCopAnalyzers/blob/master/documentation/SA1500.md) [D:\leaveblackgithub\DDNCadAddins\src\DDNCadAddins\DDNCadAddins\DDNCadAddins.csproj]
D:\leaveblackgithub\DDNCadAddins\src\DDNCadAddins\DDNCadAddins\Commands\XClipTest\XClipTestValidator.cs(133,33): warning SA1500: Braces for multi-line statements should not share line (https://github.com/DotNetAnalyzers/StyleCopAnalyzers/blob/master/documentation/SA1500.md) [D:\leaveblackgithub\DDNCadAddins\src\DDNCadAddins\DDNCadAddins\DDNCadAddins.csproj]
D:\leaveblackgithub\DDNCadAddins\src\DDNCadAddins\DDNCadAddins\Infrastructure\FileLogger.cs(48,17): warning SA1101: Prefix local calls with this (https://github.com/DotNetAnalyzers/StyleCopAnalyzers/blob/master/documentation/SA1101.md) [D:\leaveblackgithub\DDNCadAddins\src\DDNCadAddins\DDNCadAddins\DDNCadAddins.csproj]
D:\leaveblackgithub\DDNCadAddins\src\DDNCadAddins\DDNCadAddins\Commands\XClipTest\XClipTestValidator.cs(96,25): warning SA1503: Braces should not be omitted (https://github.com/DotNetAnalyzers/StyleCopAnalyzers/blob/master/documentation/SA1503.md) [D:\leaveblackgithub\DDNCadAddins\src\DDNCadAddins\DDNCadAddins\DDNCadAddins.csproj]
D:\leaveblackgithub\DDNCadAddins\src\DDNCadAddins\DDNCadAddins\Commands\XClipTest\XClipTestValidator.cs(103,29): warning SA1503: Braces should not be omitted (https://github.com/DotNetAnalyzers/StyleCopAnalyzers/blob/master/documentation/SA1503.md) [D:\leaveblackgithub\DDNCadAddins\src\DDNCadAddins\DDNCadAddins\DDNCadAddins.csproj]
D:\leaveblackgithub\DDNCadAddins\src\DDNCadAddins\DDNCadAddins\Commands\XClipTest\XClipTestValidator.cs(108,29): warning SA1503: Braces should not be omitted (https://github.com/DotNetAnalyzers/StyleCopAnalyzers/blob/master/documentation/SA1503.md) [D:\leaveblackgithub\DDNCadAddins\src\DDNCadAddins\DDNCadAddins\DDNCadAddins.csproj]
D:\leaveblackgithub\DDNCadAddins\src\DDNCadAddins\DDNCadAddins\Infrastructure\FileLogger.cs(57,36): warning SA1101: Prefix local calls with this (https://github.com/DotNetAnalyzers/StyleCopAnalyzers/blob/master/documentation/SA1101.md) [D:\leaveblackgithub\DDNCadAddins\src\DDNCadAddins\DDNCadAddins\DDNCadAddins.csproj]
D:\leaveblackgithub\DDNCadAddins\src\DDNCadAddins\DDNCadAddins\Infrastructure\FileLogger.cs(58,17): warning SA1101: Prefix local calls with this (https://github.com/DotNetAnalyzers/StyleCopAnalyzers/blob/master/documentation/SA1101.md) [D:\leaveblackgithub\DDNCadAddins\src\DDNCadAddins\DDNCadAddins\DDNCadAddins.csproj]
D:\leaveblackgithub\DDNCadAddins\src\DDNCadAddins\DDNCadAddins\Services\AcadUserInterfaceService.cs(75,25): warning SA1101: Prefix local calls with this (https://github.com/DotNetAnalyzers/StyleCopAnalyzers/blob/master/documentation/SA1101.md) [D:\leaveblackgithub\DDNCadAddins\src\DDNCadAddins\DDNCadAddins\DDNCadAddins.csproj]
D:\leaveblackgithub\DDNCadAddins\src\DDNCadAddins\DDNCadAddins\Infrastructure\AcadUserMessageService.cs(86,25): warning SA1101: Prefix local calls with this (https://github.com/DotNetAnalyzers/StyleCopAnalyzers/blob/master/documentation/SA1101.md) [D:\leaveblackgithub\DDNCadAddins\src\DDNCadAddins\DDNCadAddins\DDNCadAddins.csproj]
D:\leaveblackgithub\DDNCadAddins\src\DDNCadAddins\DDNCadAddins\Infrastructure\AcadUserMessageService.cs(101,17): warning SA1101: Prefix local calls with this (https://github.com/DotNetAnalyzers/StyleCopAnalyzers/blob/master/documentation/SA1101.md) [D:\leaveblackgithub\DDNCadAddins\src\DDNCadAddins\DDNCadAddins\DDNCadAddins.csproj]
D:\leaveblackgithub\DDNCadAddins\src\DDNCadAddins\DDNCadAddins\Infrastructure\AcadUserMessageService.cs(105,17): warning SA1101: Prefix local calls with this (https://github.com/DotNetAnalyzers/StyleCopAnalyzers/blob/master/documentation/SA1101.md) [D:\leaveblackgithub\DDNCadAddins\src\DDNCadAddins\DDNCadAddins\DDNCadAddins.csproj]
D:\leaveblackgithub\DDNCadAddins\src\DDNCadAddins\DDNCadAddins\Infrastructure\FileLogger.cs(61,17): warning SA1101: Prefix local calls with this (https://github.com/DotNetAnalyzers/StyleCopAnalyzers/blob/master/documentation/SA1101.md) [D:\leaveblackgithub\DDNCadAddins\src\DDNCadAddins\DDNCadAddins\DDNCadAddins.csproj]
D:\leaveblackgithub\DDNCadAddins\src\DDNCadAddins\DDNCadAddins\Services\AcadUserInterfaceService.cs(96,17): warning SA1101: Prefix local calls with this (https://github.com/DotNetAnalyzers/StyleCopAnalyzers/blob/master/documentation/SA1101.md) [D:\leaveblackgithub\DDNCadAddins\src\DDNCadAddins\DDNCadAddins\DDNCadAddins.csproj]
D:\leaveblackgithub\DDNCadAddins\src\DDNCadAddins\DDNCadAddins\Commands\XClipTest\XClipTestValidator.cs(123,29): warning SA1413: Use trailing comma in multi-line initializers (https://github.com/DotNetAnalyzers/StyleCopAnalyzers/blob/master/documentation/SA1413.md) [D:\leaveblackgithub\DDNCadAddins\src\DDNCadAddins\DDNCadAddins\DDNCadAddins.csproj]
D:\leaveblackgithub\DDNCadAddins\src\DDNCadAddins\DDNCadAddins\Infrastructure\FileLogger.cs(61,47): warning SA1101: Prefix local calls with this (https://github.com/DotNetAnalyzers/StyleCopAnalyzers/blob/master/documentation/SA1101.md) [D:\leaveblackgithub\DDNCadAddins\src\DDNCadAddins\DDNCadAddins\DDNCadAddins.csproj]
D:\leaveblackgithub\DDNCadAddins\src\DDNCadAddins\DDNCadAddins\Infrastructure\FileLogger.cs(62,17): warning SA1101: Prefix local calls with this (https://github.com/DotNetAnalyzers/StyleCopAnalyzers/blob/master/documentation/SA1101.md) [D:\leaveblackgithub\DDNCadAddins\src\DDNCadAddins\DDNCadAddins\DDNCadAddins.csproj]
D:\leaveblackgithub\DDNCadAddins\src\DDNCadAddins\DDNCadAddins\Infrastructure\FileLogger.cs(65,17): warning SA1101: Prefix local calls with this (https://github.com/DotNetAnalyzers/StyleCopAnalyzers/blob/master/documentation/SA1101.md) [D:\leaveblackgithub\DDNCadAddins\src\DDNCadAddins\DDNCadAddins\DDNCadAddins.csproj]
D:\leaveblackgithub\DDNCadAddins\src\DDNCadAddins\DDNCadAddins\Infrastructure\FileLogger.cs(66,17): warning SA1101: Prefix local calls with this (https://github.com/DotNetAnalyzers/StyleCopAnalyzers/blob/master/documentation/SA1101.md) [D:\leaveblackgithub\DDNCadAddins\src\DDNCadAddins\DDNCadAddins\DDNCadAddins.csproj]
D:\leaveblackgithub\DDNCadAddins\src\DDNCadAddins\DDNCadAddins\Infrastructure\FileLogger.cs(66,30): warning SA1101: Prefix local calls with this (https://github.com/DotNetAnalyzers/StyleCopAnalyzers/blob/master/documentation/SA1101.md) [D:\leaveblackgithub\DDNCadAddins\src\DDNCadAddins\DDNCadAddins\DDNCadAddins.csproj]
D:\leaveblackgithub\DDNCadAddins\src\DDNCadAddins\DDNCadAddins\Infrastructure\FileLogger.cs(67,17): warning SA1101: Prefix local calls with this (https://github.com/DotNetAnalyzers/StyleCopAnalyzers/blob/master/documentation/SA1101.md) [D:\leaveblackgithub\DDNCadAddins\src\DDNCadAddins\DDNCadAddins\DDNCadAddins.csproj]
D:\leaveblackgithub\DDNCadAddins\src\DDNCadAddins\DDNCadAddins\Infrastructure\FileLogger.cs(67,28): warning SA1101: Prefix local calls with this (https://github.com/DotNetAnalyzers/StyleCopAnalyzers/blob/master/documentation/SA1101.md) [D:\leaveblackgithub\DDNCadAddins\src\DDNCadAddins\DDNCadAddins\DDNCadAddins.csproj]
D:\leaveblackgithub\DDNCadAddins\src\DDNCadAddins\DDNCadAddins\Infrastructure\FileLogger.cs(68,17): warning SA1101: Prefix local calls with this (https://github.com/DotNetAnalyzers/StyleCopAnalyzers/blob/master/documentation/SA1101.md) [D:\leaveblackgithub\DDNCadAddins\src\DDNCadAddins\DDNCadAddins\DDNCadAddins.csproj]
D:\leaveblackgithub\DDNCadAddins\src\DDNCadAddins\DDNCadAddins\Commands\Blk2CsvCommand.cs(75,23): warning SA1101: Prefix local calls with this (https://github.com/DotNetAnalyzers/StyleCopAnalyzers/blob/master/documentation/SA1101.md) [D:\leaveblackgithub\DDNCadAddins\src\DDNCadAddins\DDNCadAddins\DDNCadAddins.csproj]
D:\leaveblackgithub\DDNCadAddins\src\DDNCadAddins\DDNCadAddins\Services\BlockReferenceService.cs(62,17): warning SA1503: Braces should not be omitted (https://github.com/DotNetAnalyzers/StyleCopAnalyzers/blob/master/documentation/SA1503.md) [D:\leaveblackgithub\DDNCadAddins\src\DDNCadAddins\DDNCadAddins\DDNCadAddins.csproj]
D:\leaveblackgithub\DDNCadAddins\src\DDNCadAddins\DDNCadAddins\Services\BlockReferenceService.cs(47,13): warning CA1031: 请修改“GetBlockReference”以捕获更具体的允许异常类型，或者重新抛出该异常 (https://docs.microsoft.com/dotnet/fundamentals/code-analysis/quality-rules/ca1031) [D:\leaveblackgithub\DDNCadAddins\src\DDNCadAddins\DDNCadAddins\DDNCadAddins.csproj]
D:\leaveblackgithub\DDNCadAddins\src\DDNCadAddins\DDNCadAddins\Commands\Blk2CsvCommand.cs(78,17): warning SA1101: Prefix local calls with this (https://github.com/DotNetAnalyzers/StyleCopAnalyzers/blob/master/documentation/SA1101.md) [D:\leaveblackgithub\DDNCadAddins\src\DDNCadAddins\DDNCadAddins\DDNCadAddins.csproj]
D:\leaveblackgithub\DDNCadAddins\src\DDNCadAddins\DDNCadAddins\Commands\Blk2CsvCommand.cs(79,17): warning SA1101: Prefix local calls with this (https://github.com/DotNetAnalyzers/StyleCopAnalyzers/blob/master/documentation/SA1101.md) [D:\leaveblackgithub\DDNCadAddins\src\DDNCadAddins\DDNCadAddins\DDNCadAddins.csproj]
D:\leaveblackgithub\DDNCadAddins\src\DDNCadAddins\DDNCadAddins\Commands\Blk2CsvCommand.cs(86,13): warning SA1101: Prefix local calls with this (https://github.com/DotNetAnalyzers/StyleCopAnalyzers/blob/master/documentation/SA1101.md) [D:\leaveblackgithub\DDNCadAddins\src\DDNCadAddins\DDNCadAddins\DDNCadAddins.csproj]
D:\leaveblackgithub\DDNCadAddins\src\DDNCadAddins\DDNCadAddins\Commands\Blk2CsvCommand.cs(87,34): warning SA1101: Prefix local calls with this (https://github.com/DotNetAnalyzers/StyleCopAnalyzers/blob/master/documentation/SA1101.md) [D:\leaveblackgithub\DDNCadAddins\src\DDNCadAddins\DDNCadAddins\DDNCadAddins.csproj]
D:\leaveblackgithub\DDNCadAddins\src\DDNCadAddins\DDNCadAddins\Commands\Blk2CsvCommand.cs(90,17): warning SA1101: Prefix local calls with this (https://github.com/DotNetAnalyzers/StyleCopAnalyzers/blob/master/documentation/SA1101.md) [D:\leaveblackgithub\DDNCadAddins\src\DDNCadAddins\DDNCadAddins\DDNCadAddins.csproj]
D:\leaveblackgithub\DDNCadAddins\src\DDNCadAddins\DDNCadAddins\Commands\Blk2CsvCommand.cs(95,13): warning SA1101: Prefix local calls with this (https://github.com/DotNetAnalyzers/StyleCopAnalyzers/blob/master/documentation/SA1101.md) [D:\leaveblackgithub\DDNCadAddins\src\DDNCadAddins\DDNCadAddins\DDNCadAddins.csproj]
D:\leaveblackgithub\DDNCadAddins\src\DDNCadAddins\DDNCadAddins\Services\BlockReferenceService.cs(70,17): warning SA1101: Prefix local calls with this (https://github.com/DotNetAnalyzers/StyleCopAnalyzers/blob/master/documentation/SA1101.md) [D:\leaveblackgithub\DDNCadAddins\src\DDNCadAddins\DDNCadAddins\DDNCadAddins.csproj]
D:\leaveblackgithub\DDNCadAddins\src\DDNCadAddins\DDNCadAddins\Commands\Blk2CsvCommand.cs(96,34): warning SA1101: Prefix local calls with this (https://github.com/DotNetAnalyzers/StyleCopAnalyzers/blob/master/documentation/SA1101.md) [D:\leaveblackgithub\DDNCadAddins\src\DDNCadAddins\DDNCadAddins\DDNCadAddins.csproj]
D:\leaveblackgithub\DDNCadAddins\src\DDNCadAddins\DDNCadAddins\Commands\Blk2CsvCommand.cs(99,17): warning SA1101: Prefix local calls with this (https://github.com/DotNetAnalyzers/StyleCopAnalyzers/blob/master/documentation/SA1101.md) [D:\leaveblackgithub\DDNCadAddins\src\DDNCadAddins\DDNCadAddins\DDNCadAddins.csproj]
D:\leaveblackgithub\DDNCadAddins\src\DDNCadAddins\DDNCadAddins\Commands\Blk2CsvCommand.cs(103,13): warning SA1101: Prefix local calls with this (https://github.com/DotNetAnalyzers/StyleCopAnalyzers/blob/master/documentation/SA1101.md) [D:\leaveblackgithub\DDNCadAddins\src\DDNCadAddins\DDNCadAddins\DDNCadAddins.csproj]
D:\leaveblackgithub\DDNCadAddins\src\DDNCadAddins\DDNCadAddins\Infrastructure\FileLogger.cs(141,21): warning SA1101: Prefix local calls with this (https://github.com/DotNetAnalyzers/StyleCopAnalyzers/blob/master/documentation/SA1101.md) [D:\leaveblackgithub\DDNCadAddins\src\DDNCadAddins\DDNCadAddins\DDNCadAddins.csproj]
D:\leaveblackgithub\DDNCadAddins\src\DDNCadAddins\DDNCadAddins\Infrastructure\FileLogger.cs(143,56): warning SA1101: Prefix local calls with this (https://github.com/DotNetAnalyzers/StyleCopAnalyzers/blob/master/documentation/SA1101.md) [D:\leaveblackgithub\DDNCadAddins\src\DDNCadAddins\DDNCadAddins\DDNCadAddins.csproj]
D:\leaveblackgithub\DDNCadAddins\src\DDNCadAddins\DDNCadAddins\Commands\XClipTest\TestCommandBase.cs(157,29): warning SA1503: Braces should not be omitted (https://github.com/DotNetAnalyzers/StyleCopAnalyzers/blob/master/documentation/SA1503.md) [D:\leaveblackgithub\DDNCadAddins\src\DDNCadAddins\DDNCadAddins\DDNCadAddins.csproj]
D:\leaveblackgithub\DDNCadAddins\src\DDNCadAddins\DDNCadAddins\Infrastructure\FileLogger.cs(144,21): warning SA1101: Prefix local calls with this (https://github.com/DotNetAnalyzers/StyleCopAnalyzers/blob/master/documentation/SA1101.md) [D:\leaveblackgithub\DDNCadAddins\src\DDNCadAddins\DDNCadAddins\DDNCadAddins.csproj]
D:\leaveblackgithub\DDNCadAddins\src\DDNCadAddins\DDNCadAddins\Commands\Blk2CsvCommand.cs(109,13): warning SA1101: Prefix local calls with this (https://github.com/DotNetAnalyzers/StyleCopAnalyzers/blob/master/documentation/SA1101.md) [D:\leaveblackgithub\DDNCadAddins\src\DDNCadAddins\DDNCadAddins\DDNCadAddins.csproj]
D:\leaveblackgithub\DDNCadAddins\src\DDNCadAddins\DDNCadAddins\Infrastructure\FileLogger.cs(145,21): warning SA1101: Prefix local calls with this (https://github.com/DotNetAnalyzers/StyleCopAnalyzers/blob/master/documentation/SA1101.md) [D:\leaveblackgithub\DDNCadAddins\src\DDNCadAddins\DDNCadAddins\DDNCadAddins.csproj]
D:\leaveblackgithub\DDNCadAddins\src\DDNCadAddins\DDNCadAddins\Infrastructure\FileLogger.cs(146,21): warning SA1101: Prefix local calls with this (https://github.com/DotNetAnalyzers/StyleCopAnalyzers/blob/master/documentation/SA1101.md) [D:\leaveblackgithub\DDNCadAddins\src\DDNCadAddins\DDNCadAddins\DDNCadAddins.csproj]
D:\leaveblackgithub\DDNCadAddins\src\DDNCadAddins\DDNCadAddins\Infrastructure\FileLogger.cs(146,34): warning SA1101: Prefix local calls with this (https://github.com/DotNetAnalyzers/StyleCopAnalyzers/blob/master/documentation/SA1101.md) [D:\leaveblackgithub\DDNCadAddins\src\DDNCadAddins\DDNCadAddins\DDNCadAddins.csproj]
D:\leaveblackgithub\DDNCadAddins\src\DDNCadAddins\DDNCadAddins\Commands\Blk2CsvCommand.cs(112,30): warning SA1101: Prefix local calls with this (https://github.com/DotNetAnalyzers/StyleCopAnalyzers/blob/master/documentation/SA1101.md) [D:\leaveblackgithub\DDNCadAddins\src\DDNCadAddins\DDNCadAddins\DDNCadAddins.csproj]
D:\leaveblackgithub\DDNCadAddins\src\DDNCadAddins\DDNCadAddins\Infrastructure\FileLogger.cs(148,21): warning SA1101: Prefix local calls with this (https://github.com/DotNetAnalyzers/StyleCopAnalyzers/blob/master/documentation/SA1101.md) [D:\leaveblackgithub\DDNCadAddins\src\DDNCadAddins\DDNCadAddins\DDNCadAddins.csproj]
D:\leaveblackgithub\DDNCadAddins\src\DDNCadAddins\DDNCadAddins\Infrastructure\AcadUserMessageService.cs(116,13): warning SA1101: Prefix local calls with this (https://github.com/DotNetAnalyzers/StyleCopAnalyzers/blob/master/documentation/SA1101.md) [D:\leaveblackgithub\DDNCadAddins\src\DDNCadAddins\DDNCadAddins\DDNCadAddins.csproj]
D:\leaveblackgithub\DDNCadAddins\src\DDNCadAddins\DDNCadAddins\Commands\Blk2CsvCommand.cs(119,21): warning SA1101: Prefix local calls with this (https://github.com/DotNetAnalyzers/StyleCopAnalyzers/blob/master/documentation/SA1101.md) [D:\leaveblackgithub\DDNCadAddins\src\DDNCadAddins\DDNCadAddins\DDNCadAddins.csproj]
D:\leaveblackgithub\DDNCadAddins\src\DDNCadAddins\DDNCadAddins\Infrastructure\FileLogger.cs(149,21): warning SA1101: Prefix local calls with this (https://github.com/DotNetAnalyzers/StyleCopAnalyzers/blob/master/documentation/SA1101.md) [D:\leaveblackgithub\DDNCadAddins\src\DDNCadAddins\DDNCadAddins\DDNCadAddins.csproj]
D:\leaveblackgithub\DDNCadAddins\src\DDNCadAddins\DDNCadAddins\Commands\Blk2CsvCommand.cs(123,21): warning SA1101: Prefix local calls with this (https://github.com/DotNetAnalyzers/StyleCopAnalyzers/blob/master/documentation/SA1101.md) [D:\leaveblackgithub\DDNCadAddins\src\DDNCadAddins\DDNCadAddins\DDNCadAddins.csproj]
D:\leaveblackgithub\DDNCadAddins\src\DDNCadAddins\DDNCadAddins\Infrastructure\FileLogger.cs(150,21): warning SA1101: Prefix local calls with this (https://github.com/DotNetAnalyzers/StyleCopAnalyzers/blob/master/documentation/SA1101.md) [D:\leaveblackgithub\DDNCadAddins\src\DDNCadAddins\DDNCadAddins\DDNCadAddins.csproj]
D:\leaveblackgithub\DDNCadAddins\src\DDNCadAddins\DDNCadAddins\Infrastructure\FileLogger.cs(151,21): warning SA1101: Prefix local calls with this (https://github.com/DotNetAnalyzers/StyleCopAnalyzers/blob/master/documentation/SA1101.md) [D:\leaveblackgithub\DDNCadAddins\src\DDNCadAddins\DDNCadAddins\DDNCadAddins.csproj]
D:\leaveblackgithub\DDNCadAddins\src\DDNCadAddins\DDNCadAddins\Commands\Blk2CsvCommand.cs(124,21): warning SA1101: Prefix local calls with this (https://github.com/DotNetAnalyzers/StyleCopAnalyzers/blob/master/documentation/SA1101.md) [D:\leaveblackgithub\DDNCadAddins\src\DDNCadAddins\DDNCadAddins\DDNCadAddins.csproj]
D:\leaveblackgithub\DDNCadAddins\src\DDNCadAddins\DDNCadAddins\Commands\Blk2CsvCommand.cs(134,17): warning SA1101: Prefix local calls with this (https://github.com/DotNetAnalyzers/StyleCopAnalyzers/blob/master/documentation/SA1101.md) [D:\leaveblackgithub\DDNCadAddins\src\DDNCadAddins\DDNCadAddins\DDNCadAddins.csproj]
D:\leaveblackgithub\DDNCadAddins\src\DDNCadAddins\DDNCadAddins\Commands\Blk2CsvCommand.cs(135,36): warning SA1101: Prefix local calls with this (https://github.com/DotNetAnalyzers/StyleCopAnalyzers/blob/master/documentation/SA1101.md) [D:\leaveblackgithub\DDNCadAddins\src\DDNCadAddins\DDNCadAddins\DDNCadAddins.csproj]
D:\leaveblackgithub\DDNCadAddins\src\DDNCadAddins\DDNCadAddins\Commands\Blk2CsvCommand.cs(140,21): warning SA1101: Prefix local calls with this (https://github.com/DotNetAnalyzers/StyleCopAnalyzers/blob/master/documentation/SA1101.md) [D:\leaveblackgithub\DDNCadAddins\src\DDNCadAddins\DDNCadAddins\DDNCadAddins.csproj]
D:\leaveblackgithub\DDNCadAddins\src\DDNCadAddins\DDNCadAddins\Commands\Blk2CsvCommand.cs(144,21): warning SA1101: Prefix local calls with this (https://github.com/DotNetAnalyzers/StyleCopAnalyzers/blob/master/documentation/SA1101.md) [D:\leaveblackgithub\DDNCadAddins\src\DDNCadAddins\DDNCadAddins\DDNCadAddins.csproj]
D:\leaveblackgithub\DDNCadAddins\src\DDNCadAddins\DDNCadAddins\Commands\Blk2CsvCommand.cs(147,25): warning SA1101: Prefix local calls with this (https://github.com/DotNetAnalyzers/StyleCopAnalyzers/blob/master/documentation/SA1101.md) [D:\leaveblackgithub\DDNCadAddins\src\DDNCadAddins\DDNCadAddins\DDNCadAddins.csproj]
D:\leaveblackgithub\DDNCadAddins\src\DDNCadAddins\DDNCadAddins\Commands\Blk2CsvCommand.cs(149,25): warning SA1101: Prefix local calls with this (https://github.com/DotNetAnalyzers/StyleCopAnalyzers/blob/master/documentation/SA1101.md) [D:\leaveblackgithub\DDNCadAddins\src\DDNCadAddins\DDNCadAddins\DDNCadAddins.csproj]
D:\leaveblackgithub\DDNCadAddins\src\DDNCadAddins\DDNCadAddins\Commands\Blk2CsvCommand.cs(150,25): warning SA1101: Prefix local calls with this (https://github.com/DotNetAnalyzers/StyleCopAnalyzers/blob/master/documentation/SA1101.md) [D:\leaveblackgithub\DDNCadAddins\src\DDNCadAddins\DDNCadAddins\DDNCadAddins.csproj]
D:\leaveblackgithub\DDNCadAddins\src\DDNCadAddins\DDNCadAddins\Commands\Blk2CsvCommand.cs(155,21): warning SA1101: Prefix local calls with this (https://github.com/DotNetAnalyzers/StyleCopAnalyzers/blob/master/documentation/SA1101.md) [D:\leaveblackgithub\DDNCadAddins\src\DDNCadAddins\DDNCadAddins\DDNCadAddins.csproj]
D:\leaveblackgithub\DDNCadAddins\src\DDNCadAddins\DDNCadAddins\Commands\Blk2CsvCommand.cs(156,21): warning SA1101: Prefix local calls with this (https://github.com/DotNetAnalyzers/StyleCopAnalyzers/blob/master/documentation/SA1101.md) [D:\leaveblackgithub\DDNCadAddins\src\DDNCadAddins\DDNCadAddins\DDNCadAddins.csproj]
D:\leaveblackgithub\DDNCadAddins\src\DDNCadAddins\DDNCadAddins\Commands\Blk2CsvCommand.cs(162,17): warning SA1101: Prefix local calls with this (https://github.com/DotNetAnalyzers/StyleCopAnalyzers/blob/master/documentation/SA1101.md) [D:\leaveblackgithub\DDNCadAddins\src\DDNCadAddins\DDNCadAddins\DDNCadAddins.csproj]
D:\leaveblackgithub\DDNCadAddins\src\DDNCadAddins\DDNCadAddins\Commands\Blk2CsvCommand.cs(163,17): warning SA1101: Prefix local calls with this (https://github.com/DotNetAnalyzers/StyleCopAnalyzers/blob/master/documentation/SA1101.md) [D:\leaveblackgithub\DDNCadAddins\src\DDNCadAddins\DDNCadAddins\DDNCadAddins.csproj]
D:\leaveblackgithub\DDNCadAddins\src\DDNCadAddins\DDNCadAddins\Commands\XClipTest\TestCommandBase.cs(156,25): warning SA1101: Prefix local calls with this (https://github.com/DotNetAnalyzers/StyleCopAnalyzers/blob/master/documentation/SA1101.md) [D:\leaveblackgithub\DDNCadAddins\src\DDNCadAddins\DDNCadAddins\DDNCadAddins.csproj]
D:\leaveblackgithub\DDNCadAddins\src\DDNCadAddins\DDNCadAddins\Infrastructure\AcadUserMessageService.cs(28,24): warning CA1822: 成员“GetCurrentEditor”不访问实例数据，可标记为 static (https://docs.microsoft.com/dotnet/fundamentals/code-analysis/quality-rules/ca1822) [D:\leaveblackgithub\DDNCadAddins\src\DDNCadAddins\DDNCadAddins\DDNCadAddins.csproj]
D:\leaveblackgithub\DDNCadAddins\src\DDNCadAddins\DDNCadAddins\Commands\XClipTest\TestCommandBase.cs(162,17): warning SA1101: Prefix local calls with this (https://github.com/DotNetAnalyzers/StyleCopAnalyzers/blob/master/documentation/SA1101.md) [D:\leaveblackgithub\DDNCadAddins\src\DDNCadAddins\DDNCadAddins\DDNCadAddins.csproj]
D:\leaveblackgithub\DDNCadAddins\src\DDNCadAddins\DDNCadAddins\Infrastructure\FileLogger.cs(154,13): warning CA1031: 请修改“Close”以捕获更具体的允许异常类型，或者重新抛出该异常 (https://docs.microsoft.com/dotnet/fundamentals/code-analysis/quality-rules/ca1031) [D:\leaveblackgithub\DDNCadAddins\src\DDNCadAddins\DDNCadAddins\DDNCadAddins.csproj]
D:\leaveblackgithub\DDNCadAddins\src\DDNCadAddins\DDNCadAddins\Commands\XClipTest\TestCommandBase.cs(181,17): warning SA1101: Prefix local calls with this (https://github.com/DotNetAnalyzers/StyleCopAnalyzers/blob/master/documentation/SA1101.md) [D:\leaveblackgithub\DDNCadAddins\src\DDNCadAddins\DDNCadAddins\DDNCadAddins.csproj]
D:\leaveblackgithub\DDNCadAddins\src\DDNCadAddins\DDNCadAddins\Models\OperationResult.cs(231,42): warning CA1000: 不要在泛型类型中声明静态成员 (https://docs.microsoft.com/dotnet/fundamentals/code-analysis/quality-rules/ca1000) [D:\leaveblackgithub\DDNCadAddins\src\DDNCadAddins\DDNCadAddins\DDNCadAddins.csproj]
D:\leaveblackgithub\DDNCadAddins\src\DDNCadAddins\DDNCadAddins\Models\OperationResult.cs(239,17): warning SA1413: Use trailing comma in multi-line initializers (https://github.com/DotNetAnalyzers/StyleCopAnalyzers/blob/master/documentation/SA1413.md) [D:\leaveblackgithub\DDNCadAddins\src\DDNCadAddins\DDNCadAddins\DDNCadAddins.csproj]
D:\leaveblackgithub\DDNCadAddins\src\DDNCadAddins\DDNCadAddins\Services\BlockReferenceService.cs(68,13): warning CA1031: 请修改“GetBlockGeometricExtents”以捕获更具体的允许异常类型，或者重新抛出该异常 (https://docs.microsoft.com/dotnet/fundamentals/code-analysis/quality-rules/ca1031) [D:\leaveblackgithub\DDNCadAddins\src\DDNCadAddins\DDNCadAddins\DDNCadAddins.csproj]
D:\leaveblackgithub\DDNCadAddins\src\DDNCadAddins\DDNCadAddins\Services\DocumentService.cs(25,13): warning SA1101: Prefix local calls with this (https://github.com/DotNetAnalyzers/StyleCopAnalyzers/blob/master/documentation/SA1101.md) [D:\leaveblackgithub\DDNCadAddins\src\DDNCadAddins\DDNCadAddins\DDNCadAddins.csproj]
D:\leaveblackgithub\DDNCadAddins\src\DDNCadAddins\DDNCadAddins\Commands\XClipTest\TestCommandBase.cs(173,21): warning CA1031: 请修改“CleanupActiveCommands”以捕获更具体的允许异常类型，或者重新抛出该异常 (https://docs.microsoft.com/dotnet/fundamentals/code-analysis/quality-rules/ca1031) [D:\leaveblackgithub\DDNCadAddins\src\DDNCadAddins\DDNCadAddins\DDNCadAddins.csproj]
D:\leaveblackgithub\DDNCadAddins\src\DDNCadAddins\DDNCadAddins\Commands\XClipTest\TestCommandBase.cs(179,13): warning CA1031: 请修改“CleanupActiveCommands”以捕获更具体的允许异常类型，或者重新抛出该异常 (https://docs.microsoft.com/dotnet/fundamentals/code-analysis/quality-rules/ca1031) [D:\leaveblackgithub\DDNCadAddins\src\DDNCadAddins\DDNCadAddins\DDNCadAddins.csproj]
D:\leaveblackgithub\DDNCadAddins\src\DDNCadAddins\DDNCadAddins\Infrastructure\FileLogger.cs(57,36): warning CA1305: “DateTime.ToString(string)”的行为可能因当前用户的区域设置而异。请将“FileLogger.Initialize(string)”中的此调用替换为对“DateTime.ToString(string, IFormatProvider)”的调用。 (https://docs.microsoft.com/dotnet/fundamentals/code-analysis/quality-rules/ca1305) [D:\leaveblackgithub\DDNCadAddins\src\DDNCadAddins\DDNCadAddins\DDNCadAddins.csproj]
D:\leaveblackgithub\DDNCadAddins\src\DDNCadAddins\DDNCadAddins\Services\BlockDataService.cs(24,17): warning SA1503: Braces should not be omitted (https://github.com/DotNetAnalyzers/StyleCopAnalyzers/blob/master/documentation/SA1503.md) [D:\leaveblackgithub\DDNCadAddins\src\DDNCadAddins\DDNCadAddins\DDNCadAddins.csproj]
D:\leaveblackgithub\DDNCadAddins\src\DDNCadAddins\DDNCadAddins\Services\BlockDataService.cs(27,17): warning SA1503: Braces should not be omitted (https://github.com/DotNetAnalyzers/StyleCopAnalyzers/blob/master/documentation/SA1503.md) [D:\leaveblackgithub\DDNCadAddins\src\DDNCadAddins\DDNCadAddins\DDNCadAddins.csproj]
D:\leaveblackgithub\DDNCadAddins\src\DDNCadAddins\DDNCadAddins\Services\BlockDataService.cs(46,25): warning SA1503: Braces should not be omitted (https://github.com/DotNetAnalyzers/StyleCopAnalyzers/blob/master/documentation/SA1503.md) [D:\leaveblackgithub\DDNCadAddins\src\DDNCadAddins\DDNCadAddins\DDNCadAddins.csproj]
D:\leaveblackgithub\DDNCadAddins\src\DDNCadAddins\DDNCadAddins\Infrastructure\FileLogger.cs(70,13): warning CA1031: 请修改“Initialize”以捕获更具体的允许异常类型，或者重新抛出该异常 (https://docs.microsoft.com/dotnet/fundamentals/code-analysis/quality-rules/ca1031) [D:\leaveblackgithub\DDNCadAddins\src\DDNCadAddins\DDNCadAddins\DDNCadAddins.csproj]
D:\leaveblackgithub\DDNCadAddins\src\DDNCadAddins\DDNCadAddins\Commands\XClipTest\TestCommandBase.cs(121,17): warning CA1062: 在外部可见方法“void TestCommandBase.ExecuteTestOperation(Action testAction, string errorMessage)”中，先验证参数“testAction”为非 null，然后再使用。如果适用，在参数为 null 时引发 ArgumentNullException，或添加断言非 null 参数的代码协定前提条件。 (https://docs.microsoft.com/dotnet/fundamentals/code-analysis/quality-rules/ca1062) [D:\leaveblackgithub\DDNCadAddins\src\DDNCadAddins\DDNCadAddins\DDNCadAddins.csproj]
D:\leaveblackgithub\DDNCadAddins\src\DDNCadAddins\DDNCadAddins\Commands\Blk2CsvCommand.cs(159,13): warning CA1031: 请修改“ExecuteExport”以捕获更具体的允许异常类型，或者重新抛出该异常 (https://docs.microsoft.com/dotnet/fundamentals/code-analysis/quality-rules/ca1031) [D:\leaveblackgithub\DDNCadAddins\src\DDNCadAddins\DDNCadAddins\DDNCadAddins.csproj]
D:\leaveblackgithub\DDNCadAddins\src\DDNCadAddins\DDNCadAddins\Commands\XClipTest\XClipTestValidator.cs(120,42): warning SA1101: Prefix local calls with this (https://github.com/DotNetAnalyzers/StyleCopAnalyzers/blob/master/documentation/SA1101.md) [D:\leaveblackgithub\DDNCadAddins\src\DDNCadAddins\DDNCadAddins\DDNCadAddins.csproj]
D:\leaveblackgithub\DDNCadAddins\src\DDNCadAddins\DDNCadAddins\Commands\XClipTest\XClipTestValidator.cs(121,40): warning SA1101: Prefix local calls with this (https://github.com/DotNetAnalyzers/StyleCopAnalyzers/blob/master/documentation/SA1101.md) [D:\leaveblackgithub\DDNCadAddins\src\DDNCadAddins\DDNCadAddins\DDNCadAddins.csproj]
D:\leaveblackgithub\DDNCadAddins\src\DDNCadAddins\DDNCadAddins\Commands\XClipTest\XClipTestValidator.cs(122,40): warning SA1101: Prefix local calls with this (https://github.com/DotNetAnalyzers/StyleCopAnalyzers/blob/master/documentation/SA1101.md) [D:\leaveblackgithub\DDNCadAddins\src\DDNCadAddins\DDNCadAddins\DDNCadAddins.csproj]
D:\leaveblackgithub\DDNCadAddins\src\DDNCadAddins\DDNCadAddins\Commands\XClipTest\XClipTestValidator.cs(123,37): warning SA1101: Prefix local calls with this (https://github.com/DotNetAnalyzers/StyleCopAnalyzers/blob/master/documentation/SA1101.md) [D:\leaveblackgithub\DDNCadAddins\src\DDNCadAddins\DDNCadAddins\DDNCadAddins.csproj]
D:\leaveblackgithub\DDNCadAddins\src\DDNCadAddins\DDNCadAddins\Models\OperationResult.cs(249,46): warning CA1000: 不要在泛型类型中声明静态成员 (https://docs.microsoft.com/dotnet/fundamentals/code-analysis/quality-rules/ca1000) [D:\leaveblackgithub\DDNCadAddins\src\DDNCadAddins\DDNCadAddins\DDNCadAddins.csproj]
D:\leaveblackgithub\DDNCadAddins\src\DDNCadAddins\DDNCadAddins\Models\OperationResult.cs(266,46): warning CA1000: 不要在泛型类型中声明静态成员 (https://docs.microsoft.com/dotnet/fundamentals/code-analysis/quality-rules/ca1000) [D:\leaveblackgithub\DDNCadAddins\src\DDNCadAddins\DDNCadAddins\DDNCadAddins.csproj]
D:\leaveblackgithub\DDNCadAddins\src\DDNCadAddins\DDNCadAddins\Models\OperationResult.cs(256,17): warning SA1413: Use trailing comma in multi-line initializers (https://github.com/DotNetAnalyzers/StyleCopAnalyzers/blob/master/documentation/SA1413.md) [D:\leaveblackgithub\DDNCadAddins\src\DDNCadAddins\DDNCadAddins\DDNCadAddins.csproj]
D:\leaveblackgithub\DDNCadAddins\src\DDNCadAddins\DDNCadAddins\Models\OperationResult.cs(273,17): warning SA1413: Use trailing comma in multi-line initializers (https://github.com/DotNetAnalyzers/StyleCopAnalyzers/blob/master/documentation/SA1413.md) [D:\leaveblackgithub\DDNCadAddins\src\DDNCadAddins\DDNCadAddins\DDNCadAddins.csproj]
D:\leaveblackgithub\DDNCadAddins\src\DDNCadAddins\DDNCadAddins\Services\DocumentService.cs(40,17): warning SA1101: Prefix local calls with this (https://github.com/DotNetAnalyzers/StyleCopAnalyzers/blob/master/documentation/SA1101.md) [D:\leaveblackgithub\DDNCadAddins\src\DDNCadAddins\DDNCadAddins\DDNCadAddins.csproj]
D:\leaveblackgithub\DDNCadAddins\src\DDNCadAddins\DDNCadAddins\Services\DocumentService.cs(57,17): warning SA1101: Prefix local calls with this (https://github.com/DotNetAnalyzers/StyleCopAnalyzers/blob/master/documentation/SA1101.md) [D:\leaveblackgithub\DDNCadAddins\src\DDNCadAddins\DDNCadAddins\DDNCadAddins.csproj]
D:\leaveblackgithub\DDNCadAddins\src\DDNCadAddins\DDNCadAddins\Services\DocumentService.cs(38,13): warning CA1031: 请修改“GetMdiActiveDocument”以捕获更具体的允许异常类型，或者重新抛出该异常 (https://docs.microsoft.com/dotnet/fundamentals/code-analysis/quality-rules/ca1031) [D:\leaveblackgithub\DDNCadAddins\src\DDNCadAddins\DDNCadAddins\DDNCadAddins.csproj]
D:\leaveblackgithub\DDNCadAddins\src\DDNCadAddins\DDNCadAddins\Services\DocumentService.cs(72,17): warning SA1503: Braces should not be omitted (https://github.com/DotNetAnalyzers/StyleCopAnalyzers/blob/master/documentation/SA1503.md) [D:\leaveblackgithub\DDNCadAddins\src\DDNCadAddins\DDNCadAddins\DDNCadAddins.csproj]
D:\leaveblackgithub\DDNCadAddins\src\DDNCadAddins\DDNCadAddins\Services\AcadViewService.cs(41,17): warning SA1503: Braces should not be omitted (https://github.com/DotNetAnalyzers/StyleCopAnalyzers/blob/master/documentation/SA1503.md) [D:\leaveblackgithub\DDNCadAddins\src\DDNCadAddins\DDNCadAddins\DDNCadAddins.csproj]
D:\leaveblackgithub\DDNCadAddins\src\DDNCadAddins\DDNCadAddins\Services\DocumentService.cs(55,13): warning CA1031: 请修改“ShowAlertDialog”以捕获更具体的允许异常类型，或者重新抛出该异常 (https://docs.microsoft.com/dotnet/fundamentals/code-analysis/quality-rules/ca1031) [D:\leaveblackgithub\DDNCadAddins\src\DDNCadAddins\DDNCadAddins\DDNCadAddins.csproj]
D:\leaveblackgithub\DDNCadAddins\src\DDNCadAddins\DDNCadAddins\Commands\XClipTest\XClipTestCommon.cs(54,21): warning SA1503: Braces should not be omitted (https://github.com/DotNetAnalyzers/StyleCopAnalyzers/blob/master/documentation/SA1503.md) [D:\leaveblackgithub\DDNCadAddins\src\DDNCadAddins\DDNCadAddins\DDNCadAddins.csproj]
D:\leaveblackgithub\DDNCadAddins\src\DDNCadAddins\DDNCadAddins\Models\OperationResult.cs(122,17): warning SA1503: Braces should not be omitted (https://github.com/DotNetAnalyzers/StyleCopAnalyzers/blob/master/documentation/SA1503.md) [D:\leaveblackgithub\DDNCadAddins\src\DDNCadAddins\DDNCadAddins\DDNCadAddins.csproj]
D:\leaveblackgithub\DDNCadAddins\src\DDNCadAddins\DDNCadAddins\Models\OperationResult.cs(124,17): warning SA1503: Braces should not be omitted (https://github.com/DotNetAnalyzers/StyleCopAnalyzers/blob/master/documentation/SA1503.md) [D:\leaveblackgithub\DDNCadAddins\src\DDNCadAddins\DDNCadAddins\DDNCadAddins.csproj]
D:\leaveblackgithub\DDNCadAddins\src\DDNCadAddins\DDNCadAddins\Services\DocumentService.cs(87,32): warning SA1101: Prefix local calls with this (https://github.com/DotNetAnalyzers/StyleCopAnalyzers/blob/master/documentation/SA1101.md) [D:\leaveblackgithub\DDNCadAddins\src\DDNCadAddins\DDNCadAddins\DDNCadAddins.csproj]
D:\leaveblackgithub\DDNCadAddins\src\DDNCadAddins\DDNCadAddins\Commands\XClipTest\XClipTestCommon.cs(52,17): warning SA1101: Prefix local calls with this (https://github.com/DotNetAnalyzers/StyleCopAnalyzers/blob/master/documentation/SA1101.md) [D:\leaveblackgithub\DDNCadAddins\src\DDNCadAddins\DDNCadAddins\DDNCadAddins.csproj]
D:\leaveblackgithub\DDNCadAddins\src\DDNCadAddins\DDNCadAddins\Commands\XClipTest\XClipTestCommon.cs(54,21): warning SA1101: Prefix local calls with this (https://github.com/DotNetAnalyzers/StyleCopAnalyzers/blob/master/documentation/SA1101.md) [D:\leaveblackgithub\DDNCadAddins\src\DDNCadAddins\DDNCadAddins\DDNCadAddins.csproj]
D:\leaveblackgithub\DDNCadAddins\src\DDNCadAddins\DDNCadAddins\Services\DocumentService.cs(95,17): warning SA1101: Prefix local calls with this (https://github.com/DotNetAnalyzers/StyleCopAnalyzers/blob/master/documentation/SA1101.md) [D:\leaveblackgithub\DDNCadAddins\src\DDNCadAddins\DDNCadAddins\DDNCadAddins.csproj]
D:\leaveblackgithub\DDNCadAddins\src\DDNCadAddins\DDNCadAddins\Models\OperationResult.cs(120,13): warning SA1101: Prefix local calls with this (https://github.com/DotNetAnalyzers/StyleCopAnalyzers/blob/master/documentation/SA1101.md) [D:\leaveblackgithub\DDNCadAddins\src\DDNCadAddins\DDNCadAddins\DDNCadAddins.csproj]
D:\leaveblackgithub\DDNCadAddins\src\DDNCadAddins\DDNCadAddins\Models\OperationResult.cs(122,17): warning SA1101: Prefix local calls with this (https://github.com/DotNetAnalyzers/StyleCopAnalyzers/blob/master/documentation/SA1101.md) [D:\leaveblackgithub\DDNCadAddins\src\DDNCadAddins\DDNCadAddins\DDNCadAddins.csproj]
D:\leaveblackgithub\DDNCadAddins\src\DDNCadAddins\DDNCadAddins\Models\OperationResult.cs(124,17): warning SA1101: Prefix local calls with this (https://github.com/DotNetAnalyzers/StyleCopAnalyzers/blob/master/documentation/SA1101.md) [D:\leaveblackgithub\DDNCadAddins\src\DDNCadAddins\DDNCadAddins\DDNCadAddins.csproj]
D:\leaveblackgithub\DDNCadAddins\src\DDNCadAddins\DDNCadAddins\Models\OperationResult.cs(125,13): warning SA1101: Prefix local calls with this (https://github.com/DotNetAnalyzers/StyleCopAnalyzers/blob/master/documentation/SA1101.md) [D:\leaveblackgithub\DDNCadAddins\src\DDNCadAddins\DDNCadAddins\DDNCadAddins.csproj]
D:\leaveblackgithub\DDNCadAddins\src\DDNCadAddins\DDNCadAddins\Models\OperationResult.cs(126,13): warning SA1101: Prefix local calls with this (https://github.com/DotNetAnalyzers/StyleCopAnalyzers/blob/master/documentation/SA1101.md) [D:\leaveblackgithub\DDNCadAddins\src\DDNCadAddins\DDNCadAddins\DDNCadAddins.csproj]
D:\leaveblackgithub\DDNCadAddins\src\DDNCadAddins\DDNCadAddins\Services\AcadViewService.cs(49,43): warning SA1407: Arithmetic expressions should declare precedence (https://github.com/DotNetAnalyzers/StyleCopAnalyzers/blob/master/documentation/SA1407.md) [D:\leaveblackgithub\DDNCadAddins\src\DDNCadAddins\DDNCadAddins\DDNCadAddins.csproj]
D:\leaveblackgithub\DDNCadAddins\src\DDNCadAddins\DDNCadAddins\Services\AcadViewService.cs(49,67): warning SA1407: Arithmetic expressions should declare precedence (https://github.com/DotNetAnalyzers/StyleCopAnalyzers/blob/master/documentation/SA1407.md) [D:\leaveblackgithub\DDNCadAddins\src\DDNCadAddins\DDNCadAddins\DDNCadAddins.csproj]
D:\leaveblackgithub\DDNCadAddins\src\DDNCadAddins\DDNCadAddins\Services\AcadViewService.cs(50,43): warning SA1407: Arithmetic expressions should declare precedence (https://github.com/DotNetAnalyzers/StyleCopAnalyzers/blob/master/documentation/SA1407.md) [D:\leaveblackgithub\DDNCadAddins\src\DDNCadAddins\DDNCadAddins\DDNCadAddins.csproj]
D:\leaveblackgithub\DDNCadAddins\src\DDNCadAddins\DDNCadAddins\Services\AcadViewService.cs(50,67): warning SA1407: Arithmetic expressions should declare precedence (https://github.com/DotNetAnalyzers/StyleCopAnalyzers/blob/master/documentation/SA1407.md) [D:\leaveblackgithub\DDNCadAddins\src\DDNCadAddins\DDNCadAddins\DDNCadAddins.csproj]
D:\leaveblackgithub\DDNCadAddins\src\DDNCadAddins\DDNCadAddins\Services\DocumentService.cs(93,13): warning CA1031: 请修改“WriteMessage”以捕获更具体的允许异常类型，或者重新抛出该异常 (https://docs.microsoft.com/dotnet/fundamentals/code-analysis/quality-rules/ca1031) [D:\leaveblackgithub\DDNCadAddins\src\DDNCadAddins\DDNCadAddins\DDNCadAddins.csproj]
D:\leaveblackgithub\DDNCadAddins\src\DDNCadAddins\DDNCadAddins\Services\XClipBlockService.Core.cs(23,1): warning SA1028: Code should not contain trailing whitespace (https://github.com/DotNetAnalyzers/StyleCopAnalyzers/blob/master/documentation/SA1028.md) [D:\leaveblackgithub\DDNCadAddins\src\DDNCadAddins\DDNCadAddins\DDNCadAddins.csproj]
D:\leaveblackgithub\DDNCadAddins\src\DDNCadAddins\DDNCadAddins\Services\XClipBlockService.Core.cs(34,1): warning SA1028: Code should not contain trailing whitespace (https://github.com/DotNetAnalyzers/StyleCopAnalyzers/blob/master/documentation/SA1028.md) [D:\leaveblackgithub\DDNCadAddins\src\DDNCadAddins\DDNCadAddins\DDNCadAddins.csproj]
D:\leaveblackgithub\DDNCadAddins\src\DDNCadAddins\DDNCadAddins\Services\XClipBlockService.Core.cs(43,1): warning SA1028: Code should not contain trailing whitespace (https://github.com/DotNetAnalyzers/StyleCopAnalyzers/blob/master/documentation/SA1028.md) [D:\leaveblackgithub\DDNCadAddins\src\DDNCadAddins\DDNCadAddins\DDNCadAddins.csproj]
D:\leaveblackgithub\DDNCadAddins\src\DDNCadAddins\DDNCadAddins\Services\XClipBlockService.Core.cs(54,1): warning SA1028: Code should not contain trailing whitespace (https://github.com/DotNetAnalyzers/StyleCopAnalyzers/blob/master/documentation/SA1028.md) [D:\leaveblackgithub\DDNCadAddins\src\DDNCadAddins\DDNCadAddins\DDNCadAddins.csproj]
D:\leaveblackgithub\DDNCadAddins\src\DDNCadAddins\DDNCadAddins\Services\XClipBlockService.Core.cs(57,1): warning SA1028: Code should not contain trailing whitespace (https://github.com/DotNetAnalyzers/StyleCopAnalyzers/blob/master/documentation/SA1028.md) [D:\leaveblackgithub\DDNCadAddins\src\DDNCadAddins\DDNCadAddins\DDNCadAddins.csproj]
D:\leaveblackgithub\DDNCadAddins\src\DDNCadAddins\DDNCadAddins\Services\XClipBlockService.Core.cs(59,1): warning SA1028: Code should not contain trailing whitespace (https://github.com/DotNetAnalyzers/StyleCopAnalyzers/blob/master/documentation/SA1028.md) [D:\leaveblackgithub\DDNCadAddins\src\DDNCadAddins\DDNCadAddins\DDNCadAddins.csproj]
D:\leaveblackgithub\DDNCadAddins\src\DDNCadAddins\DDNCadAddins\Services\XClipBlockService.Core.cs(63,1): warning SA1028: Code should not contain trailing whitespace (https://github.com/DotNetAnalyzers/StyleCopAnalyzers/blob/master/documentation/SA1028.md) [D:\leaveblackgithub\DDNCadAddins\src\DDNCadAddins\DDNCadAddins\DDNCadAddins.csproj]
D:\leaveblackgithub\DDNCadAddins\src\DDNCadAddins\DDNCadAddins\Services\XClipBlockService.Core.cs(66,1): warning SA1028: Code should not contain trailing whitespace (https://github.com/DotNetAnalyzers/StyleCopAnalyzers/blob/master/documentation/SA1028.md) [D:\leaveblackgithub\DDNCadAddins\src\DDNCadAddins\DDNCadAddins\DDNCadAddins.csproj]
D:\leaveblackgithub\DDNCadAddins\src\DDNCadAddins\DDNCadAddins\Services\XClipBlockService.Core.cs(70,1): warning SA1028: Code should not contain trailing whitespace (https://github.com/DotNetAnalyzers/StyleCopAnalyzers/blob/master/documentation/SA1028.md) [D:\leaveblackgithub\DDNCadAddins\src\DDNCadAddins\DDNCadAddins\DDNCadAddins.csproj]
D:\leaveblackgithub\DDNCadAddins\src\DDNCadAddins\DDNCadAddins\Services\XClipBlockService.Core.cs(77,1): warning SA1028: Code should not contain trailing whitespace (https://github.com/DotNetAnalyzers/StyleCopAnalyzers/blob/master/documentation/SA1028.md) [D:\leaveblackgithub\DDNCadAddins\src\DDNCadAddins\DDNCadAddins\DDNCadAddins.csproj]
D:\leaveblackgithub\DDNCadAddins\src\DDNCadAddins\DDNCadAddins\Services\XClipBlockService.Core.cs(79,1): warning SA1028: Code should not contain trailing whitespace (https://github.com/DotNetAnalyzers/StyleCopAnalyzers/blob/master/documentation/SA1028.md) [D:\leaveblackgithub\DDNCadAddins\src\DDNCadAddins\DDNCadAddins\DDNCadAddins.csproj]
D:\leaveblackgithub\DDNCadAddins\src\DDNCadAddins\DDNCadAddins\Services\XClipBlockService.Core.cs(85,1): warning SA1028: Code should not contain trailing whitespace (https://github.com/DotNetAnalyzers/StyleCopAnalyzers/blob/master/documentation/SA1028.md) [D:\leaveblackgithub\DDNCadAddins\src\DDNCadAddins\DDNCadAddins\DDNCadAddins.csproj]
D:\leaveblackgithub\DDNCadAddins\src\DDNCadAddins\DDNCadAddins\Services\XClipBlockService.Core.cs(88,1): warning SA1028: Code should not contain trailing whitespace (https://github.com/DotNetAnalyzers/StyleCopAnalyzers/blob/master/documentation/SA1028.md) [D:\leaveblackgithub\DDNCadAddins\src\DDNCadAddins\DDNCadAddins\DDNCadAddins.csproj]
D:\leaveblackgithub\DDNCadAddins\src\DDNCadAddins\DDNCadAddins\Services\XClipBlockService.Core.cs(94,36): warning SA1028: Code should not contain trailing whitespace (https://github.com/DotNetAnalyzers/StyleCopAnalyzers/blob/master/documentation/SA1028.md) [D:\leaveblackgithub\DDNCadAddins\src\DDNCadAddins\DDNCadAddins\DDNCadAddins.csproj]
D:\leaveblackgithub\DDNCadAddins\src\DDNCadAddins\DDNCadAddins\Services\XClipBlockService.Core.cs(95,53): warning SA1028: Code should not contain trailing whitespace (https://github.com/DotNetAnalyzers/StyleCopAnalyzers/blob/master/documentation/SA1028.md) [D:\leaveblackgithub\DDNCadAddins\src\DDNCadAddins\DDNCadAddins\DDNCadAddins.csproj]
D:\leaveblackgithub\DDNCadAddins\src\DDNCadAddins\DDNCadAddins\Services\XClipBlockService.Core.cs(101,52): warning SA1028: Code should not contain trailing whitespace (https://github.com/DotNetAnalyzers/StyleCopAnalyzers/blob/master/documentation/SA1028.md) [D:\leaveblackgithub\DDNCadAddins\src\DDNCadAddins\DDNCadAddins\DDNCadAddins.csproj]
D:\leaveblackgithub\DDNCadAddins\src\DDNCadAddins\DDNCadAddins\Services\XClipBlockService.Core.cs(105,1): warning SA1028: Code should not contain trailing whitespace (https://github.com/DotNetAnalyzers/StyleCopAnalyzers/blob/master/documentation/SA1028.md) [D:\leaveblackgithub\DDNCadAddins\src\DDNCadAddins\DDNCadAddins\DDNCadAddins.csproj]
D:\leaveblackgithub\DDNCadAddins\src\DDNCadAddins\DDNCadAddins\Services\XClipBlockService.Core.cs(115,1): warning SA1028: Code should not contain trailing whitespace (https://github.com/DotNetAnalyzers/StyleCopAnalyzers/blob/master/documentation/SA1028.md) [D:\leaveblackgithub\DDNCadAddins\src\DDNCadAddins\DDNCadAddins\DDNCadAddins.csproj]
D:\leaveblackgithub\DDNCadAddins\src\DDNCadAddins\DDNCadAddins\Services\XClipBlockService.Core.cs(118,1): warning SA1028: Code should not contain trailing whitespace (https://github.com/DotNetAnalyzers/StyleCopAnalyzers/blob/master/documentation/SA1028.md) [D:\leaveblackgithub\DDNCadAddins\src\DDNCadAddins\DDNCadAddins\DDNCadAddins.csproj]
D:\leaveblackgithub\DDNCadAddins\src\DDNCadAddins\DDNCadAddins\Services\XClipBlockService.Core.cs(124,1): warning SA1028: Code should not contain trailing whitespace (https://github.com/DotNetAnalyzers/StyleCopAnalyzers/blob/master/documentation/SA1028.md) [D:\leaveblackgithub\DDNCadAddins\src\DDNCadAddins\DDNCadAddins\DDNCadAddins.csproj]
D:\leaveblackgithub\DDNCadAddins\src\DDNCadAddins\DDNCadAddins\Services\XClipBlockService.Core.cs(127,1): warning SA1028: Code should not contain trailing whitespace (https://github.com/DotNetAnalyzers/StyleCopAnalyzers/blob/master/documentation/SA1028.md) [D:\leaveblackgithub\DDNCadAddins\src\DDNCadAddins\DDNCadAddins\DDNCadAddins.csproj]
D:\leaveblackgithub\DDNCadAddins\src\DDNCadAddins\DDNCadAddins\Services\XClipBlockService.Core.cs(130,1): warning SA1028: Code should not contain trailing whitespace (https://github.com/DotNetAnalyzers/StyleCopAnalyzers/blob/master/documentation/SA1028.md) [D:\leaveblackgithub\DDNCadAddins\src\DDNCadAddins\DDNCadAddins\DDNCadAddins.csproj]
D:\leaveblackgithub\DDNCadAddins\src\DDNCadAddins\DDNCadAddins\Services\XClipBlockService.Core.cs(136,32): warning SA1028: Code should not contain trailing whitespace (https://github.com/DotNetAnalyzers/StyleCopAnalyzers/blob/master/documentation/SA1028.md) [D:\leaveblackgithub\DDNCadAddins\src\DDNCadAddins\DDNCadAddins\DDNCadAddins.csproj]
D:\leaveblackgithub\DDNCadAddins\src\DDNCadAddins\DDNCadAddins\Services\XClipBlockService.Core.cs(137,53): warning SA1028: Code should not contain trailing whitespace (https://github.com/DotNetAnalyzers/StyleCopAnalyzers/blob/master/documentation/SA1028.md) [D:\leaveblackgithub\DDNCadAddins\src\DDNCadAddins\DDNCadAddins\DDNCadAddins.csproj]
D:\leaveblackgithub\DDNCadAddins\src\DDNCadAddins\DDNCadAddins\Services\XClipBlockService.Core.cs(143,52): warning SA1028: Code should not contain trailing whitespace (https://github.com/DotNetAnalyzers/StyleCopAnalyzers/blob/master/documentation/SA1028.md) [D:\leaveblackgithub\DDNCadAddins\src\DDNCadAddins\DDNCadAddins\DDNCadAddins.csproj]
D:\leaveblackgithub\DDNCadAddins\src\DDNCadAddins\DDNCadAddins\Services\XClipBlockService.Core.cs(157,1): warning SA1028: Code should not contain trailing whitespace (https://github.com/DotNetAnalyzers/StyleCopAnalyzers/blob/master/documentation/SA1028.md) [D:\leaveblackgithub\DDNCadAddins\src\DDNCadAddins\DDNCadAddins\DDNCadAddins.csproj]
D:\leaveblackgithub\DDNCadAddins\src\DDNCadAddins\DDNCadAddins\Services\XClipBlockService.Core.cs(163,1): warning SA1028: Code should not contain trailing whitespace (https://github.com/DotNetAnalyzers/StyleCopAnalyzers/blob/master/documentation/SA1028.md) [D:\leaveblackgithub\DDNCadAddins\src\DDNCadAddins\DDNCadAddins\DDNCadAddins.csproj]
D:\leaveblackgithub\DDNCadAddins\src\DDNCadAddins\DDNCadAddins\Services\XClipBlockService.Core.cs(167,80): warning SA1028: Code should not contain trailing whitespace (https://github.com/DotNetAnalyzers/StyleCopAnalyzers/blob/master/documentation/SA1028.md) [D:\leaveblackgithub\DDNCadAddins\src\DDNCadAddins\DDNCadAddins\DDNCadAddins.csproj]
D:\leaveblackgithub\DDNCadAddins\src\DDNCadAddins\DDNCadAddins\Services\XClipBlockService.Core.cs(176,1): warning SA1028: Code should not contain trailing whitespace (https://github.com/DotNetAnalyzers/StyleCopAnalyzers/blob/master/documentation/SA1028.md) [D:\leaveblackgithub\DDNCadAddins\src\DDNCadAddins\DDNCadAddins\DDNCadAddins.csproj]
D:\leaveblackgithub\DDNCadAddins\src\DDNCadAddins\DDNCadAddins\Services\XClipBlockService.Core.cs(186,1): warning SA1028: Code should not contain trailing whitespace (https://github.com/DotNetAnalyzers/StyleCopAnalyzers/blob/master/documentation/SA1028.md) [D:\leaveblackgithub\DDNCadAddins\src\DDNCadAddins\DDNCadAddins\DDNCadAddins.csproj]
D:\leaveblackgithub\DDNCadAddins\src\DDNCadAddins\DDNCadAddins\Services\XClipBlockService.Core.cs(194,1): warning SA1028: Code should not contain trailing whitespace (https://github.com/DotNetAnalyzers/StyleCopAnalyzers/blob/master/documentation/SA1028.md) [D:\leaveblackgithub\DDNCadAddins\src\DDNCadAddins\DDNCadAddins\DDNCadAddins.csproj]
D:\leaveblackgithub\DDNCadAddins\src\DDNCadAddins\DDNCadAddins\Services\XClipBlockService.Core.cs(197,1): warning SA1028: Code should not contain trailing whitespace (https://github.com/DotNetAnalyzers/StyleCopAnalyzers/blob/master/documentation/SA1028.md) [D:\leaveblackgithub\DDNCadAddins\src\DDNCadAddins\DDNCadAddins\DDNCadAddins.csproj]
D:\leaveblackgithub\DDNCadAddins\src\DDNCadAddins\DDNCadAddins\Services\TransactionService.cs(22,13): warning SA1101: Prefix local calls with this (https://github.com/DotNetAnalyzers/StyleCopAnalyzers/blob/master/documentation/SA1101.md) [D:\leaveblackgithub\DDNCadAddins\src\DDNCadAddins\DDNCadAddins\DDNCadAddins.csproj]
D:\leaveblackgithub\DDNCadAddins\src\DDNCadAddins\DDNCadAddins\Services\XClipBlockService.Core.cs(210,1): warning SA1028: Code should not contain trailing whitespace (https://github.com/DotNetAnalyzers/StyleCopAnalyzers/blob/master/documentation/SA1028.md) [D:\leaveblackgithub\DDNCadAddins\src\DDNCadAddins\DDNCadAddins\DDNCadAddins.csproj]
D:\leaveblackgithub\DDNCadAddins\src\DDNCadAddins\DDNCadAddins\Services\BlockReferenceService.cs(84,17): warning SA1503: Braces should not be omitted (https://github.com/DotNetAnalyzers/StyleCopAnalyzers/blob/master/documentation/SA1503.md) [D:\leaveblackgithub\DDNCadAddins\src\DDNCadAddins\DDNCadAddins\DDNCadAddins.csproj]
D:\leaveblackgithub\DDNCadAddins\src\DDNCadAddins\DDNCadAddins\Services\BlockReferenceService.cs(90,21): warning SA1503: Braces should not be omitted (https://github.com/DotNetAnalyzers/StyleCopAnalyzers/blob/master/documentation/SA1503.md) [D:\leaveblackgithub\DDNCadAddins\src\DDNCadAddins\DDNCadAddins\DDNCadAddins.csproj]
D:\leaveblackgithub\DDNCadAddins\src\DDNCadAddins\DDNCadAddins\Services\XClipBlockService.Core.cs(230,1): warning SA1028: Code should not contain trailing whitespace (https://github.com/DotNetAnalyzers/StyleCopAnalyzers/blob/master/documentation/SA1028.md) [D:\leaveblackgithub\DDNCadAddins\src\DDNCadAddins\DDNCadAddins\DDNCadAddins.csproj]
D:\leaveblackgithub\DDNCadAddins\src\DDNCadAddins\DDNCadAddins\Services\XClipBlockService.Core.cs(242,1): warning SA1028: Code should not contain trailing whitespace (https://github.com/DotNetAnalyzers/StyleCopAnalyzers/blob/master/documentation/SA1028.md) [D:\leaveblackgithub\DDNCadAddins\src\DDNCadAddins\DDNCadAddins\DDNCadAddins.csproj]
D:\leaveblackgithub\DDNCadAddins\src\DDNCadAddins\DDNCadAddins\Services\XClipBlockService.Core.cs(245,1): warning SA1028: Code should not contain trailing whitespace (https://github.com/DotNetAnalyzers/StyleCopAnalyzers/blob/master/documentation/SA1028.md) [D:\leaveblackgithub\DDNCadAddins\src\DDNCadAddins\DDNCadAddins\DDNCadAddins.csproj]
D:\leaveblackgithub\DDNCadAddins\src\DDNCadAddins\DDNCadAddins\Services\XClipBlockService.Core.cs(247,1): warning SA1028: Code should not contain trailing whitespace (https://github.com/DotNetAnalyzers/StyleCopAnalyzers/blob/master/documentation/SA1028.md) [D:\leaveblackgithub\DDNCadAddins\src\DDNCadAddins\DDNCadAddins\DDNCadAddins.csproj]
D:\leaveblackgithub\DDNCadAddins\src\DDNCadAddins\DDNCadAddins\Services\XClipBlockService.Core.cs(251,1): warning SA1028: Code should not contain trailing whitespace (https://github.com/DotNetAnalyzers/StyleCopAnalyzers/blob/master/documentation/SA1028.md) [D:\leaveblackgithub\DDNCadAddins\src\DDNCadAddins\DDNCadAddins\DDNCadAddins.csproj]
D:\leaveblackgithub\DDNCadAddins\src\DDNCadAddins\DDNCadAddins\Services\XClipBlockService.Core.cs(262,1): warning SA1028: Code should not contain trailing whitespace (https://github.com/DotNetAnalyzers/StyleCopAnalyzers/blob/master/documentation/SA1028.md) [D:\leaveblackgithub\DDNCadAddins\src\DDNCadAddins\DDNCadAddins\DDNCadAddins.csproj]
D:\leaveblackgithub\DDNCadAddins\src\DDNCadAddins\DDNCadAddins\Services\XClipBlockService.Core.cs(271,1): warning SA1028: Code should not contain trailing whitespace (https://github.com/DotNetAnalyzers/StyleCopAnalyzers/blob/master/documentation/SA1028.md) [D:\leaveblackgithub\DDNCadAddins\src\DDNCadAddins\DDNCadAddins\DDNCadAddins.csproj]
D:\leaveblackgithub\DDNCadAddins\src\DDNCadAddins\DDNCadAddins\Services\XClipBlockService.Core.cs(273,1): warning SA1028: Code should not contain trailing whitespace (https://github.com/DotNetAnalyzers/StyleCopAnalyzers/blob/master/documentation/SA1028.md) [D:\leaveblackgithub\DDNCadAddins\src\DDNCadAddins\DDNCadAddins\DDNCadAddins.csproj]
D:\leaveblackgithub\DDNCadAddins\src\DDNCadAddins\DDNCadAddins\Services\XClipBlockService.Core.cs(276,1): warning SA1028: Code should not contain trailing whitespace (https://github.com/DotNetAnalyzers/StyleCopAnalyzers/blob/master/documentation/SA1028.md) [D:\leaveblackgithub\DDNCadAddins\src\DDNCadAddins\DDNCadAddins\DDNCadAddins.csproj]
D:\leaveblackgithub\DDNCadAddins\src\DDNCadAddins\DDNCadAddins\Models\OperationResult.cs(140,17): warning SA1413: Use trailing comma in multi-line initializers (https://github.com/DotNetAnalyzers/StyleCopAnalyzers/blob/master/documentation/SA1413.md) [D:\leaveblackgithub\DDNCadAddins\src\DDNCadAddins\DDNCadAddins\DDNCadAddins.csproj]
D:\leaveblackgithub\DDNCadAddins\src\DDNCadAddins\DDNCadAddins\Services\XClipBlockService.Core.cs(285,1): warning SA1028: Code should not contain trailing whitespace (https://github.com/DotNetAnalyzers/StyleCopAnalyzers/blob/master/documentation/SA1028.md) [D:\leaveblackgithub\DDNCadAddins\src\DDNCadAddins\DDNCadAddins\DDNCadAddins.csproj]
D:\leaveblackgithub\DDNCadAddins\src\DDNCadAddins\DDNCadAddins\Services\XClipBlockService.Core.cs(294,1): warning SA1028: Code should not contain trailing whitespace (https://github.com/DotNetAnalyzers/StyleCopAnalyzers/blob/master/documentation/SA1028.md) [D:\leaveblackgithub\DDNCadAddins\src\DDNCadAddins\DDNCadAddins\DDNCadAddins.csproj]
D:\leaveblackgithub\DDNCadAddins\src\DDNCadAddins\DDNCadAddins\Services\XClipBlockService.Core.cs(298,1): warning SA1028: Code should not contain trailing whitespace (https://github.com/DotNetAnalyzers/StyleCopAnalyzers/blob/master/documentation/SA1028.md) [D:\leaveblackgithub\DDNCadAddins\src\DDNCadAddins\DDNCadAddins\DDNCadAddins.csproj]
D:\leaveblackgithub\DDNCadAddins\src\DDNCadAddins\DDNCadAddins\Services\XClipBlockService.Core.cs(301,1): warning SA1028: Code should not contain trailing whitespace (https://github.com/DotNetAnalyzers/StyleCopAnalyzers/blob/master/documentation/SA1028.md) [D:\leaveblackgithub\DDNCadAddins\src\DDNCadAddins\DDNCadAddins\DDNCadAddins.csproj]
D:\leaveblackgithub\DDNCadAddins\src\DDNCadAddins\DDNCadAddins\Services\XClipBlockService.Core.cs(305,1): warning SA1028: Code should not contain trailing whitespace (https://github.com/DotNetAnalyzers/StyleCopAnalyzers/blob/master/documentation/SA1028.md) [D:\leaveblackgithub\DDNCadAddins\src\DDNCadAddins\DDNCadAddins\DDNCadAddins.csproj]
D:\leaveblackgithub\DDNCadAddins\src\DDNCadAddins\DDNCadAddins\Services\XClipBlockService.Core.cs(308,1): warning SA1028: Code should not contain trailing whitespace (https://github.com/DotNetAnalyzers/StyleCopAnalyzers/blob/master/documentation/SA1028.md) [D:\leaveblackgithub\DDNCadAddins\src\DDNCadAddins\DDNCadAddins\DDNCadAddins.csproj]
D:\leaveblackgithub\DDNCadAddins\src\DDNCadAddins\DDNCadAddins\Services\AcadViewService.cs(68,17): warning SA1101: Prefix local calls with this (https://github.com/DotNetAnalyzers/StyleCopAnalyzers/blob/master/documentation/SA1101.md) [D:\leaveblackgithub\DDNCadAddins\src\DDNCadAddins\DDNCadAddins\DDNCadAddins.csproj]
D:\leaveblackgithub\DDNCadAddins\src\DDNCadAddins\DDNCadAddins\Services\XClipBlockService.Core.cs(315,1): warning SA1028: Code should not contain trailing whitespace (https://github.com/DotNetAnalyzers/StyleCopAnalyzers/blob/master/documentation/SA1028.md) [D:\leaveblackgithub\DDNCadAddins\src\DDNCadAddins\DDNCadAddins\DDNCadAddins.csproj]
D:\leaveblackgithub\DDNCadAddins\src\DDNCadAddins\DDNCadAddins\Services\XClipBlockService.Core.cs(319,1): warning SA1028: Code should not contain trailing whitespace (https://github.com/DotNetAnalyzers/StyleCopAnalyzers/blob/master/documentation/SA1028.md) [D:\leaveblackgithub\DDNCadAddins\src\DDNCadAddins\DDNCadAddins\DDNCadAddins.csproj]
D:\leaveblackgithub\DDNCadAddins\src\DDNCadAddins\DDNCadAddins\Services\XClipBlockService.Core.cs(322,1): warning SA1028: Code should not contain trailing whitespace (https://github.com/DotNetAnalyzers/StyleCopAnalyzers/blob/master/documentation/SA1028.md) [D:\leaveblackgithub\DDNCadAddins\src\DDNCadAddins\DDNCadAddins\DDNCadAddins.csproj]
D:\leaveblackgithub\DDNCadAddins\src\DDNCadAddins\DDNCadAddins\Services\XClipBlockService.Core.cs(325,1): warning SA1028: Code should not contain trailing whitespace (https://github.com/DotNetAnalyzers/StyleCopAnalyzers/blob/master/documentation/SA1028.md) [D:\leaveblackgithub\DDNCadAddins\src\DDNCadAddins\DDNCadAddins\DDNCadAddins.csproj]
D:\leaveblackgithub\DDNCadAddins\src\DDNCadAddins\DDNCadAddins\Services\XClipBlockService.Core.cs(333,1): warning SA1028: Code should not contain trailing whitespace (https://github.com/DotNetAnalyzers/StyleCopAnalyzers/blob/master/documentation/SA1028.md) [D:\leaveblackgithub\DDNCadAddins\src\DDNCadAddins\DDNCadAddins\DDNCadAddins.csproj]
D:\leaveblackgithub\DDNCadAddins\src\DDNCadAddins\DDNCadAddins\Services\XClipBlockService.Core.cs(335,1): warning SA1028: Code should not contain trailing whitespace (https://github.com/DotNetAnalyzers/StyleCopAnalyzers/blob/master/documentation/SA1028.md) [D:\leaveblackgithub\DDNCadAddins\src\DDNCadAddins\DDNCadAddins\DDNCadAddins.csproj]
D:\leaveblackgithub\DDNCadAddins\src\DDNCadAddins\DDNCadAddins\Services\XClipBlockService.Core.cs(343,1): warning SA1028: Code should not contain trailing whitespace (https://github.com/DotNetAnalyzers/StyleCopAnalyzers/blob/master/documentation/SA1028.md) [D:\leaveblackgithub\DDNCadAddins\src\DDNCadAddins\DDNCadAddins\DDNCadAddins.csproj]
D:\leaveblackgithub\DDNCadAddins\src\DDNCadAddins\DDNCadAddins\Services\XClipBlockService.Core.cs(349,1): warning SA1028: Code should not contain trailing whitespace (https://github.com/DotNetAnalyzers/StyleCopAnalyzers/blob/master/documentation/SA1028.md) [D:\leaveblackgithub\DDNCadAddins\src\DDNCadAddins\DDNCadAddins\DDNCadAddins.csproj]
D:\leaveblackgithub\DDNCadAddins\src\DDNCadAddins\DDNCadAddins\Services\XClipBlockService.Core.cs(352,1): warning SA1028: Code should not contain trailing whitespace (https://github.com/DotNetAnalyzers/StyleCopAnalyzers/blob/master/documentation/SA1028.md) [D:\leaveblackgithub\DDNCadAddins\src\DDNCadAddins\DDNCadAddins\DDNCadAddins.csproj]
D:\leaveblackgithub\DDNCadAddins\src\DDNCadAddins\DDNCadAddins\Services\XClipBlockService.Core.cs(359,1): warning SA1028: Code should not contain trailing whitespace (https://github.com/DotNetAnalyzers/StyleCopAnalyzers/blob/master/documentation/SA1028.md) [D:\leaveblackgithub\DDNCadAddins\src\DDNCadAddins\DDNCadAddins\DDNCadAddins.csproj]
D:\leaveblackgithub\DDNCadAddins\src\DDNCadAddins\DDNCadAddins\Services\XClipBlockService.Core.cs(362,1): warning SA1028: Code should not contain trailing whitespace (https://github.com/DotNetAnalyzers/StyleCopAnalyzers/blob/master/documentation/SA1028.md) [D:\leaveblackgithub\DDNCadAddins\src\DDNCadAddins\DDNCadAddins\DDNCadAddins.csproj]
D:\leaveblackgithub\DDNCadAddins\src\DDNCadAddins\DDNCadAddins\Services\XClipBlockService.Core.cs(370,1): warning SA1028: Code should not contain trailing whitespace (https://github.com/DotNetAnalyzers/StyleCopAnalyzers/blob/master/documentation/SA1028.md) [D:\leaveblackgithub\DDNCadAddins\src\DDNCadAddins\DDNCadAddins\DDNCadAddins.csproj]
D:\leaveblackgithub\DDNCadAddins\src\DDNCadAddins\DDNCadAddins\Services\XClipBlockService.Core.cs(380,1): warning SA1028: Code should not contain trailing whitespace (https://github.com/DotNetAnalyzers/StyleCopAnalyzers/blob/master/documentation/SA1028.md) [D:\leaveblackgithub\DDNCadAddins\src\DDNCadAddins\DDNCadAddins\DDNCadAddins.csproj]
D:\leaveblackgithub\DDNCadAddins\src\DDNCadAddins\DDNCadAddins\Services\XClipBlockService.Core.cs(383,1): warning SA1028: Code should not contain trailing whitespace (https://github.com/DotNetAnalyzers/StyleCopAnalyzers/blob/master/documentation/SA1028.md) [D:\leaveblackgithub\DDNCadAddins\src\DDNCadAddins\DDNCadAddins\DDNCadAddins.csproj]
D:\leaveblackgithub\DDNCadAddins\src\DDNCadAddins\DDNCadAddins\Services\XClipBlockService.Core.cs(387,62): warning SA1028: Code should not contain trailing whitespace (https://github.com/DotNetAnalyzers/StyleCopAnalyzers/blob/master/documentation/SA1028.md) [D:\leaveblackgithub\DDNCadAddins\src\DDNCadAddins\DDNCadAddins\DDNCadAddins.csproj]
D:\leaveblackgithub\DDNCadAddins\src\DDNCadAddins\DDNCadAddins\Services\XClipBlockService.Core.cs(388,64): warning SA1028: Code should not contain trailing whitespace (https://github.com/DotNetAnalyzers/StyleCopAnalyzers/blob/master/documentation/SA1028.md) [D:\leaveblackgithub\DDNCadAddins\src\DDNCadAddins\DDNCadAddins\DDNCadAddins.csproj]
D:\leaveblackgithub\DDNCadAddins\src\DDNCadAddins\DDNCadAddins\Services\XClipBlockService.Core.cs(390,1): warning SA1028: Code should not contain trailing whitespace (https://github.com/DotNetAnalyzers/StyleCopAnalyzers/blob/master/documentation/SA1028.md) [D:\leaveblackgithub\DDNCadAddins\src\DDNCadAddins\DDNCadAddins\DDNCadAddins.csproj]
D:\leaveblackgithub\DDNCadAddins\src\DDNCadAddins\DDNCadAddins\Services\XClipBlockService.Core.cs(393,1): warning SA1028: Code should not contain trailing whitespace (https://github.com/DotNetAnalyzers/StyleCopAnalyzers/blob/master/documentation/SA1028.md) [D:\leaveblackgithub\DDNCadAddins\src\DDNCadAddins\DDNCadAddins\DDNCadAddins.csproj]
D:\leaveblackgithub\DDNCadAddins\src\DDNCadAddins\DDNCadAddins\Services\AcadService.cs(50,13): warning SA1101: Prefix local calls with this (https://github.com/DotNetAnalyzers/StyleCopAnalyzers/blob/master/documentation/SA1101.md) [D:\leaveblackgithub\DDNCadAddins\src\DDNCadAddins\DDNCadAddins\DDNCadAddins.csproj]
D:\leaveblackgithub\DDNCadAddins\src\DDNCadAddins\DDNCadAddins\Models\OperationResult.cs(157,17): warning SA1413: Use trailing comma in multi-line initializers (https://github.com/DotNetAnalyzers/StyleCopAnalyzers/blob/master/documentation/SA1413.md) [D:\leaveblackgithub\DDNCadAddins\src\DDNCadAddins\DDNCadAddins\DDNCadAddins.csproj]
D:\leaveblackgithub\DDNCadAddins\src\DDNCadAddins\DDNCadAddins\Services\XClipBlockService.Core.cs(398,1): warning SA1028: Code should not contain trailing whitespace (https://github.com/DotNetAnalyzers/StyleCopAnalyzers/blob/master/documentation/SA1028.md) [D:\leaveblackgithub\DDNCadAddins\src\DDNCadAddins\DDNCadAddins\DDNCadAddins.csproj]
D:\leaveblackgithub\DDNCadAddins\src\DDNCadAddins\DDNCadAddins\Services\AcadViewService.cs(51,17): warning SA1111: Closing parenthesis should be on line of last parameter (https://github.com/DotNetAnalyzers/StyleCopAnalyzers/blob/master/documentation/SA1111.md) [D:\leaveblackgithub\DDNCadAddins\src\DDNCadAddins\DDNCadAddins\DDNCadAddins.csproj]
D:\leaveblackgithub\DDNCadAddins\src\DDNCadAddins\DDNCadAddins\Services\XClipBlockService.Core.cs(412,1): warning SA1028: Code should not contain trailing whitespace (https://github.com/DotNetAnalyzers/StyleCopAnalyzers/blob/master/documentation/SA1028.md) [D:\leaveblackgithub\DDNCadAddins\src\DDNCadAddins\DDNCadAddins\DDNCadAddins.csproj]
D:\leaveblackgithub\DDNCadAddins\src\DDNCadAddins\DDNCadAddins\Models\OperationResult.cs(174,17): warning SA1413: Use trailing comma in multi-line initializers (https://github.com/DotNetAnalyzers/StyleCopAnalyzers/blob/master/documentation/SA1413.md) [D:\leaveblackgithub\DDNCadAddins\src\DDNCadAddins\DDNCadAddins\DDNCadAddins.csproj]
D:\leaveblackgithub\DDNCadAddins\src\DDNCadAddins\DDNCadAddins\Services\XClipBlockService.Core.cs(424,1): warning SA1028: Code should not contain trailing whitespace (https://github.com/DotNetAnalyzers/StyleCopAnalyzers/blob/master/documentation/SA1028.md) [D:\leaveblackgithub\DDNCadAddins\src\DDNCadAddins\DDNCadAddins\DDNCadAddins.csproj]
D:\leaveblackgithub\DDNCadAddins\src\DDNCadAddins\DDNCadAddins\Services\XClipBlockService.Core.cs(431,1): warning SA1028: Code should not contain trailing whitespace (https://github.com/DotNetAnalyzers/StyleCopAnalyzers/blob/master/documentation/SA1028.md) [D:\leaveblackgithub\DDNCadAddins\src\DDNCadAddins\DDNCadAddins\DDNCadAddins.csproj]
D:\leaveblackgithub\DDNCadAddins\src\DDNCadAddins\DDNCadAddins\Services\XClipBlockService.Core.cs(436,1): warning SA1028: Code should not contain trailing whitespace (https://github.com/DotNetAnalyzers/StyleCopAnalyzers/blob/master/documentation/SA1028.md) [D:\leaveblackgithub\DDNCadAddins\src\DDNCadAddins\DDNCadAddins\DDNCadAddins.csproj]
D:\leaveblackgithub\DDNCadAddins\src\DDNCadAddins\DDNCadAddins\Services\AcadService.cs(53,13): warning SA1101: Prefix local calls with this (https://github.com/DotNetAnalyzers/StyleCopAnalyzers/blob/master/documentation/SA1101.md) [D:\leaveblackgithub\DDNCadAddins\src\DDNCadAddins\DDNCadAddins\DDNCadAddins.csproj]
D:\leaveblackgithub\DDNCadAddins\src\DDNCadAddins\DDNCadAddins\Services\XClipBlockService.Core.cs(447,1): warning SA1028: Code should not contain trailing whitespace (https://github.com/DotNetAnalyzers/StyleCopAnalyzers/blob/master/documentation/SA1028.md) [D:\leaveblackgithub\DDNCadAddins\src\DDNCadAddins\DDNCadAddins\DDNCadAddins.csproj]
D:\leaveblackgithub\DDNCadAddins\src\DDNCadAddins\DDNCadAddins\Services\XClipBlockService.Core.cs(460,1): warning SA1028: Code should not contain trailing whitespace (https://github.com/DotNetAnalyzers/StyleCopAnalyzers/blob/master/documentation/SA1028.md) [D:\leaveblackgithub\DDNCadAddins\src\DDNCadAddins\DDNCadAddins\DDNCadAddins.csproj]
D:\leaveblackgithub\DDNCadAddins\src\DDNCadAddins\DDNCadAddins\Services\AcadService.cs(54,13): warning SA1101: Prefix local calls with this (https://github.com/DotNetAnalyzers/StyleCopAnalyzers/blob/master/documentation/SA1101.md) [D:\leaveblackgithub\DDNCadAddins\src\DDNCadAddins\DDNCadAddins\DDNCadAddins.csproj]
D:\leaveblackgithub\DDNCadAddins\src\DDNCadAddins\DDNCadAddins\Services\XClipBlockService.Core.cs(468,1): warning SA1028: Code should not contain trailing whitespace (https://github.com/DotNetAnalyzers/StyleCopAnalyzers/blob/master/documentation/SA1028.md) [D:\leaveblackgithub\DDNCadAddins\src\DDNCadAddins\DDNCadAddins\DDNCadAddins.csproj]
D:\leaveblackgithub\DDNCadAddins\src\DDNCadAddins\DDNCadAddins\Services\XClipBlockService.Core.cs(479,1): warning SA1028: Code should not contain trailing whitespace (https://github.com/DotNetAnalyzers/StyleCopAnalyzers/blob/master/documentation/SA1028.md) [D:\leaveblackgithub\DDNCadAddins\src\DDNCadAddins\DDNCadAddins\DDNCadAddins.csproj]
D:\leaveblackgithub\DDNCadAddins\src\DDNCadAddins\DDNCadAddins\Services\XClipBlockService.Core.cs(484,1): warning SA1028: Code should not contain trailing whitespace (https://github.com/DotNetAnalyzers/StyleCopAnalyzers/blob/master/documentation/SA1028.md) [D:\leaveblackgithub\DDNCadAddins\src\DDNCadAddins\DDNCadAddins\DDNCadAddins.csproj]
D:\leaveblackgithub\DDNCadAddins\src\DDNCadAddins\DDNCadAddins\Services\AcadService.cs(55,13): warning SA1101: Prefix local calls with this (https://github.com/DotNetAnalyzers/StyleCopAnalyzers/blob/master/documentation/SA1101.md) [D:\leaveblackgithub\DDNCadAddins\src\DDNCadAddins\DDNCadAddins\DDNCadAddins.csproj]
D:\leaveblackgithub\DDNCadAddins\src\DDNCadAddins\DDNCadAddins\Services\XClipBlockService.Core.cs(492,1): warning SA1028: Code should not contain trailing whitespace (https://github.com/DotNetAnalyzers/StyleCopAnalyzers/blob/master/documentation/SA1028.md) [D:\leaveblackgithub\DDNCadAddins\src\DDNCadAddins\DDNCadAddins\DDNCadAddins.csproj]
D:\leaveblackgithub\DDNCadAddins\src\DDNCadAddins\DDNCadAddins\Services\XClipBlockService.Core.cs(497,1): warning SA1028: Code should not contain trailing whitespace (https://github.com/DotNetAnalyzers/StyleCopAnalyzers/blob/master/documentation/SA1028.md) [D:\leaveblackgithub\DDNCadAddins\src\DDNCadAddins\DDNCadAddins\DDNCadAddins.csproj]
D:\leaveblackgithub\DDNCadAddins\src\DDNCadAddins\DDNCadAddins\Services\AcadService.cs(55,72): warning SA1101: Prefix local calls with this (https://github.com/DotNetAnalyzers/StyleCopAnalyzers/blob/master/documentation/SA1101.md) [D:\leaveblackgithub\DDNCadAddins\src\DDNCadAddins\DDNCadAddins\DDNCadAddins.csproj]
D:\leaveblackgithub\DDNCadAddins\src\DDNCadAddins\DDNCadAddins\Services\XClipBlockService.Core.cs(502,1): warning SA1028: Code should not contain trailing whitespace (https://github.com/DotNetAnalyzers/StyleCopAnalyzers/blob/master/documentation/SA1028.md) [D:\leaveblackgithub\DDNCadAddins\src\DDNCadAddins\DDNCadAddins\DDNCadAddins.csproj]
D:\leaveblackgithub\DDNCadAddins\src\DDNCadAddins\DDNCadAddins\Services\XClipBlockService.Core.cs(521,1): warning SA1028: Code should not contain trailing whitespace (https://github.com/DotNetAnalyzers/StyleCopAnalyzers/blob/master/documentation/SA1028.md) [D:\leaveblackgithub\DDNCadAddins\src\DDNCadAddins\DDNCadAddins\DDNCadAddins.csproj]
D:\leaveblackgithub\DDNCadAddins\src\DDNCadAddins\DDNCadAddins\Services\XClipBlockService.Core.cs(524,1): warning SA1028: Code should not contain trailing whitespace (https://github.com/DotNetAnalyzers/StyleCopAnalyzers/blob/master/documentation/SA1028.md) [D:\leaveblackgithub\DDNCadAddins\src\DDNCadAddins\DDNCadAddins\DDNCadAddins.csproj]
D:\leaveblackgithub\DDNCadAddins\src\DDNCadAddins\DDNCadAddins\Services\XClipBlockService.Core.cs(527,1): warning SA1028: Code should not contain trailing whitespace (https://github.com/DotNetAnalyzers/StyleCopAnalyzers/blob/master/documentation/SA1028.md) [D:\leaveblackgithub\DDNCadAddins\src\DDNCadAddins\DDNCadAddins\DDNCadAddins.csproj]
D:\leaveblackgithub\DDNCadAddins\src\DDNCadAddins\DDNCadAddins\Services\XClipBlockService.Core.cs(529,1): warning SA1028: Code should not contain trailing whitespace (https://github.com/DotNetAnalyzers/StyleCopAnalyzers/blob/master/documentation/SA1028.md) [D:\leaveblackgithub\DDNCadAddins\src\DDNCadAddins\DDNCadAddins\DDNCadAddins.csproj]
D:\leaveblackgithub\DDNCadAddins\src\DDNCadAddins\DDNCadAddins\Services\XClipBlockService.Core.cs(563,1): warning SA1028: Code should not contain trailing whitespace (https://github.com/DotNetAnalyzers/StyleCopAnalyzers/blob/master/documentation/SA1028.md) [D:\leaveblackgithub\DDNCadAddins\src\DDNCadAddins\DDNCadAddins\DDNCadAddins.csproj]
D:\leaveblackgithub\DDNCadAddins\src\DDNCadAddins\DDNCadAddins\Services\XClipBlockService.Core.cs(567,1): warning SA1028: Code should not contain trailing whitespace (https://github.com/DotNetAnalyzers/StyleCopAnalyzers/blob/master/documentation/SA1028.md) [D:\leaveblackgithub\DDNCadAddins\src\DDNCadAddins\DDNCadAddins\DDNCadAddins.csproj]
D:\leaveblackgithub\DDNCadAddins\src\DDNCadAddins\DDNCadAddins\Commands\XClipTest\XClipTestCreator.cs(28,13): warning SA1101: Prefix local calls with this (https://github.com/DotNetAnalyzers/StyleCopAnalyzers/blob/master/documentation/SA1101.md) [D:\leaveblackgithub\DDNCadAddins\src\DDNCadAddins\DDNCadAddins\DDNCadAddins.csproj]
D:\leaveblackgithub\DDNCadAddins\src\DDNCadAddins\DDNCadAddins\Services\XClipBlockService.Core.cs(574,1): warning SA1028: Code should not contain trailing whitespace (https://github.com/DotNetAnalyzers/StyleCopAnalyzers/blob/master/documentation/SA1028.md) [D:\leaveblackgithub\DDNCadAddins\src\DDNCadAddins\DDNCadAddins\DDNCadAddins.csproj]
D:\leaveblackgithub\DDNCadAddins\src\DDNCadAddins\DDNCadAddins\Services\XClipBlockService.Core.cs(586,82): warning SA1028: Code should not contain trailing whitespace (https://github.com/DotNetAnalyzers/StyleCopAnalyzers/blob/master/documentation/SA1028.md) [D:\leaveblackgithub\DDNCadAddins\src\DDNCadAddins\DDNCadAddins\DDNCadAddins.csproj]
D:\leaveblackgithub\DDNCadAddins\src\DDNCadAddins\DDNCadAddins\Services\BlockReferenceService.cs(96,17): warning SA1101: Prefix local calls with this (https://github.com/DotNetAnalyzers/StyleCopAnalyzers/blob/master/documentation/SA1101.md) [D:\leaveblackgithub\DDNCadAddins\src\DDNCadAddins\DDNCadAddins\DDNCadAddins.csproj]
D:\leaveblackgithub\DDNCadAddins\src\DDNCadAddins\DDNCadAddins\Commands\XClipTest\XClipTestCreator.cs(29,13): warning SA1101: Prefix local calls with this (https://github.com/DotNetAnalyzers/StyleCopAnalyzers/blob/master/documentation/SA1101.md) [D:\leaveblackgithub\DDNCadAddins\src\DDNCadAddins\DDNCadAddins\DDNCadAddins.csproj]
D:\leaveblackgithub\DDNCadAddins\src\DDNCadAddins\DDNCadAddins\Services\AcadService.cs(30,20): warning CA1062: 在外部可见方法“bool AcadExtensions.UserBreakWithMessagePump(HostApplicationServices hostapp)”中，先验证参数“hostapp”为非 null，然后再使用。如果适用，在参数为 null 时引发 ArgumentNullException，或添加断言非 null 参数的代码协定前提条件。 (https://docs.microsoft.com/dotnet/fundamentals/code-analysis/quality-rules/ca1062) [D:\leaveblackgithub\DDNCadAddins\src\DDNCadAddins\DDNCadAddins\DDNCadAddins.csproj]
D:\leaveblackgithub\DDNCadAddins\src\DDNCadAddins\DDNCadAddins\Models\OperationResult.cs(191,17): warning SA1413: Use trailing comma in multi-line initializers (https://github.com/DotNetAnalyzers/StyleCopAnalyzers/blob/master/documentation/SA1413.md) [D:\leaveblackgithub\DDNCadAddins\src\DDNCadAddins\DDNCadAddins\DDNCadAddins.csproj]
D:\leaveblackgithub\DDNCadAddins\src\DDNCadAddins\DDNCadAddins\Services\XClipBlockService.Core.cs(602,1): warning SA1028: Code should not contain trailing whitespace (https://github.com/DotNetAnalyzers/StyleCopAnalyzers/blob/master/documentation/SA1028.md) [D:\leaveblackgithub\DDNCadAddins\src\DDNCadAddins\DDNCadAddins\DDNCadAddins.csproj]
D:\leaveblackgithub\DDNCadAddins\src\DDNCadAddins\DDNCadAddins\Services\XClipBlockService.Core.cs(605,1): warning SA1028: Code should not contain trailing whitespace (https://github.com/DotNetAnalyzers/StyleCopAnalyzers/blob/master/documentation/SA1028.md) [D:\leaveblackgithub\DDNCadAddins\src\DDNCadAddins\DDNCadAddins\DDNCadAddins.csproj]
D:\leaveblackgithub\DDNCadAddins\src\DDNCadAddins\DDNCadAddins\Services\XClipBlockService.Core.cs(609,1): warning SA1028: Code should not contain trailing whitespace (https://github.com/DotNetAnalyzers/StyleCopAnalyzers/blob/master/documentation/SA1028.md) [D:\leaveblackgithub\DDNCadAddins\src\DDNCadAddins\DDNCadAddins\DDNCadAddins.csproj]
D:\leaveblackgithub\DDNCadAddins\src\DDNCadAddins\DDNCadAddins\Services\XClipBlockService.Core.cs(617,1): warning SA1028: Code should not contain trailing whitespace (https://github.com/DotNetAnalyzers/StyleCopAnalyzers/blob/master/documentation/SA1028.md) [D:\leaveblackgithub\DDNCadAddins\src\DDNCadAddins\DDNCadAddins\DDNCadAddins.csproj]
D:\leaveblackgithub\DDNCadAddins\src\DDNCadAddins\DDNCadAddins\Services\XClipBlockService.Core.cs(622,1): warning SA1028: Code should not contain trailing whitespace (https://github.com/DotNetAnalyzers/StyleCopAnalyzers/blob/master/documentation/SA1028.md) [D:\leaveblackgithub\DDNCadAddins\src\DDNCadAddins\DDNCadAddins\DDNCadAddins.csproj]
D:\leaveblackgithub\DDNCadAddins\src\DDNCadAddins\DDNCadAddins\Services\XClipBlockService.Core.cs(627,1): warning SA1028: Code should not contain trailing whitespace (https://github.com/DotNetAnalyzers/StyleCopAnalyzers/blob/master/documentation/SA1028.md) [D:\leaveblackgithub\DDNCadAddins\src\DDNCadAddins\DDNCadAddins\DDNCadAddins.csproj]
D:\leaveblackgithub\DDNCadAddins\src\DDNCadAddins\DDNCadAddins\Services\XClipBlockService.Core.cs(638,1): warning SA1028: Code should not contain trailing whitespace (https://github.com/DotNetAnalyzers/StyleCopAnalyzers/blob/master/documentation/SA1028.md) [D:\leaveblackgithub\DDNCadAddins\src\DDNCadAddins\DDNCadAddins\DDNCadAddins.csproj]
D:\leaveblackgithub\DDNCadAddins\src\DDNCadAddins\DDNCadAddins\Services\XClipBlockService.Core.cs(653,1): warning SA1028: Code should not contain trailing whitespace (https://github.com/DotNetAnalyzers/StyleCopAnalyzers/blob/master/documentation/SA1028.md) [D:\leaveblackgithub\DDNCadAddins\src\DDNCadAddins\DDNCadAddins\DDNCadAddins.csproj]
D:\leaveblackgithub\DDNCadAddins\src\DDNCadAddins\DDNCadAddins\Services\XClipBlockService.Core.cs(656,1): warning SA1028: Code should not contain trailing whitespace (https://github.com/DotNetAnalyzers/StyleCopAnalyzers/blob/master/documentation/SA1028.md) [D:\leaveblackgithub\DDNCadAddins\src\DDNCadAddins\DDNCadAddins\DDNCadAddins.csproj]
D:\leaveblackgithub\DDNCadAddins\src\DDNCadAddins\DDNCadAddins\Services\XClipBlockService.Core.cs(659,1): warning SA1028: Code should not contain trailing whitespace (https://github.com/DotNetAnalyzers/StyleCopAnalyzers/blob/master/documentation/SA1028.md) [D:\leaveblackgithub\DDNCadAddins\src\DDNCadAddins\DDNCadAddins\DDNCadAddins.csproj]
D:\leaveblackgithub\DDNCadAddins\src\DDNCadAddins\DDNCadAddins\Services\XClipBlockService.Core.cs(661,1): warning SA1028: Code should not contain trailing whitespace (https://github.com/DotNetAnalyzers/StyleCopAnalyzers/blob/master/documentation/SA1028.md) [D:\leaveblackgithub\DDNCadAddins\src\DDNCadAddins\DDNCadAddins\DDNCadAddins.csproj]
D:\leaveblackgithub\DDNCadAddins\src\DDNCadAddins\DDNCadAddins\Services\XClipBlockService.Core.cs(667,1): warning SA1028: Code should not contain trailing whitespace (https://github.com/DotNetAnalyzers/StyleCopAnalyzers/blob/master/documentation/SA1028.md) [D:\leaveblackgithub\DDNCadAddins\src\DDNCadAddins\DDNCadAddins\DDNCadAddins.csproj]
D:\leaveblackgithub\DDNCadAddins\src\DDNCadAddins\DDNCadAddins\Services\XClipBlockService.Core.cs(690,1): warning SA1028: Code should not contain trailing whitespace (https://github.com/DotNetAnalyzers/StyleCopAnalyzers/blob/master/documentation/SA1028.md) [D:\leaveblackgithub\DDNCadAddins\src\DDNCadAddins\DDNCadAddins\DDNCadAddins.csproj]
D:\leaveblackgithub\DDNCadAddins\src\DDNCadAddins\DDNCadAddins\Services\XClipBlockService.Core.cs(694,1): warning SA1028: Code should not contain trailing whitespace (https://github.com/DotNetAnalyzers/StyleCopAnalyzers/blob/master/documentation/SA1028.md) [D:\leaveblackgithub\DDNCadAddins\src\DDNCadAddins\DDNCadAddins\DDNCadAddins.csproj]
D:\leaveblackgithub\DDNCadAddins\src\DDNCadAddins\DDNCadAddins\Services\XClipBlockService.Core.cs(706,102): warning SA1028: Code should not contain trailing whitespace (https://github.com/DotNetAnalyzers/StyleCopAnalyzers/blob/master/documentation/SA1028.md) [D:\leaveblackgithub\DDNCadAddins\src\DDNCadAddins\DDNCadAddins\DDNCadAddins.csproj]
D:\leaveblackgithub\DDNCadAddins\src\DDNCadAddins\DDNCadAddins\Services\XClipBlockService.Core.cs(710,1): warning SA1028: Code should not contain trailing whitespace (https://github.com/DotNetAnalyzers/StyleCopAnalyzers/blob/master/documentation/SA1028.md) [D:\leaveblackgithub\DDNCadAddins\src\DDNCadAddins\DDNCadAddins\DDNCadAddins.csproj]
D:\leaveblackgithub\DDNCadAddins\src\DDNCadAddins\DDNCadAddins\Services\XClipBlockService.Core.cs(720,1): warning SA1028: Code should not contain trailing whitespace (https://github.com/DotNetAnalyzers/StyleCopAnalyzers/blob/master/documentation/SA1028.md) [D:\leaveblackgithub\DDNCadAddins\src\DDNCadAddins\DDNCadAddins\DDNCadAddins.csproj]
D:\leaveblackgithub\DDNCadAddins\src\DDNCadAddins\DDNCadAddins\Services\XClipBlockService.Core.cs(723,1): warning SA1028: Code should not contain trailing whitespace (https://github.com/DotNetAnalyzers/StyleCopAnalyzers/blob/master/documentation/SA1028.md) [D:\leaveblackgithub\DDNCadAddins\src\DDNCadAddins\DDNCadAddins\DDNCadAddins.csproj]
D:\leaveblackgithub\DDNCadAddins\src\DDNCadAddins\DDNCadAddins\Services\XClipBlockService.Core.cs(727,22): warning SA1028: Code should not contain trailing whitespace (https://github.com/DotNetAnalyzers/StyleCopAnalyzers/blob/master/documentation/SA1028.md) [D:\leaveblackgithub\DDNCadAddins\src\DDNCadAddins\DDNCadAddins\DDNCadAddins.csproj]
D:\leaveblackgithub\DDNCadAddins\src\DDNCadAddins\DDNCadAddins\Services\XClipBlockService.Core.cs(732,1): warning SA1028: Code should not contain trailing whitespace (https://github.com/DotNetAnalyzers/StyleCopAnalyzers/blob/master/documentation/SA1028.md) [D:\leaveblackgithub\DDNCadAddins\src\DDNCadAddins\DDNCadAddins\DDNCadAddins.csproj]
D:\leaveblackgithub\DDNCadAddins\src\DDNCadAddins\DDNCadAddins\Services\XClipBlockService.Core.cs(736,1): warning SA1028: Code should not contain trailing whitespace (https://github.com/DotNetAnalyzers/StyleCopAnalyzers/blob/master/documentation/SA1028.md) [D:\leaveblackgithub\DDNCadAddins\src\DDNCadAddins\DDNCadAddins\DDNCadAddins.csproj]
D:\leaveblackgithub\DDNCadAddins\src\DDNCadAddins\DDNCadAddins\Services\XClipBlockService.Core.cs(754,1): warning SA1028: Code should not contain trailing whitespace (https://github.com/DotNetAnalyzers/StyleCopAnalyzers/blob/master/documentation/SA1028.md) [D:\leaveblackgithub\DDNCadAddins\src\DDNCadAddins\DDNCadAddins\DDNCadAddins.csproj]
D:\leaveblackgithub\DDNCadAddins\src\DDNCadAddins\DDNCadAddins\Services\XClipBlockService.Core.cs(758,1): warning SA1028: Code should not contain trailing whitespace (https://github.com/DotNetAnalyzers/StyleCopAnalyzers/blob/master/documentation/SA1028.md) [D:\leaveblackgithub\DDNCadAddins\src\DDNCadAddins\DDNCadAddins\DDNCadAddins.csproj]
D:\leaveblackgithub\DDNCadAddins\src\DDNCadAddins\DDNCadAddins\Services\XClipBlockService.Core.cs(762,50): warning SA1028: Code should not contain trailing whitespace (https://github.com/DotNetAnalyzers/StyleCopAnalyzers/blob/master/documentation/SA1028.md) [D:\leaveblackgithub\DDNCadAddins\src\DDNCadAddins\DDNCadAddins\DDNCadAddins.csproj]
D:\leaveblackgithub\DDNCadAddins\src\DDNCadAddins\DDNCadAddins\Services\XClipBlockService.Core.cs(765,1): warning SA1028: Code should not contain trailing whitespace (https://github.com/DotNetAnalyzers/StyleCopAnalyzers/blob/master/documentation/SA1028.md) [D:\leaveblackgithub\DDNCadAddins\src\DDNCadAddins\DDNCadAddins\DDNCadAddins.csproj]
D:\leaveblackgithub\DDNCadAddins\src\DDNCadAddins\DDNCadAddins\Services\XClipBlockService.Core.cs(767,1): warning SA1028: Code should not contain trailing whitespace (https://github.com/DotNetAnalyzers/StyleCopAnalyzers/blob/master/documentation/SA1028.md) [D:\leaveblackgithub\DDNCadAddins\src\DDNCadAddins\DDNCadAddins\DDNCadAddins.csproj]
D:\leaveblackgithub\DDNCadAddins\src\DDNCadAddins\DDNCadAddins\Commands\XClipTest\XClipTestValidator.cs(133,27): warning CA1031: 请修改“CaptureBlockStates”以捕获更具体的允许异常类型，或者重新抛出该异常 (https://docs.microsoft.com/dotnet/fundamentals/code-analysis/quality-rules/ca1031) [D:\leaveblackgithub\DDNCadAddins\src\DDNCadAddins\DDNCadAddins\DDNCadAddins.csproj]
D:\leaveblackgithub\DDNCadAddins\src\DDNCadAddins\DDNCadAddins\Services\XClipBlockService.Core.cs(770,1): warning SA1028: Code should not contain trailing whitespace (https://github.com/DotNetAnalyzers/StyleCopAnalyzers/blob/master/documentation/SA1028.md) [D:\leaveblackgithub\DDNCadAddins\src\DDNCadAddins\DDNCadAddins\DDNCadAddins.csproj]
D:\leaveblackgithub\DDNCadAddins\src\DDNCadAddins\DDNCadAddins\Commands\XClipTest\XClipTestValidator.cs(139,21): warning CA1031: 请修改“CaptureBlockStates”以捕获更具体的允许异常类型，或者重新抛出该异常 (https://docs.microsoft.com/dotnet/fundamentals/code-analysis/quality-rules/ca1031) [D:\leaveblackgithub\DDNCadAddins\src\DDNCadAddins\DDNCadAddins\DDNCadAddins.csproj]
D:\leaveblackgithub\DDNCadAddins\src\DDNCadAddins\DDNCadAddins\Services\XClipBlockService.Core.cs(779,1): warning SA1028: Code should not contain trailing whitespace (https://github.com/DotNetAnalyzers/StyleCopAnalyzers/blob/master/documentation/SA1028.md) [D:\leaveblackgithub\DDNCadAddins\src\DDNCadAddins\DDNCadAddins\DDNCadAddins.csproj]
D:\leaveblackgithub\DDNCadAddins\src\DDNCadAddins\DDNCadAddins\Services\XClipBlockService.Core.cs(790,1): warning SA1028: Code should not contain trailing whitespace (https://github.com/DotNetAnalyzers/StyleCopAnalyzers/blob/master/documentation/SA1028.md) [D:\leaveblackgithub\DDNCadAddins\src\DDNCadAddins\DDNCadAddins\DDNCadAddins.csproj]
D:\leaveblackgithub\DDNCadAddins\src\DDNCadAddins\DDNCadAddins\Services\XClipBlockService.Core.cs(793,35): warning SA1028: Code should not contain trailing whitespace (https://github.com/DotNetAnalyzers/StyleCopAnalyzers/blob/master/documentation/SA1028.md) [D:\leaveblackgithub\DDNCadAddins\src\DDNCadAddins\DDNCadAddins\DDNCadAddins.csproj]
D:\leaveblackgithub\DDNCadAddins\src\DDNCadAddins\DDNCadAddins\Services\XClipBlockService.Core.cs(795,1): warning SA1028: Code should not contain trailing whitespace (https://github.com/DotNetAnalyzers/StyleCopAnalyzers/blob/master/documentation/SA1028.md) [D:\leaveblackgithub\DDNCadAddins\src\DDNCadAddins\DDNCadAddins\DDNCadAddins.csproj]
D:\leaveblackgithub\DDNCadAddins\src\DDNCadAddins\DDNCadAddins\Services\XClipBlockService.Core.cs(797,1): warning SA1028: Code should not contain trailing whitespace (https://github.com/DotNetAnalyzers/StyleCopAnalyzers/blob/master/documentation/SA1028.md) [D:\leaveblackgithub\DDNCadAddins\src\DDNCadAddins\DDNCadAddins\DDNCadAddins.csproj]
D:\leaveblackgithub\DDNCadAddins\src\DDNCadAddins\DDNCadAddins\Services\XClipBlockService.Core.cs(804,52): warning SA1028: Code should not contain trailing whitespace (https://github.com/DotNetAnalyzers/StyleCopAnalyzers/blob/master/documentation/SA1028.md) [D:\leaveblackgithub\DDNCadAddins\src\DDNCadAddins\DDNCadAddins\DDNCadAddins.csproj]
D:\leaveblackgithub\DDNCadAddins\src\DDNCadAddins\DDNCadAddins\Services\XClipBlockService.Core.cs(806,1): warning SA1028: Code should not contain trailing whitespace (https://github.com/DotNetAnalyzers/StyleCopAnalyzers/blob/master/documentation/SA1028.md) [D:\leaveblackgithub\DDNCadAddins\src\DDNCadAddins\DDNCadAddins\DDNCadAddins.csproj]
D:\leaveblackgithub\DDNCadAddins\src\DDNCadAddins\DDNCadAddins\Services\XClipBlockService.Core.cs(814,52): warning SA1028: Code should not contain trailing whitespace (https://github.com/DotNetAnalyzers/StyleCopAnalyzers/blob/master/documentation/SA1028.md) [D:\leaveblackgithub\DDNCadAddins\src\DDNCadAddins\DDNCadAddins\DDNCadAddins.csproj]
D:\leaveblackgithub\DDNCadAddins\src\DDNCadAddins\DDNCadAddins\Services\XClipBlockService.Core.cs(818,1): warning SA1028: Code should not contain trailing whitespace (https://github.com/DotNetAnalyzers/StyleCopAnalyzers/blob/master/documentation/SA1028.md) [D:\leaveblackgithub\DDNCadAddins\src\DDNCadAddins\DDNCadAddins\DDNCadAddins.csproj]
D:\leaveblackgithub\DDNCadAddins\src\DDNCadAddins\DDNCadAddins\Services\XClipBlockService.Core.cs(828,1): warning SA1028: Code should not contain trailing whitespace (https://github.com/DotNetAnalyzers/StyleCopAnalyzers/blob/master/documentation/SA1028.md) [D:\leaveblackgithub\DDNCadAddins\src\DDNCadAddins\DDNCadAddins\DDNCadAddins.csproj]
D:\leaveblackgithub\DDNCadAddins\src\DDNCadAddins\DDNCadAddins\Services\XClipBlockService.Core.cs(835,1): warning SA1028: Code should not contain trailing whitespace (https://github.com/DotNetAnalyzers/StyleCopAnalyzers/blob/master/documentation/SA1028.md) [D:\leaveblackgithub\DDNCadAddins\src\DDNCadAddins\DDNCadAddins\DDNCadAddins.csproj]
D:\leaveblackgithub\DDNCadAddins\src\DDNCadAddins\DDNCadAddins\Services\AcadService.cs(71,13): warning SA1101: Prefix local calls with this (https://github.com/DotNetAnalyzers/StyleCopAnalyzers/blob/master/documentation/SA1101.md) [D:\leaveblackgithub\DDNCadAddins\src\DDNCadAddins\DDNCadAddins\DDNCadAddins.csproj]
D:\leaveblackgithub\DDNCadAddins\src\DDNCadAddins\DDNCadAddins\Services\XClipBlockService.Core.cs(843,1): warning SA1028: Code should not contain trailing whitespace (https://github.com/DotNetAnalyzers/StyleCopAnalyzers/blob/master/documentation/SA1028.md) [D:\leaveblackgithub\DDNCadAddins\src\DDNCadAddins\DDNCadAddins\DDNCadAddins.csproj]
D:\leaveblackgithub\DDNCadAddins\src\DDNCadAddins\DDNCadAddins\Services\XClipBlockService.Core.cs(853,1): warning SA1028: Code should not contain trailing whitespace (https://github.com/DotNetAnalyzers/StyleCopAnalyzers/blob/master/documentation/SA1028.md) [D:\leaveblackgithub\DDNCadAddins\src\DDNCadAddins\DDNCadAddins\DDNCadAddins.csproj]
D:\leaveblackgithub\DDNCadAddins\src\DDNCadAddins\DDNCadAddins\Services\XClipBlockService.Core.cs(865,1): warning SA1028: Code should not contain trailing whitespace (https://github.com/DotNetAnalyzers/StyleCopAnalyzers/blob/master/documentation/SA1028.md) [D:\leaveblackgithub\DDNCadAddins\src\DDNCadAddins\DDNCadAddins\DDNCadAddins.csproj]
D:\leaveblackgithub\DDNCadAddins\src\DDNCadAddins\DDNCadAddins\Services\AcadService.cs(72,13): warning SA1101: Prefix local calls with this (https://github.com/DotNetAnalyzers/StyleCopAnalyzers/blob/master/documentation/SA1101.md) [D:\leaveblackgithub\DDNCadAddins\src\DDNCadAddins\DDNCadAddins\DDNCadAddins.csproj]
D:\leaveblackgithub\DDNCadAddins\src\DDNCadAddins\DDNCadAddins\Services\XClipBlockService.Core.cs(883,1): warning SA1028: Code should not contain trailing whitespace (https://github.com/DotNetAnalyzers/StyleCopAnalyzers/blob/master/documentation/SA1028.md) [D:\leaveblackgithub\DDNCadAddins\src\DDNCadAddins\DDNCadAddins\DDNCadAddins.csproj]
D:\leaveblackgithub\DDNCadAddins\src\DDNCadAddins\DDNCadAddins\Services\XClipBlockService.Core.cs(895,1): warning SA1028: Code should not contain trailing whitespace (https://github.com/DotNetAnalyzers/StyleCopAnalyzers/blob/master/documentation/SA1028.md) [D:\leaveblackgithub\DDNCadAddins\src\DDNCadAddins\DDNCadAddins\DDNCadAddins.csproj]
D:\leaveblackgithub\DDNCadAddins\src\DDNCadAddins\DDNCadAddins\Services\XClipBlockService.Core.cs(904,52): warning SA1028: Code should not contain trailing whitespace (https://github.com/DotNetAnalyzers/StyleCopAnalyzers/blob/master/documentation/SA1028.md) [D:\leaveblackgithub\DDNCadAddins\src\DDNCadAddins\DDNCadAddins\DDNCadAddins.csproj]
D:\leaveblackgithub\DDNCadAddins\src\DDNCadAddins\DDNCadAddins\Services\XClipBlockService.Core.cs(909,2): warning SA1028: Code should not contain trailing whitespace (https://github.com/DotNetAnalyzers/StyleCopAnalyzers/blob/master/documentation/SA1028.md) [D:\leaveblackgithub\DDNCadAddins\src\DDNCadAddins\DDNCadAddins\DDNCadAddins.csproj]
D:\leaveblackgithub\DDNCadAddins\src\DDNCadAddins\DDNCadAddins\Services\AcadService.cs(73,13): warning SA1101: Prefix local calls with this (https://github.com/DotNetAnalyzers/StyleCopAnalyzers/blob/master/documentation/SA1101.md) [D:\leaveblackgithub\DDNCadAddins\src\DDNCadAddins\DDNCadAddins\DDNCadAddins.csproj]
D:\leaveblackgithub\DDNCadAddins\src\DDNCadAddins\DDNCadAddins\Services\XClipBlockService.Operation.cs(1,1): warning SA1633: The file header is missing or not located at the top of the file. (https://github.com/DotNetAnalyzers/StyleCopAnalyzers/blob/master/documentation/SA1633.md) [D:\leaveblackgithub\DDNCadAddins\src\DDNCadAddins\DDNCadAddins\DDNCadAddins.csproj]
D:\leaveblackgithub\DDNCadAddins\src\DDNCadAddins\DDNCadAddins\Services\AcadService.cs(74,13): warning SA1101: Prefix local calls with this (https://github.com/DotNetAnalyzers/StyleCopAnalyzers/blob/master/documentation/SA1101.md) [D:\leaveblackgithub\DDNCadAddins\src\DDNCadAddins\DDNCadAddins\DDNCadAddins.csproj]
D:\leaveblackgithub\DDNCadAddins\src\DDNCadAddins\DDNCadAddins\Services\AcadService.cs(85,20): warning SA1101: Prefix local calls with this (https://github.com/DotNetAnalyzers/StyleCopAnalyzers/blob/master/documentation/SA1101.md) [D:\leaveblackgithub\DDNCadAddins\src\DDNCadAddins\DDNCadAddins\DDNCadAddins.csproj]
D:\leaveblackgithub\DDNCadAddins\src\DDNCadAddins\DDNCadAddins\Services\AcadService.cs(94,13): warning SA1101: Prefix local calls with this (https://github.com/DotNetAnalyzers/StyleCopAnalyzers/blob/master/documentation/SA1101.md) [D:\leaveblackgithub\DDNCadAddins\src\DDNCadAddins\DDNCadAddins\DDNCadAddins.csproj]
D:\leaveblackgithub\DDNCadAddins\src\DDNCadAddins\DDNCadAddins\Models\OpResult.cs(57,13): warning SA1101: Prefix local calls with this (https://github.com/DotNetAnalyzers/StyleCopAnalyzers/blob/master/documentation/SA1101.md) [D:\leaveblackgithub\DDNCadAddins\src\DDNCadAddins\DDNCadAddins\DDNCadAddins.csproj]
D:\leaveblackgithub\DDNCadAddins\src\DDNCadAddins\DDNCadAddins\Services\AcadService.cs(103,20): warning SA1101: Prefix local calls with this (https://github.com/DotNetAnalyzers/StyleCopAnalyzers/blob/master/documentation/SA1101.md) [D:\leaveblackgithub\DDNCadAddins\src\DDNCadAddins\DDNCadAddins\DDNCadAddins.csproj]
D:\leaveblackgithub\DDNCadAddins\src\DDNCadAddins\DDNCadAddins\Models\OpResult.cs(55,63): warning SA1128: Put constructor initializers on their own line (https://github.com/DotNetAnalyzers/StyleCopAnalyzers/blob/master/documentation/SA1128.md) [D:\leaveblackgithub\DDNCadAddins\src\DDNCadAddins\DDNCadAddins\DDNCadAddins.csproj]
D:\leaveblackgithub\DDNCadAddins\src\DDNCadAddins\DDNCadAddins\Services\AcadService.cs(112,13): warning SA1101: Prefix local calls with this (https://github.com/DotNetAnalyzers/StyleCopAnalyzers/blob/master/documentation/SA1101.md) [D:\leaveblackgithub\DDNCadAddins\src\DDNCadAddins\DDNCadAddins\DDNCadAddins.csproj]
D:\leaveblackgithub\DDNCadAddins\src\DDNCadAddins\DDNCadAddins\Services\AcadService.cs(77,9): warning SA1124: Do not use regions (https://github.com/DotNetAnalyzers/StyleCopAnalyzers/blob/master/documentation/SA1124.md) [D:\leaveblackgithub\DDNCadAddins\src\DDNCadAddins\DDNCadAddins\DDNCadAddins.csproj]
D:\leaveblackgithub\DDNCadAddins\src\DDNCadAddins\DDNCadAddins\Models\OpResult.cs(24,40): warning SA1101: Prefix local calls with this (https://github.com/DotNetAnalyzers/StyleCopAnalyzers/blob/master/documentation/SA1101.md) [D:\leaveblackgithub\DDNCadAddins\src\DDNCadAddins\DDNCadAddins\DDNCadAddins.csproj]
D:\leaveblackgithub\DDNCadAddins\src\DDNCadAddins\DDNCadAddins\Commands\XClipCommand.cs(81,21): warning SA1101: Prefix local calls with this (https://github.com/DotNetAnalyzers/StyleCopAnalyzers/blob/master/documentation/SA1101.md) [D:\leaveblackgithub\DDNCadAddins\src\DDNCadAddins\DDNCadAddins\DDNCadAddins.csproj]
D:\leaveblackgithub\DDNCadAddins\src\DDNCadAddins\DDNCadAddins\Models\OpResult.cs(24,50): warning SA1101: Prefix local calls with this (https://github.com/DotNetAnalyzers/StyleCopAnalyzers/blob/master/documentation/SA1101.md) [D:\leaveblackgithub\DDNCadAddins\src\DDNCadAddins\DDNCadAddins\DDNCadAddins.csproj]
D:\leaveblackgithub\DDNCadAddins\src\DDNCadAddins\DDNCadAddins\Commands\XClipCommand.cs(84,21): warning SA1101: Prefix local calls with this (https://github.com/DotNetAnalyzers/StyleCopAnalyzers/blob/master/documentation/SA1101.md) [D:\leaveblackgithub\DDNCadAddins\src\DDNCadAddins\DDNCadAddins\DDNCadAddins.csproj]
D:\leaveblackgithub\DDNCadAddins\src\DDNCadAddins\DDNCadAddins\Commands\XClipCommand.cs(87,21): warning SA1101: Prefix local calls with this (https://github.com/DotNetAnalyzers/StyleCopAnalyzers/blob/master/documentation/SA1101.md) [D:\leaveblackgithub\DDNCadAddins\src\DDNCadAddins\DDNCadAddins\DDNCadAddins.csproj]
D:\leaveblackgithub\DDNCadAddins\src\DDNCadAddins\DDNCadAddins\Commands\XClipCommand.cs(90,21): warning SA1101: Prefix local calls with this (https://github.com/DotNetAnalyzers/StyleCopAnalyzers/blob/master/documentation/SA1101.md) [D:\leaveblackgithub\DDNCadAddins\src\DDNCadAddins\DDNCadAddins\DDNCadAddins.csproj]
D:\leaveblackgithub\DDNCadAddins\src\DDNCadAddins\DDNCadAddins\Commands\XClipTestCommand.cs(121,21): warning SA1101: Prefix local calls with this (https://github.com/DotNetAnalyzers/StyleCopAnalyzers/blob/master/documentation/SA1101.md) [D:\leaveblackgithub\DDNCadAddins\src\DDNCadAddins\DDNCadAddins\DDNCadAddins.csproj]
D:\leaveblackgithub\DDNCadAddins\src\DDNCadAddins\DDNCadAddins\Commands\XClipCommand.cs(93,21): warning SA1101: Prefix local calls with this (https://github.com/DotNetAnalyzers/StyleCopAnalyzers/blob/master/documentation/SA1101.md) [D:\leaveblackgithub\DDNCadAddins\src\DDNCadAddins\DDNCadAddins\DDNCadAddins.csproj]
D:\leaveblackgithub\DDNCadAddins\src\DDNCadAddins\DDNCadAddins\Commands\XClipTestCommand.cs(124,21): warning SA1101: Prefix local calls with this (https://github.com/DotNetAnalyzers/StyleCopAnalyzers/blob/master/documentation/SA1101.md) [D:\leaveblackgithub\DDNCadAddins\src\DDNCadAddins\DDNCadAddins\DDNCadAddins.csproj]
D:\leaveblackgithub\DDNCadAddins\src\DDNCadAddins\DDNCadAddins\Commands\XClipTest\XClipTestCreator.cs(48,17): warning SA1413: Use trailing comma in multi-line initializers (https://github.com/DotNetAnalyzers/StyleCopAnalyzers/blob/master/documentation/SA1413.md) [D:\leaveblackgithub\DDNCadAddins\src\DDNCadAddins\DDNCadAddins\DDNCadAddins.csproj]
D:\leaveblackgithub\DDNCadAddins\src\DDNCadAddins\DDNCadAddins\Commands\XClipCommand.cs(96,21): warning SA1101: Prefix local calls with this (https://github.com/DotNetAnalyzers/StyleCopAnalyzers/blob/master/documentation/SA1101.md) [D:\leaveblackgithub\DDNCadAddins\src\DDNCadAddins\DDNCadAddins\DDNCadAddins.csproj]
D:\leaveblackgithub\DDNCadAddins\src\DDNCadAddins\DDNCadAddins\Commands\XClipTestCommand.cs(127,21): warning SA1101: Prefix local calls with this (https://github.com/DotNetAnalyzers/StyleCopAnalyzers/blob/master/documentation/SA1101.md) [D:\leaveblackgithub\DDNCadAddins\src\DDNCadAddins\DDNCadAddins\DDNCadAddins.csproj]
D:\leaveblackgithub\DDNCadAddins\src\DDNCadAddins\DDNCadAddins\Commands\XClipCommand.cs(96,55): warning SA1101: Prefix local calls with this (https://github.com/DotNetAnalyzers/StyleCopAnalyzers/blob/master/documentation/SA1101.md) [D:\leaveblackgithub\DDNCadAddins\src\DDNCadAddins\DDNCadAddins\DDNCadAddins.csproj]
D:\leaveblackgithub\DDNCadAddins\src\DDNCadAddins\DDNCadAddins\Commands\XClipTestCommand.cs(130,21): warning SA1101: Prefix local calls with this (https://github.com/DotNetAnalyzers/StyleCopAnalyzers/blob/master/documentation/SA1101.md) [D:\leaveblackgithub\DDNCadAddins\src\DDNCadAddins\DDNCadAddins\DDNCadAddins.csproj]
D:\leaveblackgithub\DDNCadAddins\src\DDNCadAddins\DDNCadAddins\Commands\XClipTestCommand.cs(133,21): warning SA1101: Prefix local calls with this (https://github.com/DotNetAnalyzers/StyleCopAnalyzers/blob/master/documentation/SA1101.md) [D:\leaveblackgithub\DDNCadAddins\src\DDNCadAddins\DDNCadAddins\DDNCadAddins.csproj]
D:\leaveblackgithub\DDNCadAddins\src\DDNCadAddins\DDNCadAddins\Commands\XClipTestCommand.cs(136,21): warning SA1101: Prefix local calls with this (https://github.com/DotNetAnalyzers/StyleCopAnalyzers/blob/master/documentation/SA1101.md) [D:\leaveblackgithub\DDNCadAddins\src\DDNCadAddins\DDNCadAddins\DDNCadAddins.csproj]
D:\leaveblackgithub\DDNCadAddins\src\DDNCadAddins\DDNCadAddins\Commands\XClipTestCommand.cs(139,21): warning SA1101: Prefix local calls with this (https://github.com/DotNetAnalyzers/StyleCopAnalyzers/blob/master/documentation/SA1101.md) [D:\leaveblackgithub\DDNCadAddins\src\DDNCadAddins\DDNCadAddins\DDNCadAddins.csproj]
D:\leaveblackgithub\DDNCadAddins\src\DDNCadAddins\DDNCadAddins\Commands\XClipTestCommand.cs(142,21): warning SA1101: Prefix local calls with this (https://github.com/DotNetAnalyzers/StyleCopAnalyzers/blob/master/documentation/SA1101.md) [D:\leaveblackgithub\DDNCadAddins\src\DDNCadAddins\DDNCadAddins\DDNCadAddins.csproj]
D:\leaveblackgithub\DDNCadAddins\src\DDNCadAddins\DDNCadAddins\Commands\XClipTestCommand.cs(145,21): warning SA1101: Prefix local calls with this (https://github.com/DotNetAnalyzers/StyleCopAnalyzers/blob/master/documentation/SA1101.md) [D:\leaveblackgithub\DDNCadAddins\src\DDNCadAddins\DDNCadAddins\DDNCadAddins.csproj]
D:\leaveblackgithub\DDNCadAddins\src\DDNCadAddins\DDNCadAddins\Commands\XClipTestCommand.cs(148,21): warning SA1101: Prefix local calls with this (https://github.com/DotNetAnalyzers/StyleCopAnalyzers/blob/master/documentation/SA1101.md) [D:\leaveblackgithub\DDNCadAddins\src\DDNCadAddins\DDNCadAddins\DDNCadAddins.csproj]
D:\leaveblackgithub\DDNCadAddins\src\DDNCadAddins\DDNCadAddins\Commands\XClipTestCommand.cs(148,47): warning SA1101: Prefix local calls with this (https://github.com/DotNetAnalyzers/StyleCopAnalyzers/blob/master/documentation/SA1101.md) [D:\leaveblackgithub\DDNCadAddins\src\DDNCadAddins\DDNCadAddins\DDNCadAddins.csproj]
D:\leaveblackgithub\DDNCadAddins\src\DDNCadAddins\DDNCadAddins\Services\BlockReferenceService.cs(94,13): warning CA1031: 请修改“GetBlockInfo”以捕获更具体的允许异常类型，或者重新抛出该异常 (https://docs.microsoft.com/dotnet/fundamentals/code-analysis/quality-rules/ca1031) [D:\leaveblackgithub\DDNCadAddins\src\DDNCadAddins\DDNCadAddins\DDNCadAddins.csproj]
D:\leaveblackgithub\DDNCadAddins\src\DDNCadAddins\DDNCadAddins\Models\OpResult.cs(33,13): warning SA1101: Prefix local calls with this (https://github.com/DotNetAnalyzers/StyleCopAnalyzers/blob/master/documentation/SA1101.md) [D:\leaveblackgithub\DDNCadAddins\src\DDNCadAddins\DDNCadAddins\DDNCadAddins.csproj]
D:\leaveblackgithub\DDNCadAddins\src\DDNCadAddins\DDNCadAddins\Models\OpResult.cs(34,13): warning SA1101: Prefix local calls with this (https://github.com/DotNetAnalyzers/StyleCopAnalyzers/blob/master/documentation/SA1101.md) [D:\leaveblackgithub\DDNCadAddins\src\DDNCadAddins\DDNCadAddins\DDNCadAddins.csproj]
D:\leaveblackgithub\DDNCadAddins\src\DDNCadAddins\DDNCadAddins\Commands\XClipTest\XClipTestCreator.cs(57,17): warning SA1101: Prefix local calls with this (https://github.com/DotNetAnalyzers/StyleCopAnalyzers/blob/master/documentation/SA1101.md) [D:\leaveblackgithub\DDNCadAddins\src\DDNCadAddins\DDNCadAddins\DDNCadAddins.csproj]
D:\leaveblackgithub\DDNCadAddins\src\DDNCadAddins\DDNCadAddins\Commands\XClipTest\XClipTestCreator.cs(58,17): warning SA1101: Prefix local calls with this (https://github.com/DotNetAnalyzers/StyleCopAnalyzers/blob/master/documentation/SA1101.md) [D:\leaveblackgithub\DDNCadAddins\src\DDNCadAddins\DDNCadAddins\DDNCadAddins.csproj]
D:\leaveblackgithub\DDNCadAddins\src\DDNCadAddins\DDNCadAddins\Commands\XClipTest\XClipTestCreator.cs(59,17): warning SA1101: Prefix local calls with this (https://github.com/DotNetAnalyzers/StyleCopAnalyzers/blob/master/documentation/SA1101.md) [D:\leaveblackgithub\DDNCadAddins\src\DDNCadAddins\DDNCadAddins\DDNCadAddins.csproj]
D:\leaveblackgithub\DDNCadAddins\src\DDNCadAddins\DDNCadAddins\Commands\XClipTest\XClipTestCreator.cs(60,17): warning SA1101: Prefix local calls with this (https://github.com/DotNetAnalyzers/StyleCopAnalyzers/blob/master/documentation/SA1101.md) [D:\leaveblackgithub\DDNCadAddins\src\DDNCadAddins\DDNCadAddins\DDNCadAddins.csproj]
D:\leaveblackgithub\DDNCadAddins\src\DDNCadAddins\DDNCadAddins\Commands\XClipTest\XClipTestCreator.cs(61,17): warning SA1101: Prefix local calls with this (https://github.com/DotNetAnalyzers/StyleCopAnalyzers/blob/master/documentation/SA1101.md) [D:\leaveblackgithub\DDNCadAddins\src\DDNCadAddins\DDNCadAddins\DDNCadAddins.csproj]
D:\leaveblackgithub\DDNCadAddins\src\DDNCadAddins\DDNCadAddins\Commands\XClipTest\XClipTestCreator.cs(62,17): warning SA1101: Prefix local calls with this (https://github.com/DotNetAnalyzers/StyleCopAnalyzers/blob/master/documentation/SA1101.md) [D:\leaveblackgithub\DDNCadAddins\src\DDNCadAddins\DDNCadAddins\DDNCadAddins.csproj]
D:\leaveblackgithub\DDNCadAddins\src\DDNCadAddins\DDNCadAddins\Services\TransactionService.cs(36,17): warning SA1503: Braces should not be omitted (https://github.com/DotNetAnalyzers/StyleCopAnalyzers/blob/master/documentation/SA1503.md) [D:\leaveblackgithub\DDNCadAddins\src\DDNCadAddins\DDNCadAddins\DDNCadAddins.csproj]
D:\leaveblackgithub\DDNCadAddins\src\DDNCadAddins\DDNCadAddins\Services\AcadService.cs(129,20): warning SA1101: Prefix local calls with this (https://github.com/DotNetAnalyzers/StyleCopAnalyzers/blob/master/documentation/SA1101.md) [D:\leaveblackgithub\DDNCadAddins\src\DDNCadAddins\DDNCadAddins\DDNCadAddins.csproj]
D:\leaveblackgithub\DDNCadAddins\src\DDNCadAddins\DDNCadAddins\Services\AcadUserInterfaceService.cs(143,13): warning SA1101: Prefix local calls with this (https://github.com/DotNetAnalyzers/StyleCopAnalyzers/blob/master/documentation/SA1101.md) [D:\leaveblackgithub\DDNCadAddins\src\DDNCadAddins\DDNCadAddins\DDNCadAddins.csproj]
D:\leaveblackgithub\DDNCadAddins\src\DDNCadAddins\DDNCadAddins\Services\BlockDataService.cs(55,41): warning CA1305: “double.ToString(string)”的行为可能因当前用户的区域设置而异。请将“BlockDataService.ExtractBlockData(IEnumerable<ObjectId>, Transaction)”中的此调用替换为对“double.ToString(string, IFormatProvider)”的调用。 (https://docs.microsoft.com/dotnet/fundamentals/code-analysis/quality-rules/ca1305) [D:\leaveblackgithub\DDNCadAddins\src\DDNCadAddins\DDNCadAddins\DDNCadAddins.csproj]
D:\leaveblackgithub\DDNCadAddins\src\DDNCadAddins\DDNCadAddins\Services\AcadService.cs(117,9): warning SA1124: Do not use regions (https://github.com/DotNetAnalyzers/StyleCopAnalyzers/blob/master/documentation/SA1124.md) [D:\leaveblackgithub\DDNCadAddins\src\DDNCadAddins\DDNCadAddins\DDNCadAddins.csproj]
D:\leaveblackgithub\DDNCadAddins\src\DDNCadAddins\DDNCadAddins\Services\BlockDataService.cs(56,41): warning CA1305: “double.ToString(string)”的行为可能因当前用户的区域设置而异。请将“BlockDataService.ExtractBlockData(IEnumerable<ObjectId>, Transaction)”中的此调用替换为对“double.ToString(string, IFormatProvider)”的调用。 (https://docs.microsoft.com/dotnet/fundamentals/code-analysis/quality-rules/ca1305) [D:\leaveblackgithub\DDNCadAddins\src\DDNCadAddins\DDNCadAddins\DDNCadAddins.csproj]
D:\leaveblackgithub\DDNCadAddins\src\DDNCadAddins\DDNCadAddins\Services\BlockDataService.cs(57,41): warning CA1305: “double.ToString(string)”的行为可能因当前用户的区域设置而异。请将“BlockDataService.ExtractBlockData(IEnumerable<ObjectId>, Transaction)”中的此调用替换为对“double.ToString(string, IFormatProvider)”的调用。 (https://docs.microsoft.com/dotnet/fundamentals/code-analysis/quality-rules/ca1305) [D:\leaveblackgithub\DDNCadAddins\src\DDNCadAddins\DDNCadAddins\DDNCadAddins.csproj]
D:\leaveblackgithub\DDNCadAddins\src\DDNCadAddins\DDNCadAddins\Services\AcadService.cs(141,20): warning SA1101: Prefix local calls with this (https://github.com/DotNetAnalyzers/StyleCopAnalyzers/blob/master/documentation/SA1101.md) [D:\leaveblackgithub\DDNCadAddins\src\DDNCadAddins\DDNCadAddins\DDNCadAddins.csproj]
D:\leaveblackgithub\DDNCadAddins\src\DDNCadAddins\DDNCadAddins\Services\BlockDataService.cs(82,13): warning CA1031: 请修改“ExtractBlockData”以捕获更具体的允许异常类型，或者重新抛出该异常 (https://docs.microsoft.com/dotnet/fundamentals/code-analysis/quality-rules/ca1031) [D:\leaveblackgithub\DDNCadAddins\src\DDNCadAddins\DDNCadAddins\DDNCadAddins.csproj]
D:\leaveblackgithub\DDNCadAddins\src\DDNCadAddins\DDNCadAddins\Services\TransactionService.cs(83,17): warning SA1503: Braces should not be omitted (https://github.com/DotNetAnalyzers/StyleCopAnalyzers/blob/master/documentation/SA1503.md) [D:\leaveblackgithub\DDNCadAddins\src\DDNCadAddins\DDNCadAddins\DDNCadAddins.csproj]
D:\leaveblackgithub\DDNCadAddins\src\DDNCadAddins\DDNCadAddins\Services\AcadService.cs(167,20): warning SA1101: Prefix local calls with this (https://github.com/DotNetAnalyzers/StyleCopAnalyzers/blob/master/documentation/SA1101.md) [D:\leaveblackgithub\DDNCadAddins\src\DDNCadAddins\DDNCadAddins\DDNCadAddins.csproj]
D:\leaveblackgithub\DDNCadAddins\src\DDNCadAddins\DDNCadAddins\Services\TransactionService.cs(68,17): warning SA1101: Prefix local calls with this (https://github.com/DotNetAnalyzers/StyleCopAnalyzers/blob/master/documentation/SA1101.md) [D:\leaveblackgithub\DDNCadAddins\src\DDNCadAddins\DDNCadAddins\DDNCadAddins.csproj]
D:\leaveblackgithub\DDNCadAddins\src\DDNCadAddins\DDNCadAddins\Services\AcadService.cs(157,20): warning SA1101: Prefix local calls with this (https://github.com/DotNetAnalyzers/StyleCopAnalyzers/blob/master/documentation/SA1101.md) [D:\leaveblackgithub\DDNCadAddins\src\DDNCadAddins\DDNCadAddins\DDNCadAddins.csproj]
D:\leaveblackgithub\DDNCadAddins\src\DDNCadAddins\DDNCadAddins\Services\AcadUserInterfaceService.cs(116,51): warning CA1305: “DateTime.ToString(string)”的行为可能因当前用户的区域设置而异。请将“AcadUserInterfaceService.GetCsvSavePath()”中的此调用替换为对“DateTime.ToString(string, IFormatProvider)”的调用。 (https://docs.microsoft.com/dotnet/fundamentals/code-analysis/quality-rules/ca1305) [D:\leaveblackgithub\DDNCadAddins\src\DDNCadAddins\DDNCadAddins\DDNCadAddins.csproj]
D:\leaveblackgithub\DDNCadAddins\src\DDNCadAddins\DDNCadAddins\Services\AcadService.cs(146,9): warning SA1124: Do not use regions (https://github.com/DotNetAnalyzers/StyleCopAnalyzers/blob/master/documentation/SA1124.md) [D:\leaveblackgithub\DDNCadAddins\src\DDNCadAddins\DDNCadAddins\DDNCadAddins.csproj]
D:\leaveblackgithub\DDNCadAddins\src\DDNCadAddins\DDNCadAddins\Services\TransactionService.cs(115,17): warning SA1101: Prefix local calls with this (https://github.com/DotNetAnalyzers/StyleCopAnalyzers/blob/master/documentation/SA1101.md) [D:\leaveblackgithub\DDNCadAddins\src\DDNCadAddins\DDNCadAddins\DDNCadAddins.csproj]
D:\leaveblackgithub\DDNCadAddins\src\DDNCadAddins\DDNCadAddins\Services\AcadService.cs(178,20): warning SA1101: Prefix local calls with this (https://github.com/DotNetAnalyzers/StyleCopAnalyzers/blob/master/documentation/SA1101.md) [D:\leaveblackgithub\DDNCadAddins\src\DDNCadAddins\DDNCadAddins\DDNCadAddins.csproj]
D:\leaveblackgithub\DDNCadAddins\src\DDNCadAddins\DDNCadAddins\Services\AcadService.cs(190,20): warning SA1101: Prefix local calls with this (https://github.com/DotNetAnalyzers/StyleCopAnalyzers/blob/master/documentation/SA1101.md) [D:\leaveblackgithub\DDNCadAddins\src\DDNCadAddins\DDNCadAddins\DDNCadAddins.csproj]
D:\leaveblackgithub\DDNCadAddins\src\DDNCadAddins\DDNCadAddins\Commands\XClipTest\XClipTestCreator.cs(75,18): warning CA1062: 在外部可见方法“void XClipTestCreator.CreateLayerIfNotExists(Transaction tr, LayerTable lt, string layerName, int colorIndex)”中，先验证参数“lt”为非 null，然后再使用。如果适用，在参数为 null 时引发 ArgumentNullException，或添加断言非 null 参数的代码协定前提条件。 (https://docs.microsoft.com/dotnet/fundamentals/code-analysis/quality-rules/ca1062) [D:\leaveblackgithub\DDNCadAddins\src\DDNCadAddins\DDNCadAddins\DDNCadAddins.csproj]
D:\leaveblackgithub\DDNCadAddins\src\DDNCadAddins\DDNCadAddins\Commands\XClipTest\XClipTestCreator.cs(83,17): warning CA1062: 在外部可见方法“void XClipTestCreator.CreateLayerIfNotExists(Transaction tr, LayerTable lt, string layerName, int colorIndex)”中，先验证参数“tr”为非 null，然后再使用。如果适用，在参数为 null 时引发 ArgumentNullException，或添加断言非 null 参数的代码协定前提条件。 (https://docs.microsoft.com/dotnet/fundamentals/code-analysis/quality-rules/ca1062) [D:\leaveblackgithub\DDNCadAddins\src\DDNCadAddins\DDNCadAddins\DDNCadAddins.csproj]
D:\leaveblackgithub\DDNCadAddins\src\DDNCadAddins\DDNCadAddins\Commands\XClipTest\XClipTestCreator.cs(97,27): warning SA1101: Prefix local calls with this (https://github.com/DotNetAnalyzers/StyleCopAnalyzers/blob/master/documentation/SA1101.md) [D:\leaveblackgithub\DDNCadAddins\src\DDNCadAddins\DDNCadAddins\DDNCadAddins.csproj]
D:\leaveblackgithub\DDNCadAddins\src\DDNCadAddins\DDNCadAddins\Services\AcadService.cs(200,20): warning SA1101: Prefix local calls with this (https://github.com/DotNetAnalyzers/StyleCopAnalyzers/blob/master/documentation/SA1101.md) [D:\leaveblackgithub\DDNCadAddins\src\DDNCadAddins\DDNCadAddins\DDNCadAddins.csproj]
D:\leaveblackgithub\DDNCadAddins\src\DDNCadAddins\DDNCadAddins\Commands\XClipTest\XClipTestValidator.cs(230,25): warning SA1503: Braces should not be omitted (https://github.com/DotNetAnalyzers/StyleCopAnalyzers/blob/master/documentation/SA1503.md) [D:\leaveblackgithub\DDNCadAddins\src\DDNCadAddins\DDNCadAddins\DDNCadAddins.csproj]
D:\leaveblackgithub\DDNCadAddins\src\DDNCadAddins\DDNCadAddins\DDNCadAppLoader.cs(114,25): warning SA1413: Use trailing comma in multi-line initializers (https://github.com/DotNetAnalyzers/StyleCopAnalyzers/blob/master/documentation/SA1413.md) [D:\leaveblackgithub\DDNCadAddins\src\DDNCadAddins\DDNCadAddins\DDNCadAddins.csproj]
D:\leaveblackgithub\DDNCadAddins\src\DDNCadAddins\DDNCadAddins\Services\AcadUserInterfaceService.cs(154,17): warning SA1503: Braces should not be omitted (https://github.com/DotNetAnalyzers/StyleCopAnalyzers/blob/master/documentation/SA1503.md) [D:\leaveblackgithub\DDNCadAddins\src\DDNCadAddins\DDNCadAddins\DDNCadAddins.csproj]
D:\leaveblackgithub\DDNCadAddins\src\DDNCadAddins\DDNCadAddins\Services\TransactionService.cs(59,13): warning CA1031: 请修改“ExecuteInTransaction”以捕获更具体的允许异常类型，或者重新抛出该异常 (https://docs.microsoft.com/dotnet/fundamentals/code-analysis/quality-rules/ca1031) [D:\leaveblackgithub\DDNCadAddins\src\DDNCadAddins\DDNCadAddins\DDNCadAddins.csproj]
D:\leaveblackgithub\DDNCadAddins\src\DDNCadAddins\DDNCadAddins\Services\TransactionService.cs(106,13): warning CA1031: 请修改“ExecuteInTransaction”以捕获更具体的允许异常类型，或者重新抛出该异常 (https://docs.microsoft.com/dotnet/fundamentals/code-analysis/quality-rules/ca1031) [D:\leaveblackgithub\DDNCadAddins\src\DDNCadAddins\DDNCadAddins\DDNCadAddins.csproj]
D:\leaveblackgithub\DDNCadAddins\src\DDNCadAddins\DDNCadAddins\DDNCadAppLoader.cs(109,42): warning SA1101: Prefix local calls with this (https://github.com/DotNetAnalyzers/StyleCopAnalyzers/blob/master/documentation/SA1101.md) [D:\leaveblackgithub\DDNCadAddins\src\DDNCadAddins\DDNCadAddins\DDNCadAddins.csproj]
D:\leaveblackgithub\DDNCadAddins\src\DDNCadAddins\DDNCadAddins\Commands\TestRunner.cs(244,21): warning SA1101: Prefix local calls with this (https://github.com/DotNetAnalyzers/StyleCopAnalyzers/blob/master/documentation/SA1101.md) [D:\leaveblackgithub\DDNCadAddins\src\DDNCadAddins\DDNCadAddins\DDNCadAddins.csproj]
D:\leaveblackgithub\DDNCadAddins\src\DDNCadAddins\DDNCadAddins\Services\AcadUserInterfaceService.cs(152,25): warning SA1101: Prefix local calls with this (https://github.com/DotNetAnalyzers/StyleCopAnalyzers/blob/master/documentation/SA1101.md) [D:\leaveblackgithub\DDNCadAddins\src\DDNCadAddins\DDNCadAddins\DDNCadAddins.csproj]
D:\leaveblackgithub\DDNCadAddins\src\DDNCadAddins\DDNCadAddins\Commands\XClipTest\XClipTestCreator.cs(77,40): warning CA2000: 在对 System.IDisposable.Dispose 的所有引用超出范围之前，在“new LayerTableRecord()”创建的对象上对其进行调用 (https://docs.microsoft.com/dotnet/fundamentals/code-analysis/quality-rules/ca2000) [D:\leaveblackgithub\DDNCadAddins\src\DDNCadAddins\DDNCadAddins\DDNCadAddins.csproj]
D:\leaveblackgithub\DDNCadAddins\src\DDNCadAddins\DDNCadAddins\Services\AcadService.cs(212,20): warning SA1101: Prefix local calls with this (https://github.com/DotNetAnalyzers/StyleCopAnalyzers/blob/master/documentation/SA1101.md) [D:\leaveblackgithub\DDNCadAddins\src\DDNCadAddins\DDNCadAddins\DDNCadAddins.csproj]
D:\leaveblackgithub\DDNCadAddins\src\DDNCadAddins\DDNCadAddins\Commands\XClipTest\XClipTestCreator.cs(73,21): warning CA1822: 成员“CreateLayerIfNotExists”不访问实例数据，可标记为 static (https://docs.microsoft.com/dotnet/fundamentals/code-analysis/quality-rules/ca1822) [D:\leaveblackgithub\DDNCadAddins\src\DDNCadAddins\DDNCadAddins\DDNCadAddins.csproj]
D:\leaveblackgithub\DDNCadAddins\src\DDNCadAddins\DDNCadAddins\Services\AcadService.cs(224,20): warning SA1101: Prefix local calls with this (https://github.com/DotNetAnalyzers/StyleCopAnalyzers/blob/master/documentation/SA1101.md) [D:\leaveblackgithub\DDNCadAddins\src\DDNCadAddins\DDNCadAddins\DDNCadAddins.csproj]
D:\leaveblackgithub\DDNCadAddins\src\DDNCadAddins\DDNCadAddins\Commands\XClipTest\XClipTestValidator.cs(169,30): warning SA1101: Prefix local calls with this (https://github.com/DotNetAnalyzers/StyleCopAnalyzers/blob/master/documentation/SA1101.md) [D:\leaveblackgithub\DDNCadAddins\src\DDNCadAddins\DDNCadAddins\DDNCadAddins.csproj]
D:\leaveblackgithub\DDNCadAddins\src\DDNCadAddins\DDNCadAddins\Commands\XClipTest\XClipTestValidator.cs(215,44): warning SA1101: Prefix local calls with this (https://github.com/DotNetAnalyzers/StyleCopAnalyzers/blob/master/documentation/SA1101.md) [D:\leaveblackgithub\DDNCadAddins\src\DDNCadAddins\DDNCadAddins\DDNCadAddins.csproj]
D:\leaveblackgithub\DDNCadAddins\src\DDNCadAddins\DDNCadAddins\Commands\XClipTest\XClipTestValidator.cs(218,41): warning SA1101: Prefix local calls with this (https://github.com/DotNetAnalyzers/StyleCopAnalyzers/blob/master/documentation/SA1101.md) [D:\leaveblackgithub\DDNCadAddins\src\DDNCadAddins\DDNCadAddins\DDNCadAddins.csproj]
D:\leaveblackgithub\DDNCadAddins\src\DDNCadAddins\DDNCadAddins\Commands\XClipTest\XClipTestValidator.cs(221,44): warning SA1101: Prefix local calls with this (https://github.com/DotNetAnalyzers/StyleCopAnalyzers/blob/master/documentation/SA1101.md) [D:\leaveblackgithub\DDNCadAddins\src\DDNCadAddins\DDNCadAddins\DDNCadAddins.csproj]
D:\leaveblackgithub\DDNCadAddins\src\DDNCadAddins\DDNCadAddins\Commands\XClipTest\XClipTestValidator.cs(224,39): warning SA1101: Prefix local calls with this (https://github.com/DotNetAnalyzers/StyleCopAnalyzers/blob/master/documentation/SA1101.md) [D:\leaveblackgithub\DDNCadAddins\src\DDNCadAddins\DDNCadAddins\DDNCadAddins.csproj]
D:\leaveblackgithub\DDNCadAddins\src\DDNCadAddins\DDNCadAddins\DDNCadAppLoader.cs(118,13): warning CA1031: 请修改“GetAllCommands”以捕获更具体的允许异常类型，或者重新抛出该异常 (https://docs.microsoft.com/dotnet/fundamentals/code-analysis/quality-rules/ca1031) [D:\leaveblackgithub\DDNCadAddins\src\DDNCadAddins\DDNCadAddins\DDNCadAddins.csproj]
D:\leaveblackgithub\DDNCadAddins\src\DDNCadAddins\DDNCadAddins\Services\XClipBlockService.Operation.cs(24,1): warning SA1028: Code should not contain trailing whitespace (https://github.com/DotNetAnalyzers/StyleCopAnalyzers/blob/master/documentation/SA1028.md) [D:\leaveblackgithub\DDNCadAddins\src\DDNCadAddins\DDNCadAddins\DDNCadAddins.csproj]
D:\leaveblackgithub\DDNCadAddins\src\DDNCadAddins\DDNCadAddins\Services\XClipBlockService.Operation.cs(30,1): warning SA1028: Code should not contain trailing whitespace (https://github.com/DotNetAnalyzers/StyleCopAnalyzers/blob/master/documentation/SA1028.md) [D:\leaveblackgithub\DDNCadAddins\src\DDNCadAddins\DDNCadAddins\DDNCadAddins.csproj]
D:\leaveblackgithub\DDNCadAddins\src\DDNCadAddins\DDNCadAddins\Services\XClipBlockService.Operation.cs(35,1): warning SA1028: Code should not contain trailing whitespace (https://github.com/DotNetAnalyzers/StyleCopAnalyzers/blob/master/documentation/SA1028.md) [D:\leaveblackgithub\DDNCadAddins\src\DDNCadAddins\DDNCadAddins\DDNCadAddins.csproj]
D:\leaveblackgithub\DDNCadAddins\src\DDNCadAddins\DDNCadAddins\Services\XClipBlockService.Operation.cs(40,1): warning SA1028: Code should not contain trailing whitespace (https://github.com/DotNetAnalyzers/StyleCopAnalyzers/blob/master/documentation/SA1028.md) [D:\leaveblackgithub\DDNCadAddins\src\DDNCadAddins\DDNCadAddins\DDNCadAddins.csproj]
D:\leaveblackgithub\DDNCadAddins\src\DDNCadAddins\DDNCadAddins\Services\XClipBlockService.Operation.cs(58,1): warning SA1028: Code should not contain trailing whitespace (https://github.com/DotNetAnalyzers/StyleCopAnalyzers/blob/master/documentation/SA1028.md) [D:\leaveblackgithub\DDNCadAddins\src\DDNCadAddins\DDNCadAddins\DDNCadAddins.csproj]
D:\leaveblackgithub\DDNCadAddins\src\DDNCadAddins\DDNCadAddins\Services\XClipBlockService.Operation.cs(61,1): warning SA1028: Code should not contain trailing whitespace (https://github.com/DotNetAnalyzers/StyleCopAnalyzers/blob/master/documentation/SA1028.md) [D:\leaveblackgithub\DDNCadAddins\src\DDNCadAddins\DDNCadAddins\DDNCadAddins.csproj]
D:\leaveblackgithub\DDNCadAddins\src\DDNCadAddins\DDNCadAddins\Services\XClipBlockService.Operation.cs(70,1): warning SA1028: Code should not contain trailing whitespace (https://github.com/DotNetAnalyzers/StyleCopAnalyzers/blob/master/documentation/SA1028.md) [D:\leaveblackgithub\DDNCadAddins\src\DDNCadAddins\DDNCadAddins\DDNCadAddins.csproj]
D:\leaveblackgithub\DDNCadAddins\src\DDNCadAddins\DDNCadAddins\Services\XClipBlockService.Operation.cs(83,1): warning SA1028: Code should not contain trailing whitespace (https://github.com/DotNetAnalyzers/StyleCopAnalyzers/blob/master/documentation/SA1028.md) [D:\leaveblackgithub\DDNCadAddins\src\DDNCadAddins\DDNCadAddins\DDNCadAddins.csproj]
D:\leaveblackgithub\DDNCadAddins\src\DDNCadAddins\DDNCadAddins\Services\XClipBlockService.Operation.cs(86,1): warning SA1028: Code should not contain trailing whitespace (https://github.com/DotNetAnalyzers/StyleCopAnalyzers/blob/master/documentation/SA1028.md) [D:\leaveblackgithub\DDNCadAddins\src\DDNCadAddins\DDNCadAddins\DDNCadAddins.csproj]
D:\leaveblackgithub\DDNCadAddins\src\DDNCadAddins\DDNCadAddins\Services\XClipBlockService.Operation.cs(96,1): warning SA1028: Code should not contain trailing whitespace (https://github.com/DotNetAnalyzers/StyleCopAnalyzers/blob/master/documentation/SA1028.md) [D:\leaveblackgithub\DDNCadAddins\src\DDNCadAddins\DDNCadAddins\DDNCadAddins.csproj]
D:\leaveblackgithub\DDNCadAddins\src\DDNCadAddins\DDNCadAddins\Services\XClipBlockService.Operation.cs(102,1): warning SA1028: Code should not contain trailing whitespace (https://github.com/DotNetAnalyzers/StyleCopAnalyzers/blob/master/documentation/SA1028.md) [D:\leaveblackgithub\DDNCadAddins\src\DDNCadAddins\DDNCadAddins\DDNCadAddins.csproj]
D:\leaveblackgithub\DDNCadAddins\src\DDNCadAddins\DDNCadAddins\Services\XClipBlockService.Operation.cs(107,1): warning SA1028: Code should not contain trailing whitespace (https://github.com/DotNetAnalyzers/StyleCopAnalyzers/blob/master/documentation/SA1028.md) [D:\leaveblackgithub\DDNCadAddins\src\DDNCadAddins\DDNCadAddins\DDNCadAddins.csproj]
D:\leaveblackgithub\DDNCadAddins\src\DDNCadAddins\DDNCadAddins\Services\XClipBlockService.Operation.cs(112,1): warning SA1028: Code should not contain trailing whitespace (https://github.com/DotNetAnalyzers/StyleCopAnalyzers/blob/master/documentation/SA1028.md) [D:\leaveblackgithub\DDNCadAddins\src\DDNCadAddins\DDNCadAddins\DDNCadAddins.csproj]
D:\leaveblackgithub\DDNCadAddins\src\DDNCadAddins\DDNCadAddins\Services\XClipBlockService.Operation.cs(123,1): warning SA1028: Code should not contain trailing whitespace (https://github.com/DotNetAnalyzers/StyleCopAnalyzers/blob/master/documentation/SA1028.md) [D:\leaveblackgithub\DDNCadAddins\src\DDNCadAddins\DDNCadAddins\DDNCadAddins.csproj]
D:\leaveblackgithub\DDNCadAddins\src\DDNCadAddins\DDNCadAddins\Services\XClipBlockService.Operation.cs(137,1): warning SA1028: Code should not contain trailing whitespace (https://github.com/DotNetAnalyzers/StyleCopAnalyzers/blob/master/documentation/SA1028.md) [D:\leaveblackgithub\DDNCadAddins\src\DDNCadAddins\DDNCadAddins\DDNCadAddins.csproj]
D:\leaveblackgithub\DDNCadAddins\src\DDNCadAddins\DDNCadAddins\Services\XClipBlockService.Operation.cs(140,1): warning SA1028: Code should not contain trailing whitespace (https://github.com/DotNetAnalyzers/StyleCopAnalyzers/blob/master/documentation/SA1028.md) [D:\leaveblackgithub\DDNCadAddins\src\DDNCadAddins\DDNCadAddins\DDNCadAddins.csproj]
D:\leaveblackgithub\DDNCadAddins\src\DDNCadAddins\DDNCadAddins\Services\XClipBlockService.Operation.cs(149,1): warning SA1028: Code should not contain trailing whitespace (https://github.com/DotNetAnalyzers/StyleCopAnalyzers/blob/master/documentation/SA1028.md) [D:\leaveblackgithub\DDNCadAddins\src\DDNCadAddins\DDNCadAddins\DDNCadAddins.csproj]
D:\leaveblackgithub\DDNCadAddins\src\DDNCadAddins\DDNCadAddins\Services\XClipBlockService.Operation.cs(162,1): warning SA1028: Code should not contain trailing whitespace (https://github.com/DotNetAnalyzers/StyleCopAnalyzers/blob/master/documentation/SA1028.md) [D:\leaveblackgithub\DDNCadAddins\src\DDNCadAddins\DDNCadAddins\DDNCadAddins.csproj]
D:\leaveblackgithub\DDNCadAddins\src\DDNCadAddins\DDNCadAddins\Services\XClipBlockService.Operation.cs(165,1): warning SA1028: Code should not contain trailing whitespace (https://github.com/DotNetAnalyzers/StyleCopAnalyzers/blob/master/documentation/SA1028.md) [D:\leaveblackgithub\DDNCadAddins\src\DDNCadAddins\DDNCadAddins\DDNCadAddins.csproj]
D:\leaveblackgithub\DDNCadAddins\src\DDNCadAddins\DDNCadAddins\Services\XClipBlockService.Operation.cs(180,1): warning SA1028: Code should not contain trailing whitespace (https://github.com/DotNetAnalyzers/StyleCopAnalyzers/blob/master/documentation/SA1028.md) [D:\leaveblackgithub\DDNCadAddins\src\DDNCadAddins\DDNCadAddins\DDNCadAddins.csproj]
D:\leaveblackgithub\DDNCadAddins\src\DDNCadAddins\DDNCadAddins\Services\XClipBlockService.Operation.cs(190,1): warning SA1028: Code should not contain trailing whitespace (https://github.com/DotNetAnalyzers/StyleCopAnalyzers/blob/master/documentation/SA1028.md) [D:\leaveblackgithub\DDNCadAddins\src\DDNCadAddins\DDNCadAddins\DDNCadAddins.csproj]
D:\leaveblackgithub\DDNCadAddins\src\DDNCadAddins\DDNCadAddins\Services\XClipBlockService.Operation.cs(212,1): warning SA1028: Code should not contain trailing whitespace (https://github.com/DotNetAnalyzers/StyleCopAnalyzers/blob/master/documentation/SA1028.md) [D:\leaveblackgithub\DDNCadAddins\src\DDNCadAddins\DDNCadAddins\DDNCadAddins.csproj]
D:\leaveblackgithub\DDNCadAddins\src\DDNCadAddins\DDNCadAddins\Services\XClipBlockService.Operation.cs(236,2): warning SA1028: Code should not contain trailing whitespace (https://github.com/DotNetAnalyzers/StyleCopAnalyzers/blob/master/documentation/SA1028.md) [D:\leaveblackgithub\DDNCadAddins\src\DDNCadAddins\DDNCadAddins\DDNCadAddins.csproj]
D:\leaveblackgithub\DDNCadAddins\src\DDNCadAddins\DDNCadAddins\Services\XClipBlockService.cs(1,1): warning SA1633: The file header is missing or not located at the top of the file. (https://github.com/DotNetAnalyzers/StyleCopAnalyzers/blob/master/documentation/SA1633.md) [D:\leaveblackgithub\DDNCadAddins\src\DDNCadAddins\DDNCadAddins\DDNCadAddins.csproj]
D:\leaveblackgithub\DDNCadAddins\src\DDNCadAddins\DDNCadAddins\Commands\XClipTest\XClipTestValidator.cs(93,41): warning CA1062: 在外部可见方法“Dictionary<ObjectId, BlockState> XClipTestValidator.CaptureBlockStates(Database db, List<ObjectId> blockIds)”中，先验证参数“blockIds”为非 null，然后再使用。如果适用，在参数为 null 时引发 ArgumentNullException，或添加断言非 null 参数的代码协定前提条件。 (https://docs.microsoft.com/dotnet/fundamentals/code-analysis/quality-rules/ca1062) [D:\leaveblackgithub\DDNCadAddins\src\DDNCadAddins\DDNCadAddins\DDNCadAddins.csproj]
D:\leaveblackgithub\DDNCadAddins\src\DDNCadAddins\DDNCadAddins\Commands\XClipTest\XClipTestValidator.cs(91,37): warning CA1062: 在外部可见方法“Dictionary<ObjectId, BlockState> XClipTestValidator.CaptureBlockStates(Database db, List<ObjectId> blockIds)”中，先验证参数“db”为非 null，然后再使用。如果适用，在参数为 null 时引发 ArgumentNullException，或添加断言非 null 参数的代码协定前提条件。 (https://docs.microsoft.com/dotnet/fundamentals/code-analysis/quality-rules/ca1062) [D:\leaveblackgithub\DDNCadAddins\src\DDNCadAddins\DDNCadAddins\DDNCadAddins.csproj]
D:\leaveblackgithub\DDNCadAddins\src\DDNCadAddins\DDNCadAddins\Services\XClipBlockService.cs(19,2): warning SA1028: Code should not contain trailing whitespace (https://github.com/DotNetAnalyzers/StyleCopAnalyzers/blob/master/documentation/SA1028.md) [D:\leaveblackgithub\DDNCadAddins\src\DDNCadAddins\DDNCadAddins\DDNCadAddins.csproj]
D:\leaveblackgithub\DDNCadAddins\src\DDNCadAddins\DDNCadAddins\Properties\AssemblyInfo.cs(1,1): warning SA1633: The file header is missing or not located at the top of the file. (https://github.com/DotNetAnalyzers/StyleCopAnalyzers/blob/master/documentation/SA1633.md) [D:\leaveblackgithub\DDNCadAddins\src\DDNCadAddins\DDNCadAddins\DDNCadAddins.csproj]
D:\leaveblackgithub\DDNCadAddins\src\DDNCadAddins\DDNCadAddins\Properties\AssemblyInfo.cs(35,45): warning SA1518: Code should not contain blank lines at the end of the file (https://github.com/DotNetAnalyzers/StyleCopAnalyzers/blob/master/documentation/SA1518.md) [D:\leaveblackgithub\DDNCadAddins\src\DDNCadAddins\DDNCadAddins\DDNCadAddins.csproj]
D:\leaveblackgithub\DDNCadAddins\src\DDNCadAddins\DDNCadAddins\Services\AcadUserInterfaceService.cs(175,17): warning SA1503: Braces should not be omitted (https://github.com/DotNetAnalyzers/StyleCopAnalyzers/blob/master/documentation/SA1503.md) [D:\leaveblackgithub\DDNCadAddins\src\DDNCadAddins\DDNCadAddins\DDNCadAddins.csproj]
D:\leaveblackgithub\DDNCadAddins\src\DDNCadAddins\DDNCadAddins\Services\AcadViewService.cs(80,17): warning SA1503: Braces should not be omitted (https://github.com/DotNetAnalyzers/StyleCopAnalyzers/blob/master/documentation/SA1503.md) [D:\leaveblackgithub\DDNCadAddins\src\DDNCadAddins\DDNCadAddins\DDNCadAddins.csproj]
D:\leaveblackgithub\DDNCadAddins\src\DDNCadAddins\DDNCadAddins\Properties\AssemblyInfo.cs(24,29): warning SA1028: Code should not contain trailing whitespace (https://github.com/DotNetAnalyzers/StyleCopAnalyzers/blob/master/documentation/SA1028.md) [D:\leaveblackgithub\DDNCadAddins\src\DDNCadAddins\DDNCadAddins\DDNCadAddins.csproj]
D:\leaveblackgithub\DDNCadAddins\src\DDNCadAddins\DDNCadAddins\Services\AcadUserInterfaceService.cs(173,25): warning SA1101: Prefix local calls with this (https://github.com/DotNetAnalyzers/StyleCopAnalyzers/blob/master/documentation/SA1101.md) [D:\leaveblackgithub\DDNCadAddins\src\DDNCadAddins\DDNCadAddins\DDNCadAddins.csproj]
D:\leaveblackgithub\DDNCadAddins\src\DDNCadAddins\DDNCadAddins\Services\TransactionService.cs(93,25): warning CA1062: 在外部可见方法“OperationResult TransactionService.ExecuteInTransaction(Database database, Action<Transaction> action, string errorMessagePrefix)”中，先验证参数“action”为非 null，然后再使用。如果适用，在参数为 null 时引发 ArgumentNullException，或添加断言非 null 参数的代码协定前提条件。 (https://docs.microsoft.com/dotnet/fundamentals/code-analysis/quality-rules/ca1062) [D:\leaveblackgithub\DDNCadAddins\src\DDNCadAddins\DDNCadAddins\DDNCadAddins.csproj]
D:\leaveblackgithub\DDNCadAddins\src\DDNCadAddins\DDNCadAddins\Services\AcadViewService.cs(91,21): warning SA1101: Prefix local calls with this (https://github.com/DotNetAnalyzers/StyleCopAnalyzers/blob/master/documentation/SA1101.md) [D:\leaveblackgithub\DDNCadAddins\src\DDNCadAddins\DDNCadAddins\DDNCadAddins.csproj]
D:\leaveblackgithub\DDNCadAddins\src\DDNCadAddins\DDNCadAddins\Services\TransactionService.cs(46,36): warning CA1062: 在外部可见方法“OperationResult<T> TransactionService.ExecuteInTransaction<T>(Database database, Func<Transaction, T> action, string errorMessagePrefix)”中，先验证参数“action”为非 null，然后再使用。如果适用，在参数为 null 时引发 ArgumentNullException，或添加断言非 null 参数的代码协定前提条件。 (https://docs.microsoft.com/dotnet/fundamentals/code-analysis/quality-rules/ca1062) [D:\leaveblackgithub\DDNCadAddins\src\DDNCadAddins\DDNCadAddins\DDNCadAddins.csproj]
D:\leaveblackgithub\DDNCadAddins\src\DDNCadAddins\DDNCadAddins\Services\AcadViewService.cs(92,21): warning SA1101: Prefix local calls with this (https://github.com/DotNetAnalyzers/StyleCopAnalyzers/blob/master/documentation/SA1101.md) [D:\leaveblackgithub\DDNCadAddins\src\DDNCadAddins\DDNCadAddins\DDNCadAddins.csproj]
D:\leaveblackgithub\DDNCadAddins\src\DDNCadAddins\DDNCadAddins\Services\AcadViewService.cs(96,21): warning SA1101: Prefix local calls with this (https://github.com/DotNetAnalyzers/StyleCopAnalyzers/blob/master/documentation/SA1101.md) [D:\leaveblackgithub\DDNCadAddins\src\DDNCadAddins\DDNCadAddins\DDNCadAddins.csproj]
D:\leaveblackgithub\DDNCadAddins\src\DDNCadAddins\DDNCadAddins\Services\AcadUserInterfaceService.cs(211,13): warning SA1101: Prefix local calls with this (https://github.com/DotNetAnalyzers/StyleCopAnalyzers/blob/master/documentation/SA1101.md) [D:\leaveblackgithub\DDNCadAddins\src\DDNCadAddins\DDNCadAddins\DDNCadAddins.csproj]
D:\leaveblackgithub\DDNCadAddins\src\DDNCadAddins\DDNCadAddins\Services\AcadUserInterfaceService.cs(197,17): warning SA1101: Prefix local calls with this (https://github.com/DotNetAnalyzers/StyleCopAnalyzers/blob/master/documentation/SA1101.md) [D:\leaveblackgithub\DDNCadAddins\src\DDNCadAddins\DDNCadAddins\DDNCadAddins.csproj]
D:\leaveblackgithub\DDNCadAddins\src\DDNCadAddins\DDNCadAddins\Services\AcadUserInterfaceService.cs(201,17): warning SA1101: Prefix local calls with this (https://github.com/DotNetAnalyzers/StyleCopAnalyzers/blob/master/documentation/SA1101.md) [D:\leaveblackgithub\DDNCadAddins\src\DDNCadAddins\DDNCadAddins\DDNCadAddins.csproj]
D:\leaveblackgithub\DDNCadAddins\src\DDNCadAddins\DDNCadAddins\DDNCadAppLoader.cs(156,17): warning SA1503: Braces should not be omitted (https://github.com/DotNetAnalyzers/StyleCopAnalyzers/blob/master/documentation/SA1503.md) [D:\leaveblackgithub\DDNCadAddins\src\DDNCadAddins\DDNCadAddins\DDNCadAddins.csproj]
D:\leaveblackgithub\DDNCadAddins\src\DDNCadAddins\DDNCadAddins\DDNCadAppLoader.cs(160,17): warning SA1503: Braces should not be omitted (https://github.com/DotNetAnalyzers/StyleCopAnalyzers/blob/master/documentation/SA1503.md) [D:\leaveblackgithub\DDNCadAddins\src\DDNCadAddins\DDNCadAddins\DDNCadAddins.csproj]
D:\leaveblackgithub\DDNCadAddins\src\DDNCadAddins\DDNCadAddins\DDNCadAppLoader.cs(151,17): warning SA1413: Use trailing comma in multi-line initializers (https://github.com/DotNetAnalyzers/StyleCopAnalyzers/blob/master/documentation/SA1413.md) [D:\leaveblackgithub\DDNCadAddins\src\DDNCadAddins\DDNCadAddins\DDNCadAddins.csproj]
D:\leaveblackgithub\DDNCadAddins\src\DDNCadAddins\DDNCadAddins\Commands\XClipTest\XClipTestValidator.cs(268,42): warning SA1101: Prefix local calls with this (https://github.com/DotNetAnalyzers/StyleCopAnalyzers/blob/master/documentation/SA1101.md) [D:\leaveblackgithub\DDNCadAddins\src\DDNCadAddins\DDNCadAddins\DDNCadAddins.csproj]
D:\leaveblackgithub\DDNCadAddins\src\DDNCadAddins\DDNCadAddins\Commands\XClipTest\XClipTestCreator.cs(94,37): warning CA1062: 在外部可见方法“ObjectId XClipTestCreator.CreateSimpleBlock(Database db, string blockName, string layerName)”中，先验证参数“db”为非 null，然后再使用。如果适用，在参数为 null 时引发 ArgumentNullException，或添加断言非 null 参数的代码协定前提条件。 (https://docs.microsoft.com/dotnet/fundamentals/code-analysis/quality-rules/ca1062) [D:\leaveblackgithub\DDNCadAddins\src\DDNCadAddins\DDNCadAddins\DDNCadAddins.csproj]
D:\leaveblackgithub\DDNCadAddins\src\DDNCadAddins\DDNCadAddins\Commands\XClipTest\XClipTestValidator.cs(272,39): warning SA1101: Prefix local calls with this (https://github.com/DotNetAnalyzers/StyleCopAnalyzers/blob/master/documentation/SA1101.md) [D:\leaveblackgithub\DDNCadAddins\src\DDNCadAddins\DDNCadAddins\DDNCadAddins.csproj]
D:\leaveblackgithub\DDNCadAddins\src\DDNCadAddins\DDNCadAddins\Services\BlockReferenceService.cs(112,17): warning SA1503: Braces should not be omitted (https://github.com/DotNetAnalyzers/StyleCopAnalyzers/blob/master/documentation/SA1503.md) [D:\leaveblackgithub\DDNCadAddins\src\DDNCadAddins\DDNCadAddins\DDNCadAddins.csproj]
D:\leaveblackgithub\DDNCadAddins\src\DDNCadAddins\DDNCadAddins\Commands\XClipTest\XClipTestValidator.cs(277,13): warning CA1031: 请修改“IsPositionCorrect”以捕获更具体的允许异常类型，或者重新抛出该异常 (https://docs.microsoft.com/dotnet/fundamentals/code-analysis/quality-rules/ca1031) [D:\leaveblackgithub\DDNCadAddins\src\DDNCadAddins\DDNCadAddins\DDNCadAddins.csproj]
D:\leaveblackgithub\DDNCadAddins\src\DDNCadAddins\DDNCadAddins\Services\XClipBlockService.Core.cs(61,151): warning SA1500: Braces for multi-line statements should not share line (https://github.com/DotNetAnalyzers/StyleCopAnalyzers/blob/master/documentation/SA1500.md) [D:\leaveblackgithub\DDNCadAddins\src\DDNCadAddins\DDNCadAddins\DDNCadAddins.csproj]
D:\leaveblackgithub\DDNCadAddins\src\DDNCadAddins\DDNCadAddins\Services\XClipBlockService.Core.cs(53,17): warning SA1503: Braces should not be omitted (https://github.com/DotNetAnalyzers/StyleCopAnalyzers/blob/master/documentation/SA1503.md) [D:\leaveblackgithub\DDNCadAddins\src\DDNCadAddins\DDNCadAddins\DDNCadAddins.csproj]
D:\leaveblackgithub\DDNCadAddins\src\DDNCadAddins\DDNCadAddins\Services\XClipBlockService.Core.cs(56,17): warning SA1503: Braces should not be omitted (https://github.com/DotNetAnalyzers/StyleCopAnalyzers/blob/master/documentation/SA1503.md) [D:\leaveblackgithub\DDNCadAddins\src\DDNCadAddins\DDNCadAddins\DDNCadAddins.csproj]
D:\leaveblackgithub\DDNCadAddins\src\DDNCadAddins\DDNCadAddins\Services\XClipBlockService.Core.cs(61,37): warning SA1101: Prefix local calls with this (https://github.com/DotNetAnalyzers/StyleCopAnalyzers/blob/master/documentation/SA1101.md) [D:\leaveblackgithub\DDNCadAddins\src\DDNCadAddins\DDNCadAddins\DDNCadAddins.csproj]
D:\leaveblackgithub\DDNCadAddins\src\DDNCadAddins\DDNCadAddins\Services\BlockReferenceService.cs(168,17): warning SA1503: Braces should not be omitted (https://github.com/DotNetAnalyzers/StyleCopAnalyzers/blob/master/documentation/SA1503.md) [D:\leaveblackgithub\DDNCadAddins\src\DDNCadAddins\DDNCadAddins\DDNCadAddins.csproj]
D:\leaveblackgithub\DDNCadAddins\src\DDNCadAddins\DDNCadAddins\Services\BlockReferenceService.cs(175,21): warning SA1503: Braces should not be omitted (https://github.com/DotNetAnalyzers/StyleCopAnalyzers/blob/master/documentation/SA1503.md) [D:\leaveblackgithub\DDNCadAddins\src\DDNCadAddins\DDNCadAddins\DDNCadAddins.csproj]
D:\leaveblackgithub\DDNCadAddins\src\DDNCadAddins\DDNCadAddins\Services\BlockReferenceService.cs(153,17): warning SA1101: Prefix local calls with this (https://github.com/DotNetAnalyzers/StyleCopAnalyzers/blob/master/documentation/SA1101.md) [D:\leaveblackgithub\DDNCadAddins\src\DDNCadAddins\DDNCadAddins\DDNCadAddins.csproj]
D:\leaveblackgithub\DDNCadAddins\src\DDNCadAddins\DDNCadAddins\Commands\XClipTest\XClipTestCreator.cs(111,42): warning CA1062: 在外部可见方法“ObjectId XClipTestCreator.CreateTestBlock(Transaction tr, Database db, string blockName, string layerName)”中，先验证参数“db”为非 null，然后再使用。如果适用，在参数为 null 时引发 ArgumentNullException，或添加断言非 null 参数的代码协定前提条件。 (https://docs.microsoft.com/dotnet/fundamentals/code-analysis/quality-rules/ca1062) [D:\leaveblackgithub\DDNCadAddins\src\DDNCadAddins\DDNCadAddins\DDNCadAddins.csproj]
D:\leaveblackgithub\DDNCadAddins\src\DDNCadAddins\DDNCadAddins\Services\XClipBlockService.Core.cs(65,42): warning SA1101: Prefix local calls with this (https://github.com/DotNetAnalyzers/StyleCopAnalyzers/blob/master/documentation/SA1101.md) [D:\leaveblackgithub\DDNCadAddins\src\DDNCadAddins\DDNCadAddins\DDNCadAddins.csproj]
D:\leaveblackgithub\DDNCadAddins\src\DDNCadAddins\DDNCadAddins\Commands\XClipTest\XClipTestCreator.cs(111,29): warning CA1062: 在外部可见方法“ObjectId XClipTestCreator.CreateTestBlock(Transaction tr, Database db, string blockName, string layerName)”中，先验证参数“tr”为非 null，然后再使用。如果适用，在参数为 null 时引发 ArgumentNullException，或添加断言非 null 参数的代码协定前提条件。 (https://docs.microsoft.com/dotnet/fundamentals/code-analysis/quality-rules/ca1062) [D:\leaveblackgithub\DDNCadAddins\src\DDNCadAddins\DDNCadAddins\DDNCadAddins.csproj]
D:\leaveblackgithub\DDNCadAddins\src\DDNCadAddins\DDNCadAddins\Services\XClipBlockService.Core.cs(75,21): warning SA1101: Prefix local calls with this (https://github.com/DotNetAnalyzers/StyleCopAnalyzers/blob/master/documentation/SA1101.md) [D:\leaveblackgithub\DDNCadAddins\src\DDNCadAddins\DDNCadAddins\DDNCadAddins.csproj]
D:\leaveblackgithub\DDNCadAddins\src\DDNCadAddins\DDNCadAddins\Infrastructure\FileLogger.cs(193,13): warning CA1031: 请修改“GetLatestLogFile”以捕获更具体的允许异常类型，或者重新抛出该异常 (https://docs.microsoft.com/dotnet/fundamentals/code-analysis/quality-rules/ca1031) [D:\leaveblackgithub\DDNCadAddins\src\DDNCadAddins\DDNCadAddins\DDNCadAddins.csproj]
D:\leaveblackgithub\DDNCadAddins\src\DDNCadAddins\DDNCadAddins\Services\BlockReferenceService.cs(178,24): warning SA1101: Prefix local calls with this (https://github.com/DotNetAnalyzers/StyleCopAnalyzers/blob/master/documentation/SA1101.md) [D:\leaveblackgithub\DDNCadAddins\src\DDNCadAddins\DDNCadAddins\DDNCadAddins.csproj]
D:\leaveblackgithub\DDNCadAddins\src\DDNCadAddins\DDNCadAddins\Commands\XClipTest\XClipTestValidator.cs(292,21): warning SA1503: Braces should not be omitted (https://github.com/DotNetAnalyzers/StyleCopAnalyzers/blob/master/documentation/SA1503.md) [D:\leaveblackgithub\DDNCadAddins\src\DDNCadAddins\DDNCadAddins\DDNCadAddins.csproj]
D:\leaveblackgithub\DDNCadAddins\src\DDNCadAddins\DDNCadAddins\Commands\XClipTest\XClipTestValidator.cs(296,21): warning SA1503: Braces should not be omitted (https://github.com/DotNetAnalyzers/StyleCopAnalyzers/blob/master/documentation/SA1503.md) [D:\leaveblackgithub\DDNCadAddins\src\DDNCadAddins\DDNCadAddins\DDNCadAddins.csproj]
D:\leaveblackgithub\DDNCadAddins\src\DDNCadAddins\DDNCadAddins\Services\BlockReferenceService.cs(182,17): warning SA1101: Prefix local calls with this (https://github.com/DotNetAnalyzers/StyleCopAnalyzers/blob/master/documentation/SA1101.md) [D:\leaveblackgithub\DDNCadAddins\src\DDNCadAddins\DDNCadAddins\DDNCadAddins.csproj]
D:\leaveblackgithub\DDNCadAddins\src\DDNCadAddins\DDNCadAddins\Services\XClipBlockService.Core.cs(87,16): warning SA1117: The parameters should all be placed on the same line or each parameter should be placed on its own line. (https://github.com/DotNetAnalyzers/StyleCopAnalyzers/blob/master/documentation/SA1117.md) [D:\leaveblackgithub\DDNCadAddins\src\DDNCadAddins\DDNCadAddins\DDNCadAddins.csproj]
D:\leaveblackgithub\DDNCadAddins\src\DDNCadAddins\DDNCadAddins\Services\BlockReferenceService.cs(180,13): warning CA1031: 请修改“CreateTestBlock”以捕获更具体的允许异常类型，或者重新抛出该异常 (https://docs.microsoft.com/dotnet/fundamentals/code-analysis/quality-rules/ca1031) [D:\leaveblackgithub\DDNCadAddins\src\DDNCadAddins\DDNCadAddins\DDNCadAddins.csproj]
D:\leaveblackgithub\DDNCadAddins\src\DDNCadAddins\DDNCadAddins\Commands\XClipTest\XClipTestCreator.cs(126,29): warning CA2000: 在对 System.IDisposable.Dispose 的所有引用超出范围之前，在“new Circle()”创建的对象上对其进行调用 (https://docs.microsoft.com/dotnet/fundamentals/code-analysis/quality-rules/ca2000) [D:\leaveblackgithub\DDNCadAddins\src\DDNCadAddins\DDNCadAddins\DDNCadAddins.csproj]
D:\leaveblackgithub\DDNCadAddins\src\DDNCadAddins\DDNCadAddins\Commands\XClipTest\XClipTestCreator.cs(131,25): warning CA2000: 在对 System.IDisposable.Dispose 的所有引用超出范围之前，在“new Line()”创建的对象上对其进行调用 (https://docs.microsoft.com/dotnet/fundamentals/code-analysis/quality-rules/ca2000) [D:\leaveblackgithub\DDNCadAddins\src\DDNCadAddins\DDNCadAddins\DDNCadAddins.csproj]
D:\leaveblackgithub\DDNCadAddins\src\DDNCadAddins\DDNCadAddins\Commands\XClipTest\XClipTestCreator.cs(117,41): warning CA2000: 在对 System.IDisposable.Dispose 的所有引用超出范围之前，在“new BlockTableRecord()”创建的对象上对其进行调用 (https://docs.microsoft.com/dotnet/fundamentals/code-analysis/quality-rules/ca2000) [D:\leaveblackgithub\DDNCadAddins\src\DDNCadAddins\DDNCadAddins\DDNCadAddins.csproj]
D:\leaveblackgithub\DDNCadAddins\src\DDNCadAddins\DDNCadAddins\Commands\XClipTest\XClipTestValidator.cs(301,13): warning CA1031: 请修改“IsColorCorrect”以捕获更具体的允许异常类型，或者重新抛出该异常 (https://docs.microsoft.com/dotnet/fundamentals/code-analysis/quality-rules/ca1031) [D:\leaveblackgithub\DDNCadAddins\src\DDNCadAddins\DDNCadAddins\DDNCadAddins.csproj]
D:\leaveblackgithub\DDNCadAddins\src\DDNCadAddins\DDNCadAddins\Services\BlockReferenceService.cs(200,60): warning SA1500: Braces for multi-line statements should not share line (https://github.com/DotNetAnalyzers/StyleCopAnalyzers/blob/master/documentation/SA1500.md) [D:\leaveblackgithub\DDNCadAddins\src\DDNCadAddins\DDNCadAddins\DDNCadAddins.csproj]
D:\leaveblackgithub\DDNCadAddins\src\DDNCadAddins\DDNCadAddins\Services\BlockReferenceService.cs(195,17): warning SA1503: Braces should not be omitted (https://github.com/DotNetAnalyzers/StyleCopAnalyzers/blob/master/documentation/SA1503.md) [D:\leaveblackgithub\DDNCadAddins\src\DDNCadAddins\DDNCadAddins\DDNCadAddins.csproj]
D:\leaveblackgithub\DDNCadAddins\src\DDNCadAddins\DDNCadAddins\Commands\XClipTest\XClipTestCreator.cs(108,25): warning CA1822: 成员“CreateTestBlock”不访问实例数据，可标记为 static (https://docs.microsoft.com/dotnet/fundamentals/code-analysis/quality-rules/ca1822) [D:\leaveblackgithub\DDNCadAddins\src\DDNCadAddins\DDNCadAddins\DDNCadAddins.csproj]
D:\leaveblackgithub\DDNCadAddins\src\DDNCadAddins\DDNCadAddins\Services\BlockReferenceService.cs(201,21): warning SA1413: Use trailing comma in multi-line initializers (https://github.com/DotNetAnalyzers/StyleCopAnalyzers/blob/master/documentation/SA1413.md) [D:\leaveblackgithub\DDNCadAddins\src\DDNCadAddins\DDNCadAddins\DDNCadAddins.csproj]
D:\leaveblackgithub\DDNCadAddins\src\DDNCadAddins\DDNCadAddins\Commands\XClipTest\XClipTestValidator.cs(316,42): warning CA1305: “ObjectId.ToString()”的行为可能因当前用户的区域设置而异。请将“XClipTestValidator.IsLinetypeCorrect(BlockReference, BlockState)”中的此调用替换为对“ObjectId.ToString(IFormatProvider)”的调用。 (https://docs.microsoft.com/dotnet/fundamentals/code-analysis/quality-rules/ca1305) [D:\leaveblackgithub\DDNCadAddins\src\DDNCadAddins\DDNCadAddins\DDNCadAddins.csproj]
D:\leaveblackgithub\DDNCadAddins\src\DDNCadAddins\DDNCadAddins\DDNCadAppLoader.cs(130,24): warning CA1822: 成员“GetCommandDescription”不访问实例数据，可标记为 static (https://docs.microsoft.com/dotnet/fundamentals/code-analysis/quality-rules/ca1822) [D:\leaveblackgithub\DDNCadAddins\src\DDNCadAddins\DDNCadAddins\DDNCadAddins.csproj]
D:\leaveblackgithub\DDNCadAddins\src\DDNCadAddins\DDNCadAddins\Commands\XClipTest\XClipTestValidator.cs(325,13): warning CA1031: 请修改“IsLinetypeCorrect”以捕获更具体的允许异常类型，或者重新抛出该异常 (https://docs.microsoft.com/dotnet/fundamentals/code-analysis/quality-rules/ca1031) [D:\leaveblackgithub\DDNCadAddins\src\DDNCadAddins\DDNCadAddins\DDNCadAddins.csproj]
D:\leaveblackgithub\DDNCadAddins\src\DDNCadAddins\DDNCadAddins\Services\BlockReferenceService.cs(217,17): warning SA1101: Prefix local calls with this (https://github.com/DotNetAnalyzers/StyleCopAnalyzers/blob/master/documentation/SA1101.md) [D:\leaveblackgithub\DDNCadAddins\src\DDNCadAddins\DDNCadAddins\DDNCadAddins.csproj]
D:\leaveblackgithub\DDNCadAddins\src\DDNCadAddins\DDNCadAddins\Services\BlockReferenceService.cs(151,13): warning CA1031: 请修改“CreateTestBlock”以捕获更具体的允许异常类型，或者重新抛出该异常 (https://docs.microsoft.com/dotnet/fundamentals/code-analysis/quality-rules/ca1031) [D:\leaveblackgithub\DDNCadAddins\src\DDNCadAddins\DDNCadAddins\DDNCadAddins.csproj]
D:\leaveblackgithub\DDNCadAddins\src\DDNCadAddins\DDNCadAddins\Commands\XClipTest\XClipTestValidator.cs(348,13): warning CA1031: 请修改“IsBlockTopLevel”以捕获更具体的允许异常类型，或者重新抛出该异常 (https://docs.microsoft.com/dotnet/fundamentals/code-analysis/quality-rules/ca1031) [D:\leaveblackgithub\DDNCadAddins\src\DDNCadAddins\DDNCadAddins\DDNCadAddins.csproj]
D:\leaveblackgithub\DDNCadAddins\src\DDNCadAddins\DDNCadAddins\Commands\XClipTest\XClipTestValidator.cs(364,21): warning SA1503: Braces should not be omitted (https://github.com/DotNetAnalyzers/StyleCopAnalyzers/blob/master/documentation/SA1503.md) [D:\leaveblackgithub\DDNCadAddins\src\DDNCadAddins\DDNCadAddins\DDNCadAddins.csproj]
D:\leaveblackgithub\DDNCadAddins\src\DDNCadAddins\DDNCadAddins\Services\CsvExportService.cs(39,17): warning SA1503: Braces should not be omitted (https://github.com/DotNetAnalyzers/StyleCopAnalyzers/blob/master/documentation/SA1503.md) [D:\leaveblackgithub\DDNCadAddins\src\DDNCadAddins\DDNCadAddins\DDNCadAddins.csproj]
D:\leaveblackgithub\DDNCadAddins\src\DDNCadAddins\DDNCadAddins\Services\CsvExportService.cs(42,17): warning SA1503: Braces should not be omitted (https://github.com/DotNetAnalyzers/StyleCopAnalyzers/blob/master/documentation/SA1503.md) [D:\leaveblackgithub\DDNCadAddins\src\DDNCadAddins\DDNCadAddins\DDNCadAddins.csproj]
D:\leaveblackgithub\DDNCadAddins\src\DDNCadAddins\DDNCadAddins\Commands\XClipTest\XClipTestValidator.cs(375,21): warning SA1503: Braces should not be omitted (https://github.com/DotNetAnalyzers/StyleCopAnalyzers/blob/master/documentation/SA1503.md) [D:\leaveblackgithub\DDNCadAddins\src\DDNCadAddins\DDNCadAddins\DDNCadAddins.csproj]
D:\leaveblackgithub\DDNCadAddins\src\DDNCadAddins\DDNCadAddins\Services\CsvExportService.cs(45,17): warning SA1503: Braces should not be omitted (https://github.com/DotNetAnalyzers/StyleCopAnalyzers/blob/master/documentation/SA1503.md) [D:\leaveblackgithub\DDNCadAddins\src\DDNCadAddins\DDNCadAddins\DDNCadAddins.csproj]
D:\leaveblackgithub\DDNCadAddins\src\DDNCadAddins\DDNCadAddins\Services\CsvExportService.cs(56,47): warning SA1503: Braces should not be omitted (https://github.com/DotNetAnalyzers/StyleCopAnalyzers/blob/master/documentation/SA1503.md) [D:\leaveblackgithub\DDNCadAddins\src\DDNCadAddins\DDNCadAddins\DDNCadAddins.csproj]
D:\leaveblackgithub\DDNCadAddins\src\DDNCadAddins\DDNCadAddins\Services\CsvExportService.cs(57,47): warning SA1503: Braces should not be omitted (https://github.com/DotNetAnalyzers/StyleCopAnalyzers/blob/master/documentation/SA1503.md) [D:\leaveblackgithub\DDNCadAddins\src\DDNCadAddins\DDNCadAddins\DDNCadAddins.csproj]
D:\leaveblackgithub\DDNCadAddins\src\DDNCadAddins\DDNCadAddins\Services\CsvExportService.cs(58,47): warning SA1503: Braces should not be omitted (https://github.com/DotNetAnalyzers/StyleCopAnalyzers/blob/master/documentation/SA1503.md) [D:\leaveblackgithub\DDNCadAddins\src\DDNCadAddins\DDNCadAddins\DDNCadAddins.csproj]
D:\leaveblackgithub\DDNCadAddins\src\DDNCadAddins\DDNCadAddins\Services\CsvExportService.cs(59,55): warning SA1503: Braces should not be omitted (https://github.com/DotNetAnalyzers/StyleCopAnalyzers/blob/master/documentation/SA1503.md) [D:\leaveblackgithub\DDNCadAddins\src\DDNCadAddins\DDNCadAddins\DDNCadAddins.csproj]
D:\leaveblackgithub\DDNCadAddins\src\DDNCadAddins\DDNCadAddins\Commands\TestRunner.cs(272,21): warning SA1101: Prefix local calls with this (https://github.com/DotNetAnalyzers/StyleCopAnalyzers/blob/master/documentation/SA1101.md) [D:\leaveblackgithub\DDNCadAddins\src\DDNCadAddins\DDNCadAddins\DDNCadAddins.csproj]
D:\leaveblackgithub\DDNCadAddins\src\DDNCadAddins\DDNCadAddins\Services\CsvExportService.cs(112,17): warning SA1503: Braces should not be omitted (https://github.com/DotNetAnalyzers/StyleCopAnalyzers/blob/master/documentation/SA1503.md) [D:\leaveblackgithub\DDNCadAddins\src\DDNCadAddins\DDNCadAddins\DDNCadAddins.csproj]
D:\leaveblackgithub\DDNCadAddins\src\DDNCadAddins\DDNCadAddins\Commands\TestRunner.cs(284,30): warning SA1101: Prefix local calls with this (https://github.com/DotNetAnalyzers/StyleCopAnalyzers/blob/master/documentation/SA1101.md) [D:\leaveblackgithub\DDNCadAddins\src\DDNCadAddins\DDNCadAddins\DDNCadAddins.csproj]
D:\leaveblackgithub\DDNCadAddins\src\DDNCadAddins\DDNCadAddins\Commands\XClipCommand.cs(106,23): warning SA1101: Prefix local calls with this (https://github.com/DotNetAnalyzers/StyleCopAnalyzers/blob/master/documentation/SA1101.md) [D:\leaveblackgithub\DDNCadAddins\src\DDNCadAddins\DDNCadAddins\DDNCadAddins.csproj]
D:\leaveblackgithub\DDNCadAddins\src\DDNCadAddins\DDNCadAddins\Commands\XClipCommand.cs(109,13): warning SA1101: Prefix local calls with this (https://github.com/DotNetAnalyzers/StyleCopAnalyzers/blob/master/documentation/SA1101.md) [D:\leaveblackgithub\DDNCadAddins\src\DDNCadAddins\DDNCadAddins\DDNCadAddins.csproj]
D:\leaveblackgithub\DDNCadAddins\src\DDNCadAddins\DDNCadAddins\Commands\XClipCommand.cs(111,26): warning SA1101: Prefix local calls with this (https://github.com/DotNetAnalyzers/StyleCopAnalyzers/blob/master/documentation/SA1101.md) [D:\leaveblackgithub\DDNCadAddins\src\DDNCadAddins\DDNCadAddins\DDNCadAddins.csproj]
D:\leaveblackgithub\DDNCadAddins\src\DDNCadAddins\DDNCadAddins\Services\BlockReferenceService.cs(195,24): warning CA1825: 避免不必要的长度为零的数组分配。改用 Array.Empty<ObjectId>()。 (https://docs.microsoft.com/dotnet/fundamentals/code-analysis/quality-rules/ca1825) [D:\leaveblackgithub\DDNCadAddins\src\DDNCadAddins\DDNCadAddins\DDNCadAddins.csproj]
D:\leaveblackgithub\DDNCadAddins\src\DDNCadAddins\DDNCadAddins\Commands\XClipCommand.cs(115,17): warning SA1101: Prefix local calls with this (https://github.com/DotNetAnalyzers/StyleCopAnalyzers/blob/master/documentation/SA1101.md) [D:\leaveblackgithub\DDNCadAddins\src\DDNCadAddins\DDNCadAddins\DDNCadAddins.csproj]
D:\leaveblackgithub\DDNCadAddins\src\DDNCadAddins\DDNCadAddins\Commands\XClipCommand.cs(120,13): warning SA1101: Prefix local calls with this (https://github.com/DotNetAnalyzers/StyleCopAnalyzers/blob/master/documentation/SA1101.md) [D:\leaveblackgithub\DDNCadAddins\src\DDNCadAddins\DDNCadAddins\DDNCadAddins.csproj]
D:\leaveblackgithub\DDNCadAddins\src\DDNCadAddins\DDNCadAddins\Services\BlockReferenceService.cs(213,24): warning CA1825: 避免不必要的长度为零的数组分配。改用 Array.Empty<ObjectId>()。 (https://docs.microsoft.com/dotnet/fundamentals/code-analysis/quality-rules/ca1825) [D:\leaveblackgithub\DDNCadAddins\src\DDNCadAddins\DDNCadAddins\DDNCadAddins.csproj]
D:\leaveblackgithub\DDNCadAddins\src\DDNCadAddins\DDNCadAddins\Services\BlockReferenceService.cs(218,24): warning CA1825: 避免不必要的长度为零的数组分配。改用 Array.Empty<ObjectId>()。 (https://docs.microsoft.com/dotnet/fundamentals/code-analysis/quality-rules/ca1825) [D:\leaveblackgithub\DDNCadAddins\src\DDNCadAddins\DDNCadAddins\DDNCadAddins.csproj]
D:\leaveblackgithub\DDNCadAddins\src\DDNCadAddins\DDNCadAddins\Commands\XClipCommand.cs(122,42): warning SA1101: Prefix local calls with this (https://github.com/DotNetAnalyzers/StyleCopAnalyzers/blob/master/documentation/SA1101.md) [D:\leaveblackgithub\DDNCadAddins\src\DDNCadAddins\DDNCadAddins\DDNCadAddins.csproj]
D:\leaveblackgithub\DDNCadAddins\src\DDNCadAddins\DDNCadAddins\Commands\XClipCommand.cs(124,17): warning SA1101: Prefix local calls with this (https://github.com/DotNetAnalyzers/StyleCopAnalyzers/blob/master/documentation/SA1101.md) [D:\leaveblackgithub\DDNCadAddins\src\DDNCadAddins\DDNCadAddins\DDNCadAddins.csproj]
D:\leaveblackgithub\DDNCadAddins\src\DDNCadAddins\DDNCadAddins\Services\BlockReferenceService.cs(215,13): warning CA1031: 请修改“FindAllBlockReferences”以捕获更具体的允许异常类型，或者重新抛出该异常 (https://docs.microsoft.com/dotnet/fundamentals/code-analysis/quality-rules/ca1031) [D:\leaveblackgithub\DDNCadAddins\src\DDNCadAddins\DDNCadAddins\DDNCadAddins.csproj]
D:\leaveblackgithub\DDNCadAddins\src\DDNCadAddins\DDNCadAddins\Commands\XClipCommand.cs(133,23): warning SA1101: Prefix local calls with this (https://github.com/DotNetAnalyzers/StyleCopAnalyzers/blob/master/documentation/SA1101.md) [D:\leaveblackgithub\DDNCadAddins\src\DDNCadAddins\DDNCadAddins\DDNCadAddins.csproj]
D:\leaveblackgithub\DDNCadAddins\src\DDNCadAddins\DDNCadAddins\Commands\XClipCommand.cs(136,13): warning SA1101: Prefix local calls with this (https://github.com/DotNetAnalyzers/StyleCopAnalyzers/blob/master/documentation/SA1101.md) [D:\leaveblackgithub\DDNCadAddins\src\DDNCadAddins\DDNCadAddins\DDNCadAddins.csproj]
D:\leaveblackgithub\DDNCadAddins\src\DDNCadAddins\DDNCadAddins\Commands\XClipTest\XClipTestValidator.cs(380,13): warning CA1031: 请修改“FindParentBlockId”以捕获更具体的允许异常类型，或者重新抛出该异常 (https://docs.microsoft.com/dotnet/fundamentals/code-analysis/quality-rules/ca1031) [D:\leaveblackgithub\DDNCadAddins\src\DDNCadAddins\DDNCadAddins\DDNCadAddins.csproj]
D:\leaveblackgithub\DDNCadAddins\src\DDNCadAddins\DDNCadAddins\Commands\XClipCommand.cs(138,26): warning SA1101: Prefix local calls with this (https://github.com/DotNetAnalyzers/StyleCopAnalyzers/blob/master/documentation/SA1101.md) [D:\leaveblackgithub\DDNCadAddins\src\DDNCadAddins\DDNCadAddins\DDNCadAddins.csproj]
D:\leaveblackgithub\DDNCadAddins\src\DDNCadAddins\DDNCadAddins\Commands\XClipCommand.cs(143,17): warning SA1101: Prefix local calls with this (https://github.com/DotNetAnalyzers/StyleCopAnalyzers/blob/master/documentation/SA1101.md) [D:\leaveblackgithub\DDNCadAddins\src\DDNCadAddins\DDNCadAddins\DDNCadAddins.csproj]
D:\leaveblackgithub\DDNCadAddins\src\DDNCadAddins\DDNCadAddins\Commands\XClipCommand.cs(146,17): warning SA1101: Prefix local calls with this (https://github.com/DotNetAnalyzers/StyleCopAnalyzers/blob/master/documentation/SA1101.md) [D:\leaveblackgithub\DDNCadAddins\src\DDNCadAddins\DDNCadAddins\DDNCadAddins.csproj]
D:\leaveblackgithub\DDNCadAddins\src\DDNCadAddins\DDNCadAddins\Commands\XClipCommand.cs(150,17): warning SA1101: Prefix local calls with this (https://github.com/DotNetAnalyzers/StyleCopAnalyzers/blob/master/documentation/SA1101.md) [D:\leaveblackgithub\DDNCadAddins\src\DDNCadAddins\DDNCadAddins\DDNCadAddins.csproj]
D:\leaveblackgithub\DDNCadAddins\src\DDNCadAddins\DDNCadAddins\Commands\XClipCommand.cs(151,17): warning SA1101: Prefix local calls with this (https://github.com/DotNetAnalyzers/StyleCopAnalyzers/blob/master/documentation/SA1101.md) [D:\leaveblackgithub\DDNCadAddins\src\DDNCadAddins\DDNCadAddins\DDNCadAddins.csproj]
D:\leaveblackgithub\DDNCadAddins\src\DDNCadAddins\DDNCadAddins\Commands\XClipCommand.cs(152,17): warning SA1101: Prefix local calls with this (https://github.com/DotNetAnalyzers/StyleCopAnalyzers/blob/master/documentation/SA1101.md) [D:\leaveblackgithub\DDNCadAddins\src\DDNCadAddins\DDNCadAddins\DDNCadAddins.csproj]
D:\leaveblackgithub\DDNCadAddins\src\DDNCadAddins\DDNCadAddins\Services\CsvExportService.cs(70,79): warning SA1101: Prefix local calls with this (https://github.com/DotNetAnalyzers/StyleCopAnalyzers/blob/master/documentation/SA1101.md) [D:\leaveblackgithub\DDNCadAddins\src\DDNCadAddins\DDNCadAddins\DDNCadAddins.csproj]
D:\leaveblackgithub\DDNCadAddins\src\DDNCadAddins\DDNCadAddins\Commands\XClipCommand.cs(153,17): warning SA1101: Prefix local calls with this (https://github.com/DotNetAnalyzers/StyleCopAnalyzers/blob/master/documentation/SA1101.md) [D:\leaveblackgithub\DDNCadAddins\src\DDNCadAddins\DDNCadAddins\DDNCadAddins.csproj]
D:\leaveblackgithub\DDNCadAddins\src\DDNCadAddins\DDNCadAddins\Commands\XClipCommand.cs(154,17): warning SA1101: Prefix local calls with this (https://github.com/DotNetAnalyzers/StyleCopAnalyzers/blob/master/documentation/SA1101.md) [D:\leaveblackgithub\DDNCadAddins\src\DDNCadAddins\DDNCadAddins\DDNCadAddins.csproj]
D:\leaveblackgithub\DDNCadAddins\src\DDNCadAddins\DDNCadAddins\Services\CsvExportService.cs(83,45): warning SA1101: Prefix local calls with this (https://github.com/DotNetAnalyzers/StyleCopAnalyzers/blob/master/documentation/SA1101.md) [D:\leaveblackgithub\DDNCadAddins\src\DDNCadAddins\DDNCadAddins\DDNCadAddins.csproj]
D:\leaveblackgithub\DDNCadAddins\src\DDNCadAddins\DDNCadAddins\Commands\XClipTest\XClipTestCreator.cs(159,42): warning CA1062: 在外部可见方法“ObjectId XClipTestCreator.CreateNestedBlock(Transaction tr, Database db, string blockName, ObjectId innerBlockId, string layerName)”中，先验证参数“db”为非 null，然后再使用。如果适用，在参数为 null 时引发 ArgumentNullException，或添加断言非 null 参数的代码协定前提条件。 (https://docs.microsoft.com/dotnet/fundamentals/code-analysis/quality-rules/ca1062) [D:\leaveblackgithub\DDNCadAddins\src\DDNCadAddins\DDNCadAddins\DDNCadAddins.csproj]
D:\leaveblackgithub\DDNCadAddins\src\DDNCadAddins\DDNCadAddins\Commands\XClipTest\XClipTestCreator.cs(159,29): warning CA1062: 在外部可见方法“ObjectId XClipTestCreator.CreateNestedBlock(Transaction tr, Database db, string blockName, ObjectId innerBlockId, string layerName)”中，先验证参数“tr”为非 null，然后再使用。如果适用，在参数为 null 时引发 ArgumentNullException，或添加断言非 null 参数的代码协定前提条件。 (https://docs.microsoft.com/dotnet/fundamentals/code-analysis/quality-rules/ca1062) [D:\leaveblackgithub\DDNCadAddins\src\DDNCadAddins\DDNCadAddins\DDNCadAddins.csproj]
D:\leaveblackgithub\DDNCadAddins\src\DDNCadAddins\DDNCadAddins\Commands\TestRunner.cs(281,13): warning CA1031: 请修改“RunTestsInType”以捕获更具体的允许异常类型，或者重新抛出该异常 (https://docs.microsoft.com/dotnet/fundamentals/code-analysis/quality-rules/ca1031) [D:\leaveblackgithub\DDNCadAddins\src\DDNCadAddins\DDNCadAddins\DDNCadAddins.csproj]
D:\leaveblackgithub\DDNCadAddins\src\DDNCadAddins\DDNCadAddins\Services\BlockReferenceService.cs(125,37): warning CA2000: 在对 System.IDisposable.Dispose 的所有引用超出范围之前，在“new Circle(Point3d.Origin, Vector3d.ZAxis, 5)”创建的对象上对其进行调用 (https://docs.microsoft.com/dotnet/fundamentals/code-analysis/quality-rules/ca2000) [D:\leaveblackgithub\DDNCadAddins\src\DDNCadAddins\DDNCadAddins\DDNCadAddins.csproj]
D:\leaveblackgithub\DDNCadAddins\src\DDNCadAddins\DDNCadAddins\Services\BlockReferenceService.cs(128,34): warning CA2000: 在对 System.IDisposable.Dispose 的所有引用超出范围之前，在“new Line(new Point3d(-5, 0, 0), new Point3d(5, 0, 0))”创建的对象上对其进行调用 (https://docs.microsoft.com/dotnet/fundamentals/code-analysis/quality-rules/ca2000) [D:\leaveblackgithub\DDNCadAddins\src\DDNCadAddins\DDNCadAddins\DDNCadAddins.csproj]
D:\leaveblackgithub\DDNCadAddins\src\DDNCadAddins\DDNCadAddins\Services\BlockReferenceService.cs(131,34): warning CA2000: 在对 System.IDisposable.Dispose 的所有引用超出范围之前，在“new Line(new Point3d(0, -5, 0), new Point3d(0, 5, 0))”创建的对象上对其进行调用 (https://docs.microsoft.com/dotnet/fundamentals/code-analysis/quality-rules/ca2000) [D:\leaveblackgithub\DDNCadAddins\src\DDNCadAddins\DDNCadAddins\DDNCadAddins.csproj]
D:\leaveblackgithub\DDNCadAddins\src\DDNCadAddins\DDNCadAddins\Services\BlockReferenceService.cs(140,47): warning CA2000: 在对 System.IDisposable.Dispose 的所有引用超出范围之前，在“new BlockReference(insertionPoint, blockDefId)”创建的对象上对其进行调用 (https://docs.microsoft.com/dotnet/fundamentals/code-analysis/quality-rules/ca2000) [D:\leaveblackgithub\DDNCadAddins\src\DDNCadAddins\DDNCadAddins\DDNCadAddins.csproj]
D:\leaveblackgithub\DDNCadAddins\src\DDNCadAddins\DDNCadAddins\Commands\XClipTest\XClipTestCreator.cs(177,45): warning CA2000: 在对 System.IDisposable.Dispose 的所有引用超出范围之前，在“new BlockReference(new Point3d(1, 1, 0), innerBlockRef.BlockTableRecord)”创建的对象上对其进行调用 (https://docs.microsoft.com/dotnet/fundamentals/code-analysis/quality-rules/ca2000) [D:\leaveblackgithub\DDNCadAddins\src\DDNCadAddins\DDNCadAddins\DDNCadAddins.csproj]
D:\leaveblackgithub\DDNCadAddins\src\DDNCadAddins\DDNCadAddins\Commands\XClipTest\XClipTestCreator.cs(165,41): warning CA2000: 在对 System.IDisposable.Dispose 的所有引用超出范围之前，在“new BlockTableRecord()”创建的对象上对其进行调用 (https://docs.microsoft.com/dotnet/fundamentals/code-analysis/quality-rules/ca2000) [D:\leaveblackgithub\DDNCadAddins\src\DDNCadAddins\DDNCadAddins\DDNCadAddins.csproj]
D:\leaveblackgithub\DDNCadAddins\src\DDNCadAddins\DDNCadAddins\Commands\XClipTest\XClipTestCreator.cs(156,25): warning CA1822: 成员“CreateNestedBlock”不访问实例数据，可标记为 static (https://docs.microsoft.com/dotnet/fundamentals/code-analysis/quality-rules/ca1822) [D:\leaveblackgithub\DDNCadAddins\src\DDNCadAddins\DDNCadAddins\DDNCadAddins.csproj]
D:\leaveblackgithub\DDNCadAddins\src\DDNCadAddins\DDNCadAddins\Services\BlockReferenceService.cs(247,23): warning SA1501: Statement should not be on a single line (https://github.com/DotNetAnalyzers/StyleCopAnalyzers/blob/master/documentation/SA1501.md) [D:\leaveblackgithub\DDNCadAddins\src\DDNCadAddins\DDNCadAddins\DDNCadAddins.csproj]
D:\leaveblackgithub\DDNCadAddins\src\DDNCadAddins\DDNCadAddins\Services\BlockReferenceService.cs(266,23): warning SA1501: Statement should not be on a single line (https://github.com/DotNetAnalyzers/StyleCopAnalyzers/blob/master/documentation/SA1501.md) [D:\leaveblackgithub\DDNCadAddins\src\DDNCadAddins\DDNCadAddins\DDNCadAddins.csproj]
D:\leaveblackgithub\DDNCadAddins\src\DDNCadAddins\DDNCadAddins\Commands\XClipTest\XClipTestValidator.cs(400,13): warning CA1031: 请修改“GetBlockRotation”以捕获更具体的允许异常类型，或者重新抛出该异常 (https://docs.microsoft.com/dotnet/fundamentals/code-analysis/quality-rules/ca1031) [D:\leaveblackgithub\DDNCadAddins\src\DDNCadAddins\DDNCadAddins\DDNCadAddins.csproj]
D:\leaveblackgithub\DDNCadAddins\src\DDNCadAddins\DDNCadAddins\Services\BlockReferenceService.cs(234,17): warning SA1503: Braces should not be omitted (https://github.com/DotNetAnalyzers/StyleCopAnalyzers/blob/master/documentation/SA1503.md) [D:\leaveblackgithub\DDNCadAddins\src\DDNCadAddins\DDNCadAddins\DDNCadAddins.csproj]
D:\leaveblackgithub\DDNCadAddins\src\DDNCadAddins\DDNCadAddins\Commands\XClipTest\XClipTestValidator.cs(420,13): warning CA1031: 请修改“GetBlockScale”以捕获更具体的允许异常类型，或者重新抛出该异常 (https://docs.microsoft.com/dotnet/fundamentals/code-analysis/quality-rules/ca1031) [D:\leaveblackgithub\DDNCadAddins\src\DDNCadAddins\DDNCadAddins\DDNCadAddins.csproj]
D:\leaveblackgithub\DDNCadAddins\src\DDNCadAddins\DDNCadAddins\Services\BlockReferenceService.cs(283,17): warning SA1101: Prefix local calls with this (https://github.com/DotNetAnalyzers/StyleCopAnalyzers/blob/master/documentation/SA1101.md) [D:\leaveblackgithub\DDNCadAddins\src\DDNCadAddins\DDNCadAddins\DDNCadAddins.csproj]
D:\leaveblackgithub\DDNCadAddins\src\DDNCadAddins\DDNCadAddins\Commands\XClipCommand.cs(168,17): warning SA1101: Prefix local calls with this (https://github.com/DotNetAnalyzers/StyleCopAnalyzers/blob/master/documentation/SA1101.md) [D:\leaveblackgithub\DDNCadAddins\src\DDNCadAddins\DDNCadAddins\DDNCadAddins.csproj]
D:\leaveblackgithub\DDNCadAddins\src\DDNCadAddins\DDNCadAddins\Commands\XClipCommand.cs(172,17): warning SA1101: Prefix local calls with this (https://github.com/DotNetAnalyzers/StyleCopAnalyzers/blob/master/documentation/SA1101.md) [D:\leaveblackgithub\DDNCadAddins\src\DDNCadAddins\DDNCadAddins\DDNCadAddins.csproj]
D:\leaveblackgithub\DDNCadAddins\src\DDNCadAddins\DDNCadAddins\Infrastructure\ServiceLocator.cs(132,41): warning SA1127: Generic type constraints should be on their own line (https://github.com/DotNetAnalyzers/StyleCopAnalyzers/blob/master/documentation/SA1127.md) [D:\leaveblackgithub\DDNCadAddins\src\DDNCadAddins\DDNCadAddins\DDNCadAddins.csproj]
D:\leaveblackgithub\DDNCadAddins\src\DDNCadAddins\DDNCadAddins\Services\XClipBlockService.Core.cs(120,134): warning SA1500: Braces for multi-line statements should not share line (https://github.com/DotNetAnalyzers/StyleCopAnalyzers/blob/master/documentation/SA1500.md) [D:\leaveblackgithub\DDNCadAddins\src\DDNCadAddins\DDNCadAddins\DDNCadAddins.csproj]
D:\leaveblackgithub\DDNCadAddins\src\DDNCadAddins\DDNCadAddins\Services\XClipBlockService.Core.cs(114,17): warning SA1503: Braces should not be omitted (https://github.com/DotNetAnalyzers/StyleCopAnalyzers/blob/master/documentation/SA1503.md) [D:\leaveblackgithub\DDNCadAddins\src\DDNCadAddins\DDNCadAddins\DDNCadAddins.csproj]
D:\leaveblackgithub\DDNCadAddins\src\DDNCadAddins\DDNCadAddins\Services\XClipBlockService.Core.cs(126,21): warning SA1503: Braces should not be omitted (https://github.com/DotNetAnalyzers/StyleCopAnalyzers/blob/master/documentation/SA1503.md) [D:\leaveblackgithub\DDNCadAddins\src\DDNCadAddins\DDNCadAddins\DDNCadAddins.csproj]
D:\leaveblackgithub\DDNCadAddins\src\DDNCadAddins\DDNCadAddins\Commands\XClipCommand.cs(181,23): warning SA1101: Prefix local calls with this (https://github.com/DotNetAnalyzers/StyleCopAnalyzers/blob/master/documentation/SA1101.md) [D:\leaveblackgithub\DDNCadAddins\src\DDNCadAddins\DDNCadAddins\DDNCadAddins.csproj]
D:\leaveblackgithub\DDNCadAddins\src\DDNCadAddins\DDNCadAddins\Commands\XClipCommand.cs(184,13): warning SA1101: Prefix local calls with this (https://github.com/DotNetAnalyzers/StyleCopAnalyzers/blob/master/documentation/SA1101.md) [D:\leaveblackgithub\DDNCadAddins\src\DDNCadAddins\DDNCadAddins\DDNCadAddins.csproj]
D:\leaveblackgithub\DDNCadAddins\src\DDNCadAddins\DDNCadAddins\Commands\XClipCommand.cs(186,26): warning SA1101: Prefix local calls with this (https://github.com/DotNetAnalyzers/StyleCopAnalyzers/blob/master/documentation/SA1101.md) [D:\leaveblackgithub\DDNCadAddins\src\DDNCadAddins\DDNCadAddins\DDNCadAddins.csproj]
D:\leaveblackgithub\DDNCadAddins\src\DDNCadAddins\DDNCadAddins\Commands\XClipCommand.cs(190,17): warning SA1101: Prefix local calls with this (https://github.com/DotNetAnalyzers/StyleCopAnalyzers/blob/master/documentation/SA1101.md) [D:\leaveblackgithub\DDNCadAddins\src\DDNCadAddins\DDNCadAddins\DDNCadAddins.csproj]
D:\leaveblackgithub\DDNCadAddins\src\DDNCadAddins\DDNCadAddins\Services\AcadViewService.cs(110,17): warning SA1101: Prefix local calls with this (https://github.com/DotNetAnalyzers/StyleCopAnalyzers/blob/master/documentation/SA1101.md) [D:\leaveblackgithub\DDNCadAddins\src\DDNCadAddins\DDNCadAddins\DDNCadAddins.csproj]
D:\leaveblackgithub\DDNCadAddins\src\DDNCadAddins\DDNCadAddins\Commands\XClipCommand.cs(196,17): warning SA1101: Prefix local calls with this (https://github.com/DotNetAnalyzers/StyleCopAnalyzers/blob/master/documentation/SA1101.md) [D:\leaveblackgithub\DDNCadAddins\src\DDNCadAddins\DDNCadAddins\DDNCadAddins.csproj]
D:\leaveblackgithub\DDNCadAddins\src\DDNCadAddins\DDNCadAddins\Services\AcadViewService.cs(119,13): warning SA1101: Prefix local calls with this (https://github.com/DotNetAnalyzers/StyleCopAnalyzers/blob/master/documentation/SA1101.md) [D:\leaveblackgithub\DDNCadAddins\src\DDNCadAddins\DDNCadAddins\DDNCadAddins.csproj]
D:\leaveblackgithub\DDNCadAddins\src\DDNCadAddins\DDNCadAddins\Commands\XClipCommand.cs(201,13): warning SA1101: Prefix local calls with this (https://github.com/DotNetAnalyzers/StyleCopAnalyzers/blob/master/documentation/SA1101.md) [D:\leaveblackgithub\DDNCadAddins\src\DDNCadAddins\DDNCadAddins\DDNCadAddins.csproj]
D:\leaveblackgithub\DDNCadAddins\src\DDNCadAddins\DDNCadAddins\Services\XClipBlockService.Core.cs(159,17): warning SA1503: Braces should not be omitted (https://github.com/DotNetAnalyzers/StyleCopAnalyzers/blob/master/documentation/SA1503.md) [D:\leaveblackgithub\DDNCadAddins\src\DDNCadAddins\DDNCadAddins\DDNCadAddins.csproj]
D:\leaveblackgithub\DDNCadAddins\src\DDNCadAddins\DDNCadAddins\Services\XClipBlockService.Core.cs(161,17): warning SA1503: Braces should not be omitted (https://github.com/DotNetAnalyzers/StyleCopAnalyzers/blob/master/documentation/SA1503.md) [D:\leaveblackgithub\DDNCadAddins\src\DDNCadAddins\DDNCadAddins\DDNCadAddins.csproj]
D:\leaveblackgithub\DDNCadAddins\src\DDNCadAddins\DDNCadAddins\Services\AcadViewService.cs(124,17): warning SA1101: Prefix local calls with this (https://github.com/DotNetAnalyzers/StyleCopAnalyzers/blob/master/documentation/SA1101.md) [D:\leaveblackgithub\DDNCadAddins\src\DDNCadAddins\DDNCadAddins\DDNCadAddins.csproj]
D:\leaveblackgithub\DDNCadAddins\src\DDNCadAddins\DDNCadAddins\Commands\XClipCommand.cs(205,33): warning SA1101: Prefix local calls with this (https://github.com/DotNetAnalyzers/StyleCopAnalyzers/blob/master/documentation/SA1101.md) [D:\leaveblackgithub\DDNCadAddins\src\DDNCadAddins\DDNCadAddins\DDNCadAddins.csproj]
D:\leaveblackgithub\DDNCadAddins\src\DDNCadAddins\DDNCadAddins\Services\AcadViewService.cs(129,21): warning SA1101: Prefix local calls with this (https://github.com/DotNetAnalyzers/StyleCopAnalyzers/blob/master/documentation/SA1101.md) [D:\leaveblackgithub\DDNCadAddins\src\DDNCadAddins\DDNCadAddins\DDNCadAddins.csproj]
D:\leaveblackgithub\DDNCadAddins\src\DDNCadAddins\DDNCadAddins\Services\BlockReferenceService.cs(247,17): warning CA1031: 请修改“IsBlockXClipped”以捕获更具体的允许异常类型，或者重新抛出该异常 (https://docs.microsoft.com/dotnet/fundamentals/code-analysis/quality-rules/ca1031) [D:\leaveblackgithub\DDNCadAddins\src\DDNCadAddins\DDNCadAddins\DDNCadAddins.csproj]
D:\leaveblackgithub\DDNCadAddins\src\DDNCadAddins\DDNCadAddins\Services\BlockReferenceService.cs(266,17): warning CA1031: 请修改“IsBlockXClipped”以捕获更具体的允许异常类型，或者重新抛出该异常 (https://docs.microsoft.com/dotnet/fundamentals/code-analysis/quality-rules/ca1031) [D:\leaveblackgithub\DDNCadAddins\src\DDNCadAddins\DDNCadAddins\DDNCadAddins.csproj]
D:\leaveblackgithub\DDNCadAddins\src\DDNCadAddins\DDNCadAddins\Services\BlockReferenceService.cs(281,13): warning CA1031: 请修改“IsBlockXClipped”以捕获更具体的允许异常类型，或者重新抛出该异常 (https://docs.microsoft.com/dotnet/fundamentals/code-analysis/quality-rules/ca1031) [D:\leaveblackgithub\DDNCadAddins\src\DDNCadAddins\DDNCadAddins\DDNCadAddins.csproj]
D:\leaveblackgithub\DDNCadAddins\src\DDNCadAddins\DDNCadAddins\Commands\XClipCommand.cs(209,17): warning SA1101: Prefix local calls with this (https://github.com/DotNetAnalyzers/StyleCopAnalyzers/blob/master/documentation/SA1101.md) [D:\leaveblackgithub\DDNCadAddins\src\DDNCadAddins\DDNCadAddins\DDNCadAddins.csproj]
D:\leaveblackgithub\DDNCadAddins\src\DDNCadAddins\DDNCadAddins\Commands\XClipCommand.cs(213,17): warning SA1101: Prefix local calls with this (https://github.com/DotNetAnalyzers/StyleCopAnalyzers/blob/master/documentation/SA1101.md) [D:\leaveblackgithub\DDNCadAddins\src\DDNCadAddins\DDNCadAddins\DDNCadAddins.csproj]
D:\leaveblackgithub\DDNCadAddins\src\DDNCadAddins\DDNCadAddins\Services\XClipBlockService.Core.cs(156,26): warning SA1101: Prefix local calls with this (https://github.com/DotNetAnalyzers/StyleCopAnalyzers/blob/master/documentation/SA1101.md) [D:\leaveblackgithub\DDNCadAddins\src\DDNCadAddins\DDNCadAddins\DDNCadAddins.csproj]
D:\leaveblackgithub\DDNCadAddins\src\DDNCadAddins\DDNCadAddins\Services\XClipBlockService.Core.cs(120,37): warning SA1101: Prefix local calls with this (https://github.com/DotNetAnalyzers/StyleCopAnalyzers/blob/master/documentation/SA1101.md) [D:\leaveblackgithub\DDNCadAddins\src\DDNCadAddins\DDNCadAddins\DDNCadAddins.csproj]
D:\leaveblackgithub\DDNCadAddins\src\DDNCadAddins\DDNCadAddins\Services\XClipBlockService.Core.cs(123,39): warning SA1101: Prefix local calls with this (https://github.com/DotNetAnalyzers/StyleCopAnalyzers/blob/master/documentation/SA1101.md) [D:\leaveblackgithub\DDNCadAddins\src\DDNCadAddins\DDNCadAddins\DDNCadAddins.csproj]
D:\leaveblackgithub\DDNCadAddins\src\DDNCadAddins\DDNCadAddins\Infrastructure\FileLogger.cs(164,24): warning CA1822: 成员“GetAssemblyVersion”不访问实例数据，可标记为 static (https://docs.microsoft.com/dotnet/fundamentals/code-analysis/quality-rules/ca1822) [D:\leaveblackgithub\DDNCadAddins\src\DDNCadAddins\DDNCadAddins\DDNCadAddins.csproj]
D:\leaveblackgithub\DDNCadAddins\src\DDNCadAddins\DDNCadAddins\Services\BlockReferenceService.cs(298,17): warning SA1503: Braces should not be omitted (https://github.com/DotNetAnalyzers/StyleCopAnalyzers/blob/master/documentation/SA1503.md) [D:\leaveblackgithub\DDNCadAddins\src\DDNCadAddins\DDNCadAddins\DDNCadAddins.csproj]
D:\leaveblackgithub\DDNCadAddins\src\DDNCadAddins\DDNCadAddins\Commands\XClipCommand.cs(222,13): warning SA1101: Prefix local calls with this (https://github.com/DotNetAnalyzers/StyleCopAnalyzers/blob/master/documentation/SA1101.md) [D:\leaveblackgithub\DDNCadAddins\src\DDNCadAddins\DDNCadAddins\DDNCadAddins.csproj]
D:\leaveblackgithub\DDNCadAddins\src\DDNCadAddins\DDNCadAddins\Commands\XClipCommand.cs(224,31): warning SA1101: Prefix local calls with this (https://github.com/DotNetAnalyzers/StyleCopAnalyzers/blob/master/documentation/SA1101.md) [D:\leaveblackgithub\DDNCadAddins\src\DDNCadAddins\DDNCadAddins\DDNCadAddins.csproj]
D:\leaveblackgithub\DDNCadAddins\src\DDNCadAddins\DDNCadAddins\Commands\XClipCommand.cs(228,17): warning SA1101: Prefix local calls with this (https://github.com/DotNetAnalyzers/StyleCopAnalyzers/blob/master/documentation/SA1101.md) [D:\leaveblackgithub\DDNCadAddins\src\DDNCadAddins\DDNCadAddins\DDNCadAddins.csproj]
D:\leaveblackgithub\DDNCadAddins\src\DDNCadAddins\DDNCadAddins\Commands\XClipCommand.cs(232,17): warning SA1101: Prefix local calls with this (https://github.com/DotNetAnalyzers/StyleCopAnalyzers/blob/master/documentation/SA1101.md) [D:\leaveblackgithub\DDNCadAddins\src\DDNCadAddins\DDNCadAddins\DDNCadAddins.csproj]
D:\leaveblackgithub\DDNCadAddins\src\DDNCadAddins\DDNCadAddins\Commands\XClipCommand.cs(233,17): warning SA1101: Prefix local calls with this (https://github.com/DotNetAnalyzers/StyleCopAnalyzers/blob/master/documentation/SA1101.md) [D:\leaveblackgithub\DDNCadAddins\src\DDNCadAddins\DDNCadAddins\DDNCadAddins.csproj]
D:\leaveblackgithub\DDNCadAddins\src\DDNCadAddins\DDNCadAddins\Commands\XClipCommand.cs(242,13): warning SA1101: Prefix local calls with this (https://github.com/DotNetAnalyzers/StyleCopAnalyzers/blob/master/documentation/SA1101.md) [D:\leaveblackgithub\DDNCadAddins\src\DDNCadAddins\DDNCadAddins\DDNCadAddins.csproj]
D:\leaveblackgithub\DDNCadAddins\src\DDNCadAddins\DDNCadAddins\Commands\XClipCommand.cs(243,13): warning SA1101: Prefix local calls with this (https://github.com/DotNetAnalyzers/StyleCopAnalyzers/blob/master/documentation/SA1101.md) [D:\leaveblackgithub\DDNCadAddins\src\DDNCadAddins\DDNCadAddins\DDNCadAddins.csproj]
D:\leaveblackgithub\DDNCadAddins\src\DDNCadAddins\DDNCadAddins\Commands\XClipTestCommand.cs(160,40): warning SA1500: Braces for multi-line statements should not share line (https://github.com/DotNetAnalyzers/StyleCopAnalyzers/blob/master/documentation/SA1500.md) [D:\leaveblackgithub\DDNCadAddins\src\DDNCadAddins\DDNCadAddins\DDNCadAddins.csproj]
D:\leaveblackgithub\DDNCadAddins\src\DDNCadAddins\DDNCadAddins\Commands\XClipCommand.cs(244,13): warning SA1101: Prefix local calls with this (https://github.com/DotNetAnalyzers/StyleCopAnalyzers/blob/master/documentation/SA1101.md) [D:\leaveblackgithub\DDNCadAddins\src\DDNCadAddins\DDNCadAddins\DDNCadAddins.csproj]
D:\leaveblackgithub\DDNCadAddins\src\DDNCadAddins\DDNCadAddins\Commands\XClipCommand.cs(245,13): warning SA1101: Prefix local calls with this (https://github.com/DotNetAnalyzers/StyleCopAnalyzers/blob/master/documentation/SA1101.md) [D:\leaveblackgithub\DDNCadAddins\src\DDNCadAddins\DDNCadAddins\DDNCadAddins.csproj]
D:\leaveblackgithub\DDNCadAddins\src\DDNCadAddins\DDNCadAddins\Commands\XClipCommand.cs(246,13): warning SA1101: Prefix local calls with this (https://github.com/DotNetAnalyzers/StyleCopAnalyzers/blob/master/documentation/SA1101.md) [D:\leaveblackgithub\DDNCadAddins\src\DDNCadAddins\DDNCadAddins\DDNCadAddins.csproj]
D:\leaveblackgithub\DDNCadAddins\src\DDNCadAddins\DDNCadAddins\Commands\XClipCommand.cs(247,13): warning SA1101: Prefix local calls with this (https://github.com/DotNetAnalyzers/StyleCopAnalyzers/blob/master/documentation/SA1101.md) [D:\leaveblackgithub\DDNCadAddins\src\DDNCadAddins\DDNCadAddins\DDNCadAddins.csproj]
D:\leaveblackgithub\DDNCadAddins\src\DDNCadAddins\DDNCadAddins\Services\CsvExportService.cs(99,13): warning CA1031: 请修改“ExportToCsv”以捕获更具体的允许异常类型，或者重新抛出该异常 (https://docs.microsoft.com/dotnet/fundamentals/code-analysis/quality-rules/ca1031) [D:\leaveblackgithub\DDNCadAddins\src\DDNCadAddins\DDNCadAddins\DDNCadAddins.csproj]
D:\leaveblackgithub\DDNCadAddins\src\DDNCadAddins\DDNCadAddins\Commands\XClipTestCommand.cs(158,27): warning SA1101: Prefix local calls with this (https://github.com/DotNetAnalyzers/StyleCopAnalyzers/blob/master/documentation/SA1101.md) [D:\leaveblackgithub\DDNCadAddins\src\DDNCadAddins\DDNCadAddins\DDNCadAddins.csproj]
D:\leaveblackgithub\DDNCadAddins\src\DDNCadAddins\DDNCadAddins\Services\BlockReferenceService.cs(323,17): warning SA1101: Prefix local calls with this (https://github.com/DotNetAnalyzers/StyleCopAnalyzers/blob/master/documentation/SA1101.md) [D:\leaveblackgithub\DDNCadAddins\src\DDNCadAddins\DDNCadAddins\DDNCadAddins.csproj]
D:\leaveblackgithub\DDNCadAddins\src\DDNCadAddins\DDNCadAddins\Commands\XClipTestCommand.cs(160,13): warning SA1101: Prefix local calls with this (https://github.com/DotNetAnalyzers/StyleCopAnalyzers/blob/master/documentation/SA1101.md) [D:\leaveblackgithub\DDNCadAddins\src\DDNCadAddins\DDNCadAddins\DDNCadAddins.csproj]
D:\leaveblackgithub\DDNCadAddins\src\DDNCadAddins\DDNCadAddins\Commands\XClipTestCommand.cs(162,30): warning SA1101: Prefix local calls with this (https://github.com/DotNetAnalyzers/StyleCopAnalyzers/blob/master/documentation/SA1101.md) [D:\leaveblackgithub\DDNCadAddins\src\DDNCadAddins\DDNCadAddins\DDNCadAddins.csproj]
D:\leaveblackgithub\DDNCadAddins\src\DDNCadAddins\DDNCadAddins\Commands\XClipTestCommand.cs(164,17): warning SA1101: Prefix local calls with this (https://github.com/DotNetAnalyzers/StyleCopAnalyzers/blob/master/documentation/SA1101.md) [D:\leaveblackgithub\DDNCadAddins\src\DDNCadAddins\DDNCadAddins\DDNCadAddins.csproj]
D:\leaveblackgithub\DDNCadAddins\src\DDNCadAddins\DDNCadAddins\Services\XClipBlockService.Core.cs(207,25): warning SA1413: Use trailing comma in multi-line initializers (https://github.com/DotNetAnalyzers/StyleCopAnalyzers/blob/master/documentation/SA1413.md) [D:\leaveblackgithub\DDNCadAddins\src\DDNCadAddins\DDNCadAddins\DDNCadAddins.csproj]
D:\leaveblackgithub\DDNCadAddins\src\DDNCadAddins\DDNCadAddins\Commands\XClipTestCommand.cs(167,36): warning SA1101: Prefix local calls with this (https://github.com/DotNetAnalyzers/StyleCopAnalyzers/blob/master/documentation/SA1101.md) [D:\leaveblackgithub\DDNCadAddins\src\DDNCadAddins\DDNCadAddins\DDNCadAddins.csproj]
D:\leaveblackgithub\DDNCadAddins\src\DDNCadAddins\DDNCadAddins\Commands\XClipTestCommand.cs(170,35): warning SA1101: Prefix local calls with this (https://github.com/DotNetAnalyzers/StyleCopAnalyzers/blob/master/documentation/SA1101.md) [D:\leaveblackgithub\DDNCadAddins\src\DDNCadAddins\DDNCadAddins\DDNCadAddins.csproj]
D:\leaveblackgithub\DDNCadAddins\src\DDNCadAddins\DDNCadAddins\Commands\XClipTestCommand.cs(174,21): warning SA1101: Prefix local calls with this (https://github.com/DotNetAnalyzers/StyleCopAnalyzers/blob/master/documentation/SA1101.md) [D:\leaveblackgithub\DDNCadAddins\src\DDNCadAddins\DDNCadAddins\DDNCadAddins.csproj]
D:\leaveblackgithub\DDNCadAddins\src\DDNCadAddins\DDNCadAddins\Commands\XClipTestCommand.cs(175,21): warning SA1101: Prefix local calls with this (https://github.com/DotNetAnalyzers/StyleCopAnalyzers/blob/master/documentation/SA1101.md) [D:\leaveblackgithub\DDNCadAddins\src\DDNCadAddins\DDNCadAddins\DDNCadAddins.csproj]
D:\leaveblackgithub\DDNCadAddins\src\DDNCadAddins\DDNCadAddins\Commands\XClipTestCommand.cs(179,21): warning SA1101: Prefix local calls with this (https://github.com/DotNetAnalyzers/StyleCopAnalyzers/blob/master/documentation/SA1101.md) [D:\leaveblackgithub\DDNCadAddins\src\DDNCadAddins\DDNCadAddins\DDNCadAddins.csproj]
D:\leaveblackgithub\DDNCadAddins\src\DDNCadAddins\DDNCadAddins\Commands\XClipTestCommand.cs(160,34): warning SA1116: The parameters should begin on the line after the declaration, whenever the parameter span across multiple lines (https://github.com/DotNetAnalyzers/StyleCopAnalyzers/blob/master/documentation/SA1116.md) [D:\leaveblackgithub\DDNCadAddins\src\DDNCadAddins\DDNCadAddins\DDNCadAddins.csproj]
D:\leaveblackgithub\DDNCadAddins\src\DDNCadAddins\DDNCadAddins\Services\AcadUserInterfaceService.cs(121,17): warning CA1303: 方法“string AcadUserInterfaceService.GetCsvSavePath()”将文本字符串作为“void FileDialog.Title.set”的调用的参数“value”进行传递。改为从资源表检索以下字符串:“保存图块数据到CSV文件”。 (https://docs.microsoft.com/dotnet/fundamentals/code-analysis/quality-rules/ca1303) [D:\leaveblackgithub\DDNCadAddins\src\DDNCadAddins\DDNCadAddins\DDNCadAddins.csproj]
D:\leaveblackgithub\DDNCadAddins\src\DDNCadAddins\DDNCadAddins\Services\XClipBlockService.Core.cs(180,43): warning SA1101: Prefix local calls with this (https://github.com/DotNetAnalyzers/StyleCopAnalyzers/blob/master/documentation/SA1101.md) [D:\leaveblackgithub\DDNCadAddins\src\DDNCadAddins\DDNCadAddins\DDNCadAddins.csproj]
D:\leaveblackgithub\DDNCadAddins\src\DDNCadAddins\DDNCadAddins\Services\XClipBlockService.Core.cs(188,33): warning SA1101: Prefix local calls with this (https://github.com/DotNetAnalyzers/StyleCopAnalyzers/blob/master/documentation/SA1101.md) [D:\leaveblackgithub\DDNCadAddins\src\DDNCadAddins\DDNCadAddins\DDNCadAddins.csproj]
D:\leaveblackgithub\DDNCadAddins\src\DDNCadAddins\DDNCadAddins\Services\XClipBlockService.Core.cs(200,21): warning SA1101: Prefix local calls with this (https://github.com/DotNetAnalyzers/StyleCopAnalyzers/blob/master/documentation/SA1101.md) [D:\leaveblackgithub\DDNCadAddins\src\DDNCadAddins\DDNCadAddins\DDNCadAddins.csproj]
D:\leaveblackgithub\DDNCadAddins\src\DDNCadAddins\DDNCadAddins\Services\AcadUserInterfaceService.cs(122,17): warning CA1303: 方法“string AcadUserInterfaceService.GetCsvSavePath()”将文本字符串作为“void FileDialog.Filter.set”的调用的参数“value”进行传递。改为从资源表检索以下字符串:“CSV文件 (*.csv)|*.csv”。 (https://docs.microsoft.com/dotnet/fundamentals/code-analysis/quality-rules/ca1303) [D:\leaveblackgithub\DDNCadAddins\src\DDNCadAddins\DDNCadAddins\DDNCadAddins.csproj]
D:\leaveblackgithub\DDNCadAddins\src\DDNCadAddins\DDNCadAddins\Services\XClipBlockService.Core.cs(220,25): warning SA1101: Prefix local calls with this (https://github.com/DotNetAnalyzers/StyleCopAnalyzers/blob/master/documentation/SA1101.md) [D:\leaveblackgithub\DDNCadAddins\src\DDNCadAddins\DDNCadAddins\DDNCadAddins.csproj]
D:\leaveblackgithub\DDNCadAddins\src\DDNCadAddins\DDNCadAddins\Services\XClipBlockService.Core.cs(168,13): warning SA1117: The parameters should all be placed on the same line or each parameter should be placed on its own line. (https://github.com/DotNetAnalyzers/StyleCopAnalyzers/blob/master/documentation/SA1117.md) [D:\leaveblackgithub\DDNCadAddins\src\DDNCadAddins\DDNCadAddins\DDNCadAddins.csproj]
D:\leaveblackgithub\DDNCadAddins\src\DDNCadAddins\DDNCadAddins\Commands\XClipTest\XClipTestValidator.cs(191,43): warning CA1062: 在外部可见方法“void XClipTestValidator.VerifyResults(Database db, Dictionary<ObjectId, BlockState> initialStates)”中，先验证参数“initialStates”为非 null，然后再使用。如果适用，在参数为 null 时引发 ArgumentNullException，或添加断言非 null 参数的代码协定前提条件。 (https://docs.microsoft.com/dotnet/fundamentals/code-analysis/quality-rules/ca1062) [D:\leaveblackgithub\DDNCadAddins\src\DDNCadAddins\DDNCadAddins\DDNCadAddins.csproj]
D:\leaveblackgithub\DDNCadAddins\src\DDNCadAddins\DDNCadAddins\Commands\XClipTest\XClipTestValidator.cs(162,37): warning CA1062: 在外部可见方法“void XClipTestValidator.VerifyResults(Database db, Dictionary<ObjectId, BlockState> initialStates)”中，先验证参数“db”为非 null，然后再使用。如果适用，在参数为 null 时引发 ArgumentNullException，或添加断言非 null 参数的代码协定前提条件。 (https://docs.microsoft.com/dotnet/fundamentals/code-analysis/quality-rules/ca1062) [D:\leaveblackgithub\DDNCadAddins\src\DDNCadAddins\DDNCadAddins\DDNCadAddins.csproj]
D:\leaveblackgithub\DDNCadAddins\src\DDNCadAddins\DDNCadAddins\Services\XClipBlockService.Core.cs(129,16): warning SA1117: The parameters should all be placed on the same line or each parameter should be placed on its own line. (https://github.com/DotNetAnalyzers/StyleCopAnalyzers/blob/master/documentation/SA1117.md) [D:\leaveblackgithub\DDNCadAddins\src\DDNCadAddins\DDNCadAddins\DDNCadAddins.csproj]
D:\leaveblackgithub\DDNCadAddins\src\DDNCadAddins\DDNCadAddins\Commands\TestRunner.cs(352,23): warning SA1501: Statement should not be on a single line (https://github.com/DotNetAnalyzers/StyleCopAnalyzers/blob/master/documentation/SA1501.md) [D:\leaveblackgithub\DDNCadAddins\src\DDNCadAddins\DDNCadAddins\DDNCadAddins.csproj]
D:\leaveblackgithub\DDNCadAddins\src\DDNCadAddins\DDNCadAddins\Services\BlockReferenceService.cs(319,13): warning CA1031: 请修改“ExecuteXClipCommand”以捕获更具体的允许异常类型，或者重新抛出该异常 (https://docs.microsoft.com/dotnet/fundamentals/code-analysis/quality-rules/ca1031) [D:\leaveblackgithub\DDNCadAddins\src\DDNCadAddins\DDNCadAddins\DDNCadAddins.csproj]
D:\leaveblackgithub\DDNCadAddins\src\DDNCadAddins\DDNCadAddins\Services\AcadUserInterfaceService.cs(38,24): warning CA1822: 成员“GetCurrentEditor”不访问实例数据，可标记为 static (https://docs.microsoft.com/dotnet/fundamentals/code-analysis/quality-rules/ca1822) [D:\leaveblackgithub\DDNCadAddins\src\DDNCadAddins\DDNCadAddins\DDNCadAddins.csproj]
D:\leaveblackgithub\DDNCadAddins\src\DDNCadAddins\DDNCadAddins\Infrastructure\ServiceLocator.cs(153,44): warning SA1127: Generic type constraints should be on their own line (https://github.com/DotNetAnalyzers/StyleCopAnalyzers/blob/master/documentation/SA1127.md) [D:\leaveblackgithub\DDNCadAddins\src\DDNCadAddins\DDNCadAddins\DDNCadAddins.csproj]
D:\leaveblackgithub\DDNCadAddins\src\DDNCadAddins\DDNCadAddins\Services\XClipBlockService.Core.cs(224,13): warning CA1031: 请修改“ProcessBlockReference”以捕获更具体的允许异常类型，或者重新抛出该异常 (https://docs.microsoft.com/dotnet/fundamentals/code-analysis/quality-rules/ca1031) [D:\leaveblackgithub\DDNCadAddins\src\DDNCadAddins\DDNCadAddins\DDNCadAddins.csproj]
D:\leaveblackgithub\DDNCadAddins\src\DDNCadAddins\DDNCadAddins\Infrastructure\ServiceLocator.cs(178,25): warning CA1031: 请修改“CreateCommand”以捕获更具体的允许异常类型，或者重新抛出该异常 (https://docs.microsoft.com/dotnet/fundamentals/code-analysis/quality-rules/ca1031) [D:\leaveblackgithub\DDNCadAddins\src\DDNCadAddins\DDNCadAddins\DDNCadAddins.csproj]
D:\leaveblackgithub\DDNCadAddins\src\DDNCadAddins\DDNCadAddins\Commands\TestRunner.cs(303,13): warning SA1101: Prefix local calls with this (https://github.com/DotNetAnalyzers/StyleCopAnalyzers/blob/master/documentation/SA1101.md) [D:\leaveblackgithub\DDNCadAddins\src\DDNCadAddins\DDNCadAddins\DDNCadAddins.csproj]
D:\leaveblackgithub\DDNCadAddins\src\DDNCadAddins\DDNCadAddins\Commands\XClipTestCommand.cs(245,40): warning SA1500: Braces for multi-line statements should not share line (https://github.com/DotNetAnalyzers/StyleCopAnalyzers/blob/master/documentation/SA1500.md) [D:\leaveblackgithub\DDNCadAddins\src\DDNCadAddins\DDNCadAddins\DDNCadAddins.csproj]
D:\leaveblackgithub\DDNCadAddins\src\DDNCadAddins\DDNCadAddins\Commands\XClipTestCommand.cs(285,25): warning SA1503: Braces should not be omitted (https://github.com/DotNetAnalyzers/StyleCopAnalyzers/blob/master/documentation/SA1503.md) [D:\leaveblackgithub\DDNCadAddins\src\DDNCadAddins\DDNCadAddins\DDNCadAddins.csproj]
D:\leaveblackgithub\DDNCadAddins\src\DDNCadAddins\DDNCadAddins\Commands\XClipTestCommand.cs(288,25): warning SA1503: Braces should not be omitted (https://github.com/DotNetAnalyzers/StyleCopAnalyzers/blob/master/documentation/SA1503.md) [D:\leaveblackgithub\DDNCadAddins\src\DDNCadAddins\DDNCadAddins\DDNCadAddins.csproj]
D:\leaveblackgithub\DDNCadAddins\src\DDNCadAddins\DDNCadAddins\Commands\TestRunner.cs(361,17): warning SA1101: Prefix local calls with this (https://github.com/DotNetAnalyzers/StyleCopAnalyzers/blob/master/documentation/SA1101.md) [D:\leaveblackgithub\DDNCadAddins\src\DDNCadAddins\DDNCadAddins\DDNCadAddins.csproj]
D:\leaveblackgithub\DDNCadAddins\src\DDNCadAddins\DDNCadAddins\Commands\TestRunner.cs(364,17): warning SA1101: Prefix local calls with this (https://github.com/DotNetAnalyzers/StyleCopAnalyzers/blob/master/documentation/SA1101.md) [D:\leaveblackgithub\DDNCadAddins\src\DDNCadAddins\DDNCadAddins\DDNCadAddins.csproj]
D:\leaveblackgithub\DDNCadAddins\src\DDNCadAddins\DDNCadAddins\Commands\TestRunner.cs(368,25): warning SA1101: Prefix local calls with this (https://github.com/DotNetAnalyzers/StyleCopAnalyzers/blob/master/documentation/SA1101.md) [D:\leaveblackgithub\DDNCadAddins\src\DDNCadAddins\DDNCadAddins\DDNCadAddins.csproj]
D:\leaveblackgithub\DDNCadAddins\src\DDNCadAddins\DDNCadAddins\Commands\TestRunner.cs(406,33): warning SA1503: Braces should not be omitted (https://github.com/DotNetAnalyzers/StyleCopAnalyzers/blob/master/documentation/SA1503.md) [D:\leaveblackgithub\DDNCadAddins\src\DDNCadAddins\DDNCadAddins\DDNCadAddins.csproj]
D:\leaveblackgithub\DDNCadAddins\src\DDNCadAddins\DDNCadAddins\Commands\TestRunner.cs(371,25): warning SA1101: Prefix local calls with this (https://github.com/DotNetAnalyzers/StyleCopAnalyzers/blob/master/documentation/SA1101.md) [D:\leaveblackgithub\DDNCadAddins\src\DDNCadAddins\DDNCadAddins\DDNCadAddins.csproj]
D:\leaveblackgithub\DDNCadAddins\src\DDNCadAddins\DDNCadAddins\Commands\TestRunner.cs(374,25): warning SA1101: Prefix local calls with this (https://github.com/DotNetAnalyzers/StyleCopAnalyzers/blob/master/documentation/SA1101.md) [D:\leaveblackgithub\DDNCadAddins\src\DDNCadAddins\DDNCadAddins\DDNCadAddins.csproj]
D:\leaveblackgithub\DDNCadAddins\src\DDNCadAddins\DDNCadAddins\Commands\TestRunner.cs(379,17): warning SA1101: Prefix local calls with this (https://github.com/DotNetAnalyzers/StyleCopAnalyzers/blob/master/documentation/SA1101.md) [D:\leaveblackgithub\DDNCadAddins\src\DDNCadAddins\DDNCadAddins\DDNCadAddins.csproj]
D:\leaveblackgithub\DDNCadAddins\src\DDNCadAddins\DDNCadAddins\Commands\TestRunner.cs(383,30): warning SA1101: Prefix local calls with this (https://github.com/DotNetAnalyzers/StyleCopAnalyzers/blob/master/documentation/SA1101.md) [D:\leaveblackgithub\DDNCadAddins\src\DDNCadAddins\DDNCadAddins\DDNCadAddins.csproj]
D:\leaveblackgithub\DDNCadAddins\src\DDNCadAddins\DDNCadAddins\Commands\XClipTest\XClipTestCreator2.cs(169,42): warning CA1062: 在外部可见方法“void XClipTestCreator.SetLayerFrozen(Transaction tr, Database db, string layerName, bool frozen)”中，先验证参数“db”为非 null，然后再使用。如果适用，在参数为 null 时引发 ArgumentNullException，或添加断言非 null 参数的代码协定前提条件。 (https://docs.microsoft.com/dotnet/fundamentals/code-analysis/quality-rules/ca1062) [D:\leaveblackgithub\DDNCadAddins\src\DDNCadAddins\DDNCadAddins\DDNCadAddins.csproj]
D:\leaveblackgithub\DDNCadAddins\src\DDNCadAddins\DDNCadAddins\Commands\XClipTest\XClipTestCreator2.cs(187,46): warning CA1062: 在外部可见方法“void XClipTestCreator.LoadLineType(Transaction tr, Database db, string lineTypeName)”中，先验证参数“db”为非 null，然后再使用。如果适用，在参数为 null 时引发 ArgumentNullException，或添加断言非 null 参数的代码协定前提条件。 (https://docs.microsoft.com/dotnet/fundamentals/code-analysis/quality-rules/ca1062) [D:\leaveblackgithub\DDNCadAddins\src\DDNCadAddins\DDNCadAddins\DDNCadAddins.csproj]
D:\leaveblackgithub\DDNCadAddins\src\DDNCadAddins\DDNCadAddins\Commands\XClipTest\XClipTestCreator2.cs(169,29): warning CA1062: 在外部可见方法“void XClipTestCreator.SetLayerFrozen(Transaction tr, Database db, string layerName, bool frozen)”中，先验证参数“tr”为非 null，然后再使用。如果适用，在参数为 null 时引发 ArgumentNullException，或添加断言非 null 参数的代码协定前提条件。 (https://docs.microsoft.com/dotnet/fundamentals/code-analysis/quality-rules/ca1062) [D:\leaveblackgithub\DDNCadAddins\src\DDNCadAddins\DDNCadAddins\DDNCadAddins.csproj]
D:\leaveblackgithub\DDNCadAddins\src\DDNCadAddins\DDNCadAddins\Commands\XClipTest\XClipTestCreator2.cs(187,33): warning CA1062: 在外部可见方法“void XClipTestCreator.LoadLineType(Transaction tr, Database db, string lineTypeName)”中，先验证参数“tr”为非 null，然后再使用。如果适用，在参数为 null 时引发 ArgumentNullException，或添加断言非 null 参数的代码协定前提条件。 (https://docs.microsoft.com/dotnet/fundamentals/code-analysis/quality-rules/ca1062) [D:\leaveblackgithub\DDNCadAddins\src\DDNCadAddins\DDNCadAddins\DDNCadAddins.csproj]
D:\leaveblackgithub\DDNCadAddins\src\DDNCadAddins\DDNCadAddins\Commands\TestRunner.cs(405,26): warning SA1101: Prefix local calls with this (https://github.com/DotNetAnalyzers/StyleCopAnalyzers/blob/master/documentation/SA1101.md) [D:\leaveblackgithub\DDNCadAddins\src\DDNCadAddins\DDNCadAddins\DDNCadAddins.csproj]
D:\leaveblackgithub\DDNCadAddins\src\DDNCadAddins\DDNCadAddins\Commands\TestRunner.cs(409,41): warning SA1101: Prefix local calls with this (https://github.com/DotNetAnalyzers/StyleCopAnalyzers/blob/master/documentation/SA1101.md) [D:\leaveblackgithub\DDNCadAddins\src\DDNCadAddins\DDNCadAddins\DDNCadAddins.csproj]
D:\leaveblackgithub\DDNCadAddins\src\DDNCadAddins\DDNCadAddins\Commands\TestRunner.cs(410,40): warning SA1101: Prefix local calls with this (https://github.com/DotNetAnalyzers/StyleCopAnalyzers/blob/master/documentation/SA1101.md) [D:\leaveblackgithub\DDNCadAddins\src\DDNCadAddins\DDNCadAddins\DDNCadAddins.csproj]
D:\leaveblackgithub\DDNCadAddins\src\DDNCadAddins\DDNCadAddins\Commands\TestRunner.cs(411,40): warning SA1101: Prefix local calls with this (https://github.com/DotNetAnalyzers/StyleCopAnalyzers/blob/master/documentation/SA1101.md) [D:\leaveblackgithub\DDNCadAddins\src\DDNCadAddins\DDNCadAddins\DDNCadAddins.csproj]
D:\leaveblackgithub\DDNCadAddins\src\DDNCadAddins\DDNCadAddins\Commands\TestRunner.cs(412,40): warning SA1101: Prefix local calls with this (https://github.com/DotNetAnalyzers/StyleCopAnalyzers/blob/master/documentation/SA1101.md) [D:\leaveblackgithub\DDNCadAddins\src\DDNCadAddins\DDNCadAddins\DDNCadAddins.csproj]
D:\leaveblackgithub\DDNCadAddins\src\DDNCadAddins\DDNCadAddins\Commands\TestRunner.cs(413,41): warning SA1101: Prefix local calls with this (https://github.com/DotNetAnalyzers/StyleCopAnalyzers/blob/master/documentation/SA1101.md) [D:\leaveblackgithub\DDNCadAddins\src\DDNCadAddins\DDNCadAddins\DDNCadAddins.csproj]
D:\leaveblackgithub\DDNCadAddins\src\DDNCadAddins\DDNCadAddins\Commands\XClipTest\XClipTestCreator2.cs(184,21): warning CA1822: 成员“LoadLineType”不访问实例数据，可标记为 static (https://docs.microsoft.com/dotnet/fundamentals/code-analysis/quality-rules/ca1822) [D:\leaveblackgithub\DDNCadAddins\src\DDNCadAddins\DDNCadAddins\DDNCadAddins.csproj]
D:\leaveblackgithub\DDNCadAddins\src\DDNCadAddins\DDNCadAddins\Commands\XClipTest\XClipTestCreator2.cs(166,21): warning CA1822: 成员“SetLayerFrozen”不访问实例数据，可标记为 static (https://docs.microsoft.com/dotnet/fundamentals/code-analysis/quality-rules/ca1822) [D:\leaveblackgithub\DDNCadAddins\src\DDNCadAddins\DDNCadAddins\DDNCadAddins.csproj]
D:\leaveblackgithub\DDNCadAddins\src\DDNCadAddins\DDNCadAddins\Commands\XClipTestCommand.cs(243,27): warning SA1101: Prefix local calls with this (https://github.com/DotNetAnalyzers/StyleCopAnalyzers/blob/master/documentation/SA1101.md) [D:\leaveblackgithub\DDNCadAddins\src\DDNCadAddins\DDNCadAddins\DDNCadAddins.csproj]
D:\leaveblackgithub\DDNCadAddins\src\DDNCadAddins\DDNCadAddins\Commands\XClipTestCommand.cs(245,13): warning SA1101: Prefix local calls with this (https://github.com/DotNetAnalyzers/StyleCopAnalyzers/blob/master/documentation/SA1101.md) [D:\leaveblackgithub\DDNCadAddins\src\DDNCadAddins\DDNCadAddins\DDNCadAddins.csproj]
D:\leaveblackgithub\DDNCadAddins\src\DDNCadAddins\DDNCadAddins\Commands\XClipTest\XClipTestCreator3.cs(36,25): warning SA1503: Braces should not be omitted (https://github.com/DotNetAnalyzers/StyleCopAnalyzers/blob/master/documentation/SA1503.md) [D:\leaveblackgithub\DDNCadAddins\src\DDNCadAddins\DDNCadAddins\DDNCadAddins.csproj]
D:\leaveblackgithub\DDNCadAddins\src\DDNCadAddins\DDNCadAddins\Commands\XClipTest\XClipTestCreator3.cs(57,25): warning SA1503: Braces should not be omitted (https://github.com/DotNetAnalyzers/StyleCopAnalyzers/blob/master/documentation/SA1503.md) [D:\leaveblackgithub\DDNCadAddins\src\DDNCadAddins\DDNCadAddins\DDNCadAddins.csproj]
D:\leaveblackgithub\DDNCadAddins\src\DDNCadAddins\DDNCadAddins\Commands\XClipTestCommand.cs(247,30): warning SA1101: Prefix local calls with this (https://github.com/DotNetAnalyzers/StyleCopAnalyzers/blob/master/documentation/SA1101.md) [D:\leaveblackgithub\DDNCadAddins\src\DDNCadAddins\DDNCadAddins\DDNCadAddins.csproj]
D:\leaveblackgithub\DDNCadAddins\src\DDNCadAddins\DDNCadAddins\Commands\XClipTestCommand.cs(249,17): warning SA1101: Prefix local calls with this (https://github.com/DotNetAnalyzers/StyleCopAnalyzers/blob/master/documentation/SA1101.md) [D:\leaveblackgithub\DDNCadAddins\src\DDNCadAddins\DDNCadAddins\DDNCadAddins.csproj]
D:\leaveblackgithub\DDNCadAddins\src\DDNCadAddins\DDNCadAddins\Commands\XClipTestCommand.cs(300,40): warning SA1500: Braces for multi-line statements should not share line (https://github.com/DotNetAnalyzers/StyleCopAnalyzers/blob/master/documentation/SA1500.md) [D:\leaveblackgithub\DDNCadAddins\src\DDNCadAddins\DDNCadAddins\DDNCadAddins.csproj]
D:\leaveblackgithub\DDNCadAddins\src\DDNCadAddins\DDNCadAddins\Commands\XClipTestCommand.cs(191,40): warning SA1500: Braces for multi-line statements should not share line (https://github.com/DotNetAnalyzers/StyleCopAnalyzers/blob/master/documentation/SA1500.md) [D:\leaveblackgithub\DDNCadAddins\src\DDNCadAddins\DDNCadAddins\DDNCadAddins.csproj]
D:\leaveblackgithub\DDNCadAddins\src\DDNCadAddins\DDNCadAddins\Commands\XClipTestCommand.cs(252,44): warning SA1101: Prefix local calls with this (https://github.com/DotNetAnalyzers/StyleCopAnalyzers/blob/master/documentation/SA1101.md) [D:\leaveblackgithub\DDNCadAddins\src\DDNCadAddins\DDNCadAddins\DDNCadAddins.csproj]
D:\leaveblackgithub\DDNCadAddins\src\DDNCadAddins\DDNCadAddins\Commands\XClipTestCommand.cs(260,45): warning SA1101: Prefix local calls with this (https://github.com/DotNetAnalyzers/StyleCopAnalyzers/blob/master/documentation/SA1101.md) [D:\leaveblackgithub\DDNCadAddins\src\DDNCadAddins\DDNCadAddins\DDNCadAddins.csproj]
D:\leaveblackgithub\DDNCadAddins\src\DDNCadAddins\DDNCadAddins\Commands\XClipTestCommand.cs(263,37): warning SA1101: Prefix local calls with this (https://github.com/DotNetAnalyzers/StyleCopAnalyzers/blob/master/documentation/SA1101.md) [D:\leaveblackgithub\DDNCadAddins\src\DDNCadAddins\DDNCadAddins\DDNCadAddins.csproj]
D:\leaveblackgithub\DDNCadAddins\src\DDNCadAddins\DDNCadAddins\Commands\XClipTestCommand.cs(347,40): warning SA1500: Braces for multi-line statements should not share line (https://github.com/DotNetAnalyzers/StyleCopAnalyzers/blob/master/documentation/SA1500.md) [D:\leaveblackgithub\DDNCadAddins\src\DDNCadAddins\DDNCadAddins\DDNCadAddins.csproj]
D:\leaveblackgithub\DDNCadAddins\src\DDNCadAddins\DDNCadAddins\Commands\XClipTestCommand.cs(269,44): warning SA1101: Prefix local calls with this (https://github.com/DotNetAnalyzers/StyleCopAnalyzers/blob/master/documentation/SA1101.md) [D:\leaveblackgithub\DDNCadAddins\src\DDNCadAddins\DDNCadAddins\DDNCadAddins.csproj]
D:\leaveblackgithub\DDNCadAddins\src\DDNCadAddins\DDNCadAddins\Commands\XClipTestCommand.cs(272,43): warning SA1101: Prefix local calls with this (https://github.com/DotNetAnalyzers/StyleCopAnalyzers/blob/master/documentation/SA1101.md) [D:\leaveblackgithub\DDNCadAddins\src\DDNCadAddins\DDNCadAddins\DDNCadAddins.csproj]
D:\leaveblackgithub\DDNCadAddins\src\DDNCadAddins\DDNCadAddins\Commands\XClipTestCommand.cs(274,21): warning SA1101: Prefix local calls with this (https://github.com/DotNetAnalyzers/StyleCopAnalyzers/blob/master/documentation/SA1101.md) [D:\leaveblackgithub\DDNCadAddins\src\DDNCadAddins\DDNCadAddins\DDNCadAddins.csproj]
D:\leaveblackgithub\DDNCadAddins\src\DDNCadAddins\DDNCadAddins\Commands\XClipTestCommand.cs(279,21): warning SA1101: Prefix local calls with this (https://github.com/DotNetAnalyzers/StyleCopAnalyzers/blob/master/documentation/SA1101.md) [D:\leaveblackgithub\DDNCadAddins\src\DDNCadAddins\DDNCadAddins\DDNCadAddins.csproj]
D:\leaveblackgithub\DDNCadAddins\src\DDNCadAddins\DDNCadAddins\Commands\XClipTestCommand.cs(280,21): warning SA1101: Prefix local calls with this (https://github.com/DotNetAnalyzers/StyleCopAnalyzers/blob/master/documentation/SA1101.md) [D:\leaveblackgithub\DDNCadAddins\src\DDNCadAddins\DDNCadAddins\DDNCadAddins.csproj]
D:\leaveblackgithub\DDNCadAddins\src\DDNCadAddins\DDNCadAddins\Commands\XClipTestCommand.cs(285,25): warning SA1101: Prefix local calls with this (https://github.com/DotNetAnalyzers/StyleCopAnalyzers/blob/master/documentation/SA1101.md) [D:\leaveblackgithub\DDNCadAddins\src\DDNCadAddins\DDNCadAddins\DDNCadAddins.csproj]
D:\leaveblackgithub\DDNCadAddins\src\DDNCadAddins\DDNCadAddins\Commands\XClipTestCommand.cs(288,25): warning SA1101: Prefix local calls with this (https://github.com/DotNetAnalyzers/StyleCopAnalyzers/blob/master/documentation/SA1101.md) [D:\leaveblackgithub\DDNCadAddins\src\DDNCadAddins\DDNCadAddins\DDNCadAddins.csproj]
D:\leaveblackgithub\DDNCadAddins\src\DDNCadAddins\DDNCadAddins\Commands\XClipTestCommand.cs(345,27): warning SA1101: Prefix local calls with this (https://github.com/DotNetAnalyzers/StyleCopAnalyzers/blob/master/documentation/SA1101.md) [D:\leaveblackgithub\DDNCadAddins\src\DDNCadAddins\DDNCadAddins\DDNCadAddins.csproj]
D:\leaveblackgithub\DDNCadAddins\src\DDNCadAddins\DDNCadAddins\Commands\XClipTestCommand.cs(347,13): warning SA1101: Prefix local calls with this (https://github.com/DotNetAnalyzers/StyleCopAnalyzers/blob/master/documentation/SA1101.md) [D:\leaveblackgithub\DDNCadAddins\src\DDNCadAddins\DDNCadAddins\DDNCadAddins.csproj]
D:\leaveblackgithub\DDNCadAddins\src\DDNCadAddins\DDNCadAddins\Commands\XClipTestCommand.cs(349,30): warning SA1101: Prefix local calls with this (https://github.com/DotNetAnalyzers/StyleCopAnalyzers/blob/master/documentation/SA1101.md) [D:\leaveblackgithub\DDNCadAddins\src\DDNCadAddins\DDNCadAddins\DDNCadAddins.csproj]
D:\leaveblackgithub\DDNCadAddins\src\DDNCadAddins\DDNCadAddins\Commands\XClipTestCommand.cs(351,17): warning SA1101: Prefix local calls with this (https://github.com/DotNetAnalyzers/StyleCopAnalyzers/blob/master/documentation/SA1101.md) [D:\leaveblackgithub\DDNCadAddins\src\DDNCadAddins\DDNCadAddins\DDNCadAddins.csproj]
D:\leaveblackgithub\DDNCadAddins\src\DDNCadAddins\DDNCadAddins\Commands\XClipTestCommand.cs(298,27): warning SA1101: Prefix local calls with this (https://github.com/DotNetAnalyzers/StyleCopAnalyzers/blob/master/documentation/SA1101.md) [D:\leaveblackgithub\DDNCadAddins\src\DDNCadAddins\DDNCadAddins\DDNCadAddins.csproj]
D:\leaveblackgithub\DDNCadAddins\src\DDNCadAddins\DDNCadAddins\Commands\XClipTestCommand.cs(300,13): warning SA1101: Prefix local calls with this (https://github.com/DotNetAnalyzers/StyleCopAnalyzers/blob/master/documentation/SA1101.md) [D:\leaveblackgithub\DDNCadAddins\src\DDNCadAddins\DDNCadAddins\DDNCadAddins.csproj]
D:\leaveblackgithub\DDNCadAddins\src\DDNCadAddins\DDNCadAddins\Commands\XClipTestCommand.cs(354,45): warning SA1101: Prefix local calls with this (https://github.com/DotNetAnalyzers/StyleCopAnalyzers/blob/master/documentation/SA1101.md) [D:\leaveblackgithub\DDNCadAddins\src\DDNCadAddins\DDNCadAddins\DDNCadAddins.csproj]
D:\leaveblackgithub\DDNCadAddins\src\DDNCadAddins\DDNCadAddins\Commands\XClipTestCommand.cs(189,27): warning SA1101: Prefix local calls with this (https://github.com/DotNetAnalyzers/StyleCopAnalyzers/blob/master/documentation/SA1101.md) [D:\leaveblackgithub\DDNCadAddins\src\DDNCadAddins\DDNCadAddins\DDNCadAddins.csproj]
D:\leaveblackgithub\DDNCadAddins\src\DDNCadAddins\DDNCadAddins\Commands\XClipTestCommand.cs(191,13): warning SA1101: Prefix local calls with this (https://github.com/DotNetAnalyzers/StyleCopAnalyzers/blob/master/documentation/SA1101.md) [D:\leaveblackgithub\DDNCadAddins\src\DDNCadAddins\DDNCadAddins\DDNCadAddins.csproj]
D:\leaveblackgithub\DDNCadAddins\src\DDNCadAddins\DDNCadAddins\Commands\XClipTestCommand.cs(302,30): warning SA1101: Prefix local calls with this (https://github.com/DotNetAnalyzers/StyleCopAnalyzers/blob/master/documentation/SA1101.md) [D:\leaveblackgithub\DDNCadAddins\src\DDNCadAddins\DDNCadAddins\DDNCadAddins.csproj]
D:\leaveblackgithub\DDNCadAddins\src\DDNCadAddins\DDNCadAddins\Commands\XClipTestCommand.cs(357,35): warning SA1101: Prefix local calls with this (https://github.com/DotNetAnalyzers/StyleCopAnalyzers/blob/master/documentation/SA1101.md) [D:\leaveblackgithub\DDNCadAddins\src\DDNCadAddins\DDNCadAddins\DDNCadAddins.csproj]
D:\leaveblackgithub\DDNCadAddins\src\DDNCadAddins\DDNCadAddins\Commands\XClipTestCommand.cs(193,30): warning SA1101: Prefix local calls with this (https://github.com/DotNetAnalyzers/StyleCopAnalyzers/blob/master/documentation/SA1101.md) [D:\leaveblackgithub\DDNCadAddins\src\DDNCadAddins\DDNCadAddins\DDNCadAddins.csproj]
D:\leaveblackgithub\DDNCadAddins\src\DDNCadAddins\DDNCadAddins\Commands\XClipTest\XClipTestCreator3.cs(86,44): warning SA1101: Prefix local calls with this (https://github.com/DotNetAnalyzers/StyleCopAnalyzers/blob/master/documentation/SA1101.md) [D:\leaveblackgithub\DDNCadAddins\src\DDNCadAddins\DDNCadAddins\DDNCadAddins.csproj]
D:\leaveblackgithub\DDNCadAddins\src\DDNCadAddins\DDNCadAddins\Commands\XClipTestCommand.cs(304,17): warning SA1101: Prefix local calls with this (https://github.com/DotNetAnalyzers/StyleCopAnalyzers/blob/master/documentation/SA1101.md) [D:\leaveblackgithub\DDNCadAddins\src\DDNCadAddins\DDNCadAddins\DDNCadAddins.csproj]
D:\leaveblackgithub\DDNCadAddins\src\DDNCadAddins\DDNCadAddins\Commands\XClipTestCommand.cs(361,21): warning SA1101: Prefix local calls with this (https://github.com/DotNetAnalyzers/StyleCopAnalyzers/blob/master/documentation/SA1101.md) [D:\leaveblackgithub\DDNCadAddins\src\DDNCadAddins\DDNCadAddins\DDNCadAddins.csproj]
D:\leaveblackgithub\DDNCadAddins\src\DDNCadAddins\DDNCadAddins\Commands\XClipTestCommand.cs(195,17): warning SA1101: Prefix local calls with this (https://github.com/DotNetAnalyzers/StyleCopAnalyzers/blob/master/documentation/SA1101.md) [D:\leaveblackgithub\DDNCadAddins\src\DDNCadAddins\DDNCadAddins\DDNCadAddins.csproj]
D:\leaveblackgithub\DDNCadAddins\src\DDNCadAddins\DDNCadAddins\Commands\XClipTestCommand.cs(362,21): warning SA1101: Prefix local calls with this (https://github.com/DotNetAnalyzers/StyleCopAnalyzers/blob/master/documentation/SA1101.md) [D:\leaveblackgithub\DDNCadAddins\src\DDNCadAddins\DDNCadAddins\DDNCadAddins.csproj]
D:\leaveblackgithub\DDNCadAddins\src\DDNCadAddins\DDNCadAddins\Commands\XClipTestCommand.cs(202,41): warning SA1101: Prefix local calls with this (https://github.com/DotNetAnalyzers/StyleCopAnalyzers/blob/master/documentation/SA1101.md) [D:\leaveblackgithub\DDNCadAddins\src\DDNCadAddins\DDNCadAddins\DDNCadAddins.csproj]
D:\leaveblackgithub\DDNCadAddins\src\DDNCadAddins\DDNCadAddins\Commands\XClipTestCommand.cs(309,21): warning SA1101: Prefix local calls with this (https://github.com/DotNetAnalyzers/StyleCopAnalyzers/blob/master/documentation/SA1101.md) [D:\leaveblackgithub\DDNCadAddins\src\DDNCadAddins\DDNCadAddins\DDNCadAddins.csproj]
D:\leaveblackgithub\DDNCadAddins\src\DDNCadAddins\DDNCadAddins\Commands\XClipTestCommand.cs(363,21): warning SA1101: Prefix local calls with this (https://github.com/DotNetAnalyzers/StyleCopAnalyzers/blob/master/documentation/SA1101.md) [D:\leaveblackgithub\DDNCadAddins\src\DDNCadAddins\DDNCadAddins\DDNCadAddins.csproj]
D:\leaveblackgithub\DDNCadAddins\src\DDNCadAddins\DDNCadAddins\Commands\XClipTestCommand.cs(367,21): warning SA1101: Prefix local calls with this (https://github.com/DotNetAnalyzers/StyleCopAnalyzers/blob/master/documentation/SA1101.md) [D:\leaveblackgithub\DDNCadAddins\src\DDNCadAddins\DDNCadAddins\DDNCadAddins.csproj]
D:\leaveblackgithub\DDNCadAddins\src\DDNCadAddins\DDNCadAddins\Commands\XClipTestCommand.cs(312,21): warning SA1101: Prefix local calls with this (https://github.com/DotNetAnalyzers/StyleCopAnalyzers/blob/master/documentation/SA1101.md) [D:\leaveblackgithub\DDNCadAddins\src\DDNCadAddins\DDNCadAddins\DDNCadAddins.csproj]
D:\leaveblackgithub\DDNCadAddins\src\DDNCadAddins\DDNCadAddins\Commands\XClipTestCommand.cs(205,41): warning SA1101: Prefix local calls with this (https://github.com/DotNetAnalyzers/StyleCopAnalyzers/blob/master/documentation/SA1101.md) [D:\leaveblackgithub\DDNCadAddins\src\DDNCadAddins\DDNCadAddins\DDNCadAddins.csproj]
D:\leaveblackgithub\DDNCadAddins\src\DDNCadAddins\DDNCadAddins\Commands\XClipTestCommand.cs(318,43): warning SA1101: Prefix local calls with this (https://github.com/DotNetAnalyzers/StyleCopAnalyzers/blob/master/documentation/SA1101.md) [D:\leaveblackgithub\DDNCadAddins\src\DDNCadAddins\DDNCadAddins\DDNCadAddins.csproj]
D:\leaveblackgithub\DDNCadAddins\src\DDNCadAddins\DDNCadAddins\Commands\XClipTestCommand.cs(208,41): warning SA1101: Prefix local calls with this (https://github.com/DotNetAnalyzers/StyleCopAnalyzers/blob/master/documentation/SA1101.md) [D:\leaveblackgithub\DDNCadAddins\src\DDNCadAddins\DDNCadAddins\DDNCadAddins.csproj]
D:\leaveblackgithub\DDNCadAddins\src\DDNCadAddins\DDNCadAddins\Commands\XClipTestCommand.cs(321,35): warning SA1101: Prefix local calls with this (https://github.com/DotNetAnalyzers/StyleCopAnalyzers/blob/master/documentation/SA1101.md) [D:\leaveblackgithub\DDNCadAddins\src\DDNCadAddins\DDNCadAddins\DDNCadAddins.csproj]
D:\leaveblackgithub\DDNCadAddins\src\DDNCadAddins\DDNCadAddins\Commands\XClipTestCommand.cs(214,43): warning SA1101: Prefix local calls with this (https://github.com/DotNetAnalyzers/StyleCopAnalyzers/blob/master/documentation/SA1101.md) [D:\leaveblackgithub\DDNCadAddins\src\DDNCadAddins\DDNCadAddins\DDNCadAddins.csproj]
D:\leaveblackgithub\DDNCadAddins\src\DDNCadAddins\DDNCadAddins\Commands\XClipTestCommand.cs(347,34): warning SA1116: The parameters should begin on the line after the declaration, whenever the parameter span across multiple lines (https://github.com/DotNetAnalyzers/StyleCopAnalyzers/blob/master/documentation/SA1116.md) [D:\leaveblackgithub\DDNCadAddins\src\DDNCadAddins\DDNCadAddins\DDNCadAddins.csproj]
D:\leaveblackgithub\DDNCadAddins\src\DDNCadAddins\DDNCadAddins\Commands\XClipTestCommand.cs(325,21): warning SA1101: Prefix local calls with this (https://github.com/DotNetAnalyzers/StyleCopAnalyzers/blob/master/documentation/SA1101.md) [D:\leaveblackgithub\DDNCadAddins\src\DDNCadAddins\DDNCadAddins\DDNCadAddins.csproj]
D:\leaveblackgithub\DDNCadAddins\src\DDNCadAddins\DDNCadAddins\Commands\XClipTest\XClipTestCreator3.cs(108,17): warning SA1503: Braces should not be omitted (https://github.com/DotNetAnalyzers/StyleCopAnalyzers/blob/master/documentation/SA1503.md) [D:\leaveblackgithub\DDNCadAddins\src\DDNCadAddins\DDNCadAddins\DDNCadAddins.csproj]
D:\leaveblackgithub\DDNCadAddins\src\DDNCadAddins\DDNCadAddins\Commands\XClipTest\XClipTestCreator3.cs(114,17): warning SA1503: Braces should not be omitted (https://github.com/DotNetAnalyzers/StyleCopAnalyzers/blob/master/documentation/SA1503.md) [D:\leaveblackgithub\DDNCadAddins\src\DDNCadAddins\DDNCadAddins\DDNCadAddins.csproj]
D:\leaveblackgithub\DDNCadAddins\src\DDNCadAddins\DDNCadAddins\Commands\XClipTest\XClipTestCreator3.cs(125,25): warning SA1503: Braces should not be omitted (https://github.com/DotNetAnalyzers/StyleCopAnalyzers/blob/master/documentation/SA1503.md) [D:\leaveblackgithub\DDNCadAddins\src\DDNCadAddins\DDNCadAddins\DDNCadAddins.csproj]
D:\leaveblackgithub\DDNCadAddins\src\DDNCadAddins\DDNCadAddins\Commands\XClipTestCommand.cs(219,39): warning SA1101: Prefix local calls with this (https://github.com/DotNetAnalyzers/StyleCopAnalyzers/blob/master/documentation/SA1101.md) [D:\leaveblackgithub\DDNCadAddins\src\DDNCadAddins\DDNCadAddins\DDNCadAddins.csproj]
D:\leaveblackgithub\DDNCadAddins\src\DDNCadAddins\DDNCadAddins\Commands\XClipTestCommand.cs(326,21): warning SA1101: Prefix local calls with this (https://github.com/DotNetAnalyzers/StyleCopAnalyzers/blob/master/documentation/SA1101.md) [D:\leaveblackgithub\DDNCadAddins\src\DDNCadAddins\DDNCadAddins\DDNCadAddins.csproj]
D:\leaveblackgithub\DDNCadAddins\src\DDNCadAddins\DDNCadAddins\Commands\XClipTestCommand.cs(327,21): warning SA1101: Prefix local calls with this (https://github.com/DotNetAnalyzers/StyleCopAnalyzers/blob/master/documentation/SA1101.md) [D:\leaveblackgithub\DDNCadAddins\src\DDNCadAddins\DDNCadAddins\DDNCadAddins.csproj]
D:\leaveblackgithub\DDNCadAddins\src\DDNCadAddins\DDNCadAddins\Commands\XClipTestCommand.cs(223,25): warning SA1101: Prefix local calls with this (https://github.com/DotNetAnalyzers/StyleCopAnalyzers/blob/master/documentation/SA1101.md) [D:\leaveblackgithub\DDNCadAddins\src\DDNCadAddins\DDNCadAddins\DDNCadAddins.csproj]
D:\leaveblackgithub\DDNCadAddins\src\DDNCadAddins\DDNCadAddins\Commands\XClipTestCommand.cs(328,21): warning SA1101: Prefix local calls with this (https://github.com/DotNetAnalyzers/StyleCopAnalyzers/blob/master/documentation/SA1101.md) [D:\leaveblackgithub\DDNCadAddins\src\DDNCadAddins\DDNCadAddins\DDNCadAddins.csproj]
D:\leaveblackgithub\DDNCadAddins\src\DDNCadAddins\DDNCadAddins\Commands\XClipTestCommand.cs(379,40): warning SA1500: Braces for multi-line statements should not share line (https://github.com/DotNetAnalyzers/StyleCopAnalyzers/blob/master/documentation/SA1500.md) [D:\leaveblackgithub\DDNCadAddins\src\DDNCadAddins\DDNCadAddins\DDNCadAddins.csproj]
D:\leaveblackgithub\DDNCadAddins\src\DDNCadAddins\DDNCadAddins\Commands\XClipTestCommand.cs(224,25): warning SA1101: Prefix local calls with this (https://github.com/DotNetAnalyzers/StyleCopAnalyzers/blob/master/documentation/SA1101.md) [D:\leaveblackgithub\DDNCadAddins\src\DDNCadAddins\DDNCadAddins\DDNCadAddins.csproj]
D:\leaveblackgithub\DDNCadAddins\src\DDNCadAddins\DDNCadAddins\Commands\XClipTestCommand.cs(329,21): warning SA1101: Prefix local calls with this (https://github.com/DotNetAnalyzers/StyleCopAnalyzers/blob/master/documentation/SA1101.md) [D:\leaveblackgithub\DDNCadAddins\src\DDNCadAddins\DDNCadAddins\DDNCadAddins.csproj]
D:\leaveblackgithub\DDNCadAddins\src\DDNCadAddins\DDNCadAddins\Commands\XClipTestCommand.cs(228,25): warning SA1101: Prefix local calls with this (https://github.com/DotNetAnalyzers/StyleCopAnalyzers/blob/master/documentation/SA1101.md) [D:\leaveblackgithub\DDNCadAddins\src\DDNCadAddins\DDNCadAddins\DDNCadAddins.csproj]
D:\leaveblackgithub\DDNCadAddins\src\DDNCadAddins\DDNCadAddins\Commands\XClipTestCommand.cs(330,21): warning SA1101: Prefix local calls with this (https://github.com/DotNetAnalyzers/StyleCopAnalyzers/blob/master/documentation/SA1101.md) [D:\leaveblackgithub\DDNCadAddins\src\DDNCadAddins\DDNCadAddins\DDNCadAddins.csproj]
D:\leaveblackgithub\DDNCadAddins\src\DDNCadAddins\DDNCadAddins\Commands\XClipTestCommand.cs(233,21): warning SA1101: Prefix local calls with this (https://github.com/DotNetAnalyzers/StyleCopAnalyzers/blob/master/documentation/SA1101.md) [D:\leaveblackgithub\DDNCadAddins\src\DDNCadAddins\DDNCadAddins\DDNCadAddins.csproj]
D:\leaveblackgithub\DDNCadAddins\src\DDNCadAddins\DDNCadAddins\Commands\XClipTestCommand.cs(331,21): warning SA1101: Prefix local calls with this (https://github.com/DotNetAnalyzers/StyleCopAnalyzers/blob/master/documentation/SA1101.md) [D:\leaveblackgithub\DDNCadAddins\src\DDNCadAddins\DDNCadAddins\DDNCadAddins.csproj]
D:\leaveblackgithub\DDNCadAddins\src\DDNCadAddins\DDNCadAddins\Commands\XClipTestCommand.cs(335,21): warning SA1101: Prefix local calls with this (https://github.com/DotNetAnalyzers/StyleCopAnalyzers/blob/master/documentation/SA1101.md) [D:\leaveblackgithub\DDNCadAddins\src\DDNCadAddins\DDNCadAddins\DDNCadAddins.csproj]
D:\leaveblackgithub\DDNCadAddins\src\DDNCadAddins\DDNCadAddins\Commands\XClipTestCommand.cs(300,34): warning SA1116: The parameters should begin on the line after the declaration, whenever the parameter span across multiple lines (https://github.com/DotNetAnalyzers/StyleCopAnalyzers/blob/master/documentation/SA1116.md) [D:\leaveblackgithub\DDNCadAddins\src\DDNCadAddins\DDNCadAddins\DDNCadAddins.csproj]
D:\leaveblackgithub\DDNCadAddins\src\DDNCadAddins\DDNCadAddins\Commands\XClipTestCommand.cs(191,34): warning SA1116: The parameters should begin on the line after the declaration, whenever the parameter span across multiple lines (https://github.com/DotNetAnalyzers/StyleCopAnalyzers/blob/master/documentation/SA1116.md) [D:\leaveblackgithub\DDNCadAddins\src\DDNCadAddins\DDNCadAddins\DDNCadAddins.csproj]
D:\leaveblackgithub\DDNCadAddins\src\DDNCadAddins\DDNCadAddins\Commands\XClipTestCommand.cs(377,27): warning SA1101: Prefix local calls with this (https://github.com/DotNetAnalyzers/StyleCopAnalyzers/blob/master/documentation/SA1101.md) [D:\leaveblackgithub\DDNCadAddins\src\DDNCadAddins\DDNCadAddins\DDNCadAddins.csproj]
D:\leaveblackgithub\DDNCadAddins\src\DDNCadAddins\DDNCadAddins\Commands\XClipTestCommand.cs(379,13): warning SA1101: Prefix local calls with this (https://github.com/DotNetAnalyzers/StyleCopAnalyzers/blob/master/documentation/SA1101.md) [D:\leaveblackgithub\DDNCadAddins\src\DDNCadAddins\DDNCadAddins\DDNCadAddins.csproj]
D:\leaveblackgithub\DDNCadAddins\src\DDNCadAddins\DDNCadAddins\Commands\XClipTest\XClipTestCreator3.cs(123,40): warning SA1101: Prefix local calls with this (https://github.com/DotNetAnalyzers/StyleCopAnalyzers/blob/master/documentation/SA1101.md) [D:\leaveblackgithub\DDNCadAddins\src\DDNCadAddins\DDNCadAddins\DDNCadAddins.csproj]
D:\leaveblackgithub\DDNCadAddins\src\DDNCadAddins\DDNCadAddins\Commands\XClipTestCommand.cs(381,30): warning SA1101: Prefix local calls with this (https://github.com/DotNetAnalyzers/StyleCopAnalyzers/blob/master/documentation/SA1101.md) [D:\leaveblackgithub\DDNCadAddins\src\DDNCadAddins\DDNCadAddins\DDNCadAddins.csproj]
D:\leaveblackgithub\DDNCadAddins\src\DDNCadAddins\DDNCadAddins\Commands\XClipTestCommand.cs(383,17): warning SA1101: Prefix local calls with this (https://github.com/DotNetAnalyzers/StyleCopAnalyzers/blob/master/documentation/SA1101.md) [D:\leaveblackgithub\DDNCadAddins\src\DDNCadAddins\DDNCadAddins\DDNCadAddins.csproj]
D:\leaveblackgithub\DDNCadAddins\src\DDNCadAddins\DDNCadAddins\Commands\XClipTestCommand.cs(245,34): warning SA1116: The parameters should begin on the line after the declaration, whenever the parameter span across multiple lines (https://github.com/DotNetAnalyzers/StyleCopAnalyzers/blob/master/documentation/SA1116.md) [D:\leaveblackgithub\DDNCadAddins\src\DDNCadAddins\DDNCadAddins\DDNCadAddins.csproj]
D:\leaveblackgithub\DDNCadAddins\src\DDNCadAddins\DDNCadAddins\Commands\TestRunner.cs(382,36): warning CA1304: “string.ToUpper()”的行为可能因当前用户的区域设置而异。请将“TestRunner.RunTestMethod(object, MethodInfo)”中的此调用替换为对“string.ToUpper(CultureInfo)”的调用。 (https://docs.microsoft.com/dotnet/fundamentals/code-analysis/quality-rules/ca1304) [D:\leaveblackgithub\DDNCadAddins\src\DDNCadAddins\DDNCadAddins\DDNCadAddins.csproj]
D:\leaveblackgithub\DDNCadAddins\src\DDNCadAddins\DDNCadAddins\Commands\XClipTestCommand.cs(386,17): warning SA1101: Prefix local calls with this (https://github.com/DotNetAnalyzers/StyleCopAnalyzers/blob/master/documentation/SA1101.md) [D:\leaveblackgithub\DDNCadAddins\src\DDNCadAddins\DDNCadAddins\DDNCadAddins.csproj]
D:\leaveblackgithub\DDNCadAddins\src\DDNCadAddins\DDNCadAddins\Commands\XClipTestCommand.cs(389,17): warning SA1101: Prefix local calls with this (https://github.com/DotNetAnalyzers/StyleCopAnalyzers/blob/master/documentation/SA1101.md) [D:\leaveblackgithub\DDNCadAddins\src\DDNCadAddins\DDNCadAddins\DDNCadAddins.csproj]
D:\leaveblackgithub\DDNCadAddins\src\DDNCadAddins\DDNCadAddins\Commands\TestRunner.cs(422,36): warning SA1101: Prefix local calls with this (https://github.com/DotNetAnalyzers/StyleCopAnalyzers/blob/master/documentation/SA1101.md) [D:\leaveblackgithub\DDNCadAddins\src\DDNCadAddins\DDNCadAddins\DDNCadAddins.csproj]
D:\leaveblackgithub\DDNCadAddins\src\DDNCadAddins\DDNCadAddins\Commands\XClipTestCommand.cs(390,32): warning SA1101: Prefix local calls with this (https://github.com/DotNetAnalyzers/StyleCopAnalyzers/blob/master/documentation/SA1101.md) [D:\leaveblackgithub\DDNCadAddins\src\DDNCadAddins\DDNCadAddins\DDNCadAddins.csproj]
D:\leaveblackgithub\DDNCadAddins\src\DDNCadAddins\DDNCadAddins\Commands\XClipTestCommand.cs(392,17): warning SA1101: Prefix local calls with this (https://github.com/DotNetAnalyzers/StyleCopAnalyzers/blob/master/documentation/SA1101.md) [D:\leaveblackgithub\DDNCadAddins\src\DDNCadAddins\DDNCadAddins\DDNCadAddins.csproj]
D:\leaveblackgithub\DDNCadAddins\src\DDNCadAddins\DDNCadAddins\Commands\TestRunner.cs(453,17): warning SA1101: Prefix local calls with this (https://github.com/DotNetAnalyzers/StyleCopAnalyzers/blob/master/documentation/SA1101.md) [D:\leaveblackgithub\DDNCadAddins\src\DDNCadAddins\DDNCadAddins\DDNCadAddins.csproj]
D:\leaveblackgithub\DDNCadAddins\src\DDNCadAddins\DDNCadAddins\Commands\TestRunner.cs(454,17): warning SA1101: Prefix local calls with this (https://github.com/DotNetAnalyzers/StyleCopAnalyzers/blob/master/documentation/SA1101.md) [D:\leaveblackgithub\DDNCadAddins\src\DDNCadAddins\DDNCadAddins\DDNCadAddins.csproj]
D:\leaveblackgithub\DDNCadAddins\src\DDNCadAddins\DDNCadAddins\Commands\XClipTestCommand.cs(393,17): warning SA1101: Prefix local calls with this (https://github.com/DotNetAnalyzers/StyleCopAnalyzers/blob/master/documentation/SA1101.md) [D:\leaveblackgithub\DDNCadAddins\src\DDNCadAddins\DDNCadAddins\DDNCadAddins.csproj]
D:\leaveblackgithub\DDNCadAddins\src\DDNCadAddins\DDNCadAddins\Commands\TestRunner.cs(455,17): warning SA1101: Prefix local calls with this (https://github.com/DotNetAnalyzers/StyleCopAnalyzers/blob/master/documentation/SA1101.md) [D:\leaveblackgithub\DDNCadAddins\src\DDNCadAddins\DDNCadAddins\DDNCadAddins.csproj]
D:\leaveblackgithub\DDNCadAddins\src\DDNCadAddins\DDNCadAddins\Commands\TestRunner.cs(456,17): warning SA1101: Prefix local calls with this (https://github.com/DotNetAnalyzers/StyleCopAnalyzers/blob/master/documentation/SA1101.md) [D:\leaveblackgithub\DDNCadAddins\src\DDNCadAddins\DDNCadAddins\DDNCadAddins.csproj]
D:\leaveblackgithub\DDNCadAddins\src\DDNCadAddins\DDNCadAddins\Commands\TestRunner.cs(457,20): warning SA1101: Prefix local calls with this (https://github.com/DotNetAnalyzers/StyleCopAnalyzers/blob/master/documentation/SA1101.md) [D:\leaveblackgithub\DDNCadAddins\src\DDNCadAddins\DDNCadAddins\DDNCadAddins.csproj]
D:\leaveblackgithub\DDNCadAddins\src\DDNCadAddins\DDNCadAddins\Commands\TestRunner.cs(386,88): warning CA1305: “TimeSpan.ToString(string)”的行为可能因当前用户的区域设置而异。请将“TestRunner.RunTestMethod(object, MethodInfo)”中的此调用替换为对“TimeSpan.ToString(string, IFormatProvider)”的调用。 (https://docs.microsoft.com/dotnet/fundamentals/code-analysis/quality-rules/ca1305) [D:\leaveblackgithub\DDNCadAddins\src\DDNCadAddins\DDNCadAddins\DDNCadAddins.csproj]
D:\leaveblackgithub\DDNCadAddins\src\DDNCadAddins\DDNCadAddins\Commands\XClipTest\XClipTestCreator2.cs(24,37): warning CA1062: 在外部可见方法“ObjectId XClipTestCreator.CreateSpecialAttributeBlock(Database db, string blockName, TestLayers layers)”中，先验证参数“db”为非 null，然后再使用。如果适用，在参数为 null 时引发 ArgumentNullException，或添加断言非 null 参数的代码协定前提条件。 (https://docs.microsoft.com/dotnet/fundamentals/code-analysis/quality-rules/ca1062) [D:\leaveblackgithub\DDNCadAddins\src\DDNCadAddins\DDNCadAddins\DDNCadAddins.csproj]
D:\leaveblackgithub\DDNCadAddins\src\DDNCadAddins\DDNCadAddins\Commands\XClipTest\XClipTestCreator2.cs(45,39): warning CA1062: 在外部可见方法“ObjectId XClipTestCreator.CreateSpecialAttributeBlock(Database db, string blockName, TestLayers layers)”中，先验证参数“layers”为非 null，然后再使用。如果适用，在参数为 null 时引发 ArgumentNullException，或添加断言非 null 参数的代码协定前提条件。 (https://docs.microsoft.com/dotnet/fundamentals/code-analysis/quality-rules/ca1062) [D:\leaveblackgithub\DDNCadAddins\src\DDNCadAddins\DDNCadAddins\DDNCadAddins.csproj]
D:\leaveblackgithub\DDNCadAddins\src\DDNCadAddins\DDNCadAddins\Commands\TestRunner.cs(352,17): warning CA1031: 请修改“RunTestMethod”以捕获更具体的允许异常类型，或者重新抛出该异常 (https://docs.microsoft.com/dotnet/fundamentals/code-analysis/quality-rules/ca1031) [D:\leaveblackgithub\DDNCadAddins\src\DDNCadAddins\DDNCadAddins\DDNCadAddins.csproj]
D:\leaveblackgithub\DDNCadAddins\src\DDNCadAddins\DDNCadAddins\Commands\TestRunner.cs(332,13): warning CA1031: 请修改“RunTestMethod”以捕获更具体的允许异常类型，或者重新抛出该异常 (https://docs.microsoft.com/dotnet/fundamentals/code-analysis/quality-rules/ca1031) [D:\leaveblackgithub\DDNCadAddins\src\DDNCadAddins\DDNCadAddins\DDNCadAddins.csproj]
D:\leaveblackgithub\DDNCadAddins\src\DDNCadAddins\DDNCadAddins\Commands\XClipTestCommand.cs(402,40): warning SA1500: Braces for multi-line statements should not share line (https://github.com/DotNetAnalyzers/StyleCopAnalyzers/blob/master/documentation/SA1500.md) [D:\leaveblackgithub\DDNCadAddins\src\DDNCadAddins\DDNCadAddins\DDNCadAddins.csproj]
D:\leaveblackgithub\DDNCadAddins\src\DDNCadAddins\DDNCadAddins\Commands\TestRunner.cs(451,29): warning CA2241: 为格式化方法提供正确的参数 (https://docs.microsoft.com/dotnet/fundamentals/code-analysis/quality-rules/ca2241) [D:\leaveblackgithub\DDNCadAddins\src\DDNCadAddins\DDNCadAddins\DDNCadAddins.csproj]
D:\leaveblackgithub\DDNCadAddins\src\DDNCadAddins\DDNCadAddins\Commands\XClipTestCommand.cs(402,13): warning SA1101: Prefix local calls with this (https://github.com/DotNetAnalyzers/StyleCopAnalyzers/blob/master/documentation/SA1101.md) [D:\leaveblackgithub\DDNCadAddins\src\DDNCadAddins\DDNCadAddins\DDNCadAddins.csproj]
D:\leaveblackgithub\DDNCadAddins\src\DDNCadAddins\DDNCadAddins\Commands\XClipTestCommand.cs(403,17): warning SA1101: Prefix local calls with this (https://github.com/DotNetAnalyzers/StyleCopAnalyzers/blob/master/documentation/SA1101.md) [D:\leaveblackgithub\DDNCadAddins\src\DDNCadAddins\DDNCadAddins\DDNCadAddins.csproj]
D:\leaveblackgithub\DDNCadAddins\src\DDNCadAddins\DDNCadAddins\Commands\XClipTestCommand.cs(404,17): warning SA1101: Prefix local calls with this (https://github.com/DotNetAnalyzers/StyleCopAnalyzers/blob/master/documentation/SA1101.md) [D:\leaveblackgithub\DDNCadAddins\src\DDNCadAddins\DDNCadAddins\DDNCadAddins.csproj]
D:\leaveblackgithub\DDNCadAddins\src\DDNCadAddins\DDNCadAddins\Commands\XClipTestCommand.cs(405,17): warning SA1101: Prefix local calls with this (https://github.com/DotNetAnalyzers/StyleCopAnalyzers/blob/master/documentation/SA1101.md) [D:\leaveblackgithub\DDNCadAddins\src\DDNCadAddins\DDNCadAddins\DDNCadAddins.csproj]
D:\leaveblackgithub\DDNCadAddins\src\DDNCadAddins\DDNCadAddins\Commands\XClipTestCommand.cs(402,34): warning SA1116: The parameters should begin on the line after the declaration, whenever the parameter span across multiple lines (https://github.com/DotNetAnalyzers/StyleCopAnalyzers/blob/master/documentation/SA1116.md) [D:\leaveblackgithub\DDNCadAddins\src\DDNCadAddins\DDNCadAddins\DDNCadAddins.csproj]
D:\leaveblackgithub\DDNCadAddins\src\DDNCadAddins\DDNCadAddins\Commands\XClipTest\XClipTestCreator3.cs(24,37): warning CA1062: 在外部可见方法“ObjectId XClipTestCreator.FindNestedBlockReference(Database db, string blockName)”中，先验证参数“db”为非 null，然后再使用。如果适用，在参数为 null 时引发 ArgumentNullException，或添加断言非 null 参数的代码协定前提条件。 (https://docs.microsoft.com/dotnet/fundamentals/code-analysis/quality-rules/ca1062) [D:\leaveblackgithub\DDNCadAddins\src\DDNCadAddins\DDNCadAddins\DDNCadAddins.csproj]
D:\leaveblackgithub\DDNCadAddins\src\DDNCadAddins\DDNCadAddins\Commands\XClipTestCommand.cs(379,34): warning SA1116: The parameters should begin on the line after the declaration, whenever the parameter span across multiple lines (https://github.com/DotNetAnalyzers/StyleCopAnalyzers/blob/master/documentation/SA1116.md) [D:\leaveblackgithub\DDNCadAddins\src\DDNCadAddins\DDNCadAddins\DDNCadAddins.csproj]
D:\leaveblackgithub\DDNCadAddins\src\DDNCadAddins\DDNCadAddins\Commands\XClipTest\XClipTestCreator3.cs(73,37): warning CA1062: 在外部可见方法“ObjectId XClipTestCreator.FindDeepNestedBlockReference(Database db, string blockName)”中，先验证参数“db”为非 null，然后再使用。如果适用，在参数为 null 时引发 ArgumentNullException，或添加断言非 null 参数的代码协定前提条件。 (https://docs.microsoft.com/dotnet/fundamentals/code-analysis/quality-rules/ca1062) [D:\leaveblackgithub\DDNCadAddins\src\DDNCadAddins\DDNCadAddins\DDNCadAddins.csproj]
D:\leaveblackgithub\DDNCadAddins\src\DDNCadAddins\DDNCadAddins\Commands\XClipTest\XClipTestCreator3.cs(20,25): warning CA1822: 成员“FindNestedBlockReference”不访问实例数据，可标记为 static (https://docs.microsoft.com/dotnet/fundamentals/code-analysis/quality-rules/ca1822) [D:\leaveblackgithub\DDNCadAddins\src\DDNCadAddins\DDNCadAddins\DDNCadAddins.csproj]
D:\leaveblackgithub\DDNCadAddins\src\DDNCadAddins\DDNCadAddins\Commands\XClipTestCommand.cs(416,40): warning SA1500: Braces for multi-line statements should not share line (https://github.com/DotNetAnalyzers/StyleCopAnalyzers/blob/master/documentation/SA1500.md) [D:\leaveblackgithub\DDNCadAddins\src\DDNCadAddins\DDNCadAddins\DDNCadAddins.csproj]
D:\leaveblackgithub\DDNCadAddins\src\DDNCadAddins\DDNCadAddins\Services\CsvExportService.cs(109,24): warning CA1822: 成员“EscapeCsvField”不访问实例数据，可标记为 static (https://docs.microsoft.com/dotnet/fundamentals/code-analysis/quality-rules/ca1822) [D:\leaveblackgithub\DDNCadAddins\src\DDNCadAddins\DDNCadAddins\DDNCadAddins.csproj]
D:\leaveblackgithub\DDNCadAddins\src\DDNCadAddins\DDNCadAddins\Commands\XClipTest\XClipTestCreator2.cs(33,45): warning CA2000: 在对 System.IDisposable.Dispose 的所有引用超出范围之前，在“new BlockTableRecord()”创建的对象上对其进行调用 (https://docs.microsoft.com/dotnet/fundamentals/code-analysis/quality-rules/ca2000) [D:\leaveblackgithub\DDNCadAddins\src\DDNCadAddins\DDNCadAddins\DDNCadAddins.csproj]
D:\leaveblackgithub\DDNCadAddins\src\DDNCadAddins\DDNCadAddins\Commands\XClipTest\XClipTestCreator2.cs(81,43): warning CA2000: 在对 System.IDisposable.Dispose 的所有引用超出范围之前，在“new BlockReference(new Point3d(15, 15, 0), blockDef.ObjectId)”创建的对象上对其进行调用 (https://docs.microsoft.com/dotnet/fundamentals/code-analysis/quality-rules/ca2000) [D:\leaveblackgithub\DDNCadAddins\src\DDNCadAddins\DDNCadAddins\DDNCadAddins.csproj]
D:\leaveblackgithub\DDNCadAddins\src\DDNCadAddins\DDNCadAddins\Commands\XClipTest\XClipTestCreator2.cs(64,37): warning CA2000: 在对 System.IDisposable.Dispose 的所有引用超出范围之前，在“new DBText()”创建的对象上对其进行调用 (https://docs.microsoft.com/dotnet/fundamentals/code-analysis/quality-rules/ca2000) [D:\leaveblackgithub\DDNCadAddins\src\DDNCadAddins\DDNCadAddins\DDNCadAddins.csproj]
D:\leaveblackgithub\DDNCadAddins\src\DDNCadAddins\DDNCadAddins\Commands\XClipTest\XClipTestCreator2.cs(49,36): warning CA2000: 在对 System.IDisposable.Dispose 的所有引用超出范围之前，在“new Line()”创建的对象上对其进行调用 (https://docs.microsoft.com/dotnet/fundamentals/code-analysis/quality-rules/ca2000) [D:\leaveblackgithub\DDNCadAddins\src\DDNCadAddins\DDNCadAddins\DDNCadAddins.csproj]
D:\leaveblackgithub\DDNCadAddins\src\DDNCadAddins\DDNCadAddins\Commands\XClipTest\XClipTestCreator2.cs(56,35): warning CA2000: 在对 System.IDisposable.Dispose 的所有引用超出范围之前，在“new Line()”创建的对象上对其进行调用 (https://docs.microsoft.com/dotnet/fundamentals/code-analysis/quality-rules/ca2000) [D:\leaveblackgithub\DDNCadAddins\src\DDNCadAddins\DDNCadAddins\DDNCadAddins.csproj]
D:\leaveblackgithub\DDNCadAddins\src\DDNCadAddins\DDNCadAddins\Commands\XClipTest\XClipTestCreator2.cs(42,40): warning CA2000: 在对 System.IDisposable.Dispose 的所有引用超出范围之前，在“new Circle()”创建的对象上对其进行调用 (https://docs.microsoft.com/dotnet/fundamentals/code-analysis/quality-rules/ca2000) [D:\leaveblackgithub\DDNCadAddins\src\DDNCadAddins\DDNCadAddins\DDNCadAddins.csproj]
D:\leaveblackgithub\DDNCadAddins\src\DDNCadAddins\DDNCadAddins\Commands\XClipTestCommand.cs(414,27): warning SA1101: Prefix local calls with this (https://github.com/DotNetAnalyzers/StyleCopAnalyzers/blob/master/documentation/SA1101.md) [D:\leaveblackgithub\DDNCadAddins\src\DDNCadAddins\DDNCadAddins\DDNCadAddins.csproj]
D:\leaveblackgithub\DDNCadAddins\src\DDNCadAddins\DDNCadAddins\Commands\XClipTestCommand.cs(416,13): warning SA1101: Prefix local calls with this (https://github.com/DotNetAnalyzers/StyleCopAnalyzers/blob/master/documentation/SA1101.md) [D:\leaveblackgithub\DDNCadAddins\src\DDNCadAddins\DDNCadAddins\DDNCadAddins.csproj]
D:\leaveblackgithub\DDNCadAddins\src\DDNCadAddins\DDNCadAddins\Commands\XClipTestCommand.cs(418,17): warning SA1101: Prefix local calls with this (https://github.com/DotNetAnalyzers/StyleCopAnalyzers/blob/master/documentation/SA1101.md) [D:\leaveblackgithub\DDNCadAddins\src\DDNCadAddins\DDNCadAddins\DDNCadAddins.csproj]
D:\leaveblackgithub\DDNCadAddins\src\DDNCadAddins\DDNCadAddins\Commands\XClipTestCommand.cs(421,17): warning SA1101: Prefix local calls with this (https://github.com/DotNetAnalyzers/StyleCopAnalyzers/blob/master/documentation/SA1101.md) [D:\leaveblackgithub\DDNCadAddins\src\DDNCadAddins\DDNCadAddins\DDNCadAddins.csproj]
D:\leaveblackgithub\DDNCadAddins\src\DDNCadAddins\DDNCadAddins\Commands\XClipTestCommand.cs(424,17): warning SA1101: Prefix local calls with this (https://github.com/DotNetAnalyzers/StyleCopAnalyzers/blob/master/documentation/SA1101.md) [D:\leaveblackgithub\DDNCadAddins\src\DDNCadAddins\DDNCadAddins\DDNCadAddins.csproj]
D:\leaveblackgithub\DDNCadAddins\src\DDNCadAddins\DDNCadAddins\Commands\TestRunner.cs(451,29): warning CA1305: “string.Format(string, params object[])”的行为可能因当前用户的区域设置而异。请将“TestRunner.GenerateReport()”中的此调用替换为对“string.Format(IFormatProvider, string, params object[])”的调用。 (https://docs.microsoft.com/dotnet/fundamentals/code-analysis/quality-rules/ca1305) [D:\leaveblackgithub\DDNCadAddins\src\DDNCadAddins\DDNCadAddins\DDNCadAddins.csproj]
D:\leaveblackgithub\DDNCadAddins\src\DDNCadAddins\DDNCadAddins\Commands\XClipTestCommand.cs(425,32): warning SA1101: Prefix local calls with this (https://github.com/DotNetAnalyzers/StyleCopAnalyzers/blob/master/documentation/SA1101.md) [D:\leaveblackgithub\DDNCadAddins\src\DDNCadAddins\DDNCadAddins\DDNCadAddins.csproj]
D:\leaveblackgithub\DDNCadAddins\src\DDNCadAddins\DDNCadAddins\Commands\XClipTestCommand.cs(428,17): warning SA1101: Prefix local calls with this (https://github.com/DotNetAnalyzers/StyleCopAnalyzers/blob/master/documentation/SA1101.md) [D:\leaveblackgithub\DDNCadAddins\src\DDNCadAddins\DDNCadAddins\DDNCadAddins.csproj]
D:\leaveblackgithub\DDNCadAddins\src\DDNCadAddins\DDNCadAddins\Commands\XClipTest\XClipTestCreator2.cs(20,25): warning CA1822: 成员“CreateSpecialAttributeBlock”不访问实例数据，可标记为 static (https://docs.microsoft.com/dotnet/fundamentals/code-analysis/quality-rules/ca1822) [D:\leaveblackgithub\DDNCadAddins\src\DDNCadAddins\DDNCadAddins\DDNCadAddins.csproj]
D:\leaveblackgithub\DDNCadAddins\src\DDNCadAddins\DDNCadAddins\Commands\XClipTestCommand.cs(429,37): warning SA1101: Prefix local calls with this (https://github.com/DotNetAnalyzers/StyleCopAnalyzers/blob/master/documentation/SA1101.md) [D:\leaveblackgithub\DDNCadAddins\src\DDNCadAddins\DDNCadAddins\DDNCadAddins.csproj]
D:\leaveblackgithub\DDNCadAddins\src\DDNCadAddins\DDNCadAddins\Commands\XClipTestCommand.cs(432,17): warning SA1101: Prefix local calls with this (https://github.com/DotNetAnalyzers/StyleCopAnalyzers/blob/master/documentation/SA1101.md) [D:\leaveblackgithub\DDNCadAddins\src\DDNCadAddins\DDNCadAddins\DDNCadAddins.csproj]
D:\leaveblackgithub\DDNCadAddins\src\DDNCadAddins\DDNCadAddins\Commands\XClipTestCommand.cs(433,17): warning SA1101: Prefix local calls with this (https://github.com/DotNetAnalyzers/StyleCopAnalyzers/blob/master/documentation/SA1101.md) [D:\leaveblackgithub\DDNCadAddins\src\DDNCadAddins\DDNCadAddins\DDNCadAddins.csproj]
D:\leaveblackgithub\DDNCadAddins\src\DDNCadAddins\DDNCadAddins\Commands\XClipTestCommand.cs(433,54): warning SA1101: Prefix local calls with this (https://github.com/DotNetAnalyzers/StyleCopAnalyzers/blob/master/documentation/SA1101.md) [D:\leaveblackgithub\DDNCadAddins\src\DDNCadAddins\DDNCadAddins\DDNCadAddins.csproj]
D:\leaveblackgithub\DDNCadAddins\src\DDNCadAddins\DDNCadAddins\Commands\XClipTestCommand.cs(436,17): warning SA1101: Prefix local calls with this (https://github.com/DotNetAnalyzers/StyleCopAnalyzers/blob/master/documentation/SA1101.md) [D:\leaveblackgithub\DDNCadAddins\src\DDNCadAddins\DDNCadAddins\DDNCadAddins.csproj]
D:\leaveblackgithub\DDNCadAddins\src\DDNCadAddins\DDNCadAddins\Commands\XClipTestCommand.cs(437,17): warning SA1101: Prefix local calls with this (https://github.com/DotNetAnalyzers/StyleCopAnalyzers/blob/master/documentation/SA1101.md) [D:\leaveblackgithub\DDNCadAddins\src\DDNCadAddins\DDNCadAddins\DDNCadAddins.csproj]
D:\leaveblackgithub\DDNCadAddins\src\DDNCadAddins\DDNCadAddins\Commands\XClipTestCommand.cs(440,17): warning SA1101: Prefix local calls with this (https://github.com/DotNetAnalyzers/StyleCopAnalyzers/blob/master/documentation/SA1101.md) [D:\leaveblackgithub\DDNCadAddins\src\DDNCadAddins\DDNCadAddins\DDNCadAddins.csproj]
D:\leaveblackgithub\DDNCadAddins\src\DDNCadAddins\DDNCadAddins\Services\XClipBlockService.Core.cs(253,178): warning SA1500: Braces for multi-line statements should not share line (https://github.com/DotNetAnalyzers/StyleCopAnalyzers/blob/master/documentation/SA1500.md) [D:\leaveblackgithub\DDNCadAddins\src\DDNCadAddins\DDNCadAddins\DDNCadAddins.csproj]
D:\leaveblackgithub\DDNCadAddins\src\DDNCadAddins\DDNCadAddins\Commands\XClipTest\XClipTestCreator2.cs(103,37): warning CA1062: 在外部可见方法“ObjectId XClipTestCreator.CreateTransformedBlock(Database db, string blockName, string layerName)”中，先验证参数“db”为非 null，然后再使用。如果适用，在参数为 null 时引发 ArgumentNullException，或添加断言非 null 参数的代码协定前提条件。 (https://docs.microsoft.com/dotnet/fundamentals/code-analysis/quality-rules/ca1062) [D:\leaveblackgithub\DDNCadAddins\src\DDNCadAddins\DDNCadAddins\DDNCadAddins.csproj]
D:\leaveblackgithub\DDNCadAddins\src\DDNCadAddins\DDNCadAddins\Commands\XClipTestCommand.cs(416,34): warning SA1116: The parameters should begin on the line after the declaration, whenever the parameter span across multiple lines (https://github.com/DotNetAnalyzers/StyleCopAnalyzers/blob/master/documentation/SA1116.md) [D:\leaveblackgithub\DDNCadAddins\src\DDNCadAddins\DDNCadAddins\DDNCadAddins.csproj]
D:\leaveblackgithub\DDNCadAddins\src\DDNCadAddins\DDNCadAddins\Services\XClipBlockService.Core.cs(241,17): warning SA1503: Braces should not be omitted (https://github.com/DotNetAnalyzers/StyleCopAnalyzers/blob/master/documentation/SA1503.md) [D:\leaveblackgithub\DDNCadAddins\src\DDNCadAddins\DDNCadAddins\DDNCadAddins.csproj]
D:\leaveblackgithub\DDNCadAddins\src\DDNCadAddins\DDNCadAddins\Services\XClipBlockService.Core.cs(244,17): warning SA1503: Braces should not be omitted (https://github.com/DotNetAnalyzers/StyleCopAnalyzers/blob/master/documentation/SA1503.md) [D:\leaveblackgithub\DDNCadAddins\src\DDNCadAddins\DDNCadAddins\DDNCadAddins.csproj]
D:\leaveblackgithub\DDNCadAddins\src\DDNCadAddins\DDNCadAddins\Services\XClipBlockService.Core.cs(250,17): warning SA1503: Braces should not be omitted (https://github.com/DotNetAnalyzers/StyleCopAnalyzers/blob/master/documentation/SA1503.md) [D:\leaveblackgithub\DDNCadAddins\src\DDNCadAddins\DDNCadAddins\DDNCadAddins.csproj]
D:\leaveblackgithub\DDNCadAddins\src\DDNCadAddins\DDNCadAddins\Services\XClipBlockService.Core.cs(259,25): warning SA1503: Braces should not be omitted (https://github.com/DotNetAnalyzers/StyleCopAnalyzers/blob/master/documentation/SA1503.md) [D:\leaveblackgithub\DDNCadAddins\src\DDNCadAddins\DDNCadAddins\DDNCadAddins.csproj]
D:\leaveblackgithub\DDNCadAddins\src\DDNCadAddins\DDNCadAddins\Services\XClipBlockService.Core.cs(268,25): warning SA1503: Braces should not be omitted (https://github.com/DotNetAnalyzers/StyleCopAnalyzers/blob/master/documentation/SA1503.md) [D:\leaveblackgithub\DDNCadAddins\src\DDNCadAddins\DDNCadAddins\DDNCadAddins.csproj]
D:\leaveblackgithub\DDNCadAddins\src\DDNCadAddins\DDNCadAddins\Services\XClipBlockService.Core.cs(275,21): warning SA1503: Braces should not be omitted (https://github.com/DotNetAnalyzers/StyleCopAnalyzers/blob/master/documentation/SA1503.md) [D:\leaveblackgithub\DDNCadAddins\src\DDNCadAddins\DDNCadAddins\DDNCadAddins.csproj]
D:\leaveblackgithub\DDNCadAddins\src\DDNCadAddins\DDNCadAddins\Services\XClipBlockService.Core.cs(282,25): warning SA1503: Braces should not be omitted (https://github.com/DotNetAnalyzers/StyleCopAnalyzers/blob/master/documentation/SA1503.md) [D:\leaveblackgithub\DDNCadAddins\src\DDNCadAddins\DDNCadAddins\DDNCadAddins.csproj]
D:\leaveblackgithub\DDNCadAddins\src\DDNCadAddins\DDNCadAddins\Services\XClipBlockService.Core.cs(291,25): warning SA1503: Braces should not be omitted (https://github.com/DotNetAnalyzers/StyleCopAnalyzers/blob/master/documentation/SA1503.md) [D:\leaveblackgithub\DDNCadAddins\src\DDNCadAddins\DDNCadAddins\DDNCadAddins.csproj]
D:\leaveblackgithub\DDNCadAddins\src\DDNCadAddins\DDNCadAddins\Services\XClipBlockService.Core.cs(300,21): warning SA1503: Braces should not be omitted (https://github.com/DotNetAnalyzers/StyleCopAnalyzers/blob/master/documentation/SA1503.md) [D:\leaveblackgithub\DDNCadAddins\src\DDNCadAddins\DDNCadAddins\DDNCadAddins.csproj]
D:\leaveblackgithub\DDNCadAddins\src\DDNCadAddins\DDNCadAddins\Services\XClipBlockService.Core.cs(317,25): warning SA1503: Braces should not be omitted (https://github.com/DotNetAnalyzers/StyleCopAnalyzers/blob/master/documentation/SA1503.md) [D:\leaveblackgithub\DDNCadAddins\src\DDNCadAddins\DDNCadAddins\DDNCadAddins.csproj]
D:\leaveblackgithub\DDNCadAddins\src\DDNCadAddins\DDNCadAddins\Services\XClipBlockService.Core.cs(321,21): warning SA1503: Braces should not be omitted (https://github.com/DotNetAnalyzers/StyleCopAnalyzers/blob/master/documentation/SA1503.md) [D:\leaveblackgithub\DDNCadAddins\src\DDNCadAddins\DDNCadAddins\DDNCadAddins.csproj]
D:\leaveblackgithub\DDNCadAddins\src\DDNCadAddins\DDNCadAddins\Services\XClipBlockService.Core.cs(330,21): warning SA1503: Braces should not be omitted (https://github.com/DotNetAnalyzers/StyleCopAnalyzers/blob/master/documentation/SA1503.md) [D:\leaveblackgithub\DDNCadAddins\src\DDNCadAddins\DDNCadAddins\DDNCadAddins.csproj]
D:\leaveblackgithub\DDNCadAddins\src\DDNCadAddins\DDNCadAddins\Services\XClipBlockService.Core.cs(351,17): warning SA1503: Braces should not be omitted (https://github.com/DotNetAnalyzers/StyleCopAnalyzers/blob/master/documentation/SA1503.md) [D:\leaveblackgithub\DDNCadAddins\src\DDNCadAddins\DDNCadAddins\DDNCadAddins.csproj]
D:\leaveblackgithub\DDNCadAddins\src\DDNCadAddins\DDNCadAddins\Services\XClipBlockService.Core.cs(358,25): warning SA1503: Braces should not be omitted (https://github.com/DotNetAnalyzers/StyleCopAnalyzers/blob/master/documentation/SA1503.md) [D:\leaveblackgithub\DDNCadAddins\src\DDNCadAddins\DDNCadAddins\DDNCadAddins.csproj]
D:\leaveblackgithub\DDNCadAddins\src\DDNCadAddins\DDNCadAddins\Services\XClipBlockService.Core.cs(367,29): warning SA1503: Braces should not be omitted (https://github.com/DotNetAnalyzers/StyleCopAnalyzers/blob/master/documentation/SA1503.md) [D:\leaveblackgithub\DDNCadAddins\src\DDNCadAddins\DDNCadAddins\DDNCadAddins.csproj]
D:\leaveblackgithub\DDNCadAddins\src\DDNCadAddins\DDNCadAddins\Services\XClipBlockService.Core.cs(378,25): warning SA1503: Braces should not be omitted (https://github.com/DotNetAnalyzers/StyleCopAnalyzers/blob/master/documentation/SA1503.md) [D:\leaveblackgithub\DDNCadAddins\src\DDNCadAddins\DDNCadAddins\DDNCadAddins.csproj]
D:\leaveblackgithub\DDNCadAddins\src\DDNCadAddins\DDNCadAddins\Services\XClipBlockService.Core.cs(392,21): warning SA1503: Braces should not be omitted (https://github.com/DotNetAnalyzers/StyleCopAnalyzers/blob/master/documentation/SA1503.md) [D:\leaveblackgithub\DDNCadAddins\src\DDNCadAddins\DDNCadAddins\DDNCadAddins.csproj]
D:\leaveblackgithub\DDNCadAddins\src\DDNCadAddins\DDNCadAddins\Services\XClipBlockService.Core.cs(423,17): warning SA1503: Braces should not be omitted (https://github.com/DotNetAnalyzers/StyleCopAnalyzers/blob/master/documentation/SA1503.md) [D:\leaveblackgithub\DDNCadAddins\src\DDNCadAddins\DDNCadAddins\DDNCadAddins.csproj]
D:\leaveblackgithub\DDNCadAddins\src\DDNCadAddins\DDNCadAddins\Services\XClipBlockService.Core.cs(430,21): warning SA1503: Braces should not be omitted (https://github.com/DotNetAnalyzers/StyleCopAnalyzers/blob/master/documentation/SA1503.md) [D:\leaveblackgithub\DDNCadAddins\src\DDNCadAddins\DDNCadAddins\DDNCadAddins.csproj]
D:\leaveblackgithub\DDNCadAddins\src\DDNCadAddins\DDNCadAddins\Services\XClipBlockService.Core.cs(435,21): warning SA1503: Braces should not be omitted (https://github.com/DotNetAnalyzers/StyleCopAnalyzers/blob/master/documentation/SA1503.md) [D:\leaveblackgithub\DDNCadAddins\src\DDNCadAddins\DDNCadAddins\DDNCadAddins.csproj]
D:\leaveblackgithub\DDNCadAddins\src\DDNCadAddins\DDNCadAddins\Commands\XClipTest\XClipTestCreator2.cs(121,38): warning CA2000: 在对 System.IDisposable.Dispose 的所有引用超出范围之前，在“new Polyline()”创建的对象上对其进行调用 (https://docs.microsoft.com/dotnet/fundamentals/code-analysis/quality-rules/ca2000) [D:\leaveblackgithub\DDNCadAddins\src\DDNCadAddins\DDNCadAddins\DDNCadAddins.csproj]
D:\leaveblackgithub\DDNCadAddins\src\DDNCadAddins\DDNCadAddins\Commands\XClipTest\XClipTestCreator2.cs(142,43): warning CA2000: 在对 System.IDisposable.Dispose 的所有引用超出范围之前，在“new BlockReference(new Point3d(20, 20, 0), blockDef.ObjectId)”创建的对象上对其进行调用 (https://docs.microsoft.com/dotnet/fundamentals/code-analysis/quality-rules/ca2000) [D:\leaveblackgithub\DDNCadAddins\src\DDNCadAddins\DDNCadAddins\DDNCadAddins.csproj]
D:\leaveblackgithub\DDNCadAddins\src\DDNCadAddins\DDNCadAddins\Commands\XClipTest\XClipTestCreator2.cs(112,45): warning CA2000: 在对 System.IDisposable.Dispose 的所有引用超出范围之前，在“new BlockTableRecord()”创建的对象上对其进行调用 (https://docs.microsoft.com/dotnet/fundamentals/code-analysis/quality-rules/ca2000) [D:\leaveblackgithub\DDNCadAddins\src\DDNCadAddins\DDNCadAddins\DDNCadAddins.csproj]
D:\leaveblackgithub\DDNCadAddins\src\DDNCadAddins\DDNCadAddins\Commands\XClipTest\XClipTestCreator2.cs(129,31): warning CA2000: 在对 System.IDisposable.Dispose 的所有引用超出范围之前，在“new DBText()”创建的对象上对其进行调用 (https://docs.microsoft.com/dotnet/fundamentals/code-analysis/quality-rules/ca2000) [D:\leaveblackgithub\DDNCadAddins\src\DDNCadAddins\DDNCadAddins\DDNCadAddins.csproj]
D:\leaveblackgithub\DDNCadAddins\src\DDNCadAddins\DDNCadAddins\Commands\XClipTest\XClipTestCreator2.cs(99,25): warning CA1822: 成员“CreateTransformedBlock”不访问实例数据，可标记为 static (https://docs.microsoft.com/dotnet/fundamentals/code-analysis/quality-rules/ca1822) [D:\leaveblackgithub\DDNCadAddins\src\DDNCadAddins\DDNCadAddins\DDNCadAddins.csproj]
D:\leaveblackgithub\DDNCadAddins\src\DDNCadAddins\DDNCadAddins\Commands\XClipTest\XClipTestValidator.cs(286,22): warning CA1822: 成员“IsColorCorrect”不访问实例数据，可标记为 static (https://docs.microsoft.com/dotnet/fundamentals/code-analysis/quality-rules/ca1822) [D:\leaveblackgithub\DDNCadAddins\src\DDNCadAddins\DDNCadAddins\DDNCadAddins.csproj]
D:\leaveblackgithub\DDNCadAddins\src\DDNCadAddins\DDNCadAddins\Commands\XClipTest\XClipTestValidator.cs(334,22): warning CA1822: 成员“IsBlockTopLevel”不访问实例数据，可标记为 static (https://docs.microsoft.com/dotnet/fundamentals/code-analysis/quality-rules/ca1822) [D:\leaveblackgithub\DDNCadAddins\src\DDNCadAddins\DDNCadAddins\DDNCadAddins.csproj]
D:\leaveblackgithub\DDNCadAddins\src\DDNCadAddins\DDNCadAddins\Commands\XClipTest\XClipTestValidator.cs(310,22): warning CA1822: 成员“IsLinetypeCorrect”不访问实例数据，可标记为 static (https://docs.microsoft.com/dotnet/fundamentals/code-analysis/quality-rules/ca1822) [D:\leaveblackgithub\DDNCadAddins\src\DDNCadAddins\DDNCadAddins\DDNCadAddins.csproj]
D:\leaveblackgithub\DDNCadAddins\src\DDNCadAddins\DDNCadAddins\Commands\XClipTest\XClipTestValidator.cs(357,26): warning CA1822: 成员“FindParentBlockId”不访问实例数据，可标记为 static (https://docs.microsoft.com/dotnet/fundamentals/code-analysis/quality-rules/ca1822) [D:\leaveblackgithub\DDNCadAddins\src\DDNCadAddins\DDNCadAddins\DDNCadAddins.csproj]
D:\leaveblackgithub\DDNCadAddins\src\DDNCadAddins\DDNCadAddins\Commands\XClipTest\XClipTestValidator.cs(409,24): warning CA1822: 成员“GetBlockScale”不访问实例数据，可标记为 static (https://docs.microsoft.com/dotnet/fundamentals/code-analysis/quality-rules/ca1822) [D:\leaveblackgithub\DDNCadAddins\src\DDNCadAddins\DDNCadAddins\DDNCadAddins.csproj]
D:\leaveblackgithub\DDNCadAddins\src\DDNCadAddins\DDNCadAddins\Commands\XClipTest\XClipTestValidator.cs(389,24): warning CA1822: 成员“GetBlockRotation”不访问实例数据，可标记为 static (https://docs.microsoft.com/dotnet/fundamentals/code-analysis/quality-rules/ca1822) [D:\leaveblackgithub\DDNCadAddins\src\DDNCadAddins\DDNCadAddins\DDNCadAddins.csproj]
D:\leaveblackgithub\DDNCadAddins\src\DDNCadAddins\DDNCadAddins\Commands\XClipTest\XClipTestCreator3.cs(209,21): warning SA1503: Braces should not be omitted (https://github.com/DotNetAnalyzers/StyleCopAnalyzers/blob/master/documentation/SA1503.md) [D:\leaveblackgithub\DDNCadAddins\src\DDNCadAddins\DDNCadAddins\DDNCadAddins.csproj]
D:\leaveblackgithub\DDNCadAddins\src\DDNCadAddins\DDNCadAddins\Commands\XClipTest\XClipTestCreator3.cs(217,21): warning SA1503: Braces should not be omitted (https://github.com/DotNetAnalyzers/StyleCopAnalyzers/blob/master/documentation/SA1503.md) [D:\leaveblackgithub\DDNCadAddins\src\DDNCadAddins\DDNCadAddins\DDNCadAddins.csproj]
D:\leaveblackgithub\DDNCadAddins\src\DDNCadAddins\DDNCadAddins\Commands\XClipTest\XClipTestCreator3.cs(221,21): warning SA1503: Braces should not be omitted (https://github.com/DotNetAnalyzers/StyleCopAnalyzers/blob/master/documentation/SA1503.md) [D:\leaveblackgithub\DDNCadAddins\src\DDNCadAddins\DDNCadAddins\DDNCadAddins.csproj]
D:\leaveblackgithub\DDNCadAddins\src\DDNCadAddins\DDNCadAddins\Commands\XClipTest\XClipTestCreator3.cs(225,21): warning SA1503: Braces should not be omitted (https://github.com/DotNetAnalyzers/StyleCopAnalyzers/blob/master/documentation/SA1503.md) [D:\leaveblackgithub\DDNCadAddins\src\DDNCadAddins\DDNCadAddins\DDNCadAddins.csproj]
D:\leaveblackgithub\DDNCadAddins\src\DDNCadAddins\DDNCadAddins\Services\XClipBlockService.Core.cs(449,63): warning CA1310: “string.StartsWith(string)”的行为可能因当前用户的区域设置而异。请将“DDNCadAddins.Services.XClipBlockService.FindTestBlock(Autodesk.AutoCAD.DatabaseServices.Transaction, Autodesk.AutoCAD.DatabaseServices.Database, string)”中的此调用替换为对“string.StartsWith(string, System.StringComparison)”的调用。 (https://docs.microsoft.com/dotnet/fundamentals/code-analysis/quality-rules/ca1310) [D:\leaveblackgithub\DDNCadAddins\src\DDNCadAddins\DDNCadAddins\DDNCadAddins.csproj]
D:\leaveblackgithub\DDNCadAddins\src\DDNCadAddins\DDNCadAddins\Commands\XClipTest\XClipTestCreator3.cs(229,21): warning SA1503: Braces should not be omitted (https://github.com/DotNetAnalyzers/StyleCopAnalyzers/blob/master/documentation/SA1503.md) [D:\leaveblackgithub\DDNCadAddins\src\DDNCadAddins\DDNCadAddins\DDNCadAddins.csproj]
D:\leaveblackgithub\DDNCadAddins\src\DDNCadAddins\DDNCadAddins\Commands\XClipTest\XClipTestCreator3.cs(233,21): warning SA1503: Braces should not be omitted (https://github.com/DotNetAnalyzers/StyleCopAnalyzers/blob/master/documentation/SA1503.md) [D:\leaveblackgithub\DDNCadAddins\src\DDNCadAddins\DDNCadAddins\DDNCadAddins.csproj]
D:\leaveblackgithub\DDNCadAddins\src\DDNCadAddins\DDNCadAddins\Services\XClipBlockService.Core.cs(455,21): warning CA1031: 请修改“FindTestBlock”以捕获更具体的允许异常类型，或者重新抛出该异常 (https://docs.microsoft.com/dotnet/fundamentals/code-analysis/quality-rules/ca1031) [D:\leaveblackgithub\DDNCadAddins\src\DDNCadAddins\DDNCadAddins\DDNCadAddins.csproj]
D:\leaveblackgithub\DDNCadAddins\src\DDNCadAddins\DDNCadAddins\Services\XClipBlockService.Core.cs(463,13): warning CA1031: 请修改“FindTestBlock”以捕获更具体的允许异常类型，或者重新抛出该异常 (https://docs.microsoft.com/dotnet/fundamentals/code-analysis/quality-rules/ca1031) [D:\leaveblackgithub\DDNCadAddins\src\DDNCadAddins\DDNCadAddins\DDNCadAddins.csproj]
D:\leaveblackgithub\DDNCadAddins\src\DDNCadAddins\DDNCadAddins\Commands\XClipTest\XClipTestCreator3.cs(398,36): warning SA1101: Prefix local calls with this (https://github.com/DotNetAnalyzers/StyleCopAnalyzers/blob/master/documentation/SA1101.md) [D:\leaveblackgithub\DDNCadAddins\src\DDNCadAddins\DDNCadAddins\DDNCadAddins.csproj]
D:\leaveblackgithub\DDNCadAddins\src\DDNCadAddins\DDNCadAddins\Services\XClipBlockService.Core.cs(478,17): warning SA1503: Braces should not be omitted (https://github.com/DotNetAnalyzers/StyleCopAnalyzers/blob/master/documentation/SA1503.md) [D:\leaveblackgithub\DDNCadAddins\src\DDNCadAddins\DDNCadAddins\DDNCadAddins.csproj]
D:\leaveblackgithub\DDNCadAddins\src\DDNCadAddins\DDNCadAddins\Services\XClipBlockService.Core.cs(496,25): warning SA1503: Braces should not be omitted (https://github.com/DotNetAnalyzers/StyleCopAnalyzers/blob/master/documentation/SA1503.md) [D:\leaveblackgithub\DDNCadAddins\src\DDNCadAddins\DDNCadAddins\DDNCadAddins.csproj]
D:\leaveblackgithub\DDNCadAddins\src\DDNCadAddins\DDNCadAddins\Services\XClipBlockService.Core.cs(501,25): warning SA1503: Braces should not be omitted (https://github.com/DotNetAnalyzers/StyleCopAnalyzers/blob/master/documentation/SA1503.md) [D:\leaveblackgithub\DDNCadAddins\src\DDNCadAddins\DDNCadAddins\DDNCadAddins.csproj]
D:\leaveblackgithub\DDNCadAddins\src\DDNCadAddins\DDNCadAddins\Services\XClipBlockService.Core.cs(517,33): warning SA1503: Braces should not be omitted (https://github.com/DotNetAnalyzers/StyleCopAnalyzers/blob/master/documentation/SA1503.md) [D:\leaveblackgithub\DDNCadAddins\src\DDNCadAddins\DDNCadAddins\DDNCadAddins.csproj]
D:\leaveblackgithub\DDNCadAddins\src\DDNCadAddins\DDNCadAddins\Services\XClipBlockService.Core.cs(526,21): warning SA1503: Braces should not be omitted (https://github.com/DotNetAnalyzers/StyleCopAnalyzers/blob/master/documentation/SA1503.md) [D:\leaveblackgithub\DDNCadAddins\src\DDNCadAddins\DDNCadAddins\DDNCadAddins.csproj]
D:\leaveblackgithub\DDNCadAddins\src\DDNCadAddins\DDNCadAddins\Services\XClipBlockService.Core.cs(559,29): warning SA1503: Braces should not be omitted (https://github.com/DotNetAnalyzers/StyleCopAnalyzers/blob/master/documentation/SA1503.md) [D:\leaveblackgithub\DDNCadAddins\src\DDNCadAddins\DDNCadAddins\DDNCadAddins.csproj]
D:\leaveblackgithub\DDNCadAddins\src\DDNCadAddins\DDNCadAddins\Services\XClipBlockService.Core.cs(572,25): warning SA1503: Braces should not be omitted (https://github.com/DotNetAnalyzers/StyleCopAnalyzers/blob/master/documentation/SA1503.md) [D:\leaveblackgithub\DDNCadAddins\src\DDNCadAddins\DDNCadAddins\DDNCadAddins.csproj]
D:\leaveblackgithub\DDNCadAddins\src\DDNCadAddins\DDNCadAddins\Commands\TestRunner.cs(464,21): warning CA1822: 成员“TestXClipService”不访问实例数据，可标记为 static (https://docs.microsoft.com/dotnet/fundamentals/code-analysis/quality-rules/ca1822) [D:\leaveblackgithub\DDNCadAddins\src\DDNCadAddins\DDNCadAddins\DDNCadAddins.csproj]
D:\leaveblackgithub\DDNCadAddins\src\DDNCadAddins\DDNCadAddins\Commands\XClipTest\XClipTestCreator3.cs(406,13): warning CA1031: 请修改“CreateBlockReference”以捕获更具体的允许异常类型，或者重新抛出该异常 (https://docs.microsoft.com/dotnet/fundamentals/code-analysis/quality-rules/ca1031) [D:\leaveblackgithub\DDNCadAddins\src\DDNCadAddins\DDNCadAddins\DDNCadAddins.csproj]
D:\leaveblackgithub\DDNCadAddins\src\DDNCadAddins\DDNCadAddins\Commands\XClipTest\XClipTestCreator4.cs(57,42): warning CA1062: 在外部可见方法“ObjectId XClipTestCreator.GetLayerId(Transaction tr, Database db, string layerName)”中，先验证参数“db”为非 null，然后再使用。如果适用，在参数为 null 时引发 ArgumentNullException，或添加断言非 null 参数的代码协定前提条件。 (https://docs.microsoft.com/dotnet/fundamentals/code-analysis/quality-rules/ca1062) [D:\leaveblackgithub\DDNCadAddins\src\DDNCadAddins\DDNCadAddins\DDNCadAddins.csproj]
D:\leaveblackgithub\DDNCadAddins\src\DDNCadAddins\DDNCadAddins\Commands\XClipTest\XClipTestCreator4.cs(57,29): warning CA1062: 在外部可见方法“ObjectId XClipTestCreator.GetLayerId(Transaction tr, Database db, string layerName)”中，先验证参数“tr”为非 null，然后再使用。如果适用，在参数为 null 时引发 ArgumentNullException，或添加断言非 null 参数的代码协定前提条件。 (https://docs.microsoft.com/dotnet/fundamentals/code-analysis/quality-rules/ca1062) [D:\leaveblackgithub\DDNCadAddins\src\DDNCadAddins\DDNCadAddins\DDNCadAddins.csproj]
D:\leaveblackgithub\DDNCadAddins\src\DDNCadAddins\DDNCadAddins\Commands\TestRunner.cs(786,43): warning CA2000: 在对 System.IDisposable.Dispose 的所有引用超出范围之前，在“new BlockReference(position, blockId)”创建的对象上对其进行调用 (https://docs.microsoft.com/dotnet/fundamentals/code-analysis/quality-rules/ca2000) [D:\leaveblackgithub\DDNCadAddins\src\DDNCadAddins\DDNCadAddins\DDNCadAddins.csproj]
D:\leaveblackgithub\DDNCadAddins\src\DDNCadAddins\DDNCadAddins\Commands\XClipTest\XClipTestCreator4.cs(55,25): warning CA1822: 成员“GetLayerId”不访问实例数据，可标记为 static (https://docs.microsoft.com/dotnet/fundamentals/code-analysis/quality-rules/ca1822) [D:\leaveblackgithub\DDNCadAddins\src\DDNCadAddins\DDNCadAddins\DDNCadAddins.csproj]
D:\leaveblackgithub\DDNCadAddins\src\DDNCadAddins\DDNCadAddins\Commands\TestRunner.cs(756,40): warning CA2000: 在对 System.IDisposable.Dispose 的所有引用超出范围之前，在“new LayerTableRecord()”创建的对象上对其进行调用 (https://docs.microsoft.com/dotnet/fundamentals/code-analysis/quality-rules/ca2000) [D:\leaveblackgithub\DDNCadAddins\src\DDNCadAddins\DDNCadAddins\DDNCadAddins.csproj]
D:\leaveblackgithub\DDNCadAddins\src\DDNCadAddins\DDNCadAddins\Commands\XClipTest\XClipTestCreator4.cs(34,28): warning SA1101: Prefix local calls with this (https://github.com/DotNetAnalyzers/StyleCopAnalyzers/blob/master/documentation/SA1101.md) [D:\leaveblackgithub\DDNCadAddins\src\DDNCadAddins\DDNCadAddins\DDNCadAddins.csproj]
D:\leaveblackgithub\DDNCadAddins\src\DDNCadAddins\DDNCadAddins\Commands\XClipTest\XClipTestCreator4.cs(39,30): warning SA1101: Prefix local calls with this (https://github.com/DotNetAnalyzers/StyleCopAnalyzers/blob/master/documentation/SA1101.md) [D:\leaveblackgithub\DDNCadAddins\src\DDNCadAddins\DDNCadAddins\DDNCadAddins.csproj]
D:\leaveblackgithub\DDNCadAddins\src\DDNCadAddins\DDNCadAddins\Commands\XClipTest\XClipTestCreator3.cs(391,46): warning CA1062: 在外部可见方法“ObjectId XClipTestCreator.CreateBlockReference(Transaction tr, Database db, ObjectId blockDefId, Point3d position, string layerName)”中，先验证参数“db”为非 null，然后再使用。如果适用，在参数为 null 时引发 ArgumentNullException，或添加断言非 null 参数的代码协定前提条件。 (https://docs.microsoft.com/dotnet/fundamentals/code-analysis/quality-rules/ca1062) [D:\leaveblackgithub\DDNCadAddins\src\DDNCadAddins\DDNCadAddins\DDNCadAddins.csproj]
D:\leaveblackgithub\DDNCadAddins\src\DDNCadAddins\DDNCadAddins\Commands\XClipTest\XClipTestCreator3.cs(391,33): warning CA1062: 在外部可见方法“ObjectId XClipTestCreator.CreateBlockReference(Transaction tr, Database db, ObjectId blockDefId, Point3d position, string layerName)”中，先验证参数“tr”为非 null，然后再使用。如果适用，在参数为 null 时引发 ArgumentNullException，或添加断言非 null 参数的代码协定前提条件。 (https://docs.microsoft.com/dotnet/fundamentals/code-analysis/quality-rules/ca1062) [D:\leaveblackgithub\DDNCadAddins\src\DDNCadAddins\DDNCadAddins\DDNCadAddins.csproj]
D:\leaveblackgithub\DDNCadAddins\src\DDNCadAddins\DDNCadAddins\Commands\TestRunner.cs(582,27): warning CA2000: 在对 System.IDisposable.Dispose 的所有引用超出范围之前，在“new DBText()”创建的对象上对其进行调用 (https://docs.microsoft.com/dotnet/fundamentals/code-analysis/quality-rules/ca2000) [D:\leaveblackgithub\DDNCadAddins\src\DDNCadAddins\DDNCadAddins\DDNCadAddins.csproj]
D:\leaveblackgithub\DDNCadAddins\src\DDNCadAddins\DDNCadAddins\Commands\TestRunner.cs(563,36): warning CA2000: 在对 System.IDisposable.Dispose 的所有引用超出范围之前，在“new BlockTableRecord()”创建的对象上对其进行调用 (https://docs.microsoft.com/dotnet/fundamentals/code-analysis/quality-rules/ca2000) [D:\leaveblackgithub\DDNCadAddins\src\DDNCadAddins\DDNCadAddins\DDNCadAddins.csproj]
D:\leaveblackgithub\DDNCadAddins\src\DDNCadAddins\DDNCadAddins\Commands\TestRunner.cs(575,26): warning CA2000: 在对 System.IDisposable.Dispose 的所有引用超出范围之前，在“new Line(new Point3d(-10, 0, 0), new Point3d(10, 0, 0))”创建的对象上对其进行调用 (https://docs.microsoft.com/dotnet/fundamentals/code-analysis/quality-rules/ca2000) [D:\leaveblackgithub\DDNCadAddins\src\DDNCadAddins\DDNCadAddins\DDNCadAddins.csproj]
D:\leaveblackgithub\DDNCadAddins\src\DDNCadAddins\DDNCadAddins\Commands\TestRunner.cs(569,29): warning CA2000: 在对 System.IDisposable.Dispose 的所有引用超出范围之前，在“new Circle()”创建的对象上对其进行调用 (https://docs.microsoft.com/dotnet/fundamentals/code-analysis/quality-rules/ca2000) [D:\leaveblackgithub\DDNCadAddins\src\DDNCadAddins\DDNCadAddins\DDNCadAddins.csproj]
D:\leaveblackgithub\DDNCadAddins\src\DDNCadAddins\DDNCadAddins\Commands\TestRunner.cs(578,26): warning CA2000: 在对 System.IDisposable.Dispose 的所有引用超出范围之前，在“new Line(new Point3d(0, -10, 0), new Point3d(0, 10, 0))”创建的对象上对其进行调用 (https://docs.microsoft.com/dotnet/fundamentals/code-analysis/quality-rules/ca2000) [D:\leaveblackgithub\DDNCadAddins\src\DDNCadAddins\DDNCadAddins\DDNCadAddins.csproj]
D:\leaveblackgithub\DDNCadAddins\src\DDNCadAddins\DDNCadAddins\Services\XClipBlockService.Core.cs(579,21): warning SA1413: Use trailing comma in multi-line initializers (https://github.com/DotNetAnalyzers/StyleCopAnalyzers/blob/master/documentation/SA1413.md) [D:\leaveblackgithub\DDNCadAddins\src\DDNCadAddins\DDNCadAddins\DDNCadAddins.csproj]
D:\leaveblackgithub\DDNCadAddins\src\DDNCadAddins\DDNCadAddins\Commands\XClipTest\XClipTestCreator4.cs(70,46): warning CA1062: 在外部可见方法“ObjectId XClipTestCreator.GetLineTypeId(Transaction tr, Database db, string lineTypeName)”中，先验证参数“db”为非 null，然后再使用。如果适用，在参数为 null 时引发 ArgumentNullException，或添加断言非 null 参数的代码协定前提条件。 (https://docs.microsoft.com/dotnet/fundamentals/code-analysis/quality-rules/ca1062) [D:\leaveblackgithub\DDNCadAddins\src\DDNCadAddins\DDNCadAddins\DDNCadAddins.csproj]
D:\leaveblackgithub\DDNCadAddins\src\DDNCadAddins\DDNCadAddins\Commands\XClipTest\XClipTestCreator4.cs(70,33): warning CA1062: 在外部可见方法“ObjectId XClipTestCreator.GetLineTypeId(Transaction tr, Database db, string lineTypeName)”中，先验证参数“tr”为非 null，然后再使用。如果适用，在参数为 null 时引发 ArgumentNullException，或添加断言非 null 参数的代码协定前提条件。 (https://docs.microsoft.com/dotnet/fundamentals/code-analysis/quality-rules/ca1062) [D:\leaveblackgithub\DDNCadAddins\src\DDNCadAddins\DDNCadAddins\DDNCadAddins.csproj]
D:\leaveblackgithub\DDNCadAddins\src\DDNCadAddins\DDNCadAddins\Services\XClipBlockService.Core.cs(249,18): warning SA1101: Prefix local calls with this (https://github.com/DotNetAnalyzers/StyleCopAnalyzers/blob/master/documentation/SA1101.md) [D:\leaveblackgithub\DDNCadAddins\src\DDNCadAddins\DDNCadAddins\DDNCadAddins.csproj]
D:\leaveblackgithub\DDNCadAddins\src\DDNCadAddins\DDNCadAddins\Services\XClipBlockService.Core.cs(250,17): warning SA1101: Prefix local calls with this (https://github.com/DotNetAnalyzers/StyleCopAnalyzers/blob/master/documentation/SA1101.md) [D:\leaveblackgithub\DDNCadAddins\src\DDNCadAddins\DDNCadAddins\DDNCadAddins.csproj]
D:\leaveblackgithub\DDNCadAddins\src\DDNCadAddins\DDNCadAddins\Services\XClipBlockService.Core.cs(253,35): warning SA1101: Prefix local calls with this (https://github.com/DotNetAnalyzers/StyleCopAnalyzers/blob/master/documentation/SA1101.md) [D:\leaveblackgithub\DDNCadAddins\src\DDNCadAddins\DDNCadAddins\DDNCadAddins.csproj]
D:\leaveblackgithub\DDNCadAddins\src\DDNCadAddins\DDNCadAddins\Commands\XClipTest\XClipTestCreator4.cs(68,25): warning CA1822: 成员“GetLineTypeId”不访问实例数据，可标记为 static (https://docs.microsoft.com/dotnet/fundamentals/code-analysis/quality-rules/ca1822) [D:\leaveblackgithub\DDNCadAddins\src\DDNCadAddins\DDNCadAddins\DDNCadAddins.csproj]
D:\leaveblackgithub\DDNCadAddins\src\DDNCadAddins\DDNCadAddins\Commands\XClipTest\XClipTestCreator4.cs(127,32): warning SA1101: Prefix local calls with this (https://github.com/DotNetAnalyzers/StyleCopAnalyzers/blob/master/documentation/SA1101.md) [D:\leaveblackgithub\DDNCadAddins\src\DDNCadAddins\DDNCadAddins\DDNCadAddins.csproj]
D:\leaveblackgithub\DDNCadAddins\src\DDNCadAddins\DDNCadAddins\Services\XClipBlockService.Core.cs(255,43): warning SA1101: Prefix local calls with this (https://github.com/DotNetAnalyzers/StyleCopAnalyzers/blob/master/documentation/SA1101.md) [D:\leaveblackgithub\DDNCadAddins\src\DDNCadAddins\DDNCadAddins\DDNCadAddins.csproj]
D:\leaveblackgithub\DDNCadAddins\src\DDNCadAddins\DDNCadAddins\Services\XClipBlockService.Core.cs(258,26): warning SA1101: Prefix local calls with this (https://github.com/DotNetAnalyzers/StyleCopAnalyzers/blob/master/documentation/SA1101.md) [D:\leaveblackgithub\DDNCadAddins\src\DDNCadAddins\DDNCadAddins\DDNCadAddins.csproj]
D:\leaveblackgithub\DDNCadAddins\src\DDNCadAddins\DDNCadAddins\Services\XClipBlockService.Core.cs(259,25): warning SA1101: Prefix local calls with this (https://github.com/DotNetAnalyzers/StyleCopAnalyzers/blob/master/documentation/SA1101.md) [D:\leaveblackgithub\DDNCadAddins\src\DDNCadAddins\DDNCadAddins\DDNCadAddins.csproj]
D:\leaveblackgithub\DDNCadAddins\src\DDNCadAddins\DDNCadAddins\Services\XClipBlockService.Core.cs(264,33): warning SA1101: Prefix local calls with this (https://github.com/DotNetAnalyzers/StyleCopAnalyzers/blob/master/documentation/SA1101.md) [D:\leaveblackgithub\DDNCadAddins\src\DDNCadAddins\DDNCadAddins\DDNCadAddins.csproj]
D:\leaveblackgithub\DDNCadAddins\src\DDNCadAddins\DDNCadAddins\Services\XClipBlockService.Core.cs(267,26): warning SA1101: Prefix local calls with this (https://github.com/DotNetAnalyzers/StyleCopAnalyzers/blob/master/documentation/SA1101.md) [D:\leaveblackgithub\DDNCadAddins\src\DDNCadAddins\DDNCadAddins\DDNCadAddins.csproj]
D:\leaveblackgithub\DDNCadAddins\src\DDNCadAddins\DDNCadAddins\Services\XClipBlockService.Core.cs(268,25): warning SA1101: Prefix local calls with this (https://github.com/DotNetAnalyzers/StyleCopAnalyzers/blob/master/documentation/SA1101.md) [D:\leaveblackgithub\DDNCadAddins\src\DDNCadAddins\DDNCadAddins\DDNCadAddins.csproj]
D:\leaveblackgithub\DDNCadAddins\src\DDNCadAddins\DDNCadAddins\Commands\XClipTest\XClipTestCreator4.cs(119,13): warning SA1117: The parameters should all be placed on the same line or each parameter should be placed on its own line. (https://github.com/DotNetAnalyzers/StyleCopAnalyzers/blob/master/documentation/SA1117.md) [D:\leaveblackgithub\DDNCadAddins\src\DDNCadAddins\DDNCadAddins\DDNCadAddins.csproj]
D:\leaveblackgithub\DDNCadAddins\src\DDNCadAddins\DDNCadAddins\Services\XClipBlockService.Core.cs(274,22): warning SA1101: Prefix local calls with this (https://github.com/DotNetAnalyzers/StyleCopAnalyzers/blob/master/documentation/SA1101.md) [D:\leaveblackgithub\DDNCadAddins\src\DDNCadAddins\DDNCadAddins\DDNCadAddins.csproj]
D:\leaveblackgithub\DDNCadAddins\src\DDNCadAddins\DDNCadAddins\Commands\XClipTest\XClipTestCreator3.cs(146,30): warning SA1101: Prefix local calls with this (https://github.com/DotNetAnalyzers/StyleCopAnalyzers/blob/master/documentation/SA1101.md) [D:\leaveblackgithub\DDNCadAddins\src\DDNCadAddins\DDNCadAddins\DDNCadAddins.csproj]
D:\leaveblackgithub\DDNCadAddins\src\DDNCadAddins\DDNCadAddins\Services\XClipBlockService.Core.cs(275,21): warning SA1101: Prefix local calls with this (https://github.com/DotNetAnalyzers/StyleCopAnalyzers/blob/master/documentation/SA1101.md) [D:\leaveblackgithub\DDNCadAddins\src\DDNCadAddins\DDNCadAddins\DDNCadAddins.csproj]
D:\leaveblackgithub\DDNCadAddins\src\DDNCadAddins\DDNCadAddins\Commands\XClipTest\XClipTestCreator3.cs(150,44): warning SA1101: Prefix local calls with this (https://github.com/DotNetAnalyzers/StyleCopAnalyzers/blob/master/documentation/SA1101.md) [D:\leaveblackgithub\DDNCadAddins\src\DDNCadAddins\DDNCadAddins\DDNCadAddins.csproj]
D:\leaveblackgithub\DDNCadAddins\src\DDNCadAddins\DDNCadAddins\Services\XClipBlockService.Core.cs(279,21): warning SA1101: Prefix local calls with this (https://github.com/DotNetAnalyzers/StyleCopAnalyzers/blob/master/documentation/SA1101.md) [D:\leaveblackgithub\DDNCadAddins\src\DDNCadAddins\DDNCadAddins\DDNCadAddins.csproj]
D:\leaveblackgithub\DDNCadAddins\src\DDNCadAddins\DDNCadAddins\Services\XClipBlockService.Core.cs(281,26): warning SA1101: Prefix local calls with this (https://github.com/DotNetAnalyzers/StyleCopAnalyzers/blob/master/documentation/SA1101.md) [D:\leaveblackgithub\DDNCadAddins\src\DDNCadAddins\DDNCadAddins\DDNCadAddins.csproj]
D:\leaveblackgithub\DDNCadAddins\src\DDNCadAddins\DDNCadAddins\Commands\XClipTest\XClipTestCreator3.cs(157,21): warning SA1101: Prefix local calls with this (https://github.com/DotNetAnalyzers/StyleCopAnalyzers/blob/master/documentation/SA1101.md) [D:\leaveblackgithub\DDNCadAddins\src\DDNCadAddins\DDNCadAddins\DDNCadAddins.csproj]
D:\leaveblackgithub\DDNCadAddins\src\DDNCadAddins\DDNCadAddins\Services\XClipBlockService.Core.cs(282,25): warning SA1101: Prefix local calls with this (https://github.com/DotNetAnalyzers/StyleCopAnalyzers/blob/master/documentation/SA1101.md) [D:\leaveblackgithub\DDNCadAddins\src\DDNCadAddins\DDNCadAddins\DDNCadAddins.csproj]
D:\leaveblackgithub\DDNCadAddins\src\DDNCadAddins\DDNCadAddins\Commands\XClipTest\XClipTestCreator3.cs(160,21): warning SA1101: Prefix local calls with this (https://github.com/DotNetAnalyzers/StyleCopAnalyzers/blob/master/documentation/SA1101.md) [D:\leaveblackgithub\DDNCadAddins\src\DDNCadAddins\DDNCadAddins\DDNCadAddins.csproj]
D:\leaveblackgithub\DDNCadAddins\src\DDNCadAddins\DDNCadAddins\Commands\XClipTest\XClipTestCreator3.cs(163,47): warning SA1101: Prefix local calls with this (https://github.com/DotNetAnalyzers/StyleCopAnalyzers/blob/master/documentation/SA1101.md) [D:\leaveblackgithub\DDNCadAddins\src\DDNCadAddins\DDNCadAddins\DDNCadAddins.csproj]
D:\leaveblackgithub\DDNCadAddins\src\DDNCadAddins\DDNCadAddins\Services\XClipBlockService.Core.cs(287,38): warning SA1101: Prefix local calls with this (https://github.com/DotNetAnalyzers/StyleCopAnalyzers/blob/master/documentation/SA1101.md) [D:\leaveblackgithub\DDNCadAddins\src\DDNCadAddins\DDNCadAddins\DDNCadAddins.csproj]
D:\leaveblackgithub\DDNCadAddins\src\DDNCadAddins\DDNCadAddins\Commands\XClipTest\XClipTestCreator3.cs(164,45): warning SA1101: Prefix local calls with this (https://github.com/DotNetAnalyzers/StyleCopAnalyzers/blob/master/documentation/SA1101.md) [D:\leaveblackgithub\DDNCadAddins\src\DDNCadAddins\DDNCadAddins\DDNCadAddins.csproj]
D:\leaveblackgithub\DDNCadAddins\src\DDNCadAddins\DDNCadAddins\Services\XClipBlockService.Core.cs(290,26): warning SA1101: Prefix local calls with this (https://github.com/DotNetAnalyzers/StyleCopAnalyzers/blob/master/documentation/SA1101.md) [D:\leaveblackgithub\DDNCadAddins\src\DDNCadAddins\DDNCadAddins\DDNCadAddins.csproj]
D:\leaveblackgithub\DDNCadAddins\src\DDNCadAddins\DDNCadAddins\Services\XClipBlockService.Core.cs(291,25): warning SA1101: Prefix local calls with this (https://github.com/DotNetAnalyzers/StyleCopAnalyzers/blob/master/documentation/SA1101.md) [D:\leaveblackgithub\DDNCadAddins\src\DDNCadAddins\DDNCadAddins\DDNCadAddins.csproj]
D:\leaveblackgithub\DDNCadAddins\src\DDNCadAddins\DDNCadAddins\Commands\XClipTest\XClipTestCreator3.cs(165,48): warning SA1101: Prefix local calls with this (https://github.com/DotNetAnalyzers/StyleCopAnalyzers/blob/master/documentation/SA1101.md) [D:\leaveblackgithub\DDNCadAddins\src\DDNCadAddins\DDNCadAddins\DDNCadAddins.csproj]
D:\leaveblackgithub\DDNCadAddins\src\DDNCadAddins\DDNCadAddins\Services\XClipBlockService.Core.cs(299,22): warning SA1101: Prefix local calls with this (https://github.com/DotNetAnalyzers/StyleCopAnalyzers/blob/master/documentation/SA1101.md) [D:\leaveblackgithub\DDNCadAddins\src\DDNCadAddins\DDNCadAddins\DDNCadAddins.csproj]
D:\leaveblackgithub\DDNCadAddins\src\DDNCadAddins\DDNCadAddins\Commands\XClipTest\XClipTestCreator3.cs(169,45): warning SA1101: Prefix local calls with this (https://github.com/DotNetAnalyzers/StyleCopAnalyzers/blob/master/documentation/SA1101.md) [D:\leaveblackgithub\DDNCadAddins\src\DDNCadAddins\DDNCadAddins\DDNCadAddins.csproj]
D:\leaveblackgithub\DDNCadAddins\src\DDNCadAddins\DDNCadAddins\Services\XClipBlockService.Core.cs(300,21): warning SA1101: Prefix local calls with this (https://github.com/DotNetAnalyzers/StyleCopAnalyzers/blob/master/documentation/SA1101.md) [D:\leaveblackgithub\DDNCadAddins\src\DDNCadAddins\DDNCadAddins\DDNCadAddins.csproj]
D:\leaveblackgithub\DDNCadAddins\src\DDNCadAddins\DDNCadAddins\Commands\XClipTest\XClipTestCreator3.cs(170,47): warning SA1101: Prefix local calls with this (https://github.com/DotNetAnalyzers/StyleCopAnalyzers/blob/master/documentation/SA1101.md) [D:\leaveblackgithub\DDNCadAddins\src\DDNCadAddins\DDNCadAddins\DDNCadAddins.csproj]
D:\leaveblackgithub\DDNCadAddins\src\DDNCadAddins\DDNCadAddins\Commands\XClipTest\XClipTestCreator3.cs(298,33): warning CA1310: “string.StartsWith(string)”的行为可能因当前用户的区域设置而异。请将“DDNCadAddins.Commands.XClipTest.XClipTestCreator.CleanupTests()”中的此调用替换为对“string.StartsWith(string, System.StringComparison)”的调用。 (https://docs.microsoft.com/dotnet/fundamentals/code-analysis/quality-rules/ca1310) [D:\leaveblackgithub\DDNCadAddins\src\DDNCadAddins\DDNCadAddins\DDNCadAddins.csproj]
D:\leaveblackgithub\DDNCadAddins\src\DDNCadAddins\DDNCadAddins\Commands\XClipTest\XClipTestCreator3.cs(317,29): warning CA1310: “string.StartsWith(string)”的行为可能因当前用户的区域设置而异。请将“DDNCadAddins.Commands.XClipTest.XClipTestCreator.CleanupTests()”中的此调用替换为对“string.StartsWith(string, System.StringComparison)”的调用。 (https://docs.microsoft.com/dotnet/fundamentals/code-analysis/quality-rules/ca1310) [D:\leaveblackgithub\DDNCadAddins\src\DDNCadAddins\DDNCadAddins\DDNCadAddins.csproj]
D:\leaveblackgithub\DDNCadAddins\src\DDNCadAddins\DDNCadAddins\Commands\XClipTest\XClipTestCreator3.cs(172,48): warning SA1101: Prefix local calls with this (https://github.com/DotNetAnalyzers/StyleCopAnalyzers/blob/master/documentation/SA1101.md) [D:\leaveblackgithub\DDNCadAddins\src\DDNCadAddins\DDNCadAddins\DDNCadAddins.csproj]
D:\leaveblackgithub\DDNCadAddins\src\DDNCadAddins\DDNCadAddins\Commands\XClipTest\XClipTestCreator3.cs(344,29): warning CA1310: “string.StartsWith(string)”的行为可能因当前用户的区域设置而异。请将“DDNCadAddins.Commands.XClipTest.XClipTestCreator.CleanupTests()”中的此调用替换为对“string.StartsWith(string, System.StringComparison)”的调用。 (https://docs.microsoft.com/dotnet/fundamentals/code-analysis/quality-rules/ca1310) [D:\leaveblackgithub\DDNCadAddins\src\DDNCadAddins\DDNCadAddins\DDNCadAddins.csproj]
D:\leaveblackgithub\DDNCadAddins\src\DDNCadAddins\DDNCadAddins\Services\XClipBlockService.Core.cs(601,17): warning SA1503: Braces should not be omitted (https://github.com/DotNetAnalyzers/StyleCopAnalyzers/blob/master/documentation/SA1503.md) [D:\leaveblackgithub\DDNCadAddins\src\DDNCadAddins\DDNCadAddins\DDNCadAddins.csproj]
D:\leaveblackgithub\DDNCadAddins\src\DDNCadAddins\DDNCadAddins\Services\XClipBlockService.Core.cs(604,17): warning SA1503: Braces should not be omitted (https://github.com/DotNetAnalyzers/StyleCopAnalyzers/blob/master/documentation/SA1503.md) [D:\leaveblackgithub\DDNCadAddins\src\DDNCadAddins\DDNCadAddins\DDNCadAddins.csproj]
D:\leaveblackgithub\DDNCadAddins\src\DDNCadAddins\DDNCadAddins\Services\XClipBlockService.Core.cs(621,25): warning SA1503: Braces should not be omitted (https://github.com/DotNetAnalyzers/StyleCopAnalyzers/blob/master/documentation/SA1503.md) [D:\leaveblackgithub\DDNCadAddins\src\DDNCadAddins\DDNCadAddins\DDNCadAddins.csproj]
D:\leaveblackgithub\DDNCadAddins\src\DDNCadAddins\DDNCadAddins\Commands\XClipTest\XClipTestCreator3.cs(176,50): warning SA1101: Prefix local calls with this (https://github.com/DotNetAnalyzers/StyleCopAnalyzers/blob/master/documentation/SA1101.md) [D:\leaveblackgithub\DDNCadAddins\src\DDNCadAddins\DDNCadAddins\DDNCadAddins.csproj]
D:\leaveblackgithub\DDNCadAddins\src\DDNCadAddins\DDNCadAddins\Services\XClipBlockService.Core.cs(626,25): warning SA1503: Braces should not be omitted (https://github.com/DotNetAnalyzers/StyleCopAnalyzers/blob/master/documentation/SA1503.md) [D:\leaveblackgithub\DDNCadAddins\src\DDNCadAddins\DDNCadAddins\DDNCadAddins.csproj]
D:\leaveblackgithub\DDNCadAddins\src\DDNCadAddins\DDNCadAddins\Services\XClipBlockService.Core.cs(649,33): warning SA1503: Braces should not be omitted (https://github.com/DotNetAnalyzers/StyleCopAnalyzers/blob/master/documentation/SA1503.md) [D:\leaveblackgithub\DDNCadAddins\src\DDNCadAddins\DDNCadAddins\DDNCadAddins.csproj]
D:\leaveblackgithub\DDNCadAddins\src\DDNCadAddins\DDNCadAddins\Services\XClipBlockService.Core.cs(658,21): warning SA1503: Braces should not be omitted (https://github.com/DotNetAnalyzers/StyleCopAnalyzers/blob/master/documentation/SA1503.md) [D:\leaveblackgithub\DDNCadAddins\src\DDNCadAddins\DDNCadAddins\DDNCadAddins.csproj]
D:\leaveblackgithub\DDNCadAddins\src\DDNCadAddins\DDNCadAddins\Commands\XClipTest\XClipTestCreator3.cs(178,48): warning SA1101: Prefix local calls with this (https://github.com/DotNetAnalyzers/StyleCopAnalyzers/blob/master/documentation/SA1101.md) [D:\leaveblackgithub\DDNCadAddins\src\DDNCadAddins\DDNCadAddins\DDNCadAddins.csproj]
D:\leaveblackgithub\DDNCadAddins\src\DDNCadAddins\DDNCadAddins\Services\XClipBlockService.Core.cs(686,29): warning SA1503: Braces should not be omitted (https://github.com/DotNetAnalyzers/StyleCopAnalyzers/blob/master/documentation/SA1503.md) [D:\leaveblackgithub\DDNCadAddins\src\DDNCadAddins\DDNCadAddins\DDNCadAddins.csproj]
D:\leaveblackgithub\DDNCadAddins\src\DDNCadAddins\DDNCadAddins\Services\XClipBlockService.Core.cs(316,26): warning SA1101: Prefix local calls with this (https://github.com/DotNetAnalyzers/StyleCopAnalyzers/blob/master/documentation/SA1101.md) [D:\leaveblackgithub\DDNCadAddins\src\DDNCadAddins\DDNCadAddins\DDNCadAddins.csproj]
D:\leaveblackgithub\DDNCadAddins\src\DDNCadAddins\DDNCadAddins\Commands\XClipTest\XClipTestCreator3.cs(179,51): warning SA1101: Prefix local calls with this (https://github.com/DotNetAnalyzers/StyleCopAnalyzers/blob/master/documentation/SA1101.md) [D:\leaveblackgithub\DDNCadAddins\src\DDNCadAddins\DDNCadAddins\DDNCadAddins.csproj]
D:\leaveblackgithub\DDNCadAddins\src\DDNCadAddins\DDNCadAddins\Services\XClipBlockService.Core.cs(317,25): warning SA1101: Prefix local calls with this (https://github.com/DotNetAnalyzers/StyleCopAnalyzers/blob/master/documentation/SA1101.md) [D:\leaveblackgithub\DDNCadAddins\src\DDNCadAddins\DDNCadAddins\DDNCadAddins.csproj]
D:\leaveblackgithub\DDNCadAddins\src\DDNCadAddins\DDNCadAddins\Services\XClipBlockService.Core.cs(320,22): warning SA1101: Prefix local calls with this (https://github.com/DotNetAnalyzers/StyleCopAnalyzers/blob/master/documentation/SA1101.md) [D:\leaveblackgithub\DDNCadAddins\src\DDNCadAddins\DDNCadAddins\DDNCadAddins.csproj]
D:\leaveblackgithub\DDNCadAddins\src\DDNCadAddins\DDNCadAddins\Commands\XClipTest\XClipTestCreator3.cs(183,48): warning SA1101: Prefix local calls with this (https://github.com/DotNetAnalyzers/StyleCopAnalyzers/blob/master/documentation/SA1101.md) [D:\leaveblackgithub\DDNCadAddins\src\DDNCadAddins\DDNCadAddins\DDNCadAddins.csproj]
D:\leaveblackgithub\DDNCadAddins\src\DDNCadAddins\DDNCadAddins\Services\XClipBlockService.Core.cs(321,21): warning SA1101: Prefix local calls with this (https://github.com/DotNetAnalyzers/StyleCopAnalyzers/blob/master/documentation/SA1101.md) [D:\leaveblackgithub\DDNCadAddins\src\DDNCadAddins\DDNCadAddins\DDNCadAddins.csproj]
D:\leaveblackgithub\DDNCadAddins\src\DDNCadAddins\DDNCadAddins\Commands\XClipTest\XClipTestCreator3.cs(184,46): warning SA1101: Prefix local calls with this (https://github.com/DotNetAnalyzers/StyleCopAnalyzers/blob/master/documentation/SA1101.md) [D:\leaveblackgithub\DDNCadAddins\src\DDNCadAddins\DDNCadAddins\DDNCadAddins.csproj]
D:\leaveblackgithub\DDNCadAddins\src\DDNCadAddins\DDNCadAddins\Services\XClipBlockService.Core.cs(329,22): warning SA1101: Prefix local calls with this (https://github.com/DotNetAnalyzers/StyleCopAnalyzers/blob/master/documentation/SA1101.md) [D:\leaveblackgithub\DDNCadAddins\src\DDNCadAddins\DDNCadAddins\DDNCadAddins.csproj]
D:\leaveblackgithub\DDNCadAddins\src\DDNCadAddins\DDNCadAddins\Services\XClipBlockService.Core.cs(789,17): warning SA1503: Braces should not be omitted (https://github.com/DotNetAnalyzers/StyleCopAnalyzers/blob/master/documentation/SA1503.md) [D:\leaveblackgithub\DDNCadAddins\src\DDNCadAddins\DDNCadAddins\DDNCadAddins.csproj]
D:\leaveblackgithub\DDNCadAddins\src\DDNCadAddins\DDNCadAddins\Services\XClipBlockService.Core.cs(489,42): warning SA1101: Prefix local calls with this (https://github.com/DotNetAnalyzers/StyleCopAnalyzers/blob/master/documentation/SA1101.md) [D:\leaveblackgithub\DDNCadAddins\src\DDNCadAddins\DDNCadAddins\DDNCadAddins.csproj]
D:\leaveblackgithub\DDNCadAddins\src\DDNCadAddins\DDNCadAddins\Services\XClipBlockService.Core.cs(330,21): warning SA1101: Prefix local calls with this (https://github.com/DotNetAnalyzers/StyleCopAnalyzers/blob/master/documentation/SA1101.md) [D:\leaveblackgithub\DDNCadAddins\src\DDNCadAddins\DDNCadAddins\DDNCadAddins.csproj]
D:\leaveblackgithub\DDNCadAddins\src\DDNCadAddins\DDNCadAddins\Commands\XClipTest\XClipTestCreator3.cs(185,49): warning SA1101: Prefix local calls with this (https://github.com/DotNetAnalyzers/StyleCopAnalyzers/blob/master/documentation/SA1101.md) [D:\leaveblackgithub\DDNCadAddins\src\DDNCadAddins\DDNCadAddins\DDNCadAddins.csproj]
D:\leaveblackgithub\DDNCadAddins\src\DDNCadAddins\DDNCadAddins\Commands\XClipTest\XClipTestCreator4.cs(239,25): warning SA1503: Braces should not be omitted (https://github.com/DotNetAnalyzers/StyleCopAnalyzers/blob/master/documentation/SA1503.md) [D:\leaveblackgithub\DDNCadAddins\src\DDNCadAddins\DDNCadAddins\DDNCadAddins.csproj]
D:\leaveblackgithub\DDNCadAddins\src\DDNCadAddins\DDNCadAddins\Commands\XClipTest\XClipTestCreator3.cs(189,41): warning SA1101: Prefix local calls with this (https://github.com/DotNetAnalyzers/StyleCopAnalyzers/blob/master/documentation/SA1101.md) [D:\leaveblackgithub\DDNCadAddins\src\DDNCadAddins\DDNCadAddins\DDNCadAddins.csproj]
D:\leaveblackgithub\DDNCadAddins\src\DDNCadAddins\DDNCadAddins\Services\XClipBlockService.Core.cs(350,18): warning SA1101: Prefix local calls with this (https://github.com/DotNetAnalyzers/StyleCopAnalyzers/blob/master/documentation/SA1101.md) [D:\leaveblackgithub\DDNCadAddins\src\DDNCadAddins\DDNCadAddins\DDNCadAddins.csproj]
D:\leaveblackgithub\DDNCadAddins\src\DDNCadAddins\DDNCadAddins\Commands\XClipTest\XClipTestCreator3.cs(190,41): warning SA1101: Prefix local calls with this (https://github.com/DotNetAnalyzers/StyleCopAnalyzers/blob/master/documentation/SA1101.md) [D:\leaveblackgithub\DDNCadAddins\src\DDNCadAddins\DDNCadAddins\DDNCadAddins.csproj]
D:\leaveblackgithub\DDNCadAddins\src\DDNCadAddins\DDNCadAddins\Services\XClipBlockService.Core.cs(792,17): warning SA1519: Braces should not be omitted from multi-line child statement (https://github.com/DotNetAnalyzers/StyleCopAnalyzers/blob/master/documentation/SA1519.md) [D:\leaveblackgithub\DDNCadAddins\src\DDNCadAddins\DDNCadAddins\DDNCadAddins.csproj]
D:\leaveblackgithub\DDNCadAddins\src\DDNCadAddins\DDNCadAddins\Services\XClipBlockService.Core.cs(351,17): warning SA1101: Prefix local calls with this (https://github.com/DotNetAnalyzers/StyleCopAnalyzers/blob/master/documentation/SA1101.md) [D:\leaveblackgithub\DDNCadAddins\src\DDNCadAddins\DDNCadAddins\DDNCadAddins.csproj]
D:\leaveblackgithub\DDNCadAddins\src\DDNCadAddins\DDNCadAddins\Services\XClipBlockService.Core.cs(803,21): warning SA1519: Braces should not be omitted from multi-line child statement (https://github.com/DotNetAnalyzers/StyleCopAnalyzers/blob/master/documentation/SA1519.md) [D:\leaveblackgithub\DDNCadAddins\src\DDNCadAddins\DDNCadAddins\DDNCadAddins.csproj]
D:\leaveblackgithub\DDNCadAddins\src\DDNCadAddins\DDNCadAddins\Commands\XClipTest\XClipTestCreator3.cs(191,41): warning SA1101: Prefix local calls with this (https://github.com/DotNetAnalyzers/StyleCopAnalyzers/blob/master/documentation/SA1101.md) [D:\leaveblackgithub\DDNCadAddins\src\DDNCadAddins\DDNCadAddins\DDNCadAddins.csproj]
D:\leaveblackgithub\DDNCadAddins\src\DDNCadAddins\DDNCadAddins\Services\XClipBlockService.Core.cs(357,44): warning SA1101: Prefix local calls with this (https://github.com/DotNetAnalyzers/StyleCopAnalyzers/blob/master/documentation/SA1101.md) [D:\leaveblackgithub\DDNCadAddins\src\DDNCadAddins\DDNCadAddins\DDNCadAddins.csproj]
D:\leaveblackgithub\DDNCadAddins\src\DDNCadAddins\DDNCadAddins\Commands\XClipTest\XClipTestCreator3.cs(192,41): warning SA1101: Prefix local calls with this (https://github.com/DotNetAnalyzers/StyleCopAnalyzers/blob/master/documentation/SA1101.md) [D:\leaveblackgithub\DDNCadAddins\src\DDNCadAddins\DDNCadAddins\DDNCadAddins.csproj]
D:\leaveblackgithub\DDNCadAddins\src\DDNCadAddins\DDNCadAddins\Services\XClipBlockService.Core.cs(358,25): warning SA1101: Prefix local calls with this (https://github.com/DotNetAnalyzers/StyleCopAnalyzers/blob/master/documentation/SA1101.md) [D:\leaveblackgithub\DDNCadAddins\src\DDNCadAddins\DDNCadAddins\DDNCadAddins.csproj]
D:\leaveblackgithub\DDNCadAddins\src\DDNCadAddins\DDNCadAddins\Commands\XClipTest\XClipTestCreator3.cs(201,21): warning SA1101: Prefix local calls with this (https://github.com/DotNetAnalyzers/StyleCopAnalyzers/blob/master/documentation/SA1101.md) [D:\leaveblackgithub\DDNCadAddins\src\DDNCadAddins\DDNCadAddins\DDNCadAddins.csproj]
D:\leaveblackgithub\DDNCadAddins\src\DDNCadAddins\DDNCadAddins\Services\XClipBlockService.Core.cs(361,35): warning SA1101: Prefix local calls with this (https://github.com/DotNetAnalyzers/StyleCopAnalyzers/blob/master/documentation/SA1101.md) [D:\leaveblackgithub\DDNCadAddins\src\DDNCadAddins\DDNCadAddins\DDNCadAddins.csproj]
D:\leaveblackgithub\DDNCadAddins\src\DDNCadAddins\DDNCadAddins\Services\XClipBlockService.Core.cs(516,34): warning SA1101: Prefix local calls with this (https://github.com/DotNetAnalyzers/StyleCopAnalyzers/blob/master/documentation/SA1101.md) [D:\leaveblackgithub\DDNCadAddins\src\DDNCadAddins\DDNCadAddins\DDNCadAddins.csproj]
D:\leaveblackgithub\DDNCadAddins\src\DDNCadAddins\DDNCadAddins\Services\XClipBlockService.Core.cs(366,30): warning SA1101: Prefix local calls with this (https://github.com/DotNetAnalyzers/StyleCopAnalyzers/blob/master/documentation/SA1101.md) [D:\leaveblackgithub\DDNCadAddins\src\DDNCadAddins\DDNCadAddins\DDNCadAddins.csproj]
D:\leaveblackgithub\DDNCadAddins\src\DDNCadAddins\DDNCadAddins\Commands\XClipTest\XClipTestCreator3.cs(207,43): warning SA1101: Prefix local calls with this (https://github.com/DotNetAnalyzers/StyleCopAnalyzers/blob/master/documentation/SA1101.md) [D:\leaveblackgithub\DDNCadAddins\src\DDNCadAddins\DDNCadAddins\DDNCadAddins.csproj]
D:\leaveblackgithub\DDNCadAddins\src\DDNCadAddins\DDNCadAddins\Services\XClipBlockService.Core.cs(517,33): warning SA1101: Prefix local calls with this (https://github.com/DotNetAnalyzers/StyleCopAnalyzers/blob/master/documentation/SA1101.md) [D:\leaveblackgithub\DDNCadAddins\src\DDNCadAddins\DDNCadAddins\DDNCadAddins.csproj]
D:\leaveblackgithub\DDNCadAddins\src\DDNCadAddins\DDNCadAddins\Services\XClipBlockService.Core.cs(719,17): warning SA1503: Braces should not be omitted (https://github.com/DotNetAnalyzers/StyleCopAnalyzers/blob/master/documentation/SA1503.md) [D:\leaveblackgithub\DDNCadAddins\src\DDNCadAddins\DDNCadAddins\DDNCadAddins.csproj]
D:\leaveblackgithub\DDNCadAddins\src\DDNCadAddins\DDNCadAddins\Commands\XClipTest\XClipTestCreator3.cs(331,25): warning CA1031: 请修改“CleanupTests”以捕获更具体的允许异常类型，或者重新抛出该异常 (https://docs.microsoft.com/dotnet/fundamentals/code-analysis/quality-rules/ca1031) [D:\leaveblackgithub\DDNCadAddins\src\DDNCadAddins\DDNCadAddins\DDNCadAddins.csproj]
D:\leaveblackgithub\DDNCadAddins\src\DDNCadAddins\DDNCadAddins\Commands\XClipTest\XClipTestCreator3.cs(360,25): warning CA1031: 请修改“CleanupTests”以捕获更具体的允许异常类型，或者重新抛出该异常 (https://docs.microsoft.com/dotnet/fundamentals/code-analysis/quality-rules/ca1031) [D:\leaveblackgithub\DDNCadAddins\src\DDNCadAddins\DDNCadAddins\DDNCadAddins.csproj]
D:\leaveblackgithub\DDNCadAddins\src\DDNCadAddins\DDNCadAddins\Commands\XClipTest\XClipTestCreator3.cs(371,13): warning CA1031: 请修改“CleanupTests”以捕获更具体的允许异常类型，或者重新抛出该异常 (https://docs.microsoft.com/dotnet/fundamentals/code-analysis/quality-rules/ca1031) [D:\leaveblackgithub\DDNCadAddins\src\DDNCadAddins\DDNCadAddins\DDNCadAddins.csproj]
D:\leaveblackgithub\DDNCadAddins\src\DDNCadAddins\DDNCadAddins\Commands\XClipTest\XClipTestCreator3.cs(215,42): warning SA1101: Prefix local calls with this (https://github.com/DotNetAnalyzers/StyleCopAnalyzers/blob/master/documentation/SA1101.md) [D:\leaveblackgithub\DDNCadAddins\src\DDNCadAddins\DDNCadAddins\DDNCadAddins.csproj]
D:\leaveblackgithub\DDNCadAddins\src\DDNCadAddins\DDNCadAddins\Services\XClipBlockService.Core.cs(367,29): warning SA1101: Prefix local calls with this (https://github.com/DotNetAnalyzers/StyleCopAnalyzers/blob/master/documentation/SA1101.md) [D:\leaveblackgithub\DDNCadAddins\src\DDNCadAddins\DDNCadAddins\DDNCadAddins.csproj]
D:\leaveblackgithub\DDNCadAddins\src\DDNCadAddins\DDNCadAddins\Services\XClipBlockService.Core.cs(535,38): warning SA1101: Prefix local calls with this (https://github.com/DotNetAnalyzers/StyleCopAnalyzers/blob/master/documentation/SA1101.md) [D:\leaveblackgithub\DDNCadAddins\src\DDNCadAddins\DDNCadAddins\DDNCadAddins.csproj]
D:\leaveblackgithub\DDNCadAddins\src\DDNCadAddins\DDNCadAddins\Commands\XClipTest\XClipTestCreator4.cs(159,29): warning SA1101: Prefix local calls with this (https://github.com/DotNetAnalyzers/StyleCopAnalyzers/blob/master/documentation/SA1101.md) [D:\leaveblackgithub\DDNCadAddins\src\DDNCadAddins\DDNCadAddins\DDNCadAddins.csproj]
D:\leaveblackgithub\DDNCadAddins\src\DDNCadAddins\DDNCadAddins\Services\XClipBlockService.Core.cs(377,26): warning SA1101: Prefix local calls with this (https://github.com/DotNetAnalyzers/StyleCopAnalyzers/blob/master/documentation/SA1101.md) [D:\leaveblackgithub\DDNCadAddins\src\DDNCadAddins\DDNCadAddins\DDNCadAddins.csproj]
D:\leaveblackgithub\DDNCadAddins\src\DDNCadAddins\DDNCadAddins\Services\XClipBlockService.Core.cs(558,30): warning SA1101: Prefix local calls with this (https://github.com/DotNetAnalyzers/StyleCopAnalyzers/blob/master/documentation/SA1101.md) [D:\leaveblackgithub\DDNCadAddins\src\DDNCadAddins\DDNCadAddins\DDNCadAddins.csproj]
D:\leaveblackgithub\DDNCadAddins\src\DDNCadAddins\DDNCadAddins\Services\XClipBlockService.Core.cs(559,29): warning SA1101: Prefix local calls with this (https://github.com/DotNetAnalyzers/StyleCopAnalyzers/blob/master/documentation/SA1101.md) [D:\leaveblackgithub\DDNCadAddins\src\DDNCadAddins\DDNCadAddins\DDNCadAddins.csproj]
D:\leaveblackgithub\DDNCadAddins\src\DDNCadAddins\DDNCadAddins\Commands\XClipTest\XClipTestCreator4.cs(163,30): warning SA1101: Prefix local calls with this (https://github.com/DotNetAnalyzers/StyleCopAnalyzers/blob/master/documentation/SA1101.md) [D:\leaveblackgithub\DDNCadAddins\src\DDNCadAddins\DDNCadAddins\DDNCadAddins.csproj]
D:\leaveblackgithub\DDNCadAddins\src\DDNCadAddins\DDNCadAddins\Commands\XClipTest\XClipTestCreator4.cs(196,35): warning SA1101: Prefix local calls with this (https://github.com/DotNetAnalyzers/StyleCopAnalyzers/blob/master/documentation/SA1101.md) [D:\leaveblackgithub\DDNCadAddins\src\DDNCadAddins\DDNCadAddins\DDNCadAddins.csproj]
D:\leaveblackgithub\DDNCadAddins\src\DDNCadAddins\DDNCadAddins\Commands\XClipTest\XClipTestCreator3.cs(219,47): warning SA1101: Prefix local calls with this (https://github.com/DotNetAnalyzers/StyleCopAnalyzers/blob/master/documentation/SA1101.md) [D:\leaveblackgithub\DDNCadAddins\src\DDNCadAddins\DDNCadAddins\DDNCadAddins.csproj]
D:\leaveblackgithub\DDNCadAddins\src\DDNCadAddins\DDNCadAddins\Commands\XClipTest\XClipTestCreator3.cs(223,45): warning SA1101: Prefix local calls with this (https://github.com/DotNetAnalyzers/StyleCopAnalyzers/blob/master/documentation/SA1101.md) [D:\leaveblackgithub\DDNCadAddins\src\DDNCadAddins\DDNCadAddins\DDNCadAddins.csproj]
D:\leaveblackgithub\DDNCadAddins\src\DDNCadAddins\DDNCadAddins\Services\XClipBlockService.Core.cs(699,21): warning SA1413: Use trailing comma in multi-line initializers (https://github.com/DotNetAnalyzers/StyleCopAnalyzers/blob/master/documentation/SA1413.md) [D:\leaveblackgithub\DDNCadAddins\src\DDNCadAddins\DDNCadAddins\DDNCadAddins.csproj]
D:\leaveblackgithub\DDNCadAddins\src\DDNCadAddins\DDNCadAddins\Commands\XClipTest\XClipTestCreator3.cs(227,43): warning SA1101: Prefix local calls with this (https://github.com/DotNetAnalyzers/StyleCopAnalyzers/blob/master/documentation/SA1101.md) [D:\leaveblackgithub\DDNCadAddins\src\DDNCadAddins\DDNCadAddins\DDNCadAddins.csproj]
D:\leaveblackgithub\DDNCadAddins\src\DDNCadAddins\DDNCadAddins\Commands\XClipTest\XClipTestCreator3.cs(231,41): warning SA1101: Prefix local calls with this (https://github.com/DotNetAnalyzers/StyleCopAnalyzers/blob/master/documentation/SA1101.md) [D:\leaveblackgithub\DDNCadAddins\src\DDNCadAddins\DDNCadAddins\DDNCadAddins.csproj]
D:\leaveblackgithub\DDNCadAddins\src\DDNCadAddins\DDNCadAddins\Services\XClipBlockService.Core.cs(801,37): warning SA1101: Prefix local calls with this (https://github.com/DotNetAnalyzers/StyleCopAnalyzers/blob/master/documentation/SA1101.md) [D:\leaveblackgithub\DDNCadAddins\src\DDNCadAddins\DDNCadAddins\DDNCadAddins.csproj]
D:\leaveblackgithub\DDNCadAddins\src\DDNCadAddins\DDNCadAddins\Commands\XClipTest\XClipTestCreator4.cs(141,13): warning SA1117: The parameters should all be placed on the same line or each parameter should be placed on its own line. (https://github.com/DotNetAnalyzers/StyleCopAnalyzers/blob/master/documentation/SA1117.md) [D:\leaveblackgithub\DDNCadAddins\src\DDNCadAddins\DDNCadAddins\DDNCadAddins.csproj]
D:\leaveblackgithub\DDNCadAddins\src\DDNCadAddins\DDNCadAddins\Services\XClipBlockService.Core.cs(776,17): warning SA1413: Use trailing comma in multi-line initializers (https://github.com/DotNetAnalyzers/StyleCopAnalyzers/blob/master/documentation/SA1413.md) [D:\leaveblackgithub\DDNCadAddins\src\DDNCadAddins\DDNCadAddins\DDNCadAddins.csproj]
D:\leaveblackgithub\DDNCadAddins\src\DDNCadAddins\DDNCadAddins\Commands\XClipTest\XClipTestCreator4.cs(179,13): warning SA1117: The parameters should all be placed on the same line or each parameter should be placed on its own line. (https://github.com/DotNetAnalyzers/StyleCopAnalyzers/blob/master/documentation/SA1117.md) [D:\leaveblackgithub\DDNCadAddins\src\DDNCadAddins\DDNCadAddins\DDNCadAddins.csproj]
D:\leaveblackgithub\DDNCadAddins\src\DDNCadAddins\DDNCadAddins\Commands\XClipTest\XClipTestCreator3.cs(241,38): warning SA1101: Prefix local calls with this (https://github.com/DotNetAnalyzers/StyleCopAnalyzers/blob/master/documentation/SA1101.md) [D:\leaveblackgithub\DDNCadAddins\src\DDNCadAddins\DDNCadAddins\DDNCadAddins.csproj]
D:\leaveblackgithub\DDNCadAddins\src\DDNCadAddins\DDNCadAddins\Services\XClipBlockService.Core.cs(378,25): warning SA1101: Prefix local calls with this (https://github.com/DotNetAnalyzers/StyleCopAnalyzers/blob/master/documentation/SA1101.md) [D:\leaveblackgithub\DDNCadAddins\src\DDNCadAddins\DDNCadAddins\DDNCadAddins.csproj]
D:\leaveblackgithub\DDNCadAddins\src\DDNCadAddins\DDNCadAddins\Services\XClipBlockService.Core.cs(391,22): warning SA1101: Prefix local calls with this (https://github.com/DotNetAnalyzers/StyleCopAnalyzers/blob/master/documentation/SA1101.md) [D:\leaveblackgithub\DDNCadAddins\src\DDNCadAddins\DDNCadAddins\DDNCadAddins.csproj]
D:\leaveblackgithub\DDNCadAddins\src\DDNCadAddins\DDNCadAddins\Services\XClipBlockService.Core.cs(392,21): warning SA1101: Prefix local calls with this (https://github.com/DotNetAnalyzers/StyleCopAnalyzers/blob/master/documentation/SA1101.md) [D:\leaveblackgithub\DDNCadAddins\src\DDNCadAddins\DDNCadAddins\DDNCadAddins.csproj]
D:\leaveblackgithub\DDNCadAddins\src\DDNCadAddins\DDNCadAddins\Commands\XClipTest\XClipTestCreator4.cs(122,42): warning CA1062: 在外部可见方法“ObjectId XClipTestCreator.CreateColoredBlockReference(Transaction tr, Database db, ObjectId blockDefId, string blockName, string layerName, Color color)”中，先验证参数“db”为非 null，然后再使用。如果适用，在参数为 null 时引发 ArgumentNullException，或添加断言非 null 参数的代码协定前提条件。 (https://docs.microsoft.com/dotnet/fundamentals/code-analysis/quality-rules/ca1062) [D:\leaveblackgithub\DDNCadAddins\src\DDNCadAddins\DDNCadAddins\DDNCadAddins.csproj]
D:\leaveblackgithub\DDNCadAddins\src\DDNCadAddins\DDNCadAddins\Commands\XClipTest\XClipTestCreator4.cs(122,29): warning CA1062: 在外部可见方法“ObjectId XClipTestCreator.CreateColoredBlockReference(Transaction tr, Database db, ObjectId blockDefId, string blockName, string layerName, Color color)”中，先验证参数“tr”为非 null，然后再使用。如果适用，在参数为 null 时引发 ArgumentNullException，或添加断言非 null 参数的代码协定前提条件。 (https://docs.microsoft.com/dotnet/fundamentals/code-analysis/quality-rules/ca1062) [D:\leaveblackgithub\DDNCadAddins\src\DDNCadAddins\DDNCadAddins\DDNCadAddins.csproj]
D:\leaveblackgithub\DDNCadAddins\src\DDNCadAddins\DDNCadAddins\Services\XClipBlockService.Core.cs(523,20): warning SA1117: The parameters should all be placed on the same line or each parameter should be placed on its own line. (https://github.com/DotNetAnalyzers/StyleCopAnalyzers/blob/master/documentation/SA1117.md) [D:\leaveblackgithub\DDNCadAddins\src\DDNCadAddins\DDNCadAddins\DDNCadAddins.csproj]
D:\leaveblackgithub\DDNCadAddins\src\DDNCadAddins\DDNCadAddins\Services\XClipBlockService.Core.cs(725,35): warning SA1101: Prefix local calls with this (https://github.com/DotNetAnalyzers/StyleCopAnalyzers/blob/master/documentation/SA1101.md) [D:\leaveblackgithub\DDNCadAddins\src\DDNCadAddins\DDNCadAddins\DDNCadAddins.csproj]
D:\leaveblackgithub\DDNCadAddins\src\DDNCadAddins\DDNCadAddins\Commands\XClipTest\XClipTestCreator4.cs(19,42): warning CA1062: 在外部可见方法“ObjectId XClipTestCreator.CreateBlockWithLayerColor(Transaction tr, Database db, string blockName, string layerName)”中，先验证参数“db”为非 null，然后再使用。如果适用，在参数为 null 时引发 ArgumentNullException，或添加断言非 null 参数的代码协定前提条件。 (https://docs.microsoft.com/dotnet/fundamentals/code-analysis/quality-rules/ca1062) [D:\leaveblackgithub\DDNCadAddins\src\DDNCadAddins\DDNCadAddins\DDNCadAddins.csproj]
D:\leaveblackgithub\DDNCadAddins\src\DDNCadAddins\DDNCadAddins\Commands\XClipTest\XClipTestCreator4.cs(19,29): warning CA1062: 在外部可见方法“ObjectId XClipTestCreator.CreateBlockWithLayerColor(Transaction tr, Database db, string blockName, string layerName)”中，先验证参数“tr”为非 null，然后再使用。如果适用，在参数为 null 时引发 ArgumentNullException，或添加断言非 null 参数的代码协定前提条件。 (https://docs.microsoft.com/dotnet/fundamentals/code-analysis/quality-rules/ca1062) [D:\leaveblackgithub\DDNCadAddins\src\DDNCadAddins\DDNCadAddins\DDNCadAddins.csproj]
D:\leaveblackgithub\DDNCadAddins\src\DDNCadAddins\DDNCadAddins\Services\XClipBlockService.Core.cs(614,39): warning SA1101: Prefix local calls with this (https://github.com/DotNetAnalyzers/StyleCopAnalyzers/blob/master/documentation/SA1101.md) [D:\leaveblackgithub\DDNCadAddins\src\DDNCadAddins\DDNCadAddins\DDNCadAddins.csproj]
D:\leaveblackgithub\DDNCadAddins\src\DDNCadAddins\DDNCadAddins\Services\XClipBlockService.Core.cs(746,33): warning SA1101: Prefix local calls with this (https://github.com/DotNetAnalyzers/StyleCopAnalyzers/blob/master/documentation/SA1101.md) [D:\leaveblackgithub\DDNCadAddins\src\DDNCadAddins\DDNCadAddins\DDNCadAddins.csproj]
D:\leaveblackgithub\DDNCadAddins\src\DDNCadAddins\DDNCadAddins\Services\XClipBlockService.Core.cs(648,34): warning SA1101: Prefix local calls with this (https://github.com/DotNetAnalyzers/StyleCopAnalyzers/blob/master/documentation/SA1101.md) [D:\leaveblackgithub\DDNCadAddins\src\DDNCadAddins\DDNCadAddins\DDNCadAddins.csproj]
D:\leaveblackgithub\DDNCadAddins\src\DDNCadAddins\DDNCadAddins\Services\XClipBlockService.Core.cs(649,33): warning SA1101: Prefix local calls with this (https://github.com/DotNetAnalyzers/StyleCopAnalyzers/blob/master/documentation/SA1101.md) [D:\leaveblackgithub\DDNCadAddins\src\DDNCadAddins\DDNCadAddins\DDNCadAddins.csproj]
D:\leaveblackgithub\DDNCadAddins\src\DDNCadAddins\DDNCadAddins\Services\XClipBlockService.Core.cs(811,13): warning CA1031: 请修改“IsolateXClippedBlocks”以捕获更具体的允许异常类型，或者重新抛出该异常 (https://docs.microsoft.com/dotnet/fundamentals/code-analysis/quality-rules/ca1031) [D:\leaveblackgithub\DDNCadAddins\src\DDNCadAddins\DDNCadAddins\DDNCadAddins.csproj]
D:\leaveblackgithub\DDNCadAddins\src\DDNCadAddins\DDNCadAddins\Services\XClipBlockService.Core.cs(673,38): warning SA1101: Prefix local calls with this (https://github.com/DotNetAnalyzers/StyleCopAnalyzers/blob/master/documentation/SA1101.md) [D:\leaveblackgithub\DDNCadAddins\src\DDNCadAddins\DDNCadAddins\DDNCadAddins.csproj]
D:\leaveblackgithub\DDNCadAddins\src\DDNCadAddins\DDNCadAddins\Services\XClipBlockService.Core.cs(685,30): warning SA1101: Prefix local calls with this (https://github.com/DotNetAnalyzers/StyleCopAnalyzers/blob/master/documentation/SA1101.md) [D:\leaveblackgithub\DDNCadAddins\src\DDNCadAddins\DDNCadAddins\DDNCadAddins.csproj]
D:\leaveblackgithub\DDNCadAddins\src\DDNCadAddins\DDNCadAddins\Services\XClipBlockService.Core.cs(686,29): warning SA1101: Prefix local calls with this (https://github.com/DotNetAnalyzers/StyleCopAnalyzers/blob/master/documentation/SA1101.md) [D:\leaveblackgithub\DDNCadAddins\src\DDNCadAddins\DDNCadAddins\DDNCadAddins.csproj]
D:\leaveblackgithub\DDNCadAddins\src\DDNCadAddins\DDNCadAddins\Commands\XClipTest\XClipTestCreator4.cs(84,42): warning CA1062: 在外部可见方法“ObjectId XClipTestCreator.CreateBlockWithByBlockColor(Transaction tr, Database db, string blockName)”中，先验证参数“db”为非 null，然后再使用。如果适用，在参数为 null 时引发 ArgumentNullException，或添加断言非 null 参数的代码协定前提条件。 (https://docs.microsoft.com/dotnet/fundamentals/code-analysis/quality-rules/ca1062) [D:\leaveblackgithub\DDNCadAddins\src\DDNCadAddins\DDNCadAddins\DDNCadAddins.csproj]
D:\leaveblackgithub\DDNCadAddins\src\DDNCadAddins\DDNCadAddins\Commands\XClipTest\XClipTestCreator4.cs(84,29): warning CA1062: 在外部可见方法“ObjectId XClipTestCreator.CreateBlockWithByBlockColor(Transaction tr, Database db, string blockName)”中，先验证参数“tr”为非 null，然后再使用。如果适用，在参数为 null 时引发 ArgumentNullException，或添加断言非 null 参数的代码协定前提条件。 (https://docs.microsoft.com/dotnet/fundamentals/code-analysis/quality-rules/ca1062) [D:\leaveblackgithub\DDNCadAddins\src\DDNCadAddins\DDNCadAddins\DDNCadAddins.csproj]
D:\leaveblackgithub\DDNCadAddins\src\DDNCadAddins\DDNCadAddins\Commands\XClipTest\XClipTestCreator4.cs(264,13): warning CA1031: 请修改“CreateCompositeBlock”以捕获更具体的允许异常类型，或者重新抛出该异常 (https://docs.microsoft.com/dotnet/fundamentals/code-analysis/quality-rules/ca1031) [D:\leaveblackgithub\DDNCadAddins\src\DDNCadAddins\DDNCadAddins\DDNCadAddins.csproj]
D:\leaveblackgithub\DDNCadAddins\src\DDNCadAddins\DDNCadAddins\Services\XClipBlockService.Core.cs(324,16): warning SA1117: The parameters should all be placed on the same line or each parameter should be placed on its own line. (https://github.com/DotNetAnalyzers/StyleCopAnalyzers/blob/master/documentation/SA1117.md) [D:\leaveblackgithub\DDNCadAddins\src\DDNCadAddins\DDNCadAddins\DDNCadAddins.csproj]
D:\leaveblackgithub\DDNCadAddins\src\DDNCadAddins\DDNCadAddins\Services\XClipBlockService.Core.cs(832,85): warning SA1500: Braces for multi-line statements should not share line (https://github.com/DotNetAnalyzers/StyleCopAnalyzers/blob/master/documentation/SA1500.md) [D:\leaveblackgithub\DDNCadAddins\src\DDNCadAddins\DDNCadAddins\DDNCadAddins.csproj]
D:\leaveblackgithub\DDNCadAddins\src\DDNCadAddins\DDNCadAddins\Commands\XClipTest\XClipTestCreator3.cs(171,25): warning SA1117: The parameters should all be placed on the same line or each parameter should be placed on its own line. (https://github.com/DotNetAnalyzers/StyleCopAnalyzers/blob/master/documentation/SA1117.md) [D:\leaveblackgithub\DDNCadAddins\src\DDNCadAddins\DDNCadAddins\DDNCadAddins.csproj]
D:\leaveblackgithub\DDNCadAddins\src\DDNCadAddins\DDNCadAddins\Commands\XClipTest\XClipTestCreator3.cs(177,25): warning SA1117: The parameters should all be placed on the same line or each parameter should be placed on its own line. (https://github.com/DotNetAnalyzers/StyleCopAnalyzers/blob/master/documentation/SA1117.md) [D:\leaveblackgithub\DDNCadAddins\src\DDNCadAddins\DDNCadAddins\DDNCadAddins.csproj]
D:\leaveblackgithub\DDNCadAddins\src\DDNCadAddins\DDNCadAddins\Commands\XClipTest\XClipTestCreator4.cs(38,29): warning CA2000: 在对 System.IDisposable.Dispose 的所有引用超出范围之前，在“new Circle(new Point3d(5, 5, 0), Vector3d.ZAxis, 3)”创建的对象上对其进行调用 (https://docs.microsoft.com/dotnet/fundamentals/code-analysis/quality-rules/ca2000) [D:\leaveblackgithub\DDNCadAddins\src\DDNCadAddins\DDNCadAddins\DDNCadAddins.csproj]
D:\leaveblackgithub\DDNCadAddins\src\DDNCadAddins\DDNCadAddins\Commands\XClipTest\XClipTestCreator4.cs(22,36): warning CA2000: 在对 System.IDisposable.Dispose 的所有引用超出范围之前，在“new BlockTableRecord()”创建的对象上对其进行调用 (https://docs.microsoft.com/dotnet/fundamentals/code-analysis/quality-rules/ca2000) [D:\leaveblackgithub\DDNCadAddins\src\DDNCadAddins\DDNCadAddins\DDNCadAddins.csproj]
D:\leaveblackgithub\DDNCadAddins\src\DDNCadAddins\DDNCadAddins\Commands\XClipTest\XClipTestCreator4.cs(33,25): warning CA2000: 在对 System.IDisposable.Dispose 的所有引用超出范围之前，在“new Line(new Point3d(0, 0, 0), new Point3d(10, 10, 0))”创建的对象上对其进行调用 (https://docs.microsoft.com/dotnet/fundamentals/code-analysis/quality-rules/ca2000) [D:\leaveblackgithub\DDNCadAddins\src\DDNCadAddins\DDNCadAddins\DDNCadAddins.csproj]
D:\leaveblackgithub\DDNCadAddins\src\DDNCadAddins\DDNCadAddins\Commands\XClipTest\XClipTestCreator4.cs(102,29): warning CA2000: 在对 System.IDisposable.Dispose 的所有引用超出范围之前，在“new Circle(new Point3d(5, 5, 0), Vector3d.ZAxis, 3)”创建的对象上对其进行调用 (https://docs.microsoft.com/dotnet/fundamentals/code-analysis/quality-rules/ca2000) [D:\leaveblackgithub\DDNCadAddins\src\DDNCadAddins\DDNCadAddins\DDNCadAddins.csproj]
D:\leaveblackgithub\DDNCadAddins\src\DDNCadAddins\DDNCadAddins\Commands\XClipTest\XClipTestCreator4.cs(87,36): warning CA2000: 在对 System.IDisposable.Dispose 的所有引用超出范围之前，在“new BlockTableRecord()”创建的对象上对其进行调用 (https://docs.microsoft.com/dotnet/fundamentals/code-analysis/quality-rules/ca2000) [D:\leaveblackgithub\DDNCadAddins\src\DDNCadAddins\DDNCadAddins\DDNCadAddins.csproj]
D:\leaveblackgithub\DDNCadAddins\src\DDNCadAddins\DDNCadAddins\Commands\XClipTest\XClipTestCreator4.cs(98,25): warning CA2000: 在对 System.IDisposable.Dispose 的所有引用超出范围之前，在“new Line(new Point3d(0, 0, 0), new Point3d(10, 10, 0))”创建的对象上对其进行调用 (https://docs.microsoft.com/dotnet/fundamentals/code-analysis/quality-rules/ca2000) [D:\leaveblackgithub\DDNCadAddins\src\DDNCadAddins\DDNCadAddins\DDNCadAddins.csproj]
D:\leaveblackgithub\DDNCadAddins\src\DDNCadAddins\DDNCadAddins\Commands\XClipTest\XClipTestCreator4.cs(182,42): warning CA1062: 在外部可见方法“ObjectId XClipTestCreator.CreateBlockWithLineType(Transaction tr, Database db, string blockName, string lineTypeName, double lineTypeScale)”中，先验证参数“db”为非 null，然后再使用。如果适用，在参数为 null 时引发 ArgumentNullException，或添加断言非 null 参数的代码协定前提条件。 (https://docs.microsoft.com/dotnet/fundamentals/code-analysis/quality-rules/ca1062) [D:\leaveblackgithub\DDNCadAddins\src\DDNCadAddins\DDNCadAddins\DDNCadAddins.csproj]
D:\leaveblackgithub\DDNCadAddins\src\DDNCadAddins\DDNCadAddins\Commands\XClipTest\XClipTestCreator4.cs(182,29): warning CA1062: 在外部可见方法“ObjectId XClipTestCreator.CreateBlockWithLineType(Transaction tr, Database db, string blockName, string lineTypeName, double lineTypeScale)”中，先验证参数“tr”为非 null，然后再使用。如果适用，在参数为 null 时引发 ArgumentNullException，或添加断言非 null 参数的代码协定前提条件。 (https://docs.microsoft.com/dotnet/fundamentals/code-analysis/quality-rules/ca1062) [D:\leaveblackgithub\DDNCadAddins\src\DDNCadAddins\DDNCadAddins\DDNCadAddins.csproj]
D:\leaveblackgithub\DDNCadAddins\src\DDNCadAddins\DDNCadAddins\Commands\XClipTest\XClipTestCreator4.cs(81,25): warning CA1822: 成员“CreateBlockWithByBlockColor”不访问实例数据，可标记为 static (https://docs.microsoft.com/dotnet/fundamentals/code-analysis/quality-rules/ca1822) [D:\leaveblackgithub\DDNCadAddins\src\DDNCadAddins\DDNCadAddins\DDNCadAddins.csproj]
D:\leaveblackgithub\DDNCadAddins\src\DDNCadAddins\DDNCadAddins\Services\XClipBlockService.Core.cs(655,20): warning SA1117: The parameters should all be placed on the same line or each parameter should be placed on its own line. (https://github.com/DotNetAnalyzers/StyleCopAnalyzers/blob/master/documentation/SA1117.md) [D:\leaveblackgithub\DDNCadAddins\src\DDNCadAddins\DDNCadAddins\DDNCadAddins.csproj]
D:\leaveblackgithub\DDNCadAddins\src\DDNCadAddins\DDNCadAddins\Services\XClipBlockService.Operation.cs(34,25): warning SA1503: Braces should not be omitted (https://github.com/DotNetAnalyzers/StyleCopAnalyzers/blob/master/documentation/SA1503.md) [D:\leaveblackgithub\DDNCadAddins\src\DDNCadAddins\DDNCadAddins\DDNCadAddins.csproj]
D:\leaveblackgithub\DDNCadAddins\src\DDNCadAddins\DDNCadAddins\Services\XClipBlockService.Operation.cs(39,25): warning SA1503: Braces should not be omitted (https://github.com/DotNetAnalyzers/StyleCopAnalyzers/blob/master/documentation/SA1503.md) [D:\leaveblackgithub\DDNCadAddins\src\DDNCadAddins\DDNCadAddins\DDNCadAddins.csproj]
D:\leaveblackgithub\DDNCadAddins\src\DDNCadAddins\DDNCadAddins\Services\XClipBlockService.Operation.cs(55,33): warning SA1503: Braces should not be omitted (https://github.com/DotNetAnalyzers/StyleCopAnalyzers/blob/master/documentation/SA1503.md) [D:\leaveblackgithub\DDNCadAddins\src\DDNCadAddins\DDNCadAddins\DDNCadAddins.csproj]
D:\leaveblackgithub\DDNCadAddins\src\DDNCadAddins\DDNCadAddins\Services\XClipBlockService.Operation.cs(81,21): warning SA1503: Braces should not be omitted (https://github.com/DotNetAnalyzers/StyleCopAnalyzers/blob/master/documentation/SA1503.md) [D:\leaveblackgithub\DDNCadAddins\src\DDNCadAddins\DDNCadAddins\DDNCadAddins.csproj]
D:\leaveblackgithub\DDNCadAddins\src\DDNCadAddins\DDNCadAddins\Services\XClipBlockService.Core.cs(546,45): warning CA1310: “string.IndexOf(string)”的行为可能因当前用户的区域设置而异。请将“DDNCadAddins.Services.XClipBlockService.AutoXClipAllBlocks(Autodesk.AutoCAD.DatabaseServices.Database)”中的此调用替换为对“string.IndexOf(string, System.StringComparison)”的调用。 (https://docs.microsoft.com/dotnet/fundamentals/code-analysis/quality-rules/ca1310) [D:\leaveblackgithub\DDNCadAddins\src\DDNCadAddins\DDNCadAddins\DDNCadAddins.csproj]
D:\leaveblackgithub\DDNCadAddins\src\DDNCadAddins\DDNCadAddins\Services\XClipBlockService.Core.cs(547,43): warning CA1310: “string.IndexOf(string, int)”的行为可能因当前用户的区域设置而异。请将“DDNCadAddins.Services.XClipBlockService.AutoXClipAllBlocks(Autodesk.AutoCAD.DatabaseServices.Database)”中的此调用替换为对“string.IndexOf(string, int, System.StringComparison)”的调用。 (https://docs.microsoft.com/dotnet/fundamentals/code-analysis/quality-rules/ca1310) [D:\leaveblackgithub\DDNCadAddins\src\DDNCadAddins\DDNCadAddins\DDNCadAddins.csproj]
D:\leaveblackgithub\DDNCadAddins\src\DDNCadAddins\DDNCadAddins\Commands\XClipTest\XClipTestCreator4.cs(218,46): warning CA1062: 在外部可见方法“ObjectId XClipTestCreator.CreateCompositeBlock(Transaction tr, Database db, string blockName, ObjectId[] innerBlockIds)”中，先验证参数“db”为非 null，然后再使用。如果适用，在参数为 null 时引发 ArgumentNullException，或添加断言非 null 参数的代码协定前提条件。 (https://docs.microsoft.com/dotnet/fundamentals/code-analysis/quality-rules/ca1062) [D:\leaveblackgithub\DDNCadAddins\src\DDNCadAddins\DDNCadAddins\DDNCadAddins.csproj]
D:\leaveblackgithub\DDNCadAddins\src\DDNCadAddins\DDNCadAddins\Commands\XClipTest\XClipTestCreator4.cs(236,51): warning CA1062: 在外部可见方法“ObjectId XClipTestCreator.CreateCompositeBlock(Transaction tr, Database db, string blockName, ObjectId[] innerBlockIds)”中，先验证参数“innerBlockIds”为非 null，然后再使用。如果适用，在参数为 null 时引发 ArgumentNullException，或添加断言非 null 参数的代码协定前提条件。 (https://docs.microsoft.com/dotnet/fundamentals/code-analysis/quality-rules/ca1062) [D:\leaveblackgithub\DDNCadAddins\src\DDNCadAddins\DDNCadAddins\DDNCadAddins.csproj]
D:\leaveblackgithub\DDNCadAddins\src\DDNCadAddins\DDNCadAddins\Commands\XClipTest\XClipTestCreator4.cs(218,33): warning CA1062: 在外部可见方法“ObjectId XClipTestCreator.CreateCompositeBlock(Transaction tr, Database db, string blockName, ObjectId[] innerBlockIds)”中，先验证参数“tr”为非 null，然后再使用。如果适用，在参数为 null 时引发 ArgumentNullException，或添加断言非 null 参数的代码协定前提条件。 (https://docs.microsoft.com/dotnet/fundamentals/code-analysis/quality-rules/ca1062) [D:\leaveblackgithub\DDNCadAddins\src\DDNCadAddins\DDNCadAddins\DDNCadAddins.csproj]
D:\leaveblackgithub\DDNCadAddins\src\DDNCadAddins\DDNCadAddins\Commands\XClipTest\XClipTestCreator4.cs(199,25): warning CA2000: 在对 System.IDisposable.Dispose 的所有引用超出范围之前，在“new Line(new Point3d(0, 0, 0), new Point3d(10, 10, 0))”创建的对象上对其进行调用 (https://docs.microsoft.com/dotnet/fundamentals/code-analysis/quality-rules/ca2000) [D:\leaveblackgithub\DDNCadAddins\src\DDNCadAddins\DDNCadAddins\DDNCadAddins.csproj]
D:\leaveblackgithub\DDNCadAddins\src\DDNCadAddins\DDNCadAddins\Commands\XClipTest\XClipTestCreator4.cs(185,36): warning CA2000: 在对 System.IDisposable.Dispose 的所有引用超出范围之前，在“new BlockTableRecord()”创建的对象上对其进行调用 (https://docs.microsoft.com/dotnet/fundamentals/code-analysis/quality-rules/ca2000) [D:\leaveblackgithub\DDNCadAddins\src\DDNCadAddins\DDNCadAddins\DDNCadAddins.csproj]
D:\leaveblackgithub\DDNCadAddins\src\DDNCadAddins\DDNCadAddins\Services\XClipBlockService.Operation.cs(186,21): warning SA1503: Braces should not be omitted (https://github.com/DotNetAnalyzers/StyleCopAnalyzers/blob/master/documentation/SA1503.md) [D:\leaveblackgithub\DDNCadAddins\src\DDNCadAddins\DDNCadAddins\DDNCadAddins.csproj]
D:\leaveblackgithub\DDNCadAddins\src\DDNCadAddins\DDNCadAddins\Commands\XClipTest\XClipTestCreator3.cs(270,21): warning CA1822: 成员“CleanupTests”不访问实例数据，可标记为 static (https://docs.microsoft.com/dotnet/fundamentals/code-analysis/quality-rules/ca1822) [D:\leaveblackgithub\DDNCadAddins\src\DDNCadAddins\DDNCadAddins\DDNCadAddins.csproj]
D:\leaveblackgithub\DDNCadAddins\src\DDNCadAddins\DDNCadAddins\Services\XClipBlockService.Core.cs(514,25): warning CA1031: 请修改“AutoXClipAllBlocks”以捕获更具体的允许异常类型，或者重新抛出该异常 (https://docs.microsoft.com/dotnet/fundamentals/code-analysis/quality-rules/ca1031) [D:\leaveblackgithub\DDNCadAddins\src\DDNCadAddins\DDNCadAddins\DDNCadAddins.csproj]
D:\leaveblackgithub\DDNCadAddins\src\DDNCadAddins\DDNCadAddins\Services\XClipBlockService.Core.cs(556,21): warning CA1031: 请修改“AutoXClipAllBlocks”以捕获更具体的允许异常类型，或者重新抛出该异常 (https://docs.microsoft.com/dotnet/fundamentals/code-analysis/quality-rules/ca1031) [D:\leaveblackgithub\DDNCadAddins\src\DDNCadAddins\DDNCadAddins\DDNCadAddins.csproj]
D:\leaveblackgithub\DDNCadAddins\src\DDNCadAddins\DDNCadAddins\Services\XClipBlockService.Core.cs(582,13): warning CA1031: 请修改“AutoXClipAllBlocks”以捕获更具体的允许异常类型，或者重新抛出该异常 (https://docs.microsoft.com/dotnet/fundamentals/code-analysis/quality-rules/ca1031) [D:\leaveblackgithub\DDNCadAddins\src\DDNCadAddins\DDNCadAddins\DDNCadAddins.csproj]
D:\leaveblackgithub\DDNCadAddins\src\DDNCadAddins\DDNCadAddins\Services\XClipBlockService.Operation.cs(175,30): warning SA1101: Prefix local calls with this (https://github.com/DotNetAnalyzers/StyleCopAnalyzers/blob/master/documentation/SA1101.md) [D:\leaveblackgithub\DDNCadAddins\src\DDNCadAddins\DDNCadAddins\DDNCadAddins.csproj]
D:\leaveblackgithub\DDNCadAddins\src\DDNCadAddins\DDNCadAddins\Services\XClipBlockService.Core.cs(832,24): warning SA1101: Prefix local calls with this (https://github.com/DotNetAnalyzers/StyleCopAnalyzers/blob/master/documentation/SA1101.md) [D:\leaveblackgithub\DDNCadAddins\src\DDNCadAddins\DDNCadAddins\DDNCadAddins.csproj]
D:\leaveblackgithub\DDNCadAddins\src\DDNCadAddins\DDNCadAddins\Services\XClipBlockService.Operation.cs(185,22): warning SA1101: Prefix local calls with this (https://github.com/DotNetAnalyzers/StyleCopAnalyzers/blob/master/documentation/SA1101.md) [D:\leaveblackgithub\DDNCadAddins\src\DDNCadAddins\DDNCadAddins\DDNCadAddins.csproj]
D:\leaveblackgithub\DDNCadAddins\src\DDNCadAddins\DDNCadAddins\Services\XClipBlockService.Operation.cs(208,21): warning SA1503: Braces should not be omitted (https://github.com/DotNetAnalyzers/StyleCopAnalyzers/blob/master/documentation/SA1503.md) [D:\leaveblackgithub\DDNCadAddins\src\DDNCadAddins\DDNCadAddins\DDNCadAddins.csproj]
D:\leaveblackgithub\DDNCadAddins\src\DDNCadAddins\DDNCadAddins\Services\XClipBlockService.Operation.cs(186,21): warning SA1101: Prefix local calls with this (https://github.com/DotNetAnalyzers/StyleCopAnalyzers/blob/master/documentation/SA1101.md) [D:\leaveblackgithub\DDNCadAddins\src\DDNCadAddins\DDNCadAddins\DDNCadAddins.csproj]
D:\leaveblackgithub\DDNCadAddins\src\DDNCadAddins\DDNCadAddins\Commands\XClipTest\XClipTestCreator4.cs(144,42): warning CA1062: 在外部可见方法“ObjectId XClipTestCreator.CreateBlockWithMultiLayerEntities(Transaction tr, Database db, string blockName, string layer1, string layer2)”中，先验证参数“db”为非 null，然后再使用。如果适用，在参数为 null 时引发 ArgumentNullException，或添加断言非 null 参数的代码协定前提条件。 (https://docs.microsoft.com/dotnet/fundamentals/code-analysis/quality-rules/ca1062) [D:\leaveblackgithub\DDNCadAddins\src\DDNCadAddins\DDNCadAddins\DDNCadAddins.csproj]
D:\leaveblackgithub\DDNCadAddins\src\DDNCadAddins\DDNCadAddins\Services\XClipBlockService.Operation.cs(106,25): warning SA1503: Braces should not be omitted (https://github.com/DotNetAnalyzers/StyleCopAnalyzers/blob/master/documentation/SA1503.md) [D:\leaveblackgithub\DDNCadAddins\src\DDNCadAddins\DDNCadAddins\DDNCadAddins.csproj]
D:\leaveblackgithub\DDNCadAddins\src\DDNCadAddins\DDNCadAddins\Services\XClipBlockService.Operation.cs(111,25): warning SA1503: Braces should not be omitted (https://github.com/DotNetAnalyzers/StyleCopAnalyzers/blob/master/documentation/SA1503.md) [D:\leaveblackgithub\DDNCadAddins\src\DDNCadAddins\DDNCadAddins\DDNCadAddins.csproj]
D:\leaveblackgithub\DDNCadAddins\src\DDNCadAddins\DDNCadAddins\Services\XClipBlockService.Operation.cs(134,33): warning SA1503: Braces should not be omitted (https://github.com/DotNetAnalyzers/StyleCopAnalyzers/blob/master/documentation/SA1503.md) [D:\leaveblackgithub\DDNCadAddins\src\DDNCadAddins\DDNCadAddins\DDNCadAddins.csproj]
D:\leaveblackgithub\DDNCadAddins\src\DDNCadAddins\DDNCadAddins\Services\XClipBlockService.Operation.cs(160,21): warning SA1503: Braces should not be omitted (https://github.com/DotNetAnalyzers/StyleCopAnalyzers/blob/master/documentation/SA1503.md) [D:\leaveblackgithub\DDNCadAddins\src\DDNCadAddins\DDNCadAddins\DDNCadAddins.csproj]
D:\leaveblackgithub\DDNCadAddins\src\DDNCadAddins\DDNCadAddins\Commands\XClipTest\XClipTestCreator4.cs(144,29): warning CA1062: 在外部可见方法“ObjectId XClipTestCreator.CreateBlockWithMultiLayerEntities(Transaction tr, Database db, string blockName, string layer1, string layer2)”中，先验证参数“tr”为非 null，然后再使用。如果适用，在参数为 null 时引发 ArgumentNullException，或添加断言非 null 参数的代码协定前提条件。 (https://docs.microsoft.com/dotnet/fundamentals/code-analysis/quality-rules/ca1062) [D:\leaveblackgithub\DDNCadAddins\src\DDNCadAddins\DDNCadAddins\DDNCadAddins.csproj]
D:\leaveblackgithub\DDNCadAddins\src\DDNCadAddins\DDNCadAddins\Services\XClipBlockService.Operation.cs(27,32): warning SA1101: Prefix local calls with this (https://github.com/DotNetAnalyzers/StyleCopAnalyzers/blob/master/documentation/SA1101.md) [D:\leaveblackgithub\DDNCadAddins\src\DDNCadAddins\DDNCadAddins\DDNCadAddins.csproj]
D:\leaveblackgithub\DDNCadAddins\src\DDNCadAddins\DDNCadAddins\Services\XClipBlockService.Operation.cs(179,20): warning SA1117: The parameters should all be placed on the same line or each parameter should be placed on its own line. (https://github.com/DotNetAnalyzers/StyleCopAnalyzers/blob/master/documentation/SA1117.md) [D:\leaveblackgithub\DDNCadAddins\src\DDNCadAddins\DDNCadAddins\DDNCadAddins.csproj]
D:\leaveblackgithub\DDNCadAddins\src\DDNCadAddins\DDNCadAddins\Services\XClipBlockService.Operation.cs(202,30): warning SA1101: Prefix local calls with this (https://github.com/DotNetAnalyzers/StyleCopAnalyzers/blob/master/documentation/SA1101.md) [D:\leaveblackgithub\DDNCadAddins\src\DDNCadAddins\DDNCadAddins\DDNCadAddins.csproj]
D:\leaveblackgithub\DDNCadAddins\src\DDNCadAddins\DDNCadAddins\Services\XClipBlockService.Operation.cs(207,22): warning SA1101: Prefix local calls with this (https://github.com/DotNetAnalyzers/StyleCopAnalyzers/blob/master/documentation/SA1101.md) [D:\leaveblackgithub\DDNCadAddins\src\DDNCadAddins\DDNCadAddins\DDNCadAddins.csproj]
D:\leaveblackgithub\DDNCadAddins\src\DDNCadAddins\DDNCadAddins\Services\XClipBlockService.Operation.cs(54,34): warning SA1101: Prefix local calls with this (https://github.com/DotNetAnalyzers/StyleCopAnalyzers/blob/master/documentation/SA1101.md) [D:\leaveblackgithub\DDNCadAddins\src\DDNCadAddins\DDNCadAddins\DDNCadAddins.csproj]
D:\leaveblackgithub\DDNCadAddins\src\DDNCadAddins\DDNCadAddins\Services\XClipBlockService.Core.cs(848,43): warning SA1108: Block statements should not contain embedded comments (https://github.com/DotNetAnalyzers/StyleCopAnalyzers/blob/master/documentation/SA1108.md) [D:\leaveblackgithub\DDNCadAddins\src\DDNCadAddins\DDNCadAddins\DDNCadAddins.csproj]
D:\leaveblackgithub\DDNCadAddins\src\DDNCadAddins\DDNCadAddins\Services\XClipBlockService.Operation.cs(208,21): warning SA1101: Prefix local calls with this (https://github.com/DotNetAnalyzers/StyleCopAnalyzers/blob/master/documentation/SA1101.md) [D:\leaveblackgithub\DDNCadAddins\src\DDNCadAddins\DDNCadAddins\DDNCadAddins.csproj]
D:\leaveblackgithub\DDNCadAddins\src\DDNCadAddins\DDNCadAddins\Services\XClipBlockService.Operation.cs(55,33): warning SA1101: Prefix local calls with this (https://github.com/DotNetAnalyzers/StyleCopAnalyzers/blob/master/documentation/SA1101.md) [D:\leaveblackgithub\DDNCadAddins\src\DDNCadAddins\DDNCadAddins\DDNCadAddins.csproj]
D:\leaveblackgithub\DDNCadAddins\src\DDNCadAddins\DDNCadAddins\Services\XClipBlockService.Operation.cs(231,21): warning SA1503: Braces should not be omitted (https://github.com/DotNetAnalyzers/StyleCopAnalyzers/blob/master/documentation/SA1503.md) [D:\leaveblackgithub\DDNCadAddins\src\DDNCadAddins\DDNCadAddins\DDNCadAddins.csproj]
D:\leaveblackgithub\DDNCadAddins\src\DDNCadAddins\DDNCadAddins\Services\XClipBlockService.Core.cs(749,25): warning CA1031: 请修改“FindAllXClippedBlocks”以捕获更具体的允许异常类型，或者重新抛出该异常 (https://docs.microsoft.com/dotnet/fundamentals/code-analysis/quality-rules/ca1031) [D:\leaveblackgithub\DDNCadAddins\src\DDNCadAddins\DDNCadAddins\DDNCadAddins.csproj]
D:\leaveblackgithub\DDNCadAddins\src\DDNCadAddins\DDNCadAddins\Services\XClipBlockService.Operation.cs(66,40): warning SA1101: Prefix local calls with this (https://github.com/DotNetAnalyzers/StyleCopAnalyzers/blob/master/documentation/SA1101.md) [D:\leaveblackgithub\DDNCadAddins\src\DDNCadAddins\DDNCadAddins\DDNCadAddins.csproj]
D:\leaveblackgithub\DDNCadAddins\src\DDNCadAddins\DDNCadAddins\Services\XClipBlockService.Operation.cs(80,22): warning SA1101: Prefix local calls with this (https://github.com/DotNetAnalyzers/StyleCopAnalyzers/blob/master/documentation/SA1101.md) [D:\leaveblackgithub\DDNCadAddins\src\DDNCadAddins\DDNCadAddins\DDNCadAddins.csproj]
D:\leaveblackgithub\DDNCadAddins\src\DDNCadAddins\DDNCadAddins\Services\XClipBlockService.Operation.cs(81,21): warning SA1101: Prefix local calls with this (https://github.com/DotNetAnalyzers/StyleCopAnalyzers/blob/master/documentation/SA1101.md) [D:\leaveblackgithub\DDNCadAddins\src\DDNCadAddins\DDNCadAddins\DDNCadAddins.csproj]
D:\leaveblackgithub\DDNCadAddins\src\DDNCadAddins\DDNCadAddins\Services\XClipBlockService.Core.cs(899,20): warning SA1117: The parameters should all be placed on the same line or each parameter should be placed on its own line. (https://github.com/DotNetAnalyzers/StyleCopAnalyzers/blob/master/documentation/SA1117.md) [D:\leaveblackgithub\DDNCadAddins\src\DDNCadAddins\DDNCadAddins\DDNCadAddins.csproj]
D:\leaveblackgithub\DDNCadAddins\src\DDNCadAddins\DDNCadAddins\Services\XClipBlockService.Operation.cs(183,13): warning CA1031: 请修改“GetBlockName”以捕获更具体的允许异常类型，或者重新抛出该异常 (https://docs.microsoft.com/dotnet/fundamentals/code-analysis/quality-rules/ca1031) [D:\leaveblackgithub\DDNCadAddins\src\DDNCadAddins\DDNCadAddins\DDNCadAddins.csproj]
D:\leaveblackgithub\DDNCadAddins\src\DDNCadAddins\DDNCadAddins\Services\XClipBlockService.Operation.cs(223,24): warning SA1101: Prefix local calls with this (https://github.com/DotNetAnalyzers/StyleCopAnalyzers/blob/master/documentation/SA1101.md) [D:\leaveblackgithub\DDNCadAddins\src\DDNCadAddins\DDNCadAddins\DDNCadAddins.csproj]
D:\leaveblackgithub\DDNCadAddins\src\DDNCadAddins\DDNCadAddins\Services\XClipBlockService.Operation.cs(225,28): warning SA1101: Prefix local calls with this (https://github.com/DotNetAnalyzers/StyleCopAnalyzers/blob/master/documentation/SA1101.md) [D:\leaveblackgithub\DDNCadAddins\src\DDNCadAddins\DDNCadAddins\DDNCadAddins.csproj]
D:\leaveblackgithub\DDNCadAddins\src\DDNCadAddins\DDNCadAddins\Services\XClipBlockService.Operation.cs(230,22): warning SA1101: Prefix local calls with this (https://github.com/DotNetAnalyzers/StyleCopAnalyzers/blob/master/documentation/SA1101.md) [D:\leaveblackgithub\DDNCadAddins\src\DDNCadAddins\DDNCadAddins\DDNCadAddins.csproj]
D:\leaveblackgithub\DDNCadAddins\src\DDNCadAddins\DDNCadAddins\Services\XClipBlockService.Operation.cs(231,21): warning SA1101: Prefix local calls with this (https://github.com/DotNetAnalyzers/StyleCopAnalyzers/blob/master/documentation/SA1101.md) [D:\leaveblackgithub\DDNCadAddins\src\DDNCadAddins\DDNCadAddins\DDNCadAddins.csproj]
D:\leaveblackgithub\DDNCadAddins\src\DDNCadAddins\DDNCadAddins\Services\XClipBlockService.Operation.cs(205,13): warning CA1031: 请修改“ApplyXClipToBlock”以捕获更具体的允许异常类型，或者重新抛出该异常 (https://docs.microsoft.com/dotnet/fundamentals/code-analysis/quality-rules/ca1031) [D:\leaveblackgithub\DDNCadAddins\src\DDNCadAddins\DDNCadAddins\DDNCadAddins.csproj]
D:\leaveblackgithub\DDNCadAddins\src\DDNCadAddins\DDNCadAddins\Services\XClipBlockService.Operation.cs(226,20): warning SA1117: The parameters should all be placed on the same line or each parameter should be placed on its own line. (https://github.com/DotNetAnalyzers/StyleCopAnalyzers/blob/master/documentation/SA1117.md) [D:\leaveblackgithub\DDNCadAddins\src\DDNCadAddins\DDNCadAddins\DDNCadAddins.csproj]
D:\leaveblackgithub\DDNCadAddins\src\DDNCadAddins\DDNCadAddins\Services\XClipBlockService.Operation.cs(60,20): warning SA1117: The parameters should all be placed on the same line or each parameter should be placed on its own line. (https://github.com/DotNetAnalyzers/StyleCopAnalyzers/blob/master/documentation/SA1117.md) [D:\leaveblackgithub\DDNCadAddins\src\DDNCadAddins\DDNCadAddins\DDNCadAddins.csproj]
D:\leaveblackgithub\DDNCadAddins\src\DDNCadAddins\DDNCadAddins\Services\XClipBlockService.Operation.cs(69,28): warning SA1117: The parameters should all be placed on the same line or each parameter should be placed on its own line. (https://github.com/DotNetAnalyzers/StyleCopAnalyzers/blob/master/documentation/SA1117.md) [D:\leaveblackgithub\DDNCadAddins\src\DDNCadAddins\DDNCadAddins\DDNCadAddins.csproj]
D:\leaveblackgithub\DDNCadAddins\src\DDNCadAddins\DDNCadAddins\Services\XClipBlockService.Core.cs(358,53): warning SA1003: Operator '+' should be preceded by whitespace. (https://github.com/DotNetAnalyzers/StyleCopAnalyzers/blob/master/documentation/SA1003.md) [D:\leaveblackgithub\DDNCadAddins\src\DDNCadAddins\DDNCadAddins\DDNCadAddins.csproj]
D:\leaveblackgithub\DDNCadAddins\src\DDNCadAddins\DDNCadAddins\Services\XClipBlockService.Core.cs(358,53): warning SA1003: Operator '+' should be followed by whitespace. (https://github.com/DotNetAnalyzers/StyleCopAnalyzers/blob/master/documentation/SA1003.md) [D:\leaveblackgithub\DDNCadAddins\src\DDNCadAddins\DDNCadAddins\DDNCadAddins.csproj]
D:\leaveblackgithub\DDNCadAddins\src\DDNCadAddins\DDNCadAddins\Services\XClipBlockService.Core.cs(646,25): warning CA1031: 请修改“AutoXClipBlocksByName”以捕获更具体的允许异常类型，或者重新抛出该异常 (https://docs.microsoft.com/dotnet/fundamentals/code-analysis/quality-rules/ca1031) [D:\leaveblackgithub\DDNCadAddins\src\DDNCadAddins\DDNCadAddins\DDNCadAddins.csproj]
D:\leaveblackgithub\DDNCadAddins\src\DDNCadAddins\DDNCadAddins\Services\XClipBlockService.Core.cs(683,21): warning CA1031: 请修改“AutoXClipBlocksByName”以捕获更具体的允许异常类型，或者重新抛出该异常 (https://docs.microsoft.com/dotnet/fundamentals/code-analysis/quality-rules/ca1031) [D:\leaveblackgithub\DDNCadAddins\src\DDNCadAddins\DDNCadAddins\DDNCadAddins.csproj]
D:\leaveblackgithub\DDNCadAddins\src\DDNCadAddins\DDNCadAddins\Services\XClipBlockService.Core.cs(378,70): warning SA1003: Operator '+' should be preceded by whitespace. (https://github.com/DotNetAnalyzers/StyleCopAnalyzers/blob/master/documentation/SA1003.md) [D:\leaveblackgithub\DDNCadAddins\src\DDNCadAddins\DDNCadAddins\DDNCadAddins.csproj]
D:\leaveblackgithub\DDNCadAddins\src\DDNCadAddins\DDNCadAddins\Services\XClipBlockService.Core.cs(702,13): warning CA1031: 请修改“AutoXClipBlocksByName”以捕获更具体的允许异常类型，或者重新抛出该异常 (https://docs.microsoft.com/dotnet/fundamentals/code-analysis/quality-rules/ca1031) [D:\leaveblackgithub\DDNCadAddins\src\DDNCadAddins\DDNCadAddins\DDNCadAddins.csproj]
D:\leaveblackgithub\DDNCadAddins\src\DDNCadAddins\DDNCadAddins\Services\XClipBlockService.Core.cs(378,70): warning SA1003: Operator '+' should be followed by whitespace. (https://github.com/DotNetAnalyzers/StyleCopAnalyzers/blob/master/documentation/SA1003.md) [D:\leaveblackgithub\DDNCadAddins\src\DDNCadAddins\DDNCadAddins\DDNCadAddins.csproj]
D:\leaveblackgithub\DDNCadAddins\src\DDNCadAddins\DDNCadAddins\Commands\XClipTest\XClipTestCreator4.cs(147,36): warning CA2000: 在对 System.IDisposable.Dispose 的所有引用超出范围之前，在“new BlockTableRecord()”创建的对象上对其进行调用 (https://docs.microsoft.com/dotnet/fundamentals/code-analysis/quality-rules/ca2000) [D:\leaveblackgithub\DDNCadAddins\src\DDNCadAddins\DDNCadAddins\DDNCadAddins.csproj]
D:\leaveblackgithub\DDNCadAddins\src\DDNCadAddins\DDNCadAddins\Commands\XClipTest\XClipTestCreator4.cs(158,26): warning CA2000: 在对 System.IDisposable.Dispose 的所有引用超出范围之前，在“new Line(new Point3d(0, 0, 0), new Point3d(10, 10, 0))”创建的对象上对其进行调用 (https://docs.microsoft.com/dotnet/fundamentals/code-analysis/quality-rules/ca2000) [D:\leaveblackgithub\DDNCadAddins\src\DDNCadAddins\DDNCadAddins\DDNCadAddins.csproj]
D:\leaveblackgithub\DDNCadAddins\src\DDNCadAddins\DDNCadAddins\Commands\XClipTest\XClipTestCreator4.cs(162,29): warning CA2000: 在对 System.IDisposable.Dispose 的所有引用超出范围之前，在“new Circle(new Point3d(5, 5, 0), Vector3d.ZAxis, 3)”创建的对象上对其进行调用 (https://docs.microsoft.com/dotnet/fundamentals/code-analysis/quality-rules/ca2000) [D:\leaveblackgithub\DDNCadAddins\src\DDNCadAddins\DDNCadAddins\DDNCadAddins.csproj]
D:\leaveblackgithub\DDNCadAddins\src\DDNCadAddins\DDNCadAddins\Services\XClipBlockService.Operation.cs(99,32): warning SA1101: Prefix local calls with this (https://github.com/DotNetAnalyzers/StyleCopAnalyzers/blob/master/documentation/SA1101.md) [D:\leaveblackgithub\DDNCadAddins\src\DDNCadAddins\DDNCadAddins\DDNCadAddins.csproj]
D:\leaveblackgithub\DDNCadAddins\src\DDNCadAddins\DDNCadAddins\Services\XClipBlockService.Operation.cs(228,13): warning CA1031: 请修改“IsBlockXClipped”以捕获更具体的允许异常类型，或者重新抛出该异常 (https://docs.microsoft.com/dotnet/fundamentals/code-analysis/quality-rules/ca1031) [D:\leaveblackgithub\DDNCadAddins\src\DDNCadAddins\DDNCadAddins\DDNCadAddins.csproj]
D:\leaveblackgithub\DDNCadAddins\src\DDNCadAddins\DDNCadAddins\Services\XClipBlockService.Operation.cs(133,34): warning SA1101: Prefix local calls with this (https://github.com/DotNetAnalyzers/StyleCopAnalyzers/blob/master/documentation/SA1101.md) [D:\leaveblackgithub\DDNCadAddins\src\DDNCadAddins\DDNCadAddins\DDNCadAddins.csproj]
D:\leaveblackgithub\DDNCadAddins\src\DDNCadAddins\DDNCadAddins\Services\XClipBlockService.Operation.cs(134,33): warning SA1101: Prefix local calls with this (https://github.com/DotNetAnalyzers/StyleCopAnalyzers/blob/master/documentation/SA1101.md) [D:\leaveblackgithub\DDNCadAddins\src\DDNCadAddins\DDNCadAddins\DDNCadAddins.csproj]
D:\leaveblackgithub\DDNCadAddins\src\DDNCadAddins\DDNCadAddins\Services\XClipBlockService.Operation.cs(145,40): warning SA1101: Prefix local calls with this (https://github.com/DotNetAnalyzers/StyleCopAnalyzers/blob/master/documentation/SA1101.md) [D:\leaveblackgithub\DDNCadAddins\src\DDNCadAddins\DDNCadAddins\DDNCadAddins.csproj]
D:\leaveblackgithub\DDNCadAddins\src\DDNCadAddins\DDNCadAddins\Services\XClipBlockService.Operation.cs(159,22): warning SA1101: Prefix local calls with this (https://github.com/DotNetAnalyzers/StyleCopAnalyzers/blob/master/documentation/SA1101.md) [D:\leaveblackgithub\DDNCadAddins\src\DDNCadAddins\DDNCadAddins\DDNCadAddins.csproj]
D:\leaveblackgithub\DDNCadAddins\src\DDNCadAddins\DDNCadAddins\Services\XClipBlockService.Operation.cs(160,21): warning SA1101: Prefix local calls with this (https://github.com/DotNetAnalyzers/StyleCopAnalyzers/blob/master/documentation/SA1101.md) [D:\leaveblackgithub\DDNCadAddins\src\DDNCadAddins\DDNCadAddins\DDNCadAddins.csproj]
D:\leaveblackgithub\DDNCadAddins\src\DDNCadAddins\DDNCadAddins\Commands\XClipTest\XClipTestCreator4.cs(221,40): warning CA2000: 在对 System.IDisposable.Dispose 的所有引用超出范围之前，在“new BlockTableRecord()”创建的对象上对其进行调用 (https://docs.microsoft.com/dotnet/fundamentals/code-analysis/quality-rules/ca2000) [D:\leaveblackgithub\DDNCadAddins\src\DDNCadAddins\DDNCadAddins\DDNCadAddins.csproj]
D:\leaveblackgithub\DDNCadAddins\src\DDNCadAddins\DDNCadAddins\Commands\XClipTest\XClipTestCreator4.cs(242,47): warning CA2000: 在对 System.IDisposable.Dispose 的所有引用超出范围之前，在“new BlockReference(new Point3d(xPos, 0, 0), innerBlockId)”创建的对象上对其进行调用 (https://docs.microsoft.com/dotnet/fundamentals/code-analysis/quality-rules/ca2000) [D:\leaveblackgithub\DDNCadAddins\src\DDNCadAddins\DDNCadAddins\DDNCadAddins.csproj]
D:\leaveblackgithub\DDNCadAddins\src\DDNCadAddins\DDNCadAddins\Commands\XClipTest\XClipTestCreator4.cs(213,25): warning CA1822: 成员“CreateCompositeBlock”不访问实例数据，可标记为 static (https://docs.microsoft.com/dotnet/fundamentals/code-analysis/quality-rules/ca1822) [D:\leaveblackgithub\DDNCadAddins\src\DDNCadAddins\DDNCadAddins\DDNCadAddins.csproj]
D:\leaveblackgithub\DDNCadAddins\src\DDNCadAddins\DDNCadAddins\Commands\TestRunner.cs(599,21): warning CA1822: 成员“TestFindXClippedBlocks”不访问实例数据，可标记为 static (https://docs.microsoft.com/dotnet/fundamentals/code-analysis/quality-rules/ca1822) [D:\leaveblackgithub\DDNCadAddins\src\DDNCadAddins\DDNCadAddins\DDNCadAddins.csproj]
D:\leaveblackgithub\DDNCadAddins\src\DDNCadAddins\DDNCadAddins\Services\XClipBlockService.Operation.cs(139,20): warning SA1117: The parameters should all be placed on the same line or each parameter should be placed on its own line. (https://github.com/DotNetAnalyzers/StyleCopAnalyzers/blob/master/documentation/SA1117.md) [D:\leaveblackgithub\DDNCadAddins\src\DDNCadAddins\DDNCadAddins\DDNCadAddins.csproj]
D:\leaveblackgithub\DDNCadAddins\src\DDNCadAddins\DDNCadAddins\Services\XClipBlockService.Operation.cs(148,28): warning SA1117: The parameters should all be placed on the same line or each parameter should be placed on its own line. (https://github.com/DotNetAnalyzers/StyleCopAnalyzers/blob/master/documentation/SA1117.md) [D:\leaveblackgithub\DDNCadAddins\src\DDNCadAddins\DDNCadAddins\DDNCadAddins.csproj]
D:\leaveblackgithub\DDNCadAddins\src\DDNCadAddins\DDNCadAddins\Services\XClipBlockService.Core.cs(878,25): warning CA1031: 请修改“IsolateBlocksInView”以捕获更具体的允许异常类型，或者重新抛出该异常 (https://docs.microsoft.com/dotnet/fundamentals/code-analysis/quality-rules/ca1031) [D:\leaveblackgithub\DDNCadAddins\src\DDNCadAddins\DDNCadAddins\DDNCadAddins.csproj]
D:\leaveblackgithub\DDNCadAddins\src\DDNCadAddins\DDNCadAddins\Services\XClipBlockService.Core.cs(901,13): warning CA1031: 请修改“IsolateBlocksInView”以捕获更具体的允许异常类型，或者重新抛出该异常 (https://docs.microsoft.com/dotnet/fundamentals/code-analysis/quality-rules/ca1031) [D:\leaveblackgithub\DDNCadAddins\src\DDNCadAddins\DDNCadAddins\DDNCadAddins.csproj]
D:\leaveblackgithub\DDNCadAddins\src\DDNCadAddins\DDNCadAddins\Services\XClipBlockService.Operation.cs(52,25): warning CA1031: 请修改“GetAllBlockReferences”以捕获更具体的允许异常类型，或者重新抛出该异常 (https://docs.microsoft.com/dotnet/fundamentals/code-analysis/quality-rules/ca1031) [D:\leaveblackgithub\DDNCadAddins\src\DDNCadAddins\DDNCadAddins\DDNCadAddins.csproj]
D:\leaveblackgithub\DDNCadAddins\src\DDNCadAddins\DDNCadAddins\Services\XClipBlockService.Operation.cs(78,13): warning CA1031: 请修改“GetAllBlockReferences”以捕获更具体的允许异常类型，或者重新抛出该异常 (https://docs.microsoft.com/dotnet/fundamentals/code-analysis/quality-rules/ca1031) [D:\leaveblackgithub\DDNCadAddins\src\DDNCadAddins\DDNCadAddins\DDNCadAddins.csproj]
D:\leaveblackgithub\DDNCadAddins\src\DDNCadAddins\DDNCadAddins\Commands\TestRunner.cs(396,24): warning CA1822: 成员“GetCurrentEditor”不访问实例数据，可标记为 static (https://docs.microsoft.com/dotnet/fundamentals/code-analysis/quality-rules/ca1822) [D:\leaveblackgithub\DDNCadAddins\src\DDNCadAddins\DDNCadAddins\DDNCadAddins.csproj]
D:\leaveblackgithub\DDNCadAddins\src\DDNCadAddins\DDNCadAddins\Commands\XClipTest\XClipTestCreator3.cs(260,13): warning CA1031: 请修改“CreateTestEnvironment”以捕获更具体的允许异常类型，或者重新抛出该异常 (https://docs.microsoft.com/dotnet/fundamentals/code-analysis/quality-rules/ca1031) [D:\leaveblackgithub\DDNCadAddins\src\DDNCadAddins\DDNCadAddins\DDNCadAddins.csproj]
D:\leaveblackgithub\DDNCadAddins\src\DDNCadAddins\DDNCadAddins\Services\XClipBlockService.Core.cs(250,40): warning CA1305: “ObjectId.ToString()”的行为可能因当前用户的区域设置而异。请将“XClipBlockService.AutoXClipBlock(Database, ObjectId)”中的此调用替换为对“ObjectId.ToString(IFormatProvider)”的调用。 (https://docs.microsoft.com/dotnet/fundamentals/code-analysis/quality-rules/ca1305) [D:\leaveblackgithub\DDNCadAddins\src\DDNCadAddins\DDNCadAddins\DDNCadAddins.csproj]
D:\leaveblackgithub\DDNCadAddins\src\DDNCadAddins\DDNCadAddins\Services\XClipBlockService.Core.cs(259,58): warning CA1305: “ObjectId.ToString()”的行为可能因当前用户的区域设置而异。请将“XClipBlockService.AutoXClipBlock(Database, ObjectId)”中的此调用替换为对“ObjectId.ToString(IFormatProvider)”的调用。 (https://docs.microsoft.com/dotnet/fundamentals/code-analysis/quality-rules/ca1305) [D:\leaveblackgithub\DDNCadAddins\src\DDNCadAddins\DDNCadAddins\DDNCadAddins.csproj]
D:\leaveblackgithub\DDNCadAddins\src\DDNCadAddins\DDNCadAddins\Services\XClipBlockService.Core.cs(268,56): warning CA1305: “ObjectId.ToString()”的行为可能因当前用户的区域设置而异。请将“XClipBlockService.AutoXClipBlock(Database, ObjectId)”中的此调用替换为对“ObjectId.ToString(IFormatProvider)”的调用。 (https://docs.microsoft.com/dotnet/fundamentals/code-analysis/quality-rules/ca1305) [D:\leaveblackgithub\DDNCadAddins\src\DDNCadAddins\DDNCadAddins\DDNCadAddins.csproj]
D:\leaveblackgithub\DDNCadAddins\src\DDNCadAddins\DDNCadAddins\Services\XClipBlockService.Operation.cs(131,25): warning CA1031: 请修改“GetBlockReferencesByName”以捕获更具体的允许异常类型，或者重新抛出该异常 (https://docs.microsoft.com/dotnet/fundamentals/code-analysis/quality-rules/ca1031) [D:\leaveblackgithub\DDNCadAddins\src\DDNCadAddins\DDNCadAddins\DDNCadAddins.csproj]
D:\leaveblackgithub\DDNCadAddins\src\DDNCadAddins\DDNCadAddins\Services\XClipBlockService.Operation.cs(157,13): warning CA1031: 请修改“GetBlockReferencesByName”以捕获更具体的允许异常类型，或者重新抛出该异常 (https://docs.microsoft.com/dotnet/fundamentals/code-analysis/quality-rules/ca1031) [D:\leaveblackgithub\DDNCadAddins\src\DDNCadAddins\DDNCadAddins\DDNCadAddins.csproj]
D:\leaveblackgithub\DDNCadAddins\src\DDNCadAddins\DDNCadAddins\Services\XClipBlockService.Core.cs(374,17): warning CA1031: 请修改“AutoXClipBlock”以捕获更具体的允许异常类型，或者重新抛出该异常 (https://docs.microsoft.com/dotnet/fundamentals/code-analysis/quality-rules/ca1031) [D:\leaveblackgithub\DDNCadAddins\src\DDNCadAddins\DDNCadAddins\DDNCadAddins.csproj]
D:\leaveblackgithub\DDNCadAddins\src\DDNCadAddins\DDNCadAddins\Commands\XClipTest\XClipTestCreator4.cs(119,20): warning CA1801: 从未用过方法 CreateColoredBlockReference 的参数 blockName。请删除该参数或在方法体中使用它。 (https://docs.microsoft.com/dotnet/fundamentals/code-analysis/quality-rules/ca1801) [D:\leaveblackgithub\DDNCadAddins\src\DDNCadAddins\DDNCadAddins\DDNCadAddins.csproj]
CSC : warning SA0001: XML comment analysis is disabled due to project configuration (https://github.com/DotNetAnalyzers/StyleCopAnalyzers/blob/master/documentation/SA0001.md) [D:\leaveblackgithub\DDNCadAddins\src\DDNCadAddins\DDNCadAddins\DDNCadAddins.csproj]

生成失败。

CSC : warning CA9998: FxCopAnalyzers package has been deprecated in favor of 'Microsoft.CodeAnalysis.NetAnalyzers', that ships with the .NET SDK. Please refer to https://docs.microsoft.com/visualstudio/code-quality/migrate-from-fxcop-analyzers-to-net-analyzers to migrate to .NET analyzers. (https://docs.microsoft.com/visualstudio/code-quality/migrate-from-fxcop-analyzers-to-net-analyzers) [D:\leaveblackgithub\DDNCadAddins\src\DDNCadAddins\DDNCadAddins\DDNCadAddins.csproj]
CSC : warning CA9998: FxCopAnalyzers package has been deprecated in favor of 'Microsoft.CodeAnalysis.NetAnalyzers', that ships with the .NET SDK. Please refer to https://docs.microsoft.com/visualstudio/code-quality/migrate-from-fxcop-analyzers-to-net-analyzers to migrate to .NET analyzers. (https://docs.microsoft.com/visualstudio/code-quality/migrate-from-fxcop-analyzers-to-net-analyzers) [D:\leaveblackgithub\DDNCadAddins\src\DDNCadAddins\DDNCadAddins\DDNCadAddins.csproj]
D:\leaveblackgithub\DDNCadAddins\src\DDNCadAddins\DDNCadAddins\Commands\Blk2CsvCommand.cs(1,1): warning SA1633: The file header is missing or not located at the top of the file. (https://github.com/DotNetAnalyzers/StyleCopAnalyzers/blob/master/documentation/SA1633.md) [D:\leaveblackgithub\DDNCadAddins\src\DDNCadAddins\DDNCadAddins\DDNCadAddins.csproj]
CSC : warning CA9998: FxCopAnalyzers package has been deprecated in favor of 'Microsoft.CodeAnalysis.NetAnalyzers', that ships with the .NET SDK. Please refer to https://docs.microsoft.com/visualstudio/code-quality/migrate-from-fxcop-analyzers-to-net-analyzers to migrate to .NET analyzers. (https://docs.microsoft.com/visualstudio/code-quality/migrate-from-fxcop-analyzers-to-net-analyzers) [D:\leaveblackgithub\DDNCadAddins\src\DDNCadAddins\DDNCadAddins\DDNCadAddins.csproj]
D:\leaveblackgithub\DDNCadAddins\src\DDNCadAddins\DDNCadAddins\Commands\Blk2CsvCommand.cs(1,1): warning SA1200: Using directive should appear within a namespace declaration (https://github.com/DotNetAnalyzers/StyleCopAnalyzers/blob/master/documentation/SA1200.md) [D:\leaveblackgithub\DDNCadAddins\src\DDNCadAddins\DDNCadAddins\DDNCadAddins.csproj]
D:\leaveblackgithub\DDNCadAddins\src\DDNCadAddins\DDNCadAddins\Commands\Blk2CsvCommand.cs(2,1): warning SA1200: Using directive should appear within a namespace declaration (https://github.com/DotNetAnalyzers/StyleCopAnalyzers/blob/master/documentation/SA1200.md) [D:\leaveblackgithub\DDNCadAddins\src\DDNCadAddins\DDNCadAddins\DDNCadAddins.csproj]
D:\leaveblackgithub\DDNCadAddins\src\DDNCadAddins\DDNCadAddins\Commands\Blk2CsvCommand.cs(3,1): warning SA1200: Using directive should appear within a namespace declaration (https://github.com/DotNetAnalyzers/StyleCopAnalyzers/blob/master/documentation/SA1200.md) [D:\leaveblackgithub\DDNCadAddins\src\DDNCadAddins\DDNCadAddins\DDNCadAddins.csproj]
D:\leaveblackgithub\DDNCadAddins\src\DDNCadAddins\DDNCadAddins\Commands\Blk2CsvCommand.cs(4,1): warning SA1200: Using directive should appear within a namespace declaration (https://github.com/DotNetAnalyzers/StyleCopAnalyzers/blob/master/documentation/SA1200.md) [D:\leaveblackgithub\DDNCadAddins\src\DDNCadAddins\DDNCadAddins\DDNCadAddins.csproj]
D:\leaveblackgithub\DDNCadAddins\src\DDNCadAddins\DDNCadAddins\Commands\Blk2CsvCommand.cs(5,1): warning SA1200: Using directive should appear within a namespace declaration (https://github.com/DotNetAnalyzers/StyleCopAnalyzers/blob/master/documentation/SA1200.md) [D:\leaveblackgithub\DDNCadAddins\src\DDNCadAddins\DDNCadAddins\DDNCadAddins.csproj]
D:\leaveblackgithub\DDNCadAddins\src\DDNCadAddins\DDNCadAddins\Commands\Blk2CsvCommand.cs(6,1): warning SA1200: Using directive should appear within a namespace declaration (https://github.com/DotNetAnalyzers/StyleCopAnalyzers/blob/master/documentation/SA1200.md) [D:\leaveblackgithub\DDNCadAddins\src\DDNCadAddins\DDNCadAddins\DDNCadAddins.csproj]
D:\leaveblackgithub\DDNCadAddins\src\DDNCadAddins\DDNCadAddins\Commands\Blk2CsvCommand.cs(7,1): warning SA1200: Using directive should appear within a namespace declaration (https://github.com/DotNetAnalyzers/StyleCopAnalyzers/blob/master/documentation/SA1200.md) [D:\leaveblackgithub\DDNCadAddins\src\DDNCadAddins\DDNCadAddins\DDNCadAddins.csproj]
D:\leaveblackgithub\DDNCadAddins\src\DDNCadAddins\DDNCadAddins\Commands\Blk2CsvCommand.cs(8,1): warning SA1200: Using directive should appear within a namespace declaration (https://github.com/DotNetAnalyzers/StyleCopAnalyzers/blob/master/documentation/SA1200.md) [D:\leaveblackgithub\DDNCadAddins\src\DDNCadAddins\DDNCadAddins\DDNCadAddins.csproj]
D:\leaveblackgithub\DDNCadAddins\src\DDNCadAddins\DDNCadAddins\Commands\Blk2CsvCommand.cs(9,1): warning SA1200: Using directive should appear within a namespace declaration (https://github.com/DotNetAnalyzers/StyleCopAnalyzers/blob/master/documentation/SA1200.md) [D:\leaveblackgithub\DDNCadAddins\src\DDNCadAddins\DDNCadAddins\DDNCadAddins.csproj]
D:\leaveblackgithub\DDNCadAddins\src\DDNCadAddins\DDNCadAddins\Commands\Blk2CsvCommand.cs(10,1): warning SA1200: Using directive should appear within a namespace declaration (https://github.com/DotNetAnalyzers/StyleCopAnalyzers/blob/master/documentation/SA1200.md) [D:\leaveblackgithub\DDNCadAddins\src\DDNCadAddins\DDNCadAddins\DDNCadAddins.csproj]
D:\leaveblackgithub\DDNCadAddins\src\DDNCadAddins\DDNCadAddins\Commands\Blk2CsvCommand.cs(11,1): warning SA1200: Using directive should appear within a namespace declaration (https://github.com/DotNetAnalyzers/StyleCopAnalyzers/blob/master/documentation/SA1200.md) [D:\leaveblackgithub\DDNCadAddins\src\DDNCadAddins\DDNCadAddins\DDNCadAddins.csproj]
D:\leaveblackgithub\DDNCadAddins\src\DDNCadAddins\DDNCadAddins\Commands\Blk2CsvCommand.cs(13,1): warning SA1200: Using directive should appear within a namespace declaration (https://github.com/DotNetAnalyzers/StyleCopAnalyzers/blob/master/documentation/SA1200.md) [D:\leaveblackgithub\DDNCadAddins\src\DDNCadAddins\DDNCadAddins\DDNCadAddins.csproj]
D:\leaveblackgithub\DDNCadAddins\src\DDNCadAddins\DDNCadAddins\Commands\Blk2CsvCommand.cs(14,1): warning SA1200: Using directive should appear within a namespace declaration (https://github.com/DotNetAnalyzers/StyleCopAnalyzers/blob/master/documentation/SA1200.md) [D:\leaveblackgithub\DDNCadAddins\src\DDNCadAddins\DDNCadAddins\DDNCadAddins.csproj]
D:\leaveblackgithub\DDNCadAddins\src\DDNCadAddins\DDNCadAddins\Commands\Blk2CsvCommand.cs(15,1): warning SA1200: Using directive should appear within a namespace declaration (https://github.com/DotNetAnalyzers/StyleCopAnalyzers/blob/master/documentation/SA1200.md) [D:\leaveblackgithub\DDNCadAddins\src\DDNCadAddins\DDNCadAddins\DDNCadAddins.csproj]
D:\leaveblackgithub\DDNCadAddins\src\DDNCadAddins\DDNCadAddins\Commands\Blk2CsvCommand.cs(12,1): warning SA1515: Single-line comment should be preceded by blank line (https://github.com/DotNetAnalyzers/StyleCopAnalyzers/blob/master/documentation/SA1515.md) [D:\leaveblackgithub\DDNCadAddins\src\DDNCadAddins\DDNCadAddins\DDNCadAddins.csproj]
D:\leaveblackgithub\DDNCadAddins\src\DDNCadAddins\DDNCadAddins\Commands\Blk2CsvCommand.cs(13,1): warning SA1208: Using directive for 'System.Windows.Forms' should appear before directive for 'DDNCadAddins.Infrastructure' (https://github.com/DotNetAnalyzers/StyleCopAnalyzers/blob/master/documentation/SA1208.md) [D:\leaveblackgithub\DDNCadAddins\src\DDNCadAddins\DDNCadAddins\DDNCadAddins.csproj]
D:\leaveblackgithub\DDNCadAddins\src\DDNCadAddins\DDNCadAddins\Commands\Blk2CsvCommand.cs(14,1): warning SA1210: Using directives should be ordered alphabetically by the namespaces. (https://github.com/DotNetAnalyzers/StyleCopAnalyzers/blob/master/documentation/SA1210.md) [D:\leaveblackgithub\DDNCadAddins\src\DDNCadAddins\DDNCadAddins\DDNCadAddins.csproj]
D:\leaveblackgithub\DDNCadAddins\src\DDNCadAddins\DDNCadAddins\Commands\CommandBase.cs(1,1): warning SA1200: Using directive should appear within a namespace declaration (https://github.com/DotNetAnalyzers/StyleCopAnalyzers/blob/master/documentation/SA1200.md) [D:\leaveblackgithub\DDNCadAddins\src\DDNCadAddins\DDNCadAddins\DDNCadAddins.csproj]
D:\leaveblackgithub\DDNCadAddins\src\DDNCadAddins\DDNCadAddins\Commands\CommandBase.cs(2,1): warning SA1200: Using directive should appear within a namespace declaration (https://github.com/DotNetAnalyzers/StyleCopAnalyzers/blob/master/documentation/SA1200.md) [D:\leaveblackgithub\DDNCadAddins\src\DDNCadAddins\DDNCadAddins\DDNCadAddins.csproj]
D:\leaveblackgithub\DDNCadAddins\src\DDNCadAddins\DDNCadAddins\Commands\CommandBase.cs(3,1): warning SA1200: Using directive should appear within a namespace declaration (https://github.com/DotNetAnalyzers/StyleCopAnalyzers/blob/master/documentation/SA1200.md) [D:\leaveblackgithub\DDNCadAddins\src\DDNCadAddins\DDNCadAddins\DDNCadAddins.csproj]
D:\leaveblackgithub\DDNCadAddins\src\DDNCadAddins\DDNCadAddins\Commands\CommandBase.cs(4,1): warning SA1200: Using directive should appear within a namespace declaration (https://github.com/DotNetAnalyzers/StyleCopAnalyzers/blob/master/documentation/SA1200.md) [D:\leaveblackgithub\DDNCadAddins\src\DDNCadAddins\DDNCadAddins\DDNCadAddins.csproj]
D:\leaveblackgithub\DDNCadAddins\src\DDNCadAddins\DDNCadAddins\Commands\CommandBase.cs(5,1): warning SA1200: Using directive should appear within a namespace declaration (https://github.com/DotNetAnalyzers/StyleCopAnalyzers/blob/master/documentation/SA1200.md) [D:\leaveblackgithub\DDNCadAddins\src\DDNCadAddins\DDNCadAddins\DDNCadAddins.csproj]
D:\leaveblackgithub\DDNCadAddins\src\DDNCadAddins\DDNCadAddins\Commands\CommandBase.cs(6,1): warning SA1200: Using directive should appear within a namespace declaration (https://github.com/DotNetAnalyzers/StyleCopAnalyzers/blob/master/documentation/SA1200.md) [D:\leaveblackgithub\DDNCadAddins\src\DDNCadAddins\DDNCadAddins\DDNCadAddins.csproj]
D:\leaveblackgithub\DDNCadAddins\src\DDNCadAddins\DDNCadAddins\Commands\CommandBase.cs(8,1): warning SA1200: Using directive should appear within a namespace declaration (https://github.com/DotNetAnalyzers/StyleCopAnalyzers/blob/master/documentation/SA1200.md) [D:\leaveblackgithub\DDNCadAddins\src\DDNCadAddins\DDNCadAddins\DDNCadAddins.csproj]
D:\leaveblackgithub\DDNCadAddins\src\DDNCadAddins\DDNCadAddins\Infrastructure\FileLogger.cs(15,18): warning CA1001: 类型“FileLogger”具有可释放的字段“_logWriter”，但该类型是不可释放的 (https://docs.microsoft.com/dotnet/fundamentals/code-analysis/quality-rules/ca1001) [D:\leaveblackgithub\DDNCadAddins\src\DDNCadAddins\DDNCadAddins\DDNCadAddins.csproj]
D:\leaveblackgithub\DDNCadAddins\src\DDNCadAddins\DDNCadAddins\Commands\FindXClippedBlocksCommand.cs(1,1): warning SA1200: Using directive should appear within a namespace declaration (https://github.com/DotNetAnalyzers/StyleCopAnalyzers/blob/master/documentation/SA1200.md) [D:\leaveblackgithub\DDNCadAddins\src\DDNCadAddins\DDNCadAddins\DDNCadAddins.csproj]
D:\leaveblackgithub\DDNCadAddins\src\DDNCadAddins\DDNCadAddins\Commands\FindXClippedBlocksCommand.cs(2,1): warning SA1200: Using directive should appear within a namespace declaration (https://github.com/DotNetAnalyzers/StyleCopAnalyzers/blob/master/documentation/SA1200.md) [D:\leaveblackgithub\DDNCadAddins\src\DDNCadAddins\DDNCadAddins\DDNCadAddins.csproj]
D:\leaveblackgithub\DDNCadAddins\src\DDNCadAddins\DDNCadAddins\Commands\FindXClippedBlocksCommand.cs(3,1): warning SA1200: Using directive should appear within a namespace declaration (https://github.com/DotNetAnalyzers/StyleCopAnalyzers/blob/master/documentation/SA1200.md) [D:\leaveblackgithub\DDNCadAddins\src\DDNCadAddins\DDNCadAddins\DDNCadAddins.csproj]
D:\leaveblackgithub\DDNCadAddins\src\DDNCadAddins\DDNCadAddins\Commands\FindXClippedBlocksCommand.cs(4,1): warning SA1200: Using directive should appear within a namespace declaration (https://github.com/DotNetAnalyzers/StyleCopAnalyzers/blob/master/documentation/SA1200.md) [D:\leaveblackgithub\DDNCadAddins\src\DDNCadAddins\DDNCadAddins\DDNCadAddins.csproj]
D:\leaveblackgithub\DDNCadAddins\src\DDNCadAddins\DDNCadAddins\Commands\FindXClippedBlocksCommand.cs(5,1): warning SA1200: Using directive should appear within a namespace declaration (https://github.com/DotNetAnalyzers/StyleCopAnalyzers/blob/master/documentation/SA1200.md) [D:\leaveblackgithub\DDNCadAddins\src\DDNCadAddins\DDNCadAddins\DDNCadAddins.csproj]
D:\leaveblackgithub\DDNCadAddins\src\DDNCadAddins\DDNCadAddins\Commands\FindXClippedBlocksCommand.cs(6,1): warning SA1200: Using directive should appear within a namespace declaration (https://github.com/DotNetAnalyzers/StyleCopAnalyzers/blob/master/documentation/SA1200.md) [D:\leaveblackgithub\DDNCadAddins\src\DDNCadAddins\DDNCadAddins\DDNCadAddins.csproj]
D:\leaveblackgithub\DDNCadAddins\src\DDNCadAddins\DDNCadAddins\Commands\FindXClippedBlocksCommand.cs(7,1): warning SA1200: Using directive should appear within a namespace declaration (https://github.com/DotNetAnalyzers/StyleCopAnalyzers/blob/master/documentation/SA1200.md) [D:\leaveblackgithub\DDNCadAddins\src\DDNCadAddins\DDNCadAddins\DDNCadAddins.csproj]
D:\leaveblackgithub\DDNCadAddins\src\DDNCadAddins\DDNCadAddins\Models\OperationResult.cs(51,17): warning SA1201: A enum should not follow a interface (https://github.com/DotNetAnalyzers/StyleCopAnalyzers/blob/master/documentation/SA1201.md) [D:\leaveblackgithub\DDNCadAddins\src\DDNCadAddins\DDNCadAddins\DDNCadAddins.csproj]
D:\leaveblackgithub\DDNCadAddins\src\DDNCadAddins\DDNCadAddins\Commands\CreateXClippedBlockCommand.cs(1,1): warning SA1200: Using directive should appear within a namespace declaration (https://github.com/DotNetAnalyzers/StyleCopAnalyzers/blob/master/documentation/SA1200.md) [D:\leaveblackgithub\DDNCadAddins\src\DDNCadAddins\DDNCadAddins\DDNCadAddins.csproj]
D:\leaveblackgithub\DDNCadAddins\src\DDNCadAddins\DDNCadAddins\Commands\CreateXClippedBlockCommand.cs(2,1): warning SA1200: Using directive should appear within a namespace declaration (https://github.com/DotNetAnalyzers/StyleCopAnalyzers/blob/master/documentation/SA1200.md) [D:\leaveblackgithub\DDNCadAddins\src\DDNCadAddins\DDNCadAddins\DDNCadAddins.csproj]
D:\leaveblackgithub\DDNCadAddins\src\DDNCadAddins\DDNCadAddins\Commands\CreateXClippedBlockCommand.cs(3,1): warning SA1200: Using directive should appear within a namespace declaration (https://github.com/DotNetAnalyzers/StyleCopAnalyzers/blob/master/documentation/SA1200.md) [D:\leaveblackgithub\DDNCadAddins\src\DDNCadAddins\DDNCadAddins\DDNCadAddins.csproj]
D:\leaveblackgithub\DDNCadAddins\src\DDNCadAddins\DDNCadAddins\Commands\CreateXClippedBlockCommand.cs(4,1): warning SA1200: Using directive should appear within a namespace declaration (https://github.com/DotNetAnalyzers/StyleCopAnalyzers/blob/master/documentation/SA1200.md) [D:\leaveblackgithub\DDNCadAddins\src\DDNCadAddins\DDNCadAddins\DDNCadAddins.csproj]
D:\leaveblackgithub\DDNCadAddins\src\DDNCadAddins\DDNCadAddins\Commands\CreateXClippedBlockCommand.cs(5,1): warning SA1200: Using directive should appear within a namespace declaration (https://github.com/DotNetAnalyzers/StyleCopAnalyzers/blob/master/documentation/SA1200.md) [D:\leaveblackgithub\DDNCadAddins\src\DDNCadAddins\DDNCadAddins\DDNCadAddins.csproj]
D:\leaveblackgithub\DDNCadAddins\src\DDNCadAddins\DDNCadAddins\Commands\CreateXClippedBlockCommand.cs(6,1): warning SA1200: Using directive should appear within a namespace declaration (https://github.com/DotNetAnalyzers/StyleCopAnalyzers/blob/master/documentation/SA1200.md) [D:\leaveblackgithub\DDNCadAddins\src\DDNCadAddins\DDNCadAddins\DDNCadAddins.csproj]
D:\leaveblackgithub\DDNCadAddins\src\DDNCadAddins\DDNCadAddins\Commands\TestRunner.cs(861,22): warning SA1201: A interface should not follow a class (https://github.com/DotNetAnalyzers/StyleCopAnalyzers/blob/master/documentation/SA1201.md) [D:\leaveblackgithub\DDNCadAddins\src\DDNCadAddins\DDNCadAddins\DDNCadAddins.csproj]
D:\leaveblackgithub\DDNCadAddins\src\DDNCadAddins\DDNCadAddins\Commands\IsolateXClippedBlocksCommand.cs(1,1): warning SA1200: Using directive should appear within a namespace declaration (https://github.com/DotNetAnalyzers/StyleCopAnalyzers/blob/master/documentation/SA1200.md) [D:\leaveblackgithub\DDNCadAddins\src\DDNCadAddins\DDNCadAddins\DDNCadAddins.csproj]
D:\leaveblackgithub\DDNCadAddins\src\DDNCadAddins\DDNCadAddins\Commands\IsolateXClippedBlocksCommand.cs(2,1): warning SA1200: Using directive should appear within a namespace declaration (https://github.com/DotNetAnalyzers/StyleCopAnalyzers/blob/master/documentation/SA1200.md) [D:\leaveblackgithub\DDNCadAddins\src\DDNCadAddins\DDNCadAddins\DDNCadAddins.csproj]
D:\leaveblackgithub\DDNCadAddins\src\DDNCadAddins\DDNCadAddins\Commands\IsolateXClippedBlocksCommand.cs(3,1): warning SA1200: Using directive should appear within a namespace declaration (https://github.com/DotNetAnalyzers/StyleCopAnalyzers/blob/master/documentation/SA1200.md) [D:\leaveblackgithub\DDNCadAddins\src\DDNCadAddins\DDNCadAddins\DDNCadAddins.csproj]
D:\leaveblackgithub\DDNCadAddins\src\DDNCadAddins\DDNCadAddins\Commands\IsolateXClippedBlocksCommand.cs(4,1): warning SA1200: Using directive should appear within a namespace declaration (https://github.com/DotNetAnalyzers/StyleCopAnalyzers/blob/master/documentation/SA1200.md) [D:\leaveblackgithub\DDNCadAddins\src\DDNCadAddins\DDNCadAddins\DDNCadAddins.csproj]
D:\leaveblackgithub\DDNCadAddins\src\DDNCadAddins\DDNCadAddins\Commands\IsolateXClippedBlocksCommand.cs(5,1): warning SA1200: Using directive should appear within a namespace declaration (https://github.com/DotNetAnalyzers/StyleCopAnalyzers/blob/master/documentation/SA1200.md) [D:\leaveblackgithub\DDNCadAddins\src\DDNCadAddins\DDNCadAddins\DDNCadAddins.csproj]
D:\leaveblackgithub\DDNCadAddins\src\DDNCadAddins\DDNCadAddins\Commands\IsolateXClippedBlocksCommand.cs(6,1): warning SA1200: Using directive should appear within a namespace declaration (https://github.com/DotNetAnalyzers/StyleCopAnalyzers/blob/master/documentation/SA1200.md) [D:\leaveblackgithub\DDNCadAddins\src\DDNCadAddins\DDNCadAddins\DDNCadAddins.csproj]
D:\leaveblackgithub\DDNCadAddins\src\DDNCadAddins\DDNCadAddins\Commands\IsolateXClippedBlocksCommand.cs(7,1): warning SA1200: Using directive should appear within a namespace declaration (https://github.com/DotNetAnalyzers/StyleCopAnalyzers/blob/master/documentation/SA1200.md) [D:\leaveblackgithub\DDNCadAddins\src\DDNCadAddins\DDNCadAddins\DDNCadAddins.csproj]
D:\leaveblackgithub\DDNCadAddins\src\DDNCadAddins\DDNCadAddins\Commands\IsolateXClippedBlocksCommand.cs(8,1): warning SA1200: Using directive should appear within a namespace declaration (https://github.com/DotNetAnalyzers/StyleCopAnalyzers/blob/master/documentation/SA1200.md) [D:\leaveblackgithub\DDNCadAddins\src\DDNCadAddins\DDNCadAddins\DDNCadAddins.csproj]
D:\leaveblackgithub\DDNCadAddins\src\DDNCadAddins\DDNCadAddins\Commands\IsolateXClippedBlocksCommand.cs(9,1): warning SA1200: Using directive should appear within a namespace declaration (https://github.com/DotNetAnalyzers/StyleCopAnalyzers/blob/master/documentation/SA1200.md) [D:\leaveblackgithub\DDNCadAddins\src\DDNCadAddins\DDNCadAddins\DDNCadAddins.csproj]
D:\leaveblackgithub\DDNCadAddins\src\DDNCadAddins\DDNCadAddins\Commands\OpenXClipLogCommand.cs(1,1): warning SA1200: Using directive should appear within a namespace declaration (https://github.com/DotNetAnalyzers/StyleCopAnalyzers/blob/master/documentation/SA1200.md) [D:\leaveblackgithub\DDNCadAddins\src\DDNCadAddins\DDNCadAddins\DDNCadAddins.csproj]
D:\leaveblackgithub\DDNCadAddins\src\DDNCadAddins\DDNCadAddins\Commands\OpenXClipLogCommand.cs(2,1): warning SA1200: Using directive should appear within a namespace declaration (https://github.com/DotNetAnalyzers/StyleCopAnalyzers/blob/master/documentation/SA1200.md) [D:\leaveblackgithub\DDNCadAddins\src\DDNCadAddins\DDNCadAddins\DDNCadAddins.csproj]
D:\leaveblackgithub\DDNCadAddins\src\DDNCadAddins\DDNCadAddins\Commands\OpenXClipLogCommand.cs(3,1): warning SA1200: Using directive should appear within a namespace declaration (https://github.com/DotNetAnalyzers/StyleCopAnalyzers/blob/master/documentation/SA1200.md) [D:\leaveblackgithub\DDNCadAddins\src\DDNCadAddins\DDNCadAddins\DDNCadAddins.csproj]
D:\leaveblackgithub\DDNCadAddins\src\DDNCadAddins\DDNCadAddins\Commands\OpenXClipLogCommand.cs(4,1): warning SA1200: Using directive should appear within a namespace declaration (https://github.com/DotNetAnalyzers/StyleCopAnalyzers/blob/master/documentation/SA1200.md) [D:\leaveblackgithub\DDNCadAddins\src\DDNCadAddins\DDNCadAddins\DDNCadAddins.csproj]
D:\leaveblackgithub\DDNCadAddins\src\DDNCadAddins\DDNCadAddins\Commands\OpenXClipLogCommand.cs(5,1): warning SA1200: Using directive should appear within a namespace declaration (https://github.com/DotNetAnalyzers/StyleCopAnalyzers/blob/master/documentation/SA1200.md) [D:\leaveblackgithub\DDNCadAddins\src\DDNCadAddins\DDNCadAddins\DDNCadAddins.csproj]
D:\leaveblackgithub\DDNCadAddins\src\DDNCadAddins\DDNCadAddins\Commands\XClipCommand.cs(1,1): warning SA1200: Using directive should appear within a namespace declaration (https://github.com/DotNetAnalyzers/StyleCopAnalyzers/blob/master/documentation/SA1200.md) [D:\leaveblackgithub\DDNCadAddins\src\DDNCadAddins\DDNCadAddins\DDNCadAddins.csproj]
D:\leaveblackgithub\DDNCadAddins\src\DDNCadAddins\DDNCadAddins\Commands\XClipCommand.cs(2,1): warning SA1200: Using directive should appear within a namespace declaration (https://github.com/DotNetAnalyzers/StyleCopAnalyzers/blob/master/documentation/SA1200.md) [D:\leaveblackgithub\DDNCadAddins\src\DDNCadAddins\DDNCadAddins\DDNCadAddins.csproj]
D:\leaveblackgithub\DDNCadAddins\src\DDNCadAddins\DDNCadAddins\Commands\XClipCommand.cs(3,1): warning SA1200: Using directive should appear within a namespace declaration (https://github.com/DotNetAnalyzers/StyleCopAnalyzers/blob/master/documentation/SA1200.md) [D:\leaveblackgithub\DDNCadAddins\src\DDNCadAddins\DDNCadAddins\DDNCadAddins.csproj]
D:\leaveblackgithub\DDNCadAddins\src\DDNCadAddins\DDNCadAddins\Commands\XClipCommand.cs(4,1): warning SA1200: Using directive should appear within a namespace declaration (https://github.com/DotNetAnalyzers/StyleCopAnalyzers/blob/master/documentation/SA1200.md) [D:\leaveblackgithub\DDNCadAddins\src\DDNCadAddins\DDNCadAddins\DDNCadAddins.csproj]
D:\leaveblackgithub\DDNCadAddins\src\DDNCadAddins\DDNCadAddins\Commands\XClipCommand.cs(5,1): warning SA1200: Using directive should appear within a namespace declaration (https://github.com/DotNetAnalyzers/StyleCopAnalyzers/blob/master/documentation/SA1200.md) [D:\leaveblackgithub\DDNCadAddins\src\DDNCadAddins\DDNCadAddins\DDNCadAddins.csproj]
D:\leaveblackgithub\DDNCadAddins\src\DDNCadAddins\DDNCadAddins\Commands\XClipCommand.cs(6,1): warning SA1200: Using directive should appear within a namespace declaration (https://github.com/DotNetAnalyzers/StyleCopAnalyzers/blob/master/documentation/SA1200.md) [D:\leaveblackgithub\DDNCadAddins\src\DDNCadAddins\DDNCadAddins\DDNCadAddins.csproj]
D:\leaveblackgithub\DDNCadAddins\src\DDNCadAddins\DDNCadAddins\Commands\XClipCommand.cs(7,1): warning SA1200: Using directive should appear within a namespace declaration (https://github.com/DotNetAnalyzers/StyleCopAnalyzers/blob/master/documentation/SA1200.md) [D:\leaveblackgithub\DDNCadAddins\src\DDNCadAddins\DDNCadAddins\DDNCadAddins.csproj]
D:\leaveblackgithub\DDNCadAddins\src\DDNCadAddins\DDNCadAddins\Commands\XClipCommand.cs(8,1): warning SA1200: Using directive should appear within a namespace declaration (https://github.com/DotNetAnalyzers/StyleCopAnalyzers/blob/master/documentation/SA1200.md) [D:\leaveblackgithub\DDNCadAddins\src\DDNCadAddins\DDNCadAddins\DDNCadAddins.csproj]
D:\leaveblackgithub\DDNCadAddins\src\DDNCadAddins\DDNCadAddins\Commands\XClipCommand.cs(9,1): warning SA1200: Using directive should appear within a namespace declaration (https://github.com/DotNetAnalyzers/StyleCopAnalyzers/blob/master/documentation/SA1200.md) [D:\leaveblackgithub\DDNCadAddins\src\DDNCadAddins\DDNCadAddins\DDNCadAddins.csproj]
D:\leaveblackgithub\DDNCadAddins\src\DDNCadAddins\DDNCadAddins\Commands\XClipCommand.cs(10,1): warning SA1200: Using directive should appear within a namespace declaration (https://github.com/DotNetAnalyzers/StyleCopAnalyzers/blob/master/documentation/SA1200.md) [D:\leaveblackgithub\DDNCadAddins\src\DDNCadAddins\DDNCadAddins\DDNCadAddins.csproj]
D:\leaveblackgithub\DDNCadAddins\src\DDNCadAddins\DDNCadAddins\Commands\XClipCommand.cs(11,1): warning SA1200: Using directive should appear within a namespace declaration (https://github.com/DotNetAnalyzers/StyleCopAnalyzers/blob/master/documentation/SA1200.md) [D:\leaveblackgithub\DDNCadAddins\src\DDNCadAddins\DDNCadAddins\DDNCadAddins.csproj]
D:\leaveblackgithub\DDNCadAddins\src\DDNCadAddins\DDNCadAddins\Commands\XClipCommand.cs(13,1): warning SA1200: Using directive should appear within a namespace declaration (https://github.com/DotNetAnalyzers/StyleCopAnalyzers/blob/master/documentation/SA1200.md) [D:\leaveblackgithub\DDNCadAddins\src\DDNCadAddins\DDNCadAddins\DDNCadAddins.csproj]
D:\leaveblackgithub\DDNCadAddins\src\DDNCadAddins\DDNCadAddins\Commands\XClipCommand.cs(14,1): warning SA1200: Using directive should appear within a namespace declaration (https://github.com/DotNetAnalyzers/StyleCopAnalyzers/blob/master/documentation/SA1200.md) [D:\leaveblackgithub\DDNCadAddins\src\DDNCadAddins\DDNCadAddins\DDNCadAddins.csproj]
D:\leaveblackgithub\DDNCadAddins\src\DDNCadAddins\DDNCadAddins\Commands\XClipCommand.cs(9,1): warning SA1210: Using directives should be ordered alphabetically by the namespaces. (https://github.com/DotNetAnalyzers/StyleCopAnalyzers/blob/master/documentation/SA1210.md) [D:\leaveblackgithub\DDNCadAddins\src\DDNCadAddins\DDNCadAddins\DDNCadAddins.csproj]
D:\leaveblackgithub\DDNCadAddins\src\DDNCadAddins\DDNCadAddins\Commands\XClipTest\TestCommandBase.cs(1,1): warning SA1200: Using directive should appear within a namespace declaration (https://github.com/DotNetAnalyzers/StyleCopAnalyzers/blob/master/documentation/SA1200.md) [D:\leaveblackgithub\DDNCadAddins\src\DDNCadAddins\DDNCadAddins\DDNCadAddins.csproj]
D:\leaveblackgithub\DDNCadAddins\src\DDNCadAddins\DDNCadAddins\Commands\XClipTest\TestCommandBase.cs(2,1): warning SA1200: Using directive should appear within a namespace declaration (https://github.com/DotNetAnalyzers/StyleCopAnalyzers/blob/master/documentation/SA1200.md) [D:\leaveblackgithub\DDNCadAddins\src\DDNCadAddins\DDNCadAddins\DDNCadAddins.csproj]
D:\leaveblackgithub\DDNCadAddins\src\DDNCadAddins\DDNCadAddins\Commands\XClipTest\TestCommandBase.cs(3,1): warning SA1200: Using directive should appear within a namespace declaration (https://github.com/DotNetAnalyzers/StyleCopAnalyzers/blob/master/documentation/SA1200.md) [D:\leaveblackgithub\DDNCadAddins\src\DDNCadAddins\DDNCadAddins\DDNCadAddins.csproj]
D:\leaveblackgithub\DDNCadAddins\src\DDNCadAddins\DDNCadAddins\Commands\XClipTest\TestCommandBase.cs(4,1): warning SA1200: Using directive should appear within a namespace declaration (https://github.com/DotNetAnalyzers/StyleCopAnalyzers/blob/master/documentation/SA1200.md) [D:\leaveblackgithub\DDNCadAddins\src\DDNCadAddins\DDNCadAddins\DDNCadAddins.csproj]
D:\leaveblackgithub\DDNCadAddins\src\DDNCadAddins\DDNCadAddins\Commands\XClipTest\TestCommandBase.cs(5,1): warning SA1200: Using directive should appear within a namespace declaration (https://github.com/DotNetAnalyzers/StyleCopAnalyzers/blob/master/documentation/SA1200.md) [D:\leaveblackgithub\DDNCadAddins\src\DDNCadAddins\DDNCadAddins\DDNCadAddins.csproj]
D:\leaveblackgithub\DDNCadAddins\src\DDNCadAddins\DDNCadAddins\Commands\XClipTest\TestCommandBase.cs(6,1): warning SA1200: Using directive should appear within a namespace declaration (https://github.com/DotNetAnalyzers/StyleCopAnalyzers/blob/master/documentation/SA1200.md) [D:\leaveblackgithub\DDNCadAddins\src\DDNCadAddins\DDNCadAddins\DDNCadAddins.csproj]
D:\leaveblackgithub\DDNCadAddins\src\DDNCadAddins\DDNCadAddins\Commands\XClipTest\TestCommandBase.cs(7,1): warning SA1200: Using directive should appear within a namespace declaration (https://github.com/DotNetAnalyzers/StyleCopAnalyzers/blob/master/documentation/SA1200.md) [D:\leaveblackgithub\DDNCadAddins\src\DDNCadAddins\DDNCadAddins\DDNCadAddins.csproj]
D:\leaveblackgithub\DDNCadAddins\src\DDNCadAddins\DDNCadAddins\Commands\XClipTest\TestCommandBase.cs(6,1): warning SA1210: Using directives should be ordered alphabetically by the namespaces. (https://github.com/DotNetAnalyzers/StyleCopAnalyzers/blob/master/documentation/SA1210.md) [D:\leaveblackgithub\DDNCadAddins\src\DDNCadAddins\DDNCadAddins\DDNCadAddins.csproj]
D:\leaveblackgithub\DDNCadAddins\src\DDNCadAddins\DDNCadAddins\Commands\XClipTestCommand.cs(1,1): warning SA1200: Using directive should appear within a namespace declaration (https://github.com/DotNetAnalyzers/StyleCopAnalyzers/blob/master/documentation/SA1200.md) [D:\leaveblackgithub\DDNCadAddins\src\DDNCadAddins\DDNCadAddins\DDNCadAddins.csproj]
D:\leaveblackgithub\DDNCadAddins\src\DDNCadAddins\DDNCadAddins\Commands\XClipTestCommand.cs(2,1): warning SA1200: Using directive should appear within a namespace declaration (https://github.com/DotNetAnalyzers/StyleCopAnalyzers/blob/master/documentation/SA1200.md) [D:\leaveblackgithub\DDNCadAddins\src\DDNCadAddins\DDNCadAddins\DDNCadAddins.csproj]
D:\leaveblackgithub\DDNCadAddins\src\DDNCadAddins\DDNCadAddins\Commands\XClipTestCommand.cs(3,1): warning SA1200: Using directive should appear within a namespace declaration (https://github.com/DotNetAnalyzers/StyleCopAnalyzers/blob/master/documentation/SA1200.md) [D:\leaveblackgithub\DDNCadAddins\src\DDNCadAddins\DDNCadAddins\DDNCadAddins.csproj]
D:\leaveblackgithub\DDNCadAddins\src\DDNCadAddins\DDNCadAddins\Commands\XClipTestCommand.cs(4,1): warning SA1200: Using directive should appear within a namespace declaration (https://github.com/DotNetAnalyzers/StyleCopAnalyzers/blob/master/documentation/SA1200.md) [D:\leaveblackgithub\DDNCadAddins\src\DDNCadAddins\DDNCadAddins\DDNCadAddins.csproj]
D:\leaveblackgithub\DDNCadAddins\src\DDNCadAddins\DDNCadAddins\Commands\XClipTestCommand.cs(5,1): warning SA1200: Using directive should appear within a namespace declaration (https://github.com/DotNetAnalyzers/StyleCopAnalyzers/blob/master/documentation/SA1200.md) [D:\leaveblackgithub\DDNCadAddins\src\DDNCadAddins\DDNCadAddins\DDNCadAddins.csproj]
D:\leaveblackgithub\DDNCadAddins\src\DDNCadAddins\DDNCadAddins\Commands\XClipTestCommand.cs(6,1): warning SA1200: Using directive should appear within a namespace declaration (https://github.com/DotNetAnalyzers/StyleCopAnalyzers/blob/master/documentation/SA1200.md) [D:\leaveblackgithub\DDNCadAddins\src\DDNCadAddins\DDNCadAddins\DDNCadAddins.csproj]
D:\leaveblackgithub\DDNCadAddins\src\DDNCadAddins\DDNCadAddins\Commands\XClipTestCommand.cs(7,1): warning SA1200: Using directive should appear within a namespace declaration (https://github.com/DotNetAnalyzers/StyleCopAnalyzers/blob/master/documentation/SA1200.md) [D:\leaveblackgithub\DDNCadAddins\src\DDNCadAddins\DDNCadAddins\DDNCadAddins.csproj]
D:\leaveblackgithub\DDNCadAddins\src\DDNCadAddins\DDNCadAddins\Commands\XClipTestCommand.cs(8,1): warning SA1200: Using directive should appear within a namespace declaration (https://github.com/DotNetAnalyzers/StyleCopAnalyzers/blob/master/documentation/SA1200.md) [D:\leaveblackgithub\DDNCadAddins\src\DDNCadAddins\DDNCadAddins\DDNCadAddins.csproj]
D:\leaveblackgithub\DDNCadAddins\src\DDNCadAddins\DDNCadAddins\Commands\XClipTestCommand.cs(9,1): warning SA1200: Using directive should appear within a namespace declaration (https://github.com/DotNetAnalyzers/StyleCopAnalyzers/blob/master/documentation/SA1200.md) [D:\leaveblackgithub\DDNCadAddins\src\DDNCadAddins\DDNCadAddins\DDNCadAddins.csproj]
D:\leaveblackgithub\DDNCadAddins\src\DDNCadAddins\DDNCadAddins\Commands\XClipTestCommand.cs(10,1): warning SA1200: Using directive should appear within a namespace declaration (https://github.com/DotNetAnalyzers/StyleCopAnalyzers/blob/master/documentation/SA1200.md) [D:\leaveblackgithub\DDNCadAddins\src\DDNCadAddins\DDNCadAddins\DDNCadAddins.csproj]
D:\leaveblackgithub\DDNCadAddins\src\DDNCadAddins\DDNCadAddins\Commands\XClipTestCommand.cs(11,1): warning SA1200: Using directive should appear within a namespace declaration (https://github.com/DotNetAnalyzers/StyleCopAnalyzers/blob/master/documentation/SA1200.md) [D:\leaveblackgithub\DDNCadAddins\src\DDNCadAddins\DDNCadAddins\DDNCadAddins.csproj]
D:\leaveblackgithub\DDNCadAddins\src\DDNCadAddins\DDNCadAddins\Commands\XClipTestCommand.cs(12,1): warning SA1200: Using directive should appear within a namespace declaration (https://github.com/DotNetAnalyzers/StyleCopAnalyzers/blob/master/documentation/SA1200.md) [D:\leaveblackgithub\DDNCadAddins\src\DDNCadAddins\DDNCadAddins\DDNCadAddins.csproj]
D:\leaveblackgithub\DDNCadAddins\src\DDNCadAddins\DDNCadAddins\Commands\XClipTestCommand.cs(13,1): warning SA1200: Using directive should appear within a namespace declaration (https://github.com/DotNetAnalyzers/StyleCopAnalyzers/blob/master/documentation/SA1200.md) [D:\leaveblackgithub\DDNCadAddins\src\DDNCadAddins\DDNCadAddins\DDNCadAddins.csproj]
D:\leaveblackgithub\DDNCadAddins\src\DDNCadAddins\DDNCadAddins\Commands\XClipTestCommand.cs(11,1): warning SA1210: Using directives should be ordered alphabetically by the namespaces. (https://github.com/DotNetAnalyzers/StyleCopAnalyzers/blob/master/documentation/SA1210.md) [D:\leaveblackgithub\DDNCadAddins\src\DDNCadAddins\DDNCadAddins\DDNCadAddins.csproj]
D:\leaveblackgithub\DDNCadAddins\src\DDNCadAddins\DDNCadAddins\Commands\XClipTest\XClipTestCommon.cs(1,1): warning SA1200: Using directive should appear within a namespace declaration (https://github.com/DotNetAnalyzers/StyleCopAnalyzers/blob/master/documentation/SA1200.md) [D:\leaveblackgithub\DDNCadAddins\src\DDNCadAddins\DDNCadAddins\DDNCadAddins.csproj]
D:\leaveblackgithub\DDNCadAddins\src\DDNCadAddins\DDNCadAddins\Commands\XClipTest\XClipTestCommon.cs(2,1): warning SA1200: Using directive should appear within a namespace declaration (https://github.com/DotNetAnalyzers/StyleCopAnalyzers/blob/master/documentation/SA1200.md) [D:\leaveblackgithub\DDNCadAddins\src\DDNCadAddins\DDNCadAddins\DDNCadAddins.csproj]
D:\leaveblackgithub\DDNCadAddins\src\DDNCadAddins\DDNCadAddins\Commands\XClipTest\XClipTestCommon.cs(3,1): warning SA1200: Using directive should appear within a namespace declaration (https://github.com/DotNetAnalyzers/StyleCopAnalyzers/blob/master/documentation/SA1200.md) [D:\leaveblackgithub\DDNCadAddins\src\DDNCadAddins\DDNCadAddins\DDNCadAddins.csproj]
D:\leaveblackgithub\DDNCadAddins\src\DDNCadAddins\DDNCadAddins\Commands\XClipTest\XClipTestCommon.cs(4,1): warning SA1200: Using directive should appear within a namespace declaration (https://github.com/DotNetAnalyzers/StyleCopAnalyzers/blob/master/documentation/SA1200.md) [D:\leaveblackgithub\DDNCadAddins\src\DDNCadAddins\DDNCadAddins\DDNCadAddins.csproj]
D:\leaveblackgithub\DDNCadAddins\src\DDNCadAddins\DDNCadAddins\Commands\XClipTest\XClipTestCreator.cs(1,1): warning SA1200: Using directive should appear within a namespace declaration (https://github.com/DotNetAnalyzers/StyleCopAnalyzers/blob/master/documentation/SA1200.md) [D:\leaveblackgithub\DDNCadAddins\src\DDNCadAddins\DDNCadAddins\DDNCadAddins.csproj]
D:\leaveblackgithub\DDNCadAddins\src\DDNCadAddins\DDNCadAddins\Commands\XClipTest\XClipTestCreator.cs(2,1): warning SA1200: Using directive should appear within a namespace declaration (https://github.com/DotNetAnalyzers/StyleCopAnalyzers/blob/master/documentation/SA1200.md) [D:\leaveblackgithub\DDNCadAddins\src\DDNCadAddins\DDNCadAddins\DDNCadAddins.csproj]
D:\leaveblackgithub\DDNCadAddins\src\DDNCadAddins\DDNCadAddins\Commands\XClipTest\XClipTestCreator.cs(3,1): warning SA1200: Using directive should appear within a namespace declaration (https://github.com/DotNetAnalyzers/StyleCopAnalyzers/blob/master/documentation/SA1200.md) [D:\leaveblackgithub\DDNCadAddins\src\DDNCadAddins\DDNCadAddins\DDNCadAddins.csproj]
D:\leaveblackgithub\DDNCadAddins\src\DDNCadAddins\DDNCadAddins\Commands\XClipTest\XClipTestCreator.cs(4,1): warning SA1200: Using directive should appear within a namespace declaration (https://github.com/DotNetAnalyzers/StyleCopAnalyzers/blob/master/documentation/SA1200.md) [D:\leaveblackgithub\DDNCadAddins\src\DDNCadAddins\DDNCadAddins\DDNCadAddins.csproj]
D:\leaveblackgithub\DDNCadAddins\src\DDNCadAddins\DDNCadAddins\Commands\XClipTest\XClipTestCreator.cs(5,1): warning SA1200: Using directive should appear within a namespace declaration (https://github.com/DotNetAnalyzers/StyleCopAnalyzers/blob/master/documentation/SA1200.md) [D:\leaveblackgithub\DDNCadAddins\src\DDNCadAddins\DDNCadAddins\DDNCadAddins.csproj]
D:\leaveblackgithub\DDNCadAddins\src\DDNCadAddins\DDNCadAddins\Commands\XClipTest\XClipTestCreator.cs(6,1): warning SA1200: Using directive should appear within a namespace declaration (https://github.com/DotNetAnalyzers/StyleCopAnalyzers/blob/master/documentation/SA1200.md) [D:\leaveblackgithub\DDNCadAddins\src\DDNCadAddins\DDNCadAddins\DDNCadAddins.csproj]
D:\leaveblackgithub\DDNCadAddins\src\DDNCadAddins\DDNCadAddins\Commands\XClipTest\XClipTestCreator.cs(7,1): warning SA1200: Using directive should appear within a namespace declaration (https://github.com/DotNetAnalyzers/StyleCopAnalyzers/blob/master/documentation/SA1200.md) [D:\leaveblackgithub\DDNCadAddins\src\DDNCadAddins\DDNCadAddins\DDNCadAddins.csproj]
D:\leaveblackgithub\DDNCadAddins\src\DDNCadAddins\DDNCadAddins\Commands\XClipTest\XClipTestCreator.cs(8,1): warning SA1200: Using directive should appear within a namespace declaration (https://github.com/DotNetAnalyzers/StyleCopAnalyzers/blob/master/documentation/SA1200.md) [D:\leaveblackgithub\DDNCadAddins\src\DDNCadAddins\DDNCadAddins\DDNCadAddins.csproj]
D:\leaveblackgithub\DDNCadAddins\src\DDNCadAddins\DDNCadAddins\Commands\XClipTest\XClipTestCreator.cs(9,1): warning SA1200: Using directive should appear within a namespace declaration (https://github.com/DotNetAnalyzers/StyleCopAnalyzers/blob/master/documentation/SA1200.md) [D:\leaveblackgithub\DDNCadAddins\src\DDNCadAddins\DDNCadAddins\DDNCadAddins.csproj]
D:\leaveblackgithub\DDNCadAddins\src\DDNCadAddins\DDNCadAddins\Commands\XClipTest\XClipTestCreator2.cs(1,1): warning SA1200: Using directive should appear within a namespace declaration (https://github.com/DotNetAnalyzers/StyleCopAnalyzers/blob/master/documentation/SA1200.md) [D:\leaveblackgithub\DDNCadAddins\src\DDNCadAddins\DDNCadAddins\DDNCadAddins.csproj]
D:\leaveblackgithub\DDNCadAddins\src\DDNCadAddins\DDNCadAddins\Commands\XClipTest\XClipTestCreator2.cs(2,1): warning SA1200: Using directive should appear within a namespace declaration (https://github.com/DotNetAnalyzers/StyleCopAnalyzers/blob/master/documentation/SA1200.md) [D:\leaveblackgithub\DDNCadAddins\src\DDNCadAddins\DDNCadAddins\DDNCadAddins.csproj]
D:\leaveblackgithub\DDNCadAddins\src\DDNCadAddins\DDNCadAddins\Commands\XClipTest\XClipTestCreator2.cs(3,1): warning SA1200: Using directive should appear within a namespace declaration (https://github.com/DotNetAnalyzers/StyleCopAnalyzers/blob/master/documentation/SA1200.md) [D:\leaveblackgithub\DDNCadAddins\src\DDNCadAddins\DDNCadAddins\DDNCadAddins.csproj]
D:\leaveblackgithub\DDNCadAddins\src\DDNCadAddins\DDNCadAddins\Commands\XClipTest\XClipTestCreator2.cs(4,1): warning SA1200: Using directive should appear within a namespace declaration (https://github.com/DotNetAnalyzers/StyleCopAnalyzers/blob/master/documentation/SA1200.md) [D:\leaveblackgithub\DDNCadAddins\src\DDNCadAddins\DDNCadAddins\DDNCadAddins.csproj]
D:\leaveblackgithub\DDNCadAddins\src\DDNCadAddins\DDNCadAddins\Commands\XClipTest\XClipTestCreator2.cs(5,1): warning SA1200: Using directive should appear within a namespace declaration (https://github.com/DotNetAnalyzers/StyleCopAnalyzers/blob/master/documentation/SA1200.md) [D:\leaveblackgithub\DDNCadAddins\src\DDNCadAddins\DDNCadAddins\DDNCadAddins.csproj]
D:\leaveblackgithub\DDNCadAddins\src\DDNCadAddins\DDNCadAddins\Commands\XClipTest\XClipTestCreator2.cs(6,1): warning SA1200: Using directive should appear within a namespace declaration (https://github.com/DotNetAnalyzers/StyleCopAnalyzers/blob/master/documentation/SA1200.md) [D:\leaveblackgithub\DDNCadAddins\src\DDNCadAddins\DDNCadAddins\DDNCadAddins.csproj]
D:\leaveblackgithub\DDNCadAddins\src\DDNCadAddins\DDNCadAddins\Commands\XClipTest\XClipTestCreator2.cs(7,1): warning SA1200: Using directive should appear within a namespace declaration (https://github.com/DotNetAnalyzers/StyleCopAnalyzers/blob/master/documentation/SA1200.md) [D:\leaveblackgithub\DDNCadAddins\src\DDNCadAddins\DDNCadAddins\DDNCadAddins.csproj]
D:\leaveblackgithub\DDNCadAddins\src\DDNCadAddins\DDNCadAddins\Commands\XClipTest\XClipTestCreator2.cs(8,1): warning SA1200: Using directive should appear within a namespace declaration (https://github.com/DotNetAnalyzers/StyleCopAnalyzers/blob/master/documentation/SA1200.md) [D:\leaveblackgithub\DDNCadAddins\src\DDNCadAddins\DDNCadAddins\DDNCadAddins.csproj]
D:\leaveblackgithub\DDNCadAddins\src\DDNCadAddins\DDNCadAddins\Commands\XClipTest\XClipTestCreator3.cs(1,1): warning SA1200: Using directive should appear within a namespace declaration (https://github.com/DotNetAnalyzers/StyleCopAnalyzers/blob/master/documentation/SA1200.md) [D:\leaveblackgithub\DDNCadAddins\src\DDNCadAddins\DDNCadAddins\DDNCadAddins.csproj]
D:\leaveblackgithub\DDNCadAddins\src\DDNCadAddins\DDNCadAddins\Commands\XClipTest\XClipTestCreator3.cs(2,1): warning SA1200: Using directive should appear within a namespace declaration (https://github.com/DotNetAnalyzers/StyleCopAnalyzers/blob/master/documentation/SA1200.md) [D:\leaveblackgithub\DDNCadAddins\src\DDNCadAddins\DDNCadAddins\DDNCadAddins.csproj]
D:\leaveblackgithub\DDNCadAddins\src\DDNCadAddins\DDNCadAddins\Commands\XClipTest\XClipTestCreator3.cs(3,1): warning SA1200: Using directive should appear within a namespace declaration (https://github.com/DotNetAnalyzers/StyleCopAnalyzers/blob/master/documentation/SA1200.md) [D:\leaveblackgithub\DDNCadAddins\src\DDNCadAddins\DDNCadAddins\DDNCadAddins.csproj]
D:\leaveblackgithub\DDNCadAddins\src\DDNCadAddins\DDNCadAddins\Commands\XClipTest\XClipTestCreator3.cs(4,1): warning SA1200: Using directive should appear within a namespace declaration (https://github.com/DotNetAnalyzers/StyleCopAnalyzers/blob/master/documentation/SA1200.md) [D:\leaveblackgithub\DDNCadAddins\src\DDNCadAddins\DDNCadAddins\DDNCadAddins.csproj]
D:\leaveblackgithub\DDNCadAddins\src\DDNCadAddins\DDNCadAddins\Commands\XClipTest\XClipTestCreator3.cs(5,1): warning SA1200: Using directive should appear within a namespace declaration (https://github.com/DotNetAnalyzers/StyleCopAnalyzers/blob/master/documentation/SA1200.md) [D:\leaveblackgithub\DDNCadAddins\src\DDNCadAddins\DDNCadAddins\DDNCadAddins.csproj]
D:\leaveblackgithub\DDNCadAddins\src\DDNCadAddins\DDNCadAddins\Commands\XClipTest\XClipTestCreator3.cs(6,1): warning SA1200: Using directive should appear within a namespace declaration (https://github.com/DotNetAnalyzers/StyleCopAnalyzers/blob/master/documentation/SA1200.md) [D:\leaveblackgithub\DDNCadAddins\src\DDNCadAddins\DDNCadAddins\DDNCadAddins.csproj]
D:\leaveblackgithub\DDNCadAddins\src\DDNCadAddins\DDNCadAddins\Commands\XClipTest\XClipTestCreator3.cs(7,1): warning SA1200: Using directive should appear within a namespace declaration (https://github.com/DotNetAnalyzers/StyleCopAnalyzers/blob/master/documentation/SA1200.md) [D:\leaveblackgithub\DDNCadAddins\src\DDNCadAddins\DDNCadAddins\DDNCadAddins.csproj]
D:\leaveblackgithub\DDNCadAddins\src\DDNCadAddins\DDNCadAddins\Commands\XClipTest\XClipTestCreator3.cs(8,1): warning SA1200: Using directive should appear within a namespace declaration (https://github.com/DotNetAnalyzers/StyleCopAnalyzers/blob/master/documentation/SA1200.md) [D:\leaveblackgithub\DDNCadAddins\src\DDNCadAddins\DDNCadAddins\DDNCadAddins.csproj]
D:\leaveblackgithub\DDNCadAddins\src\DDNCadAddins\DDNCadAddins\Commands\XClipTest\XClipTestCreator4.cs(1,1): warning SA1200: Using directive should appear within a namespace declaration (https://github.com/DotNetAnalyzers/StyleCopAnalyzers/blob/master/documentation/SA1200.md) [D:\leaveblackgithub\DDNCadAddins\src\DDNCadAddins\DDNCadAddins\DDNCadAddins.csproj]
D:\leaveblackgithub\DDNCadAddins\src\DDNCadAddins\DDNCadAddins\Commands\XClipTest\XClipTestCreator4.cs(2,1): warning SA1200: Using directive should appear within a namespace declaration (https://github.com/DotNetAnalyzers/StyleCopAnalyzers/blob/master/documentation/SA1200.md) [D:\leaveblackgithub\DDNCadAddins\src\DDNCadAddins\DDNCadAddins\DDNCadAddins.csproj]
D:\leaveblackgithub\DDNCadAddins\src\DDNCadAddins\DDNCadAddins\Commands\XClipTest\XClipTestCreator4.cs(3,1): warning SA1200: Using directive should appear within a namespace declaration (https://github.com/DotNetAnalyzers/StyleCopAnalyzers/blob/master/documentation/SA1200.md) [D:\leaveblackgithub\DDNCadAddins\src\DDNCadAddins\DDNCadAddins\DDNCadAddins.csproj]
D:\leaveblackgithub\DDNCadAddins\src\DDNCadAddins\DDNCadAddins\Commands\XClipTest\XClipTestCreator4.cs(4,1): warning SA1200: Using directive should appear within a namespace declaration (https://github.com/DotNetAnalyzers/StyleCopAnalyzers/blob/master/documentation/SA1200.md) [D:\leaveblackgithub\DDNCadAddins\src\DDNCadAddins\DDNCadAddins\DDNCadAddins.csproj]
D:\leaveblackgithub\DDNCadAddins\src\DDNCadAddins\DDNCadAddins\Commands\XClipTest\XClipTestValidator.cs(1,1): warning SA1200: Using directive should appear within a namespace declaration (https://github.com/DotNetAnalyzers/StyleCopAnalyzers/blob/master/documentation/SA1200.md) [D:\leaveblackgithub\DDNCadAddins\src\DDNCadAddins\DDNCadAddins\DDNCadAddins.csproj]
D:\leaveblackgithub\DDNCadAddins\src\DDNCadAddins\DDNCadAddins\Commands\XClipTest\XClipTestValidator.cs(2,1): warning SA1200: Using directive should appear within a namespace declaration (https://github.com/DotNetAnalyzers/StyleCopAnalyzers/blob/master/documentation/SA1200.md) [D:\leaveblackgithub\DDNCadAddins\src\DDNCadAddins\DDNCadAddins\DDNCadAddins.csproj]
D:\leaveblackgithub\DDNCadAddins\src\DDNCadAddins\DDNCadAddins\Commands\XClipTest\XClipTestValidator.cs(3,1): warning SA1200: Using directive should appear within a namespace declaration (https://github.com/DotNetAnalyzers/StyleCopAnalyzers/blob/master/documentation/SA1200.md) [D:\leaveblackgithub\DDNCadAddins\src\DDNCadAddins\DDNCadAddins\DDNCadAddins.csproj]
D:\leaveblackgithub\DDNCadAddins\src\DDNCadAddins\DDNCadAddins\Commands\XClipTest\XClipTestValidator.cs(4,1): warning SA1200: Using directive should appear within a namespace declaration (https://github.com/DotNetAnalyzers/StyleCopAnalyzers/blob/master/documentation/SA1200.md) [D:\leaveblackgithub\DDNCadAddins\src\DDNCadAddins\DDNCadAddins\DDNCadAddins.csproj]
D:\leaveblackgithub\DDNCadAddins\src\DDNCadAddins\DDNCadAddins\Commands\XClipTest\XClipTestValidator.cs(5,1): warning SA1200: Using directive should appear within a namespace declaration (https://github.com/DotNetAnalyzers/StyleCopAnalyzers/blob/master/documentation/SA1200.md) [D:\leaveblackgithub\DDNCadAddins\src\DDNCadAddins\DDNCadAddins\DDNCadAddins.csproj]
D:\leaveblackgithub\DDNCadAddins\src\DDNCadAddins\DDNCadAddins\Commands\XClipTest\XClipTestValidator.cs(6,1): warning SA1200: Using directive should appear within a namespace declaration (https://github.com/DotNetAnalyzers/StyleCopAnalyzers/blob/master/documentation/SA1200.md) [D:\leaveblackgithub\DDNCadAddins\src\DDNCadAddins\DDNCadAddins\DDNCadAddins.csproj]
D:\leaveblackgithub\DDNCadAddins\src\DDNCadAddins\DDNCadAddins\Commands\XClipTest\XClipTestValidator.cs(7,1): warning SA1200: Using directive should appear within a namespace declaration (https://github.com/DotNetAnalyzers/StyleCopAnalyzers/blob/master/documentation/SA1200.md) [D:\leaveblackgithub\DDNCadAddins\src\DDNCadAddins\DDNCadAddins\DDNCadAddins.csproj]
D:\leaveblackgithub\DDNCadAddins\src\DDNCadAddins\DDNCadAddins\Commands\TestRunner.cs(1,1): warning SA1200: Using directive should appear within a namespace declaration (https://github.com/DotNetAnalyzers/StyleCopAnalyzers/blob/master/documentation/SA1200.md) [D:\leaveblackgithub\DDNCadAddins\src\DDNCadAddins\DDNCadAddins\DDNCadAddins.csproj]
D:\leaveblackgithub\DDNCadAddins\src\DDNCadAddins\DDNCadAddins\Commands\TestRunner.cs(2,1): warning SA1200: Using directive should appear within a namespace declaration (https://github.com/DotNetAnalyzers/StyleCopAnalyzers/blob/master/documentation/SA1200.md) [D:\leaveblackgithub\DDNCadAddins\src\DDNCadAddins\DDNCadAddins\DDNCadAddins.csproj]
D:\leaveblackgithub\DDNCadAddins\src\DDNCadAddins\DDNCadAddins\Commands\TestRunner.cs(3,1): warning SA1200: Using directive should appear within a namespace declaration (https://github.com/DotNetAnalyzers/StyleCopAnalyzers/blob/master/documentation/SA1200.md) [D:\leaveblackgithub\DDNCadAddins\src\DDNCadAddins\DDNCadAddins\DDNCadAddins.csproj]
D:\leaveblackgithub\DDNCadAddins\src\DDNCadAddins\DDNCadAddins\Commands\TestRunner.cs(4,1): warning SA1200: Using directive should appear within a namespace declaration (https://github.com/DotNetAnalyzers/StyleCopAnalyzers/blob/master/documentation/SA1200.md) [D:\leaveblackgithub\DDNCadAddins\src\DDNCadAddins\DDNCadAddins\DDNCadAddins.csproj]
D:\leaveblackgithub\DDNCadAddins\src\DDNCadAddins\DDNCadAddins\Commands\TestRunner.cs(5,1): warning SA1200: Using directive should appear within a namespace declaration (https://github.com/DotNetAnalyzers/StyleCopAnalyzers/blob/master/documentation/SA1200.md) [D:\leaveblackgithub\DDNCadAddins\src\DDNCadAddins\DDNCadAddins\DDNCadAddins.csproj]
D:\leaveblackgithub\DDNCadAddins\src\DDNCadAddins\DDNCadAddins\Commands\CommandBase.cs(25,36): warning SA1201: A field should not follow a property (https://github.com/DotNetAnalyzers/StyleCopAnalyzers/blob/master/documentation/SA1201.md) [D:\leaveblackgithub\DDNCadAddins\src\DDNCadAddins\DDNCadAddins\DDNCadAddins.csproj]
D:\leaveblackgithub\DDNCadAddins\src\DDNCadAddins\DDNCadAddins\Commands\TestRunner.cs(6,1): warning SA1200: Using directive should appear within a namespace declaration (https://github.com/DotNetAnalyzers/StyleCopAnalyzers/blob/master/documentation/SA1200.md) [D:\leaveblackgithub\DDNCadAddins\src\DDNCadAddins\DDNCadAddins\DDNCadAddins.csproj]
D:\leaveblackgithub\DDNCadAddins\src\DDNCadAddins\DDNCadAddins\Commands\TestRunner.cs(7,1): warning SA1200: Using directive should appear within a namespace declaration (https://github.com/DotNetAnalyzers/StyleCopAnalyzers/blob/master/documentation/SA1200.md) [D:\leaveblackgithub\DDNCadAddins\src\DDNCadAddins\DDNCadAddins\DDNCadAddins.csproj]
D:\leaveblackgithub\DDNCadAddins\src\DDNCadAddins\DDNCadAddins\Commands\TestRunner.cs(8,1): warning SA1200: Using directive should appear within a namespace declaration (https://github.com/DotNetAnalyzers/StyleCopAnalyzers/blob/master/documentation/SA1200.md) [D:\leaveblackgithub\DDNCadAddins\src\DDNCadAddins\DDNCadAddins\DDNCadAddins.csproj]
D:\leaveblackgithub\DDNCadAddins\src\DDNCadAddins\DDNCadAddins\Commands\TestRunner.cs(9,1): warning SA1200: Using directive should appear within a namespace declaration (https://github.com/DotNetAnalyzers/StyleCopAnalyzers/blob/master/documentation/SA1200.md) [D:\leaveblackgithub\DDNCadAddins\src\DDNCadAddins\DDNCadAddins\DDNCadAddins.csproj]
D:\leaveblackgithub\DDNCadAddins\src\DDNCadAddins\DDNCadAddins\Commands\TestRunner.cs(10,1): warning SA1200: Using directive should appear within a namespace declaration (https://github.com/DotNetAnalyzers/StyleCopAnalyzers/blob/master/documentation/SA1200.md) [D:\leaveblackgithub\DDNCadAddins\src\DDNCadAddins\DDNCadAddins\DDNCadAddins.csproj]
D:\leaveblackgithub\DDNCadAddins\src\DDNCadAddins\DDNCadAddins\Commands\TestRunner.cs(11,1): warning SA1200: Using directive should appear within a namespace declaration (https://github.com/DotNetAnalyzers/StyleCopAnalyzers/blob/master/documentation/SA1200.md) [D:\leaveblackgithub\DDNCadAddins\src\DDNCadAddins\DDNCadAddins\DDNCadAddins.csproj]
D:\leaveblackgithub\DDNCadAddins\src\DDNCadAddins\DDNCadAddins\Commands\TestRunner.cs(12,1): warning SA1200: Using directive should appear within a namespace declaration (https://github.com/DotNetAnalyzers/StyleCopAnalyzers/blob/master/documentation/SA1200.md) [D:\leaveblackgithub\DDNCadAddins\src\DDNCadAddins\DDNCadAddins\DDNCadAddins.csproj]
D:\leaveblackgithub\DDNCadAddins\src\DDNCadAddins\DDNCadAddins\Commands\TestRunner.cs(13,1): warning SA1200: Using directive should appear within a namespace declaration (https://github.com/DotNetAnalyzers/StyleCopAnalyzers/blob/master/documentation/SA1200.md) [D:\leaveblackgithub\DDNCadAddins\src\DDNCadAddins\DDNCadAddins\DDNCadAddins.csproj]
D:\leaveblackgithub\DDNCadAddins\src\DDNCadAddins\DDNCadAddins\Commands\TestRunner.cs(14,1): warning SA1200: Using directive should appear within a namespace declaration (https://github.com/DotNetAnalyzers/StyleCopAnalyzers/blob/master/documentation/SA1200.md) [D:\leaveblackgithub\DDNCadAddins\src\DDNCadAddins\DDNCadAddins\DDNCadAddins.csproj]
D:\leaveblackgithub\DDNCadAddins\src\DDNCadAddins\DDNCadAddins\Commands\TestRunner.cs(16,1): warning SA1200: Using directive should appear within a namespace declaration (https://github.com/DotNetAnalyzers/StyleCopAnalyzers/blob/master/documentation/SA1200.md) [D:\leaveblackgithub\DDNCadAddins\src\DDNCadAddins\DDNCadAddins\DDNCadAddins.csproj]
D:\leaveblackgithub\DDNCadAddins\src\DDNCadAddins\DDNCadAddins\Commands\TestRunner.cs(17,1): warning SA1200: Using directive should appear within a namespace declaration (https://github.com/DotNetAnalyzers/StyleCopAnalyzers/blob/master/documentation/SA1200.md) [D:\leaveblackgithub\DDNCadAddins\src\DDNCadAddins\DDNCadAddins\DDNCadAddins.csproj]
D:\leaveblackgithub\DDNCadAddins\src\DDNCadAddins\DDNCadAddins\Commands\TestRunner.cs(18,1): warning SA1200: Using directive should appear within a namespace declaration (https://github.com/DotNetAnalyzers/StyleCopAnalyzers/blob/master/documentation/SA1200.md) [D:\leaveblackgithub\DDNCadAddins\src\DDNCadAddins\DDNCadAddins\DDNCadAddins.csproj]
D:\leaveblackgithub\DDNCadAddins\src\DDNCadAddins\DDNCadAddins\Commands\TestRunner.cs(19,1): warning SA1200: Using directive should appear within a namespace declaration (https://github.com/DotNetAnalyzers/StyleCopAnalyzers/blob/master/documentation/SA1200.md) [D:\leaveblackgithub\DDNCadAddins\src\DDNCadAddins\DDNCadAddins\DDNCadAddins.csproj]
D:\leaveblackgithub\DDNCadAddins\src\DDNCadAddins\DDNCadAddins\Commands\TestRunner.cs(20,1): warning SA1200: Using directive should appear within a namespace declaration (https://github.com/DotNetAnalyzers/StyleCopAnalyzers/blob/master/documentation/SA1200.md) [D:\leaveblackgithub\DDNCadAddins\src\DDNCadAddins\DDNCadAddins\DDNCadAddins.csproj]
D:\leaveblackgithub\DDNCadAddins\src\DDNCadAddins\DDNCadAddins\Models\OpResult.cs(31,16): warning SA1201: A constructor should not follow a property (https://github.com/DotNetAnalyzers/StyleCopAnalyzers/blob/master/documentation/SA1201.md) [D:\leaveblackgithub\DDNCadAddins\src\DDNCadAddins\DDNCadAddins\DDNCadAddins.csproj]
D:\leaveblackgithub\DDNCadAddins\src\DDNCadAddins\DDNCadAddins\Commands\TestRunner.cs(17,1): warning SA1209: Using alias directives should be placed after all using namespace directives. (https://github.com/DotNetAnalyzers/StyleCopAnalyzers/blob/master/documentation/SA1209.md) [D:\leaveblackgithub\DDNCadAddins\src\DDNCadAddins\DDNCadAddins\DDNCadAddins.csproj]
D:\leaveblackgithub\DDNCadAddins\src\DDNCadAddins\DDNCadAddins\Commands\TestRunner.cs(10,1): warning SA1210: Using directives should be ordered alphabetically by the namespaces. (https://github.com/DotNetAnalyzers/StyleCopAnalyzers/blob/master/documentation/SA1210.md) [D:\leaveblackgithub\DDNCadAddins\src\DDNCadAddins\DDNCadAddins\DDNCadAddins.csproj]
D:\leaveblackgithub\DDNCadAddins\src\DDNCadAddins\DDNCadAddins\Commands\TestRunner.cs(11,1): warning SA1210: Using directives should be ordered alphabetically by the namespaces. (https://github.com/DotNetAnalyzers/StyleCopAnalyzers/blob/master/documentation/SA1210.md) [D:\leaveblackgithub\DDNCadAddins\src\DDNCadAddins\DDNCadAddins\DDNCadAddins.csproj]
D:\leaveblackgithub\DDNCadAddins\src\DDNCadAddins\DDNCadAddins\DDNCadAppLoader.cs(75,35): warning SA1201: A method should not follow a class (https://github.com/DotNetAnalyzers/StyleCopAnalyzers/blob/master/documentation/SA1201.md) [D:\leaveblackgithub\DDNCadAddins\src\DDNCadAddins\DDNCadAddins\DDNCadAddins.csproj]
D:\leaveblackgithub\DDNCadAddins\src\DDNCadAddins\DDNCadAddins\Commands\TestRunner.cs(5,1): warning SA1210: Using directives should be ordered alphabetically by the namespaces. (https://github.com/DotNetAnalyzers/StyleCopAnalyzers/blob/master/documentation/SA1210.md) [D:\leaveblackgithub\DDNCadAddins\src\DDNCadAddins\DDNCadAddins\DDNCadAddins.csproj]
D:\leaveblackgithub\DDNCadAddins\src\DDNCadAddins\DDNCadAddins\Commands\TestRunner.cs(6,1): warning SA1210: Using directives should be ordered alphabetically by the namespaces. (https://github.com/DotNetAnalyzers/StyleCopAnalyzers/blob/master/documentation/SA1210.md) [D:\leaveblackgithub\DDNCadAddins\src\DDNCadAddins\DDNCadAddins\DDNCadAddins.csproj]
D:\leaveblackgithub\DDNCadAddins\src\DDNCadAddins\DDNCadAddins\Models\OpResult.cs(55,16): warning SA1201: A constructor should not follow a property (https://github.com/DotNetAnalyzers/StyleCopAnalyzers/blob/master/documentation/SA1201.md) [D:\leaveblackgithub\DDNCadAddins\src\DDNCadAddins\DDNCadAddins\DDNCadAddins.csproj]
D:\leaveblackgithub\DDNCadAddins\src\DDNCadAddins\DDNCadAddins\Commands\TestRunner.cs(16,1): warning SA1211: Using alias directive for 'AcadApp' should appear before using alias directive for 'Application' (https://github.com/DotNetAnalyzers/StyleCopAnalyzers/blob/master/documentation/SA1211.md) [D:\leaveblackgithub\DDNCadAddins\src\DDNCadAddins\DDNCadAddins\DDNCadAddins.csproj]
D:\leaveblackgithub\DDNCadAddins\src\DDNCadAddins\DDNCadAddins\DDNCadAppLoader.cs(1,1): warning SA1200: Using directive should appear within a namespace declaration (https://github.com/DotNetAnalyzers/StyleCopAnalyzers/blob/master/documentation/SA1200.md) [D:\leaveblackgithub\DDNCadAddins\src\DDNCadAddins\DDNCadAddins\DDNCadAddins.csproj]
D:\leaveblackgithub\DDNCadAddins\src\DDNCadAddins\DDNCadAddins\DDNCadAppLoader.cs(2,1): warning SA1200: Using directive should appear within a namespace declaration (https://github.com/DotNetAnalyzers/StyleCopAnalyzers/blob/master/documentation/SA1200.md) [D:\leaveblackgithub\DDNCadAddins\src\DDNCadAddins\DDNCadAddins\DDNCadAddins.csproj]
D:\leaveblackgithub\DDNCadAddins\src\DDNCadAddins\DDNCadAddins\DDNCadAppLoader.cs(3,1): warning SA1200: Using directive should appear within a namespace declaration (https://github.com/DotNetAnalyzers/StyleCopAnalyzers/blob/master/documentation/SA1200.md) [D:\leaveblackgithub\DDNCadAddins\src\DDNCadAddins\DDNCadAddins\DDNCadAddins.csproj]
D:\leaveblackgithub\DDNCadAddins\src\DDNCadAddins\DDNCadAddins\DDNCadAppLoader.cs(4,1): warning SA1200: Using directive should appear within a namespace declaration (https://github.com/DotNetAnalyzers/StyleCopAnalyzers/blob/master/documentation/SA1200.md) [D:\leaveblackgithub\DDNCadAddins\src\DDNCadAddins\DDNCadAddins\DDNCadAddins.csproj]
D:\leaveblackgithub\DDNCadAddins\src\DDNCadAddins\DDNCadAddins\DDNCadAppLoader.cs(5,1): warning SA1200: Using directive should appear within a namespace declaration (https://github.com/DotNetAnalyzers/StyleCopAnalyzers/blob/master/documentation/SA1200.md) [D:\leaveblackgithub\DDNCadAddins\src\DDNCadAddins\DDNCadAddins\DDNCadAddins.csproj]
D:\leaveblackgithub\DDNCadAddins\src\DDNCadAddins\DDNCadAddins\DDNCadAppLoader.cs(6,1): warning SA1200: Using directive should appear within a namespace declaration (https://github.com/DotNetAnalyzers/StyleCopAnalyzers/blob/master/documentation/SA1200.md) [D:\leaveblackgithub\DDNCadAddins\src\DDNCadAddins\DDNCadAddins\DDNCadAddins.csproj]
D:\leaveblackgithub\DDNCadAddins\src\DDNCadAddins\DDNCadAddins\Infrastructure\FileLogger.cs(174,30): warning SA1202: 'public' members should come before 'private' members (https://github.com/DotNetAnalyzers/StyleCopAnalyzers/blob/master/documentation/SA1202.md) [D:\leaveblackgithub\DDNCadAddins\src\DDNCadAddins\DDNCadAddins\DDNCadAddins.csproj]
D:\leaveblackgithub\DDNCadAddins\src\DDNCadAddins\DDNCadAddins\DDNCadAppLoader.cs(5,1): warning SA1210: Using directives should be ordered alphabetically by the namespaces. (https://github.com/DotNetAnalyzers/StyleCopAnalyzers/blob/master/documentation/SA1210.md) [D:\leaveblackgithub\DDNCadAddins\src\DDNCadAddins\DDNCadAddins\DDNCadAddins.csproj]
D:\leaveblackgithub\DDNCadAddins\src\DDNCadAddins\DDNCadAddins\DDNCadAppLoader.cs(2,1): warning SA1210: Using directives should be ordered alphabetically by the namespaces. (https://github.com/DotNetAnalyzers/StyleCopAnalyzers/blob/master/documentation/SA1210.md) [D:\leaveblackgithub\DDNCadAddins\src\DDNCadAddins\DDNCadAddins\DDNCadAddins.csproj]
D:\leaveblackgithub\DDNCadAddins\src\DDNCadAddins\DDNCadAddins\Infrastructure\AcadUserMessageService.cs(38,21): warning SA1202: 'public' members should come before 'private' members (https://github.com/DotNetAnalyzers/StyleCopAnalyzers/blob/master/documentation/SA1202.md) [D:\leaveblackgithub\DDNCadAddins\src\DDNCadAddins\DDNCadAddins\DDNCadAddins.csproj]
D:\leaveblackgithub\DDNCadAddins\src\DDNCadAddins\DDNCadAddins\Services\AcadUserInterfaceService.cs(48,25): warning SA1202: 'public' members should come before 'private' members (https://github.com/DotNetAnalyzers/StyleCopAnalyzers/blob/master/documentation/SA1202.md) [D:\leaveblackgithub\DDNCadAddins\src\DDNCadAddins\DDNCadAddins\DDNCadAddins.csproj]
D:\leaveblackgithub\DDNCadAddins\src\DDNCadAddins\DDNCadAddins\Infrastructure\AcadUserMessageService.cs(1,1): warning SA1200: Using directive should appear within a namespace declaration (https://github.com/DotNetAnalyzers/StyleCopAnalyzers/blob/master/documentation/SA1200.md) [D:\leaveblackgithub\DDNCadAddins\src\DDNCadAddins\DDNCadAddins\DDNCadAddins.csproj]
D:\leaveblackgithub\DDNCadAddins\src\DDNCadAddins\DDNCadAddins\Infrastructure\AcadUserMessageService.cs(2,1): warning SA1200: Using directive should appear within a namespace declaration (https://github.com/DotNetAnalyzers/StyleCopAnalyzers/blob/master/documentation/SA1200.md) [D:\leaveblackgithub\DDNCadAddins\src\DDNCadAddins\DDNCadAddins\DDNCadAddins.csproj]
D:\leaveblackgithub\DDNCadAddins\src\DDNCadAddins\DDNCadAddins\Infrastructure\AcadUserMessageService.cs(3,1): warning SA1200: Using directive should appear within a namespace declaration (https://github.com/DotNetAnalyzers/StyleCopAnalyzers/blob/master/documentation/SA1200.md) [D:\leaveblackgithub\DDNCadAddins\src\DDNCadAddins\DDNCadAddins\DDNCadAddins.csproj]
D:\leaveblackgithub\DDNCadAddins\src\DDNCadAddins\DDNCadAddins\Infrastructure\AcadUserMessageService.cs(5,1): warning SA1200: Using directive should appear within a namespace declaration (https://github.com/DotNetAnalyzers/StyleCopAnalyzers/blob/master/documentation/SA1200.md) [D:\leaveblackgithub\DDNCadAddins\src\DDNCadAddins\DDNCadAddins\DDNCadAddins.csproj]
D:\leaveblackgithub\DDNCadAddins\src\DDNCadAddins\DDNCadAddins\Infrastructure\FileLogger.cs(30,30): warning SA1204: Static members should appear before non-static members (https://github.com/DotNetAnalyzers/StyleCopAnalyzers/blob/master/documentation/SA1204.md) [D:\leaveblackgithub\DDNCadAddins\src\DDNCadAddins\DDNCadAddins\DDNCadAddins.csproj]
D:\leaveblackgithub\DDNCadAddins\src\DDNCadAddins\DDNCadAddins\Infrastructure\EmptyLogger.cs(1,1): warning SA1200: Using directive should appear within a namespace declaration (https://github.com/DotNetAnalyzers/StyleCopAnalyzers/blob/master/documentation/SA1200.md) [D:\leaveblackgithub\DDNCadAddins\src\DDNCadAddins\DDNCadAddins\DDNCadAddins.csproj]
D:\leaveblackgithub\DDNCadAddins\src\DDNCadAddins\DDNCadAddins\Infrastructure\FileLogger.cs(1,1): warning SA1200: Using directive should appear within a namespace declaration (https://github.com/DotNetAnalyzers/StyleCopAnalyzers/blob/master/documentation/SA1200.md) [D:\leaveblackgithub\DDNCadAddins\src\DDNCadAddins\DDNCadAddins\DDNCadAddins.csproj]
D:\leaveblackgithub\DDNCadAddins\src\DDNCadAddins\DDNCadAddins\Infrastructure\FileLogger.cs(2,1): warning SA1200: Using directive should appear within a namespace declaration (https://github.com/DotNetAnalyzers/StyleCopAnalyzers/blob/master/documentation/SA1200.md) [D:\leaveblackgithub\DDNCadAddins\src\DDNCadAddins\DDNCadAddins\DDNCadAddins.csproj]
D:\leaveblackgithub\DDNCadAddins\src\DDNCadAddins\DDNCadAddins\Infrastructure\FileLogger.cs(3,1): warning SA1200: Using directive should appear within a namespace declaration (https://github.com/DotNetAnalyzers/StyleCopAnalyzers/blob/master/documentation/SA1200.md) [D:\leaveblackgithub\DDNCadAddins\src\DDNCadAddins\DDNCadAddins\DDNCadAddins.csproj]
D:\leaveblackgithub\DDNCadAddins\src\DDNCadAddins\DDNCadAddins\Infrastructure\FileLogger.cs(4,1): warning SA1200: Using directive should appear within a namespace declaration (https://github.com/DotNetAnalyzers/StyleCopAnalyzers/blob/master/documentation/SA1200.md) [D:\leaveblackgithub\DDNCadAddins\src\DDNCadAddins\DDNCadAddins\DDNCadAddins.csproj]
D:\leaveblackgithub\DDNCadAddins\src\DDNCadAddins\DDNCadAddins\Infrastructure\FileLogger.cs(5,1): warning SA1200: Using directive should appear within a namespace declaration (https://github.com/DotNetAnalyzers/StyleCopAnalyzers/blob/master/documentation/SA1200.md) [D:\leaveblackgithub\DDNCadAddins\src\DDNCadAddins\DDNCadAddins\DDNCadAddins.csproj]
D:\leaveblackgithub\DDNCadAddins\src\DDNCadAddins\DDNCadAddins\Infrastructure\FileLogger.cs(6,1): warning SA1200: Using directive should appear within a namespace declaration (https://github.com/DotNetAnalyzers/StyleCopAnalyzers/blob/master/documentation/SA1200.md) [D:\leaveblackgithub\DDNCadAddins\src\DDNCadAddins\DDNCadAddins\DDNCadAddins.csproj]
D:\leaveblackgithub\DDNCadAddins\src\DDNCadAddins\DDNCadAddins\Infrastructure\FileLogger.cs(8,1): warning SA1200: Using directive should appear within a namespace declaration (https://github.com/DotNetAnalyzers/StyleCopAnalyzers/blob/master/documentation/SA1200.md) [D:\leaveblackgithub\DDNCadAddins\src\DDNCadAddins\DDNCadAddins\DDNCadAddins.csproj]
D:\leaveblackgithub\DDNCadAddins\src\DDNCadAddins\DDNCadAddins\Infrastructure\FileLogger.cs(3,1): warning SA1210: Using directives should be ordered alphabetically by the namespaces. (https://github.com/DotNetAnalyzers/StyleCopAnalyzers/blob/master/documentation/SA1210.md) [D:\leaveblackgithub\DDNCadAddins\src\DDNCadAddins\DDNCadAddins\DDNCadAddins.csproj]
D:\leaveblackgithub\DDNCadAddins\src\DDNCadAddins\DDNCadAddins\Infrastructure\ILogger.cs(1,1): warning SA1200: Using directive should appear within a namespace declaration (https://github.com/DotNetAnalyzers/StyleCopAnalyzers/blob/master/documentation/SA1200.md) [D:\leaveblackgithub\DDNCadAddins\src\DDNCadAddins\DDNCadAddins\DDNCadAddins.csproj]
D:\leaveblackgithub\DDNCadAddins\src\DDNCadAddins\DDNCadAddins\Infrastructure\IUserMessageService.cs(1,1): warning SA1200: Using directive should appear within a namespace declaration (https://github.com/DotNetAnalyzers/StyleCopAnalyzers/blob/master/documentation/SA1200.md) [D:\leaveblackgithub\DDNCadAddins\src\DDNCadAddins\DDNCadAddins\DDNCadAddins.csproj]
D:\leaveblackgithub\DDNCadAddins\src\DDNCadAddins\DDNCadAddins\Infrastructure\ServiceLocator.cs(1,1): warning SA1200: Using directive should appear within a namespace declaration (https://github.com/DotNetAnalyzers/StyleCopAnalyzers/blob/master/documentation/SA1200.md) [D:\leaveblackgithub\DDNCadAddins\src\DDNCadAddins\DDNCadAddins\DDNCadAddins.csproj]
D:\leaveblackgithub\DDNCadAddins\src\DDNCadAddins\DDNCadAddins\Infrastructure\ServiceLocator.cs(2,1): warning SA1200: Using directive should appear within a namespace declaration (https://github.com/DotNetAnalyzers/StyleCopAnalyzers/blob/master/documentation/SA1200.md) [D:\leaveblackgithub\DDNCadAddins\src\DDNCadAddins\DDNCadAddins\DDNCadAddins.csproj]
D:\leaveblackgithub\DDNCadAddins\src\DDNCadAddins\DDNCadAddins\Infrastructure\ServiceLocator.cs(3,1): warning SA1200: Using directive should appear within a namespace declaration (https://github.com/DotNetAnalyzers/StyleCopAnalyzers/blob/master/documentation/SA1200.md) [D:\leaveblackgithub\DDNCadAddins\src\DDNCadAddins\DDNCadAddins\DDNCadAddins.csproj]
D:\leaveblackgithub\DDNCadAddins\src\DDNCadAddins\DDNCadAddins\Infrastructure\ServiceLocator.cs(4,1): warning SA1200: Using directive should appear within a namespace declaration (https://github.com/DotNetAnalyzers/StyleCopAnalyzers/blob/master/documentation/SA1200.md) [D:\leaveblackgithub\DDNCadAddins\src\DDNCadAddins\DDNCadAddins\DDNCadAddins.csproj]
D:\leaveblackgithub\DDNCadAddins\src\DDNCadAddins\DDNCadAddins\Infrastructure\ServiceLocator.cs(3,1): warning SA1208: Using directive for 'System.Collections.Generic' should appear before directive for 'DDNCadAddins.Services' (https://github.com/DotNetAnalyzers/StyleCopAnalyzers/blob/master/documentation/SA1208.md) [D:\leaveblackgithub\DDNCadAddins\src\DDNCadAddins\DDNCadAddins\DDNCadAddins.csproj]
D:\leaveblackgithub\DDNCadAddins\src\DDNCadAddins\DDNCadAddins\Infrastructure\ServiceLocator.cs(4,1): warning SA1208: Using directive for 'System.Reflection' should appear before directive for 'DDNCadAddins.Services' (https://github.com/DotNetAnalyzers/StyleCopAnalyzers/blob/master/documentation/SA1208.md) [D:\leaveblackgithub\DDNCadAddins\src\DDNCadAddins\DDNCadAddins\DDNCadAddins.csproj]
D:\leaveblackgithub\DDNCadAddins\src\DDNCadAddins\DDNCadAddins\Models\OpResult.cs(1,1): warning SA1200: Using directive should appear within a namespace declaration (https://github.com/DotNetAnalyzers/StyleCopAnalyzers/blob/master/documentation/SA1200.md) [D:\leaveblackgithub\DDNCadAddins\src\DDNCadAddins\DDNCadAddins\DDNCadAddins.csproj]
D:\leaveblackgithub\DDNCadAddins\src\DDNCadAddins\DDNCadAddins\Models\OpResult.cs(2,1): warning SA1200: Using directive should appear within a namespace declaration (https://github.com/DotNetAnalyzers/StyleCopAnalyzers/blob/master/documentation/SA1200.md) [D:\leaveblackgithub\DDNCadAddins\src\DDNCadAddins\DDNCadAddins\DDNCadAddins.csproj]
D:\leaveblackgithub\DDNCadAddins\src\DDNCadAddins\DDNCadAddins\Models\OperationResult.cs(1,1): warning SA1200: Using directive should appear within a namespace declaration (https://github.com/DotNetAnalyzers/StyleCopAnalyzers/blob/master/documentation/SA1200.md) [D:\leaveblackgithub\DDNCadAddins\src\DDNCadAddins\DDNCadAddins\DDNCadAddins.csproj]
D:\leaveblackgithub\DDNCadAddins\src\DDNCadAddins\DDNCadAddins\Models\XClippedBlockInfo.cs(1,1): warning SA1200: Using directive should appear within a namespace declaration (https://github.com/DotNetAnalyzers/StyleCopAnalyzers/blob/master/documentation/SA1200.md) [D:\leaveblackgithub\DDNCadAddins\src\DDNCadAddins\DDNCadAddins\DDNCadAddins.csproj]
D:\leaveblackgithub\DDNCadAddins\src\DDNCadAddins\DDNCadAddins\Services\AcadUserInterfaceService.cs(1,1): warning SA1200: Using directive should appear within a namespace declaration (https://github.com/DotNetAnalyzers/StyleCopAnalyzers/blob/master/documentation/SA1200.md) [D:\leaveblackgithub\DDNCadAddins\src\DDNCadAddins\DDNCadAddins\DDNCadAddins.csproj]
D:\leaveblackgithub\DDNCadAddins\src\DDNCadAddins\DDNCadAddins\Services\AcadUserInterfaceService.cs(2,1): warning SA1200: Using directive should appear within a namespace declaration (https://github.com/DotNetAnalyzers/StyleCopAnalyzers/blob/master/documentation/SA1200.md) [D:\leaveblackgithub\DDNCadAddins\src\DDNCadAddins\DDNCadAddins\DDNCadAddins.csproj]
D:\leaveblackgithub\DDNCadAddins\src\DDNCadAddins\DDNCadAddins\Services\AcadUserInterfaceService.cs(3,1): warning SA1200: Using directive should appear within a namespace declaration (https://github.com/DotNetAnalyzers/StyleCopAnalyzers/blob/master/documentation/SA1200.md) [D:\leaveblackgithub\DDNCadAddins\src\DDNCadAddins\DDNCadAddins\DDNCadAddins.csproj]
D:\leaveblackgithub\DDNCadAddins\src\DDNCadAddins\DDNCadAddins\Services\AcadUserInterfaceService.cs(4,1): warning SA1200: Using directive should appear within a namespace declaration (https://github.com/DotNetAnalyzers/StyleCopAnalyzers/blob/master/documentation/SA1200.md) [D:\leaveblackgithub\DDNCadAddins\src\DDNCadAddins\DDNCadAddins\DDNCadAddins.csproj]
D:\leaveblackgithub\DDNCadAddins\src\DDNCadAddins\DDNCadAddins\Services\AcadUserInterfaceService.cs(5,1): warning SA1200: Using directive should appear within a namespace declaration (https://github.com/DotNetAnalyzers/StyleCopAnalyzers/blob/master/documentation/SA1200.md) [D:\leaveblackgithub\DDNCadAddins\src\DDNCadAddins\DDNCadAddins\DDNCadAddins.csproj]
D:\leaveblackgithub\DDNCadAddins\src\DDNCadAddins\DDNCadAddins\Services\AcadUserInterfaceService.cs(6,1): warning SA1200: Using directive should appear within a namespace declaration (https://github.com/DotNetAnalyzers/StyleCopAnalyzers/blob/master/documentation/SA1200.md) [D:\leaveblackgithub\DDNCadAddins\src\DDNCadAddins\DDNCadAddins\DDNCadAddins.csproj]
D:\leaveblackgithub\DDNCadAddins\src\DDNCadAddins\DDNCadAddins\Services\AcadUserInterfaceService.cs(7,1): warning SA1200: Using directive should appear within a namespace declaration (https://github.com/DotNetAnalyzers/StyleCopAnalyzers/blob/master/documentation/SA1200.md) [D:\leaveblackgithub\DDNCadAddins\src\DDNCadAddins\DDNCadAddins\DDNCadAddins.csproj]
D:\leaveblackgithub\DDNCadAddins\src\DDNCadAddins\DDNCadAddins\Services\AcadUserInterfaceService.cs(8,1): warning SA1200: Using directive should appear within a namespace declaration (https://github.com/DotNetAnalyzers/StyleCopAnalyzers/blob/master/documentation/SA1200.md) [D:\leaveblackgithub\DDNCadAddins\src\DDNCadAddins\DDNCadAddins\DDNCadAddins.csproj]
D:\leaveblackgithub\DDNCadAddins\src\DDNCadAddins\DDNCadAddins\Services\AcadUserInterfaceService.cs(9,1): warning SA1200: Using directive should appear within a namespace declaration (https://github.com/DotNetAnalyzers/StyleCopAnalyzers/blob/master/documentation/SA1200.md) [D:\leaveblackgithub\DDNCadAddins\src\DDNCadAddins\DDNCadAddins\DDNCadAddins.csproj]
D:\leaveblackgithub\DDNCadAddins\src\DDNCadAddins\DDNCadAddins\Services\AcadUserInterfaceService.cs(11,1): warning SA1200: Using directive should appear within a namespace declaration (https://github.com/DotNetAnalyzers/StyleCopAnalyzers/blob/master/documentation/SA1200.md) [D:\leaveblackgithub\DDNCadAddins\src\DDNCadAddins\DDNCadAddins\DDNCadAddins.csproj]
D:\leaveblackgithub\DDNCadAddins\src\DDNCadAddins\DDNCadAddins\Services\AcadUserInterfaceService.cs(12,1): warning SA1200: Using directive should appear within a namespace declaration (https://github.com/DotNetAnalyzers/StyleCopAnalyzers/blob/master/documentation/SA1200.md) [D:\leaveblackgithub\DDNCadAddins\src\DDNCadAddins\DDNCadAddins\DDNCadAddins.csproj]
D:\leaveblackgithub\DDNCadAddins\src\DDNCadAddins\DDNCadAddins\Services\AcadUserInterfaceService.cs(5,1): warning SA1208: Using directive for 'System' should appear before directive for 'DDNCadAddins.Infrastructure' (https://github.com/DotNetAnalyzers/StyleCopAnalyzers/blob/master/documentation/SA1208.md) [D:\leaveblackgithub\DDNCadAddins\src\DDNCadAddins\DDNCadAddins\DDNCadAddins.csproj]
D:\leaveblackgithub\DDNCadAddins\src\DDNCadAddins\DDNCadAddins\Services\AcadUserInterfaceService.cs(6,1): warning SA1208: Using directive for 'System.Collections.Generic' should appear before directive for 'DDNCadAddins.Infrastructure' (https://github.com/DotNetAnalyzers/StyleCopAnalyzers/blob/master/documentation/SA1208.md) [D:\leaveblackgithub\DDNCadAddins\src\DDNCadAddins\DDNCadAddins\DDNCadAddins.csproj]
D:\leaveblackgithub\DDNCadAddins\src\DDNCadAddins\DDNCadAddins\Services\AcadUserInterfaceService.cs(7,1): warning SA1208: Using directive for 'System.Diagnostics' should appear before directive for 'DDNCadAddins.Infrastructure' (https://github.com/DotNetAnalyzers/StyleCopAnalyzers/blob/master/documentation/SA1208.md) [D:\leaveblackgithub\DDNCadAddins\src\DDNCadAddins\DDNCadAddins\DDNCadAddins.csproj]
D:\leaveblackgithub\DDNCadAddins\src\DDNCadAddins\DDNCadAddins\Services\AcadUserInterfaceService.cs(8,1): warning SA1208: Using directive for 'System.IO' should appear before directive for 'DDNCadAddins.Infrastructure' (https://github.com/DotNetAnalyzers/StyleCopAnalyzers/blob/master/documentation/SA1208.md) [D:\leaveblackgithub\DDNCadAddins\src\DDNCadAddins\DDNCadAddins\DDNCadAddins.csproj]
D:\leaveblackgithub\DDNCadAddins\src\DDNCadAddins\DDNCadAddins\Services\AcadUserInterfaceService.cs(9,1): warning SA1208: Using directive for 'System.Windows.Forms' should appear before directive for 'DDNCadAddins.Infrastructure' (https://github.com/DotNetAnalyzers/StyleCopAnalyzers/blob/master/documentation/SA1208.md) [D:\leaveblackgithub\DDNCadAddins\src\DDNCadAddins\DDNCadAddins\DDNCadAddins.csproj]
D:\leaveblackgithub\DDNCadAddins\src\DDNCadAddins\DDNCadAddins\Infrastructure\FileLogger.cs(18,40): warning SA1214: Readonly fields should appear before non-readonly fields (https://github.com/DotNetAnalyzers/StyleCopAnalyzers/blob/master/documentation/SA1214.md) [D:\leaveblackgithub\DDNCadAddins\src\DDNCadAddins\DDNCadAddins\DDNCadAddins.csproj]
D:\leaveblackgithub\DDNCadAddins\src\DDNCadAddins\DDNCadAddins\Services\AcadViewService.cs(1,1): warning SA1200: Using directive should appear within a namespace declaration (https://github.com/DotNetAnalyzers/StyleCopAnalyzers/blob/master/documentation/SA1200.md) [D:\leaveblackgithub\DDNCadAddins\src\DDNCadAddins\DDNCadAddins\DDNCadAddins.csproj]
D:\leaveblackgithub\DDNCadAddins\src\DDNCadAddins\DDNCadAddins\Services\AcadViewService.cs(2,1): warning SA1200: Using directive should appear within a namespace declaration (https://github.com/DotNetAnalyzers/StyleCopAnalyzers/blob/master/documentation/SA1200.md) [D:\leaveblackgithub\DDNCadAddins\src\DDNCadAddins\DDNCadAddins\DDNCadAddins.csproj]
D:\leaveblackgithub\DDNCadAddins\src\DDNCadAddins\DDNCadAddins\Services\AcadViewService.cs(3,1): warning SA1200: Using directive should appear within a namespace declaration (https://github.com/DotNetAnalyzers/StyleCopAnalyzers/blob/master/documentation/SA1200.md) [D:\leaveblackgithub\DDNCadAddins\src\DDNCadAddins\DDNCadAddins\DDNCadAddins.csproj]
D:\leaveblackgithub\DDNCadAddins\src\DDNCadAddins\DDNCadAddins\Services\AcadViewService.cs(4,1): warning SA1200: Using directive should appear within a namespace declaration (https://github.com/DotNetAnalyzers/StyleCopAnalyzers/blob/master/documentation/SA1200.md) [D:\leaveblackgithub\DDNCadAddins\src\DDNCadAddins\DDNCadAddins\DDNCadAddins.csproj]
D:\leaveblackgithub\DDNCadAddins\src\DDNCadAddins\DDNCadAddins\Services\AcadViewService.cs(5,1): warning SA1200: Using directive should appear within a namespace declaration (https://github.com/DotNetAnalyzers/StyleCopAnalyzers/blob/master/documentation/SA1200.md) [D:\leaveblackgithub\DDNCadAddins\src\DDNCadAddins\DDNCadAddins\DDNCadAddins.csproj]
D:\leaveblackgithub\DDNCadAddins\src\DDNCadAddins\DDNCadAddins\Services\AcadViewService.cs(6,1): warning SA1200: Using directive should appear within a namespace declaration (https://github.com/DotNetAnalyzers/StyleCopAnalyzers/blob/master/documentation/SA1200.md) [D:\leaveblackgithub\DDNCadAddins\src\DDNCadAddins\DDNCadAddins\DDNCadAddins.csproj]
D:\leaveblackgithub\DDNCadAddins\src\DDNCadAddins\DDNCadAddins\Services\AcadViewService.cs(7,1): warning SA1200: Using directive should appear within a namespace declaration (https://github.com/DotNetAnalyzers/StyleCopAnalyzers/blob/master/documentation/SA1200.md) [D:\leaveblackgithub\DDNCadAddins\src\DDNCadAddins\DDNCadAddins\DDNCadAddins.csproj]
D:\leaveblackgithub\DDNCadAddins\src\DDNCadAddins\DDNCadAddins\Services\AcadViewService.cs(8,1): warning SA1200: Using directive should appear within a namespace declaration (https://github.com/DotNetAnalyzers/StyleCopAnalyzers/blob/master/documentation/SA1200.md) [D:\leaveblackgithub\DDNCadAddins\src\DDNCadAddins\DDNCadAddins\DDNCadAddins.csproj]
D:\leaveblackgithub\DDNCadAddins\src\DDNCadAddins\DDNCadAddins\Services\AcadViewService.cs(9,1): warning SA1200: Using directive should appear within a namespace declaration (https://github.com/DotNetAnalyzers/StyleCopAnalyzers/blob/master/documentation/SA1200.md) [D:\leaveblackgithub\DDNCadAddins\src\DDNCadAddins\DDNCadAddins\DDNCadAddins.csproj]
D:\leaveblackgithub\DDNCadAddins\src\DDNCadAddins\DDNCadAddins\Services\BlockDataService.cs(1,1): warning SA1200: Using directive should appear within a namespace declaration (https://github.com/DotNetAnalyzers/StyleCopAnalyzers/blob/master/documentation/SA1200.md) [D:\leaveblackgithub\DDNCadAddins\src\DDNCadAddins\DDNCadAddins\DDNCadAddins.csproj]
D:\leaveblackgithub\DDNCadAddins\src\DDNCadAddins\DDNCadAddins\Services\BlockDataService.cs(2,1): warning SA1200: Using directive should appear within a namespace declaration (https://github.com/DotNetAnalyzers/StyleCopAnalyzers/blob/master/documentation/SA1200.md) [D:\leaveblackgithub\DDNCadAddins\src\DDNCadAddins\DDNCadAddins\DDNCadAddins.csproj]
D:\leaveblackgithub\DDNCadAddins\src\DDNCadAddins\DDNCadAddins\Services\BlockDataService.cs(3,1): warning SA1200: Using directive should appear within a namespace declaration (https://github.com/DotNetAnalyzers/StyleCopAnalyzers/blob/master/documentation/SA1200.md) [D:\leaveblackgithub\DDNCadAddins\src\DDNCadAddins\DDNCadAddins\DDNCadAddins.csproj]
D:\leaveblackgithub\DDNCadAddins\src\DDNCadAddins\DDNCadAddins\Services\BlockDataService.cs(4,1): warning SA1200: Using directive should appear within a namespace declaration (https://github.com/DotNetAnalyzers/StyleCopAnalyzers/blob/master/documentation/SA1200.md) [D:\leaveblackgithub\DDNCadAddins\src\DDNCadAddins\DDNCadAddins\DDNCadAddins.csproj]
D:\leaveblackgithub\DDNCadAddins\src\DDNCadAddins\DDNCadAddins\Services\BlockReferenceService.cs(1,1): warning SA1200: Using directive should appear within a namespace declaration (https://github.com/DotNetAnalyzers/StyleCopAnalyzers/blob/master/documentation/SA1200.md) [D:\leaveblackgithub\DDNCadAddins\src\DDNCadAddins\DDNCadAddins\DDNCadAddins.csproj]
D:\leaveblackgithub\DDNCadAddins\src\DDNCadAddins\DDNCadAddins\Services\BlockReferenceService.cs(2,1): warning SA1200: Using directive should appear within a namespace declaration (https://github.com/DotNetAnalyzers/StyleCopAnalyzers/blob/master/documentation/SA1200.md) [D:\leaveblackgithub\DDNCadAddins\src\DDNCadAddins\DDNCadAddins\DDNCadAddins.csproj]
D:\leaveblackgithub\DDNCadAddins\src\DDNCadAddins\DDNCadAddins\Services\BlockReferenceService.cs(3,1): warning SA1200: Using directive should appear within a namespace declaration (https://github.com/DotNetAnalyzers/StyleCopAnalyzers/blob/master/documentation/SA1200.md) [D:\leaveblackgithub\DDNCadAddins\src\DDNCadAddins\DDNCadAddins\DDNCadAddins.csproj]
D:\leaveblackgithub\DDNCadAddins\src\DDNCadAddins\DDNCadAddins\Services\BlockReferenceService.cs(4,1): warning SA1200: Using directive should appear within a namespace declaration (https://github.com/DotNetAnalyzers/StyleCopAnalyzers/blob/master/documentation/SA1200.md) [D:\leaveblackgithub\DDNCadAddins\src\DDNCadAddins\DDNCadAddins\DDNCadAddins.csproj]
D:\leaveblackgithub\DDNCadAddins\src\DDNCadAddins\DDNCadAddins\Services\BlockReferenceService.cs(5,1): warning SA1200: Using directive should appear within a namespace declaration (https://github.com/DotNetAnalyzers/StyleCopAnalyzers/blob/master/documentation/SA1200.md) [D:\leaveblackgithub\DDNCadAddins\src\DDNCadAddins\DDNCadAddins\DDNCadAddins.csproj]
D:\leaveblackgithub\DDNCadAddins\src\DDNCadAddins\DDNCadAddins\Services\BlockReferenceService.cs(6,1): warning SA1200: Using directive should appear within a namespace declaration (https://github.com/DotNetAnalyzers/StyleCopAnalyzers/blob/master/documentation/SA1200.md) [D:\leaveblackgithub\DDNCadAddins\src\DDNCadAddins\DDNCadAddins\DDNCadAddins.csproj]
D:\leaveblackgithub\DDNCadAddins\src\DDNCadAddins\DDNCadAddins\Services\BlockReferenceService.cs(7,1): warning SA1200: Using directive should appear within a namespace declaration (https://github.com/DotNetAnalyzers/StyleCopAnalyzers/blob/master/documentation/SA1200.md) [D:\leaveblackgithub\DDNCadAddins\src\DDNCadAddins\DDNCadAddins\DDNCadAddins.csproj]
D:\leaveblackgithub\DDNCadAddins\src\DDNCadAddins\DDNCadAddins\Services\BlockReferenceService.cs(8,1): warning SA1200: Using directive should appear within a namespace declaration (https://github.com/DotNetAnalyzers/StyleCopAnalyzers/blob/master/documentation/SA1200.md) [D:\leaveblackgithub\DDNCadAddins\src\DDNCadAddins\DDNCadAddins\DDNCadAddins.csproj]
D:\leaveblackgithub\DDNCadAddins\src\DDNCadAddins\DDNCadAddins\Services\CsvExportService.cs(1,1): warning SA1200: Using directive should appear within a namespace declaration (https://github.com/DotNetAnalyzers/StyleCopAnalyzers/blob/master/documentation/SA1200.md) [D:\leaveblackgithub\DDNCadAddins\src\DDNCadAddins\DDNCadAddins\DDNCadAddins.csproj]
D:\leaveblackgithub\DDNCadAddins\src\DDNCadAddins\DDNCadAddins\Services\CsvExportService.cs(2,1): warning SA1200: Using directive should appear within a namespace declaration (https://github.com/DotNetAnalyzers/StyleCopAnalyzers/blob/master/documentation/SA1200.md) [D:\leaveblackgithub\DDNCadAddins\src\DDNCadAddins\DDNCadAddins\DDNCadAddins.csproj]
D:\leaveblackgithub\DDNCadAddins\src\DDNCadAddins\DDNCadAddins\Services\CsvExportService.cs(3,1): warning SA1200: Using directive should appear within a namespace declaration (https://github.com/DotNetAnalyzers/StyleCopAnalyzers/blob/master/documentation/SA1200.md) [D:\leaveblackgithub\DDNCadAddins\src\DDNCadAddins\DDNCadAddins\DDNCadAddins.csproj]
D:\leaveblackgithub\DDNCadAddins\src\DDNCadAddins\DDNCadAddins\Services\CsvExportService.cs(4,1): warning SA1200: Using directive should appear within a namespace declaration (https://github.com/DotNetAnalyzers/StyleCopAnalyzers/blob/master/documentation/SA1200.md) [D:\leaveblackgithub\DDNCadAddins\src\DDNCadAddins\DDNCadAddins\DDNCadAddins.csproj]
D:\leaveblackgithub\DDNCadAddins\src\DDNCadAddins\DDNCadAddins\Services\CsvExportService.cs(5,1): warning SA1200: Using directive should appear within a namespace declaration (https://github.com/DotNetAnalyzers/StyleCopAnalyzers/blob/master/documentation/SA1200.md) [D:\leaveblackgithub\DDNCadAddins\src\DDNCadAddins\DDNCadAddins\DDNCadAddins.csproj]
D:\leaveblackgithub\DDNCadAddins\src\DDNCadAddins\DDNCadAddins\Services\CsvExportService.cs(6,1): warning SA1200: Using directive should appear within a namespace declaration (https://github.com/DotNetAnalyzers/StyleCopAnalyzers/blob/master/documentation/SA1200.md) [D:\leaveblackgithub\DDNCadAddins\src\DDNCadAddins\DDNCadAddins\DDNCadAddins.csproj]
D:\leaveblackgithub\DDNCadAddins\src\DDNCadAddins\DDNCadAddins\Services\CsvExportService.cs(7,1): warning SA1200: Using directive should appear within a namespace declaration (https://github.com/DotNetAnalyzers/StyleCopAnalyzers/blob/master/documentation/SA1200.md) [D:\leaveblackgithub\DDNCadAddins\src\DDNCadAddins\DDNCadAddins\DDNCadAddins.csproj]
D:\leaveblackgithub\DDNCadAddins\src\DDNCadAddins\DDNCadAddins\Services\CsvExportService.cs(8,1): warning SA1200: Using directive should appear within a namespace declaration (https://github.com/DotNetAnalyzers/StyleCopAnalyzers/blob/master/documentation/SA1200.md) [D:\leaveblackgithub\DDNCadAddins\src\DDNCadAddins\DDNCadAddins\DDNCadAddins.csproj]
D:\leaveblackgithub\DDNCadAddins\src\DDNCadAddins\DDNCadAddins\Services\CsvExportService.cs(10,1): warning SA1200: Using directive should appear within a namespace declaration (https://github.com/DotNetAnalyzers/StyleCopAnalyzers/blob/master/documentation/SA1200.md) [D:\leaveblackgithub\DDNCadAddins\src\DDNCadAddins\DDNCadAddins\DDNCadAddins.csproj]
D:\leaveblackgithub\DDNCadAddins\src\DDNCadAddins\DDNCadAddins\Commands\Blk2CsvCommand.cs(26,1): warning SA1028: Code should not contain trailing whitespace (https://github.com/DotNetAnalyzers/StyleCopAnalyzers/blob/master/documentation/SA1028.md) [D:\leaveblackgithub\DDNCadAddins\src\DDNCadAddins\DDNCadAddins\DDNCadAddins.csproj]
D:\leaveblackgithub\DDNCadAddins\src\DDNCadAddins\DDNCadAddins\Commands\Blk2CsvCommand.cs(35,1): warning SA1028: Code should not contain trailing whitespace (https://github.com/DotNetAnalyzers/StyleCopAnalyzers/blob/master/documentation/SA1028.md) [D:\leaveblackgithub\DDNCadAddins\src\DDNCadAddins\DDNCadAddins\DDNCadAddins.csproj]
D:\leaveblackgithub\DDNCadAddins\src\DDNCadAddins\DDNCadAddins\Commands\Blk2CsvCommand.cs(45,1): warning SA1028: Code should not contain trailing whitespace (https://github.com/DotNetAnalyzers/StyleCopAnalyzers/blob/master/documentation/SA1028.md) [D:\leaveblackgithub\DDNCadAddins\src\DDNCadAddins\DDNCadAddins\DDNCadAddins.csproj]
D:\leaveblackgithub\DDNCadAddins\src\DDNCadAddins\DDNCadAddins\Commands\Blk2CsvCommand.cs(55,1): warning SA1028: Code should not contain trailing whitespace (https://github.com/DotNetAnalyzers/StyleCopAnalyzers/blob/master/documentation/SA1028.md) [D:\leaveblackgithub\DDNCadAddins\src\DDNCadAddins\DDNCadAddins\DDNCadAddins.csproj]
D:\leaveblackgithub\DDNCadAddins\src\DDNCadAddins\DDNCadAddins\Commands\Blk2CsvCommand.cs(62,1): warning SA1028: Code should not contain trailing whitespace (https://github.com/DotNetAnalyzers/StyleCopAnalyzers/blob/master/documentation/SA1028.md) [D:\leaveblackgithub\DDNCadAddins\src\DDNCadAddins\DDNCadAddins\DDNCadAddins.csproj]
D:\leaveblackgithub\DDNCadAddins\src\DDNCadAddins\DDNCadAddins\Commands\Blk2CsvCommand.cs(65,1): warning SA1028: Code should not contain trailing whitespace (https://github.com/DotNetAnalyzers/StyleCopAnalyzers/blob/master/documentation/SA1028.md) [D:\leaveblackgithub\DDNCadAddins\src\DDNCadAddins\DDNCadAddins\DDNCadAddins.csproj]
D:\leaveblackgithub\DDNCadAddins\src\DDNCadAddins\DDNCadAddins\Commands\Blk2CsvCommand.cs(68,1): warning SA1028: Code should not contain trailing whitespace (https://github.com/DotNetAnalyzers/StyleCopAnalyzers/blob/master/documentation/SA1028.md) [D:\leaveblackgithub\DDNCadAddins\src\DDNCadAddins\DDNCadAddins\DDNCadAddins.csproj]
D:\leaveblackgithub\DDNCadAddins\src\DDNCadAddins\DDNCadAddins\Commands\Blk2CsvCommand.cs(82,1): warning SA1028: Code should not contain trailing whitespace (https://github.com/DotNetAnalyzers/StyleCopAnalyzers/blob/master/documentation/SA1028.md) [D:\leaveblackgithub\DDNCadAddins\src\DDNCadAddins\DDNCadAddins\DDNCadAddins.csproj]
D:\leaveblackgithub\DDNCadAddins\src\DDNCadAddins\DDNCadAddins\Commands\Blk2CsvCommand.cs(84,1): warning SA1028: Code should not contain trailing whitespace (https://github.com/DotNetAnalyzers/StyleCopAnalyzers/blob/master/documentation/SA1028.md) [D:\leaveblackgithub\DDNCadAddins\src\DDNCadAddins\DDNCadAddins\DDNCadAddins.csproj]
D:\leaveblackgithub\DDNCadAddins\src\DDNCadAddins\DDNCadAddins\Commands\Blk2CsvCommand.cs(93,1): warning SA1028: Code should not contain trailing whitespace (https://github.com/DotNetAnalyzers/StyleCopAnalyzers/blob/master/documentation/SA1028.md) [D:\leaveblackgithub\DDNCadAddins\src\DDNCadAddins\DDNCadAddins\DDNCadAddins.csproj]
D:\leaveblackgithub\DDNCadAddins\src\DDNCadAddins\DDNCadAddins\Commands\Blk2CsvCommand.cs(102,1): warning SA1028: Code should not contain trailing whitespace (https://github.com/DotNetAnalyzers/StyleCopAnalyzers/blob/master/documentation/SA1028.md) [D:\leaveblackgithub\DDNCadAddins\src\DDNCadAddins\DDNCadAddins\DDNCadAddins.csproj]
D:\leaveblackgithub\DDNCadAddins\src\DDNCadAddins\DDNCadAddins\Commands\Blk2CsvCommand.cs(104,1): warning SA1028: Code should not contain trailing whitespace (https://github.com/DotNetAnalyzers/StyleCopAnalyzers/blob/master/documentation/SA1028.md) [D:\leaveblackgithub\DDNCadAddins\src\DDNCadAddins\DDNCadAddins\DDNCadAddins.csproj]
D:\leaveblackgithub\DDNCadAddins\src\DDNCadAddins\DDNCadAddins\Commands\Blk2CsvCommand.cs(107,1): warning SA1028: Code should not contain trailing whitespace (https://github.com/DotNetAnalyzers/StyleCopAnalyzers/blob/master/documentation/SA1028.md) [D:\leaveblackgithub\DDNCadAddins\src\DDNCadAddins\DDNCadAddins\DDNCadAddins.csproj]
D:\leaveblackgithub\DDNCadAddins\src\DDNCadAddins\DDNCadAddins\Commands\Blk2CsvCommand.cs(113,1): warning SA1028: Code should not contain trailing whitespace (https://github.com/DotNetAnalyzers/StyleCopAnalyzers/blob/master/documentation/SA1028.md) [D:\leaveblackgithub\DDNCadAddins\src\DDNCadAddins\DDNCadAddins\DDNCadAddins.csproj]
D:\leaveblackgithub\DDNCadAddins\src\DDNCadAddins\DDNCadAddins\Commands\Blk2CsvCommand.cs(127,1): warning SA1028: Code should not contain trailing whitespace (https://github.com/DotNetAnalyzers/StyleCopAnalyzers/blob/master/documentation/SA1028.md) [D:\leaveblackgithub\DDNCadAddins\src\DDNCadAddins\DDNCadAddins\DDNCadAddins.csproj]
D:\leaveblackgithub\DDNCadAddins\src\DDNCadAddins\DDNCadAddins\Commands\Blk2CsvCommand.cs(130,1): warning SA1028: Code should not contain trailing whitespace (https://github.com/DotNetAnalyzers/StyleCopAnalyzers/blob/master/documentation/SA1028.md) [D:\leaveblackgithub\DDNCadAddins\src\DDNCadAddins\DDNCadAddins\DDNCadAddins.csproj]
D:\leaveblackgithub\DDNCadAddins\src\DDNCadAddins\DDNCadAddins\Commands\Blk2CsvCommand.cs(136,1): warning SA1028: Code should not contain trailing whitespace (https://github.com/DotNetAnalyzers/StyleCopAnalyzers/blob/master/documentation/SA1028.md) [D:\leaveblackgithub\DDNCadAddins\src\DDNCadAddins\DDNCadAddins\DDNCadAddins.csproj]
D:\leaveblackgithub\DDNCadAddins\src\DDNCadAddins\DDNCadAddins\Commands\Blk2CsvCommand.cs(141,1): warning SA1028: Code should not contain trailing whitespace (https://github.com/DotNetAnalyzers/StyleCopAnalyzers/blob/master/documentation/SA1028.md) [D:\leaveblackgithub\DDNCadAddins\src\DDNCadAddins\DDNCadAddins\DDNCadAddins.csproj]
D:\leaveblackgithub\DDNCadAddins\src\DDNCadAddins\DDNCadAddins\Commands\Blk2CsvCommand.cs(145,1): warning SA1028: Code should not contain trailing whitespace (https://github.com/DotNetAnalyzers/StyleCopAnalyzers/blob/master/documentation/SA1028.md) [D:\leaveblackgithub\DDNCadAddins\src\DDNCadAddins\DDNCadAddins\DDNCadAddins.csproj]
D:\leaveblackgithub\DDNCadAddins\src\DDNCadAddins\DDNCadAddins\Commands\Blk2CsvCommand.cs(167,2): warning SA1028: Code should not contain trailing whitespace (https://github.com/DotNetAnalyzers/StyleCopAnalyzers/blob/master/documentation/SA1028.md) [D:\leaveblackgithub\DDNCadAddins\src\DDNCadAddins\DDNCadAddins\DDNCadAddins.csproj]
D:\leaveblackgithub\DDNCadAddins\src\DDNCadAddins\DDNCadAddins\Commands\CommandBase.cs(1,1): warning SA1633: The file header is missing or not located at the top of the file. (https://github.com/DotNetAnalyzers/StyleCopAnalyzers/blob/master/documentation/SA1633.md) [D:\leaveblackgithub\DDNCadAddins\src\DDNCadAddins\DDNCadAddins\DDNCadAddins.csproj]
D:\leaveblackgithub\DDNCadAddins\src\DDNCadAddins\DDNCadAddins\Services\DocumentService.cs(1,1): warning SA1200: Using directive should appear within a namespace declaration (https://github.com/DotNetAnalyzers/StyleCopAnalyzers/blob/master/documentation/SA1200.md) [D:\leaveblackgithub\DDNCadAddins\src\DDNCadAddins\DDNCadAddins\DDNCadAddins.csproj]
D:\leaveblackgithub\DDNCadAddins\src\DDNCadAddins\DDNCadAddins\Services\DocumentService.cs(2,1): warning SA1200: Using directive should appear within a namespace declaration (https://github.com/DotNetAnalyzers/StyleCopAnalyzers/blob/master/documentation/SA1200.md) [D:\leaveblackgithub\DDNCadAddins\src\DDNCadAddins\DDNCadAddins\DDNCadAddins.csproj]
D:\leaveblackgithub\DDNCadAddins\src\DDNCadAddins\DDNCadAddins\Services\DocumentService.cs(3,1): warning SA1200: Using directive should appear within a namespace declaration (https://github.com/DotNetAnalyzers/StyleCopAnalyzers/blob/master/documentation/SA1200.md) [D:\leaveblackgithub\DDNCadAddins\src\DDNCadAddins\DDNCadAddins\DDNCadAddins.csproj]
D:\leaveblackgithub\DDNCadAddins\src\DDNCadAddins\DDNCadAddins\Services\DocumentService.cs(4,1): warning SA1200: Using directive should appear within a namespace declaration (https://github.com/DotNetAnalyzers/StyleCopAnalyzers/blob/master/documentation/SA1200.md) [D:\leaveblackgithub\DDNCadAddins\src\DDNCadAddins\DDNCadAddins\DDNCadAddins.csproj]
D:\leaveblackgithub\DDNCadAddins\src\DDNCadAddins\DDNCadAddins\Services\DocumentService.cs(5,1): warning SA1200: Using directive should appear within a namespace declaration (https://github.com/DotNetAnalyzers/StyleCopAnalyzers/blob/master/documentation/SA1200.md) [D:\leaveblackgithub\DDNCadAddins\src\DDNCadAddins\DDNCadAddins\DDNCadAddins.csproj]
D:\leaveblackgithub\DDNCadAddins\src\DDNCadAddins\DDNCadAddins\Services\DocumentService.cs(7,1): warning SA1200: Using directive should appear within a namespace declaration (https://github.com/DotNetAnalyzers/StyleCopAnalyzers/blob/master/documentation/SA1200.md) [D:\leaveblackgithub\DDNCadAddins\src\DDNCadAddins\DDNCadAddins\DDNCadAddins.csproj]
D:\leaveblackgithub\DDNCadAddins\src\DDNCadAddins\DDNCadAddins\Services\DocumentService.cs(8,1): warning SA1200: Using directive should appear within a namespace declaration (https://github.com/DotNetAnalyzers/StyleCopAnalyzers/blob/master/documentation/SA1200.md) [D:\leaveblackgithub\DDNCadAddins\src\DDNCadAddins\DDNCadAddins\DDNCadAddins.csproj]
D:\leaveblackgithub\DDNCadAddins\src\DDNCadAddins\DDNCadAddins\DDNCadAppLoader.cs(69,1): warning SA1516: Elements should be separated by blank line (https://github.com/DotNetAnalyzers/StyleCopAnalyzers/blob/master/documentation/SA1516.md) [D:\leaveblackgithub\DDNCadAddins\src\DDNCadAddins\DDNCadAddins\DDNCadAddins.csproj]
D:\leaveblackgithub\DDNCadAddins\src\DDNCadAddins\DDNCadAddins\Commands\CommandBase.cs(7,1): warning SA1515: Single-line comment should be preceded by blank line (https://github.com/DotNetAnalyzers/StyleCopAnalyzers/blob/master/documentation/SA1515.md) [D:\leaveblackgithub\DDNCadAddins\src\DDNCadAddins\DDNCadAddins\DDNCadAddins.csproj]
D:\leaveblackgithub\DDNCadAddins\src\DDNCadAddins\DDNCadAddins\Services\IAcadService.cs(1,1): warning SA1200: Using directive should appear within a namespace declaration (https://github.com/DotNetAnalyzers/StyleCopAnalyzers/blob/master/documentation/SA1200.md) [D:\leaveblackgithub\DDNCadAddins\src\DDNCadAddins\DDNCadAddins\DDNCadAddins.csproj]
D:\leaveblackgithub\DDNCadAddins\src\DDNCadAddins\DDNCadAddins\Services\IAcadService.cs(2,1): warning SA1200: Using directive should appear within a namespace declaration (https://github.com/DotNetAnalyzers/StyleCopAnalyzers/blob/master/documentation/SA1200.md) [D:\leaveblackgithub\DDNCadAddins\src\DDNCadAddins\DDNCadAddins\DDNCadAddins.csproj]
D:\leaveblackgithub\DDNCadAddins\src\DDNCadAddins\DDNCadAddins\Services\IAcadService.cs(3,1): warning SA1200: Using directive should appear within a namespace declaration (https://github.com/DotNetAnalyzers/StyleCopAnalyzers/blob/master/documentation/SA1200.md) [D:\leaveblackgithub\DDNCadAddins\src\DDNCadAddins\DDNCadAddins\DDNCadAddins.csproj]
D:\leaveblackgithub\DDNCadAddins\src\DDNCadAddins\DDNCadAddins\Services\IAcadService.cs(4,1): warning SA1200: Using directive should appear within a namespace declaration (https://github.com/DotNetAnalyzers/StyleCopAnalyzers/blob/master/documentation/SA1200.md) [D:\leaveblackgithub\DDNCadAddins\src\DDNCadAddins\DDNCadAddins\DDNCadAddins.csproj]
D:\leaveblackgithub\DDNCadAddins\src\DDNCadAddins\DDNCadAddins\Services\IAcadService.cs(5,1): warning SA1200: Using directive should appear within a namespace declaration (https://github.com/DotNetAnalyzers/StyleCopAnalyzers/blob/master/documentation/SA1200.md) [D:\leaveblackgithub\DDNCadAddins\src\DDNCadAddins\DDNCadAddins\DDNCadAddins.csproj]
D:\leaveblackgithub\DDNCadAddins\src\DDNCadAddins\DDNCadAddins\Services\IAcadService.cs(6,1): warning SA1200: Using directive should appear within a namespace declaration (https://github.com/DotNetAnalyzers/StyleCopAnalyzers/blob/master/documentation/SA1200.md) [D:\leaveblackgithub\DDNCadAddins\src\DDNCadAddins\DDNCadAddins\DDNCadAddins.csproj]
D:\leaveblackgithub\DDNCadAddins\src\DDNCadAddins\DDNCadAddins\Services\IAcadService.cs(7,1): warning SA1200: Using directive should appear within a namespace declaration (https://github.com/DotNetAnalyzers/StyleCopAnalyzers/blob/master/documentation/SA1200.md) [D:\leaveblackgithub\DDNCadAddins\src\DDNCadAddins\DDNCadAddins\DDNCadAddins.csproj]
D:\leaveblackgithub\DDNCadAddins\src\DDNCadAddins\DDNCadAddins\Services\IBlockReferenceService.cs(1,1): warning SA1200: Using directive should appear within a namespace declaration (https://github.com/DotNetAnalyzers/StyleCopAnalyzers/blob/master/documentation/SA1200.md) [D:\leaveblackgithub\DDNCadAddins\src\DDNCadAddins\DDNCadAddins\DDNCadAddins.csproj]
D:\leaveblackgithub\DDNCadAddins\src\DDNCadAddins\DDNCadAddins\Services\IBlockReferenceService.cs(2,1): warning SA1200: Using directive should appear within a namespace declaration (https://github.com/DotNetAnalyzers/StyleCopAnalyzers/blob/master/documentation/SA1200.md) [D:\leaveblackgithub\DDNCadAddins\src\DDNCadAddins\DDNCadAddins\DDNCadAddins.csproj]
D:\leaveblackgithub\DDNCadAddins\src\DDNCadAddins\DDNCadAddins\Services\IBlockReferenceService.cs(3,1): warning SA1200: Using directive should appear within a namespace declaration (https://github.com/DotNetAnalyzers/StyleCopAnalyzers/blob/master/documentation/SA1200.md) [D:\leaveblackgithub\DDNCadAddins\src\DDNCadAddins\DDNCadAddins\DDNCadAddins.csproj]
D:\leaveblackgithub\DDNCadAddins\src\DDNCadAddins\DDNCadAddins\Services\IBlockReferenceService.cs(4,1): warning SA1200: Using directive should appear within a namespace declaration (https://github.com/DotNetAnalyzers/StyleCopAnalyzers/blob/master/documentation/SA1200.md) [D:\leaveblackgithub\DDNCadAddins\src\DDNCadAddins\DDNCadAddins\DDNCadAddins.csproj]
D:\leaveblackgithub\DDNCadAddins\src\DDNCadAddins\DDNCadAddins\Models\OperationResult.cs(107,16): warning SA1201: A constructor should not follow a property (https://github.com/DotNetAnalyzers/StyleCopAnalyzers/blob/master/documentation/SA1201.md) [D:\leaveblackgithub\DDNCadAddins\src\DDNCadAddins\DDNCadAddins\DDNCadAddins.csproj]
D:\leaveblackgithub\DDNCadAddins\src\DDNCadAddins\DDNCadAddins\Services\IDocumentService.cs(1,1): warning SA1200: Using directive should appear within a namespace declaration (https://github.com/DotNetAnalyzers/StyleCopAnalyzers/blob/master/documentation/SA1200.md) [D:\leaveblackgithub\DDNCadAddins\src\DDNCadAddins\DDNCadAddins\DDNCadAddins.csproj]
D:\leaveblackgithub\DDNCadAddins\src\DDNCadAddins\DDNCadAddins\Services\IDocumentService.cs(2,1): warning SA1200: Using directive should appear within a namespace declaration (https://github.com/DotNetAnalyzers/StyleCopAnalyzers/blob/master/documentation/SA1200.md) [D:\leaveblackgithub\DDNCadAddins\src\DDNCadAddins\DDNCadAddins\DDNCadAddins.csproj]
D:\leaveblackgithub\DDNCadAddins\src\DDNCadAddins\DDNCadAddins\Services\IDocumentService.cs(3,1): warning SA1200: Using directive should appear within a namespace declaration (https://github.com/DotNetAnalyzers/StyleCopAnalyzers/blob/master/documentation/SA1200.md) [D:\leaveblackgithub\DDNCadAddins\src\DDNCadAddins\DDNCadAddins\DDNCadAddins.csproj]
D:\leaveblackgithub\DDNCadAddins\src\DDNCadAddins\DDNCadAddins\Services\IDocumentService.cs(4,1): warning SA1200: Using directive should appear within a namespace declaration (https://github.com/DotNetAnalyzers/StyleCopAnalyzers/blob/master/documentation/SA1200.md) [D:\leaveblackgithub\DDNCadAddins\src\DDNCadAddins\DDNCadAddins\DDNCadAddins.csproj]
D:\leaveblackgithub\DDNCadAddins\src\DDNCadAddins\DDNCadAddins\Services\IDocumentService.cs(5,1): warning SA1200: Using directive should appear within a namespace declaration (https://github.com/DotNetAnalyzers/StyleCopAnalyzers/blob/master/documentation/SA1200.md) [D:\leaveblackgithub\DDNCadAddins\src\DDNCadAddins\DDNCadAddins\DDNCadAddins.csproj]
D:\leaveblackgithub\DDNCadAddins\src\DDNCadAddins\DDNCadAddins\Services\ITransactionService.cs(1,1): warning SA1200: Using directive should appear within a namespace declaration (https://github.com/DotNetAnalyzers/StyleCopAnalyzers/blob/master/documentation/SA1200.md) [D:\leaveblackgithub\DDNCadAddins\src\DDNCadAddins\DDNCadAddins\DDNCadAddins.csproj]
D:\leaveblackgithub\DDNCadAddins\src\DDNCadAddins\DDNCadAddins\Services\ITransactionService.cs(2,1): warning SA1200: Using directive should appear within a namespace declaration (https://github.com/DotNetAnalyzers/StyleCopAnalyzers/blob/master/documentation/SA1200.md) [D:\leaveblackgithub\DDNCadAddins\src\DDNCadAddins\DDNCadAddins\DDNCadAddins.csproj]
D:\leaveblackgithub\DDNCadAddins\src\DDNCadAddins\DDNCadAddins\Services\ITransactionService.cs(3,1): warning SA1200: Using directive should appear within a namespace declaration (https://github.com/DotNetAnalyzers/StyleCopAnalyzers/blob/master/documentation/SA1200.md) [D:\leaveblackgithub\DDNCadAddins\src\DDNCadAddins\DDNCadAddins\DDNCadAddins.csproj]
D:\leaveblackgithub\DDNCadAddins\src\DDNCadAddins\DDNCadAddins\Commands\CommandBase.cs(21,1): warning SA1028: Code should not contain trailing whitespace (https://github.com/DotNetAnalyzers/StyleCopAnalyzers/blob/master/documentation/SA1028.md) [D:\leaveblackgithub\DDNCadAddins\src\DDNCadAddins\DDNCadAddins\DDNCadAddins.csproj]
D:\leaveblackgithub\DDNCadAddins\src\DDNCadAddins\DDNCadAddins\Commands\CommandBase.cs(26,1): warning SA1028: Code should not contain trailing whitespace (https://github.com/DotNetAnalyzers/StyleCopAnalyzers/blob/master/documentation/SA1028.md) [D:\leaveblackgithub\DDNCadAddins\src\DDNCadAddins\DDNCadAddins\DDNCadAddins.csproj]
D:\leaveblackgithub\DDNCadAddins\src\DDNCadAddins\DDNCadAddins\Commands\CommandBase.cs(31,1): warning SA1028: Code should not contain trailing whitespace (https://github.com/DotNetAnalyzers/StyleCopAnalyzers/blob/master/documentation/SA1028.md) [D:\leaveblackgithub\DDNCadAddins\src\DDNCadAddins\DDNCadAddins\DDNCadAddins.csproj]
D:\leaveblackgithub\DDNCadAddins\src\DDNCadAddins\DDNCadAddins\Commands\CommandBase.cs(36,1): warning SA1028: Code should not contain trailing whitespace (https://github.com/DotNetAnalyzers/StyleCopAnalyzers/blob/master/documentation/SA1028.md) [D:\leaveblackgithub\DDNCadAddins\src\DDNCadAddins\DDNCadAddins\DDNCadAddins.csproj]
D:\leaveblackgithub\DDNCadAddins\src\DDNCadAddins\DDNCadAddins\Commands\CommandBase.cs(41,1): warning SA1028: Code should not contain trailing whitespace (https://github.com/DotNetAnalyzers/StyleCopAnalyzers/blob/master/documentation/SA1028.md) [D:\leaveblackgithub\DDNCadAddins\src\DDNCadAddins\DDNCadAddins\DDNCadAddins.csproj]
D:\leaveblackgithub\DDNCadAddins\src\DDNCadAddins\DDNCadAddins\Commands\CommandBase.cs(60,1): warning SA1028: Code should not contain trailing whitespace (https://github.com/DotNetAnalyzers/StyleCopAnalyzers/blob/master/documentation/SA1028.md) [D:\leaveblackgithub\DDNCadAddins\src\DDNCadAddins\DDNCadAddins\DDNCadAddins.csproj]
D:\leaveblackgithub\DDNCadAddins\src\DDNCadAddins\DDNCadAddins\Commands\CommandBase.cs(64,32): warning SA1028: Code should not contain trailing whitespace (https://github.com/DotNetAnalyzers/StyleCopAnalyzers/blob/master/documentation/SA1028.md) [D:\leaveblackgithub\DDNCadAddins\src\DDNCadAddins\DDNCadAddins\DDNCadAddins.csproj]
D:\leaveblackgithub\DDNCadAddins\src\DDNCadAddins\DDNCadAddins\Commands\CommandBase.cs(74,1): warning SA1028: Code should not contain trailing whitespace (https://github.com/DotNetAnalyzers/StyleCopAnalyzers/blob/master/documentation/SA1028.md) [D:\leaveblackgithub\DDNCadAddins\src\DDNCadAddins\DDNCadAddins\DDNCadAddins.csproj]
D:\leaveblackgithub\DDNCadAddins\src\DDNCadAddins\DDNCadAddins\Commands\CommandBase.cs(85,1): warning SA1028: Code should not contain trailing whitespace (https://github.com/DotNetAnalyzers/StyleCopAnalyzers/blob/master/documentation/SA1028.md) [D:\leaveblackgithub\DDNCadAddins\src\DDNCadAddins\DDNCadAddins\DDNCadAddins.csproj]
D:\leaveblackgithub\DDNCadAddins\src\DDNCadAddins\DDNCadAddins\Commands\CommandBase.cs(101,1): warning SA1028: Code should not contain trailing whitespace (https://github.com/DotNetAnalyzers/StyleCopAnalyzers/blob/master/documentation/SA1028.md) [D:\leaveblackgithub\DDNCadAddins\src\DDNCadAddins\DDNCadAddins\DDNCadAddins.csproj]
D:\leaveblackgithub\DDNCadAddins\src\DDNCadAddins\DDNCadAddins\Commands\CommandBase.cs(106,1): warning SA1028: Code should not contain trailing whitespace (https://github.com/DotNetAnalyzers/StyleCopAnalyzers/blob/master/documentation/SA1028.md) [D:\leaveblackgithub\DDNCadAddins\src\DDNCadAddins\DDNCadAddins\DDNCadAddins.csproj]
D:\leaveblackgithub\DDNCadAddins\src\DDNCadAddins\DDNCadAddins\Commands\CommandBase.cs(115,1): warning SA1028: Code should not contain trailing whitespace (https://github.com/DotNetAnalyzers/StyleCopAnalyzers/blob/master/documentation/SA1028.md) [D:\leaveblackgithub\DDNCadAddins\src\DDNCadAddins\DDNCadAddins\DDNCadAddins.csproj]
D:\leaveblackgithub\DDNCadAddins\src\DDNCadAddins\DDNCadAddins\Commands\CommandBase.cs(125,1): warning SA1028: Code should not contain trailing whitespace (https://github.com/DotNetAnalyzers/StyleCopAnalyzers/blob/master/documentation/SA1028.md) [D:\leaveblackgithub\DDNCadAddins\src\DDNCadAddins\DDNCadAddins\DDNCadAddins.csproj]
D:\leaveblackgithub\DDNCadAddins\src\DDNCadAddins\DDNCadAddins\Commands\CommandBase.cs(135,1): warning SA1028: Code should not contain trailing whitespace (https://github.com/DotNetAnalyzers/StyleCopAnalyzers/blob/master/documentation/SA1028.md) [D:\leaveblackgithub\DDNCadAddins\src\DDNCadAddins\DDNCadAddins\DDNCadAddins.csproj]
D:\leaveblackgithub\DDNCadAddins\src\DDNCadAddins\DDNCadAddins\Commands\CommandBase.cs(145,2): warning SA1028: Code should not contain trailing whitespace (https://github.com/DotNetAnalyzers/StyleCopAnalyzers/blob/master/documentation/SA1028.md) [D:\leaveblackgithub\DDNCadAddins\src\DDNCadAddins\DDNCadAddins\DDNCadAddins.csproj]
D:\leaveblackgithub\DDNCadAddins\src\DDNCadAddins\DDNCadAddins\Commands\FindXClippedBlocksCommand.cs(1,1): warning SA1633: The file header is missing or not located at the top of the file. (https://github.com/DotNetAnalyzers/StyleCopAnalyzers/blob/master/documentation/SA1633.md) [D:\leaveblackgithub\DDNCadAddins\src\DDNCadAddins\DDNCadAddins\DDNCadAddins.csproj]
D:\leaveblackgithub\DDNCadAddins\src\DDNCadAddins\DDNCadAddins\Services\AcadService.cs(1,1): warning SA1200: Using directive should appear within a namespace declaration (https://github.com/DotNetAnalyzers/StyleCopAnalyzers/blob/master/documentation/SA1200.md) [D:\leaveblackgithub\DDNCadAddins\src\DDNCadAddins\DDNCadAddins\DDNCadAddins.csproj]
D:\leaveblackgithub\DDNCadAddins\src\DDNCadAddins\DDNCadAddins\Services\AcadService.cs(2,1): warning SA1200: Using directive should appear within a namespace declaration (https://github.com/DotNetAnalyzers/StyleCopAnalyzers/blob/master/documentation/SA1200.md) [D:\leaveblackgithub\DDNCadAddins\src\DDNCadAddins\DDNCadAddins\DDNCadAddins.csproj]
D:\leaveblackgithub\DDNCadAddins\src\DDNCadAddins\DDNCadAddins\Services\AcadService.cs(3,1): warning SA1200: Using directive should appear within a namespace declaration (https://github.com/DotNetAnalyzers/StyleCopAnalyzers/blob/master/documentation/SA1200.md) [D:\leaveblackgithub\DDNCadAddins\src\DDNCadAddins\DDNCadAddins\DDNCadAddins.csproj]
D:\leaveblackgithub\DDNCadAddins\src\DDNCadAddins\DDNCadAddins\Services\AcadService.cs(4,1): warning SA1200: Using directive should appear within a namespace declaration (https://github.com/DotNetAnalyzers/StyleCopAnalyzers/blob/master/documentation/SA1200.md) [D:\leaveblackgithub\DDNCadAddins\src\DDNCadAddins\DDNCadAddins\DDNCadAddins.csproj]
D:\leaveblackgithub\DDNCadAddins\src\DDNCadAddins\DDNCadAddins\Services\AcadService.cs(5,1): warning SA1200: Using directive should appear within a namespace declaration (https://github.com/DotNetAnalyzers/StyleCopAnalyzers/blob/master/documentation/SA1200.md) [D:\leaveblackgithub\DDNCadAddins\src\DDNCadAddins\DDNCadAddins\DDNCadAddins.csproj]
D:\leaveblackgithub\DDNCadAddins\src\DDNCadAddins\DDNCadAddins\Services\AcadService.cs(6,1): warning SA1200: Using directive should appear within a namespace declaration (https://github.com/DotNetAnalyzers/StyleCopAnalyzers/blob/master/documentation/SA1200.md) [D:\leaveblackgithub\DDNCadAddins\src\DDNCadAddins\DDNCadAddins\DDNCadAddins.csproj]
D:\leaveblackgithub\DDNCadAddins\src\DDNCadAddins\DDNCadAddins\Services\AcadService.cs(7,1): warning SA1200: Using directive should appear within a namespace declaration (https://github.com/DotNetAnalyzers/StyleCopAnalyzers/blob/master/documentation/SA1200.md) [D:\leaveblackgithub\DDNCadAddins\src\DDNCadAddins\DDNCadAddins\DDNCadAddins.csproj]
D:\leaveblackgithub\DDNCadAddins\src\DDNCadAddins\DDNCadAddins\Services\AcadService.cs(8,1): warning SA1200: Using directive should appear within a namespace declaration (https://github.com/DotNetAnalyzers/StyleCopAnalyzers/blob/master/documentation/SA1200.md) [D:\leaveblackgithub\DDNCadAddins\src\DDNCadAddins\DDNCadAddins\DDNCadAddins.csproj]
D:\leaveblackgithub\DDNCadAddins\src\DDNCadAddins\DDNCadAddins\Services\AcadService.cs(9,1): warning SA1200: Using directive should appear within a namespace declaration (https://github.com/DotNetAnalyzers/StyleCopAnalyzers/blob/master/documentation/SA1200.md) [D:\leaveblackgithub\DDNCadAddins\src\DDNCadAddins\DDNCadAddins\DDNCadAddins.csproj]
D:\leaveblackgithub\DDNCadAddins\src\DDNCadAddins\DDNCadAddins\Services\AcadService.cs(10,1): warning SA1200: Using directive should appear within a namespace declaration (https://github.com/DotNetAnalyzers/StyleCopAnalyzers/blob/master/documentation/SA1200.md) [D:\leaveblackgithub\DDNCadAddins\src\DDNCadAddins\DDNCadAddins\DDNCadAddins.csproj]
D:\leaveblackgithub\DDNCadAddins\src\DDNCadAddins\DDNCadAddins\Services\AcadService.cs(12,1): warning SA1200: Using directive should appear within a namespace declaration (https://github.com/DotNetAnalyzers/StyleCopAnalyzers/blob/master/documentation/SA1200.md) [D:\leaveblackgithub\DDNCadAddins\src\DDNCadAddins\DDNCadAddins\DDNCadAddins.csproj]
D:\leaveblackgithub\DDNCadAddins\src\DDNCadAddins\DDNCadAddins\Services\AcadService.cs(13,1): warning SA1200: Using directive should appear within a namespace declaration (https://github.com/DotNetAnalyzers/StyleCopAnalyzers/blob/master/documentation/SA1200.md) [D:\leaveblackgithub\DDNCadAddins\src\DDNCadAddins\DDNCadAddins\DDNCadAddins.csproj]
D:\leaveblackgithub\DDNCadAddins\src\DDNCadAddins\DDNCadAddins\Services\IBlockDataService.cs(1,1): warning SA1200: Using directive should appear within a namespace declaration (https://github.com/DotNetAnalyzers/StyleCopAnalyzers/blob/master/documentation/SA1200.md) [D:\leaveblackgithub\DDNCadAddins\src\DDNCadAddins\DDNCadAddins\DDNCadAddins.csproj]
D:\leaveblackgithub\DDNCadAddins\src\DDNCadAddins\DDNCadAddins\Services\IBlockDataService.cs(2,1): warning SA1200: Using directive should appear within a namespace declaration (https://github.com/DotNetAnalyzers/StyleCopAnalyzers/blob/master/documentation/SA1200.md) [D:\leaveblackgithub\DDNCadAddins\src\DDNCadAddins\DDNCadAddins\DDNCadAddins.csproj]
D:\leaveblackgithub\DDNCadAddins\src\DDNCadAddins\DDNCadAddins\Services\IBlockDataService.cs(3,1): warning SA1200: Using directive should appear within a namespace declaration (https://github.com/DotNetAnalyzers/StyleCopAnalyzers/blob/master/documentation/SA1200.md) [D:\leaveblackgithub\DDNCadAddins\src\DDNCadAddins\DDNCadAddins\DDNCadAddins.csproj]
D:\leaveblackgithub\DDNCadAddins\src\DDNCadAddins\DDNCadAddins\Services\ICsvExportService.cs(1,1): warning SA1200: Using directive should appear within a namespace declaration (https://github.com/DotNetAnalyzers/StyleCopAnalyzers/blob/master/documentation/SA1200.md) [D:\leaveblackgithub\DDNCadAddins\src\DDNCadAddins\DDNCadAddins\DDNCadAddins.csproj]
D:\leaveblackgithub\DDNCadAddins\src\DDNCadAddins\DDNCadAddins\Services\ICsvExportService.cs(2,1): warning SA1200: Using directive should appear within a namespace declaration (https://github.com/DotNetAnalyzers/StyleCopAnalyzers/blob/master/documentation/SA1200.md) [D:\leaveblackgithub\DDNCadAddins\src\DDNCadAddins\DDNCadAddins\DDNCadAddins.csproj]
D:\leaveblackgithub\DDNCadAddins\src\DDNCadAddins\DDNCadAddins\Services\ICsvExportService.cs(3,1): warning SA1200: Using directive should appear within a namespace declaration (https://github.com/DotNetAnalyzers/StyleCopAnalyzers/blob/master/documentation/SA1200.md) [D:\leaveblackgithub\DDNCadAddins\src\DDNCadAddins\DDNCadAddins\DDNCadAddins.csproj]
D:\leaveblackgithub\DDNCadAddins\src\DDNCadAddins\DDNCadAddins\Commands\FindXClippedBlocksCommand.cs(18,1): warning SA1028: Code should not contain trailing whitespace (https://github.com/DotNetAnalyzers/StyleCopAnalyzers/blob/master/documentation/SA1028.md) [D:\leaveblackgithub\DDNCadAddins\src\DDNCadAddins\DDNCadAddins\DDNCadAddins.csproj]
D:\leaveblackgithub\DDNCadAddins\src\DDNCadAddins\DDNCadAddins\Commands\FindXClippedBlocksCommand.cs(41,1): warning SA1028: Code should not contain trailing whitespace (https://github.com/DotNetAnalyzers/StyleCopAnalyzers/blob/master/documentation/SA1028.md) [D:\leaveblackgithub\DDNCadAddins\src\DDNCadAddins\DDNCadAddins\DDNCadAddins.csproj]
D:\leaveblackgithub\DDNCadAddins\src\DDNCadAddins\DDNCadAddins\Commands\FindXClippedBlocksCommand.cs(51,1): warning SA1028: Code should not contain trailing whitespace (https://github.com/DotNetAnalyzers/StyleCopAnalyzers/blob/master/documentation/SA1028.md) [D:\leaveblackgithub\DDNCadAddins\src\DDNCadAddins\DDNCadAddins\DDNCadAddins.csproj]
D:\leaveblackgithub\DDNCadAddins\src\DDNCadAddins\DDNCadAddins\Commands\FindXClippedBlocksCommand.cs(60,1): warning SA1028: Code should not contain trailing whitespace (https://github.com/DotNetAnalyzers/StyleCopAnalyzers/blob/master/documentation/SA1028.md) [D:\leaveblackgithub\DDNCadAddins\src\DDNCadAddins\DDNCadAddins\DDNCadAddins.csproj]
D:\leaveblackgithub\DDNCadAddins\src\DDNCadAddins\DDNCadAddins\Commands\FindXClippedBlocksCommand.cs(67,1): warning SA1028: Code should not contain trailing whitespace (https://github.com/DotNetAnalyzers/StyleCopAnalyzers/blob/master/documentation/SA1028.md) [D:\leaveblackgithub\DDNCadAddins\src\DDNCadAddins\DDNCadAddins\DDNCadAddins.csproj]
D:\leaveblackgithub\DDNCadAddins\src\DDNCadAddins\DDNCadAddins\Commands\FindXClippedBlocksCommand.cs(70,1): warning SA1028: Code should not contain trailing whitespace (https://github.com/DotNetAnalyzers/StyleCopAnalyzers/blob/master/documentation/SA1028.md) [D:\leaveblackgithub\DDNCadAddins\src\DDNCadAddins\DDNCadAddins\DDNCadAddins.csproj]
D:\leaveblackgithub\DDNCadAddins\src\DDNCadAddins\DDNCadAddins\Commands\FindXClippedBlocksCommand.cs(72,1): warning SA1028: Code should not contain trailing whitespace (https://github.com/DotNetAnalyzers/StyleCopAnalyzers/blob/master/documentation/SA1028.md) [D:\leaveblackgithub\DDNCadAddins\src\DDNCadAddins\DDNCadAddins\DDNCadAddins.csproj]
D:\leaveblackgithub\DDNCadAddins\src\DDNCadAddins\DDNCadAddins\Commands\FindXClippedBlocksCommand.cs(78,1): warning SA1028: Code should not contain trailing whitespace (https://github.com/DotNetAnalyzers/StyleCopAnalyzers/blob/master/documentation/SA1028.md) [D:\leaveblackgithub\DDNCadAddins\src\DDNCadAddins\DDNCadAddins\DDNCadAddins.csproj]
D:\leaveblackgithub\DDNCadAddins\src\DDNCadAddins\DDNCadAddins\Commands\FindXClippedBlocksCommand.cs(81,1): warning SA1028: Code should not contain trailing whitespace (https://github.com/DotNetAnalyzers/StyleCopAnalyzers/blob/master/documentation/SA1028.md) [D:\leaveblackgithub\DDNCadAddins\src\DDNCadAddins\DDNCadAddins\DDNCadAddins.csproj]
D:\leaveblackgithub\DDNCadAddins\src\DDNCadAddins\DDNCadAddins\Commands\FindXClippedBlocksCommand.cs(88,2): warning SA1028: Code should not contain trailing whitespace (https://github.com/DotNetAnalyzers/StyleCopAnalyzers/blob/master/documentation/SA1028.md) [D:\leaveblackgithub\DDNCadAddins\src\DDNCadAddins\DDNCadAddins\DDNCadAddins.csproj]
D:\leaveblackgithub\DDNCadAddins\src\DDNCadAddins\DDNCadAddins\Services\IUserInterfaceService.cs(1,1): warning SA1200: Using directive should appear within a namespace declaration (https://github.com/DotNetAnalyzers/StyleCopAnalyzers/blob/master/documentation/SA1200.md) [D:\leaveblackgithub\DDNCadAddins\src\DDNCadAddins\DDNCadAddins\DDNCadAddins.csproj]
D:\leaveblackgithub\DDNCadAddins\src\DDNCadAddins\DDNCadAddins\Commands\CreateXClippedBlockCommand.cs(1,1): warning SA1633: The file header is missing or not located at the top of the file. (https://github.com/DotNetAnalyzers/StyleCopAnalyzers/blob/master/documentation/SA1633.md) [D:\leaveblackgithub\DDNCadAddins\src\DDNCadAddins\DDNCadAddins\DDNCadAddins.csproj]
D:\leaveblackgithub\DDNCadAddins\src\DDNCadAddins\DDNCadAddins\Services\IUserInterfaceService.cs(2,1): warning SA1200: Using directive should appear within a namespace declaration (https://github.com/DotNetAnalyzers/StyleCopAnalyzers/blob/master/documentation/SA1200.md) [D:\leaveblackgithub\DDNCadAddins\src\DDNCadAddins\DDNCadAddins\DDNCadAddins.csproj]
D:\leaveblackgithub\DDNCadAddins\src\DDNCadAddins\DDNCadAddins\Services\IUserInterfaceService.cs(3,1): warning SA1200: Using directive should appear within a namespace declaration (https://github.com/DotNetAnalyzers/StyleCopAnalyzers/blob/master/documentation/SA1200.md) [D:\leaveblackgithub\DDNCadAddins\src\DDNCadAddins\DDNCadAddins\DDNCadAddins.csproj]
D:\leaveblackgithub\DDNCadAddins\src\DDNCadAddins\DDNCadAddins\Services\IUserInterfaceService.cs(3,1): warning SA1208: Using directive for 'System.Collections.Generic' should appear before directive for 'Autodesk.AutoCAD.EditorInput' (https://github.com/DotNetAnalyzers/StyleCopAnalyzers/blob/master/documentation/SA1208.md) [D:\leaveblackgithub\DDNCadAddins\src\DDNCadAddins\DDNCadAddins\DDNCadAddins.csproj]
D:\leaveblackgithub\DDNCadAddins\src\DDNCadAddins\DDNCadAddins\Services\IViewService.cs(1,1): warning SA1200: Using directive should appear within a namespace declaration (https://github.com/DotNetAnalyzers/StyleCopAnalyzers/blob/master/documentation/SA1200.md) [D:\leaveblackgithub\DDNCadAddins\src\DDNCadAddins\DDNCadAddins\DDNCadAddins.csproj]
D:\leaveblackgithub\DDNCadAddins\src\DDNCadAddins\DDNCadAddins\Services\IViewService.cs(2,1): warning SA1200: Using directive should appear within a namespace declaration (https://github.com/DotNetAnalyzers/StyleCopAnalyzers/blob/master/documentation/SA1200.md) [D:\leaveblackgithub\DDNCadAddins\src\DDNCadAddins\DDNCadAddins\DDNCadAddins.csproj]
D:\leaveblackgithub\DDNCadAddins\src\DDNCadAddins\DDNCadAddins\Services\IViewService.cs(3,1): warning SA1200: Using directive should appear within a namespace declaration (https://github.com/DotNetAnalyzers/StyleCopAnalyzers/blob/master/documentation/SA1200.md) [D:\leaveblackgithub\DDNCadAddins\src\DDNCadAddins\DDNCadAddins\DDNCadAddins.csproj]
D:\leaveblackgithub\DDNCadAddins\src\DDNCadAddins\DDNCadAddins\Services\IViewService.cs(4,1): warning SA1200: Using directive should appear within a namespace declaration (https://github.com/DotNetAnalyzers/StyleCopAnalyzers/blob/master/documentation/SA1200.md) [D:\leaveblackgithub\DDNCadAddins\src\DDNCadAddins\DDNCadAddins\DDNCadAddins.csproj]
D:\leaveblackgithub\DDNCadAddins\src\DDNCadAddins\DDNCadAddins\Services\IViewService.cs(4,1): warning SA1208: Using directive for 'System.Collections.Generic' should appear before directive for 'DDNCadAddins.Models' (https://github.com/DotNetAnalyzers/StyleCopAnalyzers/blob/master/documentation/SA1208.md) [D:\leaveblackgithub\DDNCadAddins\src\DDNCadAddins\DDNCadAddins\DDNCadAddins.csproj]
D:\leaveblackgithub\DDNCadAddins\src\DDNCadAddins\DDNCadAddins\Services\IXClipBlockService.cs(1,1): warning SA1200: Using directive should appear within a namespace declaration (https://github.com/DotNetAnalyzers/StyleCopAnalyzers/blob/master/documentation/SA1200.md) [D:\leaveblackgithub\DDNCadAddins\src\DDNCadAddins\DDNCadAddins\DDNCadAddins.csproj]
D:\leaveblackgithub\DDNCadAddins\src\DDNCadAddins\DDNCadAddins\Services\IXClipBlockService.cs(2,1): warning SA1200: Using directive should appear within a namespace declaration (https://github.com/DotNetAnalyzers/StyleCopAnalyzers/blob/master/documentation/SA1200.md) [D:\leaveblackgithub\DDNCadAddins\src\DDNCadAddins\DDNCadAddins\DDNCadAddins.csproj]
D:\leaveblackgithub\DDNCadAddins\src\DDNCadAddins\DDNCadAddins\Services\IXClipBlockService.cs(3,1): warning SA1200: Using directive should appear within a namespace declaration (https://github.com/DotNetAnalyzers/StyleCopAnalyzers/blob/master/documentation/SA1200.md) [D:\leaveblackgithub\DDNCadAddins\src\DDNCadAddins\DDNCadAddins\DDNCadAddins.csproj]
D:\leaveblackgithub\DDNCadAddins\src\DDNCadAddins\DDNCadAddins\Services\IXClipBlockService.cs(4,1): warning SA1200: Using directive should appear within a namespace declaration (https://github.com/DotNetAnalyzers/StyleCopAnalyzers/blob/master/documentation/SA1200.md) [D:\leaveblackgithub\DDNCadAddins\src\DDNCadAddins\DDNCadAddins\DDNCadAddins.csproj]
D:\leaveblackgithub\DDNCadAddins\src\DDNCadAddins\DDNCadAddins\Services\TransactionService.cs(1,1): warning SA1200: Using directive should appear within a namespace declaration (https://github.com/DotNetAnalyzers/StyleCopAnalyzers/blob/master/documentation/SA1200.md) [D:\leaveblackgithub\DDNCadAddins\src\DDNCadAddins\DDNCadAddins\DDNCadAddins.csproj]
D:\leaveblackgithub\DDNCadAddins\src\DDNCadAddins\DDNCadAddins\Services\TransactionService.cs(2,1): warning SA1200: Using directive should appear within a namespace declaration (https://github.com/DotNetAnalyzers/StyleCopAnalyzers/blob/master/documentation/SA1200.md) [D:\leaveblackgithub\DDNCadAddins\src\DDNCadAddins\DDNCadAddins\DDNCadAddins.csproj]
D:\leaveblackgithub\DDNCadAddins\src\DDNCadAddins\DDNCadAddins\Services\TransactionService.cs(3,1): warning SA1200: Using directive should appear within a namespace declaration (https://github.com/DotNetAnalyzers/StyleCopAnalyzers/blob/master/documentation/SA1200.md) [D:\leaveblackgithub\DDNCadAddins\src\DDNCadAddins\DDNCadAddins\DDNCadAddins.csproj]
D:\leaveblackgithub\DDNCadAddins\src\DDNCadAddins\DDNCadAddins\Services\TransactionService.cs(4,1): warning SA1200: Using directive should appear within a namespace declaration (https://github.com/DotNetAnalyzers/StyleCopAnalyzers/blob/master/documentation/SA1200.md) [D:\leaveblackgithub\DDNCadAddins\src\DDNCadAddins\DDNCadAddins\DDNCadAddins.csproj]
D:\leaveblackgithub\DDNCadAddins\src\DDNCadAddins\DDNCadAddins\Services\TransactionService.cs(5,1): warning SA1200: Using directive should appear within a namespace declaration (https://github.com/DotNetAnalyzers/StyleCopAnalyzers/blob/master/documentation/SA1200.md) [D:\leaveblackgithub\DDNCadAddins\src\DDNCadAddins\DDNCadAddins\DDNCadAddins.csproj]
D:\leaveblackgithub\DDNCadAddins\src\DDNCadAddins\DDNCadAddins\Commands\CreateXClippedBlockCommand.cs(16,1): warning SA1028: Code should not contain trailing whitespace (https://github.com/DotNetAnalyzers/StyleCopAnalyzers/blob/master/documentation/SA1028.md) [D:\leaveblackgithub\DDNCadAddins\src\DDNCadAddins\DDNCadAddins\DDNCadAddins.csproj]
D:\leaveblackgithub\DDNCadAddins\src\DDNCadAddins\DDNCadAddins\Commands\CreateXClippedBlockCommand.cs(36,1): warning SA1028: Code should not contain trailing whitespace (https://github.com/DotNetAnalyzers/StyleCopAnalyzers/blob/master/documentation/SA1028.md) [D:\leaveblackgithub\DDNCadAddins\src\DDNCadAddins\DDNCadAddins\DDNCadAddins.csproj]
D:\leaveblackgithub\DDNCadAddins\src\DDNCadAddins\DDNCadAddins\Commands\CreateXClippedBlockCommand.cs(45,1): warning SA1028: Code should not contain trailing whitespace (https://github.com/DotNetAnalyzers/StyleCopAnalyzers/blob/master/documentation/SA1028.md) [D:\leaveblackgithub\DDNCadAddins\src\DDNCadAddins\DDNCadAddins\DDNCadAddins.csproj]
D:\leaveblackgithub\DDNCadAddins\src\DDNCadAddins\DDNCadAddins\Commands\CreateXClippedBlockCommand.cs(54,1): warning SA1028: Code should not contain trailing whitespace (https://github.com/DotNetAnalyzers/StyleCopAnalyzers/blob/master/documentation/SA1028.md) [D:\leaveblackgithub\DDNCadAddins\src\DDNCadAddins\DDNCadAddins\DDNCadAddins.csproj]
D:\leaveblackgithub\DDNCadAddins\src\DDNCadAddins\DDNCadAddins\Commands\CreateXClippedBlockCommand.cs(61,1): warning SA1028: Code should not contain trailing whitespace (https://github.com/DotNetAnalyzers/StyleCopAnalyzers/blob/master/documentation/SA1028.md) [D:\leaveblackgithub\DDNCadAddins\src\DDNCadAddins\DDNCadAddins\DDNCadAddins.csproj]
D:\leaveblackgithub\DDNCadAddins\src\DDNCadAddins\DDNCadAddins\Commands\CreateXClippedBlockCommand.cs(64,1): warning SA1028: Code should not contain trailing whitespace (https://github.com/DotNetAnalyzers/StyleCopAnalyzers/blob/master/documentation/SA1028.md) [D:\leaveblackgithub\DDNCadAddins\src\DDNCadAddins\DDNCadAddins\DDNCadAddins.csproj]
D:\leaveblackgithub\DDNCadAddins\src\DDNCadAddins\DDNCadAddins\Commands\CreateXClippedBlockCommand.cs(66,1): warning SA1028: Code should not contain trailing whitespace (https://github.com/DotNetAnalyzers/StyleCopAnalyzers/blob/master/documentation/SA1028.md) [D:\leaveblackgithub\DDNCadAddins\src\DDNCadAddins\DDNCadAddins\DDNCadAddins.csproj]
D:\leaveblackgithub\DDNCadAddins\src\DDNCadAddins\DDNCadAddins\Commands\CreateXClippedBlockCommand.cs(71,1): warning SA1028: Code should not contain trailing whitespace (https://github.com/DotNetAnalyzers/StyleCopAnalyzers/blob/master/documentation/SA1028.md) [D:\leaveblackgithub\DDNCadAddins\src\DDNCadAddins\DDNCadAddins\DDNCadAddins.csproj]
D:\leaveblackgithub\DDNCadAddins\src\DDNCadAddins\DDNCadAddins\Commands\CreateXClippedBlockCommand.cs(84,1): warning SA1028: Code should not contain trailing whitespace (https://github.com/DotNetAnalyzers/StyleCopAnalyzers/blob/master/documentation/SA1028.md) [D:\leaveblackgithub\DDNCadAddins\src\DDNCadAddins\DDNCadAddins\DDNCadAddins.csproj]
D:\leaveblackgithub\DDNCadAddins\src\DDNCadAddins\DDNCadAddins\Commands\CreateXClippedBlockCommand.cs(91,1): warning SA1028: Code should not contain trailing whitespace (https://github.com/DotNetAnalyzers/StyleCopAnalyzers/blob/master/documentation/SA1028.md) [D:\leaveblackgithub\DDNCadAddins\src\DDNCadAddins\DDNCadAddins\DDNCadAddins.csproj]
D:\leaveblackgithub\DDNCadAddins\src\DDNCadAddins\DDNCadAddins\Commands\CreateXClippedBlockCommand.cs(93,1): warning SA1028: Code should not contain trailing whitespace (https://github.com/DotNetAnalyzers/StyleCopAnalyzers/blob/master/documentation/SA1028.md) [D:\leaveblackgithub\DDNCadAddins\src\DDNCadAddins\DDNCadAddins\DDNCadAddins.csproj]
D:\leaveblackgithub\DDNCadAddins\src\DDNCadAddins\DDNCadAddins\Commands\CreateXClippedBlockCommand.cs(104,1): warning SA1028: Code should not contain trailing whitespace (https://github.com/DotNetAnalyzers/StyleCopAnalyzers/blob/master/documentation/SA1028.md) [D:\leaveblackgithub\DDNCadAddins\src\DDNCadAddins\DDNCadAddins\DDNCadAddins.csproj]
D:\leaveblackgithub\DDNCadAddins\src\DDNCadAddins\DDNCadAddins\Commands\CreateXClippedBlockCommand.cs(118,2): warning SA1028: Code should not contain trailing whitespace (https://github.com/DotNetAnalyzers/StyleCopAnalyzers/blob/master/documentation/SA1028.md) [D:\leaveblackgithub\DDNCadAddins\src\DDNCadAddins\DDNCadAddins\DDNCadAddins.csproj]
D:\leaveblackgithub\DDNCadAddins\src\DDNCadAddins\DDNCadAddins\Commands\IsolateXClippedBlocksCommand.cs(1,1): warning SA1633: The file header is missing or not located at the top of the file. (https://github.com/DotNetAnalyzers/StyleCopAnalyzers/blob/master/documentation/SA1633.md) [D:\leaveblackgithub\DDNCadAddins\src\DDNCadAddins\DDNCadAddins\DDNCadAddins.csproj]
D:\leaveblackgithub\DDNCadAddins\src\DDNCadAddins\DDNCadAddins\Services\XClipBlockService.Core.cs(1,1): warning SA1200: Using directive should appear within a namespace declaration (https://github.com/DotNetAnalyzers/StyleCopAnalyzers/blob/master/documentation/SA1200.md) [D:\leaveblackgithub\DDNCadAddins\src\DDNCadAddins\DDNCadAddins\DDNCadAddins.csproj]
D:\leaveblackgithub\DDNCadAddins\src\DDNCadAddins\DDNCadAddins\Services\XClipBlockService.Core.cs(2,1): warning SA1200: Using directive should appear within a namespace declaration (https://github.com/DotNetAnalyzers/StyleCopAnalyzers/blob/master/documentation/SA1200.md) [D:\leaveblackgithub\DDNCadAddins\src\DDNCadAddins\DDNCadAddins\DDNCadAddins.csproj]
D:\leaveblackgithub\DDNCadAddins\src\DDNCadAddins\DDNCadAddins\Services\XClipBlockService.Core.cs(3,1): warning SA1200: Using directive should appear within a namespace declaration (https://github.com/DotNetAnalyzers/StyleCopAnalyzers/blob/master/documentation/SA1200.md) [D:\leaveblackgithub\DDNCadAddins\src\DDNCadAddins\DDNCadAddins\DDNCadAddins.csproj]
D:\leaveblackgithub\DDNCadAddins\src\DDNCadAddins\DDNCadAddins\Services\XClipBlockService.Core.cs(4,1): warning SA1200: Using directive should appear within a namespace declaration (https://github.com/DotNetAnalyzers/StyleCopAnalyzers/blob/master/documentation/SA1200.md) [D:\leaveblackgithub\DDNCadAddins\src\DDNCadAddins\DDNCadAddins\DDNCadAddins.csproj]
D:\leaveblackgithub\DDNCadAddins\src\DDNCadAddins\DDNCadAddins\Services\XClipBlockService.Core.cs(5,1): warning SA1200: Using directive should appear within a namespace declaration (https://github.com/DotNetAnalyzers/StyleCopAnalyzers/blob/master/documentation/SA1200.md) [D:\leaveblackgithub\DDNCadAddins\src\DDNCadAddins\DDNCadAddins\DDNCadAddins.csproj]
D:\leaveblackgithub\DDNCadAddins\src\DDNCadAddins\DDNCadAddins\Services\XClipBlockService.Core.cs(6,1): warning SA1200: Using directive should appear within a namespace declaration (https://github.com/DotNetAnalyzers/StyleCopAnalyzers/blob/master/documentation/SA1200.md) [D:\leaveblackgithub\DDNCadAddins\src\DDNCadAddins\DDNCadAddins\DDNCadAddins.csproj]
D:\leaveblackgithub\DDNCadAddins\src\DDNCadAddins\DDNCadAddins\Services\XClipBlockService.Core.cs(7,1): warning SA1200: Using directive should appear within a namespace declaration (https://github.com/DotNetAnalyzers/StyleCopAnalyzers/blob/master/documentation/SA1200.md) [D:\leaveblackgithub\DDNCadAddins\src\DDNCadAddins\DDNCadAddins\DDNCadAddins.csproj]
D:\leaveblackgithub\DDNCadAddins\src\DDNCadAddins\DDNCadAddins\Services\XClipBlockService.Core.cs(8,1): warning SA1200: Using directive should appear within a namespace declaration (https://github.com/DotNetAnalyzers/StyleCopAnalyzers/blob/master/documentation/SA1200.md) [D:\leaveblackgithub\DDNCadAddins\src\DDNCadAddins\DDNCadAddins\DDNCadAddins.csproj]
D:\leaveblackgithub\DDNCadAddins\src\DDNCadAddins\DDNCadAddins\Services\XClipBlockService.Core.cs(9,1): warning SA1200: Using directive should appear within a namespace declaration (https://github.com/DotNetAnalyzers/StyleCopAnalyzers/blob/master/documentation/SA1200.md) [D:\leaveblackgithub\DDNCadAddins\src\DDNCadAddins\DDNCadAddins\DDNCadAddins.csproj]
D:\leaveblackgithub\DDNCadAddins\src\DDNCadAddins\DDNCadAddins\Services\XClipBlockService.Core.cs(10,1): warning SA1200: Using directive should appear within a namespace declaration (https://github.com/DotNetAnalyzers/StyleCopAnalyzers/blob/master/documentation/SA1200.md) [D:\leaveblackgithub\DDNCadAddins\src\DDNCadAddins\DDNCadAddins\DDNCadAddins.csproj]
D:\leaveblackgithub\DDNCadAddins\src\DDNCadAddins\DDNCadAddins\Services\XClipBlockService.Operation.cs(1,1): warning SA1200: Using directive should appear within a namespace declaration (https://github.com/DotNetAnalyzers/StyleCopAnalyzers/blob/master/documentation/SA1200.md) [D:\leaveblackgithub\DDNCadAddins\src\DDNCadAddins\DDNCadAddins\DDNCadAddins.csproj]
D:\leaveblackgithub\DDNCadAddins\src\DDNCadAddins\DDNCadAddins\Services\XClipBlockService.Operation.cs(2,1): warning SA1200: Using directive should appear within a namespace declaration (https://github.com/DotNetAnalyzers/StyleCopAnalyzers/blob/master/documentation/SA1200.md) [D:\leaveblackgithub\DDNCadAddins\src\DDNCadAddins\DDNCadAddins\DDNCadAddins.csproj]
D:\leaveblackgithub\DDNCadAddins\src\DDNCadAddins\DDNCadAddins\Services\XClipBlockService.Operation.cs(3,1): warning SA1200: Using directive should appear within a namespace declaration (https://github.com/DotNetAnalyzers/StyleCopAnalyzers/blob/master/documentation/SA1200.md) [D:\leaveblackgithub\DDNCadAddins\src\DDNCadAddins\DDNCadAddins\DDNCadAddins.csproj]
D:\leaveblackgithub\DDNCadAddins\src\DDNCadAddins\DDNCadAddins\Services\XClipBlockService.Operation.cs(4,1): warning SA1200: Using directive should appear within a namespace declaration (https://github.com/DotNetAnalyzers/StyleCopAnalyzers/blob/master/documentation/SA1200.md) [D:\leaveblackgithub\DDNCadAddins\src\DDNCadAddins\DDNCadAddins\DDNCadAddins.csproj]
D:\leaveblackgithub\DDNCadAddins\src\DDNCadAddins\DDNCadAddins\Services\XClipBlockService.Operation.cs(5,1): warning SA1200: Using directive should appear within a namespace declaration (https://github.com/DotNetAnalyzers/StyleCopAnalyzers/blob/master/documentation/SA1200.md) [D:\leaveblackgithub\DDNCadAddins\src\DDNCadAddins\DDNCadAddins\DDNCadAddins.csproj]
D:\leaveblackgithub\DDNCadAddins\src\DDNCadAddins\DDNCadAddins\Services\XClipBlockService.Operation.cs(6,1): warning SA1200: Using directive should appear within a namespace declaration (https://github.com/DotNetAnalyzers/StyleCopAnalyzers/blob/master/documentation/SA1200.md) [D:\leaveblackgithub\DDNCadAddins\src\DDNCadAddins\DDNCadAddins\DDNCadAddins.csproj]
D:\leaveblackgithub\DDNCadAddins\src\DDNCadAddins\DDNCadAddins\Services\XClipBlockService.Operation.cs(7,1): warning SA1200: Using directive should appear within a namespace declaration (https://github.com/DotNetAnalyzers/StyleCopAnalyzers/blob/master/documentation/SA1200.md) [D:\leaveblackgithub\DDNCadAddins\src\DDNCadAddins\DDNCadAddins\DDNCadAddins.csproj]
D:\leaveblackgithub\DDNCadAddins\src\DDNCadAddins\DDNCadAddins\Services\XClipBlockService.cs(1,1): warning SA1200: Using directive should appear within a namespace declaration (https://github.com/DotNetAnalyzers/StyleCopAnalyzers/blob/master/documentation/SA1200.md) [D:\leaveblackgithub\DDNCadAddins\src\DDNCadAddins\DDNCadAddins\DDNCadAddins.csproj]
D:\leaveblackgithub\DDNCadAddins\src\DDNCadAddins\DDNCadAddins\Services\XClipBlockService.cs(2,1): warning SA1200: Using directive should appear within a namespace declaration (https://github.com/DotNetAnalyzers/StyleCopAnalyzers/blob/master/documentation/SA1200.md) [D:\leaveblackgithub\DDNCadAddins\src\DDNCadAddins\DDNCadAddins\DDNCadAddins.csproj]
D:\leaveblackgithub\DDNCadAddins\src\DDNCadAddins\DDNCadAddins\Services\XClipBlockService.cs(3,1): warning SA1200: Using directive should appear within a namespace declaration (https://github.com/DotNetAnalyzers/StyleCopAnalyzers/blob/master/documentation/SA1200.md) [D:\leaveblackgithub\DDNCadAddins\src\DDNCadAddins\DDNCadAddins\DDNCadAddins.csproj]
D:\leaveblackgithub\DDNCadAddins\src\DDNCadAddins\DDNCadAddins\Services\XClipBlockService.cs(4,1): warning SA1200: Using directive should appear within a namespace declaration (https://github.com/DotNetAnalyzers/StyleCopAnalyzers/blob/master/documentation/SA1200.md) [D:\leaveblackgithub\DDNCadAddins\src\DDNCadAddins\DDNCadAddins\DDNCadAddins.csproj]
D:\leaveblackgithub\DDNCadAddins\src\DDNCadAddins\DDNCadAddins\Commands\IsolateXClippedBlocksCommand.cs(19,1): warning SA1028: Code should not contain trailing whitespace (https://github.com/DotNetAnalyzers/StyleCopAnalyzers/blob/master/documentation/SA1028.md) [D:\leaveblackgithub\DDNCadAddins\src\DDNCadAddins\DDNCadAddins\DDNCadAddins.csproj]
D:\leaveblackgithub\DDNCadAddins\src\DDNCadAddins\DDNCadAddins\Commands\IsolateXClippedBlocksCommand.cs(39,1): warning SA1028: Code should not contain trailing whitespace (https://github.com/DotNetAnalyzers/StyleCopAnalyzers/blob/master/documentation/SA1028.md) [D:\leaveblackgithub\DDNCadAddins\src\DDNCadAddins\DDNCadAddins\DDNCadAddins.csproj]
D:\leaveblackgithub\DDNCadAddins\src\DDNCadAddins\DDNCadAddins\Commands\IsolateXClippedBlocksCommand.cs(48,1): warning SA1028: Code should not contain trailing whitespace (https://github.com/DotNetAnalyzers/StyleCopAnalyzers/blob/master/documentation/SA1028.md) [D:\leaveblackgithub\DDNCadAddins\src\DDNCadAddins\DDNCadAddins\DDNCadAddins.csproj]
D:\leaveblackgithub\DDNCadAddins\src\DDNCadAddins\DDNCadAddins\Commands\IsolateXClippedBlocksCommand.cs(57,1): warning SA1028: Code should not contain trailing whitespace (https://github.com/DotNetAnalyzers/StyleCopAnalyzers/blob/master/documentation/SA1028.md) [D:\leaveblackgithub\DDNCadAddins\src\DDNCadAddins\DDNCadAddins\DDNCadAddins.csproj]
D:\leaveblackgithub\DDNCadAddins\src\DDNCadAddins\DDNCadAddins\Commands\IsolateXClippedBlocksCommand.cs(64,1): warning SA1028: Code should not contain trailing whitespace (https://github.com/DotNetAnalyzers/StyleCopAnalyzers/blob/master/documentation/SA1028.md) [D:\leaveblackgithub\DDNCadAddins\src\DDNCadAddins\DDNCadAddins\DDNCadAddins.csproj]
D:\leaveblackgithub\DDNCadAddins\src\DDNCadAddins\DDNCadAddins\Commands\IsolateXClippedBlocksCommand.cs(67,1): warning SA1028: Code should not contain trailing whitespace (https://github.com/DotNetAnalyzers/StyleCopAnalyzers/blob/master/documentation/SA1028.md) [D:\leaveblackgithub\DDNCadAddins\src\DDNCadAddins\DDNCadAddins\DDNCadAddins.csproj]
D:\leaveblackgithub\DDNCadAddins\src\DDNCadAddins\DDNCadAddins\Commands\IsolateXClippedBlocksCommand.cs(69,1): warning SA1028: Code should not contain trailing whitespace (https://github.com/DotNetAnalyzers/StyleCopAnalyzers/blob/master/documentation/SA1028.md) [D:\leaveblackgithub\DDNCadAddins\src\DDNCadAddins\DDNCadAddins\DDNCadAddins.csproj]
D:\leaveblackgithub\DDNCadAddins\src\DDNCadAddins\DDNCadAddins\Commands\IsolateXClippedBlocksCommand.cs(75,1): warning SA1028: Code should not contain trailing whitespace (https://github.com/DotNetAnalyzers/StyleCopAnalyzers/blob/master/documentation/SA1028.md) [D:\leaveblackgithub\DDNCadAddins\src\DDNCadAddins\DDNCadAddins\DDNCadAddins.csproj]
D:\leaveblackgithub\DDNCadAddins\src\DDNCadAddins\DDNCadAddins\Commands\IsolateXClippedBlocksCommand.cs(81,1): warning SA1028: Code should not contain trailing whitespace (https://github.com/DotNetAnalyzers/StyleCopAnalyzers/blob/master/documentation/SA1028.md) [D:\leaveblackgithub\DDNCadAddins\src\DDNCadAddins\DDNCadAddins\DDNCadAddins.csproj]
D:\leaveblackgithub\DDNCadAddins\src\DDNCadAddins\DDNCadAddins\Commands\IsolateXClippedBlocksCommand.cs(84,1): warning SA1028: Code should not contain trailing whitespace (https://github.com/DotNetAnalyzers/StyleCopAnalyzers/blob/master/documentation/SA1028.md) [D:\leaveblackgithub\DDNCadAddins\src\DDNCadAddins\DDNCadAddins\DDNCadAddins.csproj]
D:\leaveblackgithub\DDNCadAddins\src\DDNCadAddins\DDNCadAddins\Commands\IsolateXClippedBlocksCommand.cs(88,1): warning SA1028: Code should not contain trailing whitespace (https://github.com/DotNetAnalyzers/StyleCopAnalyzers/blob/master/documentation/SA1028.md) [D:\leaveblackgithub\DDNCadAddins\src\DDNCadAddins\DDNCadAddins\DDNCadAddins.csproj]
D:\leaveblackgithub\DDNCadAddins\src\DDNCadAddins\DDNCadAddins\Commands\IsolateXClippedBlocksCommand.cs(99,2): warning SA1028: Code should not contain trailing whitespace (https://github.com/DotNetAnalyzers/StyleCopAnalyzers/blob/master/documentation/SA1028.md) [D:\leaveblackgithub\DDNCadAddins\src\DDNCadAddins\DDNCadAddins\DDNCadAddins.csproj]
D:\leaveblackgithub\DDNCadAddins\src\DDNCadAddins\DDNCadAddins\Commands\OpenXClipLogCommand.cs(1,1): warning SA1633: The file header is missing or not located at the top of the file. (https://github.com/DotNetAnalyzers/StyleCopAnalyzers/blob/master/documentation/SA1633.md) [D:\leaveblackgithub\DDNCadAddins\src\DDNCadAddins\DDNCadAddins\DDNCadAddins.csproj]
D:\leaveblackgithub\DDNCadAddins\src\DDNCadAddins\DDNCadAddins\Commands\OpenXClipLogCommand.cs(30,1): warning SA1028: Code should not contain trailing whitespace (https://github.com/DotNetAnalyzers/StyleCopAnalyzers/blob/master/documentation/SA1028.md) [D:\leaveblackgithub\DDNCadAddins\src\DDNCadAddins\DDNCadAddins\DDNCadAddins.csproj]
D:\leaveblackgithub\DDNCadAddins\src\DDNCadAddins\DDNCadAddins\Commands\OpenXClipLogCommand.cs(38,1): warning SA1028: Code should not contain trailing whitespace (https://github.com/DotNetAnalyzers/StyleCopAnalyzers/blob/master/documentation/SA1028.md) [D:\leaveblackgithub\DDNCadAddins\src\DDNCadAddins\DDNCadAddins\DDNCadAddins.csproj]
D:\leaveblackgithub\DDNCadAddins\src\DDNCadAddins\DDNCadAddins\Commands\OpenXClipLogCommand.cs(47,1): warning SA1028: Code should not contain trailing whitespace (https://github.com/DotNetAnalyzers/StyleCopAnalyzers/blob/master/documentation/SA1028.md) [D:\leaveblackgithub\DDNCadAddins\src\DDNCadAddins\DDNCadAddins\DDNCadAddins.csproj]
D:\leaveblackgithub\DDNCadAddins\src\DDNCadAddins\DDNCadAddins\Commands\OpenXClipLogCommand.cs(54,1): warning SA1028: Code should not contain trailing whitespace (https://github.com/DotNetAnalyzers/StyleCopAnalyzers/blob/master/documentation/SA1028.md) [D:\leaveblackgithub\DDNCadAddins\src\DDNCadAddins\DDNCadAddins\DDNCadAddins.csproj]
D:\leaveblackgithub\DDNCadAddins\src\DDNCadAddins\DDNCadAddins\Commands\OpenXClipLogCommand.cs(66,2): warning SA1028: Code should not contain trailing whitespace (https://github.com/DotNetAnalyzers/StyleCopAnalyzers/blob/master/documentation/SA1028.md) [D:\leaveblackgithub\DDNCadAddins\src\DDNCadAddins\DDNCadAddins\DDNCadAddins.csproj]
D:\leaveblackgithub\DDNCadAddins\src\DDNCadAddins\DDNCadAddins\Commands\XClipCommand.cs(1,1): warning SA1633: The file header is missing or not located at the top of the file. (https://github.com/DotNetAnalyzers/StyleCopAnalyzers/blob/master/documentation/SA1633.md) [D:\leaveblackgithub\DDNCadAddins\src\DDNCadAddins\DDNCadAddins\DDNCadAddins.csproj]
D:\leaveblackgithub\DDNCadAddins\src\DDNCadAddins\DDNCadAddins\Commands\XClipCommand.cs(12,1): warning SA1515: Single-line comment should be preceded by blank line (https://github.com/DotNetAnalyzers/StyleCopAnalyzers/blob/master/documentation/SA1515.md) [D:\leaveblackgithub\DDNCadAddins\src\DDNCadAddins\DDNCadAddins\DDNCadAddins.csproj]
D:\leaveblackgithub\DDNCadAddins\src\DDNCadAddins\DDNCadAddins\Commands\TestRunner.cs(40,21): warning SA1201: A enum should not follow a class (https://github.com/DotNetAnalyzers/StyleCopAnalyzers/blob/master/documentation/SA1201.md) [D:\leaveblackgithub\DDNCadAddins\src\DDNCadAddins\DDNCadAddins\DDNCadAddins.csproj]
D:\leaveblackgithub\DDNCadAddins\src\DDNCadAddins\DDNCadAddins\Infrastructure\ServiceLocator.cs(77,28): warning SA1202: 'public' members should come before 'private' members (https://github.com/DotNetAnalyzers/StyleCopAnalyzers/blob/master/documentation/SA1202.md) [D:\leaveblackgithub\DDNCadAddins\src\DDNCadAddins\DDNCadAddins\DDNCadAddins.csproj]
D:\leaveblackgithub\DDNCadAddins\src\DDNCadAddins\DDNCadAddins\Commands\TestRunner.cs(85,29): warning SA1201: A field should not follow a class (https://github.com/DotNetAnalyzers/StyleCopAnalyzers/blob/master/documentation/SA1201.md) [D:\leaveblackgithub\DDNCadAddins\src\DDNCadAddins\DDNCadAddins\DDNCadAddins.csproj]
D:\leaveblackgithub\DDNCadAddins\src\DDNCadAddins\DDNCadAddins\Commands\TestRunner.cs(464,21): warning SA1202: 'public' members should come before 'private' members (https://github.com/DotNetAnalyzers/StyleCopAnalyzers/blob/master/documentation/SA1202.md) [D:\leaveblackgithub\DDNCadAddins\src\DDNCadAddins\DDNCadAddins\DDNCadAddins.csproj]
D:\leaveblackgithub\DDNCadAddins\src\DDNCadAddins\DDNCadAddins\Commands\TestRunner.cs(599,21): warning SA1202: 'public' members should come before 'private' members (https://github.com/DotNetAnalyzers/StyleCopAnalyzers/blob/master/documentation/SA1202.md) [D:\leaveblackgithub\DDNCadAddins\src\DDNCadAddins\DDNCadAddins\DDNCadAddins.csproj]
D:\leaveblackgithub\DDNCadAddins\src\DDNCadAddins\DDNCadAddins\Infrastructure\ServiceLocator.cs(16,40): warning SA1214: Readonly fields should appear before non-readonly fields (https://github.com/DotNetAnalyzers/StyleCopAnalyzers/blob/master/documentation/SA1214.md) [D:\leaveblackgithub\DDNCadAddins\src\DDNCadAddins\DDNCadAddins\DDNCadAddins.csproj]
D:\leaveblackgithub\DDNCadAddins\src\DDNCadAddins\DDNCadAddins\Commands\TestRunner.cs(88,30): warning SA1203: Constant fields should appear before non-constant fields (https://github.com/DotNetAnalyzers/StyleCopAnalyzers/blob/master/documentation/SA1203.md) [D:\leaveblackgithub\DDNCadAddins\src\DDNCadAddins\DDNCadAddins\DDNCadAddins.csproj]
D:\leaveblackgithub\DDNCadAddins\src\DDNCadAddins\DDNCadAddins\Commands\XClipTest\TestCommandBase.cs(19,47): warning CA1051: 不要声明可见实例字段 (https://docs.microsoft.com/dotnet/fundamentals/code-analysis/quality-rules/ca1051) [D:\leaveblackgithub\DDNCadAddins\src\DDNCadAddins\DDNCadAddins\DDNCadAddins.csproj]
D:\leaveblackgithub\DDNCadAddins\src\DDNCadAddins\DDNCadAddins\Commands\CommandBase.cs(25,36): warning CA1051: 不要声明可见实例字段 (https://docs.microsoft.com/dotnet/fundamentals/code-analysis/quality-rules/ca1051) [D:\leaveblackgithub\DDNCadAddins\src\DDNCadAddins\DDNCadAddins\DDNCadAddins.csproj]
D:\leaveblackgithub\DDNCadAddins\src\DDNCadAddins\DDNCadAddins\Commands\CommandBase.cs(25,36): warning SA1401: Field should be private (https://github.com/DotNetAnalyzers/StyleCopAnalyzers/blob/master/documentation/SA1401.md) [D:\leaveblackgithub\DDNCadAddins\src\DDNCadAddins\DDNCadAddins\DDNCadAddins.csproj]
D:\leaveblackgithub\DDNCadAddins\src\DDNCadAddins\DDNCadAddins\Commands\XClipTest\TestCommandBase.cs(19,47): warning SA1401: Field should be private (https://github.com/DotNetAnalyzers/StyleCopAnalyzers/blob/master/documentation/SA1401.md) [D:\leaveblackgithub\DDNCadAddins\src\DDNCadAddins\DDNCadAddins\DDNCadAddins.csproj]
D:\leaveblackgithub\DDNCadAddins\src\DDNCadAddins\DDNCadAddins\Commands\XClipCommand.cs(25,1): warning SA1028: Code should not contain trailing whitespace (https://github.com/DotNetAnalyzers/StyleCopAnalyzers/blob/master/documentation/SA1028.md) [D:\leaveblackgithub\DDNCadAddins\src\DDNCadAddins\DDNCadAddins\DDNCadAddins.csproj]
D:\leaveblackgithub\DDNCadAddins\src\DDNCadAddins\DDNCadAddins\Commands\XClipCommand.cs(45,1): warning SA1028: Code should not contain trailing whitespace (https://github.com/DotNetAnalyzers/StyleCopAnalyzers/blob/master/documentation/SA1028.md) [D:\leaveblackgithub\DDNCadAddins\src\DDNCadAddins\DDNCadAddins\DDNCadAddins.csproj]
D:\leaveblackgithub\DDNCadAddins\src\DDNCadAddins\DDNCadAddins\Commands\XClipCommand.cs(55,1): warning SA1028: Code should not contain trailing whitespace (https://github.com/DotNetAnalyzers/StyleCopAnalyzers/blob/master/documentation/SA1028.md) [D:\leaveblackgithub\DDNCadAddins\src\DDNCadAddins\DDNCadAddins\DDNCadAddins.csproj]
D:\leaveblackgithub\DDNCadAddins\src\DDNCadAddins\DDNCadAddins\Commands\XClipCommand.cs(65,1): warning SA1028: Code should not contain trailing whitespace (https://github.com/DotNetAnalyzers/StyleCopAnalyzers/blob/master/documentation/SA1028.md) [D:\leaveblackgithub\DDNCadAddins\src\DDNCadAddins\DDNCadAddins\DDNCadAddins.csproj]
D:\leaveblackgithub\DDNCadAddins\src\DDNCadAddins\DDNCadAddins\Commands\XClipCommand.cs(75,1): warning SA1028: Code should not contain trailing whitespace (https://github.com/DotNetAnalyzers/StyleCopAnalyzers/blob/master/documentation/SA1028.md) [D:\leaveblackgithub\DDNCadAddins\src\DDNCadAddins\DDNCadAddins\DDNCadAddins.csproj]
D:\leaveblackgithub\DDNCadAddins\src\DDNCadAddins\DDNCadAddins\Commands\XClipCommand.cs(100,1): warning SA1028: Code should not contain trailing whitespace (https://github.com/DotNetAnalyzers/StyleCopAnalyzers/blob/master/documentation/SA1028.md) [D:\leaveblackgithub\DDNCadAddins\src\DDNCadAddins\DDNCadAddins\DDNCadAddins.csproj]
D:\leaveblackgithub\DDNCadAddins\src\DDNCadAddins\DDNCadAddins\Commands\XClipCommand.cs(107,1): warning SA1028: Code should not contain trailing whitespace (https://github.com/DotNetAnalyzers/StyleCopAnalyzers/blob/master/documentation/SA1028.md) [D:\leaveblackgithub\DDNCadAddins\src\DDNCadAddins\DDNCadAddins\DDNCadAddins.csproj]
D:\leaveblackgithub\DDNCadAddins\src\DDNCadAddins\DDNCadAddins\Commands\XClipCommand.cs(110,1): warning SA1028: Code should not contain trailing whitespace (https://github.com/DotNetAnalyzers/StyleCopAnalyzers/blob/master/documentation/SA1028.md) [D:\leaveblackgithub\DDNCadAddins\src\DDNCadAddins\DDNCadAddins\DDNCadAddins.csproj]
D:\leaveblackgithub\DDNCadAddins\src\DDNCadAddins\DDNCadAddins\Commands\XClipCommand.cs(112,1): warning SA1028: Code should not contain trailing whitespace (https://github.com/DotNetAnalyzers/StyleCopAnalyzers/blob/master/documentation/SA1028.md) [D:\leaveblackgithub\DDNCadAddins\src\DDNCadAddins\DDNCadAddins\DDNCadAddins.csproj]
D:\leaveblackgithub\DDNCadAddins\src\DDNCadAddins\DDNCadAddins\Commands\XClipCommand.cs(118,1): warning SA1028: Code should not contain trailing whitespace (https://github.com/DotNetAnalyzers/StyleCopAnalyzers/blob/master/documentation/SA1028.md) [D:\leaveblackgithub\DDNCadAddins\src\DDNCadAddins\DDNCadAddins\DDNCadAddins.csproj]
D:\leaveblackgithub\DDNCadAddins\src\DDNCadAddins\DDNCadAddins\Commands\XClipCommand.cs(121,1): warning SA1028: Code should not contain trailing whitespace (https://github.com/DotNetAnalyzers/StyleCopAnalyzers/blob/master/documentation/SA1028.md) [D:\leaveblackgithub\DDNCadAddins\src\DDNCadAddins\DDNCadAddins\DDNCadAddins.csproj]
D:\leaveblackgithub\DDNCadAddins\src\DDNCadAddins\DDNCadAddins\Commands\XClipCommand.cs(127,1): warning SA1028: Code should not contain trailing whitespace (https://github.com/DotNetAnalyzers/StyleCopAnalyzers/blob/master/documentation/SA1028.md) [D:\leaveblackgithub\DDNCadAddins\src\DDNCadAddins\DDNCadAddins\DDNCadAddins.csproj]
D:\leaveblackgithub\DDNCadAddins\src\DDNCadAddins\DDNCadAddins\Commands\XClipCommand.cs(134,1): warning SA1028: Code should not contain trailing whitespace (https://github.com/DotNetAnalyzers/StyleCopAnalyzers/blob/master/documentation/SA1028.md) [D:\leaveblackgithub\DDNCadAddins\src\DDNCadAddins\DDNCadAddins\DDNCadAddins.csproj]
D:\leaveblackgithub\DDNCadAddins\src\DDNCadAddins\DDNCadAddins\Commands\XClipCommand.cs(137,1): warning SA1028: Code should not contain trailing whitespace (https://github.com/DotNetAnalyzers/StyleCopAnalyzers/blob/master/documentation/SA1028.md) [D:\leaveblackgithub\DDNCadAddins\src\DDNCadAddins\DDNCadAddins\DDNCadAddins.csproj]
D:\leaveblackgithub\DDNCadAddins\src\DDNCadAddins\DDNCadAddins\Commands\XClipCommand.cs(139,1): warning SA1028: Code should not contain trailing whitespace (https://github.com/DotNetAnalyzers/StyleCopAnalyzers/blob/master/documentation/SA1028.md) [D:\leaveblackgithub\DDNCadAddins\src\DDNCadAddins\DDNCadAddins\DDNCadAddins.csproj]
D:\leaveblackgithub\DDNCadAddins\src\DDNCadAddins\DDNCadAddins\Commands\XClipCommand.cs(144,1): warning SA1028: Code should not contain trailing whitespace (https://github.com/DotNetAnalyzers/StyleCopAnalyzers/blob/master/documentation/SA1028.md) [D:\leaveblackgithub\DDNCadAddins\src\DDNCadAddins\DDNCadAddins\DDNCadAddins.csproj]
D:\leaveblackgithub\DDNCadAddins\src\DDNCadAddins\DDNCadAddins\Commands\XClipCommand.cs(157,1): warning SA1028: Code should not contain trailing whitespace (https://github.com/DotNetAnalyzers/StyleCopAnalyzers/blob/master/documentation/SA1028.md) [D:\leaveblackgithub\DDNCadAddins\src\DDNCadAddins\DDNCadAddins\DDNCadAddins.csproj]
D:\leaveblackgithub\DDNCadAddins\src\DDNCadAddins\DDNCadAddins\Commands\XClipCommand.cs(164,1): warning SA1028: Code should not contain trailing whitespace (https://github.com/DotNetAnalyzers/StyleCopAnalyzers/blob/master/documentation/SA1028.md) [D:\leaveblackgithub\DDNCadAddins\src\DDNCadAddins\DDNCadAddins\DDNCadAddins.csproj]
D:\leaveblackgithub\DDNCadAddins\src\DDNCadAddins\DDNCadAddins\Commands\XClipCommand.cs(175,1): warning SA1028: Code should not contain trailing whitespace (https://github.com/DotNetAnalyzers/StyleCopAnalyzers/blob/master/documentation/SA1028.md) [D:\leaveblackgithub\DDNCadAddins\src\DDNCadAddins\DDNCadAddins\DDNCadAddins.csproj]
D:\leaveblackgithub\DDNCadAddins\src\DDNCadAddins\DDNCadAddins\Commands\XClipCommand.cs(182,1): warning SA1028: Code should not contain trailing whitespace (https://github.com/DotNetAnalyzers/StyleCopAnalyzers/blob/master/documentation/SA1028.md) [D:\leaveblackgithub\DDNCadAddins\src\DDNCadAddins\DDNCadAddins\DDNCadAddins.csproj]
D:\leaveblackgithub\DDNCadAddins\src\DDNCadAddins\DDNCadAddins\Commands\XClipCommand.cs(185,1): warning SA1028: Code should not contain trailing whitespace (https://github.com/DotNetAnalyzers/StyleCopAnalyzers/blob/master/documentation/SA1028.md) [D:\leaveblackgithub\DDNCadAddins\src\DDNCadAddins\DDNCadAddins\DDNCadAddins.csproj]
D:\leaveblackgithub\DDNCadAddins\src\DDNCadAddins\DDNCadAddins\Commands\XClipCommand.cs(187,1): warning SA1028: Code should not contain trailing whitespace (https://github.com/DotNetAnalyzers/StyleCopAnalyzers/blob/master/documentation/SA1028.md) [D:\leaveblackgithub\DDNCadAddins\src\DDNCadAddins\DDNCadAddins\DDNCadAddins.csproj]
D:\leaveblackgithub\DDNCadAddins\src\DDNCadAddins\DDNCadAddins\Commands\XClipCommand.cs(193,1): warning SA1028: Code should not contain trailing whitespace (https://github.com/DotNetAnalyzers/StyleCopAnalyzers/blob/master/documentation/SA1028.md) [D:\leaveblackgithub\DDNCadAddins\src\DDNCadAddins\DDNCadAddins\DDNCadAddins.csproj]
D:\leaveblackgithub\DDNCadAddins\src\DDNCadAddins\DDNCadAddins\Commands\XClipCommand.cs(199,1): warning SA1028: Code should not contain trailing whitespace (https://github.com/DotNetAnalyzers/StyleCopAnalyzers/blob/master/documentation/SA1028.md) [D:\leaveblackgithub\DDNCadAddins\src\DDNCadAddins\DDNCadAddins\DDNCadAddins.csproj]
D:\leaveblackgithub\DDNCadAddins\src\DDNCadAddins\DDNCadAddins\Commands\XClipCommand.cs(202,1): warning SA1028: Code should not contain trailing whitespace (https://github.com/DotNetAnalyzers/StyleCopAnalyzers/blob/master/documentation/SA1028.md) [D:\leaveblackgithub\DDNCadAddins\src\DDNCadAddins\DDNCadAddins\DDNCadAddins.csproj]
D:\leaveblackgithub\DDNCadAddins\src\DDNCadAddins\DDNCadAddins\Commands\XClipCommand.cs(206,1): warning SA1028: Code should not contain trailing whitespace (https://github.com/DotNetAnalyzers/StyleCopAnalyzers/blob/master/documentation/SA1028.md) [D:\leaveblackgithub\DDNCadAddins\src\DDNCadAddins\DDNCadAddins\DDNCadAddins.csproj]
D:\leaveblackgithub\DDNCadAddins\src\DDNCadAddins\DDNCadAddins\Commands\XClipCommand.cs(216,1): warning SA1028: Code should not contain trailing whitespace (https://github.com/DotNetAnalyzers/StyleCopAnalyzers/blob/master/documentation/SA1028.md) [D:\leaveblackgithub\DDNCadAddins\src\DDNCadAddins\DDNCadAddins\DDNCadAddins.csproj]
D:\leaveblackgithub\DDNCadAddins\src\DDNCadAddins\DDNCadAddins\Commands\XClipCommand.cs(223,1): warning SA1028: Code should not contain trailing whitespace (https://github.com/DotNetAnalyzers/StyleCopAnalyzers/blob/master/documentation/SA1028.md) [D:\leaveblackgithub\DDNCadAddins\src\DDNCadAddins\DDNCadAddins\DDNCadAddins.csproj]
D:\leaveblackgithub\DDNCadAddins\src\DDNCadAddins\DDNCadAddins\Commands\XClipCommand.cs(225,1): warning SA1028: Code should not contain trailing whitespace (https://github.com/DotNetAnalyzers/StyleCopAnalyzers/blob/master/documentation/SA1028.md) [D:\leaveblackgithub\DDNCadAddins\src\DDNCadAddins\DDNCadAddins\DDNCadAddins.csproj]
D:\leaveblackgithub\DDNCadAddins\src\DDNCadAddins\DDNCadAddins\Commands\XClipCommand.cs(236,1): warning SA1028: Code should not contain trailing whitespace (https://github.com/DotNetAnalyzers/StyleCopAnalyzers/blob/master/documentation/SA1028.md) [D:\leaveblackgithub\DDNCadAddins\src\DDNCadAddins\DDNCadAddins\DDNCadAddins.csproj]
D:\leaveblackgithub\DDNCadAddins\src\DDNCadAddins\DDNCadAddins\Commands\XClipTest\TestCommandBase.cs(1,1): warning SA1633: The file header is missing or not located at the top of the file. (https://github.com/DotNetAnalyzers/StyleCopAnalyzers/blob/master/documentation/SA1633.md) [D:\leaveblackgithub\DDNCadAddins\src\DDNCadAddins\DDNCadAddins\DDNCadAddins.csproj]
D:\leaveblackgithub\DDNCadAddins\src\DDNCadAddins\DDNCadAddins\Commands\XClipTest\TestCommandBase.cs(20,1): warning SA1028: Code should not contain trailing whitespace (https://github.com/DotNetAnalyzers/StyleCopAnalyzers/blob/master/documentation/SA1028.md) [D:\leaveblackgithub\DDNCadAddins\src\DDNCadAddins\DDNCadAddins\DDNCadAddins.csproj]
D:\leaveblackgithub\DDNCadAddins\src\DDNCadAddins\DDNCadAddins\Commands\XClipTest\TestCommandBase.cs(29,1): warning SA1028: Code should not contain trailing whitespace (https://github.com/DotNetAnalyzers/StyleCopAnalyzers/blob/master/documentation/SA1028.md) [D:\leaveblackgithub\DDNCadAddins\src\DDNCadAddins\DDNCadAddins\DDNCadAddins.csproj]
D:\leaveblackgithub\DDNCadAddins\src\DDNCadAddins\DDNCadAddins\Commands\XClipTest\TestCommandBase.cs(42,1): warning SA1028: Code should not contain trailing whitespace (https://github.com/DotNetAnalyzers/StyleCopAnalyzers/blob/master/documentation/SA1028.md) [D:\leaveblackgithub\DDNCadAddins\src\DDNCadAddins\DDNCadAddins\DDNCadAddins.csproj]
D:\leaveblackgithub\DDNCadAddins\src\DDNCadAddins\DDNCadAddins\Commands\XClipTest\TestCommandBase.cs(55,1): warning SA1028: Code should not contain trailing whitespace (https://github.com/DotNetAnalyzers/StyleCopAnalyzers/blob/master/documentation/SA1028.md) [D:\leaveblackgithub\DDNCadAddins\src\DDNCadAddins\DDNCadAddins\DDNCadAddins.csproj]
D:\leaveblackgithub\DDNCadAddins\src\DDNCadAddins\DDNCadAddins\Commands\XClipTest\TestCommandBase.cs(68,1): warning SA1028: Code should not contain trailing whitespace (https://github.com/DotNetAnalyzers/StyleCopAnalyzers/blob/master/documentation/SA1028.md) [D:\leaveblackgithub\DDNCadAddins\src\DDNCadAddins\DDNCadAddins\DDNCadAddins.csproj]
D:\leaveblackgithub\DDNCadAddins\src\DDNCadAddins\DDNCadAddins\Commands\XClipTest\TestCommandBase.cs(81,1): warning SA1028: Code should not contain trailing whitespace (https://github.com/DotNetAnalyzers/StyleCopAnalyzers/blob/master/documentation/SA1028.md) [D:\leaveblackgithub\DDNCadAddins\src\DDNCadAddins\DDNCadAddins\DDNCadAddins.csproj]
D:\leaveblackgithub\DDNCadAddins\src\DDNCadAddins\DDNCadAddins\Commands\XClipTest\TestCommandBase.cs(94,1): warning SA1028: Code should not contain trailing whitespace (https://github.com/DotNetAnalyzers/StyleCopAnalyzers/blob/master/documentation/SA1028.md) [D:\leaveblackgithub\DDNCadAddins\src\DDNCadAddins\DDNCadAddins\DDNCadAddins.csproj]
D:\leaveblackgithub\DDNCadAddins\src\DDNCadAddins\DDNCadAddins\Commands\XClipTest\TestCommandBase.cs(107,1): warning SA1028: Code should not contain trailing whitespace (https://github.com/DotNetAnalyzers/StyleCopAnalyzers/blob/master/documentation/SA1028.md) [D:\leaveblackgithub\DDNCadAddins\src\DDNCadAddins\DDNCadAddins\DDNCadAddins.csproj]
D:\leaveblackgithub\DDNCadAddins\src\DDNCadAddins\DDNCadAddins\Commands\XClipTest\TestCommandBase.cs(119,1): warning SA1028: Code should not contain trailing whitespace (https://github.com/DotNetAnalyzers/StyleCopAnalyzers/blob/master/documentation/SA1028.md) [D:\leaveblackgithub\DDNCadAddins\src\DDNCadAddins\DDNCadAddins\DDNCadAddins.csproj]
D:\leaveblackgithub\DDNCadAddins\src\DDNCadAddins\DDNCadAddins\Commands\XClipTest\TestCommandBase.cs(127,1): warning SA1028: Code should not contain trailing whitespace (https://github.com/DotNetAnalyzers/StyleCopAnalyzers/blob/master/documentation/SA1028.md) [D:\leaveblackgithub\DDNCadAddins\src\DDNCadAddins\DDNCadAddins\DDNCadAddins.csproj]
D:\leaveblackgithub\DDNCadAddins\src\DDNCadAddins\DDNCadAddins\Commands\XClipTest\TestCommandBase.cs(132,1): warning SA1028: Code should not contain trailing whitespace (https://github.com/DotNetAnalyzers/StyleCopAnalyzers/blob/master/documentation/SA1028.md) [D:\leaveblackgithub\DDNCadAddins\src\DDNCadAddins\DDNCadAddins\DDNCadAddins.csproj]
D:\leaveblackgithub\DDNCadAddins\src\DDNCadAddins\DDNCadAddins\Commands\XClipTest\TestCommandBase.cs(141,1): warning SA1028: Code should not contain trailing whitespace (https://github.com/DotNetAnalyzers/StyleCopAnalyzers/blob/master/documentation/SA1028.md) [D:\leaveblackgithub\DDNCadAddins\src\DDNCadAddins\DDNCadAddins\DDNCadAddins.csproj]
D:\leaveblackgithub\DDNCadAddins\src\DDNCadAddins\DDNCadAddins\Commands\XClipTest\TestCommandBase.cs(150,1): warning SA1028: Code should not contain trailing whitespace (https://github.com/DotNetAnalyzers/StyleCopAnalyzers/blob/master/documentation/SA1028.md) [D:\leaveblackgithub\DDNCadAddins\src\DDNCadAddins\DDNCadAddins\DDNCadAddins.csproj]
D:\leaveblackgithub\DDNCadAddins\src\DDNCadAddins\DDNCadAddins\Commands\XClipTest\TestCommandBase.cs(158,1): warning SA1028: Code should not contain trailing whitespace (https://github.com/DotNetAnalyzers/StyleCopAnalyzers/blob/master/documentation/SA1028.md) [D:\leaveblackgithub\DDNCadAddins\src\DDNCadAddins\DDNCadAddins\DDNCadAddins.csproj]
D:\leaveblackgithub\DDNCadAddins\src\DDNCadAddins\DDNCadAddins\Commands\XClipTest\TestCommandBase.cs(163,1): warning SA1028: Code should not contain trailing whitespace (https://github.com/DotNetAnalyzers/StyleCopAnalyzers/blob/master/documentation/SA1028.md) [D:\leaveblackgithub\DDNCadAddins\src\DDNCadAddins\DDNCadAddins\DDNCadAddins.csproj]
D:\leaveblackgithub\DDNCadAddins\src\DDNCadAddins\DDNCadAddins\Commands\XClipTest\TestCommandBase.cs(185,2): warning SA1028: Code should not contain trailing whitespace (https://github.com/DotNetAnalyzers/StyleCopAnalyzers/blob/master/documentation/SA1028.md) [D:\leaveblackgithub\DDNCadAddins\src\DDNCadAddins\DDNCadAddins\DDNCadAddins.csproj]
D:\leaveblackgithub\DDNCadAddins\src\DDNCadAddins\DDNCadAddins\Commands\XClipTestCommand.cs(1,1): warning SA1633: The file header is missing or not located at the top of the file. (https://github.com/DotNetAnalyzers/StyleCopAnalyzers/blob/master/documentation/SA1633.md) [D:\leaveblackgithub\DDNCadAddins\src\DDNCadAddins\DDNCadAddins\DDNCadAddins.csproj]
D:\leaveblackgithub\DDNCadAddins\src\DDNCadAddins\DDNCadAddins\Commands\XClipTestCommand.cs(22,43): warning SA1309: Field '_testCreator' should not begin with an underscore (https://github.com/DotNetAnalyzers/StyleCopAnalyzers/blob/master/documentation/SA1309.md) [D:\leaveblackgithub\DDNCadAddins\src\DDNCadAddins\DDNCadAddins\DDNCadAddins.csproj]
D:\leaveblackgithub\DDNCadAddins\src\DDNCadAddins\DDNCadAddins\Commands\FindXClippedBlocksCommand.cs(16,45): warning SA1309: Field '_xclipService' should not begin with an underscore (https://github.com/DotNetAnalyzers/StyleCopAnalyzers/blob/master/documentation/SA1309.md) [D:\leaveblackgithub\DDNCadAddins\src\DDNCadAddins\DDNCadAddins\DDNCadAddins.csproj]
D:\leaveblackgithub\DDNCadAddins\src\DDNCadAddins\DDNCadAddins\Commands\XClipCommand.cs(23,45): warning SA1309: Field '_xclipService' should not begin with an underscore (https://github.com/DotNetAnalyzers/StyleCopAnalyzers/blob/master/documentation/SA1309.md) [D:\leaveblackgithub\DDNCadAddins\src\DDNCadAddins\DDNCadAddins\DDNCadAddins.csproj]
D:\leaveblackgithub\DDNCadAddins\src\DDNCadAddins\DDNCadAddins\Services\AcadViewService.cs(18,46): warning SA1309: Field '_msgService' should not begin with an underscore (https://github.com/DotNetAnalyzers/StyleCopAnalyzers/blob/master/documentation/SA1309.md) [D:\leaveblackgithub\DDNCadAddins\src\DDNCadAddins\DDNCadAddins\DDNCadAddins.csproj]
D:\leaveblackgithub\DDNCadAddins\src\DDNCadAddins\DDNCadAddins\Commands\Blk2CsvCommand.cs(24,44): warning SA1309: Field '_blockDataService' should not begin with an underscore (https://github.com/DotNetAnalyzers/StyleCopAnalyzers/blob/master/documentation/SA1309.md) [D:\leaveblackgithub\DDNCadAddins\src\DDNCadAddins\DDNCadAddins\DDNCadAddins.csproj]
D:\leaveblackgithub\DDNCadAddins\src\DDNCadAddins\DDNCadAddins\Infrastructure\FileLogger.cs(17,30): warning SA1309: Field '_logWriter' should not begin with an underscore (https://github.com/DotNetAnalyzers/StyleCopAnalyzers/blob/master/documentation/SA1309.md) [D:\leaveblackgithub\DDNCadAddins\src\DDNCadAddins\DDNCadAddins\DDNCadAddins.csproj]
D:\leaveblackgithub\DDNCadAddins\src\DDNCadAddins\DDNCadAddins\Commands\TestRunner.cs(85,29): warning SA1309: Field '_context' should not begin with an underscore (https://github.com/DotNetAnalyzers/StyleCopAnalyzers/blob/master/documentation/SA1309.md) [D:\leaveblackgithub\DDNCadAddins\src\DDNCadAddins\DDNCadAddins\DDNCadAddins.csproj]
D:\leaveblackgithub\DDNCadAddins\src\DDNCadAddins\DDNCadAddins\Infrastructure\AcadUserMessageService.cs(14,34): warning SA1309: Field '_logger' should not begin with an underscore (https://github.com/DotNetAnalyzers/StyleCopAnalyzers/blob/master/documentation/SA1309.md) [D:\leaveblackgithub\DDNCadAddins\src\DDNCadAddins\DDNCadAddins\DDNCadAddins.csproj]
D:\leaveblackgithub\DDNCadAddins\src\DDNCadAddins\DDNCadAddins\Infrastructure\ServiceLocator.cs(13,64): warning SA1309: Field '_serviceFactories' should not begin with an underscore (https://github.com/DotNetAnalyzers/StyleCopAnalyzers/blob/master/documentation/SA1309.md) [D:\leaveblackgithub\DDNCadAddins\src\DDNCadAddins\DDNCadAddins\DDNCadAddins.csproj]
D:\leaveblackgithub\DDNCadAddins\src\DDNCadAddins\DDNCadAddins\Services\BlockReferenceService.cs(17,34): warning SA1309: Field '_logger' should not begin with an underscore (https://github.com/DotNetAnalyzers/StyleCopAnalyzers/blob/master/documentation/SA1309.md) [D:\leaveblackgithub\DDNCadAddins\src\DDNCadAddins\DDNCadAddins\DDNCadAddins.csproj]
D:\leaveblackgithub\DDNCadAddins\src\DDNCadAddins\DDNCadAddins\Commands\CreateXClippedBlockCommand.cs(15,45): warning SA1309: Field '_xclipService' should not begin with an underscore (https://github.com/DotNetAnalyzers/StyleCopAnalyzers/blob/master/documentation/SA1309.md) [D:\leaveblackgithub\DDNCadAddins\src\DDNCadAddins\DDNCadAddins\DDNCadAddins.csproj]
D:\leaveblackgithub\DDNCadAddins\src\DDNCadAddins\DDNCadAddins\Commands\CommandBase.cs(35,41): warning CA1051: 不要声明可见实例字段 (https://docs.microsoft.com/dotnet/fundamentals/code-analysis/quality-rules/ca1051) [D:\leaveblackgithub\DDNCadAddins\src\DDNCadAddins\DDNCadAddins\DDNCadAddins.csproj]
D:\leaveblackgithub\DDNCadAddins\src\DDNCadAddins\DDNCadAddins\Commands\CommandBase.cs(35,41): warning SA1401: Field should be private (https://github.com/DotNetAnalyzers/StyleCopAnalyzers/blob/master/documentation/SA1401.md) [D:\leaveblackgithub\DDNCadAddins\src\DDNCadAddins\DDNCadAddins\DDNCadAddins.csproj]
D:\leaveblackgithub\DDNCadAddins\src\DDNCadAddins\DDNCadAddins\Commands\CommandBase.cs(40,50): warning CA1051: 不要声明可见实例字段 (https://docs.microsoft.com/dotnet/fundamentals/code-analysis/quality-rules/ca1051) [D:\leaveblackgithub\DDNCadAddins\src\DDNCadAddins\DDNCadAddins\DDNCadAddins.csproj]
D:\leaveblackgithub\DDNCadAddins\src\DDNCadAddins\DDNCadAddins\Commands\CommandBase.cs(40,50): warning SA1401: Field should be private (https://github.com/DotNetAnalyzers/StyleCopAnalyzers/blob/master/documentation/SA1401.md) [D:\leaveblackgithub\DDNCadAddins\src\DDNCadAddins\DDNCadAddins\DDNCadAddins.csproj]
D:\leaveblackgithub\DDNCadAddins\src\DDNCadAddins\DDNCadAddins\Commands\IsolateXClippedBlocksCommand.cs(18,45): warning SA1309: Field '_xclipService' should not begin with an underscore (https://github.com/DotNetAnalyzers/StyleCopAnalyzers/blob/master/documentation/SA1309.md) [D:\leaveblackgithub\DDNCadAddins\src\DDNCadAddins\DDNCadAddins\DDNCadAddins.csproj]
D:\leaveblackgithub\DDNCadAddins\src\DDNCadAddins\DDNCadAddins\Services\AcadUserInterfaceService.cs(21,34): warning SA1309: Field '_logger' should not begin with an underscore (https://github.com/DotNetAnalyzers/StyleCopAnalyzers/blob/master/documentation/SA1309.md) [D:\leaveblackgithub\DDNCadAddins\src\DDNCadAddins\DDNCadAddins\DDNCadAddins.csproj]
D:\leaveblackgithub\DDNCadAddins\src\DDNCadAddins\DDNCadAddins\Services\BlockReferenceService.cs(18,46): warning SA1309: Field '_transactionService' should not begin with an underscore (https://github.com/DotNetAnalyzers/StyleCopAnalyzers/blob/master/documentation/SA1309.md) [D:\leaveblackgithub\DDNCadAddins\src\DDNCadAddins\DDNCadAddins\DDNCadAddins.csproj]
D:\leaveblackgithub\DDNCadAddins\src\DDNCadAddins\DDNCadAddins\Commands\FindXClippedBlocksCommand.cs(17,39): warning SA1309: Field '_viewService' should not begin with an underscore (https://github.com/DotNetAnalyzers/StyleCopAnalyzers/blob/master/documentation/SA1309.md) [D:\leaveblackgithub\DDNCadAddins\src\DDNCadAddins\DDNCadAddins\DDNCadAddins.csproj]
D:\leaveblackgithub\DDNCadAddins\src\DDNCadAddins\DDNCadAddins\Commands\CommandBase.cs(30,48): warning CA1051: 不要声明可见实例字段 (https://docs.microsoft.com/dotnet/fundamentals/code-analysis/quality-rules/ca1051) [D:\leaveblackgithub\DDNCadAddins\src\DDNCadAddins\DDNCadAddins\DDNCadAddins.csproj]
D:\leaveblackgithub\DDNCadAddins\src\DDNCadAddins\DDNCadAddins\Commands\CommandBase.cs(30,48): warning SA1401: Field should be private (https://github.com/DotNetAnalyzers/StyleCopAnalyzers/blob/master/documentation/SA1401.md) [D:\leaveblackgithub\DDNCadAddins\src\DDNCadAddins\DDNCadAddins\DDNCadAddins.csproj]
D:\leaveblackgithub\DDNCadAddins\src\DDNCadAddins\DDNCadAddins\Commands\XClipCommand.cs(24,39): warning SA1309: Field '_viewService' should not begin with an underscore (https://github.com/DotNetAnalyzers/StyleCopAnalyzers/blob/master/documentation/SA1309.md) [D:\leaveblackgithub\DDNCadAddins\src\DDNCadAddins\DDNCadAddins\DDNCadAddins.csproj]
D:\leaveblackgithub\DDNCadAddins\src\DDNCadAddins\DDNCadAddins\Services\AcadUserInterfaceService.cs(22,46): warning SA1309: Field '_msgService' should not begin with an underscore (https://github.com/DotNetAnalyzers/StyleCopAnalyzers/blob/master/documentation/SA1309.md) [D:\leaveblackgithub\DDNCadAddins\src\DDNCadAddins\DDNCadAddins\DDNCadAddins.csproj]
D:\leaveblackgithub\DDNCadAddins\src\DDNCadAddins\DDNCadAddins\Infrastructure\ServiceLocator.cs(15,29): warning SA1309: Field '_isInitialized' should not begin with an underscore (https://github.com/DotNetAnalyzers/StyleCopAnalyzers/blob/master/documentation/SA1309.md) [D:\leaveblackgithub\DDNCadAddins\src\DDNCadAddins\DDNCadAddins\DDNCadAddins.csproj]
D:\leaveblackgithub\DDNCadAddins\src\DDNCadAddins\DDNCadAddins\Infrastructure\ServiceLocator.cs(16,40): warning SA1309: Field '_lockObject' should not begin with an underscore (https://github.com/DotNetAnalyzers/StyleCopAnalyzers/blob/master/documentation/SA1309.md) [D:\leaveblackgithub\DDNCadAddins\src\DDNCadAddins\DDNCadAddins\DDNCadAddins.csproj]
D:\leaveblackgithub\DDNCadAddins\src\DDNCadAddins\DDNCadAddins\Infrastructure\ServiceLocator.cs(14,58): warning SA1309: Field '_singletonInstances' should not begin with an underscore (https://github.com/DotNetAnalyzers/StyleCopAnalyzers/blob/master/documentation/SA1309.md) [D:\leaveblackgithub\DDNCadAddins\src\DDNCadAddins\DDNCadAddins\DDNCadAddins.csproj]
D:\leaveblackgithub\DDNCadAddins\src\DDNCadAddins\DDNCadAddins\Commands\XClipTest\XClipTestCommon.cs(14,1): warning SA1516: Elements should be separated by blank line (https://github.com/DotNetAnalyzers/StyleCopAnalyzers/blob/master/documentation/SA1516.md) [D:\leaveblackgithub\DDNCadAddins\src\DDNCadAddins\DDNCadAddins\DDNCadAddins.csproj]
D:\leaveblackgithub\DDNCadAddins\src\DDNCadAddins\DDNCadAddins\Commands\XClipTest\XClipTestCommon.cs(15,1): warning SA1516: Elements should be separated by blank line (https://github.com/DotNetAnalyzers/StyleCopAnalyzers/blob/master/documentation/SA1516.md) [D:\leaveblackgithub\DDNCadAddins\src\DDNCadAddins\DDNCadAddins\DDNCadAddins.csproj]
D:\leaveblackgithub\DDNCadAddins\src\DDNCadAddins\DDNCadAddins\Commands\XClipTest\XClipTestCommon.cs(16,1): warning SA1516: Elements should be separated by blank line (https://github.com/DotNetAnalyzers/StyleCopAnalyzers/blob/master/documentation/SA1516.md) [D:\leaveblackgithub\DDNCadAddins\src\DDNCadAddins\DDNCadAddins\DDNCadAddins.csproj]
D:\leaveblackgithub\DDNCadAddins\src\DDNCadAddins\DDNCadAddins\Commands\XClipTest\XClipTestCommon.cs(17,1): warning SA1516: Elements should be separated by blank line (https://github.com/DotNetAnalyzers/StyleCopAnalyzers/blob/master/documentation/SA1516.md) [D:\leaveblackgithub\DDNCadAddins\src\DDNCadAddins\DDNCadAddins\DDNCadAddins.csproj]
D:\leaveblackgithub\DDNCadAddins\src\DDNCadAddins\DDNCadAddins\Commands\XClipTest\XClipTestCommon.cs(18,1): warning SA1516: Elements should be separated by blank line (https://github.com/DotNetAnalyzers/StyleCopAnalyzers/blob/master/documentation/SA1516.md) [D:\leaveblackgithub\DDNCadAddins\src\DDNCadAddins\DDNCadAddins\DDNCadAddins.csproj]
D:\leaveblackgithub\DDNCadAddins\src\DDNCadAddins\DDNCadAddins\Commands\TestRunner.cs(864,1): warning SA1516: Elements should be separated by blank line (https://github.com/DotNetAnalyzers/StyleCopAnalyzers/blob/master/documentation/SA1516.md) [D:\leaveblackgithub\DDNCadAddins\src\DDNCadAddins\DDNCadAddins\DDNCadAddins.csproj]
D:\leaveblackgithub\DDNCadAddins\src\DDNCadAddins\DDNCadAddins\Commands\TestRunner.cs(865,1): warning SA1516: Elements should be separated by blank line (https://github.com/DotNetAnalyzers/StyleCopAnalyzers/blob/master/documentation/SA1516.md) [D:\leaveblackgithub\DDNCadAddins\src\DDNCadAddins\DDNCadAddins\DDNCadAddins.csproj]
D:\leaveblackgithub\DDNCadAddins\src\DDNCadAddins\DDNCadAddins\Commands\TestRunner.cs(866,1): warning SA1516: Elements should be separated by blank line (https://github.com/DotNetAnalyzers/StyleCopAnalyzers/blob/master/documentation/SA1516.md) [D:\leaveblackgithub\DDNCadAddins\src\DDNCadAddins\DDNCadAddins\DDNCadAddins.csproj]
D:\leaveblackgithub\DDNCadAddins\src\DDNCadAddins\DDNCadAddins\Commands\TestRunner.cs(904,1): warning SA1516: Elements should be separated by blank line (https://github.com/DotNetAnalyzers/StyleCopAnalyzers/blob/master/documentation/SA1516.md) [D:\leaveblackgithub\DDNCadAddins\src\DDNCadAddins\DDNCadAddins\DDNCadAddins.csproj]
D:\leaveblackgithub\DDNCadAddins\src\DDNCadAddins\DDNCadAddins\Commands\TestRunner.cs(905,1): warning SA1516: Elements should be separated by blank line (https://github.com/DotNetAnalyzers/StyleCopAnalyzers/blob/master/documentation/SA1516.md) [D:\leaveblackgithub\DDNCadAddins\src\DDNCadAddins\DDNCadAddins\DDNCadAddins.csproj]
D:\leaveblackgithub\DDNCadAddins\src\DDNCadAddins\DDNCadAddins\Commands\TestRunner.cs(872,1): warning SA1516: Elements should be separated by blank line (https://github.com/DotNetAnalyzers/StyleCopAnalyzers/blob/master/documentation/SA1516.md) [D:\leaveblackgithub\DDNCadAddins\src\DDNCadAddins\DDNCadAddins\DDNCadAddins.csproj]
D:\leaveblackgithub\DDNCadAddins\src\DDNCadAddins\DDNCadAddins\Commands\TestRunner.cs(873,1): warning SA1516: Elements should be separated by blank line (https://github.com/DotNetAnalyzers/StyleCopAnalyzers/blob/master/documentation/SA1516.md) [D:\leaveblackgithub\DDNCadAddins\src\DDNCadAddins\DDNCadAddins\DDNCadAddins.csproj]
D:\leaveblackgithub\DDNCadAddins\src\DDNCadAddins\DDNCadAddins\Infrastructure\ServiceLocator.cs(15,44): warning CA1805: 成员“_isInitialized”已显式初始化为其默认值 (https://docs.microsoft.com/dotnet/fundamentals/code-analysis/quality-rules/ca1805) [D:\leaveblackgithub\DDNCadAddins\src\DDNCadAddins\DDNCadAddins\DDNCadAddins.csproj]
D:\leaveblackgithub\DDNCadAddins\src\DDNCadAddins\DDNCadAddins\Commands\XClipTest\XClipTestCommon.cs(45,1): warning SA1516: Elements should be separated by blank line (https://github.com/DotNetAnalyzers/StyleCopAnalyzers/blob/master/documentation/SA1516.md) [D:\leaveblackgithub\DDNCadAddins\src\DDNCadAddins\DDNCadAddins\DDNCadAddins.csproj]
D:\leaveblackgithub\DDNCadAddins\src\DDNCadAddins\DDNCadAddins\Commands\XClipTest\XClipTestCommon.cs(46,1): warning SA1516: Elements should be separated by blank line (https://github.com/DotNetAnalyzers/StyleCopAnalyzers/blob/master/documentation/SA1516.md) [D:\leaveblackgithub\DDNCadAddins\src\DDNCadAddins\DDNCadAddins\DDNCadAddins.csproj]
D:\leaveblackgithub\DDNCadAddins\src\DDNCadAddins\DDNCadAddins\Commands\XClipTestCommand.cs(23,45): warning SA1309: Field '_testValidator' should not begin with an underscore (https://github.com/DotNetAnalyzers/StyleCopAnalyzers/blob/master/documentation/SA1309.md) [D:\leaveblackgithub\DDNCadAddins\src\DDNCadAddins\DDNCadAddins\DDNCadAddins.csproj]
D:\leaveblackgithub\DDNCadAddins\src\DDNCadAddins\DDNCadAddins\Services\AcadViewService.cs(19,34): warning SA1309: Field '_logger' should not begin with an underscore (https://github.com/DotNetAnalyzers/StyleCopAnalyzers/blob/master/documentation/SA1309.md) [D:\leaveblackgithub\DDNCadAddins\src\DDNCadAddins\DDNCadAddins\DDNCadAddins.csproj]
D:\leaveblackgithub\DDNCadAddins\src\DDNCadAddins\DDNCadAddins\Commands\TestRunner.cs(88,30): warning SA1310: Field 'HTML_REPORT_TEMPLATE' should not contain an underscore (https://github.com/DotNetAnalyzers/StyleCopAnalyzers/blob/master/documentation/SA1310.md) [D:\leaveblackgithub\DDNCadAddins\src\DDNCadAddins\DDNCadAddins\DDNCadAddins.csproj]
D:\leaveblackgithub\DDNCadAddins\src\DDNCadAddins\DDNCadAddins\Commands\XClipTest\XClipTestCommon.cs(27,1): warning SA1516: Elements should be separated by blank line (https://github.com/DotNetAnalyzers/StyleCopAnalyzers/blob/master/documentation/SA1516.md) [D:\leaveblackgithub\DDNCadAddins\src\DDNCadAddins\DDNCadAddins\DDNCadAddins.csproj]
D:\leaveblackgithub\DDNCadAddins\src\DDNCadAddins\DDNCadAddins\Commands\XClipTest\XClipTestCommon.cs(28,1): warning SA1516: Elements should be separated by blank line (https://github.com/DotNetAnalyzers/StyleCopAnalyzers/blob/master/documentation/SA1516.md) [D:\leaveblackgithub\DDNCadAddins\src\DDNCadAddins\DDNCadAddins\DDNCadAddins.csproj]
D:\leaveblackgithub\DDNCadAddins\src\DDNCadAddins\DDNCadAddins\Commands\XClipTest\XClipTestCommon.cs(29,1): warning SA1516: Elements should be separated by blank line (https://github.com/DotNetAnalyzers/StyleCopAnalyzers/blob/master/documentation/SA1516.md) [D:\leaveblackgithub\DDNCadAddins\src\DDNCadAddins\DDNCadAddins\DDNCadAddins.csproj]
D:\leaveblackgithub\DDNCadAddins\src\DDNCadAddins\DDNCadAddins\Commands\XClipTest\XClipTestCommon.cs(30,1): warning SA1516: Elements should be separated by blank line (https://github.com/DotNetAnalyzers/StyleCopAnalyzers/blob/master/documentation/SA1516.md) [D:\leaveblackgithub\DDNCadAddins\src\DDNCadAddins\DDNCadAddins\DDNCadAddins.csproj]
D:\leaveblackgithub\DDNCadAddins\src\DDNCadAddins\DDNCadAddins\Commands\XClipTest\XClipTestCommon.cs(31,1): warning SA1516: Elements should be separated by blank line (https://github.com/DotNetAnalyzers/StyleCopAnalyzers/blob/master/documentation/SA1516.md) [D:\leaveblackgithub\DDNCadAddins\src\DDNCadAddins\DDNCadAddins\DDNCadAddins.csproj]
D:\leaveblackgithub\DDNCadAddins\src\DDNCadAddins\DDNCadAddins\Commands\XClipTest\XClipTestCommon.cs(32,1): warning SA1516: Elements should be separated by blank line (https://github.com/DotNetAnalyzers/StyleCopAnalyzers/blob/master/documentation/SA1516.md) [D:\leaveblackgithub\DDNCadAddins\src\DDNCadAddins\DDNCadAddins\DDNCadAddins.csproj]
D:\leaveblackgithub\DDNCadAddins\src\DDNCadAddins\DDNCadAddins\Commands\XClipTest\XClipTestCommon.cs(33,1): warning SA1516: Elements should be separated by blank line (https://github.com/DotNetAnalyzers/StyleCopAnalyzers/blob/master/documentation/SA1516.md) [D:\leaveblackgithub\DDNCadAddins\src\DDNCadAddins\DDNCadAddins\DDNCadAddins.csproj]
D:\leaveblackgithub\DDNCadAddins\src\DDNCadAddins\DDNCadAddins\Commands\XClipTest\XClipTestCommon.cs(34,1): warning SA1516: Elements should be separated by blank line (https://github.com/DotNetAnalyzers/StyleCopAnalyzers/blob/master/documentation/SA1516.md) [D:\leaveblackgithub\DDNCadAddins\src\DDNCadAddins\DDNCadAddins\DDNCadAddins.csproj]
D:\leaveblackgithub\DDNCadAddins\src\DDNCadAddins\DDNCadAddins\Commands\XClipTest\XClipTestCommon.cs(35,1): warning SA1516: Elements should be separated by blank line (https://github.com/DotNetAnalyzers/StyleCopAnalyzers/blob/master/documentation/SA1516.md) [D:\leaveblackgithub\DDNCadAddins\src\DDNCadAddins\DDNCadAddins\DDNCadAddins.csproj]
D:\leaveblackgithub\DDNCadAddins\src\DDNCadAddins\DDNCadAddins\Commands\XClipTest\XClipTestCommon.cs(36,1): warning SA1516: Elements should be separated by blank line (https://github.com/DotNetAnalyzers/StyleCopAnalyzers/blob/master/documentation/SA1516.md) [D:\leaveblackgithub\DDNCadAddins\src\DDNCadAddins\DDNCadAddins\DDNCadAddins.csproj]
D:\leaveblackgithub\DDNCadAddins\src\DDNCadAddins\DDNCadAddins\Services\DocumentService.cs(17,34): warning SA1309: Field '_logger' should not begin with an underscore (https://github.com/DotNetAnalyzers/StyleCopAnalyzers/blob/master/documentation/SA1309.md) [D:\leaveblackgithub\DDNCadAddins\src\DDNCadAddins\DDNCadAddins\DDNCadAddins.csproj]
D:\leaveblackgithub\DDNCadAddins\src\DDNCadAddins\DDNCadAddins\Commands\XClipTest\XClipTestValidator.cs(17,45): warning SA1309: Field '_xclipBlockService' should not begin with an underscore (https://github.com/DotNetAnalyzers/StyleCopAnalyzers/blob/master/documentation/SA1309.md) [D:\leaveblackgithub\DDNCadAddins\src\DDNCadAddins\DDNCadAddins\DDNCadAddins.csproj]
D:\leaveblackgithub\DDNCadAddins\src\DDNCadAddins\DDNCadAddins\Commands\XClipTest\XClipTestValidator.cs(16,39): warning SA1309: Field '_acadService' should not begin with an underscore (https://github.com/DotNetAnalyzers/StyleCopAnalyzers/blob/master/documentation/SA1309.md) [D:\leaveblackgithub\DDNCadAddins\src\DDNCadAddins\DDNCadAddins\DDNCadAddins.csproj]
D:\leaveblackgithub\DDNCadAddins\src\DDNCadAddins\DDNCadAddins\Commands\Blk2CsvCommand.cs(25,44): warning SA1309: Field '_csvExportService' should not begin with an underscore (https://github.com/DotNetAnalyzers/StyleCopAnalyzers/blob/master/documentation/SA1309.md) [D:\leaveblackgithub\DDNCadAddins\src\DDNCadAddins\DDNCadAddins\DDNCadAddins.csproj]
D:\leaveblackgithub\DDNCadAddins\src\DDNCadAddins\DDNCadAddins\Infrastructure\FileLogger.cs(19,24): warning SA1309: Field '_operationName' should not begin with an underscore (https://github.com/DotNetAnalyzers/StyleCopAnalyzers/blob/master/documentation/SA1309.md) [D:\leaveblackgithub\DDNCadAddins\src\DDNCadAddins\DDNCadAddins\DDNCadAddins.csproj]
D:\leaveblackgithub\DDNCadAddins\src\DDNCadAddins\DDNCadAddins\Infrastructure\FileLogger.cs(18,40): warning SA1309: Field '_logBuffer' should not begin with an underscore (https://github.com/DotNetAnalyzers/StyleCopAnalyzers/blob/master/documentation/SA1309.md) [D:\leaveblackgithub\DDNCadAddins\src\DDNCadAddins\DDNCadAddins\DDNCadAddins.csproj]
D:\leaveblackgithub\DDNCadAddins\src\DDNCadAddins\DDNCadAddins\Infrastructure\FileLogger.cs(20,26): warning SA1309: Field '_startTime' should not begin with an underscore (https://github.com/DotNetAnalyzers/StyleCopAnalyzers/blob/master/documentation/SA1309.md) [D:\leaveblackgithub\DDNCadAddins\src\DDNCadAddins\DDNCadAddins\DDNCadAddins.csproj]
D:\leaveblackgithub\DDNCadAddins\src\DDNCadAddins\DDNCadAddins\Commands\XClipTest\XClipTestCreator.cs(18,39): warning SA1309: Field '_acadService' should not begin with an underscore (https://github.com/DotNetAnalyzers/StyleCopAnalyzers/blob/master/documentation/SA1309.md) [D:\leaveblackgithub\DDNCadAddins\src\DDNCadAddins\DDNCadAddins\DDNCadAddins.csproj]
D:\leaveblackgithub\DDNCadAddins\src\DDNCadAddins\DDNCadAddins\Commands\XClipTest\XClipTestCreator.cs(19,45): warning SA1309: Field '_xclipBlockService' should not begin with an underscore (https://github.com/DotNetAnalyzers/StyleCopAnalyzers/blob/master/documentation/SA1309.md) [D:\leaveblackgithub\DDNCadAddins\src\DDNCadAddins\DDNCadAddins\DDNCadAddins.csproj]
D:\leaveblackgithub\DDNCadAddins\src\DDNCadAddins\DDNCadAddins\Services\TransactionService.cs(14,34): warning SA1309: Field '_logger' should not begin with an underscore (https://github.com/DotNetAnalyzers/StyleCopAnalyzers/blob/master/documentation/SA1309.md) [D:\leaveblackgithub\DDNCadAddins\src\DDNCadAddins\DDNCadAddins\DDNCadAddins.csproj]
D:\leaveblackgithub\DDNCadAddins\src\DDNCadAddins\DDNCadAddins\Services\AcadService.cs(40,43): warning SA1309: Field '_documentService' should not begin with an underscore (https://github.com/DotNetAnalyzers/StyleCopAnalyzers/blob/master/documentation/SA1309.md) [D:\leaveblackgithub\DDNCadAddins\src\DDNCadAddins\DDNCadAddins\DDNCadAddins.csproj]
D:\leaveblackgithub\DDNCadAddins\src\DDNCadAddins\DDNCadAddins\Services\AcadService.cs(39,34): warning SA1309: Field '_logger' should not begin with an underscore (https://github.com/DotNetAnalyzers/StyleCopAnalyzers/blob/master/documentation/SA1309.md) [D:\leaveblackgithub\DDNCadAddins\src\DDNCadAddins\DDNCadAddins\DDNCadAddins.csproj]
D:\leaveblackgithub\DDNCadAddins\src\DDNCadAddins\DDNCadAddins\Services\AcadService.cs(41,46): warning SA1309: Field '_transactionService' should not begin with an underscore (https://github.com/DotNetAnalyzers/StyleCopAnalyzers/blob/master/documentation/SA1309.md) [D:\leaveblackgithub\DDNCadAddins\src\DDNCadAddins\DDNCadAddins\DDNCadAddins.csproj]
D:\leaveblackgithub\DDNCadAddins\src\DDNCadAddins\DDNCadAddins\Services\AcadService.cs(42,49): warning SA1309: Field '_blockReferenceService' should not begin with an underscore (https://github.com/DotNetAnalyzers/StyleCopAnalyzers/blob/master/documentation/SA1309.md) [D:\leaveblackgithub\DDNCadAddins\src\DDNCadAddins\DDNCadAddins\DDNCadAddins.csproj]
D:\leaveblackgithub\DDNCadAddins\src\DDNCadAddins\DDNCadAddins\Commands\XClipTest\XClipTestCreator3.cs(135,25): warning SA1202: 'public' members should come before 'private' members (https://github.com/DotNetAnalyzers/StyleCopAnalyzers/blob/master/documentation/SA1202.md) [D:\leaveblackgithub\DDNCadAddins\src\DDNCadAddins\DDNCadAddins\DDNCadAddins.csproj]
D:\leaveblackgithub\DDNCadAddins\src\DDNCadAddins\DDNCadAddins\Services\XClipBlockService.Core.cs(20,39): warning SA1309: Field '_acadService' should not begin with an underscore (https://github.com/DotNetAnalyzers/StyleCopAnalyzers/blob/master/documentation/SA1309.md) [D:\leaveblackgithub\DDNCadAddins\src\DDNCadAddins\DDNCadAddins\DDNCadAddins.csproj]
D:\leaveblackgithub\DDNCadAddins\src\DDNCadAddins\DDNCadAddins\Services\XClipBlockService.Core.cs(21,34): warning SA1309: Field '_logger' should not begin with an underscore (https://github.com/DotNetAnalyzers/StyleCopAnalyzers/blob/master/documentation/SA1309.md) [D:\leaveblackgithub\DDNCadAddins\src\DDNCadAddins\DDNCadAddins\DDNCadAddins.csproj]
D:\leaveblackgithub\DDNCadAddins\src\DDNCadAddins\DDNCadAddins\Services\XClipBlockService.Core.cs(22,22): warning SA1309: Field '_suppressLogging' should not begin with an underscore (https://github.com/DotNetAnalyzers/StyleCopAnalyzers/blob/master/documentation/SA1309.md) [D:\leaveblackgithub\DDNCadAddins\src\DDNCadAddins\DDNCadAddins\DDNCadAddins.csproj]
D:\leaveblackgithub\DDNCadAddins\src\DDNCadAddins\DDNCadAddins\Services\XClipBlockService.Core.cs(237,32): warning SA1202: 'public' members should come before 'private' members (https://github.com/DotNetAnalyzers/StyleCopAnalyzers/blob/master/documentation/SA1202.md) [D:\leaveblackgithub\DDNCadAddins\src\DDNCadAddins\DDNCadAddins\DDNCadAddins.csproj]
D:\leaveblackgithub\DDNCadAddins\src\DDNCadAddins\DDNCadAddins\Services\XClipBlockService.Core.cs(22,39): warning CA1805: 成员“_suppressLogging”已显式初始化为其默认值 (https://docs.microsoft.com/dotnet/fundamentals/code-analysis/quality-rules/ca1805) [D:\leaveblackgithub\DDNCadAddins\src\DDNCadAddins\DDNCadAddins\DDNCadAddins.csproj]
D:\leaveblackgithub\DDNCadAddins\src\DDNCadAddins\DDNCadAddins\Commands\TestRunner.cs(30,22): warning CA1034: 不要嵌套类型 TestAttribute。或者，更改其可访问性，使它在外部不可见。 (https://docs.microsoft.com/dotnet/fundamentals/code-analysis/quality-rules/ca1034) [D:\leaveblackgithub\DDNCadAddins\src\DDNCadAddins\DDNCadAddins\DDNCadAddins.csproj]
D:\leaveblackgithub\DDNCadAddins\src\DDNCadAddins\DDNCadAddins\Commands\TestRunner.cs(48,22): warning CA1034: 不要嵌套类型 TestResult。或者，更改其可访问性，使它在外部不可见。 (https://docs.microsoft.com/dotnet/fundamentals/code-analysis/quality-rules/ca1034) [D:\leaveblackgithub\DDNCadAddins\src\DDNCadAddins\DDNCadAddins\DDNCadAddins.csproj]
D:\leaveblackgithub\DDNCadAddins\src\DDNCadAddins\DDNCadAddins\Commands\TestRunner.cs(51,1): warning SA1516: Elements should be separated by blank line (https://github.com/DotNetAnalyzers/StyleCopAnalyzers/blob/master/documentation/SA1516.md) [D:\leaveblackgithub\DDNCadAddins\src\DDNCadAddins\DDNCadAddins\DDNCadAddins.csproj]
D:\leaveblackgithub\DDNCadAddins\src\DDNCadAddins\DDNCadAddins\Commands\TestRunner.cs(52,1): warning SA1516: Elements should be separated by blank line (https://github.com/DotNetAnalyzers/StyleCopAnalyzers/blob/master/documentation/SA1516.md) [D:\leaveblackgithub\DDNCadAddins\src\DDNCadAddins\DDNCadAddins\DDNCadAddins.csproj]
D:\leaveblackgithub\DDNCadAddins\src\DDNCadAddins\DDNCadAddins\Commands\TestRunner.cs(53,1): warning SA1516: Elements should be separated by blank line (https://github.com/DotNetAnalyzers/StyleCopAnalyzers/blob/master/documentation/SA1516.md) [D:\leaveblackgithub\DDNCadAddins\src\DDNCadAddins\DDNCadAddins\DDNCadAddins.csproj]
D:\leaveblackgithub\DDNCadAddins\src\DDNCadAddins\DDNCadAddins\Commands\TestRunner.cs(54,1): warning SA1516: Elements should be separated by blank line (https://github.com/DotNetAnalyzers/StyleCopAnalyzers/blob/master/documentation/SA1516.md) [D:\leaveblackgithub\DDNCadAddins\src\DDNCadAddins\DDNCadAddins\DDNCadAddins.csproj]
D:\leaveblackgithub\DDNCadAddins\src\DDNCadAddins\DDNCadAddins\Commands\TestRunner.cs(56,20): warning SA1201: A constructor should not follow a property (https://github.com/DotNetAnalyzers/StyleCopAnalyzers/blob/master/documentation/SA1201.md) [D:\leaveblackgithub\DDNCadAddins\src\DDNCadAddins\DDNCadAddins\DDNCadAddins.csproj]
D:\leaveblackgithub\DDNCadAddins\src\DDNCadAddins\DDNCadAddins\Commands\TestRunner.cs(34,20): warning SA1201: A constructor should not follow a property (https://github.com/DotNetAnalyzers/StyleCopAnalyzers/blob/master/documentation/SA1201.md) [D:\leaveblackgithub\DDNCadAddins\src\DDNCadAddins\DDNCadAddins\DDNCadAddins.csproj]
D:\leaveblackgithub\DDNCadAddins\src\DDNCadAddins\DDNCadAddins\Commands\XClipTestCommand.cs(24,1): warning SA1028: Code should not contain trailing whitespace (https://github.com/DotNetAnalyzers/StyleCopAnalyzers/blob/master/documentation/SA1028.md) [D:\leaveblackgithub\DDNCadAddins\src\DDNCadAddins\DDNCadAddins\DDNCadAddins.csproj]
D:\leaveblackgithub\DDNCadAddins\src\DDNCadAddins\DDNCadAddins\Commands\XClipTestCommand.cs(35,1): warning SA1028: Code should not contain trailing whitespace (https://github.com/DotNetAnalyzers/StyleCopAnalyzers/blob/master/documentation/SA1028.md) [D:\leaveblackgithub\DDNCadAddins\src\DDNCadAddins\DDNCadAddins\DDNCadAddins.csproj]
D:\leaveblackgithub\DDNCadAddins\src\DDNCadAddins\DDNCadAddins\Commands\XClipTestCommand.cs(45,1): warning SA1028: Code should not contain trailing whitespace (https://github.com/DotNetAnalyzers/StyleCopAnalyzers/blob/master/documentation/SA1028.md) [D:\leaveblackgithub\DDNCadAddins\src\DDNCadAddins\DDNCadAddins\DDNCadAddins.csproj]
D:\leaveblackgithub\DDNCadAddins\src\DDNCadAddins\DDNCadAddins\Commands\XClipTestCommand.cs(55,1): warning SA1028: Code should not contain trailing whitespace (https://github.com/DotNetAnalyzers/StyleCopAnalyzers/blob/master/documentation/SA1028.md) [D:\leaveblackgithub\DDNCadAddins\src\DDNCadAddins\DDNCadAddins\DDNCadAddins.csproj]
D:\leaveblackgithub\DDNCadAddins\src\DDNCadAddins\DDNCadAddins\Commands\XClipTestCommand.cs(65,1): warning SA1028: Code should not contain trailing whitespace (https://github.com/DotNetAnalyzers/StyleCopAnalyzers/blob/master/documentation/SA1028.md) [D:\leaveblackgithub\DDNCadAddins\src\DDNCadAddins\DDNCadAddins\DDNCadAddins.csproj]
D:\leaveblackgithub\DDNCadAddins\src\DDNCadAddins\DDNCadAddins\Commands\XClipTestCommand.cs(75,1): warning SA1028: Code should not contain trailing whitespace (https://github.com/DotNetAnalyzers/StyleCopAnalyzers/blob/master/documentation/SA1028.md) [D:\leaveblackgithub\DDNCadAddins\src\DDNCadAddins\DDNCadAddins\DDNCadAddins.csproj]
D:\leaveblackgithub\DDNCadAddins\src\DDNCadAddins\DDNCadAddins\Commands\XClipTestCommand.cs(85,1): warning SA1028: Code should not contain trailing whitespace (https://github.com/DotNetAnalyzers/StyleCopAnalyzers/blob/master/documentation/SA1028.md) [D:\leaveblackgithub\DDNCadAddins\src\DDNCadAddins\DDNCadAddins\DDNCadAddins.csproj]
D:\leaveblackgithub\DDNCadAddins\src\DDNCadAddins\DDNCadAddins\Commands\XClipTestCommand.cs(115,1): warning SA1028: Code should not contain trailing whitespace (https://github.com/DotNetAnalyzers/StyleCopAnalyzers/blob/master/documentation/SA1028.md) [D:\leaveblackgithub\DDNCadAddins\src\DDNCadAddins\DDNCadAddins\DDNCadAddins.csproj]
D:\leaveblackgithub\DDNCadAddins\src\DDNCadAddins\DDNCadAddins\Commands\XClipTestCommand.cs(152,1): warning SA1028: Code should not contain trailing whitespace (https://github.com/DotNetAnalyzers/StyleCopAnalyzers/blob/master/documentation/SA1028.md) [D:\leaveblackgithub\DDNCadAddins\src\DDNCadAddins\DDNCadAddins\DDNCadAddins.csproj]
D:\leaveblackgithub\DDNCadAddins\src\DDNCadAddins\DDNCadAddins\Commands\XClipTestCommand.cs(159,1): warning SA1028: Code should not contain trailing whitespace (https://github.com/DotNetAnalyzers/StyleCopAnalyzers/blob/master/documentation/SA1028.md) [D:\leaveblackgithub\DDNCadAddins\src\DDNCadAddins\DDNCadAddins\DDNCadAddins.csproj]
D:\leaveblackgithub\DDNCadAddins\src\DDNCadAddins\DDNCadAddins\Commands\XClipTestCommand.cs(163,1): warning SA1028: Code should not contain trailing whitespace (https://github.com/DotNetAnalyzers/StyleCopAnalyzers/blob/master/documentation/SA1028.md) [D:\leaveblackgithub\DDNCadAddins\src\DDNCadAddins\DDNCadAddins\DDNCadAddins.csproj]
D:\leaveblackgithub\DDNCadAddins\src\DDNCadAddins\DDNCadAddins\Commands\XClipTestCommand.cs(165,1): warning SA1028: Code should not contain trailing whitespace (https://github.com/DotNetAnalyzers/StyleCopAnalyzers/blob/master/documentation/SA1028.md) [D:\leaveblackgithub\DDNCadAddins\src\DDNCadAddins\DDNCadAddins\DDNCadAddins.csproj]
D:\leaveblackgithub\DDNCadAddins\src\DDNCadAddins\DDNCadAddins\Commands\XClipTestCommand.cs(168,1): warning SA1028: Code should not contain trailing whitespace (https://github.com/DotNetAnalyzers/StyleCopAnalyzers/blob/master/documentation/SA1028.md) [D:\leaveblackgithub\DDNCadAddins\src\DDNCadAddins\DDNCadAddins\DDNCadAddins.csproj]
D:\leaveblackgithub\DDNCadAddins\src\DDNCadAddins\DDNCadAddins\Commands\XClipTestCommand.cs(171,1): warning SA1028: Code should not contain trailing whitespace (https://github.com/DotNetAnalyzers/StyleCopAnalyzers/blob/master/documentation/SA1028.md) [D:\leaveblackgithub\DDNCadAddins\src\DDNCadAddins\DDNCadAddins\DDNCadAddins.csproj]
D:\leaveblackgithub\DDNCadAddins\src\DDNCadAddins\DDNCadAddins\Commands\XClipTestCommand.cs(183,1): warning SA1028: Code should not contain trailing whitespace (https://github.com/DotNetAnalyzers/StyleCopAnalyzers/blob/master/documentation/SA1028.md) [D:\leaveblackgithub\DDNCadAddins\src\DDNCadAddins\DDNCadAddins\DDNCadAddins.csproj]
D:\leaveblackgithub\DDNCadAddins\src\DDNCadAddins\DDNCadAddins\Commands\XClipTestCommand.cs(190,1): warning SA1028: Code should not contain trailing whitespace (https://github.com/DotNetAnalyzers/StyleCopAnalyzers/blob/master/documentation/SA1028.md) [D:\leaveblackgithub\DDNCadAddins\src\DDNCadAddins\DDNCadAddins\DDNCadAddins.csproj]
D:\leaveblackgithub\DDNCadAddins\src\DDNCadAddins\DDNCadAddins\Commands\XClipTestCommand.cs(194,1): warning SA1028: Code should not contain trailing whitespace (https://github.com/DotNetAnalyzers/StyleCopAnalyzers/blob/master/documentation/SA1028.md) [D:\leaveblackgithub\DDNCadAddins\src\DDNCadAddins\DDNCadAddins\DDNCadAddins.csproj]
D:\leaveblackgithub\DDNCadAddins\src\DDNCadAddins\DDNCadAddins\Commands\XClipTestCommand.cs(196,1): warning SA1028: Code should not contain trailing whitespace (https://github.com/DotNetAnalyzers/StyleCopAnalyzers/blob/master/documentation/SA1028.md) [D:\leaveblackgithub\DDNCadAddins\src\DDNCadAddins\DDNCadAddins\DDNCadAddins.csproj]
D:\leaveblackgithub\DDNCadAddins\src\DDNCadAddins\DDNCadAddins\Commands\XClipTestCommand.cs(203,1): warning SA1028: Code should not contain trailing whitespace (https://github.com/DotNetAnalyzers/StyleCopAnalyzers/blob/master/documentation/SA1028.md) [D:\leaveblackgithub\DDNCadAddins\src\DDNCadAddins\DDNCadAddins\DDNCadAddins.csproj]
D:\leaveblackgithub\DDNCadAddins\src\DDNCadAddins\DDNCadAddins\Commands\XClipTestCommand.cs(206,1): warning SA1028: Code should not contain trailing whitespace (https://github.com/DotNetAnalyzers/StyleCopAnalyzers/blob/master/documentation/SA1028.md) [D:\leaveblackgithub\DDNCadAddins\src\DDNCadAddins\DDNCadAddins\DDNCadAddins.csproj]
D:\leaveblackgithub\DDNCadAddins\src\DDNCadAddins\DDNCadAddins\Commands\XClipTestCommand.cs(209,1): warning SA1028: Code should not contain trailing whitespace (https://github.com/DotNetAnalyzers/StyleCopAnalyzers/blob/master/documentation/SA1028.md) [D:\leaveblackgithub\DDNCadAddins\src\DDNCadAddins\DDNCadAddins\DDNCadAddins.csproj]
D:\leaveblackgithub\DDNCadAddins\src\DDNCadAddins\DDNCadAddins\Commands\XClipTestCommand.cs(212,1): warning SA1028: Code should not contain trailing whitespace (https://github.com/DotNetAnalyzers/StyleCopAnalyzers/blob/master/documentation/SA1028.md) [D:\leaveblackgithub\DDNCadAddins\src\DDNCadAddins\DDNCadAddins\DDNCadAddins.csproj]
D:\leaveblackgithub\DDNCadAddins\src\DDNCadAddins\DDNCadAddins\Commands\XClipTestCommand.cs(215,1): warning SA1028: Code should not contain trailing whitespace (https://github.com/DotNetAnalyzers/StyleCopAnalyzers/blob/master/documentation/SA1028.md) [D:\leaveblackgithub\DDNCadAddins\src\DDNCadAddins\DDNCadAddins\DDNCadAddins.csproj]
D:\leaveblackgithub\DDNCadAddins\src\DDNCadAddins\DDNCadAddins\Commands\XClipTestCommand.cs(220,1): warning SA1028: Code should not contain trailing whitespace (https://github.com/DotNetAnalyzers/StyleCopAnalyzers/blob/master/documentation/SA1028.md) [D:\leaveblackgithub\DDNCadAddins\src\DDNCadAddins\DDNCadAddins\DDNCadAddins.csproj]
D:\leaveblackgithub\DDNCadAddins\src\DDNCadAddins\DDNCadAddins\Commands\XClipTestCommand.cs(237,1): warning SA1028: Code should not contain trailing whitespace (https://github.com/DotNetAnalyzers/StyleCopAnalyzers/blob/master/documentation/SA1028.md) [D:\leaveblackgithub\DDNCadAddins\src\DDNCadAddins\DDNCadAddins\DDNCadAddins.csproj]
D:\leaveblackgithub\DDNCadAddins\src\DDNCadAddins\DDNCadAddins\Commands\XClipTestCommand.cs(244,1): warning SA1028: Code should not contain trailing whitespace (https://github.com/DotNetAnalyzers/StyleCopAnalyzers/blob/master/documentation/SA1028.md) [D:\leaveblackgithub\DDNCadAddins\src\DDNCadAddins\DDNCadAddins\DDNCadAddins.csproj]
D:\leaveblackgithub\DDNCadAddins\src\DDNCadAddins\DDNCadAddins\Commands\XClipTestCommand.cs(248,1): warning SA1028: Code should not contain trailing whitespace (https://github.com/DotNetAnalyzers/StyleCopAnalyzers/blob/master/documentation/SA1028.md) [D:\leaveblackgithub\DDNCadAddins\src\DDNCadAddins\DDNCadAddins\DDNCadAddins.csproj]
D:\leaveblackgithub\DDNCadAddins\src\DDNCadAddins\DDNCadAddins\Commands\XClipTestCommand.cs(250,1): warning SA1028: Code should not contain trailing whitespace (https://github.com/DotNetAnalyzers/StyleCopAnalyzers/blob/master/documentation/SA1028.md) [D:\leaveblackgithub\DDNCadAddins\src\DDNCadAddins\DDNCadAddins\DDNCadAddins.csproj]
D:\leaveblackgithub\DDNCadAddins\src\DDNCadAddins\DDNCadAddins\Commands\XClipTestCommand.cs(253,1): warning SA1028: Code should not contain trailing whitespace (https://github.com/DotNetAnalyzers/StyleCopAnalyzers/blob/master/documentation/SA1028.md) [D:\leaveblackgithub\DDNCadAddins\src\DDNCadAddins\DDNCadAddins\DDNCadAddins.csproj]
D:\leaveblackgithub\DDNCadAddins\src\DDNCadAddins\DDNCadAddins\Commands\XClipTestCommand.cs(256,1): warning SA1028: Code should not contain trailing whitespace (https://github.com/DotNetAnalyzers/StyleCopAnalyzers/blob/master/documentation/SA1028.md) [D:\leaveblackgithub\DDNCadAddins\src\DDNCadAddins\DDNCadAddins\DDNCadAddins.csproj]
D:\leaveblackgithub\DDNCadAddins\src\DDNCadAddins\DDNCadAddins\Commands\XClipTestCommand.cs(261,1): warning SA1028: Code should not contain trailing whitespace (https://github.com/DotNetAnalyzers/StyleCopAnalyzers/blob/master/documentation/SA1028.md) [D:\leaveblackgithub\DDNCadAddins\src\DDNCadAddins\DDNCadAddins\DDNCadAddins.csproj]
D:\leaveblackgithub\DDNCadAddins\src\DDNCadAddins\DDNCadAddins\Commands\XClipTestCommand.cs(264,1): warning SA1028: Code should not contain trailing whitespace (https://github.com/DotNetAnalyzers/StyleCopAnalyzers/blob/master/documentation/SA1028.md) [D:\leaveblackgithub\DDNCadAddins\src\DDNCadAddins\DDNCadAddins\DDNCadAddins.csproj]
D:\leaveblackgithub\DDNCadAddins\src\DDNCadAddins\DDNCadAddins\Commands\XClipTestCommand.cs(267,1): warning SA1028: Code should not contain trailing whitespace (https://github.com/DotNetAnalyzers/StyleCopAnalyzers/blob/master/documentation/SA1028.md) [D:\leaveblackgithub\DDNCadAddins\src\DDNCadAddins\DDNCadAddins\DDNCadAddins.csproj]
D:\leaveblackgithub\DDNCadAddins\src\DDNCadAddins\DDNCadAddins\Commands\XClipTestCommand.cs(270,1): warning SA1028: Code should not contain trailing whitespace (https://github.com/DotNetAnalyzers/StyleCopAnalyzers/blob/master/documentation/SA1028.md) [D:\leaveblackgithub\DDNCadAddins\src\DDNCadAddins\DDNCadAddins\DDNCadAddins.csproj]
D:\leaveblackgithub\DDNCadAddins\src\DDNCadAddins\DDNCadAddins\Commands\XClipTestCommand.cs(273,75): warning SA1028: Code should not contain trailing whitespace (https://github.com/DotNetAnalyzers/StyleCopAnalyzers/blob/master/documentation/SA1028.md) [D:\leaveblackgithub\DDNCadAddins\src\DDNCadAddins\DDNCadAddins\DDNCadAddins.csproj]
D:\leaveblackgithub\DDNCadAddins\src\DDNCadAddins\DDNCadAddins\Commands\XClipTestCommand.cs(274,76): warning SA1028: Code should not contain trailing whitespace (https://github.com/DotNetAnalyzers/StyleCopAnalyzers/blob/master/documentation/SA1028.md) [D:\leaveblackgithub\DDNCadAddins\src\DDNCadAddins\DDNCadAddins\DDNCadAddins.csproj]
D:\leaveblackgithub\DDNCadAddins\src\DDNCadAddins\DDNCadAddins\Commands\XClipTestCommand.cs(276,1): warning SA1028: Code should not contain trailing whitespace (https://github.com/DotNetAnalyzers/StyleCopAnalyzers/blob/master/documentation/SA1028.md) [D:\leaveblackgithub\DDNCadAddins\src\DDNCadAddins\DDNCadAddins\DDNCadAddins.csproj]
D:\leaveblackgithub\DDNCadAddins\src\DDNCadAddins\DDNCadAddins\Commands\XClipTestCommand.cs(286,1): warning SA1028: Code should not contain trailing whitespace (https://github.com/DotNetAnalyzers/StyleCopAnalyzers/blob/master/documentation/SA1028.md) [D:\leaveblackgithub\DDNCadAddins\src\DDNCadAddins\DDNCadAddins\DDNCadAddins.csproj]
D:\leaveblackgithub\DDNCadAddins\src\DDNCadAddins\DDNCadAddins\Commands\XClipTestCommand.cs(292,1): warning SA1028: Code should not contain trailing whitespace (https://github.com/DotNetAnalyzers/StyleCopAnalyzers/blob/master/documentation/SA1028.md) [D:\leaveblackgithub\DDNCadAddins\src\DDNCadAddins\DDNCadAddins\DDNCadAddins.csproj]
D:\leaveblackgithub\DDNCadAddins\src\DDNCadAddins\DDNCadAddins\Commands\XClipTestCommand.cs(299,1): warning SA1028: Code should not contain trailing whitespace (https://github.com/DotNetAnalyzers/StyleCopAnalyzers/blob/master/documentation/SA1028.md) [D:\leaveblackgithub\DDNCadAddins\src\DDNCadAddins\DDNCadAddins\DDNCadAddins.csproj]
D:\leaveblackgithub\DDNCadAddins\src\DDNCadAddins\DDNCadAddins\Commands\XClipTestCommand.cs(303,1): warning SA1028: Code should not contain trailing whitespace (https://github.com/DotNetAnalyzers/StyleCopAnalyzers/blob/master/documentation/SA1028.md) [D:\leaveblackgithub\DDNCadAddins\src\DDNCadAddins\DDNCadAddins\DDNCadAddins.csproj]
D:\leaveblackgithub\DDNCadAddins\src\DDNCadAddins\DDNCadAddins\Commands\XClipTestCommand.cs(305,1): warning SA1028: Code should not contain trailing whitespace (https://github.com/DotNetAnalyzers/StyleCopAnalyzers/blob/master/documentation/SA1028.md) [D:\leaveblackgithub\DDNCadAddins\src\DDNCadAddins\DDNCadAddins\DDNCadAddins.csproj]
D:\leaveblackgithub\DDNCadAddins\src\DDNCadAddins\DDNCadAddins\Commands\XClipTestCommand.cs(310,1): warning SA1028: Code should not contain trailing whitespace (https://github.com/DotNetAnalyzers/StyleCopAnalyzers/blob/master/documentation/SA1028.md) [D:\leaveblackgithub\DDNCadAddins\src\DDNCadAddins\DDNCadAddins\DDNCadAddins.csproj]
D:\leaveblackgithub\DDNCadAddins\src\DDNCadAddins\DDNCadAddins\Commands\XClipTestCommand.cs(313,1): warning SA1028: Code should not contain trailing whitespace (https://github.com/DotNetAnalyzers/StyleCopAnalyzers/blob/master/documentation/SA1028.md) [D:\leaveblackgithub\DDNCadAddins\src\DDNCadAddins\DDNCadAddins\DDNCadAddins.csproj]
D:\leaveblackgithub\DDNCadAddins\src\DDNCadAddins\DDNCadAddins\Commands\XClipTestCommand.cs(316,1): warning SA1028: Code should not contain trailing whitespace (https://github.com/DotNetAnalyzers/StyleCopAnalyzers/blob/master/documentation/SA1028.md) [D:\leaveblackgithub\DDNCadAddins\src\DDNCadAddins\DDNCadAddins\DDNCadAddins.csproj]
D:\leaveblackgithub\DDNCadAddins\src\DDNCadAddins\DDNCadAddins\Commands\XClipTestCommand.cs(319,1): warning SA1028: Code should not contain trailing whitespace (https://github.com/DotNetAnalyzers/StyleCopAnalyzers/blob/master/documentation/SA1028.md) [D:\leaveblackgithub\DDNCadAddins\src\DDNCadAddins\DDNCadAddins\DDNCadAddins.csproj]
D:\leaveblackgithub\DDNCadAddins\src\DDNCadAddins\DDNCadAddins\Commands\XClipTestCommand.cs(322,1): warning SA1028: Code should not contain trailing whitespace (https://github.com/DotNetAnalyzers/StyleCopAnalyzers/blob/master/documentation/SA1028.md) [D:\leaveblackgithub\DDNCadAddins\src\DDNCadAddins\DDNCadAddins\DDNCadAddins.csproj]
D:\leaveblackgithub\DDNCadAddins\src\DDNCadAddins\DDNCadAddins\Commands\XClipTestCommand.cs(339,1): warning SA1028: Code should not contain trailing whitespace (https://github.com/DotNetAnalyzers/StyleCopAnalyzers/blob/master/documentation/SA1028.md) [D:\leaveblackgithub\DDNCadAddins\src\DDNCadAddins\DDNCadAddins\DDNCadAddins.csproj]
D:\leaveblackgithub\DDNCadAddins\src\DDNCadAddins\DDNCadAddins\Commands\XClipTestCommand.cs(346,1): warning SA1028: Code should not contain trailing whitespace (https://github.com/DotNetAnalyzers/StyleCopAnalyzers/blob/master/documentation/SA1028.md) [D:\leaveblackgithub\DDNCadAddins\src\DDNCadAddins\DDNCadAddins\DDNCadAddins.csproj]
D:\leaveblackgithub\DDNCadAddins\src\DDNCadAddins\DDNCadAddins\Commands\XClipTestCommand.cs(350,1): warning SA1028: Code should not contain trailing whitespace (https://github.com/DotNetAnalyzers/StyleCopAnalyzers/blob/master/documentation/SA1028.md) [D:\leaveblackgithub\DDNCadAddins\src\DDNCadAddins\DDNCadAddins\DDNCadAddins.csproj]
D:\leaveblackgithub\DDNCadAddins\src\DDNCadAddins\DDNCadAddins\Commands\XClipTestCommand.cs(352,1): warning SA1028: Code should not contain trailing whitespace (https://github.com/DotNetAnalyzers/StyleCopAnalyzers/blob/master/documentation/SA1028.md) [D:\leaveblackgithub\DDNCadAddins\src\DDNCadAddins\DDNCadAddins\DDNCadAddins.csproj]
D:\leaveblackgithub\DDNCadAddins\src\DDNCadAddins\DDNCadAddins\Commands\XClipTestCommand.cs(355,1): warning SA1028: Code should not contain trailing whitespace (https://github.com/DotNetAnalyzers/StyleCopAnalyzers/blob/master/documentation/SA1028.md) [D:\leaveblackgithub\DDNCadAddins\src\DDNCadAddins\DDNCadAddins\DDNCadAddins.csproj]
D:\leaveblackgithub\DDNCadAddins\src\DDNCadAddins\DDNCadAddins\Commands\XClipTestCommand.cs(358,1): warning SA1028: Code should not contain trailing whitespace (https://github.com/DotNetAnalyzers/StyleCopAnalyzers/blob/master/documentation/SA1028.md) [D:\leaveblackgithub\DDNCadAddins\src\DDNCadAddins\DDNCadAddins\DDNCadAddins.csproj]
D:\leaveblackgithub\DDNCadAddins\src\DDNCadAddins\DDNCadAddins\Commands\XClipTestCommand.cs(371,1): warning SA1028: Code should not contain trailing whitespace (https://github.com/DotNetAnalyzers/StyleCopAnalyzers/blob/master/documentation/SA1028.md) [D:\leaveblackgithub\DDNCadAddins\src\DDNCadAddins\DDNCadAddins\DDNCadAddins.csproj]
D:\leaveblackgithub\DDNCadAddins\src\DDNCadAddins\DDNCadAddins\Commands\XClipTestCommand.cs(378,1): warning SA1028: Code should not contain trailing whitespace (https://github.com/DotNetAnalyzers/StyleCopAnalyzers/blob/master/documentation/SA1028.md) [D:\leaveblackgithub\DDNCadAddins\src\DDNCadAddins\DDNCadAddins\DDNCadAddins.csproj]
D:\leaveblackgithub\DDNCadAddins\src\DDNCadAddins\DDNCadAddins\Commands\XClipTestCommand.cs(382,1): warning SA1028: Code should not contain trailing whitespace (https://github.com/DotNetAnalyzers/StyleCopAnalyzers/blob/master/documentation/SA1028.md) [D:\leaveblackgithub\DDNCadAddins\src\DDNCadAddins\DDNCadAddins\DDNCadAddins.csproj]
D:\leaveblackgithub\DDNCadAddins\src\DDNCadAddins\DDNCadAddins\Commands\XClipTestCommand.cs(384,1): warning SA1028: Code should not contain trailing whitespace (https://github.com/DotNetAnalyzers/StyleCopAnalyzers/blob/master/documentation/SA1028.md) [D:\leaveblackgithub\DDNCadAddins\src\DDNCadAddins\DDNCadAddins\DDNCadAddins.csproj]
D:\leaveblackgithub\DDNCadAddins\src\DDNCadAddins\DDNCadAddins\Commands\XClipTestCommand.cs(387,1): warning SA1028: Code should not contain trailing whitespace (https://github.com/DotNetAnalyzers/StyleCopAnalyzers/blob/master/documentation/SA1028.md) [D:\leaveblackgithub\DDNCadAddins\src\DDNCadAddins\DDNCadAddins\DDNCadAddins.csproj]
D:\leaveblackgithub\DDNCadAddins\src\DDNCadAddins\DDNCadAddins\Commands\XClipTestCommand.cs(391,1): warning SA1028: Code should not contain trailing whitespace (https://github.com/DotNetAnalyzers/StyleCopAnalyzers/blob/master/documentation/SA1028.md) [D:\leaveblackgithub\DDNCadAddins\src\DDNCadAddins\DDNCadAddins\DDNCadAddins.csproj]
D:\leaveblackgithub\DDNCadAddins\src\DDNCadAddins\DDNCadAddins\Commands\XClipTestCommand.cs(396,1): warning SA1028: Code should not contain trailing whitespace (https://github.com/DotNetAnalyzers/StyleCopAnalyzers/blob/master/documentation/SA1028.md) [D:\leaveblackgithub\DDNCadAddins\src\DDNCadAddins\DDNCadAddins\DDNCadAddins.csproj]
D:\leaveblackgithub\DDNCadAddins\src\DDNCadAddins\DDNCadAddins\Commands\XClipTestCommand.cs(408,1): warning SA1028: Code should not contain trailing whitespace (https://github.com/DotNetAnalyzers/StyleCopAnalyzers/blob/master/documentation/SA1028.md) [D:\leaveblackgithub\DDNCadAddins\src\DDNCadAddins\DDNCadAddins\DDNCadAddins.csproj]
D:\leaveblackgithub\DDNCadAddins\src\DDNCadAddins\DDNCadAddins\Commands\XClipTestCommand.cs(415,1): warning SA1028: Code should not contain trailing whitespace (https://github.com/DotNetAnalyzers/StyleCopAnalyzers/blob/master/documentation/SA1028.md) [D:\leaveblackgithub\DDNCadAddins\src\DDNCadAddins\DDNCadAddins\DDNCadAddins.csproj]
D:\leaveblackgithub\DDNCadAddins\src\DDNCadAddins\DDNCadAddins\Commands\XClipTestCommand.cs(419,1): warning SA1028: Code should not contain trailing whitespace (https://github.com/DotNetAnalyzers/StyleCopAnalyzers/blob/master/documentation/SA1028.md) [D:\leaveblackgithub\DDNCadAddins\src\DDNCadAddins\DDNCadAddins\DDNCadAddins.csproj]
D:\leaveblackgithub\DDNCadAddins\src\DDNCadAddins\DDNCadAddins\Commands\XClipTestCommand.cs(422,1): warning SA1028: Code should not contain trailing whitespace (https://github.com/DotNetAnalyzers/StyleCopAnalyzers/blob/master/documentation/SA1028.md) [D:\leaveblackgithub\DDNCadAddins\src\DDNCadAddins\DDNCadAddins\DDNCadAddins.csproj]
D:\leaveblackgithub\DDNCadAddins\src\DDNCadAddins\DDNCadAddins\Commands\XClipTestCommand.cs(426,1): warning SA1028: Code should not contain trailing whitespace (https://github.com/DotNetAnalyzers/StyleCopAnalyzers/blob/master/documentation/SA1028.md) [D:\leaveblackgithub\DDNCadAddins\src\DDNCadAddins\DDNCadAddins\DDNCadAddins.csproj]
D:\leaveblackgithub\DDNCadAddins\src\DDNCadAddins\DDNCadAddins\Commands\XClipTestCommand.cs(430,1): warning SA1028: Code should not contain trailing whitespace (https://github.com/DotNetAnalyzers/StyleCopAnalyzers/blob/master/documentation/SA1028.md) [D:\leaveblackgithub\DDNCadAddins\src\DDNCadAddins\DDNCadAddins\DDNCadAddins.csproj]
D:\leaveblackgithub\DDNCadAddins\src\DDNCadAddins\DDNCadAddins\Commands\XClipTestCommand.cs(434,1): warning SA1028: Code should not contain trailing whitespace (https://github.com/DotNetAnalyzers/StyleCopAnalyzers/blob/master/documentation/SA1028.md) [D:\leaveblackgithub\DDNCadAddins\src\DDNCadAddins\DDNCadAddins\DDNCadAddins.csproj]
D:\leaveblackgithub\DDNCadAddins\src\DDNCadAddins\DDNCadAddins\Commands\XClipTestCommand.cs(438,1): warning SA1028: Code should not contain trailing whitespace (https://github.com/DotNetAnalyzers/StyleCopAnalyzers/blob/master/documentation/SA1028.md) [D:\leaveblackgithub\DDNCadAddins\src\DDNCadAddins\DDNCadAddins\DDNCadAddins.csproj]
D:\leaveblackgithub\DDNCadAddins\src\DDNCadAddins\DDNCadAddins\Commands\XClipTestCommand.cs(444,2): warning SA1028: Code should not contain trailing whitespace (https://github.com/DotNetAnalyzers/StyleCopAnalyzers/blob/master/documentation/SA1028.md) [D:\leaveblackgithub\DDNCadAddins\src\DDNCadAddins\DDNCadAddins\DDNCadAddins.csproj]
D:\leaveblackgithub\DDNCadAddins\src\DDNCadAddins\DDNCadAddins\Commands\XClipTest\XClipTestCommon.cs(1,1): warning SA1633: The file header is missing or not located at the top of the file. (https://github.com/DotNetAnalyzers/StyleCopAnalyzers/blob/master/documentation/SA1633.md) [D:\leaveblackgithub\DDNCadAddins\src\DDNCadAddins\DDNCadAddins\DDNCadAddins.csproj]
D:\leaveblackgithub\DDNCadAddins\src\DDNCadAddins\DDNCadAddins\Commands\XClipTest\XClipTestCommon.cs(11,18): warning SA1649: File name should match first type name. (https://github.com/DotNetAnalyzers/StyleCopAnalyzers/blob/master/documentation/SA1649.md) [D:\leaveblackgithub\DDNCadAddins\src\DDNCadAddins\DDNCadAddins\DDNCadAddins.csproj]
D:\leaveblackgithub\DDNCadAddins\src\DDNCadAddins\DDNCadAddins\Commands\XClipTest\XClipTestCommon.cs(24,18): warning SA1402: File may only contain a single type (https://github.com/DotNetAnalyzers/StyleCopAnalyzers/blob/master/documentation/SA1402.md) [D:\leaveblackgithub\DDNCadAddins\src\DDNCadAddins\DDNCadAddins\DDNCadAddins.csproj]
D:\leaveblackgithub\DDNCadAddins\src\DDNCadAddins\DDNCadAddins\Commands\XClipTest\XClipTestCommon.cs(42,18): warning SA1402: File may only contain a single type (https://github.com/DotNetAnalyzers/StyleCopAnalyzers/blob/master/documentation/SA1402.md) [D:\leaveblackgithub\DDNCadAddins\src\DDNCadAddins\DDNCadAddins\DDNCadAddins.csproj]
D:\leaveblackgithub\DDNCadAddins\src\DDNCadAddins\DDNCadAddins\Commands\TestRunner.cs(70,1): warning SA1516: Elements should be separated by blank line (https://github.com/DotNetAnalyzers/StyleCopAnalyzers/blob/master/documentation/SA1516.md) [D:\leaveblackgithub\DDNCadAddins\src\DDNCadAddins\DDNCadAddins\DDNCadAddins.csproj]
D:\leaveblackgithub\DDNCadAddins\src\DDNCadAddins\DDNCadAddins\Commands\TestRunner.cs(71,1): warning SA1516: Elements should be separated by blank line (https://github.com/DotNetAnalyzers/StyleCopAnalyzers/blob/master/documentation/SA1516.md) [D:\leaveblackgithub\DDNCadAddins\src\DDNCadAddins\DDNCadAddins\DDNCadAddins.csproj]
D:\leaveblackgithub\DDNCadAddins\src\DDNCadAddins\DDNCadAddins\Commands\TestRunner.cs(72,1): warning SA1516: Elements should be separated by blank line (https://github.com/DotNetAnalyzers/StyleCopAnalyzers/blob/master/documentation/SA1516.md) [D:\leaveblackgithub\DDNCadAddins\src\DDNCadAddins\DDNCadAddins\DDNCadAddins.csproj]
D:\leaveblackgithub\DDNCadAddins\src\DDNCadAddins\DDNCadAddins\Commands\TestRunner.cs(73,1): warning SA1516: Elements should be separated by blank line (https://github.com/DotNetAnalyzers/StyleCopAnalyzers/blob/master/documentation/SA1516.md) [D:\leaveblackgithub\DDNCadAddins\src\DDNCadAddins\DDNCadAddins\DDNCadAddins.csproj]
D:\leaveblackgithub\DDNCadAddins\src\DDNCadAddins\DDNCadAddins\Commands\TestRunner.cs(74,1): warning SA1516: Elements should be separated by blank line (https://github.com/DotNetAnalyzers/StyleCopAnalyzers/blob/master/documentation/SA1516.md) [D:\leaveblackgithub\DDNCadAddins\src\DDNCadAddins\DDNCadAddins\DDNCadAddins.csproj]
D:\leaveblackgithub\DDNCadAddins\src\DDNCadAddins\DDNCadAddins\Commands\TestRunner.cs(75,1): warning SA1516: Elements should be separated by blank line (https://github.com/DotNetAnalyzers/StyleCopAnalyzers/blob/master/documentation/SA1516.md) [D:\leaveblackgithub\DDNCadAddins\src\DDNCadAddins\DDNCadAddins\DDNCadAddins.csproj]
D:\leaveblackgithub\DDNCadAddins\src\DDNCadAddins\DDNCadAddins\Commands\TestRunner.cs(77,20): warning SA1201: A constructor should not follow a property (https://github.com/DotNetAnalyzers/StyleCopAnalyzers/blob/master/documentation/SA1201.md) [D:\leaveblackgithub\DDNCadAddins\src\DDNCadAddins\DDNCadAddins\DDNCadAddins.csproj]
D:\leaveblackgithub\DDNCadAddins\src\DDNCadAddins\DDNCadAddins\Commands\XClipTest\XClipTestCommon.cs(20,1): warning SA1028: Code should not contain trailing whitespace (https://github.com/DotNetAnalyzers/StyleCopAnalyzers/blob/master/documentation/SA1028.md) [D:\leaveblackgithub\DDNCadAddins\src\DDNCadAddins\DDNCadAddins\DDNCadAddins.csproj]
D:\leaveblackgithub\DDNCadAddins\src\DDNCadAddins\DDNCadAddins\Commands\XClipTest\XClipTestCommon.cs(47,1): warning SA1028: Code should not contain trailing whitespace (https://github.com/DotNetAnalyzers/StyleCopAnalyzers/blob/master/documentation/SA1028.md) [D:\leaveblackgithub\DDNCadAddins\src\DDNCadAddins\DDNCadAddins\DDNCadAddins.csproj]
D:\leaveblackgithub\DDNCadAddins\src\DDNCadAddins\DDNCadAddins\Commands\XClipTest\XClipTestCommon.cs(58,2): warning SA1028: Code should not contain trailing whitespace (https://github.com/DotNetAnalyzers/StyleCopAnalyzers/blob/master/documentation/SA1028.md) [D:\leaveblackgithub\DDNCadAddins\src\DDNCadAddins\DDNCadAddins\DDNCadAddins.csproj]
D:\leaveblackgithub\DDNCadAddins\src\DDNCadAddins\DDNCadAddins\Commands\XClipTest\XClipTestCreator.cs(1,1): warning SA1633: The file header is missing or not located at the top of the file. (https://github.com/DotNetAnalyzers/StyleCopAnalyzers/blob/master/documentation/SA1633.md) [D:\leaveblackgithub\DDNCadAddins\src\DDNCadAddins\DDNCadAddins\DDNCadAddins.csproj]
D:\leaveblackgithub\DDNCadAddins\src\DDNCadAddins\DDNCadAddins\Commands\XClipTest\XClipTestCreator.cs(20,1): warning SA1028: Code should not contain trailing whitespace (https://github.com/DotNetAnalyzers/StyleCopAnalyzers/blob/master/documentation/SA1028.md) [D:\leaveblackgithub\DDNCadAddins\src\DDNCadAddins\DDNCadAddins\DDNCadAddins.csproj]
D:\leaveblackgithub\DDNCadAddins\src\DDNCadAddins\DDNCadAddins\Commands\XClipTest\XClipTestCreator.cs(31,1): warning SA1028: Code should not contain trailing whitespace (https://github.com/DotNetAnalyzers/StyleCopAnalyzers/blob/master/documentation/SA1028.md) [D:\leaveblackgithub\DDNCadAddins\src\DDNCadAddins\DDNCadAddins\DDNCadAddins.csproj]
D:\leaveblackgithub\DDNCadAddins\src\DDNCadAddins\DDNCadAddins\Commands\XClipTest\XClipTestCreator.cs(40,1): warning SA1028: Code should not contain trailing whitespace (https://github.com/DotNetAnalyzers/StyleCopAnalyzers/blob/master/documentation/SA1028.md) [D:\leaveblackgithub\DDNCadAddins\src\DDNCadAddins\DDNCadAddins\DDNCadAddins.csproj]
D:\leaveblackgithub\DDNCadAddins\src\DDNCadAddins\DDNCadAddins\Commands\XClipTest\XClipTestCreator.cs(50,1): warning SA1028: Code should not contain trailing whitespace (https://github.com/DotNetAnalyzers/StyleCopAnalyzers/blob/master/documentation/SA1028.md) [D:\leaveblackgithub\DDNCadAddins\src\DDNCadAddins\DDNCadAddins\DDNCadAddins.csproj]
D:\leaveblackgithub\DDNCadAddins\src\DDNCadAddins\DDNCadAddins\Commands\XClipTest\XClipTestCreator.cs(55,1): warning SA1028: Code should not contain trailing whitespace (https://github.com/DotNetAnalyzers/StyleCopAnalyzers/blob/master/documentation/SA1028.md) [D:\leaveblackgithub\DDNCadAddins\src\DDNCadAddins\DDNCadAddins\DDNCadAddins.csproj]
D:\leaveblackgithub\DDNCadAddins\src\DDNCadAddins\DDNCadAddins\Commands\XClipTest\XClipTestCreator.cs(63,1): warning SA1028: Code should not contain trailing whitespace (https://github.com/DotNetAnalyzers/StyleCopAnalyzers/blob/master/documentation/SA1028.md) [D:\leaveblackgithub\DDNCadAddins\src\DDNCadAddins\DDNCadAddins\DDNCadAddins.csproj]
D:\leaveblackgithub\DDNCadAddins\src\DDNCadAddins\DDNCadAddins\Commands\XClipTest\XClipTestCreator.cs(66,1): warning SA1028: Code should not contain trailing whitespace (https://github.com/DotNetAnalyzers/StyleCopAnalyzers/blob/master/documentation/SA1028.md) [D:\leaveblackgithub\DDNCadAddins\src\DDNCadAddins\DDNCadAddins\DDNCadAddins.csproj]
D:\leaveblackgithub\DDNCadAddins\src\DDNCadAddins\DDNCadAddins\Commands\XClipTest\XClipTestCreator.cs(69,1): warning SA1028: Code should not contain trailing whitespace (https://github.com/DotNetAnalyzers/StyleCopAnalyzers/blob/master/documentation/SA1028.md) [D:\leaveblackgithub\DDNCadAddins\src\DDNCadAddins\DDNCadAddins\DDNCadAddins.csproj]
D:\leaveblackgithub\DDNCadAddins\src\DDNCadAddins\DDNCadAddins\Commands\XClipTest\XClipTestCreator.cs(80,1): warning SA1028: Code should not contain trailing whitespace (https://github.com/DotNetAnalyzers/StyleCopAnalyzers/blob/master/documentation/SA1028.md) [D:\leaveblackgithub\DDNCadAddins\src\DDNCadAddins\DDNCadAddins\DDNCadAddins.csproj]
D:\leaveblackgithub\DDNCadAddins\src\DDNCadAddins\DDNCadAddins\Commands\XClipTest\XClipTestCreator.cs(86,1): warning SA1028: Code should not contain trailing whitespace (https://github.com/DotNetAnalyzers/StyleCopAnalyzers/blob/master/documentation/SA1028.md) [D:\leaveblackgithub\DDNCadAddins\src\DDNCadAddins\DDNCadAddins\DDNCadAddins.csproj]
D:\leaveblackgithub\DDNCadAddins\src\DDNCadAddins\DDNCadAddins\Commands\XClipTest\XClipTestCreator.cs(93,1): warning SA1028: Code should not contain trailing whitespace (https://github.com/DotNetAnalyzers/StyleCopAnalyzers/blob/master/documentation/SA1028.md) [D:\leaveblackgithub\DDNCadAddins\src\DDNCadAddins\DDNCadAddins\DDNCadAddins.csproj]
D:\leaveblackgithub\DDNCadAddins\src\DDNCadAddins\DDNCadAddins\Commands\XClipTest\XClipTestCreator.cs(98,1): warning SA1028: Code should not contain trailing whitespace (https://github.com/DotNetAnalyzers/StyleCopAnalyzers/blob/master/documentation/SA1028.md) [D:\leaveblackgithub\DDNCadAddins\src\DDNCadAddins\DDNCadAddins\DDNCadAddins.csproj]
D:\leaveblackgithub\DDNCadAddins\src\DDNCadAddins\DDNCadAddins\Commands\XClipTest\XClipTestCreator.cs(101,1): warning SA1028: Code should not contain trailing whitespace (https://github.com/DotNetAnalyzers/StyleCopAnalyzers/blob/master/documentation/SA1028.md) [D:\leaveblackgithub\DDNCadAddins\src\DDNCadAddins\DDNCadAddins\DDNCadAddins.csproj]
D:\leaveblackgithub\DDNCadAddins\src\DDNCadAddins\DDNCadAddins\Commands\XClipTest\XClipTestCreator.cs(104,1): warning SA1028: Code should not contain trailing whitespace (https://github.com/DotNetAnalyzers/StyleCopAnalyzers/blob/master/documentation/SA1028.md) [D:\leaveblackgithub\DDNCadAddins\src\DDNCadAddins\DDNCadAddins\DDNCadAddins.csproj]
D:\leaveblackgithub\DDNCadAddins\src\DDNCadAddins\DDNCadAddins\Commands\XClipTest\XClipTestCreator.cs(112,1): warning SA1028: Code should not contain trailing whitespace (https://github.com/DotNetAnalyzers/StyleCopAnalyzers/blob/master/documentation/SA1028.md) [D:\leaveblackgithub\DDNCadAddins\src\DDNCadAddins\DDNCadAddins\DDNCadAddins.csproj]
D:\leaveblackgithub\DDNCadAddins\src\DDNCadAddins\DDNCadAddins\Commands\XClipTest\XClipTestCreator.cs(115,1): warning SA1028: Code should not contain trailing whitespace (https://github.com/DotNetAnalyzers/StyleCopAnalyzers/blob/master/documentation/SA1028.md) [D:\leaveblackgithub\DDNCadAddins\src\DDNCadAddins\DDNCadAddins\DDNCadAddins.csproj]
D:\leaveblackgithub\DDNCadAddins\src\DDNCadAddins\DDNCadAddins\Commands\XClipTest\XClipTestCreator.cs(119,1): warning SA1028: Code should not contain trailing whitespace (https://github.com/DotNetAnalyzers/StyleCopAnalyzers/blob/master/documentation/SA1028.md) [D:\leaveblackgithub\DDNCadAddins\src\DDNCadAddins\DDNCadAddins\DDNCadAddins.csproj]
D:\leaveblackgithub\DDNCadAddins\src\DDNCadAddins\DDNCadAddins\Commands\XClipTest\XClipTestCreator.cs(124,1): warning SA1028: Code should not contain trailing whitespace (https://github.com/DotNetAnalyzers/StyleCopAnalyzers/blob/master/documentation/SA1028.md) [D:\leaveblackgithub\DDNCadAddins\src\DDNCadAddins\DDNCadAddins\DDNCadAddins.csproj]
D:\leaveblackgithub\DDNCadAddins\src\DDNCadAddins\DDNCadAddins\Commands\XClipTest\XClipTestCreator.cs(130,1): warning SA1028: Code should not contain trailing whitespace (https://github.com/DotNetAnalyzers/StyleCopAnalyzers/blob/master/documentation/SA1028.md) [D:\leaveblackgithub\DDNCadAddins\src\DDNCadAddins\DDNCadAddins\DDNCadAddins.csproj]
D:\leaveblackgithub\DDNCadAddins\src\DDNCadAddins\DDNCadAddins\Commands\XClipTest\XClipTestCreator.cs(135,1): warning SA1028: Code should not contain trailing whitespace (https://github.com/DotNetAnalyzers/StyleCopAnalyzers/blob/master/documentation/SA1028.md) [D:\leaveblackgithub\DDNCadAddins\src\DDNCadAddins\DDNCadAddins\DDNCadAddins.csproj]
D:\leaveblackgithub\DDNCadAddins\src\DDNCadAddins\DDNCadAddins\Commands\XClipTest\XClipTestCreator.cs(141,1): warning SA1028: Code should not contain trailing whitespace (https://github.com/DotNetAnalyzers/StyleCopAnalyzers/blob/master/documentation/SA1028.md) [D:\leaveblackgithub\DDNCadAddins\src\DDNCadAddins\DDNCadAddins\DDNCadAddins.csproj]
D:\leaveblackgithub\DDNCadAddins\src\DDNCadAddins\DDNCadAddins\Commands\XClipTest\XClipTestCreator.cs(145,1): warning SA1028: Code should not contain trailing whitespace (https://github.com/DotNetAnalyzers/StyleCopAnalyzers/blob/master/documentation/SA1028.md) [D:\leaveblackgithub\DDNCadAddins\src\DDNCadAddins\DDNCadAddins\DDNCadAddins.csproj]
D:\leaveblackgithub\DDNCadAddins\src\DDNCadAddins\DDNCadAddins\Commands\XClipTest\XClipTestCreator.cs(149,1): warning SA1028: Code should not contain trailing whitespace (https://github.com/DotNetAnalyzers/StyleCopAnalyzers/blob/master/documentation/SA1028.md) [D:\leaveblackgithub\DDNCadAddins\src\DDNCadAddins\DDNCadAddins\DDNCadAddins.csproj]
D:\leaveblackgithub\DDNCadAddins\src\DDNCadAddins\DDNCadAddins\Commands\XClipTest\XClipTestCreator.cs(152,1): warning SA1028: Code should not contain trailing whitespace (https://github.com/DotNetAnalyzers/StyleCopAnalyzers/blob/master/documentation/SA1028.md) [D:\leaveblackgithub\DDNCadAddins\src\DDNCadAddins\DDNCadAddins\DDNCadAddins.csproj]
D:\leaveblackgithub\DDNCadAddins\src\DDNCadAddins\DDNCadAddins\Commands\XClipTest\XClipTestCreator.cs(160,1): warning SA1028: Code should not contain trailing whitespace (https://github.com/DotNetAnalyzers/StyleCopAnalyzers/blob/master/documentation/SA1028.md) [D:\leaveblackgithub\DDNCadAddins\src\DDNCadAddins\DDNCadAddins\DDNCadAddins.csproj]
D:\leaveblackgithub\DDNCadAddins\src\DDNCadAddins\DDNCadAddins\Commands\XClipTest\XClipTestCreator.cs(163,1): warning SA1028: Code should not contain trailing whitespace (https://github.com/DotNetAnalyzers/StyleCopAnalyzers/blob/master/documentation/SA1028.md) [D:\leaveblackgithub\DDNCadAddins\src\DDNCadAddins\DDNCadAddins\DDNCadAddins.csproj]
D:\leaveblackgithub\DDNCadAddins\src\DDNCadAddins\DDNCadAddins\Commands\XClipTest\XClipTestCreator.cs(167,1): warning SA1028: Code should not contain trailing whitespace (https://github.com/DotNetAnalyzers/StyleCopAnalyzers/blob/master/documentation/SA1028.md) [D:\leaveblackgithub\DDNCadAddins\src\DDNCadAddins\DDNCadAddins\DDNCadAddins.csproj]
D:\leaveblackgithub\DDNCadAddins\src\DDNCadAddins\DDNCadAddins\Commands\XClipTest\XClipTestCreator.cs(172,1): warning SA1028: Code should not contain trailing whitespace (https://github.com/DotNetAnalyzers/StyleCopAnalyzers/blob/master/documentation/SA1028.md) [D:\leaveblackgithub\DDNCadAddins\src\DDNCadAddins\DDNCadAddins\DDNCadAddins.csproj]
D:\leaveblackgithub\DDNCadAddins\src\DDNCadAddins\DDNCadAddins\Commands\XClipTest\XClipTestCreator.cs(175,1): warning SA1028: Code should not contain trailing whitespace (https://github.com/DotNetAnalyzers/StyleCopAnalyzers/blob/master/documentation/SA1028.md) [D:\leaveblackgithub\DDNCadAddins\src\DDNCadAddins\DDNCadAddins\DDNCadAddins.csproj]
D:\leaveblackgithub\DDNCadAddins\src\DDNCadAddins\DDNCadAddins\Commands\XClipTest\XClipTestCreator.cs(179,1): warning SA1028: Code should not contain trailing whitespace (https://github.com/DotNetAnalyzers/StyleCopAnalyzers/blob/master/documentation/SA1028.md) [D:\leaveblackgithub\DDNCadAddins\src\DDNCadAddins\DDNCadAddins\DDNCadAddins.csproj]
D:\leaveblackgithub\DDNCadAddins\src\DDNCadAddins\DDNCadAddins\Commands\XClipTest\XClipTestCreator.cs(183,1): warning SA1028: Code should not contain trailing whitespace (https://github.com/DotNetAnalyzers/StyleCopAnalyzers/blob/master/documentation/SA1028.md) [D:\leaveblackgithub\DDNCadAddins\src\DDNCadAddins\DDNCadAddins\DDNCadAddins.csproj]
D:\leaveblackgithub\DDNCadAddins\src\DDNCadAddins\DDNCadAddins\Commands\XClipTest\XClipTestCreator.cs(187,1): warning SA1028: Code should not contain trailing whitespace (https://github.com/DotNetAnalyzers/StyleCopAnalyzers/blob/master/documentation/SA1028.md) [D:\leaveblackgithub\DDNCadAddins\src\DDNCadAddins\DDNCadAddins\DDNCadAddins.csproj]
D:\leaveblackgithub\DDNCadAddins\src\DDNCadAddins\DDNCadAddins\Commands\XClipTest\XClipTestCreator.cs(191,1): warning SA1028: Code should not contain trailing whitespace (https://github.com/DotNetAnalyzers/StyleCopAnalyzers/blob/master/documentation/SA1028.md) [D:\leaveblackgithub\DDNCadAddins\src\DDNCadAddins\DDNCadAddins\DDNCadAddins.csproj]
D:\leaveblackgithub\DDNCadAddins\src\DDNCadAddins\DDNCadAddins\Commands\XClipTest\XClipTestCreator.cs(195,2): warning SA1028: Code should not contain trailing whitespace (https://github.com/DotNetAnalyzers/StyleCopAnalyzers/blob/master/documentation/SA1028.md) [D:\leaveblackgithub\DDNCadAddins\src\DDNCadAddins\DDNCadAddins\DDNCadAddins.csproj]
D:\leaveblackgithub\DDNCadAddins\src\DDNCadAddins\DDNCadAddins\Commands\XClipTest\XClipTestCreator2.cs(1,1): warning SA1633: The file header is missing or not located at the top of the file. (https://github.com/DotNetAnalyzers/StyleCopAnalyzers/blob/master/documentation/SA1633.md) [D:\leaveblackgithub\DDNCadAddins\src\DDNCadAddins\DDNCadAddins\DDNCadAddins.csproj]
D:\leaveblackgithub\DDNCadAddins\src\DDNCadAddins\DDNCadAddins\Commands\XClipTest\XClipTestCreator2.cs(23,1): warning SA1028: Code should not contain trailing whitespace (https://github.com/DotNetAnalyzers/StyleCopAnalyzers/blob/master/documentation/SA1028.md) [D:\leaveblackgithub\DDNCadAddins\src\DDNCadAddins\DDNCadAddins\DDNCadAddins.csproj]
D:\leaveblackgithub\DDNCadAddins\src\DDNCadAddins\DDNCadAddins\Commands\XClipTest\XClipTestCreator2.cs(28,1): warning SA1028: Code should not contain trailing whitespace (https://github.com/DotNetAnalyzers/StyleCopAnalyzers/blob/master/documentation/SA1028.md) [D:\leaveblackgithub\DDNCadAddins\src\DDNCadAddins\DDNCadAddins\DDNCadAddins.csproj]
D:\leaveblackgithub\DDNCadAddins\src\DDNCadAddins\DDNCadAddins\Commands\XClipTest\XClipTestCreator2.cs(31,1): warning SA1028: Code should not contain trailing whitespace (https://github.com/DotNetAnalyzers/StyleCopAnalyzers/blob/master/documentation/SA1028.md) [D:\leaveblackgithub\DDNCadAddins\src\DDNCadAddins\DDNCadAddins\DDNCadAddins.csproj]
D:\leaveblackgithub\DDNCadAddins\src\DDNCadAddins\DDNCadAddins\Commands\XClipTest\XClipTestCreator2.cs(35,1): warning SA1028: Code should not contain trailing whitespace (https://github.com/DotNetAnalyzers/StyleCopAnalyzers/blob/master/documentation/SA1028.md) [D:\leaveblackgithub\DDNCadAddins\src\DDNCadAddins\DDNCadAddins\DDNCadAddins.csproj]
D:\leaveblackgithub\DDNCadAddins\src\DDNCadAddins\DDNCadAddins\Commands\XClipTest\XClipTestCreator2.cs(40,1): warning SA1028: Code should not contain trailing whitespace (https://github.com/DotNetAnalyzers/StyleCopAnalyzers/blob/master/documentation/SA1028.md) [D:\leaveblackgithub\DDNCadAddins\src\DDNCadAddins\DDNCadAddins\DDNCadAddins.csproj]
D:\leaveblackgithub\DDNCadAddins\src\DDNCadAddins\DDNCadAddins\Commands\XClipTest\XClipTestCreator2.cs(47,1): warning SA1028: Code should not contain trailing whitespace (https://github.com/DotNetAnalyzers/StyleCopAnalyzers/blob/master/documentation/SA1028.md) [D:\leaveblackgithub\DDNCadAddins\src\DDNCadAddins\DDNCadAddins\DDNCadAddins.csproj]
D:\leaveblackgithub\DDNCadAddins\src\DDNCadAddins\DDNCadAddins\Commands\XClipTest\XClipTestCreator2.cs(54,1): warning SA1028: Code should not contain trailing whitespace (https://github.com/DotNetAnalyzers/StyleCopAnalyzers/blob/master/documentation/SA1028.md) [D:\leaveblackgithub\DDNCadAddins\src\DDNCadAddins\DDNCadAddins\DDNCadAddins.csproj]
D:\leaveblackgithub\DDNCadAddins\src\DDNCadAddins\DDNCadAddins\Commands\XClipTest\XClipTestCreator2.cs(62,1): warning SA1028: Code should not contain trailing whitespace (https://github.com/DotNetAnalyzers/StyleCopAnalyzers/blob/master/documentation/SA1028.md) [D:\leaveblackgithub\DDNCadAddins\src\DDNCadAddins\DDNCadAddins\DDNCadAddins.csproj]
D:\leaveblackgithub\DDNCadAddins\src\DDNCadAddins\DDNCadAddins\Commands\XClipTest\XClipTestCreator2.cs(69,1): warning SA1028: Code should not contain trailing whitespace (https://github.com/DotNetAnalyzers/StyleCopAnalyzers/blob/master/documentation/SA1028.md) [D:\leaveblackgithub\DDNCadAddins\src\DDNCadAddins\DDNCadAddins\DDNCadAddins.csproj]
D:\leaveblackgithub\DDNCadAddins\src\DDNCadAddins\DDNCadAddins\Commands\XClipTest\XClipTestCreator2.cs(79,1): warning SA1028: Code should not contain trailing whitespace (https://github.com/DotNetAnalyzers/StyleCopAnalyzers/blob/master/documentation/SA1028.md) [D:\leaveblackgithub\DDNCadAddins\src\DDNCadAddins\DDNCadAddins\DDNCadAddins.csproj]
D:\leaveblackgithub\DDNCadAddins\src\DDNCadAddins\DDNCadAddins\Commands\XClipTest\XClipTestCreator2.cs(84,1): warning SA1028: Code should not contain trailing whitespace (https://github.com/DotNetAnalyzers/StyleCopAnalyzers/blob/master/documentation/SA1028.md) [D:\leaveblackgithub\DDNCadAddins\src\DDNCadAddins\DDNCadAddins\DDNCadAddins.csproj]
D:\leaveblackgithub\DDNCadAddins\src\DDNCadAddins\DDNCadAddins\Commands\XClipTest\XClipTestCreator2.cs(88,1): warning SA1028: Code should not contain trailing whitespace (https://github.com/DotNetAnalyzers/StyleCopAnalyzers/blob/master/documentation/SA1028.md) [D:\leaveblackgithub\DDNCadAddins\src\DDNCadAddins\DDNCadAddins\DDNCadAddins.csproj]
D:\leaveblackgithub\DDNCadAddins\src\DDNCadAddins\DDNCadAddins\Commands\XClipTest\XClipTestCreator2.cs(92,1): warning SA1028: Code should not contain trailing whitespace (https://github.com/DotNetAnalyzers/StyleCopAnalyzers/blob/master/documentation/SA1028.md) [D:\leaveblackgithub\DDNCadAddins\src\DDNCadAddins\DDNCadAddins\DDNCadAddins.csproj]
D:\leaveblackgithub\DDNCadAddins\src\DDNCadAddins\DDNCadAddins\Commands\XClipTest\XClipTestCreator2.cs(95,1): warning SA1028: Code should not contain trailing whitespace (https://github.com/DotNetAnalyzers/StyleCopAnalyzers/blob/master/documentation/SA1028.md) [D:\leaveblackgithub\DDNCadAddins\src\DDNCadAddins\DDNCadAddins\DDNCadAddins.csproj]
D:\leaveblackgithub\DDNCadAddins\src\DDNCadAddins\DDNCadAddins\Commands\XClipTest\XClipTestCreator2.cs(102,1): warning SA1028: Code should not contain trailing whitespace (https://github.com/DotNetAnalyzers/StyleCopAnalyzers/blob/master/documentation/SA1028.md) [D:\leaveblackgithub\DDNCadAddins\src\DDNCadAddins\DDNCadAddins\DDNCadAddins.csproj]
D:\leaveblackgithub\DDNCadAddins\src\DDNCadAddins\DDNCadAddins\Commands\XClipTest\XClipTestCreator2.cs(107,1): warning SA1028: Code should not contain trailing whitespace (https://github.com/DotNetAnalyzers/StyleCopAnalyzers/blob/master/documentation/SA1028.md) [D:\leaveblackgithub\DDNCadAddins\src\DDNCadAddins\DDNCadAddins\DDNCadAddins.csproj]
D:\leaveblackgithub\DDNCadAddins\src\DDNCadAddins\DDNCadAddins\Commands\XClipTest\XClipTestCreator2.cs(110,1): warning SA1028: Code should not contain trailing whitespace (https://github.com/DotNetAnalyzers/StyleCopAnalyzers/blob/master/documentation/SA1028.md) [D:\leaveblackgithub\DDNCadAddins\src\DDNCadAddins\DDNCadAddins\DDNCadAddins.csproj]
D:\leaveblackgithub\DDNCadAddins\src\DDNCadAddins\DDNCadAddins\Commands\XClipTest\XClipTestCreator2.cs(114,1): warning SA1028: Code should not contain trailing whitespace (https://github.com/DotNetAnalyzers/StyleCopAnalyzers/blob/master/documentation/SA1028.md) [D:\leaveblackgithub\DDNCadAddins\src\DDNCadAddins\DDNCadAddins\DDNCadAddins.csproj]
D:\leaveblackgithub\DDNCadAddins\src\DDNCadAddins\DDNCadAddins\Commands\XClipTest\XClipTestCreator2.cs(119,1): warning SA1028: Code should not contain trailing whitespace (https://github.com/DotNetAnalyzers/StyleCopAnalyzers/blob/master/documentation/SA1028.md) [D:\leaveblackgithub\DDNCadAddins\src\DDNCadAddins\DDNCadAddins\DDNCadAddins.csproj]
D:\leaveblackgithub\DDNCadAddins\src\DDNCadAddins\DDNCadAddins\Commands\XClipTest\XClipTestCreator2.cs(128,1): warning SA1028: Code should not contain trailing whitespace (https://github.com/DotNetAnalyzers/StyleCopAnalyzers/blob/master/documentation/SA1028.md) [D:\leaveblackgithub\DDNCadAddins\src\DDNCadAddins\DDNCadAddins\DDNCadAddins.csproj]
D:\leaveblackgithub\DDNCadAddins\src\DDNCadAddins\DDNCadAddins\Commands\XClipTest\XClipTestCreator2.cs(134,1): warning SA1028: Code should not contain trailing whitespace (https://github.com/DotNetAnalyzers/StyleCopAnalyzers/blob/master/documentation/SA1028.md) [D:\leaveblackgithub\DDNCadAddins\src\DDNCadAddins\DDNCadAddins\DDNCadAddins.csproj]
D:\leaveblackgithub\DDNCadAddins\src\DDNCadAddins\DDNCadAddins\Commands\XClipTest\XClipTestCreator2.cs(140,1): warning SA1028: Code should not contain trailing whitespace (https://github.com/DotNetAnalyzers/StyleCopAnalyzers/blob/master/documentation/SA1028.md) [D:\leaveblackgithub\DDNCadAddins\src\DDNCadAddins\DDNCadAddins\DDNCadAddins.csproj]
D:\leaveblackgithub\DDNCadAddins\src\DDNCadAddins\DDNCadAddins\Commands\XClipTest\XClipTestCreator2.cs(144,1): warning SA1028: Code should not contain trailing whitespace (https://github.com/DotNetAnalyzers/StyleCopAnalyzers/blob/master/documentation/SA1028.md) [D:\leaveblackgithub\DDNCadAddins\src\DDNCadAddins\DDNCadAddins\DDNCadAddins.csproj]
D:\leaveblackgithub\DDNCadAddins\src\DDNCadAddins\DDNCadAddins\Commands\XClipTest\XClipTestCreator2.cs(148,1): warning SA1028: Code should not contain trailing whitespace (https://github.com/DotNetAnalyzers/StyleCopAnalyzers/blob/master/documentation/SA1028.md) [D:\leaveblackgithub\DDNCadAddins\src\DDNCadAddins\DDNCadAddins\DDNCadAddins.csproj]
D:\leaveblackgithub\DDNCadAddins\src\DDNCadAddins\DDNCadAddins\Commands\XClipTest\XClipTestCreator2.cs(151,1): warning SA1028: Code should not contain trailing whitespace (https://github.com/DotNetAnalyzers/StyleCopAnalyzers/blob/master/documentation/SA1028.md) [D:\leaveblackgithub\DDNCadAddins\src\DDNCadAddins\DDNCadAddins\DDNCadAddins.csproj]
D:\leaveblackgithub\DDNCadAddins\src\DDNCadAddins\DDNCadAddins\Commands\XClipTest\XClipTestCreator2.cs(155,1): warning SA1028: Code should not contain trailing whitespace (https://github.com/DotNetAnalyzers/StyleCopAnalyzers/blob/master/documentation/SA1028.md) [D:\leaveblackgithub\DDNCadAddins\src\DDNCadAddins\DDNCadAddins\DDNCadAddins.csproj]
D:\leaveblackgithub\DDNCadAddins\src\DDNCadAddins\DDNCadAddins\Commands\XClipTest\XClipTestCreator2.cs(159,1): warning SA1028: Code should not contain trailing whitespace (https://github.com/DotNetAnalyzers/StyleCopAnalyzers/blob/master/documentation/SA1028.md) [D:\leaveblackgithub\DDNCadAddins\src\DDNCadAddins\DDNCadAddins\DDNCadAddins.csproj]
D:\leaveblackgithub\DDNCadAddins\src\DDNCadAddins\DDNCadAddins\Commands\XClipTest\XClipTestCreator2.cs(162,1): warning SA1028: Code should not contain trailing whitespace (https://github.com/DotNetAnalyzers/StyleCopAnalyzers/blob/master/documentation/SA1028.md) [D:\leaveblackgithub\DDNCadAddins\src\DDNCadAddins\DDNCadAddins\DDNCadAddins.csproj]
D:\leaveblackgithub\DDNCadAddins\src\DDNCadAddins\DDNCadAddins\Commands\XClipTest\XClipTestCreator2.cs(170,1): warning SA1028: Code should not contain trailing whitespace (https://github.com/DotNetAnalyzers/StyleCopAnalyzers/blob/master/documentation/SA1028.md) [D:\leaveblackgithub\DDNCadAddins\src\DDNCadAddins\DDNCadAddins\DDNCadAddins.csproj]
D:\leaveblackgithub\DDNCadAddins\src\DDNCadAddins\DDNCadAddins\Commands\XClipTest\XClipTestCreator2.cs(175,1): warning SA1028: Code should not contain trailing whitespace (https://github.com/DotNetAnalyzers/StyleCopAnalyzers/blob/master/documentation/SA1028.md) [D:\leaveblackgithub\DDNCadAddins\src\DDNCadAddins\DDNCadAddins\DDNCadAddins.csproj]
D:\leaveblackgithub\DDNCadAddins\src\DDNCadAddins\DDNCadAddins\Commands\XClipTest\XClipTestCreator2.cs(180,1): warning SA1028: Code should not contain trailing whitespace (https://github.com/DotNetAnalyzers/StyleCopAnalyzers/blob/master/documentation/SA1028.md) [D:\leaveblackgithub\DDNCadAddins\src\DDNCadAddins\DDNCadAddins\DDNCadAddins.csproj]
D:\leaveblackgithub\DDNCadAddins\src\DDNCadAddins\DDNCadAddins\Commands\XClipTest\XClipTestCreator2.cs(188,1): warning SA1028: Code should not contain trailing whitespace (https://github.com/DotNetAnalyzers/StyleCopAnalyzers/blob/master/documentation/SA1028.md) [D:\leaveblackgithub\DDNCadAddins\src\DDNCadAddins\DDNCadAddins\DDNCadAddins.csproj]
D:\leaveblackgithub\DDNCadAddins\src\DDNCadAddins\DDNCadAddins\Commands\XClipTest\XClipTestCreator2.cs(194,1): warning SA1028: Code should not contain trailing whitespace (https://github.com/DotNetAnalyzers/StyleCopAnalyzers/blob/master/documentation/SA1028.md) [D:\leaveblackgithub\DDNCadAddins\src\DDNCadAddins\DDNCadAddins\DDNCadAddins.csproj]
D:\leaveblackgithub\DDNCadAddins\src\DDNCadAddins\DDNCadAddins\Commands\XClipTest\XClipTestCreator2.cs(200,2): warning SA1028: Code should not contain trailing whitespace (https://github.com/DotNetAnalyzers/StyleCopAnalyzers/blob/master/documentation/SA1028.md) [D:\leaveblackgithub\DDNCadAddins\src\DDNCadAddins\DDNCadAddins\DDNCadAddins.csproj]
D:\leaveblackgithub\DDNCadAddins\src\DDNCadAddins\DDNCadAddins\Commands\XClipTest\XClipTestCreator3.cs(1,1): warning SA1633: The file header is missing or not located at the top of the file. (https://github.com/DotNetAnalyzers/StyleCopAnalyzers/blob/master/documentation/SA1633.md) [D:\leaveblackgithub\DDNCadAddins\src\DDNCadAddins\DDNCadAddins\DDNCadAddins.csproj]
D:\leaveblackgithub\DDNCadAddins\src\DDNCadAddins\DDNCadAddins\Commands\XClipTest\TestCommandBase.cs(27,13): warning SA1101: Prefix local calls with this (https://github.com/DotNetAnalyzers/StyleCopAnalyzers/blob/master/documentation/SA1101.md) [D:\leaveblackgithub\DDNCadAddins\src\DDNCadAddins\DDNCadAddins\DDNCadAddins.csproj]
D:\leaveblackgithub\DDNCadAddins\src\DDNCadAddins\DDNCadAddins\Commands\TestRunner.cs(141,13): warning SA1101: Prefix local calls with this (https://github.com/DotNetAnalyzers/StyleCopAnalyzers/blob/master/documentation/SA1101.md) [D:\leaveblackgithub\DDNCadAddins\src\DDNCadAddins\DDNCadAddins\DDNCadAddins.csproj]
D:\leaveblackgithub\DDNCadAddins\src\DDNCadAddins\DDNCadAddins\Commands\Blk2CsvCommand.cs(32,13): warning SA1101: Prefix local calls with this (https://github.com/DotNetAnalyzers/StyleCopAnalyzers/blob/master/documentation/SA1101.md) [D:\leaveblackgithub\DDNCadAddins\src\DDNCadAddins\DDNCadAddins\DDNCadAddins.csproj]
D:\leaveblackgithub\DDNCadAddins\src\DDNCadAddins\DDNCadAddins\Commands\XClipCommand.cs(32,13): warning SA1101: Prefix local calls with this (https://github.com/DotNetAnalyzers/StyleCopAnalyzers/blob/master/documentation/SA1101.md) [D:\leaveblackgithub\DDNCadAddins\src\DDNCadAddins\DDNCadAddins\DDNCadAddins.csproj]
D:\leaveblackgithub\DDNCadAddins\src\DDNCadAddins\DDNCadAddins\Commands\TestRunner.cs(142,13): warning SA1101: Prefix local calls with this (https://github.com/DotNetAnalyzers/StyleCopAnalyzers/blob/master/documentation/SA1101.md) [D:\leaveblackgithub\DDNCadAddins\src\DDNCadAddins\DDNCadAddins\DDNCadAddins.csproj]
D:\leaveblackgithub\DDNCadAddins\src\DDNCadAddins\DDNCadAddins\Commands\XClipTestCommand.cs(32,13): warning SA1101: Prefix local calls with this (https://github.com/DotNetAnalyzers/StyleCopAnalyzers/blob/master/documentation/SA1101.md) [D:\leaveblackgithub\DDNCadAddins\src\DDNCadAddins\DDNCadAddins\DDNCadAddins.csproj]
D:\leaveblackgithub\DDNCadAddins\src\DDNCadAddins\DDNCadAddins\Commands\Blk2CsvCommand.cs(33,13): warning SA1101: Prefix local calls with this (https://github.com/DotNetAnalyzers/StyleCopAnalyzers/blob/master/documentation/SA1101.md) [D:\leaveblackgithub\DDNCadAddins\src\DDNCadAddins\DDNCadAddins\DDNCadAddins.csproj]
D:\leaveblackgithub\DDNCadAddins\src\DDNCadAddins\DDNCadAddins\Commands\XClipCommand.cs(32,51): warning SA1101: Prefix local calls with this (https://github.com/DotNetAnalyzers/StyleCopAnalyzers/blob/master/documentation/SA1101.md) [D:\leaveblackgithub\DDNCadAddins\src\DDNCadAddins\DDNCadAddins\DDNCadAddins.csproj]
D:\leaveblackgithub\DDNCadAddins\src\DDNCadAddins\DDNCadAddins\Commands\XClipTestCommand.cs(32,49): warning SA1101: Prefix local calls with this (https://github.com/DotNetAnalyzers/StyleCopAnalyzers/blob/master/documentation/SA1101.md) [D:\leaveblackgithub\DDNCadAddins\src\DDNCadAddins\DDNCadAddins\DDNCadAddins.csproj]
D:\leaveblackgithub\DDNCadAddins\src\DDNCadAddins\DDNCadAddins\Commands\XClipTest\TestCommandBase.cs(27,55): warning SA1101: Prefix local calls with this (https://github.com/DotNetAnalyzers/StyleCopAnalyzers/blob/master/documentation/SA1101.md) [D:\leaveblackgithub\DDNCadAddins\src\DDNCadAddins\DDNCadAddins\DDNCadAddins.csproj]
D:\leaveblackgithub\DDNCadAddins\src\DDNCadAddins\DDNCadAddins\Commands\XClipCommand.cs(32,64): warning SA1101: Prefix local calls with this (https://github.com/DotNetAnalyzers/StyleCopAnalyzers/blob/master/documentation/SA1101.md) [D:\leaveblackgithub\DDNCadAddins\src\DDNCadAddins\DDNCadAddins\DDNCadAddins.csproj]
D:\leaveblackgithub\DDNCadAddins\src\DDNCadAddins\DDNCadAddins\Commands\XClipCommand.cs(33,13): warning SA1101: Prefix local calls with this (https://github.com/DotNetAnalyzers/StyleCopAnalyzers/blob/master/documentation/SA1101.md) [D:\leaveblackgithub\DDNCadAddins\src\DDNCadAddins\DDNCadAddins\DDNCadAddins.csproj]
D:\leaveblackgithub\DDNCadAddins\src\DDNCadAddins\DDNCadAddins\Commands\XClipTestCommand.cs(32,62): warning SA1101: Prefix local calls with this (https://github.com/DotNetAnalyzers/StyleCopAnalyzers/blob/master/documentation/SA1101.md) [D:\leaveblackgithub\DDNCadAddins\src\DDNCadAddins\DDNCadAddins\DDNCadAddins.csproj]
D:\leaveblackgithub\DDNCadAddins\src\DDNCadAddins\DDNCadAddins\Commands\XClipTest\TestCommandBase.cs(27,68): warning SA1101: Prefix local calls with this (https://github.com/DotNetAnalyzers/StyleCopAnalyzers/blob/master/documentation/SA1101.md) [D:\leaveblackgithub\DDNCadAddins\src\DDNCadAddins\DDNCadAddins\DDNCadAddins.csproj]
D:\leaveblackgithub\DDNCadAddins\src\DDNCadAddins\DDNCadAddins\Commands\XClipTestCommand.cs(33,13): warning SA1101: Prefix local calls with this (https://github.com/DotNetAnalyzers/StyleCopAnalyzers/blob/master/documentation/SA1101.md) [D:\leaveblackgithub\DDNCadAddins\src\DDNCadAddins\DDNCadAddins\DDNCadAddins.csproj]
D:\leaveblackgithub\DDNCadAddins\src\DDNCadAddins\DDNCadAddins\Commands\XClipCommand.cs(33,48): warning SA1101: Prefix local calls with this (https://github.com/DotNetAnalyzers/StyleCopAnalyzers/blob/master/documentation/SA1101.md) [D:\leaveblackgithub\DDNCadAddins\src\DDNCadAddins\DDNCadAddins\DDNCadAddins.csproj]
D:\leaveblackgithub\DDNCadAddins\src\DDNCadAddins\DDNCadAddins\Commands\XClipCommand.cs(33,64): warning SA1101: Prefix local calls with this (https://github.com/DotNetAnalyzers/StyleCopAnalyzers/blob/master/documentation/SA1101.md) [D:\leaveblackgithub\DDNCadAddins\src\DDNCadAddins\DDNCadAddins\DDNCadAddins.csproj]
D:\leaveblackgithub\DDNCadAddins\src\DDNCadAddins\DDNCadAddins\Commands\XClipTestCommand.cs(33,53): warning SA1101: Prefix local calls with this (https://github.com/DotNetAnalyzers/StyleCopAnalyzers/blob/master/documentation/SA1101.md) [D:\leaveblackgithub\DDNCadAddins\src\DDNCadAddins\DDNCadAddins\DDNCadAddins.csproj]
D:\leaveblackgithub\DDNCadAddins\src\DDNCadAddins\DDNCadAddins\Commands\XClipTestCommand.cs(33,66): warning SA1101: Prefix local calls with this (https://github.com/DotNetAnalyzers/StyleCopAnalyzers/blob/master/documentation/SA1101.md) [D:\leaveblackgithub\DDNCadAddins\src\DDNCadAddins\DDNCadAddins\DDNCadAddins.csproj]
D:\leaveblackgithub\DDNCadAddins\src\DDNCadAddins\DDNCadAddins\Commands\OpenXClipLogCommand.cs(28,13): warning SA1101: Prefix local calls with this (https://github.com/DotNetAnalyzers/StyleCopAnalyzers/blob/master/documentation/SA1101.md) [D:\leaveblackgithub\DDNCadAddins\src\DDNCadAddins\DDNCadAddins\DDNCadAddins.csproj]
D:\leaveblackgithub\DDNCadAddins\src\DDNCadAddins\DDNCadAddins\Commands\XClipTest\XClipTestValidator.cs(26,13): warning SA1101: Prefix local calls with this (https://github.com/DotNetAnalyzers/StyleCopAnalyzers/blob/master/documentation/SA1101.md) [D:\leaveblackgithub\DDNCadAddins\src\DDNCadAddins\DDNCadAddins\DDNCadAddins.csproj]
D:\leaveblackgithub\DDNCadAddins\src\DDNCadAddins\DDNCadAddins\Commands\CreateXClippedBlockCommand.cs(33,13): warning SA1101: Prefix local calls with this (https://github.com/DotNetAnalyzers/StyleCopAnalyzers/blob/master/documentation/SA1101.md) [D:\leaveblackgithub\DDNCadAddins\src\DDNCadAddins\DDNCadAddins\DDNCadAddins.csproj]
D:\leaveblackgithub\DDNCadAddins\src\DDNCadAddins\DDNCadAddins\Services\XClipBlockService.Core.cs(31,13): warning SA1101: Prefix local calls with this (https://github.com/DotNetAnalyzers/StyleCopAnalyzers/blob/master/documentation/SA1101.md) [D:\leaveblackgithub\DDNCadAddins\src\DDNCadAddins\DDNCadAddins\DDNCadAddins.csproj]
D:\leaveblackgithub\DDNCadAddins\src\DDNCadAddins\DDNCadAddins\Commands\XClipTest\XClipTestValidator.cs(27,13): warning SA1101: Prefix local calls with this (https://github.com/DotNetAnalyzers/StyleCopAnalyzers/blob/master/documentation/SA1101.md) [D:\leaveblackgithub\DDNCadAddins\src\DDNCadAddins\DDNCadAddins\DDNCadAddins.csproj]
D:\leaveblackgithub\DDNCadAddins\src\DDNCadAddins\DDNCadAddins\Commands\CreateXClippedBlockCommand.cs(34,13): warning SA1101: Prefix local calls with this (https://github.com/DotNetAnalyzers/StyleCopAnalyzers/blob/master/documentation/SA1101.md) [D:\leaveblackgithub\DDNCadAddins\src\DDNCadAddins\DDNCadAddins\DDNCadAddins.csproj]
D:\leaveblackgithub\DDNCadAddins\src\DDNCadAddins\DDNCadAddins\Services\XClipBlockService.Core.cs(32,13): warning SA1101: Prefix local calls with this (https://github.com/DotNetAnalyzers/StyleCopAnalyzers/blob/master/documentation/SA1101.md) [D:\leaveblackgithub\DDNCadAddins\src\DDNCadAddins\DDNCadAddins\DDNCadAddins.csproj]
D:\leaveblackgithub\DDNCadAddins\src\DDNCadAddins\DDNCadAddins\Commands\FindXClippedBlocksCommand.cs(37,13): warning SA1101: Prefix local calls with this (https://github.com/DotNetAnalyzers/StyleCopAnalyzers/blob/master/documentation/SA1101.md) [D:\leaveblackgithub\DDNCadAddins\src\DDNCadAddins\DDNCadAddins\DDNCadAddins.csproj]
D:\leaveblackgithub\DDNCadAddins\src\DDNCadAddins\DDNCadAddins\Commands\FindXClippedBlocksCommand.cs(38,13): warning SA1101: Prefix local calls with this (https://github.com/DotNetAnalyzers/StyleCopAnalyzers/blob/master/documentation/SA1101.md) [D:\leaveblackgithub\DDNCadAddins\src\DDNCadAddins\DDNCadAddins\DDNCadAddins.csproj]
D:\leaveblackgithub\DDNCadAddins\src\DDNCadAddins\DDNCadAddins\Commands\FindXClippedBlocksCommand.cs(39,13): warning SA1101: Prefix local calls with this (https://github.com/DotNetAnalyzers/StyleCopAnalyzers/blob/master/documentation/SA1101.md) [D:\leaveblackgithub\DDNCadAddins\src\DDNCadAddins\DDNCadAddins\DDNCadAddins.csproj]
D:\leaveblackgithub\DDNCadAddins\src\DDNCadAddins\DDNCadAddins\Commands\IsolateXClippedBlocksCommand.cs(36,13): warning SA1101: Prefix local calls with this (https://github.com/DotNetAnalyzers/StyleCopAnalyzers/blob/master/documentation/SA1101.md) [D:\leaveblackgithub\DDNCadAddins\src\DDNCadAddins\DDNCadAddins\DDNCadAddins.csproj]
D:\leaveblackgithub\DDNCadAddins\src\DDNCadAddins\DDNCadAddins\Commands\IsolateXClippedBlocksCommand.cs(37,13): warning SA1101: Prefix local calls with this (https://github.com/DotNetAnalyzers/StyleCopAnalyzers/blob/master/documentation/SA1101.md) [D:\leaveblackgithub\DDNCadAddins\src\DDNCadAddins\DDNCadAddins\DDNCadAddins.csproj]
D:\leaveblackgithub\DDNCadAddins\src\DDNCadAddins\DDNCadAddins\Commands\TestRunner.cs(36,17): warning SA1101: Prefix local calls with this (https://github.com/DotNetAnalyzers/StyleCopAnalyzers/blob/master/documentation/SA1101.md) [D:\leaveblackgithub\DDNCadAddins\src\DDNCadAddins\DDNCadAddins\DDNCadAddins.csproj]
D:\leaveblackgithub\DDNCadAddins\src\DDNCadAddins\DDNCadAddins\Commands\IsolateXClippedBlocksCommand.cs(45,13): warning SA1101: Prefix local calls with this (https://github.com/DotNetAnalyzers/StyleCopAnalyzers/blob/master/documentation/SA1101.md) [D:\leaveblackgithub\DDNCadAddins\src\DDNCadAddins\DDNCadAddins\DDNCadAddins.csproj]
D:\leaveblackgithub\DDNCadAddins\src\DDNCadAddins\DDNCadAddins\Commands\IsolateXClippedBlocksCommand.cs(45,51): warning SA1101: Prefix local calls with this (https://github.com/DotNetAnalyzers/StyleCopAnalyzers/blob/master/documentation/SA1101.md) [D:\leaveblackgithub\DDNCadAddins\src\DDNCadAddins\DDNCadAddins\DDNCadAddins.csproj]
D:\leaveblackgithub\DDNCadAddins\src\DDNCadAddins\DDNCadAddins\Commands\IsolateXClippedBlocksCommand.cs(45,64): warning SA1101: Prefix local calls with this (https://github.com/DotNetAnalyzers/StyleCopAnalyzers/blob/master/documentation/SA1101.md) [D:\leaveblackgithub\DDNCadAddins\src\DDNCadAddins\DDNCadAddins\DDNCadAddins.csproj]
D:\leaveblackgithub\DDNCadAddins\src\DDNCadAddins\DDNCadAddins\Commands\IsolateXClippedBlocksCommand.cs(46,13): warning SA1101: Prefix local calls with this (https://github.com/DotNetAnalyzers/StyleCopAnalyzers/blob/master/documentation/SA1101.md) [D:\leaveblackgithub\DDNCadAddins\src\DDNCadAddins\DDNCadAddins\DDNCadAddins.csproj]
D:\leaveblackgithub\DDNCadAddins\src\DDNCadAddins\DDNCadAddins\Commands\IsolateXClippedBlocksCommand.cs(43,47): warning SA1128: Put constructor initializers on their own line (https://github.com/DotNetAnalyzers/StyleCopAnalyzers/blob/master/documentation/SA1128.md) [D:\leaveblackgithub\DDNCadAddins\src\DDNCadAddins\DDNCadAddins\DDNCadAddins.csproj]
D:\leaveblackgithub\DDNCadAddins\src\DDNCadAddins\DDNCadAddins\Commands\IsolateXClippedBlocksCommand.cs(55,13): warning SA1101: Prefix local calls with this (https://github.com/DotNetAnalyzers/StyleCopAnalyzers/blob/master/documentation/SA1101.md) [D:\leaveblackgithub\DDNCadAddins\src\DDNCadAddins\DDNCadAddins\DDNCadAddins.csproj]
D:\leaveblackgithub\DDNCadAddins\src\DDNCadAddins\DDNCadAddins\Commands\XClipTest\XClipTestCreator3.cs(23,1): warning SA1028: Code should not contain trailing whitespace (https://github.com/DotNetAnalyzers/StyleCopAnalyzers/blob/master/documentation/SA1028.md) [D:\leaveblackgithub\DDNCadAddins\src\DDNCadAddins\DDNCadAddins\DDNCadAddins.csproj]
D:\leaveblackgithub\DDNCadAddins\src\DDNCadAddins\DDNCadAddins\Commands\XClipTest\XClipTestCreator3.cs(28,1): warning SA1028: Code should not contain trailing whitespace (https://github.com/DotNetAnalyzers/StyleCopAnalyzers/blob/master/documentation/SA1028.md) [D:\leaveblackgithub\DDNCadAddins\src\DDNCadAddins\DDNCadAddins\DDNCadAddins.csproj]
D:\leaveblackgithub\DDNCadAddins\src\DDNCadAddins\DDNCadAddins\Commands\XClipTest\XClipTestCreator3.cs(33,1): warning SA1028: Code should not contain trailing whitespace (https://github.com/DotNetAnalyzers/StyleCopAnalyzers/blob/master/documentation/SA1028.md) [D:\leaveblackgithub\DDNCadAddins\src\DDNCadAddins\DDNCadAddins\DDNCadAddins.csproj]
D:\leaveblackgithub\DDNCadAddins\src\DDNCadAddins\DDNCadAddins\Commands\XClipTest\XClipTestCreator3.cs(37,1): warning SA1028: Code should not contain trailing whitespace (https://github.com/DotNetAnalyzers/StyleCopAnalyzers/blob/master/documentation/SA1028.md) [D:\leaveblackgithub\DDNCadAddins\src\DDNCadAddins\DDNCadAddins\DDNCadAddins.csproj]
D:\leaveblackgithub\DDNCadAddins\src\DDNCadAddins\DDNCadAddins\Commands\XClipTest\XClipTestCreator3.cs(46,1): warning SA1028: Code should not contain trailing whitespace (https://github.com/DotNetAnalyzers/StyleCopAnalyzers/blob/master/documentation/SA1028.md) [D:\leaveblackgithub\DDNCadAddins\src\DDNCadAddins\DDNCadAddins\DDNCadAddins.csproj]
D:\leaveblackgithub\DDNCadAddins\src\DDNCadAddins\DDNCadAddins\Commands\XClipTest\XClipTestCreator3.cs(55,1): warning SA1028: Code should not contain trailing whitespace (https://github.com/DotNetAnalyzers/StyleCopAnalyzers/blob/master/documentation/SA1028.md) [D:\leaveblackgithub\DDNCadAddins\src\DDNCadAddins\DDNCadAddins\DDNCadAddins.csproj]
D:\leaveblackgithub\DDNCadAddins\src\DDNCadAddins\DDNCadAddins\Commands\XClipTest\XClipTestCreator3.cs(59,1): warning SA1028: Code should not contain trailing whitespace (https://github.com/DotNetAnalyzers/StyleCopAnalyzers/blob/master/documentation/SA1028.md) [D:\leaveblackgithub\DDNCadAddins\src\DDNCadAddins\DDNCadAddins\DDNCadAddins.csproj]
D:\leaveblackgithub\DDNCadAddins\src\DDNCadAddins\DDNCadAddins\Commands\XClipTest\XClipTestCreator3.cs(62,1): warning SA1028: Code should not contain trailing whitespace (https://github.com/DotNetAnalyzers/StyleCopAnalyzers/blob/master/documentation/SA1028.md) [D:\leaveblackgithub\DDNCadAddins\src\DDNCadAddins\DDNCadAddins\DDNCadAddins.csproj]
D:\leaveblackgithub\DDNCadAddins\src\DDNCadAddins\DDNCadAddins\Commands\XClipTest\XClipTestCreator3.cs(65,1): warning SA1028: Code should not contain trailing whitespace (https://github.com/DotNetAnalyzers/StyleCopAnalyzers/blob/master/documentation/SA1028.md) [D:\leaveblackgithub\DDNCadAddins\src\DDNCadAddins\DDNCadAddins\DDNCadAddins.csproj]
D:\leaveblackgithub\DDNCadAddins\src\DDNCadAddins\DDNCadAddins\Commands\XClipTest\XClipTestCreator3.cs(72,1): warning SA1028: Code should not contain trailing whitespace (https://github.com/DotNetAnalyzers/StyleCopAnalyzers/blob/master/documentation/SA1028.md) [D:\leaveblackgithub\DDNCadAddins\src\DDNCadAddins\DDNCadAddins\DDNCadAddins.csproj]
D:\leaveblackgithub\DDNCadAddins\src\DDNCadAddins\DDNCadAddins\Commands\XClipTest\XClipTestCreator3.cs(78,1): warning SA1028: Code should not contain trailing whitespace (https://github.com/DotNetAnalyzers/StyleCopAnalyzers/blob/master/documentation/SA1028.md) [D:\leaveblackgithub\DDNCadAddins\src\DDNCadAddins\DDNCadAddins\DDNCadAddins.csproj]
D:\leaveblackgithub\DDNCadAddins\src\DDNCadAddins\DDNCadAddins\Commands\XClipTest\XClipTestCreator3.cs(94,1): warning SA1028: Code should not contain trailing whitespace (https://github.com/DotNetAnalyzers/StyleCopAnalyzers/blob/master/documentation/SA1028.md) [D:\leaveblackgithub\DDNCadAddins\src\DDNCadAddins\DDNCadAddins\DDNCadAddins.csproj]
D:\leaveblackgithub\DDNCadAddins\src\DDNCadAddins\DDNCadAddins\Commands\XClipTest\XClipTestCreator3.cs(97,1): warning SA1028: Code should not contain trailing whitespace (https://github.com/DotNetAnalyzers/StyleCopAnalyzers/blob/master/documentation/SA1028.md) [D:\leaveblackgithub\DDNCadAddins\src\DDNCadAddins\DDNCadAddins\DDNCadAddins.csproj]
D:\leaveblackgithub\DDNCadAddins\src\DDNCadAddins\DDNCadAddins\Commands\XClipTest\XClipTestCreator3.cs(100,1): warning SA1028: Code should not contain trailing whitespace (https://github.com/DotNetAnalyzers/StyleCopAnalyzers/blob/master/documentation/SA1028.md) [D:\leaveblackgithub\DDNCadAddins\src\DDNCadAddins\DDNCadAddins\DDNCadAddins.csproj]
D:\leaveblackgithub\DDNCadAddins\src\DDNCadAddins\DDNCadAddins\Commands\XClipTest\XClipTestCreator3.cs(109,1): warning SA1028: Code should not contain trailing whitespace (https://github.com/DotNetAnalyzers/StyleCopAnalyzers/blob/master/documentation/SA1028.md) [D:\leaveblackgithub\DDNCadAddins\src\DDNCadAddins\DDNCadAddins\DDNCadAddins.csproj]
D:\leaveblackgithub\DDNCadAddins\src\DDNCadAddins\DDNCadAddins\Commands\XClipTest\XClipTestCreator3.cs(111,1): warning SA1028: Code should not contain trailing whitespace (https://github.com/DotNetAnalyzers/StyleCopAnalyzers/blob/master/documentation/SA1028.md) [D:\leaveblackgithub\DDNCadAddins\src\DDNCadAddins\DDNCadAddins\DDNCadAddins.csproj]
D:\leaveblackgithub\DDNCadAddins\src\DDNCadAddins\DDNCadAddins\Commands\XClipTest\XClipTestCreator3.cs(115,1): warning SA1028: Code should not contain trailing whitespace (https://github.com/DotNetAnalyzers/StyleCopAnalyzers/blob/master/documentation/SA1028.md) [D:\leaveblackgithub\DDNCadAddins\src\DDNCadAddins\DDNCadAddins\DDNCadAddins.csproj]
D:\leaveblackgithub\DDNCadAddins\src\DDNCadAddins\DDNCadAddins\Commands\XClipTest\XClipTestCreator3.cs(128,1): warning SA1028: Code should not contain trailing whitespace (https://github.com/DotNetAnalyzers/StyleCopAnalyzers/blob/master/documentation/SA1028.md) [D:\leaveblackgithub\DDNCadAddins\src\DDNCadAddins\DDNCadAddins\DDNCadAddins.csproj]
D:\leaveblackgithub\DDNCadAddins\src\DDNCadAddins\DDNCadAddins\Commands\XClipTest\XClipTestCreator3.cs(131,1): warning SA1028: Code should not contain trailing whitespace (https://github.com/DotNetAnalyzers/StyleCopAnalyzers/blob/master/documentation/SA1028.md) [D:\leaveblackgithub\DDNCadAddins\src\DDNCadAddins\DDNCadAddins\DDNCadAddins.csproj]
D:\leaveblackgithub\DDNCadAddins\src\DDNCadAddins\DDNCadAddins\Commands\XClipTest\XClipTestCreator3.cs(140,1): warning SA1028: Code should not contain trailing whitespace (https://github.com/DotNetAnalyzers/StyleCopAnalyzers/blob/master/documentation/SA1028.md) [D:\leaveblackgithub\DDNCadAddins\src\DDNCadAddins\DDNCadAddins\DDNCadAddins.csproj]
D:\leaveblackgithub\DDNCadAddins\src\DDNCadAddins\DDNCadAddins\Commands\XClipTest\XClipTestCreator3.cs(142,1): warning SA1028: Code should not contain trailing whitespace (https://github.com/DotNetAnalyzers/StyleCopAnalyzers/blob/master/documentation/SA1028.md) [D:\leaveblackgithub\DDNCadAddins\src\DDNCadAddins\DDNCadAddins\DDNCadAddins.csproj]
D:\leaveblackgithub\DDNCadAddins\src\DDNCadAddins\DDNCadAddins\Commands\XClipTest\XClipTestCreator3.cs(148,1): warning SA1028: Code should not contain trailing whitespace (https://github.com/DotNetAnalyzers/StyleCopAnalyzers/blob/master/documentation/SA1028.md) [D:\leaveblackgithub\DDNCadAddins\src\DDNCadAddins\DDNCadAddins\DDNCadAddins.csproj]
D:\leaveblackgithub\DDNCadAddins\src\DDNCadAddins\DDNCadAddins\Commands\XClipTest\XClipTestCreator3.cs(152,1): warning SA1028: Code should not contain trailing whitespace (https://github.com/DotNetAnalyzers/StyleCopAnalyzers/blob/master/documentation/SA1028.md) [D:\leaveblackgithub\DDNCadAddins\src\DDNCadAddins\DDNCadAddins\DDNCadAddins.csproj]
D:\leaveblackgithub\DDNCadAddins\src\DDNCadAddins\DDNCadAddins\Commands\XClipTest\XClipTestCreator3.cs(158,1): warning SA1028: Code should not contain trailing whitespace (https://github.com/DotNetAnalyzers/StyleCopAnalyzers/blob/master/documentation/SA1028.md) [D:\leaveblackgithub\DDNCadAddins\src\DDNCadAddins\DDNCadAddins\DDNCadAddins.csproj]
D:\leaveblackgithub\DDNCadAddins\src\DDNCadAddins\DDNCadAddins\Commands\XClipTest\XClipTestCreator3.cs(161,1): warning SA1028: Code should not contain trailing whitespace (https://github.com/DotNetAnalyzers/StyleCopAnalyzers/blob/master/documentation/SA1028.md) [D:\leaveblackgithub\DDNCadAddins\src\DDNCadAddins\DDNCadAddins\DDNCadAddins.csproj]
D:\leaveblackgithub\DDNCadAddins\src\DDNCadAddins\DDNCadAddins\Commands\XClipTest\XClipTestCreator3.cs(167,1): warning SA1028: Code should not contain trailing whitespace (https://github.com/DotNetAnalyzers/StyleCopAnalyzers/blob/master/documentation/SA1028.md) [D:\leaveblackgithub\DDNCadAddins\src\DDNCadAddins\DDNCadAddins\DDNCadAddins.csproj]
D:\leaveblackgithub\DDNCadAddins\src\DDNCadAddins\DDNCadAddins\Commands\XClipTest\XClipTestCreator3.cs(170,126): warning SA1028: Code should not contain trailing whitespace (https://github.com/DotNetAnalyzers/StyleCopAnalyzers/blob/master/documentation/SA1028.md) [D:\leaveblackgithub\DDNCadAddins\src\DDNCadAddins\DDNCadAddins\DDNCadAddins.csproj]
D:\leaveblackgithub\DDNCadAddins\src\DDNCadAddins\DDNCadAddins\Commands\XClipTest\XClipTestCreator3.cs(174,1): warning SA1028: Code should not contain trailing whitespace (https://github.com/DotNetAnalyzers/StyleCopAnalyzers/blob/master/documentation/SA1028.md) [D:\leaveblackgithub\DDNCadAddins\src\DDNCadAddins\DDNCadAddins\DDNCadAddins.csproj]
D:\leaveblackgithub\DDNCadAddins\src\DDNCadAddins\DDNCadAddins\Commands\XClipTest\XClipTestCreator3.cs(176,118): warning SA1028: Code should not contain trailing whitespace (https://github.com/DotNetAnalyzers/StyleCopAnalyzers/blob/master/documentation/SA1028.md) [D:\leaveblackgithub\DDNCadAddins\src\DDNCadAddins\DDNCadAddins\DDNCadAddins.csproj]
D:\leaveblackgithub\DDNCadAddins\src\DDNCadAddins\DDNCadAddins\Commands\XClipTest\XClipTestCreator3.cs(181,1): warning SA1028: Code should not contain trailing whitespace (https://github.com/DotNetAnalyzers/StyleCopAnalyzers/blob/master/documentation/SA1028.md) [D:\leaveblackgithub\DDNCadAddins\src\DDNCadAddins\DDNCadAddins\DDNCadAddins.csproj]
D:\leaveblackgithub\DDNCadAddins\src\DDNCadAddins\DDNCadAddins\Commands\XClipTest\XClipTestCreator3.cs(187,1): warning SA1028: Code should not contain trailing whitespace (https://github.com/DotNetAnalyzers/StyleCopAnalyzers/blob/master/documentation/SA1028.md) [D:\leaveblackgithub\DDNCadAddins\src\DDNCadAddins\DDNCadAddins\DDNCadAddins.csproj]
D:\leaveblackgithub\DDNCadAddins\src\DDNCadAddins\DDNCadAddins\Commands\XClipTest\XClipTestCreator3.cs(194,1): warning SA1028: Code should not contain trailing whitespace (https://github.com/DotNetAnalyzers/StyleCopAnalyzers/blob/master/documentation/SA1028.md) [D:\leaveblackgithub\DDNCadAddins\src\DDNCadAddins\DDNCadAddins\DDNCadAddins.csproj]
D:\leaveblackgithub\DDNCadAddins\src\DDNCadAddins\DDNCadAddins\Commands\XClipTest\XClipTestCreator3.cs(197,1): warning SA1028: Code should not contain trailing whitespace (https://github.com/DotNetAnalyzers/StyleCopAnalyzers/blob/master/documentation/SA1028.md) [D:\leaveblackgithub\DDNCadAddins\src\DDNCadAddins\DDNCadAddins\DDNCadAddins.csproj]
D:\leaveblackgithub\DDNCadAddins\src\DDNCadAddins\DDNCadAddins\Commands\XClipTest\XClipTestCreator3.cs(204,1): warning SA1028: Code should not contain trailing whitespace (https://github.com/DotNetAnalyzers/StyleCopAnalyzers/blob/master/documentation/SA1028.md) [D:\leaveblackgithub\DDNCadAddins\src\DDNCadAddins\DDNCadAddins\DDNCadAddins.csproj]
D:\leaveblackgithub\DDNCadAddins\src\DDNCadAddins\DDNCadAddins\Commands\XClipTest\XClipTestCreator3.cs(210,1): warning SA1028: Code should not contain trailing whitespace (https://github.com/DotNetAnalyzers/StyleCopAnalyzers/blob/master/documentation/SA1028.md) [D:\leaveblackgithub\DDNCadAddins\src\DDNCadAddins\DDNCadAddins\DDNCadAddins.csproj]
D:\leaveblackgithub\DDNCadAddins\src\DDNCadAddins\DDNCadAddins\Commands\XClipTest\XClipTestCreator3.cs(213,1): warning SA1028: Code should not contain trailing whitespace (https://github.com/DotNetAnalyzers/StyleCopAnalyzers/blob/master/documentation/SA1028.md) [D:\leaveblackgithub\DDNCadAddins\src\DDNCadAddins\DDNCadAddins\DDNCadAddins.csproj]
D:\leaveblackgithub\DDNCadAddins\src\DDNCadAddins\DDNCadAddins\Commands\XClipTest\XClipTestCreator3.cs(218,1): warning SA1028: Code should not contain trailing whitespace (https://github.com/DotNetAnalyzers/StyleCopAnalyzers/blob/master/documentation/SA1028.md) [D:\leaveblackgithub\DDNCadAddins\src\DDNCadAddins\DDNCadAddins\DDNCadAddins.csproj]
D:\leaveblackgithub\DDNCadAddins\src\DDNCadAddins\DDNCadAddins\Commands\XClipTest\XClipTestCreator3.cs(222,1): warning SA1028: Code should not contain trailing whitespace (https://github.com/DotNetAnalyzers/StyleCopAnalyzers/blob/master/documentation/SA1028.md) [D:\leaveblackgithub\DDNCadAddins\src\DDNCadAddins\DDNCadAddins\DDNCadAddins.csproj]
D:\leaveblackgithub\DDNCadAddins\src\DDNCadAddins\DDNCadAddins\Commands\XClipTest\XClipTestCreator3.cs(226,1): warning SA1028: Code should not contain trailing whitespace (https://github.com/DotNetAnalyzers/StyleCopAnalyzers/blob/master/documentation/SA1028.md) [D:\leaveblackgithub\DDNCadAddins\src\DDNCadAddins\DDNCadAddins\DDNCadAddins.csproj]
D:\leaveblackgithub\DDNCadAddins\src\DDNCadAddins\DDNCadAddins\Commands\XClipTest\XClipTestCreator3.cs(230,1): warning SA1028: Code should not contain trailing whitespace (https://github.com/DotNetAnalyzers/StyleCopAnalyzers/blob/master/documentation/SA1028.md) [D:\leaveblackgithub\DDNCadAddins\src\DDNCadAddins\DDNCadAddins\DDNCadAddins.csproj]
D:\leaveblackgithub\DDNCadAddins\src\DDNCadAddins\DDNCadAddins\Commands\XClipTest\XClipTestCreator3.cs(234,1): warning SA1028: Code should not contain trailing whitespace (https://github.com/DotNetAnalyzers/StyleCopAnalyzers/blob/master/documentation/SA1028.md) [D:\leaveblackgithub\DDNCadAddins\src\DDNCadAddins\DDNCadAddins\DDNCadAddins.csproj]
D:\leaveblackgithub\DDNCadAddins\src\DDNCadAddins\DDNCadAddins\Commands\XClipTest\XClipTestCreator3.cs(236,1): warning SA1028: Code should not contain trailing whitespace (https://github.com/DotNetAnalyzers/StyleCopAnalyzers/blob/master/documentation/SA1028.md) [D:\leaveblackgithub\DDNCadAddins\src\DDNCadAddins\DDNCadAddins\DDNCadAddins.csproj]
D:\leaveblackgithub\DDNCadAddins\src\DDNCadAddins\DDNCadAddins\Commands\XClipTest\XClipTestCreator3.cs(257,1): warning SA1028: Code should not contain trailing whitespace (https://github.com/DotNetAnalyzers/StyleCopAnalyzers/blob/master/documentation/SA1028.md) [D:\leaveblackgithub\DDNCadAddins\src\DDNCadAddins\DDNCadAddins\DDNCadAddins.csproj]
D:\leaveblackgithub\DDNCadAddins\src\DDNCadAddins\DDNCadAddins\Commands\XClipTest\XClipTestCreator3.cs(266,1): warning SA1028: Code should not contain trailing whitespace (https://github.com/DotNetAnalyzers/StyleCopAnalyzers/blob/master/documentation/SA1028.md) [D:\leaveblackgithub\DDNCadAddins\src\DDNCadAddins\DDNCadAddins\DDNCadAddins.csproj]
D:\leaveblackgithub\DDNCadAddins\src\DDNCadAddins\DDNCadAddins\Commands\XClipTest\XClipTestCreator3.cs(275,1): warning SA1028: Code should not contain trailing whitespace (https://github.com/DotNetAnalyzers/StyleCopAnalyzers/blob/master/documentation/SA1028.md) [D:\leaveblackgithub\DDNCadAddins\src\DDNCadAddins\DDNCadAddins\DDNCadAddins.csproj]
D:\leaveblackgithub\DDNCadAddins\src\DDNCadAddins\DDNCadAddins\Commands\XClipTest\XClipTestCreator3.cs(277,1): warning SA1028: Code should not contain trailing whitespace (https://github.com/DotNetAnalyzers/StyleCopAnalyzers/blob/master/documentation/SA1028.md) [D:\leaveblackgithub\DDNCadAddins\src\DDNCadAddins\DDNCadAddins\DDNCadAddins.csproj]
D:\leaveblackgithub\DDNCadAddins\src\DDNCadAddins\DDNCadAddins\Commands\XClipTest\XClipTestCreator3.cs(284,1): warning SA1028: Code should not contain trailing whitespace (https://github.com/DotNetAnalyzers/StyleCopAnalyzers/blob/master/documentation/SA1028.md) [D:\leaveblackgithub\DDNCadAddins\src\DDNCadAddins\DDNCadAddins\DDNCadAddins.csproj]
D:\leaveblackgithub\DDNCadAddins\src\DDNCadAddins\DDNCadAddins\Commands\XClipTest\XClipTestCreator3.cs(287,1): warning SA1028: Code should not contain trailing whitespace (https://github.com/DotNetAnalyzers/StyleCopAnalyzers/blob/master/documentation/SA1028.md) [D:\leaveblackgithub\DDNCadAddins\src\DDNCadAddins\DDNCadAddins\DDNCadAddins.csproj]
D:\leaveblackgithub\DDNCadAddins\src\DDNCadAddins\DDNCadAddins\Commands\XClipTest\XClipTestCreator3.cs(297,1): warning SA1028: Code should not contain trailing whitespace (https://github.com/DotNetAnalyzers/StyleCopAnalyzers/blob/master/documentation/SA1028.md) [D:\leaveblackgithub\DDNCadAddins\src\DDNCadAddins\DDNCadAddins\DDNCadAddins.csproj]
D:\leaveblackgithub\DDNCadAddins\src\DDNCadAddins\DDNCadAddins\Commands\XClipTest\XClipTestCreator3.cs(304,1): warning SA1028: Code should not contain trailing whitespace (https://github.com/DotNetAnalyzers/StyleCopAnalyzers/blob/master/documentation/SA1028.md) [D:\leaveblackgithub\DDNCadAddins\src\DDNCadAddins\DDNCadAddins\DDNCadAddins.csproj]
D:\leaveblackgithub\DDNCadAddins\src\DDNCadAddins\DDNCadAddins\Commands\XClipTest\XClipTestCreator3.cs(311,1): warning SA1028: Code should not contain trailing whitespace (https://github.com/DotNetAnalyzers/StyleCopAnalyzers/blob/master/documentation/SA1028.md) [D:\leaveblackgithub\DDNCadAddins\src\DDNCadAddins\DDNCadAddins\DDNCadAddins.csproj]
D:\leaveblackgithub\DDNCadAddins\src\DDNCadAddins\DDNCadAddins\Commands\XClipTest\XClipTestCreator3.cs(322,1): warning SA1028: Code should not contain trailing whitespace (https://github.com/DotNetAnalyzers/StyleCopAnalyzers/blob/master/documentation/SA1028.md) [D:\leaveblackgithub\DDNCadAddins\src\DDNCadAddins\DDNCadAddins\DDNCadAddins.csproj]
D:\leaveblackgithub\DDNCadAddins\src\DDNCadAddins\DDNCadAddins\Commands\XClipTest\XClipTestCreator3.cs(336,1): warning SA1028: Code should not contain trailing whitespace (https://github.com/DotNetAnalyzers/StyleCopAnalyzers/blob/master/documentation/SA1028.md) [D:\leaveblackgithub\DDNCadAddins\src\DDNCadAddins\DDNCadAddins\DDNCadAddins.csproj]
D:\leaveblackgithub\DDNCadAddins\src\DDNCadAddins\DDNCadAddins\Commands\XClipTest\XClipTestCreator3.cs(339,1): warning SA1028: Code should not contain trailing whitespace (https://github.com/DotNetAnalyzers/StyleCopAnalyzers/blob/master/documentation/SA1028.md) [D:\leaveblackgithub\DDNCadAddins\src\DDNCadAddins\DDNCadAddins\DDNCadAddins.csproj]
D:\leaveblackgithub\DDNCadAddins\src\DDNCadAddins\DDNCadAddins\Commands\XClipTest\XClipTestCreator3.cs(349,1): warning SA1028: Code should not contain trailing whitespace (https://github.com/DotNetAnalyzers/StyleCopAnalyzers/blob/master/documentation/SA1028.md) [D:\leaveblackgithub\DDNCadAddins\src\DDNCadAddins\DDNCadAddins\DDNCadAddins.csproj]
D:\leaveblackgithub\DDNCadAddins\src\DDNCadAddins\DDNCadAddins\Commands\XClipTest\XClipTestCreator3.cs(365,1): warning SA1028: Code should not contain trailing whitespace (https://github.com/DotNetAnalyzers/StyleCopAnalyzers/blob/master/documentation/SA1028.md) [D:\leaveblackgithub\DDNCadAddins\src\DDNCadAddins\DDNCadAddins\DDNCadAddins.csproj]
D:\leaveblackgithub\DDNCadAddins\src\DDNCadAddins\DDNCadAddins\Commands\XClipTest\XClipTestCreator3.cs(367,1): warning SA1028: Code should not contain trailing whitespace (https://github.com/DotNetAnalyzers/StyleCopAnalyzers/blob/master/documentation/SA1028.md) [D:\leaveblackgithub\DDNCadAddins\src\DDNCadAddins\DDNCadAddins\DDNCadAddins.csproj]
D:\leaveblackgithub\DDNCadAddins\src\DDNCadAddins\DDNCadAddins\Commands\XClipTest\XClipTestCreator3.cs(376,1): warning SA1028: Code should not contain trailing whitespace (https://github.com/DotNetAnalyzers/StyleCopAnalyzers/blob/master/documentation/SA1028.md) [D:\leaveblackgithub\DDNCadAddins\src\DDNCadAddins\DDNCadAddins\DDNCadAddins.csproj]
D:\leaveblackgithub\DDNCadAddins\src\DDNCadAddins\DDNCadAddins\Commands\XClipTest\XClipTestCreator3.cs(393,1): warning SA1028: Code should not contain trailing whitespace (https://github.com/DotNetAnalyzers/StyleCopAnalyzers/blob/master/documentation/SA1028.md) [D:\leaveblackgithub\DDNCadAddins\src\DDNCadAddins\DDNCadAddins\DDNCadAddins.csproj]
D:\leaveblackgithub\DDNCadAddins\src\DDNCadAddins\DDNCadAddins\Commands\XClipTest\XClipTestCreator3.cs(396,1): warning SA1028: Code should not contain trailing whitespace (https://github.com/DotNetAnalyzers/StyleCopAnalyzers/blob/master/documentation/SA1028.md) [D:\leaveblackgithub\DDNCadAddins\src\DDNCadAddins\DDNCadAddins\DDNCadAddins.csproj]
D:\leaveblackgithub\DDNCadAddins\src\DDNCadAddins\DDNCadAddins\Commands\XClipTest\XClipTestCreator3.cs(399,1): warning SA1028: Code should not contain trailing whitespace (https://github.com/DotNetAnalyzers/StyleCopAnalyzers/blob/master/documentation/SA1028.md) [D:\leaveblackgithub\DDNCadAddins\src\DDNCadAddins\DDNCadAddins\DDNCadAddins.csproj]
D:\leaveblackgithub\DDNCadAddins\src\DDNCadAddins\DDNCadAddins\Commands\XClipTest\XClipTestCreator3.cs(403,1): warning SA1028: Code should not contain trailing whitespace (https://github.com/DotNetAnalyzers/StyleCopAnalyzers/blob/master/documentation/SA1028.md) [D:\leaveblackgithub\DDNCadAddins\src\DDNCadAddins\DDNCadAddins\DDNCadAddins.csproj]
D:\leaveblackgithub\DDNCadAddins\src\DDNCadAddins\DDNCadAddins\Commands\XClipTest\XClipTestCreator3.cs(412,2): warning SA1028: Code should not contain trailing whitespace (https://github.com/DotNetAnalyzers/StyleCopAnalyzers/blob/master/documentation/SA1028.md) [D:\leaveblackgithub\DDNCadAddins\src\DDNCadAddins\DDNCadAddins\DDNCadAddins.csproj]
D:\leaveblackgithub\DDNCadAddins\src\DDNCadAddins\DDNCadAddins\Commands\XClipTest\XClipTestCreator4.cs(1,1): warning SA1633: The file header is missing or not located at the top of the file. (https://github.com/DotNetAnalyzers/StyleCopAnalyzers/blob/master/documentation/SA1633.md) [D:\leaveblackgithub\DDNCadAddins\src\DDNCadAddins\DDNCadAddins\DDNCadAddins.csproj]
D:\leaveblackgithub\DDNCadAddins\src\DDNCadAddins\DDNCadAddins\Commands\XClipTest\XClipTestCreator4.cs(61,14): warning SA1513: Closing brace should be followed by blank line (https://github.com/DotNetAnalyzers/StyleCopAnalyzers/blob/master/documentation/SA1513.md) [D:\leaveblackgithub\DDNCadAddins\src\DDNCadAddins\DDNCadAddins\DDNCadAddins.csproj]
D:\leaveblackgithub\DDNCadAddins\src\DDNCadAddins\DDNCadAddins\Commands\XClipTest\XClipTestCreator4.cs(74,14): warning SA1513: Closing brace should be followed by blank line (https://github.com/DotNetAnalyzers/StyleCopAnalyzers/blob/master/documentation/SA1513.md) [D:\leaveblackgithub\DDNCadAddins\src\DDNCadAddins\DDNCadAddins\DDNCadAddins.csproj]
D:\leaveblackgithub\DDNCadAddins\src\DDNCadAddins\DDNCadAddins\Commands\XClipTest\XClipTestCreator4.cs(20,1): warning SA1028: Code should not contain trailing whitespace (https://github.com/DotNetAnalyzers/StyleCopAnalyzers/blob/master/documentation/SA1028.md) [D:\leaveblackgithub\DDNCadAddins\src\DDNCadAddins\DDNCadAddins\DDNCadAddins.csproj]
D:\leaveblackgithub\DDNCadAddins\src\DDNCadAddins\DDNCadAddins\Commands\XClipTest\XClipTestCreator4.cs(24,1): warning SA1028: Code should not contain trailing whitespace (https://github.com/DotNetAnalyzers/StyleCopAnalyzers/blob/master/documentation/SA1028.md) [D:\leaveblackgithub\DDNCadAddins\src\DDNCadAddins\DDNCadAddins\DDNCadAddins.csproj]
D:\leaveblackgithub\DDNCadAddins\src\DDNCadAddins\DDNCadAddins\Commands\XClipTest\XClipTestCreator4.cs(27,1): warning SA1028: Code should not contain trailing whitespace (https://github.com/DotNetAnalyzers/StyleCopAnalyzers/blob/master/documentation/SA1028.md) [D:\leaveblackgithub\DDNCadAddins\src\DDNCadAddins\DDNCadAddins\DDNCadAddins.csproj]
D:\leaveblackgithub\DDNCadAddins\src\DDNCadAddins\DDNCadAddins\Commands\XClipTest\XClipTestCreator4.cs(31,1): warning SA1028: Code should not contain trailing whitespace (https://github.com/DotNetAnalyzers/StyleCopAnalyzers/blob/master/documentation/SA1028.md) [D:\leaveblackgithub\DDNCadAddins\src\DDNCadAddins\DDNCadAddins\DDNCadAddins.csproj]
D:\leaveblackgithub\DDNCadAddins\src\DDNCadAddins\DDNCadAddins\Commands\XClipTest\XClipTestCreator4.cs(36,1): warning SA1028: Code should not contain trailing whitespace (https://github.com/DotNetAnalyzers/StyleCopAnalyzers/blob/master/documentation/SA1028.md) [D:\leaveblackgithub\DDNCadAddins\src\DDNCadAddins\DDNCadAddins\DDNCadAddins.csproj]
D:\leaveblackgithub\DDNCadAddins\src\DDNCadAddins\DDNCadAddins\Commands\XClipTest\XClipTestCreator4.cs(41,1): warning SA1028: Code should not contain trailing whitespace (https://github.com/DotNetAnalyzers/StyleCopAnalyzers/blob/master/documentation/SA1028.md) [D:\leaveblackgithub\DDNCadAddins\src\DDNCadAddins\DDNCadAddins\DDNCadAddins.csproj]
D:\leaveblackgithub\DDNCadAddins\src\DDNCadAddins\DDNCadAddins\Commands\XClipTest\XClipTestCreator4.cs(45,1): warning SA1028: Code should not contain trailing whitespace (https://github.com/DotNetAnalyzers/StyleCopAnalyzers/blob/master/documentation/SA1028.md) [D:\leaveblackgithub\DDNCadAddins\src\DDNCadAddins\DDNCadAddins\DDNCadAddins.csproj]
D:\leaveblackgithub\DDNCadAddins\src\DDNCadAddins\DDNCadAddins\Commands\XClipTest\XClipTestCreator4.cs(48,1): warning SA1028: Code should not contain trailing whitespace (https://github.com/DotNetAnalyzers/StyleCopAnalyzers/blob/master/documentation/SA1028.md) [D:\leaveblackgithub\DDNCadAddins\src\DDNCadAddins\DDNCadAddins\DDNCadAddins.csproj]
D:\leaveblackgithub\DDNCadAddins\src\DDNCadAddins\DDNCadAddins\Commands\XClipTest\XClipTestCreator4.cs(51,1): warning SA1028: Code should not contain trailing whitespace (https://github.com/DotNetAnalyzers/StyleCopAnalyzers/blob/master/documentation/SA1028.md) [D:\leaveblackgithub\DDNCadAddins\src\DDNCadAddins\DDNCadAddins\DDNCadAddins.csproj]
D:\leaveblackgithub\DDNCadAddins\src\DDNCadAddins\DDNCadAddins\Commands\XClipTest\XClipTestCreator4.cs(64,1): warning SA1028: Code should not contain trailing whitespace (https://github.com/DotNetAnalyzers/StyleCopAnalyzers/blob/master/documentation/SA1028.md) [D:\leaveblackgithub\DDNCadAddins\src\DDNCadAddins\DDNCadAddins\DDNCadAddins.csproj]
D:\leaveblackgithub\DDNCadAddins\src\DDNCadAddins\DDNCadAddins\Commands\XClipTest\XClipTestCreator4.cs(77,1): warning SA1028: Code should not contain trailing whitespace (https://github.com/DotNetAnalyzers/StyleCopAnalyzers/blob/master/documentation/SA1028.md) [D:\leaveblackgithub\DDNCadAddins\src\DDNCadAddins\DDNCadAddins\DDNCadAddins.csproj]
D:\leaveblackgithub\DDNCadAddins\src\DDNCadAddins\DDNCadAddins\Commands\XClipTest\XClipTestCreator4.cs(85,1): warning SA1028: Code should not contain trailing whitespace (https://github.com/DotNetAnalyzers/StyleCopAnalyzers/blob/master/documentation/SA1028.md) [D:\leaveblackgithub\DDNCadAddins\src\DDNCadAddins\DDNCadAddins\DDNCadAddins.csproj]
D:\leaveblackgithub\DDNCadAddins\src\DDNCadAddins\DDNCadAddins\Commands\XClipTest\XClipTestCreator4.cs(89,1): warning SA1028: Code should not contain trailing whitespace (https://github.com/DotNetAnalyzers/StyleCopAnalyzers/blob/master/documentation/SA1028.md) [D:\leaveblackgithub\DDNCadAddins\src\DDNCadAddins\DDNCadAddins\DDNCadAddins.csproj]
D:\leaveblackgithub\DDNCadAddins\src\DDNCadAddins\DDNCadAddins\Commands\XClipTest\XClipTestCreator4.cs(92,1): warning SA1028: Code should not contain trailing whitespace (https://github.com/DotNetAnalyzers/StyleCopAnalyzers/blob/master/documentation/SA1028.md) [D:\leaveblackgithub\DDNCadAddins\src\DDNCadAddins\DDNCadAddins\DDNCadAddins.csproj]
D:\leaveblackgithub\DDNCadAddins\src\DDNCadAddins\DDNCadAddins\Commands\XClipTest\XClipTestCreator4.cs(96,1): warning SA1028: Code should not contain trailing whitespace (https://github.com/DotNetAnalyzers/StyleCopAnalyzers/blob/master/documentation/SA1028.md) [D:\leaveblackgithub\DDNCadAddins\src\DDNCadAddins\DDNCadAddins\DDNCadAddins.csproj]
D:\leaveblackgithub\DDNCadAddins\src\DDNCadAddins\DDNCadAddins\Commands\XClipTest\XClipTestCreator4.cs(100,1): warning SA1028: Code should not contain trailing whitespace (https://github.com/DotNetAnalyzers/StyleCopAnalyzers/blob/master/documentation/SA1028.md) [D:\leaveblackgithub\DDNCadAddins\src\DDNCadAddins\DDNCadAddins\DDNCadAddins.csproj]
D:\leaveblackgithub\DDNCadAddins\src\DDNCadAddins\DDNCadAddins\Commands\XClipTest\XClipTestCreator4.cs(104,1): warning SA1028: Code should not contain trailing whitespace (https://github.com/DotNetAnalyzers/StyleCopAnalyzers/blob/master/documentation/SA1028.md) [D:\leaveblackgithub\DDNCadAddins\src\DDNCadAddins\DDNCadAddins\DDNCadAddins.csproj]
D:\leaveblackgithub\DDNCadAddins\src\DDNCadAddins\DDNCadAddins\Commands\XClipTest\XClipTestCreator4.cs(108,1): warning SA1028: Code should not contain trailing whitespace (https://github.com/DotNetAnalyzers/StyleCopAnalyzers/blob/master/documentation/SA1028.md) [D:\leaveblackgithub\DDNCadAddins\src\DDNCadAddins\DDNCadAddins\DDNCadAddins.csproj]
D:\leaveblackgithub\DDNCadAddins\src\DDNCadAddins\DDNCadAddins\Commands\XClipTest\XClipTestCreator4.cs(111,1): warning SA1028: Code should not contain trailing whitespace (https://github.com/DotNetAnalyzers/StyleCopAnalyzers/blob/master/documentation/SA1028.md) [D:\leaveblackgithub\DDNCadAddins\src\DDNCadAddins\DDNCadAddins\DDNCadAddins.csproj]
D:\leaveblackgithub\DDNCadAddins\src\DDNCadAddins\DDNCadAddins\Commands\XClipTest\XClipTestCreator4.cs(114,1): warning SA1028: Code should not contain trailing whitespace (https://github.com/DotNetAnalyzers/StyleCopAnalyzers/blob/master/documentation/SA1028.md) [D:\leaveblackgithub\DDNCadAddins\src\DDNCadAddins\DDNCadAddins\DDNCadAddins.csproj]
D:\leaveblackgithub\DDNCadAddins\src\DDNCadAddins\DDNCadAddins\Commands\XClipTest\XClipTestCreator4.cs(118,102): warning SA1028: Code should not contain trailing whitespace (https://github.com/DotNetAnalyzers/StyleCopAnalyzers/blob/master/documentation/SA1028.md) [D:\leaveblackgithub\DDNCadAddins\src\DDNCadAddins\DDNCadAddins\DDNCadAddins.csproj]
D:\leaveblackgithub\DDNCadAddins\src\DDNCadAddins\DDNCadAddins\Commands\XClipTest\XClipTestCreator4.cs(124,1): warning SA1028: Code should not contain trailing whitespace (https://github.com/DotNetAnalyzers/StyleCopAnalyzers/blob/master/documentation/SA1028.md) [D:\leaveblackgithub\DDNCadAddins\src\DDNCadAddins\DDNCadAddins\DDNCadAddins.csproj]
D:\leaveblackgithub\DDNCadAddins\src\DDNCadAddins\DDNCadAddins\Commands\XClipTest\XClipTestCreator4.cs(129,1): warning SA1028: Code should not contain trailing whitespace (https://github.com/DotNetAnalyzers/StyleCopAnalyzers/blob/master/documentation/SA1028.md) [D:\leaveblackgithub\DDNCadAddins\src\DDNCadAddins\DDNCadAddins\DDNCadAddins.csproj]
D:\leaveblackgithub\DDNCadAddins\src\DDNCadAddins\DDNCadAddins\Commands\XClipTest\XClipTestCreator4.cs(133,1): warning SA1028: Code should not contain trailing whitespace (https://github.com/DotNetAnalyzers/StyleCopAnalyzers/blob/master/documentation/SA1028.md) [D:\leaveblackgithub\DDNCadAddins\src\DDNCadAddins\DDNCadAddins\DDNCadAddins.csproj]
D:\leaveblackgithub\DDNCadAddins\src\DDNCadAddins\DDNCadAddins\Commands\XClipTest\XClipTestCreator4.cs(136,1): warning SA1028: Code should not contain trailing whitespace (https://github.com/DotNetAnalyzers/StyleCopAnalyzers/blob/master/documentation/SA1028.md) [D:\leaveblackgithub\DDNCadAddins\src\DDNCadAddins\DDNCadAddins\DDNCadAddins.csproj]
D:\leaveblackgithub\DDNCadAddins\src\DDNCadAddins\DDNCadAddins\Commands\XClipTest\XClipTestCreator4.cs(140,87): warning SA1028: Code should not contain trailing whitespace (https://github.com/DotNetAnalyzers/StyleCopAnalyzers/blob/master/documentation/SA1028.md) [D:\leaveblackgithub\DDNCadAddins\src\DDNCadAddins\DDNCadAddins\DDNCadAddins.csproj]
D:\leaveblackgithub\DDNCadAddins\src\DDNCadAddins\DDNCadAddins\Commands\XClipTest\XClipTestCreator4.cs(145,1): warning SA1028: Code should not contain trailing whitespace (https://github.com/DotNetAnalyzers/StyleCopAnalyzers/blob/master/documentation/SA1028.md) [D:\leaveblackgithub\DDNCadAddins\src\DDNCadAddins\DDNCadAddins\DDNCadAddins.csproj]
D:\leaveblackgithub\DDNCadAddins\src\DDNCadAddins\DDNCadAddins\Commands\XClipTest\XClipTestCreator4.cs(149,1): warning SA1028: Code should not contain trailing whitespace (https://github.com/DotNetAnalyzers/StyleCopAnalyzers/blob/master/documentation/SA1028.md) [D:\leaveblackgithub\DDNCadAddins\src\DDNCadAddins\DDNCadAddins\DDNCadAddins.csproj]
D:\leaveblackgithub\DDNCadAddins\src\DDNCadAddins\DDNCadAddins\Commands\XClipTest\XClipTestCreator4.cs(152,1): warning SA1028: Code should not contain trailing whitespace (https://github.com/DotNetAnalyzers/StyleCopAnalyzers/blob/master/documentation/SA1028.md) [D:\leaveblackgithub\DDNCadAddins\src\DDNCadAddins\DDNCadAddins\DDNCadAddins.csproj]
D:\leaveblackgithub\DDNCadAddins\src\DDNCadAddins\DDNCadAddins\Commands\XClipTest\XClipTestCreator4.cs(156,1): warning SA1028: Code should not contain trailing whitespace (https://github.com/DotNetAnalyzers/StyleCopAnalyzers/blob/master/documentation/SA1028.md) [D:\leaveblackgithub\DDNCadAddins\src\DDNCadAddins\DDNCadAddins\DDNCadAddins.csproj]
D:\leaveblackgithub\DDNCadAddins\src\DDNCadAddins\DDNCadAddins\Commands\XClipTest\XClipTestCreator4.cs(160,1): warning SA1028: Code should not contain trailing whitespace (https://github.com/DotNetAnalyzers/StyleCopAnalyzers/blob/master/documentation/SA1028.md) [D:\leaveblackgithub\DDNCadAddins\src\DDNCadAddins\DDNCadAddins\DDNCadAddins.csproj]
D:\leaveblackgithub\DDNCadAddins\src\DDNCadAddins\DDNCadAddins\Commands\XClipTest\XClipTestCreator4.cs(164,1): warning SA1028: Code should not contain trailing whitespace (https://github.com/DotNetAnalyzers/StyleCopAnalyzers/blob/master/documentation/SA1028.md) [D:\leaveblackgithub\DDNCadAddins\src\DDNCadAddins\DDNCadAddins\DDNCadAddins.csproj]
D:\leaveblackgithub\DDNCadAddins\src\DDNCadAddins\DDNCadAddins\Commands\XClipTest\XClipTestCreator4.cs(168,1): warning SA1028: Code should not contain trailing whitespace (https://github.com/DotNetAnalyzers/StyleCopAnalyzers/blob/master/documentation/SA1028.md) [D:\leaveblackgithub\DDNCadAddins\src\DDNCadAddins\DDNCadAddins\DDNCadAddins.csproj]
D:\leaveblackgithub\DDNCadAddins\src\DDNCadAddins\DDNCadAddins\Commands\XClipTest\XClipTestCreator4.cs(171,1): warning SA1028: Code should not contain trailing whitespace (https://github.com/DotNetAnalyzers/StyleCopAnalyzers/blob/master/documentation/SA1028.md) [D:\leaveblackgithub\DDNCadAddins\src\DDNCadAddins\DDNCadAddins\DDNCadAddins.csproj]
D:\leaveblackgithub\DDNCadAddins\src\DDNCadAddins\DDNCadAddins\Commands\XClipTest\XClipTestCreator4.cs(174,1): warning SA1028: Code should not contain trailing whitespace (https://github.com/DotNetAnalyzers/StyleCopAnalyzers/blob/master/documentation/SA1028.md) [D:\leaveblackgithub\DDNCadAddins\src\DDNCadAddins\DDNCadAddins\DDNCadAddins.csproj]
D:\leaveblackgithub\DDNCadAddins\src\DDNCadAddins\DDNCadAddins\Commands\XClipTest\XClipTestCreator4.cs(178,77): warning SA1028: Code should not contain trailing whitespace (https://github.com/DotNetAnalyzers/StyleCopAnalyzers/blob/master/documentation/SA1028.md) [D:\leaveblackgithub\DDNCadAddins\src\DDNCadAddins\DDNCadAddins\DDNCadAddins.csproj]
D:\leaveblackgithub\DDNCadAddins\src\DDNCadAddins\DDNCadAddins\Commands\XClipTest\XClipTestCreator4.cs(183,1): warning SA1028: Code should not contain trailing whitespace (https://github.com/DotNetAnalyzers/StyleCopAnalyzers/blob/master/documentation/SA1028.md) [D:\leaveblackgithub\DDNCadAddins\src\DDNCadAddins\DDNCadAddins\DDNCadAddins.csproj]
D:\leaveblackgithub\DDNCadAddins\src\DDNCadAddins\DDNCadAddins\Commands\XClipTest\XClipTestCreator4.cs(187,1): warning SA1028: Code should not contain trailing whitespace (https://github.com/DotNetAnalyzers/StyleCopAnalyzers/blob/master/documentation/SA1028.md) [D:\leaveblackgithub\DDNCadAddins\src\DDNCadAddins\DDNCadAddins\DDNCadAddins.csproj]
D:\leaveblackgithub\DDNCadAddins\src\DDNCadAddins\DDNCadAddins\Commands\XClipTest\XClipTestCreator4.cs(190,1): warning SA1028: Code should not contain trailing whitespace (https://github.com/DotNetAnalyzers/StyleCopAnalyzers/blob/master/documentation/SA1028.md) [D:\leaveblackgithub\DDNCadAddins\src\DDNCadAddins\DDNCadAddins\DDNCadAddins.csproj]
D:\leaveblackgithub\DDNCadAddins\src\DDNCadAddins\DDNCadAddins\Commands\XClipTest\XClipTestCreator4.cs(194,1): warning SA1028: Code should not contain trailing whitespace (https://github.com/DotNetAnalyzers/StyleCopAnalyzers/blob/master/documentation/SA1028.md) [D:\leaveblackgithub\DDNCadAddins\src\DDNCadAddins\DDNCadAddins\DDNCadAddins.csproj]
D:\leaveblackgithub\DDNCadAddins\src\DDNCadAddins\DDNCadAddins\Commands\XClipTest\XClipTestCreator4.cs(197,1): warning SA1028: Code should not contain trailing whitespace (https://github.com/DotNetAnalyzers/StyleCopAnalyzers/blob/master/documentation/SA1028.md) [D:\leaveblackgithub\DDNCadAddins\src\DDNCadAddins\DDNCadAddins\DDNCadAddins.csproj]
D:\leaveblackgithub\DDNCadAddins\src\DDNCadAddins\DDNCadAddins\Commands\XClipTest\XClipTestCreator4.cs(202,1): warning SA1028: Code should not contain trailing whitespace (https://github.com/DotNetAnalyzers/StyleCopAnalyzers/blob/master/documentation/SA1028.md) [D:\leaveblackgithub\DDNCadAddins\src\DDNCadAddins\DDNCadAddins\DDNCadAddins.csproj]
D:\leaveblackgithub\DDNCadAddins\src\DDNCadAddins\DDNCadAddins\Commands\XClipTest\XClipTestCreator4.cs(206,1): warning SA1028: Code should not contain trailing whitespace (https://github.com/DotNetAnalyzers/StyleCopAnalyzers/blob/master/documentation/SA1028.md) [D:\leaveblackgithub\DDNCadAddins\src\DDNCadAddins\DDNCadAddins\DDNCadAddins.csproj]
D:\leaveblackgithub\DDNCadAddins\src\DDNCadAddins\DDNCadAddins\Commands\XClipTest\XClipTestCreator4.cs(209,1): warning SA1028: Code should not contain trailing whitespace (https://github.com/DotNetAnalyzers/StyleCopAnalyzers/blob/master/documentation/SA1028.md) [D:\leaveblackgithub\DDNCadAddins\src\DDNCadAddins\DDNCadAddins\DDNCadAddins.csproj]
D:\leaveblackgithub\DDNCadAddins\src\DDNCadAddins\DDNCadAddins\Commands\XClipTest\XClipTestCreator4.cs(219,1): warning SA1028: Code should not contain trailing whitespace (https://github.com/DotNetAnalyzers/StyleCopAnalyzers/blob/master/documentation/SA1028.md) [D:\leaveblackgithub\DDNCadAddins\src\DDNCadAddins\DDNCadAddins\DDNCadAddins.csproj]
D:\leaveblackgithub\DDNCadAddins\src\DDNCadAddins\DDNCadAddins\Commands\XClipTest\XClipTestCreator4.cs(223,1): warning SA1028: Code should not contain trailing whitespace (https://github.com/DotNetAnalyzers/StyleCopAnalyzers/blob/master/documentation/SA1028.md) [D:\leaveblackgithub\DDNCadAddins\src\DDNCadAddins\DDNCadAddins\DDNCadAddins.csproj]
D:\leaveblackgithub\DDNCadAddins\src\DDNCadAddins\DDNCadAddins\Commands\XClipTest\XClipTestCreator4.cs(226,1): warning SA1028: Code should not contain trailing whitespace (https://github.com/DotNetAnalyzers/StyleCopAnalyzers/blob/master/documentation/SA1028.md) [D:\leaveblackgithub\DDNCadAddins\src\DDNCadAddins\DDNCadAddins\DDNCadAddins.csproj]
D:\leaveblackgithub\DDNCadAddins\src\DDNCadAddins\DDNCadAddins\Commands\XClipTest\XClipTestCreator4.cs(230,1): warning SA1028: Code should not contain trailing whitespace (https://github.com/DotNetAnalyzers/StyleCopAnalyzers/blob/master/documentation/SA1028.md) [D:\leaveblackgithub\DDNCadAddins\src\DDNCadAddins\DDNCadAddins\DDNCadAddins.csproj]
D:\leaveblackgithub\DDNCadAddins\src\DDNCadAddins\DDNCadAddins\Commands\XClipTest\XClipTestCreator4.cs(234,1): warning SA1028: Code should not contain trailing whitespace (https://github.com/DotNetAnalyzers/StyleCopAnalyzers/blob/master/documentation/SA1028.md) [D:\leaveblackgithub\DDNCadAddins\src\DDNCadAddins\DDNCadAddins\DDNCadAddins.csproj]
D:\leaveblackgithub\DDNCadAddins\src\DDNCadAddins\DDNCadAddins\Commands\XClipTest\XClipTestCreator4.cs(240,1): warning SA1028: Code should not contain trailing whitespace (https://github.com/DotNetAnalyzers/StyleCopAnalyzers/blob/master/documentation/SA1028.md) [D:\leaveblackgithub\DDNCadAddins\src\DDNCadAddins\DDNCadAddins\DDNCadAddins.csproj]
D:\leaveblackgithub\DDNCadAddins\src\DDNCadAddins\DDNCadAddins\Commands\XClipTest\XClipTestCreator4.cs(243,1): warning SA1028: Code should not contain trailing whitespace (https://github.com/DotNetAnalyzers/StyleCopAnalyzers/blob/master/documentation/SA1028.md) [D:\leaveblackgithub\DDNCadAddins\src\DDNCadAddins\DDNCadAddins\DDNCadAddins.csproj]
D:\leaveblackgithub\DDNCadAddins\src\DDNCadAddins\DDNCadAddins\Commands\XClipTest\XClipTestCreator4.cs(247,1): warning SA1028: Code should not contain trailing whitespace (https://github.com/DotNetAnalyzers/StyleCopAnalyzers/blob/master/documentation/SA1028.md) [D:\leaveblackgithub\DDNCadAddins\src\DDNCadAddins\DDNCadAddins\DDNCadAddins.csproj]
D:\leaveblackgithub\DDNCadAddins\src\DDNCadAddins\DDNCadAddins\Commands\XClipTest\XClipTestCreator4.cs(251,1): warning SA1028: Code should not contain trailing whitespace (https://github.com/DotNetAnalyzers/StyleCopAnalyzers/blob/master/documentation/SA1028.md) [D:\leaveblackgithub\DDNCadAddins\src\DDNCadAddins\DDNCadAddins\DDNCadAddins.csproj]
D:\leaveblackgithub\DDNCadAddins\src\DDNCadAddins\DDNCadAddins\Commands\XClipTest\XClipTestCreator4.cs(254,1): warning SA1028: Code should not contain trailing whitespace (https://github.com/DotNetAnalyzers/StyleCopAnalyzers/blob/master/documentation/SA1028.md) [D:\leaveblackgithub\DDNCadAddins\src\DDNCadAddins\DDNCadAddins\DDNCadAddins.csproj]
D:\leaveblackgithub\DDNCadAddins\src\DDNCadAddins\DDNCadAddins\Commands\XClipTest\XClipTestCreator4.cs(257,1): warning SA1028: Code should not contain trailing whitespace (https://github.com/DotNetAnalyzers/StyleCopAnalyzers/blob/master/documentation/SA1028.md) [D:\leaveblackgithub\DDNCadAddins\src\DDNCadAddins\DDNCadAddins\DDNCadAddins.csproj]
D:\leaveblackgithub\DDNCadAddins\src\DDNCadAddins\DDNCadAddins\Commands\XClipTest\XClipTestCreator4.cs(261,1): warning SA1028: Code should not contain trailing whitespace (https://github.com/DotNetAnalyzers/StyleCopAnalyzers/blob/master/documentation/SA1028.md) [D:\leaveblackgithub\DDNCadAddins\src\DDNCadAddins\DDNCadAddins\DDNCadAddins.csproj]
D:\leaveblackgithub\DDNCadAddins\src\DDNCadAddins\DDNCadAddins\Commands\XClipTest\XClipTestCreator4.cs(270,2): warning SA1028: Code should not contain trailing whitespace (https://github.com/DotNetAnalyzers/StyleCopAnalyzers/blob/master/documentation/SA1028.md) [D:\leaveblackgithub\DDNCadAddins\src\DDNCadAddins\DDNCadAddins\DDNCadAddins.csproj]
D:\leaveblackgithub\DDNCadAddins\src\DDNCadAddins\DDNCadAddins\Commands\XClipTest\XClipTestValidator.cs(1,1): warning SA1633: The file header is missing or not located at the top of the file. (https://github.com/DotNetAnalyzers/StyleCopAnalyzers/blob/master/documentation/SA1633.md) [D:\leaveblackgithub\DDNCadAddins\src\DDNCadAddins\DDNCadAddins\DDNCadAddins.csproj]
D:\leaveblackgithub\DDNCadAddins\src\DDNCadAddins\DDNCadAddins\Commands\CommandBase.cs(55,13): warning SA1101: Prefix local calls with this (https://github.com/DotNetAnalyzers/StyleCopAnalyzers/blob/master/documentation/SA1101.md) [D:\leaveblackgithub\DDNCadAddins\src\DDNCadAddins\DDNCadAddins\DDNCadAddins.csproj]
D:\leaveblackgithub\DDNCadAddins\src\DDNCadAddins\DDNCadAddins\Commands\XClipTest\XClipTestValidator.cs(47,21): warning SA1515: Single-line comment should be preceded by blank line (https://github.com/DotNetAnalyzers/StyleCopAnalyzers/blob/master/documentation/SA1515.md) [D:\leaveblackgithub\DDNCadAddins\src\DDNCadAddins\DDNCadAddins\DDNCadAddins.csproj]
D:\leaveblackgithub\DDNCadAddins\src\DDNCadAddins\DDNCadAddins\Commands\CommandBase.cs(56,13): warning SA1101: Prefix local calls with this (https://github.com/DotNetAnalyzers/StyleCopAnalyzers/blob/master/documentation/SA1101.md) [D:\leaveblackgithub\DDNCadAddins\src\DDNCadAddins\DDNCadAddins\DDNCadAddins.csproj]
D:\leaveblackgithub\DDNCadAddins\src\DDNCadAddins\DDNCadAddins\Commands\CommandBase.cs(57,13): warning SA1101: Prefix local calls with this (https://github.com/DotNetAnalyzers/StyleCopAnalyzers/blob/master/documentation/SA1101.md) [D:\leaveblackgithub\DDNCadAddins\src\DDNCadAddins\DDNCadAddins\DDNCadAddins.csproj]
D:\leaveblackgithub\DDNCadAddins\src\DDNCadAddins\DDNCadAddins\Commands\CommandBase.cs(58,13): warning SA1101: Prefix local calls with this (https://github.com/DotNetAnalyzers/StyleCopAnalyzers/blob/master/documentation/SA1101.md) [D:\leaveblackgithub\DDNCadAddins\src\DDNCadAddins\DDNCadAddins\DDNCadAddins.csproj]
D:\leaveblackgithub\DDNCadAddins\src\DDNCadAddins\DDNCadAddins\Models\OperationResult.cs(71,9): warning SA1413: Use trailing comma in multi-line initializers (https://github.com/DotNetAnalyzers/StyleCopAnalyzers/blob/master/documentation/SA1413.md) [D:\leaveblackgithub\DDNCadAddins\src\DDNCadAddins\DDNCadAddins\DDNCadAddins.csproj]
D:\leaveblackgithub\DDNCadAddins\src\DDNCadAddins\DDNCadAddins\Commands\TestRunner.cs(45,13): warning SA1413: Use trailing comma in multi-line initializers (https://github.com/DotNetAnalyzers/StyleCopAnalyzers/blob/master/documentation/SA1413.md) [D:\leaveblackgithub\DDNCadAddins\src\DDNCadAddins\DDNCadAddins\DDNCadAddins.csproj]
D:\leaveblackgithub\DDNCadAddins\src\DDNCadAddins\DDNCadAddins\DDNCadAppLoader.cs(31,36): warning SA1101: Prefix local calls with this (https://github.com/DotNetAnalyzers/StyleCopAnalyzers/blob/master/documentation/SA1101.md) [D:\leaveblackgithub\DDNCadAddins\src\DDNCadAddins\DDNCadAddins\DDNCadAddins.csproj]
D:\leaveblackgithub\DDNCadAddins\src\DDNCadAddins\DDNCadAddins\Commands\OpenXClipLogCommand.cs(36,13): warning SA1101: Prefix local calls with this (https://github.com/DotNetAnalyzers/StyleCopAnalyzers/blob/master/documentation/SA1101.md) [D:\leaveblackgithub\DDNCadAddins\src\DDNCadAddins\DDNCadAddins\DDNCadAddins.csproj]
D:\leaveblackgithub\DDNCadAddins\src\DDNCadAddins\DDNCadAddins\Commands\OpenXClipLogCommand.cs(34,38): warning SA1128: Put constructor initializers on their own line (https://github.com/DotNetAnalyzers/StyleCopAnalyzers/blob/master/documentation/SA1128.md) [D:\leaveblackgithub\DDNCadAddins\src\DDNCadAddins\DDNCadAddins\DDNCadAddins.csproj]
D:\leaveblackgithub\DDNCadAddins\src\DDNCadAddins\DDNCadAddins\Services\XClipBlockService.Core.cs(41,13): warning SA1101: Prefix local calls with this (https://github.com/DotNetAnalyzers/StyleCopAnalyzers/blob/master/documentation/SA1101.md) [D:\leaveblackgithub\DDNCadAddins\src\DDNCadAddins\DDNCadAddins\DDNCadAddins.csproj]
D:\leaveblackgithub\DDNCadAddins\src\DDNCadAddins\DDNCadAddins\Commands\XClipTestCommand.cs(42,13): warning SA1101: Prefix local calls with this (https://github.com/DotNetAnalyzers/StyleCopAnalyzers/blob/master/documentation/SA1101.md) [D:\leaveblackgithub\DDNCadAddins\src\DDNCadAddins\DDNCadAddins\DDNCadAddins.csproj]
D:\leaveblackgithub\DDNCadAddins\src\DDNCadAddins\DDNCadAddins\Commands\XClipTestCommand.cs(43,13): warning SA1101: Prefix local calls with this (https://github.com/DotNetAnalyzers/StyleCopAnalyzers/blob/master/documentation/SA1101.md) [D:\leaveblackgithub\DDNCadAddins\src\DDNCadAddins\DDNCadAddins\DDNCadAddins.csproj]
D:\leaveblackgithub\DDNCadAddins\src\DDNCadAddins\DDNCadAddins\Commands\XClipTest\TestCommandBase.cs(36,25): warning SA1101: Prefix local calls with this (https://github.com/DotNetAnalyzers/StyleCopAnalyzers/blob/master/documentation/SA1101.md) [D:\leaveblackgithub\DDNCadAddins\src\DDNCadAddins\DDNCadAddins\DDNCadAddins.csproj]
D:\leaveblackgithub\DDNCadAddins\src\DDNCadAddins\DDNCadAddins\Commands\OpenXClipLogCommand.cs(45,13): warning SA1101: Prefix local calls with this (https://github.com/DotNetAnalyzers/StyleCopAnalyzers/blob/master/documentation/SA1101.md) [D:\leaveblackgithub\DDNCadAddins\src\DDNCadAddins\DDNCadAddins\DDNCadAddins.csproj]
D:\leaveblackgithub\DDNCadAddins\src\DDNCadAddins\DDNCadAddins\Commands\XClipTest\XClipTestValidator.cs(18,1): warning SA1028: Code should not contain trailing whitespace (https://github.com/DotNetAnalyzers/StyleCopAnalyzers/blob/master/documentation/SA1028.md) [D:\leaveblackgithub\DDNCadAddins\src\DDNCadAddins\DDNCadAddins\DDNCadAddins.csproj]
D:\leaveblackgithub\DDNCadAddins\src\DDNCadAddins\DDNCadAddins\Commands\FindXClippedBlocksCommand.cs(47,13): warning SA1101: Prefix local calls with this (https://github.com/DotNetAnalyzers/StyleCopAnalyzers/blob/master/documentation/SA1101.md) [D:\leaveblackgithub\DDNCadAddins\src\DDNCadAddins\DDNCadAddins\DDNCadAddins.csproj]
D:\leaveblackgithub\DDNCadAddins\src\DDNCadAddins\DDNCadAddins\Commands\XClipTest\XClipTestValidator.cs(29,1): warning SA1028: Code should not contain trailing whitespace (https://github.com/DotNetAnalyzers/StyleCopAnalyzers/blob/master/documentation/SA1028.md) [D:\leaveblackgithub\DDNCadAddins\src\DDNCadAddins\DDNCadAddins\DDNCadAddins.csproj]
D:\leaveblackgithub\DDNCadAddins\src\DDNCadAddins\DDNCadAddins\Commands\XClipTest\XClipTestValidator.cs(38,1): warning SA1028: Code should not contain trailing whitespace (https://github.com/DotNetAnalyzers/StyleCopAnalyzers/blob/master/documentation/SA1028.md) [D:\leaveblackgithub\DDNCadAddins\src\DDNCadAddins\DDNCadAddins\DDNCadAddins.csproj]
D:\leaveblackgithub\DDNCadAddins\src\DDNCadAddins\DDNCadAddins\Commands\XClipTest\XClipTestValidator.cs(41,1): warning SA1028: Code should not contain trailing whitespace (https://github.com/DotNetAnalyzers/StyleCopAnalyzers/blob/master/documentation/SA1028.md) [D:\leaveblackgithub\DDNCadAddins\src\DDNCadAddins\DDNCadAddins\DDNCadAddins.csproj]
D:\leaveblackgithub\DDNCadAddins\src\DDNCadAddins\DDNCadAddins\Commands\XClipTest\XClipTestValidator.cs(51,1): warning SA1028: Code should not contain trailing whitespace (https://github.com/DotNetAnalyzers/StyleCopAnalyzers/blob/master/documentation/SA1028.md) [D:\leaveblackgithub\DDNCadAddins\src\DDNCadAddins\DDNCadAddins\DDNCadAddins.csproj]
D:\leaveblackgithub\DDNCadAddins\src\DDNCadAddins\DDNCadAddins\Commands\FindXClippedBlocksCommand.cs(47,51): warning SA1101: Prefix local calls with this (https://github.com/DotNetAnalyzers/StyleCopAnalyzers/blob/master/documentation/SA1101.md) [D:\leaveblackgithub\DDNCadAddins\src\DDNCadAddins\DDNCadAddins\DDNCadAddins.csproj]
D:\leaveblackgithub\DDNCadAddins\src\DDNCadAddins\DDNCadAddins\Commands\XClipTest\XClipTestValidator.cs(56,1): warning SA1028: Code should not contain trailing whitespace (https://github.com/DotNetAnalyzers/StyleCopAnalyzers/blob/master/documentation/SA1028.md) [D:\leaveblackgithub\DDNCadAddins\src\DDNCadAddins\DDNCadAddins\DDNCadAddins.csproj]
D:\leaveblackgithub\DDNCadAddins\src\DDNCadAddins\DDNCadAddins\Commands\FindXClippedBlocksCommand.cs(47,64): warning SA1101: Prefix local calls with this (https://github.com/DotNetAnalyzers/StyleCopAnalyzers/blob/master/documentation/SA1101.md) [D:\leaveblackgithub\DDNCadAddins\src\DDNCadAddins\DDNCadAddins\DDNCadAddins.csproj]
D:\leaveblackgithub\DDNCadAddins\src\DDNCadAddins\DDNCadAddins\Commands\XClipTest\XClipTestValidator.cs(61,1): warning SA1028: Code should not contain trailing whitespace (https://github.com/DotNetAnalyzers/StyleCopAnalyzers/blob/master/documentation/SA1028.md) [D:\leaveblackgithub\DDNCadAddins\src\DDNCadAddins\DDNCadAddins\DDNCadAddins.csproj]
D:\leaveblackgithub\DDNCadAddins\src\DDNCadAddins\DDNCadAddins\Commands\XClipTest\XClipTestValidator.cs(67,1): warning SA1028: Code should not contain trailing whitespace (https://github.com/DotNetAnalyzers/StyleCopAnalyzers/blob/master/documentation/SA1028.md) [D:\leaveblackgithub\DDNCadAddins\src\DDNCadAddins\DDNCadAddins\DDNCadAddins.csproj]
D:\leaveblackgithub\DDNCadAddins\src\DDNCadAddins\DDNCadAddins\Commands\FindXClippedBlocksCommand.cs(48,13): warning SA1101: Prefix local calls with this (https://github.com/DotNetAnalyzers/StyleCopAnalyzers/blob/master/documentation/SA1101.md) [D:\leaveblackgithub\DDNCadAddins\src\DDNCadAddins\DDNCadAddins\DDNCadAddins.csproj]
D:\leaveblackgithub\DDNCadAddins\src\DDNCadAddins\DDNCadAddins\Commands\XClipTest\XClipTestValidator.cs(70,1): warning SA1028: Code should not contain trailing whitespace (https://github.com/DotNetAnalyzers/StyleCopAnalyzers/blob/master/documentation/SA1028.md) [D:\leaveblackgithub\DDNCadAddins\src\DDNCadAddins\DDNCadAddins\DDNCadAddins.csproj]
D:\leaveblackgithub\DDNCadAddins\src\DDNCadAddins\DDNCadAddins\Commands\XClipTest\XClipTestValidator.cs(75,1): warning SA1028: Code should not contain trailing whitespace (https://github.com/DotNetAnalyzers/StyleCopAnalyzers/blob/master/documentation/SA1028.md) [D:\leaveblackgithub\DDNCadAddins\src\DDNCadAddins\DDNCadAddins\DDNCadAddins.csproj]
D:\leaveblackgithub\DDNCadAddins\src\DDNCadAddins\DDNCadAddins\Commands\FindXClippedBlocksCommand.cs(48,48): warning SA1101: Prefix local calls with this (https://github.com/DotNetAnalyzers/StyleCopAnalyzers/blob/master/documentation/SA1101.md) [D:\leaveblackgithub\DDNCadAddins\src\DDNCadAddins\DDNCadAddins\DDNCadAddins.csproj]
D:\leaveblackgithub\DDNCadAddins\src\DDNCadAddins\DDNCadAddins\Commands\XClipTest\XClipTestValidator.cs(90,1): warning SA1028: Code should not contain trailing whitespace (https://github.com/DotNetAnalyzers/StyleCopAnalyzers/blob/master/documentation/SA1028.md) [D:\leaveblackgithub\DDNCadAddins\src\DDNCadAddins\DDNCadAddins\DDNCadAddins.csproj]
D:\leaveblackgithub\DDNCadAddins\src\DDNCadAddins\DDNCadAddins\Commands\FindXClippedBlocksCommand.cs(48,64): warning SA1101: Prefix local calls with this (https://github.com/DotNetAnalyzers/StyleCopAnalyzers/blob/master/documentation/SA1101.md) [D:\leaveblackgithub\DDNCadAddins\src\DDNCadAddins\DDNCadAddins\DDNCadAddins.csproj]
D:\leaveblackgithub\DDNCadAddins\src\DDNCadAddins\DDNCadAddins\Commands\FindXClippedBlocksCommand.cs(49,13): warning SA1101: Prefix local calls with this (https://github.com/DotNetAnalyzers/StyleCopAnalyzers/blob/master/documentation/SA1101.md) [D:\leaveblackgithub\DDNCadAddins\src\DDNCadAddins\DDNCadAddins\DDNCadAddins.csproj]
D:\leaveblackgithub\DDNCadAddins\src\DDNCadAddins\DDNCadAddins\Commands\XClipTest\XClipTestValidator.cs(97,1): warning SA1028: Code should not contain trailing whitespace (https://github.com/DotNetAnalyzers/StyleCopAnalyzers/blob/master/documentation/SA1028.md) [D:\leaveblackgithub\DDNCadAddins\src\DDNCadAddins\DDNCadAddins\DDNCadAddins.csproj]
D:\leaveblackgithub\DDNCadAddins\src\DDNCadAddins\DDNCadAddins\Commands\XClipTest\XClipTestValidator.cs(104,1): warning SA1028: Code should not contain trailing whitespace (https://github.com/DotNetAnalyzers/StyleCopAnalyzers/blob/master/documentation/SA1028.md) [D:\leaveblackgithub\DDNCadAddins\src\DDNCadAddins\DDNCadAddins\DDNCadAddins.csproj]
D:\leaveblackgithub\DDNCadAddins\src\DDNCadAddins\DDNCadAddins\Commands\XClipTest\XClipTestValidator.cs(109,1): warning SA1028: Code should not contain trailing whitespace (https://github.com/DotNetAnalyzers/StyleCopAnalyzers/blob/master/documentation/SA1028.md) [D:\leaveblackgithub\DDNCadAddins\src\DDNCadAddins\DDNCadAddins\DDNCadAddins.csproj]
D:\leaveblackgithub\DDNCadAddins\src\DDNCadAddins\DDNCadAddins\Commands\XClipTest\XClipTestValidator.cs(125,1): warning SA1028: Code should not contain trailing whitespace (https://github.com/DotNetAnalyzers/StyleCopAnalyzers/blob/master/documentation/SA1028.md) [D:\leaveblackgithub\DDNCadAddins\src\DDNCadAddins\DDNCadAddins\DDNCadAddins.csproj]
D:\leaveblackgithub\DDNCadAddins\src\DDNCadAddins\DDNCadAddins\Commands\XClipTest\XClipTestValidator.cs(136,1): warning SA1028: Code should not contain trailing whitespace (https://github.com/DotNetAnalyzers/StyleCopAnalyzers/blob/master/documentation/SA1028.md) [D:\leaveblackgithub\DDNCadAddins\src\DDNCadAddins\DDNCadAddins\DDNCadAddins.csproj]
D:\leaveblackgithub\DDNCadAddins\src\DDNCadAddins\DDNCadAddins\Commands\XClipTest\XClipTestValidator.cs(144,1): warning SA1028: Code should not contain trailing whitespace (https://github.com/DotNetAnalyzers/StyleCopAnalyzers/blob/master/documentation/SA1028.md) [D:\leaveblackgithub\DDNCadAddins\src\DDNCadAddins\DDNCadAddins\DDNCadAddins.csproj]
D:\leaveblackgithub\DDNCadAddins\src\DDNCadAddins\DDNCadAddins\Commands\XClipTest\XClipTestValidator.cs(147,1): warning SA1028: Code should not contain trailing whitespace (https://github.com/DotNetAnalyzers/StyleCopAnalyzers/blob/master/documentation/SA1028.md) [D:\leaveblackgithub\DDNCadAddins\src\DDNCadAddins\DDNCadAddins\DDNCadAddins.csproj]
D:\leaveblackgithub\DDNCadAddins\src\DDNCadAddins\DDNCadAddins\Commands\XClipTest\XClipTestValidator.cs(158,1): warning SA1028: Code should not contain trailing whitespace (https://github.com/DotNetAnalyzers/StyleCopAnalyzers/blob/master/documentation/SA1028.md) [D:\leaveblackgithub\DDNCadAddins\src\DDNCadAddins\DDNCadAddins\DDNCadAddins.csproj]
D:\leaveblackgithub\DDNCadAddins\src\DDNCadAddins\DDNCadAddins\Commands\FindXClippedBlocksCommand.cs(45,44): warning SA1128: Put constructor initializers on their own line (https://github.com/DotNetAnalyzers/StyleCopAnalyzers/blob/master/documentation/SA1128.md) [D:\leaveblackgithub\DDNCadAddins\src\DDNCadAddins\DDNCadAddins\DDNCadAddins.csproj]
D:\leaveblackgithub\DDNCadAddins\src\DDNCadAddins\DDNCadAddins\Commands\XClipTest\XClipTestValidator.cs(161,1): warning SA1028: Code should not contain trailing whitespace (https://github.com/DotNetAnalyzers/StyleCopAnalyzers/blob/master/documentation/SA1028.md) [D:\leaveblackgithub\DDNCadAddins\src\DDNCadAddins\DDNCadAddins\DDNCadAddins.csproj]
D:\leaveblackgithub\DDNCadAddins\src\DDNCadAddins\DDNCadAddins\Commands\XClipTest\XClipTestValidator.cs(167,1): warning SA1028: Code should not contain trailing whitespace (https://github.com/DotNetAnalyzers/StyleCopAnalyzers/blob/master/documentation/SA1028.md) [D:\leaveblackgithub\DDNCadAddins\src\DDNCadAddins\DDNCadAddins\DDNCadAddins.csproj]
D:\leaveblackgithub\DDNCadAddins\src\DDNCadAddins\DDNCadAddins\Commands\XClipTest\XClipTestValidator.cs(170,1): warning SA1028: Code should not contain trailing whitespace (https://github.com/DotNetAnalyzers/StyleCopAnalyzers/blob/master/documentation/SA1028.md) [D:\leaveblackgithub\DDNCadAddins\src\DDNCadAddins\DDNCadAddins\DDNCadAddins.csproj]
D:\leaveblackgithub\DDNCadAddins\src\DDNCadAddins\DDNCadAddins\Commands\XClipTest\XClipTestValidator.cs(176,1): warning SA1028: Code should not contain trailing whitespace (https://github.com/DotNetAnalyzers/StyleCopAnalyzers/blob/master/documentation/SA1028.md) [D:\leaveblackgithub\DDNCadAddins\src\DDNCadAddins\DDNCadAddins\DDNCadAddins.csproj]
D:\leaveblackgithub\DDNCadAddins\src\DDNCadAddins\DDNCadAddins\Commands\XClipTest\XClipTestValidator.cs(183,1): warning SA1028: Code should not contain trailing whitespace (https://github.com/DotNetAnalyzers/StyleCopAnalyzers/blob/master/documentation/SA1028.md) [D:\leaveblackgithub\DDNCadAddins\src\DDNCadAddins\DDNCadAddins\DDNCadAddins.csproj]
D:\leaveblackgithub\DDNCadAddins\src\DDNCadAddins\DDNCadAddins\Commands\XClipTest\XClipTestValidator.cs(188,1): warning SA1028: Code should not contain trailing whitespace (https://github.com/DotNetAnalyzers/StyleCopAnalyzers/blob/master/documentation/SA1028.md) [D:\leaveblackgithub\DDNCadAddins\src\DDNCadAddins\DDNCadAddins\DDNCadAddins.csproj]
D:\leaveblackgithub\DDNCadAddins\src\DDNCadAddins\DDNCadAddins\Commands\XClipTest\XClipTestValidator.cs(199,1): warning SA1028: Code should not contain trailing whitespace (https://github.com/DotNetAnalyzers/StyleCopAnalyzers/blob/master/documentation/SA1028.md) [D:\leaveblackgithub\DDNCadAddins\src\DDNCadAddins\DDNCadAddins\DDNCadAddins.csproj]
D:\leaveblackgithub\DDNCadAddins\src\DDNCadAddins\DDNCadAddins\Commands\XClipTest\XClipTestValidator.cs(205,1): warning SA1028: Code should not contain trailing whitespace (https://github.com/DotNetAnalyzers/StyleCopAnalyzers/blob/master/documentation/SA1028.md) [D:\leaveblackgithub\DDNCadAddins\src\DDNCadAddins\DDNCadAddins\DDNCadAddins.csproj]
D:\leaveblackgithub\DDNCadAddins\src\DDNCadAddins\DDNCadAddins\Commands\XClipTest\XClipTestValidator.cs(213,1): warning SA1028: Code should not contain trailing whitespace (https://github.com/DotNetAnalyzers/StyleCopAnalyzers/blob/master/documentation/SA1028.md) [D:\leaveblackgithub\DDNCadAddins\src\DDNCadAddins\DDNCadAddins\DDNCadAddins.csproj]
D:\leaveblackgithub\DDNCadAddins\src\DDNCadAddins\DDNCadAddins\Commands\XClipTest\XClipTestValidator.cs(216,1): warning SA1028: Code should not contain trailing whitespace (https://github.com/DotNetAnalyzers/StyleCopAnalyzers/blob/master/documentation/SA1028.md) [D:\leaveblackgithub\DDNCadAddins\src\DDNCadAddins\DDNCadAddins\DDNCadAddins.csproj]
D:\leaveblackgithub\DDNCadAddins\src\DDNCadAddins\DDNCadAddins\Commands\XClipTest\XClipTestValidator.cs(219,1): warning SA1028: Code should not contain trailing whitespace (https://github.com/DotNetAnalyzers/StyleCopAnalyzers/blob/master/documentation/SA1028.md) [D:\leaveblackgithub\DDNCadAddins\src\DDNCadAddins\DDNCadAddins\DDNCadAddins.csproj]
D:\leaveblackgithub\DDNCadAddins\src\DDNCadAddins\DDNCadAddins\Commands\XClipTest\XClipTestValidator.cs(222,1): warning SA1028: Code should not contain trailing whitespace (https://github.com/DotNetAnalyzers/StyleCopAnalyzers/blob/master/documentation/SA1028.md) [D:\leaveblackgithub\DDNCadAddins\src\DDNCadAddins\DDNCadAddins\DDNCadAddins.csproj]
D:\leaveblackgithub\DDNCadAddins\src\DDNCadAddins\DDNCadAddins\Commands\XClipTest\XClipTestValidator.cs(225,1): warning SA1028: Code should not contain trailing whitespace (https://github.com/DotNetAnalyzers/StyleCopAnalyzers/blob/master/documentation/SA1028.md) [D:\leaveblackgithub\DDNCadAddins\src\DDNCadAddins\DDNCadAddins\DDNCadAddins.csproj]
D:\leaveblackgithub\DDNCadAddins\src\DDNCadAddins\DDNCadAddins\Commands\XClipTest\XClipTestValidator.cs(228,1): warning SA1028: Code should not contain trailing whitespace (https://github.com/DotNetAnalyzers/StyleCopAnalyzers/blob/master/documentation/SA1028.md) [D:\leaveblackgithub\DDNCadAddins\src\DDNCadAddins\DDNCadAddins\DDNCadAddins.csproj]
D:\leaveblackgithub\DDNCadAddins\src\DDNCadAddins\DDNCadAddins\Commands\XClipTest\XClipTestValidator.cs(231,1): warning SA1028: Code should not contain trailing whitespace (https://github.com/DotNetAnalyzers/StyleCopAnalyzers/blob/master/documentation/SA1028.md) [D:\leaveblackgithub\DDNCadAddins\src\DDNCadAddins\DDNCadAddins\DDNCadAddins.csproj]
D:\leaveblackgithub\DDNCadAddins\src\DDNCadAddins\DDNCadAddins\Commands\XClipTest\XClipTestValidator.cs(240,1): warning SA1028: Code should not contain trailing whitespace (https://github.com/DotNetAnalyzers/StyleCopAnalyzers/blob/master/documentation/SA1028.md) [D:\leaveblackgithub\DDNCadAddins\src\DDNCadAddins\DDNCadAddins\DDNCadAddins.csproj]
D:\leaveblackgithub\DDNCadAddins\src\DDNCadAddins\DDNCadAddins\Commands\XClipTest\XClipTestValidator.cs(246,1): warning SA1028: Code should not contain trailing whitespace (https://github.com/DotNetAnalyzers/StyleCopAnalyzers/blob/master/documentation/SA1028.md) [D:\leaveblackgithub\DDNCadAddins\src\DDNCadAddins\DDNCadAddins\DDNCadAddins.csproj]
D:\leaveblackgithub\DDNCadAddins\src\DDNCadAddins\DDNCadAddins\Commands\XClipTest\XClipTestValidator.cs(260,1): warning SA1028: Code should not contain trailing whitespace (https://github.com/DotNetAnalyzers/StyleCopAnalyzers/blob/master/documentation/SA1028.md) [D:\leaveblackgithub\DDNCadAddins\src\DDNCadAddins\DDNCadAddins\DDNCadAddins.csproj]
D:\leaveblackgithub\DDNCadAddins\src\DDNCadAddins\DDNCadAddins\Commands\XClipTest\XClipTestValidator.cs(262,37): warning SA1028: Code should not contain trailing whitespace (https://github.com/DotNetAnalyzers/StyleCopAnalyzers/blob/master/documentation/SA1028.md) [D:\leaveblackgithub\DDNCadAddins\src\DDNCadAddins\DDNCadAddins\DDNCadAddins.csproj]
D:\leaveblackgithub\DDNCadAddins\src\DDNCadAddins\DDNCadAddins\Commands\XClipTest\XClipTestValidator.cs(266,1): warning SA1028: Code should not contain trailing whitespace (https://github.com/DotNetAnalyzers/StyleCopAnalyzers/blob/master/documentation/SA1028.md) [D:\leaveblackgithub\DDNCadAddins\src\DDNCadAddins\DDNCadAddins\DDNCadAddins.csproj]
D:\leaveblackgithub\DDNCadAddins\src\DDNCadAddins\DDNCadAddins\Commands\XClipTest\XClipTestValidator.cs(270,1): warning SA1028: Code should not contain trailing whitespace (https://github.com/DotNetAnalyzers/StyleCopAnalyzers/blob/master/documentation/SA1028.md) [D:\leaveblackgithub\DDNCadAddins\src\DDNCadAddins\DDNCadAddins\DDNCadAddins.csproj]
D:\leaveblackgithub\DDNCadAddins\src\DDNCadAddins\DDNCadAddins\Commands\XClipTest\XClipTestValidator.cs(274,1): warning SA1028: Code should not contain trailing whitespace (https://github.com/DotNetAnalyzers/StyleCopAnalyzers/blob/master/documentation/SA1028.md) [D:\leaveblackgithub\DDNCadAddins\src\DDNCadAddins\DDNCadAddins\DDNCadAddins.csproj]
D:\leaveblackgithub\DDNCadAddins\src\DDNCadAddins\DDNCadAddins\Commands\XClipTest\XClipTestValidator.cs(293,1): warning SA1028: Code should not contain trailing whitespace (https://github.com/DotNetAnalyzers/StyleCopAnalyzers/blob/master/documentation/SA1028.md) [D:\leaveblackgithub\DDNCadAddins\src\DDNCadAddins\DDNCadAddins\DDNCadAddins.csproj]
D:\leaveblackgithub\DDNCadAddins\src\DDNCadAddins\DDNCadAddins\Commands\XClipTest\XClipTestValidator.cs(297,1): warning SA1028: Code should not contain trailing whitespace (https://github.com/DotNetAnalyzers/StyleCopAnalyzers/blob/master/documentation/SA1028.md) [D:\leaveblackgithub\DDNCadAddins\src\DDNCadAddins\DDNCadAddins\DDNCadAddins.csproj]
D:\leaveblackgithub\DDNCadAddins\src\DDNCadAddins\DDNCadAddins\Commands\XClipTest\XClipTestValidator.cs(318,1): warning SA1028: Code should not contain trailing whitespace (https://github.com/DotNetAnalyzers/StyleCopAnalyzers/blob/master/documentation/SA1028.md) [D:\leaveblackgithub\DDNCadAddins\src\DDNCadAddins\DDNCadAddins\DDNCadAddins.csproj]
D:\leaveblackgithub\DDNCadAddins\src\DDNCadAddins\DDNCadAddins\Commands\XClipTest\XClipTestValidator.cs(322,1): warning SA1028: Code should not contain trailing whitespace (https://github.com/DotNetAnalyzers/StyleCopAnalyzers/blob/master/documentation/SA1028.md) [D:\leaveblackgithub\DDNCadAddins\src\DDNCadAddins\DDNCadAddins\DDNCadAddins.csproj]
D:\leaveblackgithub\DDNCadAddins\src\DDNCadAddins\DDNCadAddins\Commands\XClipTest\XClipTestValidator.cs(340,1): warning SA1028: Code should not contain trailing whitespace (https://github.com/DotNetAnalyzers/StyleCopAnalyzers/blob/master/documentation/SA1028.md) [D:\leaveblackgithub\DDNCadAddins\src\DDNCadAddins\DDNCadAddins\DDNCadAddins.csproj]
D:\leaveblackgithub\DDNCadAddins\src\DDNCadAddins\DDNCadAddins\Commands\XClipTest\XClipTestValidator.cs(344,1): warning SA1028: Code should not contain trailing whitespace (https://github.com/DotNetAnalyzers/StyleCopAnalyzers/blob/master/documentation/SA1028.md) [D:\leaveblackgithub\DDNCadAddins\src\DDNCadAddins\DDNCadAddins\DDNCadAddins.csproj]
D:\leaveblackgithub\DDNCadAddins\src\DDNCadAddins\DDNCadAddins\Commands\XClipTest\XClipTestValidator.cs(365,1): warning SA1028: Code should not contain trailing whitespace (https://github.com/DotNetAnalyzers/StyleCopAnalyzers/blob/master/documentation/SA1028.md) [D:\leaveblackgithub\DDNCadAddins\src\DDNCadAddins\DDNCadAddins\DDNCadAddins.csproj]
D:\leaveblackgithub\DDNCadAddins\src\DDNCadAddins\DDNCadAddins\Commands\XClipTest\XClipTestValidator.cs(368,1): warning SA1028: Code should not contain trailing whitespace (https://github.com/DotNetAnalyzers/StyleCopAnalyzers/blob/master/documentation/SA1028.md) [D:\leaveblackgithub\DDNCadAddins\src\DDNCadAddins\DDNCadAddins\DDNCadAddins.csproj]
D:\leaveblackgithub\DDNCadAddins\src\DDNCadAddins\DDNCadAddins\Commands\XClipTest\XClipTestValidator.cs(372,1): warning SA1028: Code should not contain trailing whitespace (https://github.com/DotNetAnalyzers/StyleCopAnalyzers/blob/master/documentation/SA1028.md) [D:\leaveblackgithub\DDNCadAddins\src\DDNCadAddins\DDNCadAddins\DDNCadAddins.csproj]
D:\leaveblackgithub\DDNCadAddins\src\DDNCadAddins\DDNCadAddins\Commands\XClipTest\XClipTestValidator.cs(376,1): warning SA1028: Code should not contain trailing whitespace (https://github.com/DotNetAnalyzers/StyleCopAnalyzers/blob/master/documentation/SA1028.md) [D:\leaveblackgithub\DDNCadAddins\src\DDNCadAddins\DDNCadAddins\DDNCadAddins.csproj]
D:\leaveblackgithub\DDNCadAddins\src\DDNCadAddins\DDNCadAddins\Commands\XClipTest\XClipTestValidator.cs(396,1): warning SA1028: Code should not contain trailing whitespace (https://github.com/DotNetAnalyzers/StyleCopAnalyzers/blob/master/documentation/SA1028.md) [D:\leaveblackgithub\DDNCadAddins\src\DDNCadAddins\DDNCadAddins\DDNCadAddins.csproj]
D:\leaveblackgithub\DDNCadAddins\src\DDNCadAddins\DDNCadAddins\Commands\XClipTest\XClipTestValidator.cs(416,1): warning SA1028: Code should not contain trailing whitespace (https://github.com/DotNetAnalyzers/StyleCopAnalyzers/blob/master/documentation/SA1028.md) [D:\leaveblackgithub\DDNCadAddins\src\DDNCadAddins\DDNCadAddins\DDNCadAddins.csproj]
D:\leaveblackgithub\DDNCadAddins\src\DDNCadAddins\DDNCadAddins\Commands\XClipTest\XClipTestValidator.cs(426,2): warning SA1028: Code should not contain trailing whitespace (https://github.com/DotNetAnalyzers/StyleCopAnalyzers/blob/master/documentation/SA1028.md) [D:\leaveblackgithub\DDNCadAddins\src\DDNCadAddins\DDNCadAddins\DDNCadAddins.csproj]
D:\leaveblackgithub\DDNCadAddins\src\DDNCadAddins\DDNCadAddins\Commands\TestRunner.cs(1,1): warning SA1633: The file header is missing or not located at the top of the file. (https://github.com/DotNetAnalyzers/StyleCopAnalyzers/blob/master/documentation/SA1633.md) [D:\leaveblackgithub\DDNCadAddins\src\DDNCadAddins\DDNCadAddins\DDNCadAddins.csproj]
D:\leaveblackgithub\DDNCadAddins\src\DDNCadAddins\DDNCadAddins\Commands\CreateXClippedBlockCommand.cs(42,13): warning SA1101: Prefix local calls with this (https://github.com/DotNetAnalyzers/StyleCopAnalyzers/blob/master/documentation/SA1101.md) [D:\leaveblackgithub\DDNCadAddins\src\DDNCadAddins\DDNCadAddins\DDNCadAddins.csproj]
D:\leaveblackgithub\DDNCadAddins\src\DDNCadAddins\DDNCadAddins\Commands\FindXClippedBlocksCommand.cs(58,13): warning SA1101: Prefix local calls with this (https://github.com/DotNetAnalyzers/StyleCopAnalyzers/blob/master/documentation/SA1101.md) [D:\leaveblackgithub\DDNCadAddins\src\DDNCadAddins\DDNCadAddins\DDNCadAddins.csproj]
D:\leaveblackgithub\DDNCadAddins\src\DDNCadAddins\DDNCadAddins\Commands\CreateXClippedBlockCommand.cs(42,51): warning SA1101: Prefix local calls with this (https://github.com/DotNetAnalyzers/StyleCopAnalyzers/blob/master/documentation/SA1101.md) [D:\leaveblackgithub\DDNCadAddins\src\DDNCadAddins\DDNCadAddins\DDNCadAddins.csproj]
D:\leaveblackgithub\DDNCadAddins\src\DDNCadAddins\DDNCadAddins\Commands\CreateXClippedBlockCommand.cs(42,64): warning SA1101: Prefix local calls with this (https://github.com/DotNetAnalyzers/StyleCopAnalyzers/blob/master/documentation/SA1101.md) [D:\leaveblackgithub\DDNCadAddins\src\DDNCadAddins\DDNCadAddins\DDNCadAddins.csproj]
D:\leaveblackgithub\DDNCadAddins\src\DDNCadAddins\DDNCadAddins\Commands\CreateXClippedBlockCommand.cs(43,13): warning SA1101: Prefix local calls with this (https://github.com/DotNetAnalyzers/StyleCopAnalyzers/blob/master/documentation/SA1101.md) [D:\leaveblackgithub\DDNCadAddins\src\DDNCadAddins\DDNCadAddins\DDNCadAddins.csproj]
D:\leaveblackgithub\DDNCadAddins\src\DDNCadAddins\DDNCadAddins\Commands\CreateXClippedBlockCommand.cs(40,45): warning SA1128: Put constructor initializers on their own line (https://github.com/DotNetAnalyzers/StyleCopAnalyzers/blob/master/documentation/SA1128.md) [D:\leaveblackgithub\DDNCadAddins\src\DDNCadAddins\DDNCadAddins\DDNCadAddins.csproj]
D:\leaveblackgithub\DDNCadAddins\src\DDNCadAddins\DDNCadAddins\Commands\XClipTestCommand.cs(52,13): warning SA1101: Prefix local calls with this (https://github.com/DotNetAnalyzers/StyleCopAnalyzers/blob/master/documentation/SA1101.md) [D:\leaveblackgithub\DDNCadAddins\src\DDNCadAddins\DDNCadAddins\DDNCadAddins.csproj]
D:\leaveblackgithub\DDNCadAddins\src\DDNCadAddins\DDNCadAddins\Commands\XClipTestCommand.cs(53,13): warning SA1101: Prefix local calls with this (https://github.com/DotNetAnalyzers/StyleCopAnalyzers/blob/master/documentation/SA1101.md) [D:\leaveblackgithub\DDNCadAddins\src\DDNCadAddins\DDNCadAddins\DDNCadAddins.csproj]
D:\leaveblackgithub\DDNCadAddins\src\DDNCadAddins\DDNCadAddins\Commands\CreateXClippedBlockCommand.cs(52,13): warning SA1101: Prefix local calls with this (https://github.com/DotNetAnalyzers/StyleCopAnalyzers/blob/master/documentation/SA1101.md) [D:\leaveblackgithub\DDNCadAddins\src\DDNCadAddins\DDNCadAddins\DDNCadAddins.csproj]
D:\leaveblackgithub\DDNCadAddins\src\DDNCadAddins\DDNCadAddins\Commands\XClipCommand.cs(42,13): warning SA1101: Prefix local calls with this (https://github.com/DotNetAnalyzers/StyleCopAnalyzers/blob/master/documentation/SA1101.md) [D:\leaveblackgithub\DDNCadAddins\src\DDNCadAddins\DDNCadAddins\DDNCadAddins.csproj]
D:\leaveblackgithub\DDNCadAddins\src\DDNCadAddins\DDNCadAddins\Commands\XClipCommand.cs(43,13): warning SA1101: Prefix local calls with this (https://github.com/DotNetAnalyzers/StyleCopAnalyzers/blob/master/documentation/SA1101.md) [D:\leaveblackgithub\DDNCadAddins\src\DDNCadAddins\DDNCadAddins\DDNCadAddins.csproj]
D:\leaveblackgithub\DDNCadAddins\src\DDNCadAddins\DDNCadAddins\Commands\XClipTestCommand.cs(62,13): warning SA1101: Prefix local calls with this (https://github.com/DotNetAnalyzers/StyleCopAnalyzers/blob/master/documentation/SA1101.md) [D:\leaveblackgithub\DDNCadAddins\src\DDNCadAddins\DDNCadAddins\DDNCadAddins.csproj]
D:\leaveblackgithub\DDNCadAddins\src\DDNCadAddins\DDNCadAddins\Commands\XClipTestCommand.cs(63,13): warning SA1101: Prefix local calls with this (https://github.com/DotNetAnalyzers/StyleCopAnalyzers/blob/master/documentation/SA1101.md) [D:\leaveblackgithub\DDNCadAddins\src\DDNCadAddins\DDNCadAddins\DDNCadAddins.csproj]
D:\leaveblackgithub\DDNCadAddins\src\DDNCadAddins\DDNCadAddins\Commands\XClipCommand.cs(52,13): warning SA1101: Prefix local calls with this (https://github.com/DotNetAnalyzers/StyleCopAnalyzers/blob/master/documentation/SA1101.md) [D:\leaveblackgithub\DDNCadAddins\src\DDNCadAddins\DDNCadAddins\DDNCadAddins.csproj]
D:\leaveblackgithub\DDNCadAddins\src\DDNCadAddins\DDNCadAddins\Commands\XClipCommand.cs(53,13): warning SA1101: Prefix local calls with this (https://github.com/DotNetAnalyzers/StyleCopAnalyzers/blob/master/documentation/SA1101.md) [D:\leaveblackgithub\DDNCadAddins\src\DDNCadAddins\DDNCadAddins\DDNCadAddins.csproj]
D:\leaveblackgithub\DDNCadAddins\src\DDNCadAddins\DDNCadAddins\Commands\XClipTestCommand.cs(72,13): warning SA1101: Prefix local calls with this (https://github.com/DotNetAnalyzers/StyleCopAnalyzers/blob/master/documentation/SA1101.md) [D:\leaveblackgithub\DDNCadAddins\src\DDNCadAddins\DDNCadAddins\DDNCadAddins.csproj]
D:\leaveblackgithub\DDNCadAddins\src\DDNCadAddins\DDNCadAddins\Commands\XClipTestCommand.cs(73,13): warning SA1101: Prefix local calls with this (https://github.com/DotNetAnalyzers/StyleCopAnalyzers/blob/master/documentation/SA1101.md) [D:\leaveblackgithub\DDNCadAddins\src\DDNCadAddins\DDNCadAddins\DDNCadAddins.csproj]
D:\leaveblackgithub\DDNCadAddins\src\DDNCadAddins\DDNCadAddins\Commands\XClipCommand.cs(62,13): warning SA1101: Prefix local calls with this (https://github.com/DotNetAnalyzers/StyleCopAnalyzers/blob/master/documentation/SA1101.md) [D:\leaveblackgithub\DDNCadAddins\src\DDNCadAddins\DDNCadAddins\DDNCadAddins.csproj]
D:\leaveblackgithub\DDNCadAddins\src\DDNCadAddins\DDNCadAddins\Commands\XClipCommand.cs(63,13): warning SA1101: Prefix local calls with this (https://github.com/DotNetAnalyzers/StyleCopAnalyzers/blob/master/documentation/SA1101.md) [D:\leaveblackgithub\DDNCadAddins\src\DDNCadAddins\DDNCadAddins\DDNCadAddins.csproj]
D:\leaveblackgithub\DDNCadAddins\src\DDNCadAddins\DDNCadAddins\Commands\XClipTestCommand.cs(82,13): warning SA1101: Prefix local calls with this (https://github.com/DotNetAnalyzers/StyleCopAnalyzers/blob/master/documentation/SA1101.md) [D:\leaveblackgithub\DDNCadAddins\src\DDNCadAddins\DDNCadAddins\DDNCadAddins.csproj]
D:\leaveblackgithub\DDNCadAddins\src\DDNCadAddins\DDNCadAddins\Commands\XClipTestCommand.cs(83,13): warning SA1101: Prefix local calls with this (https://github.com/DotNetAnalyzers/StyleCopAnalyzers/blob/master/documentation/SA1101.md) [D:\leaveblackgithub\DDNCadAddins\src\DDNCadAddins\DDNCadAddins\DDNCadAddins.csproj]
D:\leaveblackgithub\DDNCadAddins\src\DDNCadAddins\DDNCadAddins\Commands\XClipCommand.cs(72,13): warning SA1101: Prefix local calls with this (https://github.com/DotNetAnalyzers/StyleCopAnalyzers/blob/master/documentation/SA1101.md) [D:\leaveblackgithub\DDNCadAddins\src\DDNCadAddins\DDNCadAddins\DDNCadAddins.csproj]
D:\leaveblackgithub\DDNCadAddins\src\DDNCadAddins\DDNCadAddins\Commands\XClipCommand.cs(73,13): warning SA1101: Prefix local calls with this (https://github.com/DotNetAnalyzers/StyleCopAnalyzers/blob/master/documentation/SA1101.md) [D:\leaveblackgithub\DDNCadAddins\src\DDNCadAddins\DDNCadAddins\DDNCadAddins.csproj]
D:\leaveblackgithub\DDNCadAddins\src\DDNCadAddins\DDNCadAddins\Commands\TestRunner.cs(156,14): warning SA1513: Closing brace should be followed by blank line (https://github.com/DotNetAnalyzers/StyleCopAnalyzers/blob/master/documentation/SA1513.md) [D:\leaveblackgithub\DDNCadAddins\src\DDNCadAddins\DDNCadAddins\DDNCadAddins.csproj]
D:\leaveblackgithub\DDNCadAddins\src\DDNCadAddins\DDNCadAddins\Commands\XClipTestCommand.cs(92,13): warning SA1101: Prefix local calls with this (https://github.com/DotNetAnalyzers/StyleCopAnalyzers/blob/master/documentation/SA1101.md) [D:\leaveblackgithub\DDNCadAddins\src\DDNCadAddins\DDNCadAddins\DDNCadAddins.csproj]
D:\leaveblackgithub\DDNCadAddins\src\DDNCadAddins\DDNCadAddins\Commands\TestRunner.cs(651,26): warning SA1513: Closing brace should be followed by blank line (https://github.com/DotNetAnalyzers/StyleCopAnalyzers/blob/master/documentation/SA1513.md) [D:\leaveblackgithub\DDNCadAddins\src\DDNCadAddins\DDNCadAddins\DDNCadAddins.csproj]
D:\leaveblackgithub\DDNCadAddins\src\DDNCadAddins\DDNCadAddins\Commands\TestRunner.cs(666,26): warning SA1513: Closing brace should be followed by blank line (https://github.com/DotNetAnalyzers/StyleCopAnalyzers/blob/master/documentation/SA1513.md) [D:\leaveblackgithub\DDNCadAddins\src\DDNCadAddins\DDNCadAddins\DDNCadAddins.csproj]
D:\leaveblackgithub\DDNCadAddins\src\DDNCadAddins\DDNCadAddins\Commands\XClipTestCommand.cs(93,13): warning SA1101: Prefix local calls with this (https://github.com/DotNetAnalyzers/StyleCopAnalyzers/blob/master/documentation/SA1101.md) [D:\leaveblackgithub\DDNCadAddins\src\DDNCadAddins\DDNCadAddins\DDNCadAddins.csproj]
D:\leaveblackgithub\DDNCadAddins\src\DDNCadAddins\DDNCadAddins\Commands\TestRunner.cs(676,22): warning SA1513: Closing brace should be followed by blank line (https://github.com/DotNetAnalyzers/StyleCopAnalyzers/blob/master/documentation/SA1513.md) [D:\leaveblackgithub\DDNCadAddins\src\DDNCadAddins\DDNCadAddins\DDNCadAddins.csproj]
D:\leaveblackgithub\DDNCadAddins\src\DDNCadAddins\DDNCadAddins\Commands\TestRunner.cs(713,26): warning SA1513: Closing brace should be followed by blank line (https://github.com/DotNetAnalyzers/StyleCopAnalyzers/blob/master/documentation/SA1513.md) [D:\leaveblackgithub\DDNCadAddins\src\DDNCadAddins\DDNCadAddins\DDNCadAddins.csproj]
D:\leaveblackgithub\DDNCadAddins\src\DDNCadAddins\DDNCadAddins\Commands\TestRunner.cs(15,1): warning SA1515: Single-line comment should be preceded by blank line (https://github.com/DotNetAnalyzers/StyleCopAnalyzers/blob/master/documentation/SA1515.md) [D:\leaveblackgithub\DDNCadAddins\src\DDNCadAddins\DDNCadAddins\DDNCadAddins.csproj]
D:\leaveblackgithub\DDNCadAddins\src\DDNCadAddins\DDNCadAddins\DDNCadAppLoader.cs(48,13): warning CA1031: 请修改“Initialize”以捕获更具体的允许异常类型，或者重新抛出该异常 (https://docs.microsoft.com/dotnet/fundamentals/code-analysis/quality-rules/ca1031) [D:\leaveblackgithub\DDNCadAddins\src\DDNCadAddins\DDNCadAddins\DDNCadAddins.csproj]
D:\leaveblackgithub\DDNCadAddins\src\DDNCadAddins\DDNCadAddins\Commands\XClipTestCommand.cs(102,13): warning SA1101: Prefix local calls with this (https://github.com/DotNetAnalyzers/StyleCopAnalyzers/blob/master/documentation/SA1101.md) [D:\leaveblackgithub\DDNCadAddins\src\DDNCadAddins\DDNCadAddins\DDNCadAddins.csproj]
D:\leaveblackgithub\DDNCadAddins\src\DDNCadAddins\DDNCadAddins\Commands\XClipTestCommand.cs(103,13): warning SA1101: Prefix local calls with this (https://github.com/DotNetAnalyzers/StyleCopAnalyzers/blob/master/documentation/SA1101.md) [D:\leaveblackgithub\DDNCadAddins\src\DDNCadAddins\DDNCadAddins\DDNCadAddins.csproj]
D:\leaveblackgithub\DDNCadAddins\src\DDNCadAddins\DDNCadAddins\Commands\TestRunner.cs(151,26): warning SA1101: Prefix local calls with this (https://github.com/DotNetAnalyzers/StyleCopAnalyzers/blob/master/documentation/SA1101.md) [D:\leaveblackgithub\DDNCadAddins\src\DDNCadAddins\DDNCadAddins\DDNCadAddins.csproj]
D:\leaveblackgithub\DDNCadAddins\src\DDNCadAddins\DDNCadAddins\Commands\TestRunner.cs(154,17): warning SA1101: Prefix local calls with this (https://github.com/DotNetAnalyzers/StyleCopAnalyzers/blob/master/documentation/SA1101.md) [D:\leaveblackgithub\DDNCadAddins\src\DDNCadAddins\DDNCadAddins\DDNCadAddins.csproj]
D:\leaveblackgithub\DDNCadAddins\src\DDNCadAddins\DDNCadAddins\Commands\TestRunner.cs(869,27): warning SA1402: File may only contain a single type (https://github.com/DotNetAnalyzers/StyleCopAnalyzers/blob/master/documentation/SA1402.md) [D:\leaveblackgithub\DDNCadAddins\src\DDNCadAddins\DDNCadAddins\DDNCadAddins.csproj]
D:\leaveblackgithub\DDNCadAddins\src\DDNCadAddins\DDNCadAddins\Commands\TestRunner.cs(901,27): warning SA1402: File may only contain a single type (https://github.com/DotNetAnalyzers/StyleCopAnalyzers/blob/master/documentation/SA1402.md) [D:\leaveblackgithub\DDNCadAddins\src\DDNCadAddins\DDNCadAddins\DDNCadAddins.csproj]
D:\leaveblackgithub\DDNCadAddins\src\DDNCadAddins\DDNCadAddins\Commands\Blk2CsvCommand.cs(43,13): warning SA1100: Do not prefix calls with base unless local implementation exists (https://github.com/DotNetAnalyzers/StyleCopAnalyzers/blob/master/documentation/SA1100.md) [D:\leaveblackgithub\DDNCadAddins\src\DDNCadAddins\DDNCadAddins\DDNCadAddins.csproj]
D:\leaveblackgithub\DDNCadAddins\src\DDNCadAddins\DDNCadAddins\Commands\Blk2CsvCommand.cs(42,13): warning SA1101: Prefix local calls with this (https://github.com/DotNetAnalyzers/StyleCopAnalyzers/blob/master/documentation/SA1101.md) [D:\leaveblackgithub\DDNCadAddins\src\DDNCadAddins\DDNCadAddins\DDNCadAddins.csproj]
D:\leaveblackgithub\DDNCadAddins\src\DDNCadAddins\DDNCadAddins\Commands\Blk2CsvCommand.cs(53,13): warning SA1100: Do not prefix calls with base unless local implementation exists (https://github.com/DotNetAnalyzers/StyleCopAnalyzers/blob/master/documentation/SA1100.md) [D:\leaveblackgithub\DDNCadAddins\src\DDNCadAddins\DDNCadAddins\DDNCadAddins.csproj]
D:\leaveblackgithub\DDNCadAddins\src\DDNCadAddins\DDNCadAddins\Commands\Blk2CsvCommand.cs(52,13): warning SA1101: Prefix local calls with this (https://github.com/DotNetAnalyzers/StyleCopAnalyzers/blob/master/documentation/SA1101.md) [D:\leaveblackgithub\DDNCadAddins\src\DDNCadAddins\DDNCadAddins\DDNCadAddins.csproj]
D:\leaveblackgithub\DDNCadAddins\src\DDNCadAddins\DDNCadAddins\Commands\OpenXClipLogCommand.cs(58,17): warning SA1101: Prefix local calls with this (https://github.com/DotNetAnalyzers/StyleCopAnalyzers/blob/master/documentation/SA1101.md) [D:\leaveblackgithub\DDNCadAddins\src\DDNCadAddins\DDNCadAddins\DDNCadAddins.csproj]
D:\leaveblackgithub\DDNCadAddins\src\DDNCadAddins\DDNCadAddins\Commands\OpenXClipLogCommand.cs(62,17): warning SA1101: Prefix local calls with this (https://github.com/DotNetAnalyzers/StyleCopAnalyzers/blob/master/documentation/SA1101.md) [D:\leaveblackgithub\DDNCadAddins\src\DDNCadAddins\DDNCadAddins\DDNCadAddins.csproj]
D:\leaveblackgithub\DDNCadAddins\src\DDNCadAddins\DDNCadAddins\Commands\CreateXClippedBlockCommand.cs(60,23): warning SA1101: Prefix local calls with this (https://github.com/DotNetAnalyzers/StyleCopAnalyzers/blob/master/documentation/SA1101.md) [D:\leaveblackgithub\DDNCadAddins\src\DDNCadAddins\DDNCadAddins\DDNCadAddins.csproj]
D:\leaveblackgithub\DDNCadAddins\src\DDNCadAddins\DDNCadAddins\Commands\CreateXClippedBlockCommand.cs(63,13): warning SA1101: Prefix local calls with this (https://github.com/DotNetAnalyzers/StyleCopAnalyzers/blob/master/documentation/SA1101.md) [D:\leaveblackgithub\DDNCadAddins\src\DDNCadAddins\DDNCadAddins\DDNCadAddins.csproj]
D:\leaveblackgithub\DDNCadAddins\src\DDNCadAddins\DDNCadAddins\Commands\CreateXClippedBlockCommand.cs(65,26): warning SA1101: Prefix local calls with this (https://github.com/DotNetAnalyzers/StyleCopAnalyzers/blob/master/documentation/SA1101.md) [D:\leaveblackgithub\DDNCadAddins\src\DDNCadAddins\DDNCadAddins\DDNCadAddins.csproj]
D:\leaveblackgithub\DDNCadAddins\src\DDNCadAddins\DDNCadAddins\Commands\CreateXClippedBlockCommand.cs(70,17): warning SA1101: Prefix local calls with this (https://github.com/DotNetAnalyzers/StyleCopAnalyzers/blob/master/documentation/SA1101.md) [D:\leaveblackgithub\DDNCadAddins\src\DDNCadAddins\DDNCadAddins\DDNCadAddins.csproj]
D:\leaveblackgithub\DDNCadAddins\src\DDNCadAddins\DDNCadAddins\Commands\CreateXClippedBlockCommand.cs(73,17): warning SA1101: Prefix local calls with this (https://github.com/DotNetAnalyzers/StyleCopAnalyzers/blob/master/documentation/SA1101.md) [D:\leaveblackgithub\DDNCadAddins\src\DDNCadAddins\DDNCadAddins\DDNCadAddins.csproj]
D:\leaveblackgithub\DDNCadAddins\src\DDNCadAddins\DDNCadAddins\Commands\CreateXClippedBlockCommand.cs(77,17): warning SA1101: Prefix local calls with this (https://github.com/DotNetAnalyzers/StyleCopAnalyzers/blob/master/documentation/SA1101.md) [D:\leaveblackgithub\DDNCadAddins\src\DDNCadAddins\DDNCadAddins\DDNCadAddins.csproj]
D:\leaveblackgithub\DDNCadAddins\src\DDNCadAddins\DDNCadAddins\Commands\CreateXClippedBlockCommand.cs(78,17): warning SA1101: Prefix local calls with this (https://github.com/DotNetAnalyzers/StyleCopAnalyzers/blob/master/documentation/SA1101.md) [D:\leaveblackgithub\DDNCadAddins\src\DDNCadAddins\DDNCadAddins\DDNCadAddins.csproj]
D:\leaveblackgithub\DDNCadAddins\src\DDNCadAddins\DDNCadAddins\Commands\CreateXClippedBlockCommand.cs(79,17): warning SA1101: Prefix local calls with this (https://github.com/DotNetAnalyzers/StyleCopAnalyzers/blob/master/documentation/SA1101.md) [D:\leaveblackgithub\DDNCadAddins\src\DDNCadAddins\DDNCadAddins\DDNCadAddins.csproj]
D:\leaveblackgithub\DDNCadAddins\src\DDNCadAddins\DDNCadAddins\Commands\CreateXClippedBlockCommand.cs(80,17): warning SA1101: Prefix local calls with this (https://github.com/DotNetAnalyzers/StyleCopAnalyzers/blob/master/documentation/SA1101.md) [D:\leaveblackgithub\DDNCadAddins\src\DDNCadAddins\DDNCadAddins\DDNCadAddins.csproj]
D:\leaveblackgithub\DDNCadAddins\src\DDNCadAddins\DDNCadAddins\Commands\CreateXClippedBlockCommand.cs(81,17): warning SA1101: Prefix local calls with this (https://github.com/DotNetAnalyzers/StyleCopAnalyzers/blob/master/documentation/SA1101.md) [D:\leaveblackgithub\DDNCadAddins\src\DDNCadAddins\DDNCadAddins\DDNCadAddins.csproj]
D:\leaveblackgithub\DDNCadAddins\src\DDNCadAddins\DDNCadAddins\Commands\XClipTestCommand.cs(112,13): warning SA1101: Prefix local calls with this (https://github.com/DotNetAnalyzers/StyleCopAnalyzers/blob/master/documentation/SA1101.md) [D:\leaveblackgithub\DDNCadAddins\src\DDNCadAddins\DDNCadAddins\DDNCadAddins.csproj]
D:\leaveblackgithub\DDNCadAddins\src\DDNCadAddins\DDNCadAddins\Commands\XClipTestCommand.cs(113,13): warning SA1101: Prefix local calls with this (https://github.com/DotNetAnalyzers/StyleCopAnalyzers/blob/master/documentation/SA1101.md) [D:\leaveblackgithub\DDNCadAddins\src\DDNCadAddins\DDNCadAddins\DDNCadAddins.csproj]
D:\leaveblackgithub\DDNCadAddins\src\DDNCadAddins\DDNCadAddins\Commands\Blk2CsvCommand.cs(61,13): warning SA1101: Prefix local calls with this (https://github.com/DotNetAnalyzers/StyleCopAnalyzers/blob/master/documentation/SA1101.md) [D:\leaveblackgithub\DDNCadAddins\src\DDNCadAddins\DDNCadAddins\DDNCadAddins.csproj]
D:\leaveblackgithub\DDNCadAddins\src\DDNCadAddins\DDNCadAddins\Commands\Blk2CsvCommand.cs(61,31): warning SA1101: Prefix local calls with this (https://github.com/DotNetAnalyzers/StyleCopAnalyzers/blob/master/documentation/SA1101.md) [D:\leaveblackgithub\DDNCadAddins\src\DDNCadAddins\DDNCadAddins\DDNCadAddins.csproj]
D:\leaveblackgithub\DDNCadAddins\src\DDNCadAddins\DDNCadAddins\Commands\Blk2CsvCommand.cs(64,13): warning SA1101: Prefix local calls with this (https://github.com/DotNetAnalyzers/StyleCopAnalyzers/blob/master/documentation/SA1101.md) [D:\leaveblackgithub\DDNCadAddins\src\DDNCadAddins\DDNCadAddins\DDNCadAddins.csproj]
D:\leaveblackgithub\DDNCadAddins\src\DDNCadAddins\DDNCadAddins\Commands\Blk2CsvCommand.cs(66,13): warning SA1101: Prefix local calls with this (https://github.com/DotNetAnalyzers/StyleCopAnalyzers/blob/master/documentation/SA1101.md) [D:\leaveblackgithub\DDNCadAddins\src\DDNCadAddins\DDNCadAddins\DDNCadAddins.csproj]
D:\leaveblackgithub\DDNCadAddins\src\DDNCadAddins\DDNCadAddins\Commands\TestRunner.cs(165,13): warning SA1101: Prefix local calls with this (https://github.com/DotNetAnalyzers/StyleCopAnalyzers/blob/master/documentation/SA1101.md) [D:\leaveblackgithub\DDNCadAddins\src\DDNCadAddins\DDNCadAddins\DDNCadAddins.csproj]
D:\leaveblackgithub\DDNCadAddins\src\DDNCadAddins\DDNCadAddins\Commands\CommandBase.cs(83,17): warning SA1101: Prefix local calls with this (https://github.com/DotNetAnalyzers/StyleCopAnalyzers/blob/master/documentation/SA1101.md) [D:\leaveblackgithub\DDNCadAddins\src\DDNCadAddins\DDNCadAddins\DDNCadAddins.csproj]
D:\leaveblackgithub\DDNCadAddins\src\DDNCadAddins\DDNCadAddins\Commands\CommandBase.cs(83,35): warning SA1101: Prefix local calls with this (https://github.com/DotNetAnalyzers/StyleCopAnalyzers/blob/master/documentation/SA1101.md) [D:\leaveblackgithub\DDNCadAddins\src\DDNCadAddins\DDNCadAddins\DDNCadAddins.csproj]
D:\leaveblackgithub\DDNCadAddins\src\DDNCadAddins\DDNCadAddins\Commands\CommandBase.cs(84,17): warning SA1101: Prefix local calls with this (https://github.com/DotNetAnalyzers/StyleCopAnalyzers/blob/master/documentation/SA1101.md) [D:\leaveblackgithub\DDNCadAddins\src\DDNCadAddins\DDNCadAddins\DDNCadAddins.csproj]
D:\leaveblackgithub\DDNCadAddins\src\DDNCadAddins\DDNCadAddins\Commands\CommandBase.cs(84,35): warning SA1101: Prefix local calls with this (https://github.com/DotNetAnalyzers/StyleCopAnalyzers/blob/master/documentation/SA1101.md) [D:\leaveblackgithub\DDNCadAddins\src\DDNCadAddins\DDNCadAddins\DDNCadAddins.csproj]
D:\leaveblackgithub\DDNCadAddins\src\DDNCadAddins\DDNCadAddins\Commands\CommandBase.cs(87,17): warning SA1101: Prefix local calls with this (https://github.com/DotNetAnalyzers/StyleCopAnalyzers/blob/master/documentation/SA1101.md) [D:\leaveblackgithub\DDNCadAddins\src\DDNCadAddins\DDNCadAddins\DDNCadAddins.csproj]
D:\leaveblackgithub\DDNCadAddins\src\DDNCadAddins\DDNCadAddins\Commands\CommandBase.cs(92,17): warning SA1101: Prefix local calls with this (https://github.com/DotNetAnalyzers/StyleCopAnalyzers/blob/master/documentation/SA1101.md) [D:\leaveblackgithub\DDNCadAddins\src\DDNCadAddins\DDNCadAddins\DDNCadAddins.csproj]
D:\leaveblackgithub\DDNCadAddins\src\DDNCadAddins\DDNCadAddins\Commands\CommandBase.cs(93,17): warning SA1101: Prefix local calls with this (https://github.com/DotNetAnalyzers/StyleCopAnalyzers/blob/master/documentation/SA1101.md) [D:\leaveblackgithub\DDNCadAddins\src\DDNCadAddins\DDNCadAddins\DDNCadAddins.csproj]
D:\leaveblackgithub\DDNCadAddins\src\DDNCadAddins\DDNCadAddins\Commands\CommandBase.cs(97,17): warning SA1101: Prefix local calls with this (https://github.com/DotNetAnalyzers/StyleCopAnalyzers/blob/master/documentation/SA1101.md) [D:\leaveblackgithub\DDNCadAddins\src\DDNCadAddins\DDNCadAddins\DDNCadAddins.csproj]
D:\leaveblackgithub\DDNCadAddins\src\DDNCadAddins\DDNCadAddins\Commands\CommandBase.cs(98,17): warning SA1101: Prefix local calls with this (https://github.com/DotNetAnalyzers/StyleCopAnalyzers/blob/master/documentation/SA1101.md) [D:\leaveblackgithub\DDNCadAddins\src\DDNCadAddins\DDNCadAddins\DDNCadAddins.csproj]
D:\leaveblackgithub\DDNCadAddins\src\DDNCadAddins\DDNCadAddins\Commands\FindXClippedBlocksCommand.cs(66,23): warning SA1101: Prefix local calls with this (https://github.com/DotNetAnalyzers/StyleCopAnalyzers/blob/master/documentation/SA1101.md) [D:\leaveblackgithub\DDNCadAddins\src\DDNCadAddins\DDNCadAddins\DDNCadAddins.csproj]
D:\leaveblackgithub\DDNCadAddins\src\DDNCadAddins\DDNCadAddins\Commands\FindXClippedBlocksCommand.cs(69,13): warning SA1101: Prefix local calls with this (https://github.com/DotNetAnalyzers/StyleCopAnalyzers/blob/master/documentation/SA1101.md) [D:\leaveblackgithub\DDNCadAddins\src\DDNCadAddins\DDNCadAddins\DDNCadAddins.csproj]
D:\leaveblackgithub\DDNCadAddins\src\DDNCadAddins\DDNCadAddins\Commands\FindXClippedBlocksCommand.cs(71,26): warning SA1101: Prefix local calls with this (https://github.com/DotNetAnalyzers/StyleCopAnalyzers/blob/master/documentation/SA1101.md) [D:\leaveblackgithub\DDNCadAddins\src\DDNCadAddins\DDNCadAddins\DDNCadAddins.csproj]
D:\leaveblackgithub\DDNCadAddins\src\DDNCadAddins\DDNCadAddins\Commands\TestRunner.cs(173,17): warning SA1503: Braces should not be omitted (https://github.com/DotNetAnalyzers/StyleCopAnalyzers/blob/master/documentation/SA1503.md) [D:\leaveblackgithub\DDNCadAddins\src\DDNCadAddins\DDNCadAddins\DDNCadAddins.csproj]
D:\leaveblackgithub\DDNCadAddins\src\DDNCadAddins\DDNCadAddins\Commands\FindXClippedBlocksCommand.cs(75,17): warning SA1101: Prefix local calls with this (https://github.com/DotNetAnalyzers/StyleCopAnalyzers/blob/master/documentation/SA1101.md) [D:\leaveblackgithub\DDNCadAddins\src\DDNCadAddins\DDNCadAddins\DDNCadAddins.csproj]
D:\leaveblackgithub\DDNCadAddins\src\DDNCadAddins\DDNCadAddins\Commands\FindXClippedBlocksCommand.cs(80,13): warning SA1101: Prefix local calls with this (https://github.com/DotNetAnalyzers/StyleCopAnalyzers/blob/master/documentation/SA1101.md) [D:\leaveblackgithub\DDNCadAddins\src\DDNCadAddins\DDNCadAddins\DDNCadAddins.csproj]
D:\leaveblackgithub\DDNCadAddins\src\DDNCadAddins\DDNCadAddins\Commands\FindXClippedBlocksCommand.cs(82,42): warning SA1101: Prefix local calls with this (https://github.com/DotNetAnalyzers/StyleCopAnalyzers/blob/master/documentation/SA1101.md) [D:\leaveblackgithub\DDNCadAddins\src\DDNCadAddins\DDNCadAddins\DDNCadAddins.csproj]
D:\leaveblackgithub\DDNCadAddins\src\DDNCadAddins\DDNCadAddins\Commands\FindXClippedBlocksCommand.cs(84,17): warning SA1101: Prefix local calls with this (https://github.com/DotNetAnalyzers/StyleCopAnalyzers/blob/master/documentation/SA1101.md) [D:\leaveblackgithub\DDNCadAddins\src\DDNCadAddins\DDNCadAddins\DDNCadAddins.csproj]
D:\leaveblackgithub\DDNCadAddins\src\DDNCadAddins\DDNCadAddins\Commands\TestRunner.cs(172,18): warning SA1101: Prefix local calls with this (https://github.com/DotNetAnalyzers/StyleCopAnalyzers/blob/master/documentation/SA1101.md) [D:\leaveblackgithub\DDNCadAddins\src\DDNCadAddins\DDNCadAddins\DDNCadAddins.csproj]
D:\leaveblackgithub\DDNCadAddins\src\DDNCadAddins\DDNCadAddins\Commands\TestRunner.cs(175,13): warning SA1101: Prefix local calls with this (https://github.com/DotNetAnalyzers/StyleCopAnalyzers/blob/master/documentation/SA1101.md) [D:\leaveblackgithub\DDNCadAddins\src\DDNCadAddins\DDNCadAddins\DDNCadAddins.csproj]
D:\leaveblackgithub\DDNCadAddins\src\DDNCadAddins\DDNCadAddins\Commands\XClipTest\TestCommandBase.cs(49,25): warning SA1101: Prefix local calls with this (https://github.com/DotNetAnalyzers/StyleCopAnalyzers/blob/master/documentation/SA1101.md) [D:\leaveblackgithub\DDNCadAddins\src\DDNCadAddins\DDNCadAddins\DDNCadAddins.csproj]
D:\leaveblackgithub\DDNCadAddins\src\DDNCadAddins\DDNCadAddins\Commands\CommandBase.cs(89,13): warning CA1031: 请修改“Execute”以捕获更具体的允许异常类型，或者重新抛出该异常 (https://docs.microsoft.com/dotnet/fundamentals/code-analysis/quality-rules/ca1031) [D:\leaveblackgithub\DDNCadAddins\src\DDNCadAddins\DDNCadAddins\DDNCadAddins.csproj]
D:\leaveblackgithub\DDNCadAddins\src\DDNCadAddins\DDNCadAddins\Commands\IsolateXClippedBlocksCommand.cs(63,23): warning SA1101: Prefix local calls with this (https://github.com/DotNetAnalyzers/StyleCopAnalyzers/blob/master/documentation/SA1101.md) [D:\leaveblackgithub\DDNCadAddins\src\DDNCadAddins\DDNCadAddins\DDNCadAddins.csproj]
D:\leaveblackgithub\DDNCadAddins\src\DDNCadAddins\DDNCadAddins\Commands\IsolateXClippedBlocksCommand.cs(66,13): warning SA1101: Prefix local calls with this (https://github.com/DotNetAnalyzers/StyleCopAnalyzers/blob/master/documentation/SA1101.md) [D:\leaveblackgithub\DDNCadAddins\src\DDNCadAddins\DDNCadAddins\DDNCadAddins.csproj]
D:\leaveblackgithub\DDNCadAddins\src\DDNCadAddins\DDNCadAddins\Commands\IsolateXClippedBlocksCommand.cs(68,26): warning SA1101: Prefix local calls with this (https://github.com/DotNetAnalyzers/StyleCopAnalyzers/blob/master/documentation/SA1101.md) [D:\leaveblackgithub\DDNCadAddins\src\DDNCadAddins\DDNCadAddins\DDNCadAddins.csproj]
D:\leaveblackgithub\DDNCadAddins\src\DDNCadAddins\DDNCadAddins\Commands\IsolateXClippedBlocksCommand.cs(72,17): warning SA1101: Prefix local calls with this (https://github.com/DotNetAnalyzers/StyleCopAnalyzers/blob/master/documentation/SA1101.md) [D:\leaveblackgithub\DDNCadAddins\src\DDNCadAddins\DDNCadAddins\DDNCadAddins.csproj]
D:\leaveblackgithub\DDNCadAddins\src\DDNCadAddins\DDNCadAddins\Commands\IsolateXClippedBlocksCommand.cs(78,17): warning SA1101: Prefix local calls with this (https://github.com/DotNetAnalyzers/StyleCopAnalyzers/blob/master/documentation/SA1101.md) [D:\leaveblackgithub\DDNCadAddins\src\DDNCadAddins\DDNCadAddins\DDNCadAddins.csproj]
D:\leaveblackgithub\DDNCadAddins\src\DDNCadAddins\DDNCadAddins\Commands\IsolateXClippedBlocksCommand.cs(83,13): warning SA1101: Prefix local calls with this (https://github.com/DotNetAnalyzers/StyleCopAnalyzers/blob/master/documentation/SA1101.md) [D:\leaveblackgithub\DDNCadAddins\src\DDNCadAddins\DDNCadAddins\DDNCadAddins.csproj]
D:\leaveblackgithub\DDNCadAddins\src\DDNCadAddins\DDNCadAddins\Commands\XClipTest\TestCommandBase.cs(62,25): warning SA1101: Prefix local calls with this (https://github.com/DotNetAnalyzers/StyleCopAnalyzers/blob/master/documentation/SA1101.md) [D:\leaveblackgithub\DDNCadAddins\src\DDNCadAddins\DDNCadAddins\DDNCadAddins.csproj]
D:\leaveblackgithub\DDNCadAddins\src\DDNCadAddins\DDNCadAddins\Commands\IsolateXClippedBlocksCommand.cs(87,33): warning SA1101: Prefix local calls with this (https://github.com/DotNetAnalyzers/StyleCopAnalyzers/blob/master/documentation/SA1101.md) [D:\leaveblackgithub\DDNCadAddins\src\DDNCadAddins\DDNCadAddins\DDNCadAddins.csproj]
D:\leaveblackgithub\DDNCadAddins\src\DDNCadAddins\DDNCadAddins\Commands\IsolateXClippedBlocksCommand.cs(91,17): warning SA1101: Prefix local calls with this (https://github.com/DotNetAnalyzers/StyleCopAnalyzers/blob/master/documentation/SA1101.md) [D:\leaveblackgithub\DDNCadAddins\src\DDNCadAddins\DDNCadAddins\DDNCadAddins.csproj]
D:\leaveblackgithub\DDNCadAddins\src\DDNCadAddins\DDNCadAddins\Commands\IsolateXClippedBlocksCommand.cs(95,17): warning SA1101: Prefix local calls with this (https://github.com/DotNetAnalyzers/StyleCopAnalyzers/blob/master/documentation/SA1101.md) [D:\leaveblackgithub\DDNCadAddins\src\DDNCadAddins\DDNCadAddins\DDNCadAddins.csproj]
D:\leaveblackgithub\DDNCadAddins\src\DDNCadAddins\DDNCadAddins\Commands\CommandBase.cs(113,20): warning SA1101: Prefix local calls with this (https://github.com/DotNetAnalyzers/StyleCopAnalyzers/blob/master/documentation/SA1101.md) [D:\leaveblackgithub\DDNCadAddins\src\DDNCadAddins\DDNCadAddins\DDNCadAddins.csproj]
D:\leaveblackgithub\DDNCadAddins\src\DDNCadAddins\DDNCadAddins\Commands\TestRunner.cs(76,1): warning SA1028: Code should not contain trailing whitespace (https://github.com/DotNetAnalyzers/StyleCopAnalyzers/blob/master/documentation/SA1028.md) [D:\leaveblackgithub\DDNCadAddins\src\DDNCadAddins\DDNCadAddins\DDNCadAddins.csproj]
D:\leaveblackgithub\DDNCadAddins\src\DDNCadAddins\DDNCadAddins\Commands\TestRunner.cs(83,1): warning SA1028: Code should not contain trailing whitespace (https://github.com/DotNetAnalyzers/StyleCopAnalyzers/blob/master/documentation/SA1028.md) [D:\leaveblackgithub\DDNCadAddins\src\DDNCadAddins\DDNCadAddins\DDNCadAddins.csproj]
D:\leaveblackgithub\DDNCadAddins\src\DDNCadAddins\DDNCadAddins\Commands\TestRunner.cs(86,1): warning SA1028: Code should not contain trailing whitespace (https://github.com/DotNetAnalyzers/StyleCopAnalyzers/blob/master/documentation/SA1028.md) [D:\leaveblackgithub\DDNCadAddins\src\DDNCadAddins\DDNCadAddins\DDNCadAddins.csproj]
D:\leaveblackgithub\DDNCadAddins\src\DDNCadAddins\DDNCadAddins\Commands\TestRunner.cs(134,1): warning SA1028: Code should not contain trailing whitespace (https://github.com/DotNetAnalyzers/StyleCopAnalyzers/blob/master/documentation/SA1028.md) [D:\leaveblackgithub\DDNCadAddins\src\DDNCadAddins\DDNCadAddins\DDNCadAddins.csproj]
D:\leaveblackgithub\DDNCadAddins\src\DDNCadAddins\DDNCadAddins\Commands\TestRunner.cs(144,1): warning SA1028: Code should not contain trailing whitespace (https://github.com/DotNetAnalyzers/StyleCopAnalyzers/blob/master/documentation/SA1028.md) [D:\leaveblackgithub\DDNCadAddins\src\DDNCadAddins\DDNCadAddins\DDNCadAddins.csproj]
D:\leaveblackgithub\DDNCadAddins\src\DDNCadAddins\DDNCadAddins\Commands\TestRunner.cs(159,1): warning SA1028: Code should not contain trailing whitespace (https://github.com/DotNetAnalyzers/StyleCopAnalyzers/blob/master/documentation/SA1028.md) [D:\leaveblackgithub\DDNCadAddins\src\DDNCadAddins\DDNCadAddins\DDNCadAddins.csproj]
D:\leaveblackgithub\DDNCadAddins\src\DDNCadAddins\DDNCadAddins\Commands\TestRunner.cs(167,1): warning SA1028: Code should not contain trailing whitespace (https://github.com/DotNetAnalyzers/StyleCopAnalyzers/blob/master/documentation/SA1028.md) [D:\leaveblackgithub\DDNCadAddins\src\DDNCadAddins\DDNCadAddins\DDNCadAddins.csproj]
D:\leaveblackgithub\DDNCadAddins\src\DDNCadAddins\DDNCadAddins\Commands\TestRunner.cs(174,1): warning SA1028: Code should not contain trailing whitespace (https://github.com/DotNetAnalyzers/StyleCopAnalyzers/blob/master/documentation/SA1028.md) [D:\leaveblackgithub\DDNCadAddins\src\DDNCadAddins\DDNCadAddins\DDNCadAddins.csproj]
D:\leaveblackgithub\DDNCadAddins\src\DDNCadAddins\DDNCadAddins\Commands\TestRunner.cs(177,1): warning SA1028: Code should not contain trailing whitespace (https://github.com/DotNetAnalyzers/StyleCopAnalyzers/blob/master/documentation/SA1028.md) [D:\leaveblackgithub\DDNCadAddins\src\DDNCadAddins\DDNCadAddins\DDNCadAddins.csproj]
D:\leaveblackgithub\DDNCadAddins\src\DDNCadAddins\DDNCadAddins\Commands\TestRunner.cs(185,1): warning SA1028: Code should not contain trailing whitespace (https://github.com/DotNetAnalyzers/StyleCopAnalyzers/blob/master/documentation/SA1028.md) [D:\leaveblackgithub\DDNCadAddins\src\DDNCadAddins\DDNCadAddins\DDNCadAddins.csproj]
D:\leaveblackgithub\DDNCadAddins\src\DDNCadAddins\DDNCadAddins\Commands\TestRunner.cs(192,1): warning SA1028: Code should not contain trailing whitespace (https://github.com/DotNetAnalyzers/StyleCopAnalyzers/blob/master/documentation/SA1028.md) [D:\leaveblackgithub\DDNCadAddins\src\DDNCadAddins\DDNCadAddins\DDNCadAddins.csproj]
D:\leaveblackgithub\DDNCadAddins\src\DDNCadAddins\DDNCadAddins\Commands\TestRunner.cs(195,1): warning SA1028: Code should not contain trailing whitespace (https://github.com/DotNetAnalyzers/StyleCopAnalyzers/blob/master/documentation/SA1028.md) [D:\leaveblackgithub\DDNCadAddins\src\DDNCadAddins\DDNCadAddins\DDNCadAddins.csproj]
D:\leaveblackgithub\DDNCadAddins\src\DDNCadAddins\DDNCadAddins\Commands\TestRunner.cs(198,1): warning SA1028: Code should not contain trailing whitespace (https://github.com/DotNetAnalyzers/StyleCopAnalyzers/blob/master/documentation/SA1028.md) [D:\leaveblackgithub\DDNCadAddins\src\DDNCadAddins\DDNCadAddins\DDNCadAddins.csproj]
D:\leaveblackgithub\DDNCadAddins\src\DDNCadAddins\DDNCadAddins\Commands\TestRunner.cs(201,1): warning SA1028: Code should not contain trailing whitespace (https://github.com/DotNetAnalyzers/StyleCopAnalyzers/blob/master/documentation/SA1028.md) [D:\leaveblackgithub\DDNCadAddins\src\DDNCadAddins\DDNCadAddins\DDNCadAddins.csproj]
D:\leaveblackgithub\DDNCadAddins\src\DDNCadAddins\DDNCadAddins\Commands\TestRunner.cs(205,1): warning SA1028: Code should not contain trailing whitespace (https://github.com/DotNetAnalyzers/StyleCopAnalyzers/blob/master/documentation/SA1028.md) [D:\leaveblackgithub\DDNCadAddins\src\DDNCadAddins\DDNCadAddins\DDNCadAddins.csproj]
D:\leaveblackgithub\DDNCadAddins\src\DDNCadAddins\DDNCadAddins\Commands\TestRunner.cs(208,1): warning SA1028: Code should not contain trailing whitespace (https://github.com/DotNetAnalyzers/StyleCopAnalyzers/blob/master/documentation/SA1028.md) [D:\leaveblackgithub\DDNCadAddins\src\DDNCadAddins\DDNCadAddins\DDNCadAddins.csproj]
D:\leaveblackgithub\DDNCadAddins\src\DDNCadAddins\DDNCadAddins\Commands\TestRunner.cs(225,1): warning SA1028: Code should not contain trailing whitespace (https://github.com/DotNetAnalyzers/StyleCopAnalyzers/blob/master/documentation/SA1028.md) [D:\leaveblackgithub\DDNCadAddins\src\DDNCadAddins\DDNCadAddins\DDNCadAddins.csproj]
D:\leaveblackgithub\DDNCadAddins\src\DDNCadAddins\DDNCadAddins\Commands\TestRunner.cs(232,1): warning SA1028: Code should not contain trailing whitespace (https://github.com/DotNetAnalyzers/StyleCopAnalyzers/blob/master/documentation/SA1028.md) [D:\leaveblackgithub\DDNCadAddins\src\DDNCadAddins\DDNCadAddins\DDNCadAddins.csproj]
D:\leaveblackgithub\DDNCadAddins\src\DDNCadAddins\DDNCadAddins\Commands\TestRunner.cs(240,1): warning SA1028: Code should not contain trailing whitespace (https://github.com/DotNetAnalyzers/StyleCopAnalyzers/blob/master/documentation/SA1028.md) [D:\leaveblackgithub\DDNCadAddins\src\DDNCadAddins\DDNCadAddins\DDNCadAddins.csproj]
D:\leaveblackgithub\DDNCadAddins\src\DDNCadAddins\DDNCadAddins\Commands\TestRunner.cs(248,1): warning SA1028: Code should not contain trailing whitespace (https://github.com/DotNetAnalyzers/StyleCopAnalyzers/blob/master/documentation/SA1028.md) [D:\leaveblackgithub\DDNCadAddins\src\DDNCadAddins\DDNCadAddins\DDNCadAddins.csproj]
D:\leaveblackgithub\DDNCadAddins\src\DDNCadAddins\DDNCadAddins\Commands\TestRunner.cs(254,1): warning SA1028: Code should not contain trailing whitespace (https://github.com/DotNetAnalyzers/StyleCopAnalyzers/blob/master/documentation/SA1028.md) [D:\leaveblackgithub\DDNCadAddins\src\DDNCadAddins\DDNCadAddins\DDNCadAddins.csproj]
D:\leaveblackgithub\DDNCadAddins\src\DDNCadAddins\DDNCadAddins\Commands\TestRunner.cs(259,1): warning SA1028: Code should not contain trailing whitespace (https://github.com/DotNetAnalyzers/StyleCopAnalyzers/blob/master/documentation/SA1028.md) [D:\leaveblackgithub\DDNCadAddins\src\DDNCadAddins\DDNCadAddins\DDNCadAddins.csproj]
D:\leaveblackgithub\DDNCadAddins\src\DDNCadAddins\DDNCadAddins\Commands\TestRunner.cs(262,1): warning SA1028: Code should not contain trailing whitespace (https://github.com/DotNetAnalyzers/StyleCopAnalyzers/blob/master/documentation/SA1028.md) [D:\leaveblackgithub\DDNCadAddins\src\DDNCadAddins\DDNCadAddins\DDNCadAddins.csproj]
D:\leaveblackgithub\DDNCadAddins\src\DDNCadAddins\DDNCadAddins\Commands\TestRunner.cs(268,1): warning SA1028: Code should not contain trailing whitespace (https://github.com/DotNetAnalyzers/StyleCopAnalyzers/blob/master/documentation/SA1028.md) [D:\leaveblackgithub\DDNCadAddins\src\DDNCadAddins\DDNCadAddins\DDNCadAddins.csproj]
D:\leaveblackgithub\DDNCadAddins\src\DDNCadAddins\DDNCadAddins\Commands\TestRunner.cs(274,1): warning SA1028: Code should not contain trailing whitespace (https://github.com/DotNetAnalyzers/StyleCopAnalyzers/blob/master/documentation/SA1028.md) [D:\leaveblackgithub\DDNCadAddins\src\DDNCadAddins\DDNCadAddins\DDNCadAddins.csproj]
D:\leaveblackgithub\DDNCadAddins\src\DDNCadAddins\DDNCadAddins\Commands\TestRunner.cs(291,1): warning SA1028: Code should not contain trailing whitespace (https://github.com/DotNetAnalyzers/StyleCopAnalyzers/blob/master/documentation/SA1028.md) [D:\leaveblackgithub\DDNCadAddins\src\DDNCadAddins\DDNCadAddins\DDNCadAddins.csproj]
D:\leaveblackgithub\DDNCadAddins\src\DDNCadAddins\DDNCadAddins\Commands\TestRunner.cs(298,1): warning SA1028: Code should not contain trailing whitespace (https://github.com/DotNetAnalyzers/StyleCopAnalyzers/blob/master/documentation/SA1028.md) [D:\leaveblackgithub\DDNCadAddins\src\DDNCadAddins\DDNCadAddins\DDNCadAddins.csproj]
D:\leaveblackgithub\DDNCadAddins\src\DDNCadAddins\DDNCadAddins\Commands\TestRunner.cs(301,1): warning SA1028: Code should not contain trailing whitespace (https://github.com/DotNetAnalyzers/StyleCopAnalyzers/blob/master/documentation/SA1028.md) [D:\leaveblackgithub\DDNCadAddins\src\DDNCadAddins\DDNCadAddins\DDNCadAddins.csproj]
D:\leaveblackgithub\DDNCadAddins\src\DDNCadAddins\DDNCadAddins\Commands\TestRunner.cs(304,1): warning SA1028: Code should not contain trailing whitespace (https://github.com/DotNetAnalyzers/StyleCopAnalyzers/blob/master/documentation/SA1028.md) [D:\leaveblackgithub\DDNCadAddins\src\DDNCadAddins\DDNCadAddins\DDNCadAddins.csproj]
D:\leaveblackgithub\DDNCadAddins\src\DDNCadAddins\DDNCadAddins\Commands\TestRunner.cs(307,1): warning SA1028: Code should not contain trailing whitespace (https://github.com/DotNetAnalyzers/StyleCopAnalyzers/blob/master/documentation/SA1028.md) [D:\leaveblackgithub\DDNCadAddins\src\DDNCadAddins\DDNCadAddins\DDNCadAddins.csproj]
D:\leaveblackgithub\DDNCadAddins\src\DDNCadAddins\DDNCadAddins\Commands\TestRunner.cs(312,1): warning SA1028: Code should not contain trailing whitespace (https://github.com/DotNetAnalyzers/StyleCopAnalyzers/blob/master/documentation/SA1028.md) [D:\leaveblackgithub\DDNCadAddins\src\DDNCadAddins\DDNCadAddins\DDNCadAddins.csproj]
D:\leaveblackgithub\DDNCadAddins\src\DDNCadAddins\DDNCadAddins\Commands\TestRunner.cs(318,1): warning SA1028: Code should not contain trailing whitespace (https://github.com/DotNetAnalyzers/StyleCopAnalyzers/blob/master/documentation/SA1028.md) [D:\leaveblackgithub\DDNCadAddins\src\DDNCadAddins\DDNCadAddins\DDNCadAddins.csproj]
D:\leaveblackgithub\DDNCadAddins\src\DDNCadAddins\DDNCadAddins\Commands\TestRunner.cs(321,1): warning SA1028: Code should not contain trailing whitespace (https://github.com/DotNetAnalyzers/StyleCopAnalyzers/blob/master/documentation/SA1028.md) [D:\leaveblackgithub\DDNCadAddins\src\DDNCadAddins\DDNCadAddins\DDNCadAddins.csproj]
D:\leaveblackgithub\DDNCadAddins\src\DDNCadAddins\DDNCadAddins\Commands\TestRunner.cs(325,1): warning SA1028: Code should not contain trailing whitespace (https://github.com/DotNetAnalyzers/StyleCopAnalyzers/blob/master/documentation/SA1028.md) [D:\leaveblackgithub\DDNCadAddins\src\DDNCadAddins\DDNCadAddins\DDNCadAddins.csproj]
D:\leaveblackgithub\DDNCadAddins\src\DDNCadAddins\DDNCadAddins\Commands\TestRunner.cs(336,1): warning SA1028: Code should not contain trailing whitespace (https://github.com/DotNetAnalyzers/StyleCopAnalyzers/blob/master/documentation/SA1028.md) [D:\leaveblackgithub\DDNCadAddins\src\DDNCadAddins\DDNCadAddins\DDNCadAddins.csproj]
D:\leaveblackgithub\DDNCadAddins\src\DDNCadAddins\DDNCadAddins\Commands\TestRunner.cs(339,51): warning SA1028: Code should not contain trailing whitespace (https://github.com/DotNetAnalyzers/StyleCopAnalyzers/blob/master/documentation/SA1028.md) [D:\leaveblackgithub\DDNCadAddins\src\DDNCadAddins\DDNCadAddins\DDNCadAddins.csproj]
D:\leaveblackgithub\DDNCadAddins\src\DDNCadAddins\DDNCadAddins\Commands\TestRunner.cs(340,91): warning SA1028: Code should not contain trailing whitespace (https://github.com/DotNetAnalyzers/StyleCopAnalyzers/blob/master/documentation/SA1028.md) [D:\leaveblackgithub\DDNCadAddins\src\DDNCadAddins\DDNCadAddins\DDNCadAddins.csproj]
D:\leaveblackgithub\DDNCadAddins\src\DDNCadAddins\DDNCadAddins\Commands\TestRunner.cs(342,1): warning SA1028: Code should not contain trailing whitespace (https://github.com/DotNetAnalyzers/StyleCopAnalyzers/blob/master/documentation/SA1028.md) [D:\leaveblackgithub\DDNCadAddins\src\DDNCadAddins\DDNCadAddins\DDNCadAddins.csproj]
D:\leaveblackgithub\DDNCadAddins\src\DDNCadAddins\DDNCadAddins\Commands\TestRunner.cs(359,1): warning SA1028: Code should not contain trailing whitespace (https://github.com/DotNetAnalyzers/StyleCopAnalyzers/blob/master/documentation/SA1028.md) [D:\leaveblackgithub\DDNCadAddins\src\DDNCadAddins\DDNCadAddins\DDNCadAddins.csproj]
D:\leaveblackgithub\DDNCadAddins\src\DDNCadAddins\DDNCadAddins\Commands\TestRunner.cs(362,1): warning SA1028: Code should not contain trailing whitespace (https://github.com/DotNetAnalyzers/StyleCopAnalyzers/blob/master/documentation/SA1028.md) [D:\leaveblackgithub\DDNCadAddins\src\DDNCadAddins\DDNCadAddins\DDNCadAddins.csproj]
D:\leaveblackgithub\DDNCadAddins\src\DDNCadAddins\DDNCadAddins\Commands\TestRunner.cs(377,1): warning SA1028: Code should not contain trailing whitespace (https://github.com/DotNetAnalyzers/StyleCopAnalyzers/blob/master/documentation/SA1028.md) [D:\leaveblackgithub\DDNCadAddins\src\DDNCadAddins\DDNCadAddins\DDNCadAddins.csproj]
D:\leaveblackgithub\DDNCadAddins\src\DDNCadAddins\DDNCadAddins\Commands\TestRunner.cs(380,1): warning SA1028: Code should not contain trailing whitespace (https://github.com/DotNetAnalyzers/StyleCopAnalyzers/blob/master/documentation/SA1028.md) [D:\leaveblackgithub\DDNCadAddins\src\DDNCadAddins\DDNCadAddins\DDNCadAddins.csproj]
D:\leaveblackgithub\DDNCadAddins\src\DDNCadAddins\DDNCadAddins\Commands\TestRunner.cs(394,1): warning SA1028: Code should not contain trailing whitespace (https://github.com/DotNetAnalyzers/StyleCopAnalyzers/blob/master/documentation/SA1028.md) [D:\leaveblackgithub\DDNCadAddins\src\DDNCadAddins\DDNCadAddins\DDNCadAddins.csproj]
D:\leaveblackgithub\DDNCadAddins\src\DDNCadAddins\DDNCadAddins\Commands\TestRunner.cs(401,1): warning SA1028: Code should not contain trailing whitespace (https://github.com/DotNetAnalyzers/StyleCopAnalyzers/blob/master/documentation/SA1028.md) [D:\leaveblackgithub\DDNCadAddins\src\DDNCadAddins\DDNCadAddins\DDNCadAddins.csproj]
D:\leaveblackgithub\DDNCadAddins\src\DDNCadAddins\DDNCadAddins\Commands\TestRunner.cs(407,1): warning SA1028: Code should not contain trailing whitespace (https://github.com/DotNetAnalyzers/StyleCopAnalyzers/blob/master/documentation/SA1028.md) [D:\leaveblackgithub\DDNCadAddins\src\DDNCadAddins\DDNCadAddins\DDNCadAddins.csproj]
D:\leaveblackgithub\DDNCadAddins\src\DDNCadAddins\DDNCadAddins\Commands\TestRunner.cs(416,1): warning SA1028: Code should not contain trailing whitespace (https://github.com/DotNetAnalyzers/StyleCopAnalyzers/blob/master/documentation/SA1028.md) [D:\leaveblackgithub\DDNCadAddins\src\DDNCadAddins\DDNCadAddins\DDNCadAddins.csproj]
D:\leaveblackgithub\DDNCadAddins\src\DDNCadAddins\DDNCadAddins\Commands\TestRunner.cs(421,1): warning SA1028: Code should not contain trailing whitespace (https://github.com/DotNetAnalyzers/StyleCopAnalyzers/blob/master/documentation/SA1028.md) [D:\leaveblackgithub\DDNCadAddins\src\DDNCadAddins\DDNCadAddins\DDNCadAddins.csproj]
D:\leaveblackgithub\DDNCadAddins\src\DDNCadAddins\DDNCadAddins\Commands\TestRunner.cs(425,1): warning SA1028: Code should not contain trailing whitespace (https://github.com/DotNetAnalyzers/StyleCopAnalyzers/blob/master/documentation/SA1028.md) [D:\leaveblackgithub\DDNCadAddins\src\DDNCadAddins\DDNCadAddins\DDNCadAddins.csproj]
D:\leaveblackgithub\DDNCadAddins\src\DDNCadAddins\DDNCadAddins\Commands\TestRunner.cs(438,1): warning SA1028: Code should not contain trailing whitespace (https://github.com/DotNetAnalyzers/StyleCopAnalyzers/blob/master/documentation/SA1028.md) [D:\leaveblackgithub\DDNCadAddins\src\DDNCadAddins\DDNCadAddins\DDNCadAddins.csproj]
D:\leaveblackgithub\DDNCadAddins\src\DDNCadAddins\DDNCadAddins\Commands\TestRunner.cs(447,1): warning SA1028: Code should not contain trailing whitespace (https://github.com/DotNetAnalyzers/StyleCopAnalyzers/blob/master/documentation/SA1028.md) [D:\leaveblackgithub\DDNCadAddins\src\DDNCadAddins\DDNCadAddins\DDNCadAddins.csproj]
D:\leaveblackgithub\DDNCadAddins\src\DDNCadAddins\DDNCadAddins\Commands\TestRunner.cs(450,1): warning SA1028: Code should not contain trailing whitespace (https://github.com/DotNetAnalyzers/StyleCopAnalyzers/blob/master/documentation/SA1028.md) [D:\leaveblackgithub\DDNCadAddins\src\DDNCadAddins\DDNCadAddins\DDNCadAddins.csproj]
D:\leaveblackgithub\DDNCadAddins\src\DDNCadAddins\DDNCadAddins\Commands\TestRunner.cs(452,38): warning SA1028: Code should not contain trailing whitespace (https://github.com/DotNetAnalyzers/StyleCopAnalyzers/blob/master/documentation/SA1028.md) [D:\leaveblackgithub\DDNCadAddins\src\DDNCadAddins\DDNCadAddins\DDNCadAddins.csproj]
D:\leaveblackgithub\DDNCadAddins\src\DDNCadAddins\DDNCadAddins\Commands\TestRunner.cs(459,1): warning SA1028: Code should not contain trailing whitespace (https://github.com/DotNetAnalyzers/StyleCopAnalyzers/blob/master/documentation/SA1028.md) [D:\leaveblackgithub\DDNCadAddins\src\DDNCadAddins\DDNCadAddins\DDNCadAddins.csproj]
D:\leaveblackgithub\DDNCadAddins\src\DDNCadAddins\DDNCadAddins\Commands\TestRunner.cs(462,1): warning SA1028: Code should not contain trailing whitespace (https://github.com/DotNetAnalyzers/StyleCopAnalyzers/blob/master/documentation/SA1028.md) [D:\leaveblackgithub\DDNCadAddins\src\DDNCadAddins\DDNCadAddins\DDNCadAddins.csproj]
D:\leaveblackgithub\DDNCadAddins\src\DDNCadAddins\DDNCadAddins\Commands\TestRunner.cs(472,1): warning SA1028: Code should not contain trailing whitespace (https://github.com/DotNetAnalyzers/StyleCopAnalyzers/blob/master/documentation/SA1028.md) [D:\leaveblackgithub\DDNCadAddins\src\DDNCadAddins\DDNCadAddins\DDNCadAddins.csproj]
D:\leaveblackgithub\DDNCadAddins\src\DDNCadAddins\DDNCadAddins\Commands\TestRunner.cs(480,1): warning SA1028: Code should not contain trailing whitespace (https://github.com/DotNetAnalyzers/StyleCopAnalyzers/blob/master/documentation/SA1028.md) [D:\leaveblackgithub\DDNCadAddins\src\DDNCadAddins\DDNCadAddins\DDNCadAddins.csproj]
D:\leaveblackgithub\DDNCadAddins\src\DDNCadAddins\DDNCadAddins\Commands\TestRunner.cs(484,1): warning SA1028: Code should not contain trailing whitespace (https://github.com/DotNetAnalyzers/StyleCopAnalyzers/blob/master/documentation/SA1028.md) [D:\leaveblackgithub\DDNCadAddins\src\DDNCadAddins\DDNCadAddins\DDNCadAddins.csproj]
D:\leaveblackgithub\DDNCadAddins\src\DDNCadAddins\DDNCadAddins\Commands\TestRunner.cs(491,1): warning SA1028: Code should not contain trailing whitespace (https://github.com/DotNetAnalyzers/StyleCopAnalyzers/blob/master/documentation/SA1028.md) [D:\leaveblackgithub\DDNCadAddins\src\DDNCadAddins\DDNCadAddins\DDNCadAddins.csproj]
D:\leaveblackgithub\DDNCadAddins\src\DDNCadAddins\DDNCadAddins\Commands\TestRunner.cs(499,1): warning SA1028: Code should not contain trailing whitespace (https://github.com/DotNetAnalyzers/StyleCopAnalyzers/blob/master/documentation/SA1028.md) [D:\leaveblackgithub\DDNCadAddins\src\DDNCadAddins\DDNCadAddins\DDNCadAddins.csproj]
D:\leaveblackgithub\DDNCadAddins\src\DDNCadAddins\DDNCadAddins\Commands\TestRunner.cs(501,1): warning SA1028: Code should not contain trailing whitespace (https://github.com/DotNetAnalyzers/StyleCopAnalyzers/blob/master/documentation/SA1028.md) [D:\leaveblackgithub\DDNCadAddins\src\DDNCadAddins\DDNCadAddins\DDNCadAddins.csproj]
D:\leaveblackgithub\DDNCadAddins\src\DDNCadAddins\DDNCadAddins\Commands\TestRunner.cs(507,1): warning SA1028: Code should not contain trailing whitespace (https://github.com/DotNetAnalyzers/StyleCopAnalyzers/blob/master/documentation/SA1028.md) [D:\leaveblackgithub\DDNCadAddins\src\DDNCadAddins\DDNCadAddins\DDNCadAddins.csproj]
D:\leaveblackgithub\DDNCadAddins\src\DDNCadAddins\DDNCadAddins\Commands\TestRunner.cs(522,1): warning SA1028: Code should not contain trailing whitespace (https://github.com/DotNetAnalyzers/StyleCopAnalyzers/blob/master/documentation/SA1028.md) [D:\leaveblackgithub\DDNCadAddins\src\DDNCadAddins\DDNCadAddins\DDNCadAddins.csproj]
D:\leaveblackgithub\DDNCadAddins\src\DDNCadAddins\DDNCadAddins\Commands\TestRunner.cs(527,1): warning SA1028: Code should not contain trailing whitespace (https://github.com/DotNetAnalyzers/StyleCopAnalyzers/blob/master/documentation/SA1028.md) [D:\leaveblackgithub\DDNCadAddins\src\DDNCadAddins\DDNCadAddins\DDNCadAddins.csproj]
D:\leaveblackgithub\DDNCadAddins\src\DDNCadAddins\DDNCadAddins\Commands\TestRunner.cs(542,1): warning SA1028: Code should not contain trailing whitespace (https://github.com/DotNetAnalyzers/StyleCopAnalyzers/blob/master/documentation/SA1028.md) [D:\leaveblackgithub\DDNCadAddins\src\DDNCadAddins\DDNCadAddins\DDNCadAddins.csproj]
D:\leaveblackgithub\DDNCadAddins\src\DDNCadAddins\DDNCadAddins\Commands\TestRunner.cs(545,1): warning SA1028: Code should not contain trailing whitespace (https://github.com/DotNetAnalyzers/StyleCopAnalyzers/blob/master/documentation/SA1028.md) [D:\leaveblackgithub\DDNCadAddins\src\DDNCadAddins\DDNCadAddins\DDNCadAddins.csproj]
D:\leaveblackgithub\DDNCadAddins\src\DDNCadAddins\DDNCadAddins\Commands\TestRunner.cs(551,1): warning SA1028: Code should not contain trailing whitespace (https://github.com/DotNetAnalyzers/StyleCopAnalyzers/blob/master/documentation/SA1028.md) [D:\leaveblackgithub\DDNCadAddins\src\DDNCadAddins\DDNCadAddins\DDNCadAddins.csproj]
D:\leaveblackgithub\DDNCadAddins\src\DDNCadAddins\DDNCadAddins\Commands\TestRunner.cs(554,1): warning SA1028: Code should not contain trailing whitespace (https://github.com/DotNetAnalyzers/StyleCopAnalyzers/blob/master/documentation/SA1028.md) [D:\leaveblackgithub\DDNCadAddins\src\DDNCadAddins\DDNCadAddins\DDNCadAddins.csproj]
D:\leaveblackgithub\DDNCadAddins\src\DDNCadAddins\DDNCadAddins\Commands\TestRunner.cs(561,1): warning SA1028: Code should not contain trailing whitespace (https://github.com/DotNetAnalyzers/StyleCopAnalyzers/blob/master/documentation/SA1028.md) [D:\leaveblackgithub\DDNCadAddins\src\DDNCadAddins\DDNCadAddins\DDNCadAddins.csproj]
D:\leaveblackgithub\DDNCadAddins\src\DDNCadAddins\DDNCadAddins\Commands\TestRunner.cs(565,1): warning SA1028: Code should not contain trailing whitespace (https://github.com/DotNetAnalyzers/StyleCopAnalyzers/blob/master/documentation/SA1028.md) [D:\leaveblackgithub\DDNCadAddins\src\DDNCadAddins\DDNCadAddins\DDNCadAddins.csproj]
D:\leaveblackgithub\DDNCadAddins\src\DDNCadAddins\DDNCadAddins\Commands\TestRunner.cs(567,1): warning SA1028: Code should not contain trailing whitespace (https://github.com/DotNetAnalyzers/StyleCopAnalyzers/blob/master/documentation/SA1028.md) [D:\leaveblackgithub\DDNCadAddins\src\DDNCadAddins\DDNCadAddins\DDNCadAddins.csproj]
D:\leaveblackgithub\DDNCadAddins\src\DDNCadAddins\DDNCadAddins\Commands\TestRunner.cs(573,1): warning SA1028: Code should not contain trailing whitespace (https://github.com/DotNetAnalyzers/StyleCopAnalyzers/blob/master/documentation/SA1028.md) [D:\leaveblackgithub\DDNCadAddins\src\DDNCadAddins\DDNCadAddins\DDNCadAddins.csproj]
D:\leaveblackgithub\DDNCadAddins\src\DDNCadAddins\DDNCadAddins\Commands\TestRunner.cs(577,1): warning SA1028: Code should not contain trailing whitespace (https://github.com/DotNetAnalyzers/StyleCopAnalyzers/blob/master/documentation/SA1028.md) [D:\leaveblackgithub\DDNCadAddins\src\DDNCadAddins\DDNCadAddins\DDNCadAddins.csproj]
D:\leaveblackgithub\DDNCadAddins\src\DDNCadAddins\DDNCadAddins\Commands\TestRunner.cs(580,1): warning SA1028: Code should not contain trailing whitespace (https://github.com/DotNetAnalyzers/StyleCopAnalyzers/blob/master/documentation/SA1028.md) [D:\leaveblackgithub\DDNCadAddins\src\DDNCadAddins\DDNCadAddins\DDNCadAddins.csproj]
D:\leaveblackgithub\DDNCadAddins\src\DDNCadAddins\DDNCadAddins\Commands\TestRunner.cs(587,1): warning SA1028: Code should not contain trailing whitespace (https://github.com/DotNetAnalyzers/StyleCopAnalyzers/blob/master/documentation/SA1028.md) [D:\leaveblackgithub\DDNCadAddins\src\DDNCadAddins\DDNCadAddins\DDNCadAddins.csproj]
D:\leaveblackgithub\DDNCadAddins\src\DDNCadAddins\DDNCadAddins\Commands\TestRunner.cs(590,1): warning SA1028: Code should not contain trailing whitespace (https://github.com/DotNetAnalyzers/StyleCopAnalyzers/blob/master/documentation/SA1028.md) [D:\leaveblackgithub\DDNCadAddins\src\DDNCadAddins\DDNCadAddins\DDNCadAddins.csproj]
D:\leaveblackgithub\DDNCadAddins\src\DDNCadAddins\DDNCadAddins\Commands\TestRunner.cs(594,1): warning SA1028: Code should not contain trailing whitespace (https://github.com/DotNetAnalyzers/StyleCopAnalyzers/blob/master/documentation/SA1028.md) [D:\leaveblackgithub\DDNCadAddins\src\DDNCadAddins\DDNCadAddins\DDNCadAddins.csproj]
D:\leaveblackgithub\DDNCadAddins\src\DDNCadAddins\DDNCadAddins\Commands\TestRunner.cs(597,1): warning SA1028: Code should not contain trailing whitespace (https://github.com/DotNetAnalyzers/StyleCopAnalyzers/blob/master/documentation/SA1028.md) [D:\leaveblackgithub\DDNCadAddins\src\DDNCadAddins\DDNCadAddins\DDNCadAddins.csproj]
D:\leaveblackgithub\DDNCadAddins\src\DDNCadAddins\DDNCadAddins\Commands\TestRunner.cs(605,1): warning SA1028: Code should not contain trailing whitespace (https://github.com/DotNetAnalyzers/StyleCopAnalyzers/blob/master/documentation/SA1028.md) [D:\leaveblackgithub\DDNCadAddins\src\DDNCadAddins\DDNCadAddins\DDNCadAddins.csproj]
D:\leaveblackgithub\DDNCadAddins\src\DDNCadAddins\DDNCadAddins\Commands\TestRunner.cs(614,1): warning SA1028: Code should not contain trailing whitespace (https://github.com/DotNetAnalyzers/StyleCopAnalyzers/blob/master/documentation/SA1028.md) [D:\leaveblackgithub\DDNCadAddins\src\DDNCadAddins\DDNCadAddins\DDNCadAddins.csproj]
D:\leaveblackgithub\DDNCadAddins\src\DDNCadAddins\DDNCadAddins\Commands\TestRunner.cs(617,1): warning SA1028: Code should not contain trailing whitespace (https://github.com/DotNetAnalyzers/StyleCopAnalyzers/blob/master/documentation/SA1028.md) [D:\leaveblackgithub\DDNCadAddins\src\DDNCadAddins\DDNCadAddins\DDNCadAddins.csproj]
D:\leaveblackgithub\DDNCadAddins\src\DDNCadAddins\DDNCadAddins\Commands\TestRunner.cs(621,1): warning SA1028: Code should not contain trailing whitespace (https://github.com/DotNetAnalyzers/StyleCopAnalyzers/blob/master/documentation/SA1028.md) [D:\leaveblackgithub\DDNCadAddins\src\DDNCadAddins\DDNCadAddins\DDNCadAddins.csproj]
D:\leaveblackgithub\DDNCadAddins\src\DDNCadAddins\DDNCadAddins\Commands\TestRunner.cs(624,1): warning SA1028: Code should not contain trailing whitespace (https://github.com/DotNetAnalyzers/StyleCopAnalyzers/blob/master/documentation/SA1028.md) [D:\leaveblackgithub\DDNCadAddins\src\DDNCadAddins\DDNCadAddins\DDNCadAddins.csproj]
D:\leaveblackgithub\DDNCadAddins\src\DDNCadAddins\DDNCadAddins\Commands\TestRunner.cs(627,1): warning SA1028: Code should not contain trailing whitespace (https://github.com/DotNetAnalyzers/StyleCopAnalyzers/blob/master/documentation/SA1028.md) [D:\leaveblackgithub\DDNCadAddins\src\DDNCadAddins\DDNCadAddins\DDNCadAddins.csproj]
D:\leaveblackgithub\DDNCadAddins\src\DDNCadAddins\DDNCadAddins\Commands\TestRunner.cs(633,1): warning SA1028: Code should not contain trailing whitespace (https://github.com/DotNetAnalyzers/StyleCopAnalyzers/blob/master/documentation/SA1028.md) [D:\leaveblackgithub\DDNCadAddins\src\DDNCadAddins\DDNCadAddins\DDNCadAddins.csproj]
D:\leaveblackgithub\DDNCadAddins\src\DDNCadAddins\DDNCadAddins\Commands\TestRunner.cs(638,1): warning SA1028: Code should not contain trailing whitespace (https://github.com/DotNetAnalyzers/StyleCopAnalyzers/blob/master/documentation/SA1028.md) [D:\leaveblackgithub\DDNCadAddins\src\DDNCadAddins\DDNCadAddins\DDNCadAddins.csproj]
D:\leaveblackgithub\DDNCadAddins\src\DDNCadAddins\DDNCadAddins\Commands\TestRunner.cs(644,1): warning SA1028: Code should not contain trailing whitespace (https://github.com/DotNetAnalyzers/StyleCopAnalyzers/blob/master/documentation/SA1028.md) [D:\leaveblackgithub\DDNCadAddins\src\DDNCadAddins\DDNCadAddins\DDNCadAddins.csproj]
D:\leaveblackgithub\DDNCadAddins\src\DDNCadAddins\DDNCadAddins\Commands\TestRunner.cs(654,1): warning SA1028: Code should not contain trailing whitespace (https://github.com/DotNetAnalyzers/StyleCopAnalyzers/blob/master/documentation/SA1028.md) [D:\leaveblackgithub\DDNCadAddins\src\DDNCadAddins\DDNCadAddins\DDNCadAddins.csproj]
D:\leaveblackgithub\DDNCadAddins\src\DDNCadAddins\DDNCadAddins\Commands\TestRunner.cs(659,1): warning SA1028: Code should not contain trailing whitespace (https://github.com/DotNetAnalyzers/StyleCopAnalyzers/blob/master/documentation/SA1028.md) [D:\leaveblackgithub\DDNCadAddins\src\DDNCadAddins\DDNCadAddins\DDNCadAddins.csproj]
D:\leaveblackgithub\DDNCadAddins\src\DDNCadAddins\DDNCadAddins\Commands\TestRunner.cs(669,1): warning SA1028: Code should not contain trailing whitespace (https://github.com/DotNetAnalyzers/StyleCopAnalyzers/blob/master/documentation/SA1028.md) [D:\leaveblackgithub\DDNCadAddins\src\DDNCadAddins\DDNCadAddins\DDNCadAddins.csproj]
D:\leaveblackgithub\DDNCadAddins\src\DDNCadAddins\DDNCadAddins\Commands\TestRunner.cs(678,1): warning SA1028: Code should not contain trailing whitespace (https://github.com/DotNetAnalyzers/StyleCopAnalyzers/blob/master/documentation/SA1028.md) [D:\leaveblackgithub\DDNCadAddins\src\DDNCadAddins\DDNCadAddins\DDNCadAddins.csproj]
D:\leaveblackgithub\DDNCadAddins\src\DDNCadAddins\DDNCadAddins\Commands\TestRunner.cs(684,1): warning SA1028: Code should not contain trailing whitespace (https://github.com/DotNetAnalyzers/StyleCopAnalyzers/blob/master/documentation/SA1028.md) [D:\leaveblackgithub\DDNCadAddins\src\DDNCadAddins\DDNCadAddins\DDNCadAddins.csproj]
D:\leaveblackgithub\DDNCadAddins\src\DDNCadAddins\DDNCadAddins\Commands\TestRunner.cs(689,1): warning SA1028: Code should not contain trailing whitespace (https://github.com/DotNetAnalyzers/StyleCopAnalyzers/blob/master/documentation/SA1028.md) [D:\leaveblackgithub\DDNCadAddins\src\DDNCadAddins\DDNCadAddins\DDNCadAddins.csproj]
D:\leaveblackgithub\DDNCadAddins\src\DDNCadAddins\DDNCadAddins\Commands\TestRunner.cs(694,1): warning SA1028: Code should not contain trailing whitespace (https://github.com/DotNetAnalyzers/StyleCopAnalyzers/blob/master/documentation/SA1028.md) [D:\leaveblackgithub\DDNCadAddins\src\DDNCadAddins\DDNCadAddins\DDNCadAddins.csproj]
D:\leaveblackgithub\DDNCadAddins\src\DDNCadAddins\DDNCadAddins\Commands\TestRunner.cs(699,1): warning SA1028: Code should not contain trailing whitespace (https://github.com/DotNetAnalyzers/StyleCopAnalyzers/blob/master/documentation/SA1028.md) [D:\leaveblackgithub\DDNCadAddins\src\DDNCadAddins\DDNCadAddins\DDNCadAddins.csproj]
D:\leaveblackgithub\DDNCadAddins\src\DDNCadAddins\DDNCadAddins\Commands\TestRunner.cs(706,1): warning SA1028: Code should not contain trailing whitespace (https://github.com/DotNetAnalyzers/StyleCopAnalyzers/blob/master/documentation/SA1028.md) [D:\leaveblackgithub\DDNCadAddins\src\DDNCadAddins\DDNCadAddins\DDNCadAddins.csproj]
D:\leaveblackgithub\DDNCadAddins\src\DDNCadAddins\DDNCadAddins\Commands\TestRunner.cs(715,1): warning SA1028: Code should not contain trailing whitespace (https://github.com/DotNetAnalyzers/StyleCopAnalyzers/blob/master/documentation/SA1028.md) [D:\leaveblackgithub\DDNCadAddins\src\DDNCadAddins\DDNCadAddins\DDNCadAddins.csproj]
D:\leaveblackgithub\DDNCadAddins\src\DDNCadAddins\DDNCadAddins\Commands\TestRunner.cs(718,1): warning SA1028: Code should not contain trailing whitespace (https://github.com/DotNetAnalyzers/StyleCopAnalyzers/blob/master/documentation/SA1028.md) [D:\leaveblackgithub\DDNCadAddins\src\DDNCadAddins\DDNCadAddins\DDNCadAddins.csproj]
D:\leaveblackgithub\DDNCadAddins\src\DDNCadAddins\DDNCadAddins\Commands\TestRunner.cs(723,1): warning SA1028: Code should not contain trailing whitespace (https://github.com/DotNetAnalyzers/StyleCopAnalyzers/blob/master/documentation/SA1028.md) [D:\leaveblackgithub\DDNCadAddins\src\DDNCadAddins\DDNCadAddins\DDNCadAddins.csproj]
D:\leaveblackgithub\DDNCadAddins\src\DDNCadAddins\DDNCadAddins\Commands\TestRunner.cs(733,1): warning SA1028: Code should not contain trailing whitespace (https://github.com/DotNetAnalyzers/StyleCopAnalyzers/blob/master/documentation/SA1028.md) [D:\leaveblackgithub\DDNCadAddins\src\DDNCadAddins\DDNCadAddins\DDNCadAddins.csproj]
D:\leaveblackgithub\DDNCadAddins\src\DDNCadAddins\DDNCadAddins\Commands\TestRunner.cs(739,1): warning SA1028: Code should not contain trailing whitespace (https://github.com/DotNetAnalyzers/StyleCopAnalyzers/blob/master/documentation/SA1028.md) [D:\leaveblackgithub\DDNCadAddins\src\DDNCadAddins\DDNCadAddins\DDNCadAddins.csproj]
D:\leaveblackgithub\DDNCadAddins\src\DDNCadAddins\DDNCadAddins\Commands\TestRunner.cs(745,1): warning SA1028: Code should not contain trailing whitespace (https://github.com/DotNetAnalyzers/StyleCopAnalyzers/blob/master/documentation/SA1028.md) [D:\leaveblackgithub\DDNCadAddins\src\DDNCadAddins\DDNCadAddins\DDNCadAddins.csproj]
D:\leaveblackgithub\DDNCadAddins\src\DDNCadAddins\DDNCadAddins\Commands\TestRunner.cs(754,1): warning SA1028: Code should not contain trailing whitespace (https://github.com/DotNetAnalyzers/StyleCopAnalyzers/blob/master/documentation/SA1028.md) [D:\leaveblackgithub\DDNCadAddins\src\DDNCadAddins\DDNCadAddins\DDNCadAddins.csproj]
D:\leaveblackgithub\DDNCadAddins\src\DDNCadAddins\DDNCadAddins\Commands\TestRunner.cs(759,1): warning SA1028: Code should not contain trailing whitespace (https://github.com/DotNetAnalyzers/StyleCopAnalyzers/blob/master/documentation/SA1028.md) [D:\leaveblackgithub\DDNCadAddins\src\DDNCadAddins\DDNCadAddins\DDNCadAddins.csproj]
D:\leaveblackgithub\DDNCadAddins\src\DDNCadAddins\DDNCadAddins\Commands\TestRunner.cs(762,1): warning SA1028: Code should not contain trailing whitespace (https://github.com/DotNetAnalyzers/StyleCopAnalyzers/blob/master/documentation/SA1028.md) [D:\leaveblackgithub\DDNCadAddins\src\DDNCadAddins\DDNCadAddins\DDNCadAddins.csproj]
D:\leaveblackgithub\DDNCadAddins\src\DDNCadAddins\DDNCadAddins\Commands\TestRunner.cs(766,1): warning SA1028: Code should not contain trailing whitespace (https://github.com/DotNetAnalyzers/StyleCopAnalyzers/blob/master/documentation/SA1028.md) [D:\leaveblackgithub\DDNCadAddins\src\DDNCadAddins\DDNCadAddins\DDNCadAddins.csproj]
D:\leaveblackgithub\DDNCadAddins\src\DDNCadAddins\DDNCadAddins\Commands\TestRunner.cs(768,1): warning SA1028: Code should not contain trailing whitespace (https://github.com/DotNetAnalyzers/StyleCopAnalyzers/blob/master/documentation/SA1028.md) [D:\leaveblackgithub\DDNCadAddins\src\DDNCadAddins\DDNCadAddins\DDNCadAddins.csproj]
D:\leaveblackgithub\DDNCadAddins\src\DDNCadAddins\DDNCadAddins\Commands\TestRunner.cs(772,1): warning SA1028: Code should not contain trailing whitespace (https://github.com/DotNetAnalyzers/StyleCopAnalyzers/blob/master/documentation/SA1028.md) [D:\leaveblackgithub\DDNCadAddins\src\DDNCadAddins\DDNCadAddins\DDNCadAddins.csproj]
D:\leaveblackgithub\DDNCadAddins\src\DDNCadAddins\DDNCadAddins\Commands\TestRunner.cs(778,1): warning SA1028: Code should not contain trailing whitespace (https://github.com/DotNetAnalyzers/StyleCopAnalyzers/blob/master/documentation/SA1028.md) [D:\leaveblackgithub\DDNCadAddins\src\DDNCadAddins\DDNCadAddins\DDNCadAddins.csproj]
D:\leaveblackgithub\DDNCadAddins\src\DDNCadAddins\DDNCadAddins\Commands\TestRunner.cs(784,1): warning SA1028: Code should not contain trailing whitespace (https://github.com/DotNetAnalyzers/StyleCopAnalyzers/blob/master/documentation/SA1028.md) [D:\leaveblackgithub\DDNCadAddins\src\DDNCadAddins\DDNCadAddins\DDNCadAddins.csproj]
D:\leaveblackgithub\DDNCadAddins\src\DDNCadAddins\DDNCadAddins\Commands\TestRunner.cs(787,1): warning SA1028: Code should not contain trailing whitespace (https://github.com/DotNetAnalyzers/StyleCopAnalyzers/blob/master/documentation/SA1028.md) [D:\leaveblackgithub\DDNCadAddins\src\DDNCadAddins\DDNCadAddins\DDNCadAddins.csproj]
D:\leaveblackgithub\DDNCadAddins\src\DDNCadAddins\DDNCadAddins\Commands\TestRunner.cs(791,1): warning SA1028: Code should not contain trailing whitespace (https://github.com/DotNetAnalyzers/StyleCopAnalyzers/blob/master/documentation/SA1028.md) [D:\leaveblackgithub\DDNCadAddins\src\DDNCadAddins\DDNCadAddins\DDNCadAddins.csproj]
D:\leaveblackgithub\DDNCadAddins\src\DDNCadAddins\DDNCadAddins\Commands\TestRunner.cs(793,1): warning SA1028: Code should not contain trailing whitespace (https://github.com/DotNetAnalyzers/StyleCopAnalyzers/blob/master/documentation/SA1028.md) [D:\leaveblackgithub\DDNCadAddins\src\DDNCadAddins\DDNCadAddins\DDNCadAddins.csproj]
D:\leaveblackgithub\DDNCadAddins\src\DDNCadAddins\DDNCadAddins\Commands\TestRunner.cs(797,1): warning SA1028: Code should not contain trailing whitespace (https://github.com/DotNetAnalyzers/StyleCopAnalyzers/blob/master/documentation/SA1028.md) [D:\leaveblackgithub\DDNCadAddins\src\DDNCadAddins\DDNCadAddins\DDNCadAddins.csproj]
D:\leaveblackgithub\DDNCadAddins\src\DDNCadAddins\DDNCadAddins\Commands\TestRunner.cs(802,1): warning SA1028: Code should not contain trailing whitespace (https://github.com/DotNetAnalyzers/StyleCopAnalyzers/blob/master/documentation/SA1028.md) [D:\leaveblackgithub\DDNCadAddins\src\DDNCadAddins\DDNCadAddins\DDNCadAddins.csproj]
D:\leaveblackgithub\DDNCadAddins\src\DDNCadAddins\DDNCadAddins\Commands\TestRunner.cs(805,1): warning SA1028: Code should not contain trailing whitespace (https://github.com/DotNetAnalyzers/StyleCopAnalyzers/blob/master/documentation/SA1028.md) [D:\leaveblackgithub\DDNCadAddins\src\DDNCadAddins\DDNCadAddins\DDNCadAddins.csproj]
D:\leaveblackgithub\DDNCadAddins\src\DDNCadAddins\DDNCadAddins\Commands\TestRunner.cs(809,1): warning SA1028: Code should not contain trailing whitespace (https://github.com/DotNetAnalyzers/StyleCopAnalyzers/blob/master/documentation/SA1028.md) [D:\leaveblackgithub\DDNCadAddins\src\DDNCadAddins\DDNCadAddins\DDNCadAddins.csproj]
D:\leaveblackgithub\DDNCadAddins\src\DDNCadAddins\DDNCadAddins\Commands\TestRunner.cs(824,1): warning SA1028: Code should not contain trailing whitespace (https://github.com/DotNetAnalyzers/StyleCopAnalyzers/blob/master/documentation/SA1028.md) [D:\leaveblackgithub\DDNCadAddins\src\DDNCadAddins\DDNCadAddins\DDNCadAddins.csproj]
D:\leaveblackgithub\DDNCadAddins\src\DDNCadAddins\DDNCadAddins\Commands\TestRunner.cs(827,1): warning SA1028: Code should not contain trailing whitespace (https://github.com/DotNetAnalyzers/StyleCopAnalyzers/blob/master/documentation/SA1028.md) [D:\leaveblackgithub\DDNCadAddins\src\DDNCadAddins\DDNCadAddins\DDNCadAddins.csproj]
D:\leaveblackgithub\DDNCadAddins\src\DDNCadAddins\DDNCadAddins\Commands\TestRunner.cs(835,1): warning SA1028: Code should not contain trailing whitespace (https://github.com/DotNetAnalyzers/StyleCopAnalyzers/blob/master/documentation/SA1028.md) [D:\leaveblackgithub\DDNCadAddins\src\DDNCadAddins\DDNCadAddins\DDNCadAddins.csproj]
D:\leaveblackgithub\DDNCadAddins\src\DDNCadAddins\DDNCadAddins\Commands\TestRunner.cs(838,1): warning SA1028: Code should not contain trailing whitespace (https://github.com/DotNetAnalyzers/StyleCopAnalyzers/blob/master/documentation/SA1028.md) [D:\leaveblackgithub\DDNCadAddins\src\DDNCadAddins\DDNCadAddins\DDNCadAddins.csproj]
D:\leaveblackgithub\DDNCadAddins\src\DDNCadAddins\DDNCadAddins\Commands\TestRunner.cs(922,2): warning SA1028: Code should not contain trailing whitespace (https://github.com/DotNetAnalyzers/StyleCopAnalyzers/blob/master/documentation/SA1028.md) [D:\leaveblackgithub\DDNCadAddins\src\DDNCadAddins\DDNCadAddins\DDNCadAddins.csproj]
D:\leaveblackgithub\DDNCadAddins\src\DDNCadAddins\DDNCadAddins\DDNCadAppLoader.cs(1,1): warning SA1633: The file header is missing or not located at the top of the file. (https://github.com/DotNetAnalyzers/StyleCopAnalyzers/blob/master/documentation/SA1633.md) [D:\leaveblackgithub\DDNCadAddins\src\DDNCadAddins\DDNCadAddins\DDNCadAddins.csproj]
D:\leaveblackgithub\DDNCadAddins\src\DDNCadAddins\DDNCadAddins\DDNCadAppLoader.cs(25,1): warning SA1028: Code should not contain trailing whitespace (https://github.com/DotNetAnalyzers/StyleCopAnalyzers/blob/master/documentation/SA1028.md) [D:\leaveblackgithub\DDNCadAddins\src\DDNCadAddins\DDNCadAddins\DDNCadAddins.csproj]
D:\leaveblackgithub\DDNCadAddins\src\DDNCadAddins\DDNCadAddins\DDNCadAppLoader.cs(32,1): warning SA1028: Code should not contain trailing whitespace (https://github.com/DotNetAnalyzers/StyleCopAnalyzers/blob/master/documentation/SA1028.md) [D:\leaveblackgithub\DDNCadAddins\src\DDNCadAddins\DDNCadAddins\DDNCadAddins.csproj]
D:\leaveblackgithub\DDNCadAddins\src\DDNCadAddins\DDNCadAddins\DDNCadAppLoader.cs(38,1): warning SA1028: Code should not contain trailing whitespace (https://github.com/DotNetAnalyzers/StyleCopAnalyzers/blob/master/documentation/SA1028.md) [D:\leaveblackgithub\DDNCadAddins\src\DDNCadAddins\DDNCadAddins\DDNCadAddins.csproj]
D:\leaveblackgithub\DDNCadAddins\src\DDNCadAddins\DDNCadAddins\DDNCadAppLoader.cs(44,1): warning SA1028: Code should not contain trailing whitespace (https://github.com/DotNetAnalyzers/StyleCopAnalyzers/blob/master/documentation/SA1028.md) [D:\leaveblackgithub\DDNCadAddins\src\DDNCadAddins\DDNCadAddins\DDNCadAddins.csproj]
D:\leaveblackgithub\DDNCadAddins\src\DDNCadAddins\DDNCadAddins\DDNCadAppLoader.cs(62,1): warning SA1028: Code should not contain trailing whitespace (https://github.com/DotNetAnalyzers/StyleCopAnalyzers/blob/master/documentation/SA1028.md) [D:\leaveblackgithub\DDNCadAddins\src\DDNCadAddins\DDNCadAddins\DDNCadAddins.csproj]
D:\leaveblackgithub\DDNCadAddins\src\DDNCadAddins\DDNCadAddins\DDNCadAppLoader.cs(71,1): warning SA1028: Code should not contain trailing whitespace (https://github.com/DotNetAnalyzers/StyleCopAnalyzers/blob/master/documentation/SA1028.md) [D:\leaveblackgithub\DDNCadAddins\src\DDNCadAddins\DDNCadAddins\DDNCadAddins.csproj]
D:\leaveblackgithub\DDNCadAddins\src\DDNCadAddins\DDNCadAddins\DDNCadAppLoader.cs(78,1): warning SA1028: Code should not contain trailing whitespace (https://github.com/DotNetAnalyzers/StyleCopAnalyzers/blob/master/documentation/SA1028.md) [D:\leaveblackgithub\DDNCadAddins\src\DDNCadAddins\DDNCadAddins\DDNCadAddins.csproj]
D:\leaveblackgithub\DDNCadAddins\src\DDNCadAddins\DDNCadAddins\DDNCadAppLoader.cs(83,1): warning SA1028: Code should not contain trailing whitespace (https://github.com/DotNetAnalyzers/StyleCopAnalyzers/blob/master/documentation/SA1028.md) [D:\leaveblackgithub\DDNCadAddins\src\DDNCadAddins\DDNCadAddins\DDNCadAddins.csproj]
D:\leaveblackgithub\DDNCadAddins\src\DDNCadAddins\DDNCadAddins\DDNCadAppLoader.cs(86,1): warning SA1028: Code should not contain trailing whitespace (https://github.com/DotNetAnalyzers/StyleCopAnalyzers/blob/master/documentation/SA1028.md) [D:\leaveblackgithub\DDNCadAddins\src\DDNCadAddins\DDNCadAddins\DDNCadAddins.csproj]
D:\leaveblackgithub\DDNCadAddins\src\DDNCadAddins\DDNCadAddins\DDNCadAppLoader.cs(95,1): warning SA1028: Code should not contain trailing whitespace (https://github.com/DotNetAnalyzers/StyleCopAnalyzers/blob/master/documentation/SA1028.md) [D:\leaveblackgithub\DDNCadAddins\src\DDNCadAddins\DDNCadAddins\DDNCadAddins.csproj]
D:\leaveblackgithub\DDNCadAddins\src\DDNCadAddins\DDNCadAddins\DDNCadAppLoader.cs(102,1): warning SA1028: Code should not contain trailing whitespace (https://github.com/DotNetAnalyzers/StyleCopAnalyzers/blob/master/documentation/SA1028.md) [D:\leaveblackgithub\DDNCadAddins\src\DDNCadAddins\DDNCadAddins\DDNCadAddins.csproj]
D:\leaveblackgithub\DDNCadAddins\src\DDNCadAddins\DDNCadAddins\DDNCadAppLoader.cs(108,1): warning SA1028: Code should not contain trailing whitespace (https://github.com/DotNetAnalyzers/StyleCopAnalyzers/blob/master/documentation/SA1028.md) [D:\leaveblackgithub\DDNCadAddins\src\DDNCadAddins\DDNCadAddins\DDNCadAddins.csproj]
D:\leaveblackgithub\DDNCadAddins\src\DDNCadAddins\DDNCadAddins\DDNCadAppLoader.cs(110,1): warning SA1028: Code should not contain trailing whitespace (https://github.com/DotNetAnalyzers/StyleCopAnalyzers/blob/master/documentation/SA1028.md) [D:\leaveblackgithub\DDNCadAddins\src\DDNCadAddins\DDNCadAddins\DDNCadAddins.csproj]
D:\leaveblackgithub\DDNCadAddins\src\DDNCadAddins\DDNCadAddins\DDNCadAppLoader.cs(123,1): warning SA1028: Code should not contain trailing whitespace (https://github.com/DotNetAnalyzers/StyleCopAnalyzers/blob/master/documentation/SA1028.md) [D:\leaveblackgithub\DDNCadAddins\src\DDNCadAddins\DDNCadAddins\DDNCadAddins.csproj]
D:\leaveblackgithub\DDNCadAddins\src\DDNCadAddins\DDNCadAddins\DDNCadAppLoader.cs(126,1): warning SA1028: Code should not contain trailing whitespace (https://github.com/DotNetAnalyzers/StyleCopAnalyzers/blob/master/documentation/SA1028.md) [D:\leaveblackgithub\DDNCadAddins\src\DDNCadAddins\DDNCadAddins\DDNCadAddins.csproj]
D:\leaveblackgithub\DDNCadAddins\src\DDNCadAddins\DDNCadAddins\DDNCadAppLoader.cs(142,1): warning SA1028: Code should not contain trailing whitespace (https://github.com/DotNetAnalyzers/StyleCopAnalyzers/blob/master/documentation/SA1028.md) [D:\leaveblackgithub\DDNCadAddins\src\DDNCadAddins\DDNCadAddins\DDNCadAddins.csproj]
D:\leaveblackgithub\DDNCadAddins\src\DDNCadAddins\DDNCadAddins\DDNCadAppLoader.cs(153,1): warning SA1028: Code should not contain trailing whitespace (https://github.com/DotNetAnalyzers/StyleCopAnalyzers/blob/master/documentation/SA1028.md) [D:\leaveblackgithub\DDNCadAddins\src\DDNCadAddins\DDNCadAddins\DDNCadAddins.csproj]
D:\leaveblackgithub\DDNCadAddins\src\DDNCadAddins\DDNCadAddins\DDNCadAppLoader.cs(157,1): warning SA1028: Code should not contain trailing whitespace (https://github.com/DotNetAnalyzers/StyleCopAnalyzers/blob/master/documentation/SA1028.md) [D:\leaveblackgithub\DDNCadAddins\src\DDNCadAddins\DDNCadAddins\DDNCadAddins.csproj]
D:\leaveblackgithub\DDNCadAddins\src\DDNCadAddins\DDNCadAddins\DDNCadAppLoader.cs(161,1): warning SA1028: Code should not contain trailing whitespace (https://github.com/DotNetAnalyzers/StyleCopAnalyzers/blob/master/documentation/SA1028.md) [D:\leaveblackgithub\DDNCadAddins\src\DDNCadAddins\DDNCadAddins\DDNCadAddins.csproj]
D:\leaveblackgithub\DDNCadAddins\src\DDNCadAddins\DDNCadAddins\DDNCadAppLoader.cs(186,1): warning SA1028: Code should not contain trailing whitespace (https://github.com/DotNetAnalyzers/StyleCopAnalyzers/blob/master/documentation/SA1028.md) [D:\leaveblackgithub\DDNCadAddins\src\DDNCadAddins\DDNCadAddins\DDNCadAddins.csproj]
D:\leaveblackgithub\DDNCadAddins\src\DDNCadAddins\DDNCadAddins\DDNCadAppLoader.cs(190,2): warning SA1028: Code should not contain trailing whitespace (https://github.com/DotNetAnalyzers/StyleCopAnalyzers/blob/master/documentation/SA1028.md) [D:\leaveblackgithub\DDNCadAddins\src\DDNCadAddins\DDNCadAddins\DDNCadAddins.csproj]
D:\leaveblackgithub\DDNCadAddins\src\DDNCadAddins\DDNCadAddins\Infrastructure\AcadUserMessageService.cs(1,1): warning SA1633: The file header is missing or not located at the top of the file. (https://github.com/DotNetAnalyzers/StyleCopAnalyzers/blob/master/documentation/SA1633.md) [D:\leaveblackgithub\DDNCadAddins\src\DDNCadAddins\DDNCadAddins\DDNCadAddins.csproj]
D:\leaveblackgithub\DDNCadAddins\src\DDNCadAddins\DDNCadAddins\Infrastructure\AcadUserMessageService.cs(4,1): warning SA1515: Single-line comment should be preceded by blank line (https://github.com/DotNetAnalyzers/StyleCopAnalyzers/blob/master/documentation/SA1515.md) [D:\leaveblackgithub\DDNCadAddins\src\DDNCadAddins\DDNCadAddins\DDNCadAddins.csproj]
D:\leaveblackgithub\DDNCadAddins\src\DDNCadAddins\DDNCadAddins\Infrastructure\AcadUserMessageService.cs(15,1): warning SA1028: Code should not contain trailing whitespace (https://github.com/DotNetAnalyzers/StyleCopAnalyzers/blob/master/documentation/SA1028.md) [D:\leaveblackgithub\DDNCadAddins\src\DDNCadAddins\DDNCadAddins\DDNCadAddins.csproj]
D:\leaveblackgithub\DDNCadAddins\src\DDNCadAddins\DDNCadAddins\Infrastructure\AcadUserMessageService.cs(24,1): warning SA1028: Code should not contain trailing whitespace (https://github.com/DotNetAnalyzers/StyleCopAnalyzers/blob/master/documentation/SA1028.md) [D:\leaveblackgithub\DDNCadAddins\src\DDNCadAddins\DDNCadAddins\DDNCadAddins.csproj]
D:\leaveblackgithub\DDNCadAddins\src\DDNCadAddins\DDNCadAddins\Infrastructure\AcadUserMessageService.cs(33,1): warning SA1028: Code should not contain trailing whitespace (https://github.com/DotNetAnalyzers/StyleCopAnalyzers/blob/master/documentation/SA1028.md) [D:\leaveblackgithub\DDNCadAddins\src\DDNCadAddins\DDNCadAddins\DDNCadAddins.csproj]
D:\leaveblackgithub\DDNCadAddins\src\DDNCadAddins\DDNCadAddins\Infrastructure\AcadUserMessageService.cs(45,1): warning SA1028: Code should not contain trailing whitespace (https://github.com/DotNetAnalyzers/StyleCopAnalyzers/blob/master/documentation/SA1028.md) [D:\leaveblackgithub\DDNCadAddins\src\DDNCadAddins\DDNCadAddins\DDNCadAddins.csproj]
D:\leaveblackgithub\DDNCadAddins\src\DDNCadAddins\DDNCadAddins\Infrastructure\AcadUserMessageService.cs(48,1): warning SA1028: Code should not contain trailing whitespace (https://github.com/DotNetAnalyzers/StyleCopAnalyzers/blob/master/documentation/SA1028.md) [D:\leaveblackgithub\DDNCadAddins\src\DDNCadAddins\DDNCadAddins\DDNCadAddins.csproj]
D:\leaveblackgithub\DDNCadAddins\src\DDNCadAddins\DDNCadAddins\Infrastructure\AcadUserMessageService.cs(60,1): warning SA1028: Code should not contain trailing whitespace (https://github.com/DotNetAnalyzers/StyleCopAnalyzers/blob/master/documentation/SA1028.md) [D:\leaveblackgithub\DDNCadAddins\src\DDNCadAddins\DDNCadAddins\DDNCadAddins.csproj]
D:\leaveblackgithub\DDNCadAddins\src\DDNCadAddins\DDNCadAddins\Infrastructure\AcadUserMessageService.cs(63,1): warning SA1028: Code should not contain trailing whitespace (https://github.com/DotNetAnalyzers/StyleCopAnalyzers/blob/master/documentation/SA1028.md) [D:\leaveblackgithub\DDNCadAddins\src\DDNCadAddins\DDNCadAddins\DDNCadAddins.csproj]
D:\leaveblackgithub\DDNCadAddins\src\DDNCadAddins\DDNCadAddins\Infrastructure\AcadUserMessageService.cs(75,1): warning SA1028: Code should not contain trailing whitespace (https://github.com/DotNetAnalyzers/StyleCopAnalyzers/blob/master/documentation/SA1028.md) [D:\leaveblackgithub\DDNCadAddins\src\DDNCadAddins\DDNCadAddins\DDNCadAddins.csproj]
D:\leaveblackgithub\DDNCadAddins\src\DDNCadAddins\DDNCadAddins\Infrastructure\AcadUserMessageService.cs(78,1): warning SA1028: Code should not contain trailing whitespace (https://github.com/DotNetAnalyzers/StyleCopAnalyzers/blob/master/documentation/SA1028.md) [D:\leaveblackgithub\DDNCadAddins\src\DDNCadAddins\DDNCadAddins\DDNCadAddins.csproj]
D:\leaveblackgithub\DDNCadAddins\src\DDNCadAddins\DDNCadAddins\Infrastructure\AcadUserMessageService.cs(98,1): warning SA1028: Code should not contain trailing whitespace (https://github.com/DotNetAnalyzers/StyleCopAnalyzers/blob/master/documentation/SA1028.md) [D:\leaveblackgithub\DDNCadAddins\src\DDNCadAddins\DDNCadAddins\DDNCadAddins.csproj]
D:\leaveblackgithub\DDNCadAddins\src\DDNCadAddins\DDNCadAddins\Infrastructure\AcadUserMessageService.cs(108,1): warning SA1028: Code should not contain trailing whitespace (https://github.com/DotNetAnalyzers/StyleCopAnalyzers/blob/master/documentation/SA1028.md) [D:\leaveblackgithub\DDNCadAddins\src\DDNCadAddins\DDNCadAddins\DDNCadAddins.csproj]
D:\leaveblackgithub\DDNCadAddins\src\DDNCadAddins\DDNCadAddins\Infrastructure\AcadUserMessageService.cs(119,2): warning SA1028: Code should not contain trailing whitespace (https://github.com/DotNetAnalyzers/StyleCopAnalyzers/blob/master/documentation/SA1028.md) [D:\leaveblackgithub\DDNCadAddins\src\DDNCadAddins\DDNCadAddins\DDNCadAddins.csproj]
D:\leaveblackgithub\DDNCadAddins\src\DDNCadAddins\DDNCadAddins\Infrastructure\EmptyLogger.cs(1,1): warning SA1633: The file header is missing or not located at the top of the file. (https://github.com/DotNetAnalyzers/StyleCopAnalyzers/blob/master/documentation/SA1633.md) [D:\leaveblackgithub\DDNCadAddins\src\DDNCadAddins\DDNCadAddins\DDNCadAddins.csproj]
D:\leaveblackgithub\DDNCadAddins\src\DDNCadAddins\DDNCadAddins\Infrastructure\EmptyLogger.cs(18,1): warning SA1028: Code should not contain trailing whitespace (https://github.com/DotNetAnalyzers/StyleCopAnalyzers/blob/master/documentation/SA1028.md) [D:\leaveblackgithub\DDNCadAddins\src\DDNCadAddins\DDNCadAddins\DDNCadAddins.csproj]
D:\leaveblackgithub\DDNCadAddins\src\DDNCadAddins\DDNCadAddins\Infrastructure\EmptyLogger.cs(28,1): warning SA1028: Code should not contain trailing whitespace (https://github.com/DotNetAnalyzers/StyleCopAnalyzers/blob/master/documentation/SA1028.md) [D:\leaveblackgithub\DDNCadAddins\src\DDNCadAddins\DDNCadAddins\DDNCadAddins.csproj]
D:\leaveblackgithub\DDNCadAddins\src\DDNCadAddins\DDNCadAddins\Infrastructure\EmptyLogger.cs(36,1): warning SA1028: Code should not contain trailing whitespace (https://github.com/DotNetAnalyzers/StyleCopAnalyzers/blob/master/documentation/SA1028.md) [D:\leaveblackgithub\DDNCadAddins\src\DDNCadAddins\DDNCadAddins\DDNCadAddins.csproj]
D:\leaveblackgithub\DDNCadAddins\src\DDNCadAddins\DDNCadAddins\Infrastructure\EmptyLogger.cs(46,1): warning SA1028: Code should not contain trailing whitespace (https://github.com/DotNetAnalyzers/StyleCopAnalyzers/blob/master/documentation/SA1028.md) [D:\leaveblackgithub\DDNCadAddins\src\DDNCadAddins\DDNCadAddins\DDNCadAddins.csproj]
D:\leaveblackgithub\DDNCadAddins\src\DDNCadAddins\DDNCadAddins\Infrastructure\EmptyLogger.cs(55,1): warning SA1028: Code should not contain trailing whitespace (https://github.com/DotNetAnalyzers/StyleCopAnalyzers/blob/master/documentation/SA1028.md) [D:\leaveblackgithub\DDNCadAddins\src\DDNCadAddins\DDNCadAddins\DDNCadAddins.csproj]
D:\leaveblackgithub\DDNCadAddins\src\DDNCadAddins\DDNCadAddins\Infrastructure\EmptyLogger.cs(64,1): warning SA1028: Code should not contain trailing whitespace (https://github.com/DotNetAnalyzers/StyleCopAnalyzers/blob/master/documentation/SA1028.md) [D:\leaveblackgithub\DDNCadAddins\src\DDNCadAddins\DDNCadAddins\DDNCadAddins.csproj]
D:\leaveblackgithub\DDNCadAddins\src\DDNCadAddins\DDNCadAddins\Infrastructure\EmptyLogger.cs(73,1): warning SA1028: Code should not contain trailing whitespace (https://github.com/DotNetAnalyzers/StyleCopAnalyzers/blob/master/documentation/SA1028.md) [D:\leaveblackgithub\DDNCadAddins\src\DDNCadAddins\DDNCadAddins\DDNCadAddins.csproj]
D:\leaveblackgithub\DDNCadAddins\src\DDNCadAddins\DDNCadAddins\Infrastructure\EmptyLogger.cs(83,2): warning SA1028: Code should not contain trailing whitespace (https://github.com/DotNetAnalyzers/StyleCopAnalyzers/blob/master/documentation/SA1028.md) [D:\leaveblackgithub\DDNCadAddins\src\DDNCadAddins\DDNCadAddins\DDNCadAddins.csproj]
D:\leaveblackgithub\DDNCadAddins\src\DDNCadAddins\DDNCadAddins\Infrastructure\FileLogger.cs(1,1): warning SA1633: The file header is missing or not located at the top of the file. (https://github.com/DotNetAnalyzers/StyleCopAnalyzers/blob/master/documentation/SA1633.md) [D:\leaveblackgithub\DDNCadAddins\src\DDNCadAddins\DDNCadAddins\DDNCadAddins.csproj]
D:\leaveblackgithub\DDNCadAddins\src\DDNCadAddins\DDNCadAddins\Infrastructure\FileLogger.cs(7,1): warning SA1515: Single-line comment should be preceded by blank line (https://github.com/DotNetAnalyzers/StyleCopAnalyzers/blob/master/documentation/SA1515.md) [D:\leaveblackgithub\DDNCadAddins\src\DDNCadAddins\DDNCadAddins\DDNCadAddins.csproj]
D:\leaveblackgithub\DDNCadAddins\src\DDNCadAddins\DDNCadAddins\Infrastructure\FileLogger.cs(21,1): warning SA1028: Code should not contain trailing whitespace (https://github.com/DotNetAnalyzers/StyleCopAnalyzers/blob/master/documentation/SA1028.md) [D:\leaveblackgithub\DDNCadAddins\src\DDNCadAddins\DDNCadAddins\DDNCadAddins.csproj]
D:\leaveblackgithub\DDNCadAddins\src\DDNCadAddins\DDNCadAddins\Infrastructure\FileLogger.cs(26,1): warning SA1028: Code should not contain trailing whitespace (https://github.com/DotNetAnalyzers/StyleCopAnalyzers/blob/master/documentation/SA1028.md) [D:\leaveblackgithub\DDNCadAddins\src\DDNCadAddins\DDNCadAddins\DDNCadAddins.csproj]
D:\leaveblackgithub\DDNCadAddins\src\DDNCadAddins\DDNCadAddins\Infrastructure\FileLogger.cs(38,1): warning SA1028: Code should not contain trailing whitespace (https://github.com/DotNetAnalyzers/StyleCopAnalyzers/blob/master/documentation/SA1028.md) [D:\leaveblackgithub\DDNCadAddins\src\DDNCadAddins\DDNCadAddins\DDNCadAddins.csproj]
D:\leaveblackgithub\DDNCadAddins\src\DDNCadAddins\DDNCadAddins\Infrastructure\FileLogger.cs(49,1): warning SA1028: Code should not contain trailing whitespace (https://github.com/DotNetAnalyzers/StyleCopAnalyzers/blob/master/documentation/SA1028.md) [D:\leaveblackgithub\DDNCadAddins\src\DDNCadAddins\DDNCadAddins\DDNCadAddins.csproj]
D:\leaveblackgithub\DDNCadAddins\src\DDNCadAddins\DDNCadAddins\Infrastructure\FileLogger.cs(55,1): warning SA1028: Code should not contain trailing whitespace (https://github.com/DotNetAnalyzers/StyleCopAnalyzers/blob/master/documentation/SA1028.md) [D:\leaveblackgithub\DDNCadAddins\src\DDNCadAddins\DDNCadAddins\DDNCadAddins.csproj]
D:\leaveblackgithub\DDNCadAddins\src\DDNCadAddins\DDNCadAddins\Infrastructure\FileLogger.cs(59,1): warning SA1028: Code should not contain trailing whitespace (https://github.com/DotNetAnalyzers/StyleCopAnalyzers/blob/master/documentation/SA1028.md) [D:\leaveblackgithub\DDNCadAddins\src\DDNCadAddins\DDNCadAddins\DDNCadAddins.csproj]
D:\leaveblackgithub\DDNCadAddins\src\DDNCadAddins\DDNCadAddins\Infrastructure\FileLogger.cs(63,1): warning SA1028: Code should not contain trailing whitespace (https://github.com/DotNetAnalyzers/StyleCopAnalyzers/blob/master/documentation/SA1028.md) [D:\leaveblackgithub\DDNCadAddins\src\DDNCadAddins\DDNCadAddins\DDNCadAddins.csproj]
D:\leaveblackgithub\DDNCadAddins\src\DDNCadAddins\DDNCadAddins\Infrastructure\FileLogger.cs(80,1): warning SA1028: Code should not contain trailing whitespace (https://github.com/DotNetAnalyzers/StyleCopAnalyzers/blob/master/documentation/SA1028.md) [D:\leaveblackgithub\DDNCadAddins\src\DDNCadAddins\DDNCadAddins\DDNCadAddins.csproj]
D:\leaveblackgithub\DDNCadAddins\src\DDNCadAddins\DDNCadAddins\Infrastructure\FileLogger.cs(92,1): warning SA1028: Code should not contain trailing whitespace (https://github.com/DotNetAnalyzers/StyleCopAnalyzers/blob/master/documentation/SA1028.md) [D:\leaveblackgithub\DDNCadAddins\src\DDNCadAddins\DDNCadAddins\DDNCadAddins.csproj]
D:\leaveblackgithub\DDNCadAddins\src\DDNCadAddins\DDNCadAddins\Infrastructure\FileLogger.cs(98,1): warning SA1028: Code should not contain trailing whitespace (https://github.com/DotNetAnalyzers/StyleCopAnalyzers/blob/master/documentation/SA1028.md) [D:\leaveblackgithub\DDNCadAddins\src\DDNCadAddins\DDNCadAddins\DDNCadAddins.csproj]
D:\leaveblackgithub\DDNCadAddins\src\DDNCadAddins\DDNCadAddins\Infrastructure\FileLogger.cs(101,1): warning SA1028: Code should not contain trailing whitespace (https://github.com/DotNetAnalyzers/StyleCopAnalyzers/blob/master/documentation/SA1028.md) [D:\leaveblackgithub\DDNCadAddins\src\DDNCadAddins\DDNCadAddins\DDNCadAddins.csproj]
D:\leaveblackgithub\DDNCadAddins\src\DDNCadAddins\DDNCadAddins\Infrastructure\FileLogger.cs(117,1): warning SA1028: Code should not contain trailing whitespace (https://github.com/DotNetAnalyzers/StyleCopAnalyzers/blob/master/documentation/SA1028.md) [D:\leaveblackgithub\DDNCadAddins\src\DDNCadAddins\DDNCadAddins\DDNCadAddins.csproj]
D:\leaveblackgithub\DDNCadAddins\src\DDNCadAddins\DDNCadAddins\Infrastructure\FileLogger.cs(133,1): warning SA1028: Code should not contain trailing whitespace (https://github.com/DotNetAnalyzers/StyleCopAnalyzers/blob/master/documentation/SA1028.md) [D:\leaveblackgithub\DDNCadAddins\src\DDNCadAddins\DDNCadAddins\DDNCadAddins.csproj]
D:\leaveblackgithub\DDNCadAddins\src\DDNCadAddins\DDNCadAddins\Infrastructure\FileLogger.cs(147,1): warning SA1028: Code should not contain trailing whitespace (https://github.com/DotNetAnalyzers/StyleCopAnalyzers/blob/master/documentation/SA1028.md) [D:\leaveblackgithub\DDNCadAddins\src\DDNCadAddins\DDNCadAddins\DDNCadAddins.csproj]
D:\leaveblackgithub\DDNCadAddins\src\DDNCadAddins\DDNCadAddins\Infrastructure\FileLogger.cs(159,1): warning SA1028: Code should not contain trailing whitespace (https://github.com/DotNetAnalyzers/StyleCopAnalyzers/blob/master/documentation/SA1028.md) [D:\leaveblackgithub\DDNCadAddins\src\DDNCadAddins\DDNCadAddins\DDNCadAddins.csproj]
D:\leaveblackgithub\DDNCadAddins\src\DDNCadAddins\DDNCadAddins\Infrastructure\FileLogger.cs(168,1): warning SA1028: Code should not contain trailing whitespace (https://github.com/DotNetAnalyzers/StyleCopAnalyzers/blob/master/documentation/SA1028.md) [D:\leaveblackgithub\DDNCadAddins\src\DDNCadAddins\DDNCadAddins\DDNCadAddins.csproj]
D:\leaveblackgithub\DDNCadAddins\src\DDNCadAddins\DDNCadAddins\Infrastructure\FileLogger.cs(184,1): warning SA1028: Code should not contain trailing whitespace (https://github.com/DotNetAnalyzers/StyleCopAnalyzers/blob/master/documentation/SA1028.md) [D:\leaveblackgithub\DDNCadAddins\src\DDNCadAddins\DDNCadAddins\DDNCadAddins.csproj]
D:\leaveblackgithub\DDNCadAddins\src\DDNCadAddins\DDNCadAddins\Infrastructure\FileLogger.cs(190,1): warning SA1028: Code should not contain trailing whitespace (https://github.com/DotNetAnalyzers/StyleCopAnalyzers/blob/master/documentation/SA1028.md) [D:\leaveblackgithub\DDNCadAddins\src\DDNCadAddins\DDNCadAddins\DDNCadAddins.csproj]
D:\leaveblackgithub\DDNCadAddins\src\DDNCadAddins\DDNCadAddins\Infrastructure\FileLogger.cs(199,2): warning SA1028: Code should not contain trailing whitespace (https://github.com/DotNetAnalyzers/StyleCopAnalyzers/blob/master/documentation/SA1028.md) [D:\leaveblackgithub\DDNCadAddins\src\DDNCadAddins\DDNCadAddins\DDNCadAddins.csproj]
D:\leaveblackgithub\DDNCadAddins\src\DDNCadAddins\DDNCadAddins\Infrastructure\ILogger.cs(1,1): warning SA1633: The file header is missing or not located at the top of the file. (https://github.com/DotNetAnalyzers/StyleCopAnalyzers/blob/master/documentation/SA1633.md) [D:\leaveblackgithub\DDNCadAddins\src\DDNCadAddins\DDNCadAddins\DDNCadAddins.csproj]
D:\leaveblackgithub\DDNCadAddins\src\DDNCadAddins\DDNCadAddins\Infrastructure\ILogger.cs(15,1): warning SA1028: Code should not contain trailing whitespace (https://github.com/DotNetAnalyzers/StyleCopAnalyzers/blob/master/documentation/SA1028.md) [D:\leaveblackgithub\DDNCadAddins\src\DDNCadAddins\DDNCadAddins\DDNCadAddins.csproj]
D:\leaveblackgithub\DDNCadAddins\src\DDNCadAddins\DDNCadAddins\Infrastructure\ILogger.cs(22,1): warning SA1028: Code should not contain trailing whitespace (https://github.com/DotNetAnalyzers/StyleCopAnalyzers/blob/master/documentation/SA1028.md) [D:\leaveblackgithub\DDNCadAddins\src\DDNCadAddins\DDNCadAddins\DDNCadAddins.csproj]
D:\leaveblackgithub\DDNCadAddins\src\DDNCadAddins\DDNCadAddins\Infrastructure\ILogger.cs(29,1): warning SA1028: Code should not contain trailing whitespace (https://github.com/DotNetAnalyzers/StyleCopAnalyzers/blob/master/documentation/SA1028.md) [D:\leaveblackgithub\DDNCadAddins\src\DDNCadAddins\DDNCadAddins\DDNCadAddins.csproj]
D:\leaveblackgithub\DDNCadAddins\src\DDNCadAddins\DDNCadAddins\Infrastructure\ILogger.cs(35,2): warning SA1028: Code should not contain trailing whitespace (https://github.com/DotNetAnalyzers/StyleCopAnalyzers/blob/master/documentation/SA1028.md) [D:\leaveblackgithub\DDNCadAddins\src\DDNCadAddins\DDNCadAddins\DDNCadAddins.csproj]
D:\leaveblackgithub\DDNCadAddins\src\DDNCadAddins\DDNCadAddins\Infrastructure\IUserMessageService.cs(1,1): warning SA1633: The file header is missing or not located at the top of the file. (https://github.com/DotNetAnalyzers/StyleCopAnalyzers/blob/master/documentation/SA1633.md) [D:\leaveblackgithub\DDNCadAddins\src\DDNCadAddins\DDNCadAddins\DDNCadAddins.csproj]
D:\leaveblackgithub\DDNCadAddins\src\DDNCadAddins\DDNCadAddins\Infrastructure\IUserMessageService.cs(15,1): warning SA1028: Code should not contain trailing whitespace (https://github.com/DotNetAnalyzers/StyleCopAnalyzers/blob/master/documentation/SA1028.md) [D:\leaveblackgithub\DDNCadAddins\src\DDNCadAddins\DDNCadAddins\DDNCadAddins.csproj]
D:\leaveblackgithub\DDNCadAddins\src\DDNCadAddins\DDNCadAddins\Infrastructure\IUserMessageService.cs(21,1): warning SA1028: Code should not contain trailing whitespace (https://github.com/DotNetAnalyzers/StyleCopAnalyzers/blob/master/documentation/SA1028.md) [D:\leaveblackgithub\DDNCadAddins\src\DDNCadAddins\DDNCadAddins\DDNCadAddins.csproj]
D:\leaveblackgithub\DDNCadAddins\src\DDNCadAddins\DDNCadAddins\Infrastructure\IUserMessageService.cs(27,1): warning SA1028: Code should not contain trailing whitespace (https://github.com/DotNetAnalyzers/StyleCopAnalyzers/blob/master/documentation/SA1028.md) [D:\leaveblackgithub\DDNCadAddins\src\DDNCadAddins\DDNCadAddins\DDNCadAddins.csproj]
D:\leaveblackgithub\DDNCadAddins\src\DDNCadAddins\DDNCadAddins\Infrastructure\IUserMessageService.cs(34,1): warning SA1028: Code should not contain trailing whitespace (https://github.com/DotNetAnalyzers/StyleCopAnalyzers/blob/master/documentation/SA1028.md) [D:\leaveblackgithub\DDNCadAddins\src\DDNCadAddins\DDNCadAddins\DDNCadAddins.csproj]
D:\leaveblackgithub\DDNCadAddins\src\DDNCadAddins\DDNCadAddins\Infrastructure\IUserMessageService.cs(41,2): warning SA1028: Code should not contain trailing whitespace (https://github.com/DotNetAnalyzers/StyleCopAnalyzers/blob/master/documentation/SA1028.md) [D:\leaveblackgithub\DDNCadAddins\src\DDNCadAddins\DDNCadAddins\DDNCadAddins.csproj]
D:\leaveblackgithub\DDNCadAddins\src\DDNCadAddins\DDNCadAddins\Infrastructure\ServiceLocator.cs(1,1): warning SA1633: The file header is missing or not located at the top of the file. (https://github.com/DotNetAnalyzers/StyleCopAnalyzers/blob/master/documentation/SA1633.md) [D:\leaveblackgithub\DDNCadAddins\src\DDNCadAddins\DDNCadAddins\DDNCadAddins.csproj]
D:\leaveblackgithub\DDNCadAddins\src\DDNCadAddins\DDNCadAddins\Infrastructure\ServiceLocator.cs(99,18): warning SA1513: Closing brace should be followed by blank line (https://github.com/DotNetAnalyzers/StyleCopAnalyzers/blob/master/documentation/SA1513.md) [D:\leaveblackgithub\DDNCadAddins\src\DDNCadAddins\DDNCadAddins\DDNCadAddins.csproj]
D:\leaveblackgithub\DDNCadAddins\src\DDNCadAddins\DDNCadAddins\Infrastructure\ServiceLocator.cs(17,1): warning SA1028: Code should not contain trailing whitespace (https://github.com/DotNetAnalyzers/StyleCopAnalyzers/blob/master/documentation/SA1028.md) [D:\leaveblackgithub\DDNCadAddins\src\DDNCadAddins\DDNCadAddins\DDNCadAddins.csproj]
D:\leaveblackgithub\DDNCadAddins\src\DDNCadAddins\DDNCadAddins\Infrastructure\ServiceLocator.cs(27,1): warning SA1028: Code should not contain trailing whitespace (https://github.com/DotNetAnalyzers/StyleCopAnalyzers/blob/master/documentation/SA1028.md) [D:\leaveblackgithub\DDNCadAddins\src\DDNCadAddins\DDNCadAddins\DDNCadAddins.csproj]
D:\leaveblackgithub\DDNCadAddins\src\DDNCadAddins\DDNCadAddins\Infrastructure\ServiceLocator.cs(34,1): warning SA1028: Code should not contain trailing whitespace (https://github.com/DotNetAnalyzers/StyleCopAnalyzers/blob/master/documentation/SA1028.md) [D:\leaveblackgithub\DDNCadAddins\src\DDNCadAddins\DDNCadAddins\DDNCadAddins.csproj]
D:\leaveblackgithub\DDNCadAddins\src\DDNCadAddins\DDNCadAddins\Infrastructure\ServiceLocator.cs(39,1): warning SA1028: Code should not contain trailing whitespace (https://github.com/DotNetAnalyzers/StyleCopAnalyzers/blob/master/documentation/SA1028.md) [D:\leaveblackgithub\DDNCadAddins\src\DDNCadAddins\DDNCadAddins\DDNCadAddins.csproj]
D:\leaveblackgithub\DDNCadAddins\src\DDNCadAddins\DDNCadAddins\Infrastructure\ServiceLocator.cs(47,1): warning SA1028: Code should not contain trailing whitespace (https://github.com/DotNetAnalyzers/StyleCopAnalyzers/blob/master/documentation/SA1028.md) [D:\leaveblackgithub\DDNCadAddins\src\DDNCadAddins\DDNCadAddins\DDNCadAddins.csproj]
D:\leaveblackgithub\DDNCadAddins\src\DDNCadAddins\DDNCadAddins\Infrastructure\ServiceLocator.cs(50,1): warning SA1028: Code should not contain trailing whitespace (https://github.com/DotNetAnalyzers/StyleCopAnalyzers/blob/master/documentation/SA1028.md) [D:\leaveblackgithub\DDNCadAddins\src\DDNCadAddins\DDNCadAddins\DDNCadAddins.csproj]
D:\leaveblackgithub\DDNCadAddins\src\DDNCadAddins\DDNCadAddins\Infrastructure\ServiceLocator.cs(54,60): warning SA1028: Code should not contain trailing whitespace (https://github.com/DotNetAnalyzers/StyleCopAnalyzers/blob/master/documentation/SA1028.md) [D:\leaveblackgithub\DDNCadAddins\src\DDNCadAddins\DDNCadAddins\DDNCadAddins.csproj]
D:\leaveblackgithub\DDNCadAddins\src\DDNCadAddins\DDNCadAddins\Infrastructure\ServiceLocator.cs(56,1): warning SA1028: Code should not contain trailing whitespace (https://github.com/DotNetAnalyzers/StyleCopAnalyzers/blob/master/documentation/SA1028.md) [D:\leaveblackgithub\DDNCadAddins\src\DDNCadAddins\DDNCadAddins\DDNCadAddins.csproj]
D:\leaveblackgithub\DDNCadAddins\src\DDNCadAddins\DDNCadAddins\Infrastructure\ServiceLocator.cs(63,1): warning SA1028: Code should not contain trailing whitespace (https://github.com/DotNetAnalyzers/StyleCopAnalyzers/blob/master/documentation/SA1028.md) [D:\leaveblackgithub\DDNCadAddins\src\DDNCadAddins\DDNCadAddins\DDNCadAddins.csproj]
D:\leaveblackgithub\DDNCadAddins\src\DDNCadAddins\DDNCadAddins\Infrastructure\ServiceLocator.cs(65,56): warning SA1028: Code should not contain trailing whitespace (https://github.com/DotNetAnalyzers/StyleCopAnalyzers/blob/master/documentation/SA1028.md) [D:\leaveblackgithub\DDNCadAddins\src\DDNCadAddins\DDNCadAddins\DDNCadAddins.csproj]
D:\leaveblackgithub\DDNCadAddins\src\DDNCadAddins\DDNCadAddins\Infrastructure\ServiceLocator.cs(67,1): warning SA1028: Code should not contain trailing whitespace (https://github.com/DotNetAnalyzers/StyleCopAnalyzers/blob/master/documentation/SA1028.md) [D:\leaveblackgithub\DDNCadAddins\src\DDNCadAddins\DDNCadAddins\DDNCadAddins.csproj]
D:\leaveblackgithub\DDNCadAddins\src\DDNCadAddins\DDNCadAddins\Infrastructure\ServiceLocator.cs(68,50): warning SA1028: Code should not contain trailing whitespace (https://github.com/DotNetAnalyzers/StyleCopAnalyzers/blob/master/documentation/SA1028.md) [D:\leaveblackgithub\DDNCadAddins\src\DDNCadAddins\DDNCadAddins\DDNCadAddins.csproj]
D:\leaveblackgithub\DDNCadAddins\src\DDNCadAddins\DDNCadAddins\Infrastructure\ServiceLocator.cs(71,1): warning SA1028: Code should not contain trailing whitespace (https://github.com/DotNetAnalyzers/StyleCopAnalyzers/blob/master/documentation/SA1028.md) [D:\leaveblackgithub\DDNCadAddins\src\DDNCadAddins\DDNCadAddins\DDNCadAddins.csproj]
D:\leaveblackgithub\DDNCadAddins\src\DDNCadAddins\DDNCadAddins\Infrastructure\ServiceLocator.cs(83,1): warning SA1028: Code should not contain trailing whitespace (https://github.com/DotNetAnalyzers/StyleCopAnalyzers/blob/master/documentation/SA1028.md) [D:\leaveblackgithub\DDNCadAddins\src\DDNCadAddins\DDNCadAddins\DDNCadAddins.csproj]
D:\leaveblackgithub\DDNCadAddins\src\DDNCadAddins\DDNCadAddins\Infrastructure\ServiceLocator.cs(103,1): warning SA1028: Code should not contain trailing whitespace (https://github.com/DotNetAnalyzers/StyleCopAnalyzers/blob/master/documentation/SA1028.md) [D:\leaveblackgithub\DDNCadAddins\src\DDNCadAddins\DDNCadAddins\DDNCadAddins.csproj]
D:\leaveblackgithub\DDNCadAddins\src\DDNCadAddins\DDNCadAddins\Infrastructure\ServiceLocator.cs(115,1): warning SA1028: Code should not contain trailing whitespace (https://github.com/DotNetAnalyzers/StyleCopAnalyzers/blob/master/documentation/SA1028.md) [D:\leaveblackgithub\DDNCadAddins\src\DDNCadAddins\DDNCadAddins\DDNCadAddins.csproj]
D:\leaveblackgithub\DDNCadAddins\src\DDNCadAddins\DDNCadAddins\Infrastructure\ServiceLocator.cs(126,1): warning SA1028: Code should not contain trailing whitespace (https://github.com/DotNetAnalyzers/StyleCopAnalyzers/blob/master/documentation/SA1028.md) [D:\leaveblackgithub\DDNCadAddins\src\DDNCadAddins\DDNCadAddins\DDNCadAddins.csproj]
D:\leaveblackgithub\DDNCadAddins\src\DDNCadAddins\DDNCadAddins\Infrastructure\ServiceLocator.cs(138,1): warning SA1028: Code should not contain trailing whitespace (https://github.com/DotNetAnalyzers/StyleCopAnalyzers/blob/master/documentation/SA1028.md) [D:\leaveblackgithub\DDNCadAddins\src\DDNCadAddins\DDNCadAddins\DDNCadAddins.csproj]
D:\leaveblackgithub\DDNCadAddins\src\DDNCadAddins\DDNCadAddins\Infrastructure\ServiceLocator.cs(144,1): warning SA1028: Code should not contain trailing whitespace (https://github.com/DotNetAnalyzers/StyleCopAnalyzers/blob/master/documentation/SA1028.md) [D:\leaveblackgithub\DDNCadAddins\src\DDNCadAddins\DDNCadAddins\DDNCadAddins.csproj]
D:\leaveblackgithub\DDNCadAddins\src\DDNCadAddins\DDNCadAddins\Infrastructure\ServiceLocator.cs(147,1): warning SA1028: Code should not contain trailing whitespace (https://github.com/DotNetAnalyzers/StyleCopAnalyzers/blob/master/documentation/SA1028.md) [D:\leaveblackgithub\DDNCadAddins\src\DDNCadAddins\DDNCadAddins\DDNCadAddins.csproj]
D:\leaveblackgithub\DDNCadAddins\src\DDNCadAddins\DDNCadAddins\Infrastructure\ServiceLocator.cs(158,1): warning SA1028: Code should not contain trailing whitespace (https://github.com/DotNetAnalyzers/StyleCopAnalyzers/blob/master/documentation/SA1028.md) [D:\leaveblackgithub\DDNCadAddins\src\DDNCadAddins\DDNCadAddins\DDNCadAddins.csproj]
D:\leaveblackgithub\DDNCadAddins\src\DDNCadAddins\DDNCadAddins\Infrastructure\ServiceLocator.cs(167,1): warning SA1028: Code should not contain trailing whitespace (https://github.com/DotNetAnalyzers/StyleCopAnalyzers/blob/master/documentation/SA1028.md) [D:\leaveblackgithub\DDNCadAddins\src\DDNCadAddins\DDNCadAddins\DDNCadAddins.csproj]
D:\leaveblackgithub\DDNCadAddins\src\DDNCadAddins\DDNCadAddins\Infrastructure\ServiceLocator.cs(184,1): warning SA1028: Code should not contain trailing whitespace (https://github.com/DotNetAnalyzers/StyleCopAnalyzers/blob/master/documentation/SA1028.md) [D:\leaveblackgithub\DDNCadAddins\src\DDNCadAddins\DDNCadAddins\DDNCadAddins.csproj]
D:\leaveblackgithub\DDNCadAddins\src\DDNCadAddins\DDNCadAddins\Infrastructure\ServiceLocator.cs(191,1): warning SA1028: Code should not contain trailing whitespace (https://github.com/DotNetAnalyzers/StyleCopAnalyzers/blob/master/documentation/SA1028.md) [D:\leaveblackgithub\DDNCadAddins\src\DDNCadAddins\DDNCadAddins\DDNCadAddins.csproj]
D:\leaveblackgithub\DDNCadAddins\src\DDNCadAddins\DDNCadAddins\Infrastructure\ServiceLocator.cs(195,1): warning SA1028: Code should not contain trailing whitespace (https://github.com/DotNetAnalyzers/StyleCopAnalyzers/blob/master/documentation/SA1028.md) [D:\leaveblackgithub\DDNCadAddins\src\DDNCadAddins\DDNCadAddins\DDNCadAddins.csproj]
D:\leaveblackgithub\DDNCadAddins\src\DDNCadAddins\DDNCadAddins\Infrastructure\ServiceLocator.cs(209,2): warning SA1028: Code should not contain trailing whitespace (https://github.com/DotNetAnalyzers/StyleCopAnalyzers/blob/master/documentation/SA1028.md) [D:\leaveblackgithub\DDNCadAddins\src\DDNCadAddins\DDNCadAddins\DDNCadAddins.csproj]
D:\leaveblackgithub\DDNCadAddins\src\DDNCadAddins\DDNCadAddins\Models\OpResult.cs(1,1): warning SA1633: The file header is missing or not located at the top of the file. (https://github.com/DotNetAnalyzers/StyleCopAnalyzers/blob/master/documentation/SA1633.md) [D:\leaveblackgithub\DDNCadAddins\src\DDNCadAddins\DDNCadAddins\DDNCadAddins.csproj]
D:\leaveblackgithub\DDNCadAddins\src\DDNCadAddins\DDNCadAddins\Models\OpResult.cs(42,18): warning SA1402: File may only contain a single type (https://github.com/DotNetAnalyzers/StyleCopAnalyzers/blob/master/documentation/SA1402.md) [D:\leaveblackgithub\DDNCadAddins\src\DDNCadAddins\DDNCadAddins\DDNCadAddins.csproj]
D:\leaveblackgithub\DDNCadAddins\src\DDNCadAddins\DDNCadAddins\Models\OpResult.cs(15,1): warning SA1028: Code should not contain trailing whitespace (https://github.com/DotNetAnalyzers/StyleCopAnalyzers/blob/master/documentation/SA1028.md) [D:\leaveblackgithub\DDNCadAddins\src\DDNCadAddins\DDNCadAddins\DDNCadAddins.csproj]
D:\leaveblackgithub\DDNCadAddins\src\DDNCadAddins\DDNCadAddins\Models\OpResult.cs(20,1): warning SA1028: Code should not contain trailing whitespace (https://github.com/DotNetAnalyzers/StyleCopAnalyzers/blob/master/documentation/SA1028.md) [D:\leaveblackgithub\DDNCadAddins\src\DDNCadAddins\DDNCadAddins\DDNCadAddins.csproj]
D:\leaveblackgithub\DDNCadAddins\src\DDNCadAddins\DDNCadAddins\Models\OpResult.cs(25,1): warning SA1028: Code should not contain trailing whitespace (https://github.com/DotNetAnalyzers/StyleCopAnalyzers/blob/master/documentation/SA1028.md) [D:\leaveblackgithub\DDNCadAddins\src\DDNCadAddins\DDNCadAddins\DDNCadAddins.csproj]
D:\leaveblackgithub\DDNCadAddins\src\DDNCadAddins\DDNCadAddins\Models\OpResult.cs(37,1): warning SA1028: Code should not contain trailing whitespace (https://github.com/DotNetAnalyzers/StyleCopAnalyzers/blob/master/documentation/SA1028.md) [D:\leaveblackgithub\DDNCadAddins\src\DDNCadAddins\DDNCadAddins\DDNCadAddins.csproj]
D:\leaveblackgithub\DDNCadAddins\src\DDNCadAddins\DDNCadAddins\Models\OpResult.cs(48,1): warning SA1028: Code should not contain trailing whitespace (https://github.com/DotNetAnalyzers/StyleCopAnalyzers/blob/master/documentation/SA1028.md) [D:\leaveblackgithub\DDNCadAddins\src\DDNCadAddins\DDNCadAddins\DDNCadAddins.csproj]
D:\leaveblackgithub\DDNCadAddins\src\DDNCadAddins\DDNCadAddins\Models\OpResult.cs(60,2): warning SA1028: Code should not contain trailing whitespace (https://github.com/DotNetAnalyzers/StyleCopAnalyzers/blob/master/documentation/SA1028.md) [D:\leaveblackgithub\DDNCadAddins\src\DDNCadAddins\DDNCadAddins\DDNCadAddins.csproj]
D:\leaveblackgithub\DDNCadAddins\src\DDNCadAddins\DDNCadAddins\Models\OperationResult.cs(1,1): warning SA1633: The file header is missing or not located at the top of the file. (https://github.com/DotNetAnalyzers/StyleCopAnalyzers/blob/master/documentation/SA1633.md) [D:\leaveblackgithub\DDNCadAddins\src\DDNCadAddins\DDNCadAddins\DDNCadAddins.csproj]
D:\leaveblackgithub\DDNCadAddins\src\DDNCadAddins\DDNCadAddins\Models\OperationResult.cs(8,22): warning SA1649: File name should match first type name. (https://github.com/DotNetAnalyzers/StyleCopAnalyzers/blob/master/documentation/SA1649.md) [D:\leaveblackgithub\DDNCadAddins\src\DDNCadAddins\DDNCadAddins\DDNCadAddins.csproj]
D:\leaveblackgithub\DDNCadAddins\src\DDNCadAddins\DDNCadAddins\Models\OperationResult.cs(200,18): warning SA1402: File may only contain a single type (https://github.com/DotNetAnalyzers/StyleCopAnalyzers/blob/master/documentation/SA1402.md) [D:\leaveblackgithub\DDNCadAddins\src\DDNCadAddins\DDNCadAddins\DDNCadAddins.csproj]
D:\leaveblackgithub\DDNCadAddins\src\DDNCadAddins\DDNCadAddins\Models\OperationResult.cs(14,1): warning SA1028: Code should not contain trailing whitespace (https://github.com/DotNetAnalyzers/StyleCopAnalyzers/blob/master/documentation/SA1028.md) [D:\leaveblackgithub\DDNCadAddins\src\DDNCadAddins\DDNCadAddins\DDNCadAddins.csproj]
D:\leaveblackgithub\DDNCadAddins\src\DDNCadAddins\DDNCadAddins\Models\OperationResult.cs(19,1): warning SA1028: Code should not contain trailing whitespace (https://github.com/DotNetAnalyzers/StyleCopAnalyzers/blob/master/documentation/SA1028.md) [D:\leaveblackgithub\DDNCadAddins\src\DDNCadAddins\DDNCadAddins\DDNCadAddins.csproj]
D:\leaveblackgithub\DDNCadAddins\src\DDNCadAddins\DDNCadAddins\Models\OperationResult.cs(24,1): warning SA1028: Code should not contain trailing whitespace (https://github.com/DotNetAnalyzers/StyleCopAnalyzers/blob/master/documentation/SA1028.md) [D:\leaveblackgithub\DDNCadAddins\src\DDNCadAddins\DDNCadAddins\DDNCadAddins.csproj]
D:\leaveblackgithub\DDNCadAddins\src\DDNCadAddins\DDNCadAddins\Models\OperationResult.cs(29,1): warning SA1028: Code should not contain trailing whitespace (https://github.com/DotNetAnalyzers/StyleCopAnalyzers/blob/master/documentation/SA1028.md) [D:\leaveblackgithub\DDNCadAddins\src\DDNCadAddins\DDNCadAddins\DDNCadAddins.csproj]
D:\leaveblackgithub\DDNCadAddins\src\DDNCadAddins\DDNCadAddins\Models\OperationResult.cs(35,1): warning SA1028: Code should not contain trailing whitespace (https://github.com/DotNetAnalyzers/StyleCopAnalyzers/blob/master/documentation/SA1028.md) [D:\leaveblackgithub\DDNCadAddins\src\DDNCadAddins\DDNCadAddins\DDNCadAddins.csproj]
D:\leaveblackgithub\DDNCadAddins\src\DDNCadAddins\DDNCadAddins\Models\OperationResult.cs(47,1): warning SA1028: Code should not contain trailing whitespace (https://github.com/DotNetAnalyzers/StyleCopAnalyzers/blob/master/documentation/SA1028.md) [D:\leaveblackgithub\DDNCadAddins\src\DDNCadAddins\DDNCadAddins\DDNCadAddins.csproj]
D:\leaveblackgithub\DDNCadAddins\src\DDNCadAddins\DDNCadAddins\Models\OperationResult.cs(57,1): warning SA1028: Code should not contain trailing whitespace (https://github.com/DotNetAnalyzers/StyleCopAnalyzers/blob/master/documentation/SA1028.md) [D:\leaveblackgithub\DDNCadAddins\src\DDNCadAddins\DDNCadAddins\DDNCadAddins.csproj]
D:\leaveblackgithub\DDNCadAddins\src\DDNCadAddins\DDNCadAddins\Models\OperationResult.cs(62,1): warning SA1028: Code should not contain trailing whitespace (https://github.com/DotNetAnalyzers/StyleCopAnalyzers/blob/master/documentation/SA1028.md) [D:\leaveblackgithub\DDNCadAddins\src\DDNCadAddins\DDNCadAddins\DDNCadAddins.csproj]
D:\leaveblackgithub\DDNCadAddins\src\DDNCadAddins\DDNCadAddins\Models\OperationResult.cs(67,1): warning SA1028: Code should not contain trailing whitespace (https://github.com/DotNetAnalyzers/StyleCopAnalyzers/blob/master/documentation/SA1028.md) [D:\leaveblackgithub\DDNCadAddins\src\DDNCadAddins\DDNCadAddins\DDNCadAddins.csproj]
D:\leaveblackgithub\DDNCadAddins\src\DDNCadAddins\DDNCadAddins\Models\OperationResult.cs(73,1): warning SA1028: Code should not contain trailing whitespace (https://github.com/DotNetAnalyzers/StyleCopAnalyzers/blob/master/documentation/SA1028.md) [D:\leaveblackgithub\DDNCadAddins\src\DDNCadAddins\DDNCadAddins\DDNCadAddins.csproj]
D:\leaveblackgithub\DDNCadAddins\src\DDNCadAddins\DDNCadAddins\Models\OperationResult.cs(83,1): warning SA1028: Code should not contain trailing whitespace (https://github.com/DotNetAnalyzers/StyleCopAnalyzers/blob/master/documentation/SA1028.md) [D:\leaveblackgithub\DDNCadAddins\src\DDNCadAddins\DDNCadAddins\DDNCadAddins.csproj]
D:\leaveblackgithub\DDNCadAddins\src\DDNCadAddins\DDNCadAddins\Models\OperationResult.cs(88,1): warning SA1028: Code should not contain trailing whitespace (https://github.com/DotNetAnalyzers/StyleCopAnalyzers/blob/master/documentation/SA1028.md) [D:\leaveblackgithub\DDNCadAddins\src\DDNCadAddins\DDNCadAddins\DDNCadAddins.csproj]
D:\leaveblackgithub\DDNCadAddins\src\DDNCadAddins\DDNCadAddins\Models\OperationResult.cs(93,1): warning SA1028: Code should not contain trailing whitespace (https://github.com/DotNetAnalyzers/StyleCopAnalyzers/blob/master/documentation/SA1028.md) [D:\leaveblackgithub\DDNCadAddins\src\DDNCadAddins\DDNCadAddins\DDNCadAddins.csproj]
D:\leaveblackgithub\DDNCadAddins\src\DDNCadAddins\DDNCadAddins\Models\OperationResult.cs(98,1): warning SA1028: Code should not contain trailing whitespace (https://github.com/DotNetAnalyzers/StyleCopAnalyzers/blob/master/documentation/SA1028.md) [D:\leaveblackgithub\DDNCadAddins\src\DDNCadAddins\DDNCadAddins\DDNCadAddins.csproj]
D:\leaveblackgithub\DDNCadAddins\src\DDNCadAddins\DDNCadAddins\Models\OperationResult.cs(103,1): warning SA1028: Code should not contain trailing whitespace (https://github.com/DotNetAnalyzers/StyleCopAnalyzers/blob/master/documentation/SA1028.md) [D:\leaveblackgithub\DDNCadAddins\src\DDNCadAddins\DDNCadAddins\DDNCadAddins.csproj]
D:\leaveblackgithub\DDNCadAddins\src\DDNCadAddins\DDNCadAddins\Models\OperationResult.cs(110,1): warning SA1028: Code should not contain trailing whitespace (https://github.com/DotNetAnalyzers/StyleCopAnalyzers/blob/master/documentation/SA1028.md) [D:\leaveblackgithub\DDNCadAddins\src\DDNCadAddins\DDNCadAddins\DDNCadAddins.csproj]
D:\leaveblackgithub\DDNCadAddins\src\DDNCadAddins\DDNCadAddins\Models\OperationResult.cs(128,1): warning SA1028: Code should not contain trailing whitespace (https://github.com/DotNetAnalyzers/StyleCopAnalyzers/blob/master/documentation/SA1028.md) [D:\leaveblackgithub\DDNCadAddins\src\DDNCadAddins\DDNCadAddins\DDNCadAddins.csproj]
D:\leaveblackgithub\DDNCadAddins\src\DDNCadAddins\DDNCadAddins\Models\OperationResult.cs(136,39): warning SA1028: Code should not contain trailing whitespace (https://github.com/DotNetAnalyzers/StyleCopAnalyzers/blob/master/documentation/SA1028.md) [D:\leaveblackgithub\DDNCadAddins\src\DDNCadAddins\DDNCadAddins\DDNCadAddins.csproj]
D:\leaveblackgithub\DDNCadAddins\src\DDNCadAddins\DDNCadAddins\Models\OperationResult.cs(137,14): warning SA1028: Code should not contain trailing whitespace (https://github.com/DotNetAnalyzers/StyleCopAnalyzers/blob/master/documentation/SA1028.md) [D:\leaveblackgithub\DDNCadAddins\src\DDNCadAddins\DDNCadAddins\DDNCadAddins.csproj]
D:\leaveblackgithub\DDNCadAddins\src\DDNCadAddins\DDNCadAddins\Models\OperationResult.cs(143,1): warning SA1028: Code should not contain trailing whitespace (https://github.com/DotNetAnalyzers/StyleCopAnalyzers/blob/master/documentation/SA1028.md) [D:\leaveblackgithub\DDNCadAddins\src\DDNCadAddins\DDNCadAddins\DDNCadAddins.csproj]
D:\leaveblackgithub\DDNCadAddins\src\DDNCadAddins\DDNCadAddins\Models\OperationResult.cs(152,39): warning SA1028: Code should not contain trailing whitespace (https://github.com/DotNetAnalyzers/StyleCopAnalyzers/blob/master/documentation/SA1028.md) [D:\leaveblackgithub\DDNCadAddins\src\DDNCadAddins\DDNCadAddins\DDNCadAddins.csproj]
D:\leaveblackgithub\DDNCadAddins\src\DDNCadAddins\DDNCadAddins\Models\OperationResult.cs(153,14): warning SA1028: Code should not contain trailing whitespace (https://github.com/DotNetAnalyzers/StyleCopAnalyzers/blob/master/documentation/SA1028.md) [D:\leaveblackgithub\DDNCadAddins\src\DDNCadAddins\DDNCadAddins\DDNCadAddins.csproj]
D:\leaveblackgithub\DDNCadAddins\src\DDNCadAddins\DDNCadAddins\Models\OperationResult.cs(160,1): warning SA1028: Code should not contain trailing whitespace (https://github.com/DotNetAnalyzers/StyleCopAnalyzers/blob/master/documentation/SA1028.md) [D:\leaveblackgithub\DDNCadAddins\src\DDNCadAddins\DDNCadAddins\DDNCadAddins.csproj]
D:\leaveblackgithub\DDNCadAddins\src\DDNCadAddins\DDNCadAddins\Models\OperationResult.cs(169,39): warning SA1028: Code should not contain trailing whitespace (https://github.com/DotNetAnalyzers/StyleCopAnalyzers/blob/master/documentation/SA1028.md) [D:\leaveblackgithub\DDNCadAddins\src\DDNCadAddins\DDNCadAddins\DDNCadAddins.csproj]
D:\leaveblackgithub\DDNCadAddins\src\DDNCadAddins\DDNCadAddins\Models\OperationResult.cs(170,14): warning SA1028: Code should not contain trailing whitespace (https://github.com/DotNetAnalyzers/StyleCopAnalyzers/blob/master/documentation/SA1028.md) [D:\leaveblackgithub\DDNCadAddins\src\DDNCadAddins\DDNCadAddins\DDNCadAddins.csproj]
D:\leaveblackgithub\DDNCadAddins\src\DDNCadAddins\DDNCadAddins\Models\OperationResult.cs(177,1): warning SA1028: Code should not contain trailing whitespace (https://github.com/DotNetAnalyzers/StyleCopAnalyzers/blob/master/documentation/SA1028.md) [D:\leaveblackgithub\DDNCadAddins\src\DDNCadAddins\DDNCadAddins\DDNCadAddins.csproj]
D:\leaveblackgithub\DDNCadAddins\src\DDNCadAddins\DDNCadAddins\Models\OperationResult.cs(186,39): warning SA1028: Code should not contain trailing whitespace (https://github.com/DotNetAnalyzers/StyleCopAnalyzers/blob/master/documentation/SA1028.md) [D:\leaveblackgithub\DDNCadAddins\src\DDNCadAddins\DDNCadAddins\DDNCadAddins.csproj]
D:\leaveblackgithub\DDNCadAddins\src\DDNCadAddins\DDNCadAddins\Models\OperationResult.cs(187,14): warning SA1028: Code should not contain trailing whitespace (https://github.com/DotNetAnalyzers/StyleCopAnalyzers/blob/master/documentation/SA1028.md) [D:\leaveblackgithub\DDNCadAddins\src\DDNCadAddins\DDNCadAddins\DDNCadAddins.csproj]
D:\leaveblackgithub\DDNCadAddins\src\DDNCadAddins\DDNCadAddins\Models\OperationResult.cs(195,1): warning SA1028: Code should not contain trailing whitespace (https://github.com/DotNetAnalyzers/StyleCopAnalyzers/blob/master/documentation/SA1028.md) [D:\leaveblackgithub\DDNCadAddins\src\DDNCadAddins\DDNCadAddins\DDNCadAddins.csproj]
D:\leaveblackgithub\DDNCadAddins\src\DDNCadAddins\DDNCadAddins\Models\OperationResult.cs(206,1): warning SA1028: Code should not contain trailing whitespace (https://github.com/DotNetAnalyzers/StyleCopAnalyzers/blob/master/documentation/SA1028.md) [D:\leaveblackgithub\DDNCadAddins\src\DDNCadAddins\DDNCadAddins\DDNCadAddins.csproj]
D:\leaveblackgithub\DDNCadAddins\src\DDNCadAddins\DDNCadAddins\Models\OperationResult.cs(215,42): warning SA1028: Code should not contain trailing whitespace (https://github.com/DotNetAnalyzers/StyleCopAnalyzers/blob/master/documentation/SA1028.md) [D:\leaveblackgithub\DDNCadAddins\src\DDNCadAddins\DDNCadAddins\DDNCadAddins.csproj]
D:\leaveblackgithub\DDNCadAddins\src\DDNCadAddins\DDNCadAddins\Models\OperationResult.cs(216,14): warning SA1028: Code should not contain trailing whitespace (https://github.com/DotNetAnalyzers/StyleCopAnalyzers/blob/master/documentation/SA1028.md) [D:\leaveblackgithub\DDNCadAddins\src\DDNCadAddins\DDNCadAddins\DDNCadAddins.csproj]
D:\leaveblackgithub\DDNCadAddins\src\DDNCadAddins\DDNCadAddins\Models\OperationResult.cs(223,1): warning SA1028: Code should not contain trailing whitespace (https://github.com/DotNetAnalyzers/StyleCopAnalyzers/blob/master/documentation/SA1028.md) [D:\leaveblackgithub\DDNCadAddins\src\DDNCadAddins\DDNCadAddins\DDNCadAddins.csproj]
D:\leaveblackgithub\DDNCadAddins\src\DDNCadAddins\DDNCadAddins\Models\OperationResult.cs(233,42): warning SA1028: Code should not contain trailing whitespace (https://github.com/DotNetAnalyzers/StyleCopAnalyzers/blob/master/documentation/SA1028.md) [D:\leaveblackgithub\DDNCadAddins\src\DDNCadAddins\DDNCadAddins\DDNCadAddins.csproj]
D:\leaveblackgithub\DDNCadAddins\src\DDNCadAddins\DDNCadAddins\Models\OperationResult.cs(234,14): warning SA1028: Code should not contain trailing whitespace (https://github.com/DotNetAnalyzers/StyleCopAnalyzers/blob/master/documentation/SA1028.md) [D:\leaveblackgithub\DDNCadAddins\src\DDNCadAddins\DDNCadAddins\DDNCadAddins.csproj]
D:\leaveblackgithub\DDNCadAddins\src\DDNCadAddins\DDNCadAddins\Models\OperationResult.cs(242,1): warning SA1028: Code should not contain trailing whitespace (https://github.com/DotNetAnalyzers/StyleCopAnalyzers/blob/master/documentation/SA1028.md) [D:\leaveblackgithub\DDNCadAddins\src\DDNCadAddins\DDNCadAddins\DDNCadAddins.csproj]
D:\leaveblackgithub\DDNCadAddins\src\DDNCadAddins\DDNCadAddins\Models\OperationResult.cs(251,42): warning SA1028: Code should not contain trailing whitespace (https://github.com/DotNetAnalyzers/StyleCopAnalyzers/blob/master/documentation/SA1028.md) [D:\leaveblackgithub\DDNCadAddins\src\DDNCadAddins\DDNCadAddins\DDNCadAddins.csproj]
D:\leaveblackgithub\DDNCadAddins\src\DDNCadAddins\DDNCadAddins\Models\OperationResult.cs(252,14): warning SA1028: Code should not contain trailing whitespace (https://github.com/DotNetAnalyzers/StyleCopAnalyzers/blob/master/documentation/SA1028.md) [D:\leaveblackgithub\DDNCadAddins\src\DDNCadAddins\DDNCadAddins\DDNCadAddins.csproj]
D:\leaveblackgithub\DDNCadAddins\src\DDNCadAddins\DDNCadAddins\Models\OperationResult.cs(259,1): warning SA1028: Code should not contain trailing whitespace (https://github.com/DotNetAnalyzers/StyleCopAnalyzers/blob/master/documentation/SA1028.md) [D:\leaveblackgithub\DDNCadAddins\src\DDNCadAddins\DDNCadAddins\DDNCadAddins.csproj]
D:\leaveblackgithub\DDNCadAddins\src\DDNCadAddins\DDNCadAddins\Models\OperationResult.cs(268,42): warning SA1028: Code should not contain trailing whitespace (https://github.com/DotNetAnalyzers/StyleCopAnalyzers/blob/master/documentation/SA1028.md) [D:\leaveblackgithub\DDNCadAddins\src\DDNCadAddins\DDNCadAddins\DDNCadAddins.csproj]
D:\leaveblackgithub\DDNCadAddins\src\DDNCadAddins\DDNCadAddins\Models\OperationResult.cs(269,14): warning SA1028: Code should not contain trailing whitespace (https://github.com/DotNetAnalyzers/StyleCopAnalyzers/blob/master/documentation/SA1028.md) [D:\leaveblackgithub\DDNCadAddins\src\DDNCadAddins\DDNCadAddins\DDNCadAddins.csproj]
D:\leaveblackgithub\DDNCadAddins\src\DDNCadAddins\DDNCadAddins\Models\OperationResult.cs(277,2): warning SA1028: Code should not contain trailing whitespace (https://github.com/DotNetAnalyzers/StyleCopAnalyzers/blob/master/documentation/SA1028.md) [D:\leaveblackgithub\DDNCadAddins\src\DDNCadAddins\DDNCadAddins\DDNCadAddins.csproj]
D:\leaveblackgithub\DDNCadAddins\src\DDNCadAddins\DDNCadAddins\Models\XClippedBlockInfo.cs(1,1): warning SA1633: The file header is missing or not located at the top of the file. (https://github.com/DotNetAnalyzers/StyleCopAnalyzers/blob/master/documentation/SA1633.md) [D:\leaveblackgithub\DDNCadAddins\src\DDNCadAddins\DDNCadAddins\DDNCadAddins.csproj]
D:\leaveblackgithub\DDNCadAddins\src\DDNCadAddins\DDNCadAddins\Models\XClippedBlockInfo.cs(14,1): warning SA1028: Code should not contain trailing whitespace (https://github.com/DotNetAnalyzers/StyleCopAnalyzers/blob/master/documentation/SA1028.md) [D:\leaveblackgithub\DDNCadAddins\src\DDNCadAddins\DDNCadAddins\DDNCadAddins.csproj]
D:\leaveblackgithub\DDNCadAddins\src\DDNCadAddins\DDNCadAddins\Models\XClippedBlockInfo.cs(19,1): warning SA1028: Code should not contain trailing whitespace (https://github.com/DotNetAnalyzers/StyleCopAnalyzers/blob/master/documentation/SA1028.md) [D:\leaveblackgithub\DDNCadAddins\src\DDNCadAddins\DDNCadAddins\DDNCadAddins.csproj]
D:\leaveblackgithub\DDNCadAddins\src\DDNCadAddins\DDNCadAddins\Models\XClippedBlockInfo.cs(24,1): warning SA1028: Code should not contain trailing whitespace (https://github.com/DotNetAnalyzers/StyleCopAnalyzers/blob/master/documentation/SA1028.md) [D:\leaveblackgithub\DDNCadAddins\src\DDNCadAddins\DDNCadAddins\DDNCadAddins.csproj]
D:\leaveblackgithub\DDNCadAddins\src\DDNCadAddins\DDNCadAddins\Models\XClippedBlockInfo.cs(30,2): warning SA1028: Code should not contain trailing whitespace (https://github.com/DotNetAnalyzers/StyleCopAnalyzers/blob/master/documentation/SA1028.md) [D:\leaveblackgithub\DDNCadAddins\src\DDNCadAddins\DDNCadAddins\DDNCadAddins.csproj]
D:\leaveblackgithub\DDNCadAddins\src\DDNCadAddins\DDNCadAddins\Services\AcadUserInterfaceService.cs(1,1): warning SA1633: The file header is missing or not located at the top of the file. (https://github.com/DotNetAnalyzers/StyleCopAnalyzers/blob/master/documentation/SA1633.md) [D:\leaveblackgithub\DDNCadAddins\src\DDNCadAddins\DDNCadAddins\DDNCadAddins.csproj]
D:\leaveblackgithub\DDNCadAddins\src\DDNCadAddins\DDNCadAddins\Services\AcadUserInterfaceService.cs(64,14): warning SA1513: Closing brace should be followed by blank line (https://github.com/DotNetAnalyzers/StyleCopAnalyzers/blob/master/documentation/SA1513.md) [D:\leaveblackgithub\DDNCadAddins\src\DDNCadAddins\DDNCadAddins\DDNCadAddins.csproj]
D:\leaveblackgithub\DDNCadAddins\src\DDNCadAddins\DDNCadAddins\Services\AcadUserInterfaceService.cs(10,1): warning SA1515: Single-line comment should be preceded by blank line (https://github.com/DotNetAnalyzers/StyleCopAnalyzers/blob/master/documentation/SA1515.md) [D:\leaveblackgithub\DDNCadAddins\src\DDNCadAddins\DDNCadAddins\DDNCadAddins.csproj]
D:\leaveblackgithub\DDNCadAddins\src\DDNCadAddins\DDNCadAddins\Services\AcadUserInterfaceService.cs(23,1): warning SA1028: Code should not contain trailing whitespace (https://github.com/DotNetAnalyzers/StyleCopAnalyzers/blob/master/documentation/SA1028.md) [D:\leaveblackgithub\DDNCadAddins\src\DDNCadAddins\DDNCadAddins\DDNCadAddins.csproj]
D:\leaveblackgithub\DDNCadAddins\src\DDNCadAddins\DDNCadAddins\Services\AcadUserInterfaceService.cs(34,1): warning SA1028: Code should not contain trailing whitespace (https://github.com/DotNetAnalyzers/StyleCopAnalyzers/blob/master/documentation/SA1028.md) [D:\leaveblackgithub\DDNCadAddins\src\DDNCadAddins\DDNCadAddins\DDNCadAddins.csproj]
D:\leaveblackgithub\DDNCadAddins\src\DDNCadAddins\DDNCadAddins\Services\AcadUserInterfaceService.cs(43,1): warning SA1028: Code should not contain trailing whitespace (https://github.com/DotNetAnalyzers/StyleCopAnalyzers/blob/master/documentation/SA1028.md) [D:\leaveblackgithub\DDNCadAddins\src\DDNCadAddins\DDNCadAddins\DDNCadAddins.csproj]
D:\leaveblackgithub\DDNCadAddins\src\DDNCadAddins\DDNCadAddins\Services\AcadUserInterfaceService.cs(52,1): warning SA1028: Code should not contain trailing whitespace (https://github.com/DotNetAnalyzers/StyleCopAnalyzers/blob/master/documentation/SA1028.md) [D:\leaveblackgithub\DDNCadAddins\src\DDNCadAddins\DDNCadAddins\DDNCadAddins.csproj]
D:\leaveblackgithub\DDNCadAddins\src\DDNCadAddins\DDNCadAddins\Services\AcadUserInterfaceService.cs(67,1): warning SA1028: Code should not contain trailing whitespace (https://github.com/DotNetAnalyzers/StyleCopAnalyzers/blob/master/documentation/SA1028.md) [D:\leaveblackgithub\DDNCadAddins\src\DDNCadAddins\DDNCadAddins\DDNCadAddins.csproj]
D:\leaveblackgithub\DDNCadAddins\src\DDNCadAddins\DDNCadAddins\Services\AcadUserInterfaceService.cs(78,1): warning SA1028: Code should not contain trailing whitespace (https://github.com/DotNetAnalyzers/StyleCopAnalyzers/blob/master/documentation/SA1028.md) [D:\leaveblackgithub\DDNCadAddins\src\DDNCadAddins\DDNCadAddins\DDNCadAddins.csproj]
D:\leaveblackgithub\DDNCadAddins\src\DDNCadAddins\DDNCadAddins\Services\AcadUserInterfaceService.cs(82,1): warning SA1028: Code should not contain trailing whitespace (https://github.com/DotNetAnalyzers/StyleCopAnalyzers/blob/master/documentation/SA1028.md) [D:\leaveblackgithub\DDNCadAddins\src\DDNCadAddins\DDNCadAddins\DDNCadAddins.csproj]
D:\leaveblackgithub\DDNCadAddins\src\DDNCadAddins\DDNCadAddins\Services\AcadUserInterfaceService.cs(88,1): warning SA1028: Code should not contain trailing whitespace (https://github.com/DotNetAnalyzers/StyleCopAnalyzers/blob/master/documentation/SA1028.md) [D:\leaveblackgithub\DDNCadAddins\src\DDNCadAddins\DDNCadAddins\DDNCadAddins.csproj]
D:\leaveblackgithub\DDNCadAddins\src\DDNCadAddins\DDNCadAddins\Services\AcadUserInterfaceService.cs(92,1): warning SA1028: Code should not contain trailing whitespace (https://github.com/DotNetAnalyzers/StyleCopAnalyzers/blob/master/documentation/SA1028.md) [D:\leaveblackgithub\DDNCadAddins\src\DDNCadAddins\DDNCadAddins\DDNCadAddins.csproj]
D:\leaveblackgithub\DDNCadAddins\src\DDNCadAddins\DDNCadAddins\Services\AcadUserInterfaceService.cs(99,1): warning SA1028: Code should not contain trailing whitespace (https://github.com/DotNetAnalyzers/StyleCopAnalyzers/blob/master/documentation/SA1028.md) [D:\leaveblackgithub\DDNCadAddins\src\DDNCadAddins\DDNCadAddins\DDNCadAddins.csproj]
D:\leaveblackgithub\DDNCadAddins\src\DDNCadAddins\DDNCadAddins\Services\AcadUserInterfaceService.cs(105,1): warning SA1028: Code should not contain trailing whitespace (https://github.com/DotNetAnalyzers/StyleCopAnalyzers/blob/master/documentation/SA1028.md) [D:\leaveblackgithub\DDNCadAddins\src\DDNCadAddins\DDNCadAddins\DDNCadAddins.csproj]
D:\leaveblackgithub\DDNCadAddins\src\DDNCadAddins\DDNCadAddins\Services\AcadUserInterfaceService.cs(108,1): warning SA1028: Code should not contain trailing whitespace (https://github.com/DotNetAnalyzers/StyleCopAnalyzers/blob/master/documentation/SA1028.md) [D:\leaveblackgithub\DDNCadAddins\src\DDNCadAddins\DDNCadAddins\DDNCadAddins.csproj]
D:\leaveblackgithub\DDNCadAddins\src\DDNCadAddins\DDNCadAddins\Services\AcadUserInterfaceService.cs(117,1): warning SA1028: Code should not contain trailing whitespace (https://github.com/DotNetAnalyzers/StyleCopAnalyzers/blob/master/documentation/SA1028.md) [D:\leaveblackgithub\DDNCadAddins\src\DDNCadAddins\DDNCadAddins\DDNCadAddins.csproj]
D:\leaveblackgithub\DDNCadAddins\src\DDNCadAddins\DDNCadAddins\Services\AcadUserInterfaceService.cs(126,1): warning SA1028: Code should not contain trailing whitespace (https://github.com/DotNetAnalyzers/StyleCopAnalyzers/blob/master/documentation/SA1028.md) [D:\leaveblackgithub\DDNCadAddins\src\DDNCadAddins\DDNCadAddins\DDNCadAddins.csproj]
D:\leaveblackgithub\DDNCadAddins\src\DDNCadAddins\DDNCadAddins\Services\AcadUserInterfaceService.cs(132,1): warning SA1028: Code should not contain trailing whitespace (https://github.com/DotNetAnalyzers/StyleCopAnalyzers/blob/master/documentation/SA1028.md) [D:\leaveblackgithub\DDNCadAddins\src\DDNCadAddins\DDNCadAddins\DDNCadAddins.csproj]
D:\leaveblackgithub\DDNCadAddins\src\DDNCadAddins\DDNCadAddins\Services\AcadUserInterfaceService.cs(136,1): warning SA1028: Code should not contain trailing whitespace (https://github.com/DotNetAnalyzers/StyleCopAnalyzers/blob/master/documentation/SA1028.md) [D:\leaveblackgithub\DDNCadAddins\src\DDNCadAddins\DDNCadAddins\DDNCadAddins.csproj]
D:\leaveblackgithub\DDNCadAddins\src\DDNCadAddins\DDNCadAddins\Services\AcadUserInterfaceService.cs(145,1): warning SA1028: Code should not contain trailing whitespace (https://github.com/DotNetAnalyzers/StyleCopAnalyzers/blob/master/documentation/SA1028.md) [D:\leaveblackgithub\DDNCadAddins\src\DDNCadAddins\DDNCadAddins\DDNCadAddins.csproj]
D:\leaveblackgithub\DDNCadAddins\src\DDNCadAddins\DDNCadAddins\Services\AcadUserInterfaceService.cs(155,1): warning SA1028: Code should not contain trailing whitespace (https://github.com/DotNetAnalyzers/StyleCopAnalyzers/blob/master/documentation/SA1028.md) [D:\leaveblackgithub\DDNCadAddins\src\DDNCadAddins\DDNCadAddins\DDNCadAddins.csproj]
D:\leaveblackgithub\DDNCadAddins\src\DDNCadAddins\DDNCadAddins\Services\AcadUserInterfaceService.cs(161,1): warning SA1028: Code should not contain trailing whitespace (https://github.com/DotNetAnalyzers/StyleCopAnalyzers/blob/master/documentation/SA1028.md) [D:\leaveblackgithub\DDNCadAddins\src\DDNCadAddins\DDNCadAddins\DDNCadAddins.csproj]
D:\leaveblackgithub\DDNCadAddins\src\DDNCadAddins\DDNCadAddins\Services\AcadUserInterfaceService.cs(163,55): warning SA1028: Code should not contain trailing whitespace (https://github.com/DotNetAnalyzers/StyleCopAnalyzers/blob/master/documentation/SA1028.md) [D:\leaveblackgithub\DDNCadAddins\src\DDNCadAddins\DDNCadAddins\DDNCadAddins.csproj]
D:\leaveblackgithub\DDNCadAddins\src\DDNCadAddins\DDNCadAddins\Services\AcadUserInterfaceService.cs(166,1): warning SA1028: Code should not contain trailing whitespace (https://github.com/DotNetAnalyzers/StyleCopAnalyzers/blob/master/documentation/SA1028.md) [D:\leaveblackgithub\DDNCadAddins\src\DDNCadAddins\DDNCadAddins\DDNCadAddins.csproj]
D:\leaveblackgithub\DDNCadAddins\src\DDNCadAddins\DDNCadAddins\Services\AcadUserInterfaceService.cs(176,1): warning SA1028: Code should not contain trailing whitespace (https://github.com/DotNetAnalyzers/StyleCopAnalyzers/blob/master/documentation/SA1028.md) [D:\leaveblackgithub\DDNCadAddins\src\DDNCadAddins\DDNCadAddins\DDNCadAddins.csproj]
D:\leaveblackgithub\DDNCadAddins\src\DDNCadAddins\DDNCadAddins\Services\AcadUserInterfaceService.cs(182,1): warning SA1028: Code should not contain trailing whitespace (https://github.com/DotNetAnalyzers/StyleCopAnalyzers/blob/master/documentation/SA1028.md) [D:\leaveblackgithub\DDNCadAddins\src\DDNCadAddins\DDNCadAddins\DDNCadAddins.csproj]
D:\leaveblackgithub\DDNCadAddins\src\DDNCadAddins\DDNCadAddins\Services\AcadUserInterfaceService.cs(184,55): warning SA1028: Code should not contain trailing whitespace (https://github.com/DotNetAnalyzers/StyleCopAnalyzers/blob/master/documentation/SA1028.md) [D:\leaveblackgithub\DDNCadAddins\src\DDNCadAddins\DDNCadAddins\DDNCadAddins.csproj]
D:\leaveblackgithub\DDNCadAddins\src\DDNCadAddins\DDNCadAddins\Services\AcadUserInterfaceService.cs(187,1): warning SA1028: Code should not contain trailing whitespace (https://github.com/DotNetAnalyzers/StyleCopAnalyzers/blob/master/documentation/SA1028.md) [D:\leaveblackgithub\DDNCadAddins\src\DDNCadAddins\DDNCadAddins\DDNCadAddins.csproj]
D:\leaveblackgithub\DDNCadAddins\src\DDNCadAddins\DDNCadAddins\Services\AcadUserInterfaceService.cs(204,1): warning SA1028: Code should not contain trailing whitespace (https://github.com/DotNetAnalyzers/StyleCopAnalyzers/blob/master/documentation/SA1028.md) [D:\leaveblackgithub\DDNCadAddins\src\DDNCadAddins\DDNCadAddins\DDNCadAddins.csproj]
D:\leaveblackgithub\DDNCadAddins\src\DDNCadAddins\DDNCadAddins\Services\AcadUserInterfaceService.cs(214,2): warning SA1028: Code should not contain trailing whitespace (https://github.com/DotNetAnalyzers/StyleCopAnalyzers/blob/master/documentation/SA1028.md) [D:\leaveblackgithub\DDNCadAddins\src\DDNCadAddins\DDNCadAddins\DDNCadAddins.csproj]
D:\leaveblackgithub\DDNCadAddins\src\DDNCadAddins\DDNCadAddins\Services\AcadViewService.cs(1,1): warning SA1633: The file header is missing or not located at the top of the file. (https://github.com/DotNetAnalyzers/StyleCopAnalyzers/blob/master/documentation/SA1633.md) [D:\leaveblackgithub\DDNCadAddins\src\DDNCadAddins\DDNCadAddins\DDNCadAddins.csproj]
D:\leaveblackgithub\DDNCadAddins\src\DDNCadAddins\DDNCadAddins\Services\AcadViewService.cs(97,18): warning SA1513: Closing brace should be followed by blank line (https://github.com/DotNetAnalyzers/StyleCopAnalyzers/blob/master/documentation/SA1513.md) [D:\leaveblackgithub\DDNCadAddins\src\DDNCadAddins\DDNCadAddins\DDNCadAddins.csproj]
D:\leaveblackgithub\DDNCadAddins\src\DDNCadAddins\DDNCadAddins\Services\AcadViewService.cs(51,17): warning SA1009: Closing parenthesis should not be preceded by a space. (https://github.com/DotNetAnalyzers/StyleCopAnalyzers/blob/master/documentation/SA1009.md) [D:\leaveblackgithub\DDNCadAddins\src\DDNCadAddins\DDNCadAddins\DDNCadAddins.csproj]
D:\leaveblackgithub\DDNCadAddins\src\DDNCadAddins\DDNCadAddins\Services\AcadViewService.cs(20,1): warning SA1028: Code should not contain trailing whitespace (https://github.com/DotNetAnalyzers/StyleCopAnalyzers/blob/master/documentation/SA1028.md) [D:\leaveblackgithub\DDNCadAddins\src\DDNCadAddins\DDNCadAddins\DDNCadAddins.csproj]
D:\leaveblackgithub\DDNCadAddins\src\DDNCadAddins\DDNCadAddins\Services\AcadViewService.cs(31,1): warning SA1028: Code should not contain trailing whitespace (https://github.com/DotNetAnalyzers/StyleCopAnalyzers/blob/master/documentation/SA1028.md) [D:\leaveblackgithub\DDNCadAddins\src\DDNCadAddins\DDNCadAddins\DDNCadAddins.csproj]
D:\leaveblackgithub\DDNCadAddins\src\DDNCadAddins\DDNCadAddins\Services\AcadViewService.cs(42,1): warning SA1028: Code should not contain trailing whitespace (https://github.com/DotNetAnalyzers/StyleCopAnalyzers/blob/master/documentation/SA1028.md) [D:\leaveblackgithub\DDNCadAddins\src\DDNCadAddins\DDNCadAddins\DDNCadAddins.csproj]
D:\leaveblackgithub\DDNCadAddins\src\DDNCadAddins\DDNCadAddins\Services\AcadViewService.cs(45,1): warning SA1028: Code should not contain trailing whitespace (https://github.com/DotNetAnalyzers/StyleCopAnalyzers/blob/master/documentation/SA1028.md) [D:\leaveblackgithub\DDNCadAddins\src\DDNCadAddins\DDNCadAddins\DDNCadAddins.csproj]
D:\leaveblackgithub\DDNCadAddins\src\DDNCadAddins\DDNCadAddins\Services\AcadViewService.cs(52,1): warning SA1028: Code should not contain trailing whitespace (https://github.com/DotNetAnalyzers/StyleCopAnalyzers/blob/master/documentation/SA1028.md) [D:\leaveblackgithub\DDNCadAddins\src\DDNCadAddins\DDNCadAddins\DDNCadAddins.csproj]
D:\leaveblackgithub\DDNCadAddins\src\DDNCadAddins\DDNCadAddins\Services\AcadViewService.cs(64,1): warning SA1028: Code should not contain trailing whitespace (https://github.com/DotNetAnalyzers/StyleCopAnalyzers/blob/master/documentation/SA1028.md) [D:\leaveblackgithub\DDNCadAddins\src\DDNCadAddins\DDNCadAddins\DDNCadAddins.csproj]
D:\leaveblackgithub\DDNCadAddins\src\DDNCadAddins\DDNCadAddins\Services\AcadViewService.cs(67,1): warning SA1028: Code should not contain trailing whitespace (https://github.com/DotNetAnalyzers/StyleCopAnalyzers/blob/master/documentation/SA1028.md) [D:\leaveblackgithub\DDNCadAddins\src\DDNCadAddins\DDNCadAddins\DDNCadAddins.csproj]
D:\leaveblackgithub\DDNCadAddins\src\DDNCadAddins\DDNCadAddins\Services\AcadViewService.cs(71,1): warning SA1028: Code should not contain trailing whitespace (https://github.com/DotNetAnalyzers/StyleCopAnalyzers/blob/master/documentation/SA1028.md) [D:\leaveblackgithub\DDNCadAddins\src\DDNCadAddins\DDNCadAddins\DDNCadAddins.csproj]
D:\leaveblackgithub\DDNCadAddins\src\DDNCadAddins\DDNCadAddins\Services\AcadViewService.cs(81,1): warning SA1028: Code should not contain trailing whitespace (https://github.com/DotNetAnalyzers/StyleCopAnalyzers/blob/master/documentation/SA1028.md) [D:\leaveblackgithub\DDNCadAddins\src\DDNCadAddins\DDNCadAddins\DDNCadAddins.csproj]
D:\leaveblackgithub\DDNCadAddins\src\DDNCadAddins\DDNCadAddins\Services\AcadViewService.cs(85,1): warning SA1028: Code should not contain trailing whitespace (https://github.com/DotNetAnalyzers/StyleCopAnalyzers/blob/master/documentation/SA1028.md) [D:\leaveblackgithub\DDNCadAddins\src\DDNCadAddins\DDNCadAddins\DDNCadAddins.csproj]
D:\leaveblackgithub\DDNCadAddins\src\DDNCadAddins\DDNCadAddins\Services\AcadViewService.cs(101,1): warning SA1028: Code should not contain trailing whitespace (https://github.com/DotNetAnalyzers/StyleCopAnalyzers/blob/master/documentation/SA1028.md) [D:\leaveblackgithub\DDNCadAddins\src\DDNCadAddins\DDNCadAddins\DDNCadAddins.csproj]
D:\leaveblackgithub\DDNCadAddins\src\DDNCadAddins\DDNCadAddins\Services\AcadViewService.cs(113,1): warning SA1028: Code should not contain trailing whitespace (https://github.com/DotNetAnalyzers/StyleCopAnalyzers/blob/master/documentation/SA1028.md) [D:\leaveblackgithub\DDNCadAddins\src\DDNCadAddins\DDNCadAddins\DDNCadAddins.csproj]
D:\leaveblackgithub\DDNCadAddins\src\DDNCadAddins\DDNCadAddins\Services\AcadViewService.cs(118,1): warning SA1028: Code should not contain trailing whitespace (https://github.com/DotNetAnalyzers/StyleCopAnalyzers/blob/master/documentation/SA1028.md) [D:\leaveblackgithub\DDNCadAddins\src\DDNCadAddins\DDNCadAddins\DDNCadAddins.csproj]
D:\leaveblackgithub\DDNCadAddins\src\DDNCadAddins\DDNCadAddins\Services\AcadViewService.cs(120,1): warning SA1028: Code should not contain trailing whitespace (https://github.com/DotNetAnalyzers/StyleCopAnalyzers/blob/master/documentation/SA1028.md) [D:\leaveblackgithub\DDNCadAddins\src\DDNCadAddins\DDNCadAddins\DDNCadAddins.csproj]
D:\leaveblackgithub\DDNCadAddins\src\DDNCadAddins\DDNCadAddins\Services\AcadViewService.cs(125,1): warning SA1028: Code should not contain trailing whitespace (https://github.com/DotNetAnalyzers/StyleCopAnalyzers/blob/master/documentation/SA1028.md) [D:\leaveblackgithub\DDNCadAddins\src\DDNCadAddins\DDNCadAddins\DDNCadAddins.csproj]
D:\leaveblackgithub\DDNCadAddins\src\DDNCadAddins\DDNCadAddins\Services\AcadViewService.cs(134,2): warning SA1028: Code should not contain trailing whitespace (https://github.com/DotNetAnalyzers/StyleCopAnalyzers/blob/master/documentation/SA1028.md) [D:\leaveblackgithub\DDNCadAddins\src\DDNCadAddins\DDNCadAddins\DDNCadAddins.csproj]
D:\leaveblackgithub\DDNCadAddins\src\DDNCadAddins\DDNCadAddins\Services\BlockDataService.cs(1,1): warning SA1633: The file header is missing or not located at the top of the file. (https://github.com/DotNetAnalyzers/StyleCopAnalyzers/blob/master/documentation/SA1633.md) [D:\leaveblackgithub\DDNCadAddins\src\DDNCadAddins\DDNCadAddins\DDNCadAddins.csproj]
D:\leaveblackgithub\DDNCadAddins\src\DDNCadAddins\DDNCadAddins\Services\BlockDataService.cs(20,44): warning SA1028: Code should not contain trailing whitespace (https://github.com/DotNetAnalyzers/StyleCopAnalyzers/blob/master/documentation/SA1028.md) [D:\leaveblackgithub\DDNCadAddins\src\DDNCadAddins\DDNCadAddins\DDNCadAddins.csproj]
D:\leaveblackgithub\DDNCadAddins\src\DDNCadAddins\DDNCadAddins\Services\BlockDataService.cs(25,1): warning SA1028: Code should not contain trailing whitespace (https://github.com/DotNetAnalyzers/StyleCopAnalyzers/blob/master/documentation/SA1028.md) [D:\leaveblackgithub\DDNCadAddins\src\DDNCadAddins\DDNCadAddins\DDNCadAddins.csproj]
D:\leaveblackgithub\DDNCadAddins\src\DDNCadAddins\DDNCadAddins\Services\BlockDataService.cs(28,1): warning SA1028: Code should not contain trailing whitespace (https://github.com/DotNetAnalyzers/StyleCopAnalyzers/blob/master/documentation/SA1028.md) [D:\leaveblackgithub\DDNCadAddins\src\DDNCadAddins\DDNCadAddins\DDNCadAddins.csproj]
D:\leaveblackgithub\DDNCadAddins\src\DDNCadAddins\DDNCadAddins\Services\BlockDataService.cs(30,1): warning SA1028: Code should not contain trailing whitespace (https://github.com/DotNetAnalyzers/StyleCopAnalyzers/blob/master/documentation/SA1028.md) [D:\leaveblackgithub\DDNCadAddins\src\DDNCadAddins\DDNCadAddins\DDNCadAddins.csproj]
D:\leaveblackgithub\DDNCadAddins\src\DDNCadAddins\DDNCadAddins\Services\BlockDataService.cs(35,1): warning SA1028: Code should not contain trailing whitespace (https://github.com/DotNetAnalyzers/StyleCopAnalyzers/blob/master/documentation/SA1028.md) [D:\leaveblackgithub\DDNCadAddins\src\DDNCadAddins\DDNCadAddins\DDNCadAddins.csproj]
D:\leaveblackgithub\DDNCadAddins\src\DDNCadAddins\DDNCadAddins\Services\BlockDataService.cs(41,1): warning SA1028: Code should not contain trailing whitespace (https://github.com/DotNetAnalyzers/StyleCopAnalyzers/blob/master/documentation/SA1028.md) [D:\leaveblackgithub\DDNCadAddins\src\DDNCadAddins\DDNCadAddins\DDNCadAddins.csproj]
D:\leaveblackgithub\DDNCadAddins\src\DDNCadAddins\DDNCadAddins\Services\BlockDataService.cs(47,1): warning SA1028: Code should not contain trailing whitespace (https://github.com/DotNetAnalyzers/StyleCopAnalyzers/blob/master/documentation/SA1028.md) [D:\leaveblackgithub\DDNCadAddins\src\DDNCadAddins\DDNCadAddins\DDNCadAddins.csproj]
D:\leaveblackgithub\DDNCadAddins\src\DDNCadAddins\DDNCadAddins\Services\BlockDataService.cs(51,1): warning SA1028: Code should not contain trailing whitespace (https://github.com/DotNetAnalyzers/StyleCopAnalyzers/blob/master/documentation/SA1028.md) [D:\leaveblackgithub\DDNCadAddins\src\DDNCadAddins\DDNCadAddins\DDNCadAddins.csproj]
D:\leaveblackgithub\DDNCadAddins\src\DDNCadAddins\DDNCadAddins\Services\BlockDataService.cs(58,1): warning SA1028: Code should not contain trailing whitespace (https://github.com/DotNetAnalyzers/StyleCopAnalyzers/blob/master/documentation/SA1028.md) [D:\leaveblackgithub\DDNCadAddins\src\DDNCadAddins\DDNCadAddins\DDNCadAddins.csproj]
D:\leaveblackgithub\DDNCadAddins\src\DDNCadAddins\DDNCadAddins\Services\BlockDataService.cs(67,1): warning SA1028: Code should not contain trailing whitespace (https://github.com/DotNetAnalyzers/StyleCopAnalyzers/blob/master/documentation/SA1028.md) [D:\leaveblackgithub\DDNCadAddins\src\DDNCadAddins\DDNCadAddins\DDNCadAddins.csproj]
D:\leaveblackgithub\DDNCadAddins\src\DDNCadAddins\DDNCadAddins\Services\BlockDataService.cs(73,1): warning SA1028: Code should not contain trailing whitespace (https://github.com/DotNetAnalyzers/StyleCopAnalyzers/blob/master/documentation/SA1028.md) [D:\leaveblackgithub\DDNCadAddins\src\DDNCadAddins\DDNCadAddins\DDNCadAddins.csproj]
D:\leaveblackgithub\DDNCadAddins\src\DDNCadAddins\DDNCadAddins\Services\BlockDataService.cs(77,1): warning SA1028: Code should not contain trailing whitespace (https://github.com/DotNetAnalyzers/StyleCopAnalyzers/blob/master/documentation/SA1028.md) [D:\leaveblackgithub\DDNCadAddins\src\DDNCadAddins\DDNCadAddins\DDNCadAddins.csproj]
D:\leaveblackgithub\DDNCadAddins\src\DDNCadAddins\DDNCadAddins\Services\BlockDataService.cs(89,2): warning SA1028: Code should not contain trailing whitespace (https://github.com/DotNetAnalyzers/StyleCopAnalyzers/blob/master/documentation/SA1028.md) [D:\leaveblackgithub\DDNCadAddins\src\DDNCadAddins\DDNCadAddins\DDNCadAddins.csproj]
D:\leaveblackgithub\DDNCadAddins\src\DDNCadAddins\DDNCadAddins\Services\BlockReferenceService.cs(1,1): warning SA1633: The file header is missing or not located at the top of the file. (https://github.com/DotNetAnalyzers/StyleCopAnalyzers/blob/master/documentation/SA1633.md) [D:\leaveblackgithub\DDNCadAddins\src\DDNCadAddins\DDNCadAddins\DDNCadAddins.csproj]
D:\leaveblackgithub\DDNCadAddins\src\DDNCadAddins\DDNCadAddins\Services\BlockReferenceService.cs(19,1): warning SA1028: Code should not contain trailing whitespace (https://github.com/DotNetAnalyzers/StyleCopAnalyzers/blob/master/documentation/SA1028.md) [D:\leaveblackgithub\DDNCadAddins\src\DDNCadAddins\DDNCadAddins\DDNCadAddins.csproj]
D:\leaveblackgithub\DDNCadAddins\src\DDNCadAddins\DDNCadAddins\Services\BlockReferenceService.cs(30,1): warning SA1028: Code should not contain trailing whitespace (https://github.com/DotNetAnalyzers/StyleCopAnalyzers/blob/master/documentation/SA1028.md) [D:\leaveblackgithub\DDNCadAddins\src\DDNCadAddins\DDNCadAddins\DDNCadAddins.csproj]
D:\leaveblackgithub\DDNCadAddins\src\DDNCadAddins\DDNCadAddins\Services\BlockReferenceService.cs(42,1): warning SA1028: Code should not contain trailing whitespace (https://github.com/DotNetAnalyzers/StyleCopAnalyzers/blob/master/documentation/SA1028.md) [D:\leaveblackgithub\DDNCadAddins\src\DDNCadAddins\DDNCadAddins\DDNCadAddins.csproj]
D:\leaveblackgithub\DDNCadAddins\src\DDNCadAddins\DDNCadAddins\Services\BlockReferenceService.cs(53,1): warning SA1028: Code should not contain trailing whitespace (https://github.com/DotNetAnalyzers/StyleCopAnalyzers/blob/master/documentation/SA1028.md) [D:\leaveblackgithub\DDNCadAddins\src\DDNCadAddins\DDNCadAddins\DDNCadAddins.csproj]
D:\leaveblackgithub\DDNCadAddins\src\DDNCadAddins\DDNCadAddins\Services\BlockReferenceService.cs(63,1): warning SA1028: Code should not contain trailing whitespace (https://github.com/DotNetAnalyzers/StyleCopAnalyzers/blob/master/documentation/SA1028.md) [D:\leaveblackgithub\DDNCadAddins\src\DDNCadAddins\DDNCadAddins\DDNCadAddins.csproj]
D:\leaveblackgithub\DDNCadAddins\src\DDNCadAddins\DDNCadAddins\Services\BlockReferenceService.cs(74,1): warning SA1028: Code should not contain trailing whitespace (https://github.com/DotNetAnalyzers/StyleCopAnalyzers/blob/master/documentation/SA1028.md) [D:\leaveblackgithub\DDNCadAddins\src\DDNCadAddins\DDNCadAddins\DDNCadAddins.csproj]
D:\leaveblackgithub\DDNCadAddins\src\DDNCadAddins\DDNCadAddins\Services\BlockReferenceService.cs(85,1): warning SA1028: Code should not contain trailing whitespace (https://github.com/DotNetAnalyzers/StyleCopAnalyzers/blob/master/documentation/SA1028.md) [D:\leaveblackgithub\DDNCadAddins\src\DDNCadAddins\DDNCadAddins\DDNCadAddins.csproj]
D:\leaveblackgithub\DDNCadAddins\src\DDNCadAddins\DDNCadAddins\Services\BlockReferenceService.cs(91,1): warning SA1028: Code should not contain trailing whitespace (https://github.com/DotNetAnalyzers/StyleCopAnalyzers/blob/master/documentation/SA1028.md) [D:\leaveblackgithub\DDNCadAddins\src\DDNCadAddins\DDNCadAddins\DDNCadAddins.csproj]
D:\leaveblackgithub\DDNCadAddins\src\DDNCadAddins\DDNCadAddins\Services\BlockReferenceService.cs(100,1): warning SA1028: Code should not contain trailing whitespace (https://github.com/DotNetAnalyzers/StyleCopAnalyzers/blob/master/documentation/SA1028.md) [D:\leaveblackgithub\DDNCadAddins\src\DDNCadAddins\DDNCadAddins\DDNCadAddins.csproj]
D:\leaveblackgithub\DDNCadAddins\src\DDNCadAddins\DDNCadAddins\Services\BlockReferenceService.cs(113,1): warning SA1028: Code should not contain trailing whitespace (https://github.com/DotNetAnalyzers/StyleCopAnalyzers/blob/master/documentation/SA1028.md) [D:\leaveblackgithub\DDNCadAddins\src\DDNCadAddins\DDNCadAddins\DDNCadAddins.csproj]
D:\leaveblackgithub\DDNCadAddins\src\DDNCadAddins\DDNCadAddins\Services\BlockReferenceService.cs(118,1): warning SA1028: Code should not contain trailing whitespace (https://github.com/DotNetAnalyzers/StyleCopAnalyzers/blob/master/documentation/SA1028.md) [D:\leaveblackgithub\DDNCadAddins\src\DDNCadAddins\DDNCadAddins\DDNCadAddins.csproj]
D:\leaveblackgithub\DDNCadAddins\src\DDNCadAddins\DDNCadAddins\Services\BlockReferenceService.cs(123,1): warning SA1028: Code should not contain trailing whitespace (https://github.com/DotNetAnalyzers/StyleCopAnalyzers/blob/master/documentation/SA1028.md) [D:\leaveblackgithub\DDNCadAddins\src\DDNCadAddins\DDNCadAddins\DDNCadAddins.csproj]
D:\leaveblackgithub\DDNCadAddins\src\DDNCadAddins\DDNCadAddins\Services\BlockReferenceService.cs(127,1): warning SA1028: Code should not contain trailing whitespace (https://github.com/DotNetAnalyzers/StyleCopAnalyzers/blob/master/documentation/SA1028.md) [D:\leaveblackgithub\DDNCadAddins\src\DDNCadAddins\DDNCadAddins\DDNCadAddins.csproj]
D:\leaveblackgithub\DDNCadAddins\src\DDNCadAddins\DDNCadAddins\Services\BlockReferenceService.cs(130,1): warning SA1028: Code should not contain trailing whitespace (https://github.com/DotNetAnalyzers/StyleCopAnalyzers/blob/master/documentation/SA1028.md) [D:\leaveblackgithub\DDNCadAddins\src\DDNCadAddins\DDNCadAddins\DDNCadAddins.csproj]
D:\leaveblackgithub\DDNCadAddins\src\DDNCadAddins\DDNCadAddins\Services\BlockReferenceService.cs(133,1): warning SA1028: Code should not contain trailing whitespace (https://github.com/DotNetAnalyzers/StyleCopAnalyzers/blob/master/documentation/SA1028.md) [D:\leaveblackgithub\DDNCadAddins\src\DDNCadAddins\DDNCadAddins\DDNCadAddins.csproj]
D:\leaveblackgithub\DDNCadAddins\src\DDNCadAddins\DDNCadAddins\Services\BlockReferenceService.cs(138,1): warning SA1028: Code should not contain trailing whitespace (https://github.com/DotNetAnalyzers/StyleCopAnalyzers/blob/master/documentation/SA1028.md) [D:\leaveblackgithub\DDNCadAddins\src\DDNCadAddins\DDNCadAddins\DDNCadAddins.csproj]
D:\leaveblackgithub\DDNCadAddins\src\DDNCadAddins\DDNCadAddins\Services\BlockReferenceService.cs(141,1): warning SA1028: Code should not contain trailing whitespace (https://github.com/DotNetAnalyzers/StyleCopAnalyzers/blob/master/documentation/SA1028.md) [D:\leaveblackgithub\DDNCadAddins\src\DDNCadAddins\DDNCadAddins\DDNCadAddins.csproj]
D:\leaveblackgithub\DDNCadAddins\src\DDNCadAddins\DDNCadAddins\Services\BlockReferenceService.cs(147,1): warning SA1028: Code should not contain trailing whitespace (https://github.com/DotNetAnalyzers/StyleCopAnalyzers/blob/master/documentation/SA1028.md) [D:\leaveblackgithub\DDNCadAddins\src\DDNCadAddins\DDNCadAddins\DDNCadAddins.csproj]
D:\leaveblackgithub\DDNCadAddins\src\DDNCadAddins\DDNCadAddins\Services\BlockReferenceService.cs(157,1): warning SA1028: Code should not contain trailing whitespace (https://github.com/DotNetAnalyzers/StyleCopAnalyzers/blob/master/documentation/SA1028.md) [D:\leaveblackgithub\DDNCadAddins\src\DDNCadAddins\DDNCadAddins\DDNCadAddins.csproj]
D:\leaveblackgithub\DDNCadAddins\src\DDNCadAddins\DDNCadAddins\Services\BlockReferenceService.cs(169,1): warning SA1028: Code should not contain trailing whitespace (https://github.com/DotNetAnalyzers/StyleCopAnalyzers/blob/master/documentation/SA1028.md) [D:\leaveblackgithub\DDNCadAddins\src\DDNCadAddins\DDNCadAddins\DDNCadAddins.csproj]
D:\leaveblackgithub\DDNCadAddins\src\DDNCadAddins\DDNCadAddins\Services\BlockReferenceService.cs(176,1): warning SA1028: Code should not contain trailing whitespace (https://github.com/DotNetAnalyzers/StyleCopAnalyzers/blob/master/documentation/SA1028.md) [D:\leaveblackgithub\DDNCadAddins\src\DDNCadAddins\DDNCadAddins\DDNCadAddins.csproj]
D:\leaveblackgithub\DDNCadAddins\src\DDNCadAddins\DDNCadAddins\Services\BlockReferenceService.cs(186,1): warning SA1028: Code should not contain trailing whitespace (https://github.com/DotNetAnalyzers/StyleCopAnalyzers/blob/master/documentation/SA1028.md) [D:\leaveblackgithub\DDNCadAddins\src\DDNCadAddins\DDNCadAddins\DDNCadAddins.csproj]
D:\leaveblackgithub\DDNCadAddins\src\DDNCadAddins\DDNCadAddins\Services\BlockReferenceService.cs(196,1): warning SA1028: Code should not contain trailing whitespace (https://github.com/DotNetAnalyzers/StyleCopAnalyzers/blob/master/documentation/SA1028.md) [D:\leaveblackgithub\DDNCadAddins\src\DDNCadAddins\DDNCadAddins\DDNCadAddins.csproj]
D:\leaveblackgithub\DDNCadAddins\src\DDNCadAddins\DDNCadAddins\Services\BlockReferenceService.cs(203,1): warning SA1028: Code should not contain trailing whitespace (https://github.com/DotNetAnalyzers/StyleCopAnalyzers/blob/master/documentation/SA1028.md) [D:\leaveblackgithub\DDNCadAddins\src\DDNCadAddins\DDNCadAddins\DDNCadAddins.csproj]
D:\leaveblackgithub\DDNCadAddins\src\DDNCadAddins\DDNCadAddins\Services\BlockReferenceService.cs(205,1): warning SA1028: Code should not contain trailing whitespace (https://github.com/DotNetAnalyzers/StyleCopAnalyzers/blob/master/documentation/SA1028.md) [D:\leaveblackgithub\DDNCadAddins\src\DDNCadAddins\DDNCadAddins\DDNCadAddins.csproj]
D:\leaveblackgithub\DDNCadAddins\src\DDNCadAddins\DDNCadAddins\Services\BlockReferenceService.cs(212,1): warning SA1028: Code should not contain trailing whitespace (https://github.com/DotNetAnalyzers/StyleCopAnalyzers/blob/master/documentation/SA1028.md) [D:\leaveblackgithub\DDNCadAddins\src\DDNCadAddins\DDNCadAddins\DDNCadAddins.csproj]
D:\leaveblackgithub\DDNCadAddins\src\DDNCadAddins\DDNCadAddins\Services\BlockReferenceService.cs(221,1): warning SA1028: Code should not contain trailing whitespace (https://github.com/DotNetAnalyzers/StyleCopAnalyzers/blob/master/documentation/SA1028.md) [D:\leaveblackgithub\DDNCadAddins\src\DDNCadAddins\DDNCadAddins\DDNCadAddins.csproj]
D:\leaveblackgithub\DDNCadAddins\src\DDNCadAddins\DDNCadAddins\Services\BlockReferenceService.cs(232,1): warning SA1028: Code should not contain trailing whitespace (https://github.com/DotNetAnalyzers/StyleCopAnalyzers/blob/master/documentation/SA1028.md) [D:\leaveblackgithub\DDNCadAddins\src\DDNCadAddins\DDNCadAddins\DDNCadAddins.csproj]
D:\leaveblackgithub\DDNCadAddins\src\DDNCadAddins\DDNCadAddins\Services\BlockReferenceService.cs(235,1): warning SA1028: Code should not contain trailing whitespace (https://github.com/DotNetAnalyzers/StyleCopAnalyzers/blob/master/documentation/SA1028.md) [D:\leaveblackgithub\DDNCadAddins\src\DDNCadAddins\DDNCadAddins\DDNCadAddins.csproj]
D:\leaveblackgithub\DDNCadAddins\src\DDNCadAddins\DDNCadAddins\Services\BlockReferenceService.cs(248,1): warning SA1028: Code should not contain trailing whitespace (https://github.com/DotNetAnalyzers/StyleCopAnalyzers/blob/master/documentation/SA1028.md) [D:\leaveblackgithub\DDNCadAddins\src\DDNCadAddins\DDNCadAddins\DDNCadAddins.csproj]
D:\leaveblackgithub\DDNCadAddins\src\DDNCadAddins\DDNCadAddins\Services\BlockReferenceService.cs(257,89): warning SA1028: Code should not contain trailing whitespace (https://github.com/DotNetAnalyzers/StyleCopAnalyzers/blob/master/documentation/SA1028.md) [D:\leaveblackgithub\DDNCadAddins\src\DDNCadAddins\DDNCadAddins\DDNCadAddins.csproj]
D:\leaveblackgithub\DDNCadAddins\src\DDNCadAddins\DDNCadAddins\Services\BlockReferenceService.cs(267,1): warning SA1028: Code should not contain trailing whitespace (https://github.com/DotNetAnalyzers/StyleCopAnalyzers/blob/master/documentation/SA1028.md) [D:\leaveblackgithub\DDNCadAddins\src\DDNCadAddins\DDNCadAddins\DDNCadAddins.csproj]
D:\leaveblackgithub\DDNCadAddins\src\DDNCadAddins\DDNCadAddins\Services\BlockReferenceService.cs(278,1): warning SA1028: Code should not contain trailing whitespace (https://github.com/DotNetAnalyzers/StyleCopAnalyzers/blob/master/documentation/SA1028.md) [D:\leaveblackgithub\DDNCadAddins\src\DDNCadAddins\DDNCadAddins\DDNCadAddins.csproj]
D:\leaveblackgithub\DDNCadAddins\src\DDNCadAddins\DDNCadAddins\Services\BlockReferenceService.cs(287,1): warning SA1028: Code should not contain trailing whitespace (https://github.com/DotNetAnalyzers/StyleCopAnalyzers/blob/master/documentation/SA1028.md) [D:\leaveblackgithub\DDNCadAddins\src\DDNCadAddins\DDNCadAddins\DDNCadAddins.csproj]
D:\leaveblackgithub\DDNCadAddins\src\DDNCadAddins\DDNCadAddins\Services\BlockReferenceService.cs(299,1): warning SA1028: Code should not contain trailing whitespace (https://github.com/DotNetAnalyzers/StyleCopAnalyzers/blob/master/documentation/SA1028.md) [D:\leaveblackgithub\DDNCadAddins\src\DDNCadAddins\DDNCadAddins\DDNCadAddins.csproj]
D:\leaveblackgithub\DDNCadAddins\src\DDNCadAddins\DDNCadAddins\Services\BlockReferenceService.cs(301,1): warning SA1028: Code should not contain trailing whitespace (https://github.com/DotNetAnalyzers/StyleCopAnalyzers/blob/master/documentation/SA1028.md) [D:\leaveblackgithub\DDNCadAddins\src\DDNCadAddins\DDNCadAddins\DDNCadAddins.csproj]
D:\leaveblackgithub\DDNCadAddins\src\DDNCadAddins\DDNCadAddins\Services\BlockReferenceService.cs(307,1): warning SA1028: Code should not contain trailing whitespace (https://github.com/DotNetAnalyzers/StyleCopAnalyzers/blob/master/documentation/SA1028.md) [D:\leaveblackgithub\DDNCadAddins\src\DDNCadAddins\DDNCadAddins\DDNCadAddins.csproj]
D:\leaveblackgithub\DDNCadAddins\src\DDNCadAddins\DDNCadAddins\Services\BlockReferenceService.cs(311,1): warning SA1028: Code should not contain trailing whitespace (https://github.com/DotNetAnalyzers/StyleCopAnalyzers/blob/master/documentation/SA1028.md) [D:\leaveblackgithub\DDNCadAddins\src\DDNCadAddins\DDNCadAddins\DDNCadAddins.csproj]
D:\leaveblackgithub\DDNCadAddins\src\DDNCadAddins\DDNCadAddins\Services\BlockReferenceService.cs(315,1): warning SA1028: Code should not contain trailing whitespace (https://github.com/DotNetAnalyzers/StyleCopAnalyzers/blob/master/documentation/SA1028.md) [D:\leaveblackgithub\DDNCadAddins\src\DDNCadAddins\DDNCadAddins\DDNCadAddins.csproj]
D:\leaveblackgithub\DDNCadAddins\src\DDNCadAddins\DDNCadAddins\Services\BlockReferenceService.cs(328,2): warning SA1028: Code should not contain trailing whitespace (https://github.com/DotNetAnalyzers/StyleCopAnalyzers/blob/master/documentation/SA1028.md) [D:\leaveblackgithub\DDNCadAddins\src\DDNCadAddins\DDNCadAddins\DDNCadAddins.csproj]
D:\leaveblackgithub\DDNCadAddins\src\DDNCadAddins\DDNCadAddins\Services\CsvExportService.cs(1,1): warning SA1633: The file header is missing or not located at the top of the file. (https://github.com/DotNetAnalyzers/StyleCopAnalyzers/blob/master/documentation/SA1633.md) [D:\leaveblackgithub\DDNCadAddins\src\DDNCadAddins\DDNCadAddins\DDNCadAddins.csproj]
D:\leaveblackgithub\DDNCadAddins\src\DDNCadAddins\DDNCadAddins\Services\CsvExportService.cs(9,1): warning SA1515: Single-line comment should be preceded by blank line (https://github.com/DotNetAnalyzers/StyleCopAnalyzers/blob/master/documentation/SA1515.md) [D:\leaveblackgithub\DDNCadAddins\src\DDNCadAddins\DDNCadAddins\DDNCadAddins.csproj]
D:\leaveblackgithub\DDNCadAddins\src\DDNCadAddins\DDNCadAddins\Services\CsvExportService.cs(122,17): warning SA1515: Single-line comment should be preceded by blank line (https://github.com/DotNetAnalyzers/StyleCopAnalyzers/blob/master/documentation/SA1515.md) [D:\leaveblackgithub\DDNCadAddins\src\DDNCadAddins\DDNCadAddins\DDNCadAddins.csproj]
D:\leaveblackgithub\DDNCadAddins\src\DDNCadAddins\DDNCadAddins\Services\CsvExportService.cs(25,1): warning SA1028: Code should not contain trailing whitespace (https://github.com/DotNetAnalyzers/StyleCopAnalyzers/blob/master/documentation/SA1028.md) [D:\leaveblackgithub\DDNCadAddins\src\DDNCadAddins\DDNCadAddins\DDNCadAddins.csproj]
D:\leaveblackgithub\DDNCadAddins\src\DDNCadAddins\DDNCadAddins\Services\CsvExportService.cs(40,1): warning SA1028: Code should not contain trailing whitespace (https://github.com/DotNetAnalyzers/StyleCopAnalyzers/blob/master/documentation/SA1028.md) [D:\leaveblackgithub\DDNCadAddins\src\DDNCadAddins\DDNCadAddins\DDNCadAddins.csproj]
D:\leaveblackgithub\DDNCadAddins\src\DDNCadAddins\DDNCadAddins\Services\CsvExportService.cs(43,1): warning SA1028: Code should not contain trailing whitespace (https://github.com/DotNetAnalyzers/StyleCopAnalyzers/blob/master/documentation/SA1028.md) [D:\leaveblackgithub\DDNCadAddins\src\DDNCadAddins\DDNCadAddins\DDNCadAddins.csproj]
D:\leaveblackgithub\DDNCadAddins\src\DDNCadAddins\DDNCadAddins\Services\CsvExportService.cs(46,1): warning SA1028: Code should not contain trailing whitespace (https://github.com/DotNetAnalyzers/StyleCopAnalyzers/blob/master/documentation/SA1028.md) [D:\leaveblackgithub\DDNCadAddins\src\DDNCadAddins\DDNCadAddins\DDNCadAddins.csproj]
D:\leaveblackgithub\DDNCadAddins\src\DDNCadAddins\DDNCadAddins\Services\CsvExportService.cs(48,1): warning SA1028: Code should not contain trailing whitespace (https://github.com/DotNetAnalyzers/StyleCopAnalyzers/blob/master/documentation/SA1028.md) [D:\leaveblackgithub\DDNCadAddins\src\DDNCadAddins\DDNCadAddins\DDNCadAddins.csproj]
D:\leaveblackgithub\DDNCadAddins\src\DDNCadAddins\DDNCadAddins\Services\CsvExportService.cs(54,1): warning SA1028: Code should not contain trailing whitespace (https://github.com/DotNetAnalyzers/StyleCopAnalyzers/blob/master/documentation/SA1028.md) [D:\leaveblackgithub\DDNCadAddins\src\DDNCadAddins\DDNCadAddins\DDNCadAddins.csproj]
D:\leaveblackgithub\DDNCadAddins\src\DDNCadAddins\DDNCadAddins\Services\CsvExportService.cs(60,1): warning SA1028: Code should not contain trailing whitespace (https://github.com/DotNetAnalyzers/StyleCopAnalyzers/blob/master/documentation/SA1028.md) [D:\leaveblackgithub\DDNCadAddins\src\DDNCadAddins\DDNCadAddins\DDNCadAddins.csproj]
D:\leaveblackgithub\DDNCadAddins\src\DDNCadAddins\DDNCadAddins\Services\CsvExportService.cs(65,1): warning SA1028: Code should not contain trailing whitespace (https://github.com/DotNetAnalyzers/StyleCopAnalyzers/blob/master/documentation/SA1028.md) [D:\leaveblackgithub\DDNCadAddins\src\DDNCadAddins\DDNCadAddins\DDNCadAddins.csproj]
D:\leaveblackgithub\DDNCadAddins\src\DDNCadAddins\DDNCadAddins\Services\CsvExportService.cs(72,1): warning SA1028: Code should not contain trailing whitespace (https://github.com/DotNetAnalyzers/StyleCopAnalyzers/blob/master/documentation/SA1028.md) [D:\leaveblackgithub\DDNCadAddins\src\DDNCadAddins\DDNCadAddins\DDNCadAddins.csproj]
D:\leaveblackgithub\DDNCadAddins\src\DDNCadAddins\DDNCadAddins\Services\CsvExportService.cs(77,1): warning SA1028: Code should not contain trailing whitespace (https://github.com/DotNetAnalyzers/StyleCopAnalyzers/blob/master/documentation/SA1028.md) [D:\leaveblackgithub\DDNCadAddins\src\DDNCadAddins\DDNCadAddins\DDNCadAddins.csproj]
D:\leaveblackgithub\DDNCadAddins\src\DDNCadAddins\DDNCadAddins\Services\CsvExportService.cs(90,1): warning SA1028: Code should not contain trailing whitespace (https://github.com/DotNetAnalyzers/StyleCopAnalyzers/blob/master/documentation/SA1028.md) [D:\leaveblackgithub\DDNCadAddins\src\DDNCadAddins\DDNCadAddins\DDNCadAddins.csproj]
D:\leaveblackgithub\DDNCadAddins\src\DDNCadAddins\DDNCadAddins\Services\CsvExportService.cs(95,1): warning SA1028: Code should not contain trailing whitespace (https://github.com/DotNetAnalyzers/StyleCopAnalyzers/blob/master/documentation/SA1028.md) [D:\leaveblackgithub\DDNCadAddins\src\DDNCadAddins\DDNCadAddins\DDNCadAddins.csproj]
D:\leaveblackgithub\DDNCadAddins\src\DDNCadAddins\DDNCadAddins\Services\CsvExportService.cs(105,1): warning SA1028: Code should not contain trailing whitespace (https://github.com/DotNetAnalyzers/StyleCopAnalyzers/blob/master/documentation/SA1028.md) [D:\leaveblackgithub\DDNCadAddins\src\DDNCadAddins\DDNCadAddins\DDNCadAddins.csproj]
D:\leaveblackgithub\DDNCadAddins\src\DDNCadAddins\DDNCadAddins\Services\CsvExportService.cs(113,1): warning SA1028: Code should not contain trailing whitespace (https://github.com/DotNetAnalyzers/StyleCopAnalyzers/blob/master/documentation/SA1028.md) [D:\leaveblackgithub\DDNCadAddins\src\DDNCadAddins\DDNCadAddins\DDNCadAddins.csproj]
D:\leaveblackgithub\DDNCadAddins\src\DDNCadAddins\DDNCadAddins\Services\CsvExportService.cs(115,80): warning SA1028: Code should not contain trailing whitespace (https://github.com/DotNetAnalyzers/StyleCopAnalyzers/blob/master/documentation/SA1028.md) [D:\leaveblackgithub\DDNCadAddins\src\DDNCadAddins\DDNCadAddins\DDNCadAddins.csproj]
D:\leaveblackgithub\DDNCadAddins\src\DDNCadAddins\DDNCadAddins\Services\CsvExportService.cs(117,1): warning SA1028: Code should not contain trailing whitespace (https://github.com/DotNetAnalyzers/StyleCopAnalyzers/blob/master/documentation/SA1028.md) [D:\leaveblackgithub\DDNCadAddins\src\DDNCadAddins\DDNCadAddins\DDNCadAddins.csproj]
D:\leaveblackgithub\DDNCadAddins\src\DDNCadAddins\DDNCadAddins\Services\CsvExportService.cs(125,1): warning SA1028: Code should not contain trailing whitespace (https://github.com/DotNetAnalyzers/StyleCopAnalyzers/blob/master/documentation/SA1028.md) [D:\leaveblackgithub\DDNCadAddins\src\DDNCadAddins\DDNCadAddins\DDNCadAddins.csproj]
D:\leaveblackgithub\DDNCadAddins\src\DDNCadAddins\DDNCadAddins\Services\CsvExportService.cs(129,2): warning SA1028: Code should not contain trailing whitespace (https://github.com/DotNetAnalyzers/StyleCopAnalyzers/blob/master/documentation/SA1028.md) [D:\leaveblackgithub\DDNCadAddins\src\DDNCadAddins\DDNCadAddins\DDNCadAddins.csproj]
D:\leaveblackgithub\DDNCadAddins\src\DDNCadAddins\DDNCadAddins\Services\DocumentService.cs(1,1): warning SA1633: The file header is missing or not located at the top of the file. (https://github.com/DotNetAnalyzers/StyleCopAnalyzers/blob/master/documentation/SA1633.md) [D:\leaveblackgithub\DDNCadAddins\src\DDNCadAddins\DDNCadAddins\DDNCadAddins.csproj]
D:\leaveblackgithub\DDNCadAddins\src\DDNCadAddins\DDNCadAddins\Services\DocumentService.cs(6,1): warning SA1515: Single-line comment should be preceded by blank line (https://github.com/DotNetAnalyzers/StyleCopAnalyzers/blob/master/documentation/SA1515.md) [D:\leaveblackgithub\DDNCadAddins\src\DDNCadAddins\DDNCadAddins\DDNCadAddins.csproj]
D:\leaveblackgithub\DDNCadAddins\src\DDNCadAddins\DDNCadAddins\Services\DocumentService.cs(18,1): warning SA1028: Code should not contain trailing whitespace (https://github.com/DotNetAnalyzers/StyleCopAnalyzers/blob/master/documentation/SA1028.md) [D:\leaveblackgithub\DDNCadAddins\src\DDNCadAddins\DDNCadAddins\DDNCadAddins.csproj]
D:\leaveblackgithub\DDNCadAddins\src\DDNCadAddins\DDNCadAddins\Services\DocumentService.cs(27,1): warning SA1028: Code should not contain trailing whitespace (https://github.com/DotNetAnalyzers/StyleCopAnalyzers/blob/master/documentation/SA1028.md) [D:\leaveblackgithub\DDNCadAddins\src\DDNCadAddins\DDNCadAddins\DDNCadAddins.csproj]
D:\leaveblackgithub\DDNCadAddins\src\DDNCadAddins\DDNCadAddins\Services\DocumentService.cs(44,1): warning SA1028: Code should not contain trailing whitespace (https://github.com/DotNetAnalyzers/StyleCopAnalyzers/blob/master/documentation/SA1028.md) [D:\leaveblackgithub\DDNCadAddins\src\DDNCadAddins\DDNCadAddins\DDNCadAddins.csproj]
D:\leaveblackgithub\DDNCadAddins\src\DDNCadAddins\DDNCadAddins\Services\DocumentService.cs(60,1): warning SA1028: Code should not contain trailing whitespace (https://github.com/DotNetAnalyzers/StyleCopAnalyzers/blob/master/documentation/SA1028.md) [D:\leaveblackgithub\DDNCadAddins\src\DDNCadAddins\DDNCadAddins\DDNCadAddins.csproj]
D:\leaveblackgithub\DDNCadAddins\src\DDNCadAddins\DDNCadAddins\Services\DocumentService.cs(69,1): warning SA1028: Code should not contain trailing whitespace (https://github.com/DotNetAnalyzers/StyleCopAnalyzers/blob/master/documentation/SA1028.md) [D:\leaveblackgithub\DDNCadAddins\src\DDNCadAddins\DDNCadAddins\DDNCadAddins.csproj]
D:\leaveblackgithub\DDNCadAddins\src\DDNCadAddins\DDNCadAddins\Services\DocumentService.cs(73,1): warning SA1028: Code should not contain trailing whitespace (https://github.com/DotNetAnalyzers/StyleCopAnalyzers/blob/master/documentation/SA1028.md) [D:\leaveblackgithub\DDNCadAddins\src\DDNCadAddins\DDNCadAddins\DDNCadAddins.csproj]
D:\leaveblackgithub\DDNCadAddins\src\DDNCadAddins\DDNCadAddins\Services\DocumentService.cs(78,1): warning SA1028: Code should not contain trailing whitespace (https://github.com/DotNetAnalyzers/StyleCopAnalyzers/blob/master/documentation/SA1028.md) [D:\leaveblackgithub\DDNCadAddins\src\DDNCadAddins\DDNCadAddins\DDNCadAddins.csproj]
D:\leaveblackgithub\DDNCadAddins\src\DDNCadAddins\DDNCadAddins\Services\DocumentService.cs(99,2): warning SA1028: Code should not contain trailing whitespace (https://github.com/DotNetAnalyzers/StyleCopAnalyzers/blob/master/documentation/SA1028.md) [D:\leaveblackgithub\DDNCadAddins\src\DDNCadAddins\DDNCadAddins\DDNCadAddins.csproj]
D:\leaveblackgithub\DDNCadAddins\src\DDNCadAddins\DDNCadAddins\Services\IAcadService.cs(1,1): warning SA1633: The file header is missing or not located at the top of the file. (https://github.com/DotNetAnalyzers/StyleCopAnalyzers/blob/master/documentation/SA1633.md) [D:\leaveblackgithub\DDNCadAddins\src\DDNCadAddins\DDNCadAddins\DDNCadAddins.csproj]
D:\leaveblackgithub\DDNCadAddins\src\DDNCadAddins\DDNCadAddins\Services\IAcadService.cs(21,1): warning SA1028: Code should not contain trailing whitespace (https://github.com/DotNetAnalyzers/StyleCopAnalyzers/blob/master/documentation/SA1028.md) [D:\leaveblackgithub\DDNCadAddins\src\DDNCadAddins\DDNCadAddins\DDNCadAddins.csproj]
D:\leaveblackgithub\DDNCadAddins\src\DDNCadAddins\DDNCadAddins\Services\IAcadService.cs(27,1): warning SA1028: Code should not contain trailing whitespace (https://github.com/DotNetAnalyzers/StyleCopAnalyzers/blob/master/documentation/SA1028.md) [D:\leaveblackgithub\DDNCadAddins\src\DDNCadAddins\DDNCadAddins\DDNCadAddins.csproj]
D:\leaveblackgithub\DDNCadAddins\src\DDNCadAddins\DDNCadAddins\Services\IAcadService.cs(33,1): warning SA1028: Code should not contain trailing whitespace (https://github.com/DotNetAnalyzers/StyleCopAnalyzers/blob/master/documentation/SA1028.md) [D:\leaveblackgithub\DDNCadAddins\src\DDNCadAddins\DDNCadAddins\DDNCadAddins.csproj]
D:\leaveblackgithub\DDNCadAddins\src\DDNCadAddins\DDNCadAddins\Services\IAcadService.cs(43,1): warning SA1028: Code should not contain trailing whitespace (https://github.com/DotNetAnalyzers/StyleCopAnalyzers/blob/master/documentation/SA1028.md) [D:\leaveblackgithub\DDNCadAddins\src\DDNCadAddins\DDNCadAddins\DDNCadAddins.csproj]
D:\leaveblackgithub\DDNCadAddins\src\DDNCadAddins\DDNCadAddins\Services\IAcadService.cs(52,1): warning SA1028: Code should not contain trailing whitespace (https://github.com/DotNetAnalyzers/StyleCopAnalyzers/blob/master/documentation/SA1028.md) [D:\leaveblackgithub\DDNCadAddins\src\DDNCadAddins\DDNCadAddins\DDNCadAddins.csproj]
D:\leaveblackgithub\DDNCadAddins\src\DDNCadAddins\DDNCadAddins\Services\IAcadService.cs(61,1): warning SA1028: Code should not contain trailing whitespace (https://github.com/DotNetAnalyzers/StyleCopAnalyzers/blob/master/documentation/SA1028.md) [D:\leaveblackgithub\DDNCadAddins\src\DDNCadAddins\DDNCadAddins\DDNCadAddins.csproj]
D:\leaveblackgithub\DDNCadAddins\src\DDNCadAddins\DDNCadAddins\Services\IAcadService.cs(68,1): warning SA1028: Code should not contain trailing whitespace (https://github.com/DotNetAnalyzers/StyleCopAnalyzers/blob/master/documentation/SA1028.md) [D:\leaveblackgithub\DDNCadAddins\src\DDNCadAddins\DDNCadAddins\DDNCadAddins.csproj]
D:\leaveblackgithub\DDNCadAddins\src\DDNCadAddins\DDNCadAddins\Services\IAcadService.cs(76,1): warning SA1028: Code should not contain trailing whitespace (https://github.com/DotNetAnalyzers/StyleCopAnalyzers/blob/master/documentation/SA1028.md) [D:\leaveblackgithub\DDNCadAddins\src\DDNCadAddins\DDNCadAddins\DDNCadAddins.csproj]
D:\leaveblackgithub\DDNCadAddins\src\DDNCadAddins\DDNCadAddins\Services\IAcadService.cs(85,1): warning SA1028: Code should not contain trailing whitespace (https://github.com/DotNetAnalyzers/StyleCopAnalyzers/blob/master/documentation/SA1028.md) [D:\leaveblackgithub\DDNCadAddins\src\DDNCadAddins\DDNCadAddins\DDNCadAddins.csproj]
D:\leaveblackgithub\DDNCadAddins\src\DDNCadAddins\DDNCadAddins\Services\IAcadService.cs(92,1): warning SA1028: Code should not contain trailing whitespace (https://github.com/DotNetAnalyzers/StyleCopAnalyzers/blob/master/documentation/SA1028.md) [D:\leaveblackgithub\DDNCadAddins\src\DDNCadAddins\DDNCadAddins\DDNCadAddins.csproj]
D:\leaveblackgithub\DDNCadAddins\src\DDNCadAddins\DDNCadAddins\Services\IAcadService.cs(101,1): warning SA1028: Code should not contain trailing whitespace (https://github.com/DotNetAnalyzers/StyleCopAnalyzers/blob/master/documentation/SA1028.md) [D:\leaveblackgithub\DDNCadAddins\src\DDNCadAddins\DDNCadAddins\DDNCadAddins.csproj]
D:\leaveblackgithub\DDNCadAddins\src\DDNCadAddins\DDNCadAddins\Services\IAcadService.cs(110,1): warning SA1028: Code should not contain trailing whitespace (https://github.com/DotNetAnalyzers/StyleCopAnalyzers/blob/master/documentation/SA1028.md) [D:\leaveblackgithub\DDNCadAddins\src\DDNCadAddins\DDNCadAddins\DDNCadAddins.csproj]
D:\leaveblackgithub\DDNCadAddins\src\DDNCadAddins\DDNCadAddins\Services\IAcadService.cs(117,2): warning SA1028: Code should not contain trailing whitespace (https://github.com/DotNetAnalyzers/StyleCopAnalyzers/blob/master/documentation/SA1028.md) [D:\leaveblackgithub\DDNCadAddins\src\DDNCadAddins\DDNCadAddins\DDNCadAddins.csproj]
D:\leaveblackgithub\DDNCadAddins\src\DDNCadAddins\DDNCadAddins\Services\IBlockReferenceService.cs(1,1): warning SA1633: The file header is missing or not located at the top of the file. (https://github.com/DotNetAnalyzers/StyleCopAnalyzers/blob/master/documentation/SA1633.md) [D:\leaveblackgithub\DDNCadAddins\src\DDNCadAddins\DDNCadAddins\DDNCadAddins.csproj]
D:\leaveblackgithub\DDNCadAddins\src\DDNCadAddins\DDNCadAddins\Services\IBlockReferenceService.cs(21,1): warning SA1028: Code should not contain trailing whitespace (https://github.com/DotNetAnalyzers/StyleCopAnalyzers/blob/master/documentation/SA1028.md) [D:\leaveblackgithub\DDNCadAddins\src\DDNCadAddins\DDNCadAddins\DDNCadAddins.csproj]
D:\leaveblackgithub\DDNCadAddins\src\DDNCadAddins\DDNCadAddins\Services\IBlockReferenceService.cs(28,1): warning SA1028: Code should not contain trailing whitespace (https://github.com/DotNetAnalyzers/StyleCopAnalyzers/blob/master/documentation/SA1028.md) [D:\leaveblackgithub\DDNCadAddins\src\DDNCadAddins\DDNCadAddins\DDNCadAddins.csproj]
D:\leaveblackgithub\DDNCadAddins\src\DDNCadAddins\DDNCadAddins\Services\IBlockReferenceService.cs(36,1): warning SA1028: Code should not contain trailing whitespace (https://github.com/DotNetAnalyzers/StyleCopAnalyzers/blob/master/documentation/SA1028.md) [D:\leaveblackgithub\DDNCadAddins\src\DDNCadAddins\DDNCadAddins\DDNCadAddins.csproj]
D:\leaveblackgithub\DDNCadAddins\src\DDNCadAddins\DDNCadAddins\Services\IBlockReferenceService.cs(45,1): warning SA1028: Code should not contain trailing whitespace (https://github.com/DotNetAnalyzers/StyleCopAnalyzers/blob/master/documentation/SA1028.md) [D:\leaveblackgithub\DDNCadAddins\src\DDNCadAddins\DDNCadAddins\DDNCadAddins.csproj]
D:\leaveblackgithub\DDNCadAddins\src\DDNCadAddins\DDNCadAddins\Services\IBlockReferenceService.cs(52,1): warning SA1028: Code should not contain trailing whitespace (https://github.com/DotNetAnalyzers/StyleCopAnalyzers/blob/master/documentation/SA1028.md) [D:\leaveblackgithub\DDNCadAddins\src\DDNCadAddins\DDNCadAddins\DDNCadAddins.csproj]
D:\leaveblackgithub\DDNCadAddins\src\DDNCadAddins\DDNCadAddins\Services\IBlockReferenceService.cs(61,1): warning SA1028: Code should not contain trailing whitespace (https://github.com/DotNetAnalyzers/StyleCopAnalyzers/blob/master/documentation/SA1028.md) [D:\leaveblackgithub\DDNCadAddins\src\DDNCadAddins\DDNCadAddins\DDNCadAddins.csproj]
D:\leaveblackgithub\DDNCadAddins\src\DDNCadAddins\DDNCadAddins\Services\IBlockReferenceService.cs(71,2): warning SA1028: Code should not contain trailing whitespace (https://github.com/DotNetAnalyzers/StyleCopAnalyzers/blob/master/documentation/SA1028.md) [D:\leaveblackgithub\DDNCadAddins\src\DDNCadAddins\DDNCadAddins\DDNCadAddins.csproj]
D:\leaveblackgithub\DDNCadAddins\src\DDNCadAddins\DDNCadAddins\Services\IDocumentService.cs(1,1): warning SA1633: The file header is missing or not located at the top of the file. (https://github.com/DotNetAnalyzers/StyleCopAnalyzers/blob/master/documentation/SA1633.md) [D:\leaveblackgithub\DDNCadAddins\src\DDNCadAddins\DDNCadAddins\DDNCadAddins.csproj]
D:\leaveblackgithub\DDNCadAddins\src\DDNCadAddins\DDNCadAddins\Services\IDocumentService.cs(19,1): warning SA1028: Code should not contain trailing whitespace (https://github.com/DotNetAnalyzers/StyleCopAnalyzers/blob/master/documentation/SA1028.md) [D:\leaveblackgithub\DDNCadAddins\src\DDNCadAddins\DDNCadAddins\DDNCadAddins.csproj]
D:\leaveblackgithub\DDNCadAddins\src\DDNCadAddins\DDNCadAddins\Services\IDocumentService.cs(25,1): warning SA1028: Code should not contain trailing whitespace (https://github.com/DotNetAnalyzers/StyleCopAnalyzers/blob/master/documentation/SA1028.md) [D:\leaveblackgithub\DDNCadAddins\src\DDNCadAddins\DDNCadAddins\DDNCadAddins.csproj]
D:\leaveblackgithub\DDNCadAddins\src\DDNCadAddins\DDNCadAddins\Services\IDocumentService.cs(31,1): warning SA1028: Code should not contain trailing whitespace (https://github.com/DotNetAnalyzers/StyleCopAnalyzers/blob/master/documentation/SA1028.md) [D:\leaveblackgithub\DDNCadAddins\src\DDNCadAddins\DDNCadAddins\DDNCadAddins.csproj]
D:\leaveblackgithub\DDNCadAddins\src\DDNCadAddins\DDNCadAddins\Services\IDocumentService.cs(38,2): warning SA1028: Code should not contain trailing whitespace (https://github.com/DotNetAnalyzers/StyleCopAnalyzers/blob/master/documentation/SA1028.md) [D:\leaveblackgithub\DDNCadAddins\src\DDNCadAddins\DDNCadAddins\DDNCadAddins.csproj]
D:\leaveblackgithub\DDNCadAddins\src\DDNCadAddins\DDNCadAddins\Services\ITransactionService.cs(1,1): warning SA1633: The file header is missing or not located at the top of the file. (https://github.com/DotNetAnalyzers/StyleCopAnalyzers/blob/master/documentation/SA1633.md) [D:\leaveblackgithub\DDNCadAddins\src\DDNCadAddins\DDNCadAddins\DDNCadAddins.csproj]
D:\leaveblackgithub\DDNCadAddins\src\DDNCadAddins\DDNCadAddins\Services\ITransactionService.cs(21,1): warning SA1028: Code should not contain trailing whitespace (https://github.com/DotNetAnalyzers/StyleCopAnalyzers/blob/master/documentation/SA1028.md) [D:\leaveblackgithub\DDNCadAddins\src\DDNCadAddins\DDNCadAddins\DDNCadAddins.csproj]
D:\leaveblackgithub\DDNCadAddins\src\DDNCadAddins\DDNCadAddins\Services\ITransactionService.cs(31,2): warning SA1028: Code should not contain trailing whitespace (https://github.com/DotNetAnalyzers/StyleCopAnalyzers/blob/master/documentation/SA1028.md) [D:\leaveblackgithub\DDNCadAddins\src\DDNCadAddins\DDNCadAddins\DDNCadAddins.csproj]
D:\leaveblackgithub\DDNCadAddins\src\DDNCadAddins\DDNCadAddins\Services\AcadService.cs(1,1): warning SA1633: The file header is missing or not located at the top of the file. (https://github.com/DotNetAnalyzers/StyleCopAnalyzers/blob/master/documentation/SA1633.md) [D:\leaveblackgithub\DDNCadAddins\src\DDNCadAddins\DDNCadAddins\DDNCadAddins.csproj]
D:\leaveblackgithub\DDNCadAddins\src\DDNCadAddins\DDNCadAddins\Services\AcadService.cs(20,25): warning SA1649: File name should match first type name. (https://github.com/DotNetAnalyzers/StyleCopAnalyzers/blob/master/documentation/SA1649.md) [D:\leaveblackgithub\DDNCadAddins\src\DDNCadAddins\DDNCadAddins\DDNCadAddins.csproj]
D:\leaveblackgithub\DDNCadAddins\src\DDNCadAddins\DDNCadAddins\Services\AcadService.cs(11,1): warning SA1515: Single-line comment should be preceded by blank line (https://github.com/DotNetAnalyzers/StyleCopAnalyzers/blob/master/documentation/SA1515.md) [D:\leaveblackgithub\DDNCadAddins\src\DDNCadAddins\DDNCadAddins\DDNCadAddins.csproj]
D:\leaveblackgithub\DDNCadAddins\src\DDNCadAddins\DDNCadAddins\Services\AcadService.cs(20,25): warning SA1402: File may only contain a single type (https://github.com/DotNetAnalyzers/StyleCopAnalyzers/blob/master/documentation/SA1402.md) [D:\leaveblackgithub\DDNCadAddins\src\DDNCadAddins\DDNCadAddins\DDNCadAddins.csproj]
D:\leaveblackgithub\DDNCadAddins\src\DDNCadAddins\DDNCadAddins\Services\AcadService.cs(43,1): warning SA1028: Code should not contain trailing whitespace (https://github.com/DotNetAnalyzers/StyleCopAnalyzers/blob/master/documentation/SA1028.md) [D:\leaveblackgithub\DDNCadAddins\src\DDNCadAddins\DDNCadAddins\DDNCadAddins.csproj]
D:\leaveblackgithub\DDNCadAddins\src\DDNCadAddins\DDNCadAddins\Services\AcadService.cs(51,1): warning SA1028: Code should not contain trailing whitespace (https://github.com/DotNetAnalyzers/StyleCopAnalyzers/blob/master/documentation/SA1028.md) [D:\leaveblackgithub\DDNCadAddins\src\DDNCadAddins\DDNCadAddins\DDNCadAddins.csproj]
D:\leaveblackgithub\DDNCadAddins\src\DDNCadAddins\DDNCadAddins\Services\AcadService.cs(57,1): warning SA1028: Code should not contain trailing whitespace (https://github.com/DotNetAnalyzers/StyleCopAnalyzers/blob/master/documentation/SA1028.md) [D:\leaveblackgithub\DDNCadAddins\src\DDNCadAddins\DDNCadAddins\DDNCadAddins.csproj]
D:\leaveblackgithub\DDNCadAddins\src\DDNCadAddins\DDNCadAddins\Services\AcadService.cs(76,1): warning SA1028: Code should not contain trailing whitespace (https://github.com/DotNetAnalyzers/StyleCopAnalyzers/blob/master/documentation/SA1028.md) [D:\leaveblackgithub\DDNCadAddins\src\DDNCadAddins\DDNCadAddins\DDNCadAddins.csproj]
D:\leaveblackgithub\DDNCadAddins\src\DDNCadAddins\DDNCadAddins\Services\AcadService.cs(78,1): warning SA1028: Code should not contain trailing whitespace (https://github.com/DotNetAnalyzers/StyleCopAnalyzers/blob/master/documentation/SA1028.md) [D:\leaveblackgithub\DDNCadAddins\src\DDNCadAddins\DDNCadAddins\DDNCadAddins.csproj]
D:\leaveblackgithub\DDNCadAddins\src\DDNCadAddins\DDNCadAddins\Services\AcadService.cs(87,1): warning SA1028: Code should not contain trailing whitespace (https://github.com/DotNetAnalyzers/StyleCopAnalyzers/blob/master/documentation/SA1028.md) [D:\leaveblackgithub\DDNCadAddins\src\DDNCadAddins\DDNCadAddins\DDNCadAddins.csproj]
D:\leaveblackgithub\DDNCadAddins\src\DDNCadAddins\DDNCadAddins\Services\AcadService.cs(96,1): warning SA1028: Code should not contain trailing whitespace (https://github.com/DotNetAnalyzers/StyleCopAnalyzers/blob/master/documentation/SA1028.md) [D:\leaveblackgithub\DDNCadAddins\src\DDNCadAddins\DDNCadAddins\DDNCadAddins.csproj]
D:\leaveblackgithub\DDNCadAddins\src\DDNCadAddins\DDNCadAddins\Services\AcadService.cs(105,1): warning SA1028: Code should not contain trailing whitespace (https://github.com/DotNetAnalyzers/StyleCopAnalyzers/blob/master/documentation/SA1028.md) [D:\leaveblackgithub\DDNCadAddins\src\DDNCadAddins\DDNCadAddins\DDNCadAddins.csproj]
D:\leaveblackgithub\DDNCadAddins\src\DDNCadAddins\DDNCadAddins\Services\AcadService.cs(114,1): warning SA1028: Code should not contain trailing whitespace (https://github.com/DotNetAnalyzers/StyleCopAnalyzers/blob/master/documentation/SA1028.md) [D:\leaveblackgithub\DDNCadAddins\src\DDNCadAddins\DDNCadAddins\DDNCadAddins.csproj]
D:\leaveblackgithub\DDNCadAddins\src\DDNCadAddins\DDNCadAddins\Services\AcadService.cs(116,1): warning SA1028: Code should not contain trailing whitespace (https://github.com/DotNetAnalyzers/StyleCopAnalyzers/blob/master/documentation/SA1028.md) [D:\leaveblackgithub\DDNCadAddins\src\DDNCadAddins\DDNCadAddins\DDNCadAddins.csproj]
D:\leaveblackgithub\DDNCadAddins\src\DDNCadAddins\DDNCadAddins\Services\AcadService.cs(118,1): warning SA1028: Code should not contain trailing whitespace (https://github.com/DotNetAnalyzers/StyleCopAnalyzers/blob/master/documentation/SA1028.md) [D:\leaveblackgithub\DDNCadAddins\src\DDNCadAddins\DDNCadAddins\DDNCadAddins.csproj]
D:\leaveblackgithub\DDNCadAddins\src\DDNCadAddins\DDNCadAddins\Services\AcadService.cs(131,1): warning SA1028: Code should not contain trailing whitespace (https://github.com/DotNetAnalyzers/StyleCopAnalyzers/blob/master/documentation/SA1028.md) [D:\leaveblackgithub\DDNCadAddins\src\DDNCadAddins\DDNCadAddins\DDNCadAddins.csproj]
D:\leaveblackgithub\DDNCadAddins\src\DDNCadAddins\DDNCadAddins\Services\AcadService.cs(143,1): warning SA1028: Code should not contain trailing whitespace (https://github.com/DotNetAnalyzers/StyleCopAnalyzers/blob/master/documentation/SA1028.md) [D:\leaveblackgithub\DDNCadAddins\src\DDNCadAddins\DDNCadAddins\DDNCadAddins.csproj]
D:\leaveblackgithub\DDNCadAddins\src\DDNCadAddins\DDNCadAddins\Services\AcadService.cs(145,1): warning SA1028: Code should not contain trailing whitespace (https://github.com/DotNetAnalyzers/StyleCopAnalyzers/blob/master/documentation/SA1028.md) [D:\leaveblackgithub\DDNCadAddins\src\DDNCadAddins\DDNCadAddins\DDNCadAddins.csproj]
D:\leaveblackgithub\DDNCadAddins\src\DDNCadAddins\DDNCadAddins\Services\AcadService.cs(147,1): warning SA1028: Code should not contain trailing whitespace (https://github.com/DotNetAnalyzers/StyleCopAnalyzers/blob/master/documentation/SA1028.md) [D:\leaveblackgithub\DDNCadAddins\src\DDNCadAddins\DDNCadAddins\DDNCadAddins.csproj]
D:\leaveblackgithub\DDNCadAddins\src\DDNCadAddins\DDNCadAddins\Services\AcadService.cs(159,1): warning SA1028: Code should not contain trailing whitespace (https://github.com/DotNetAnalyzers/StyleCopAnalyzers/blob/master/documentation/SA1028.md) [D:\leaveblackgithub\DDNCadAddins\src\DDNCadAddins\DDNCadAddins\DDNCadAddins.csproj]
D:\leaveblackgithub\DDNCadAddins\src\DDNCadAddins\DDNCadAddins\Services\AcadService.cs(169,1): warning SA1028: Code should not contain trailing whitespace (https://github.com/DotNetAnalyzers/StyleCopAnalyzers/blob/master/documentation/SA1028.md) [D:\leaveblackgithub\DDNCadAddins\src\DDNCadAddins\DDNCadAddins\DDNCadAddins.csproj]
D:\leaveblackgithub\DDNCadAddins\src\DDNCadAddins\DDNCadAddins\Services\AcadService.cs(180,1): warning SA1028: Code should not contain trailing whitespace (https://github.com/DotNetAnalyzers/StyleCopAnalyzers/blob/master/documentation/SA1028.md) [D:\leaveblackgithub\DDNCadAddins\src\DDNCadAddins\DDNCadAddins\DDNCadAddins.csproj]
D:\leaveblackgithub\DDNCadAddins\src\DDNCadAddins\DDNCadAddins\Services\AcadService.cs(192,1): warning SA1028: Code should not contain trailing whitespace (https://github.com/DotNetAnalyzers/StyleCopAnalyzers/blob/master/documentation/SA1028.md) [D:\leaveblackgithub\DDNCadAddins\src\DDNCadAddins\DDNCadAddins\DDNCadAddins.csproj]
D:\leaveblackgithub\DDNCadAddins\src\DDNCadAddins\DDNCadAddins\Services\AcadService.cs(202,1): warning SA1028: Code should not contain trailing whitespace (https://github.com/DotNetAnalyzers/StyleCopAnalyzers/blob/master/documentation/SA1028.md) [D:\leaveblackgithub\DDNCadAddins\src\DDNCadAddins\DDNCadAddins\DDNCadAddins.csproj]
D:\leaveblackgithub\DDNCadAddins\src\DDNCadAddins\DDNCadAddins\Services\AcadService.cs(214,1): warning SA1028: Code should not contain trailing whitespace (https://github.com/DotNetAnalyzers/StyleCopAnalyzers/blob/master/documentation/SA1028.md) [D:\leaveblackgithub\DDNCadAddins\src\DDNCadAddins\DDNCadAddins\DDNCadAddins.csproj]
D:\leaveblackgithub\DDNCadAddins\src\DDNCadAddins\DDNCadAddins\Services\AcadService.cs(226,1): warning SA1028: Code should not contain trailing whitespace (https://github.com/DotNetAnalyzers/StyleCopAnalyzers/blob/master/documentation/SA1028.md) [D:\leaveblackgithub\DDNCadAddins\src\DDNCadAddins\DDNCadAddins\DDNCadAddins.csproj]
D:\leaveblackgithub\DDNCadAddins\src\DDNCadAddins\DDNCadAddins\Services\AcadService.cs(229,2): warning SA1028: Code should not contain trailing whitespace (https://github.com/DotNetAnalyzers/StyleCopAnalyzers/blob/master/documentation/SA1028.md) [D:\leaveblackgithub\DDNCadAddins\src\DDNCadAddins\DDNCadAddins\DDNCadAddins.csproj]
D:\leaveblackgithub\DDNCadAddins\src\DDNCadAddins\DDNCadAddins\Services\IBlockDataService.cs(1,1): warning SA1633: The file header is missing or not located at the top of the file. (https://github.com/DotNetAnalyzers/StyleCopAnalyzers/blob/master/documentation/SA1633.md) [D:\leaveblackgithub\DDNCadAddins\src\DDNCadAddins\DDNCadAddins\DDNCadAddins.csproj]
D:\leaveblackgithub\DDNCadAddins\src\DDNCadAddins\DDNCadAddins\Services\IBlockDataService.cs(19,44): warning SA1028: Code should not contain trailing whitespace (https://github.com/DotNetAnalyzers/StyleCopAnalyzers/blob/master/documentation/SA1028.md) [D:\leaveblackgithub\DDNCadAddins\src\DDNCadAddins\DDNCadAddins\DDNCadAddins.csproj]
D:\leaveblackgithub\DDNCadAddins\src\DDNCadAddins\DDNCadAddins\Services\IBlockDataService.cs(22,2): warning SA1028: Code should not contain trailing whitespace (https://github.com/DotNetAnalyzers/StyleCopAnalyzers/blob/master/documentation/SA1028.md) [D:\leaveblackgithub\DDNCadAddins\src\DDNCadAddins\DDNCadAddins\DDNCadAddins.csproj]
D:\leaveblackgithub\DDNCadAddins\src\DDNCadAddins\DDNCadAddins\Services\ICsvExportService.cs(1,1): warning SA1633: The file header is missing or not located at the top of the file. (https://github.com/DotNetAnalyzers/StyleCopAnalyzers/blob/master/documentation/SA1633.md) [D:\leaveblackgithub\DDNCadAddins\src\DDNCadAddins\DDNCadAddins\DDNCadAddins.csproj]
D:\leaveblackgithub\DDNCadAddins\src\DDNCadAddins\DDNCadAddins\Services\ICsvExportService.cs(24,2): warning SA1028: Code should not contain trailing whitespace (https://github.com/DotNetAnalyzers/StyleCopAnalyzers/blob/master/documentation/SA1028.md) [D:\leaveblackgithub\DDNCadAddins\src\DDNCadAddins\DDNCadAddins\DDNCadAddins.csproj]
D:\leaveblackgithub\DDNCadAddins\src\DDNCadAddins\DDNCadAddins\Services\IUserInterfaceService.cs(1,1): warning SA1633: The file header is missing or not located at the top of the file. (https://github.com/DotNetAnalyzers/StyleCopAnalyzers/blob/master/documentation/SA1633.md) [D:\leaveblackgithub\DDNCadAddins\src\DDNCadAddins\DDNCadAddins\DDNCadAddins.csproj]
D:\leaveblackgithub\DDNCadAddins\src\DDNCadAddins\DDNCadAddins\Commands\TestRunner.cs(58,17): warning SA1101: Prefix local calls with this (https://github.com/DotNetAnalyzers/StyleCopAnalyzers/blob/master/documentation/SA1101.md) [D:\leaveblackgithub\DDNCadAddins\src\DDNCadAddins\DDNCadAddins\DDNCadAddins.csproj]
D:\leaveblackgithub\DDNCadAddins\src\DDNCadAddins\DDNCadAddins\Commands\TestRunner.cs(59,17): warning SA1101: Prefix local calls with this (https://github.com/DotNetAnalyzers/StyleCopAnalyzers/blob/master/documentation/SA1101.md) [D:\leaveblackgithub\DDNCadAddins\src\DDNCadAddins\DDNCadAddins\DDNCadAddins.csproj]
D:\leaveblackgithub\DDNCadAddins\src\DDNCadAddins\DDNCadAddins\Commands\TestRunner.cs(60,17): warning SA1101: Prefix local calls with this (https://github.com/DotNetAnalyzers/StyleCopAnalyzers/blob/master/documentation/SA1101.md) [D:\leaveblackgithub\DDNCadAddins\src\DDNCadAddins\DDNCadAddins\DDNCadAddins.csproj]
D:\leaveblackgithub\DDNCadAddins\src\DDNCadAddins\DDNCadAddins\Commands\TestRunner.cs(61,17): warning SA1101: Prefix local calls with this (https://github.com/DotNetAnalyzers/StyleCopAnalyzers/blob/master/documentation/SA1101.md) [D:\leaveblackgithub\DDNCadAddins\src\DDNCadAddins\DDNCadAddins\DDNCadAddins.csproj]
D:\leaveblackgithub\DDNCadAddins\src\DDNCadAddins\DDNCadAddins\Commands\TestRunner.cs(62,17): warning SA1101: Prefix local calls with this (https://github.com/DotNetAnalyzers/StyleCopAnalyzers/blob/master/documentation/SA1101.md) [D:\leaveblackgithub\DDNCadAddins\src\DDNCadAddins\DDNCadAddins\DDNCadAddins.csproj]
D:\leaveblackgithub\DDNCadAddins\src\DDNCadAddins\DDNCadAddins\Services\IUserInterfaceService.cs(17,1): warning SA1028: Code should not contain trailing whitespace (https://github.com/DotNetAnalyzers/StyleCopAnalyzers/blob/master/documentation/SA1028.md) [D:\leaveblackgithub\DDNCadAddins\src\DDNCadAddins\DDNCadAddins\DDNCadAddins.csproj]
D:\leaveblackgithub\DDNCadAddins\src\DDNCadAddins\DDNCadAddins\Services\IUserInterfaceService.cs(23,1): warning SA1028: Code should not contain trailing whitespace (https://github.com/DotNetAnalyzers/StyleCopAnalyzers/blob/master/documentation/SA1028.md) [D:\leaveblackgithub\DDNCadAddins\src\DDNCadAddins\DDNCadAddins\DDNCadAddins.csproj]
D:\leaveblackgithub\DDNCadAddins\src\DDNCadAddins\DDNCadAddins\Services\IUserInterfaceService.cs(29,1): warning SA1028: Code should not contain trailing whitespace (https://github.com/DotNetAnalyzers/StyleCopAnalyzers/blob/master/documentation/SA1028.md) [D:\leaveblackgithub\DDNCadAddins\src\DDNCadAddins\DDNCadAddins\DDNCadAddins.csproj]
D:\leaveblackgithub\DDNCadAddins\src\DDNCadAddins\DDNCadAddins\Services\IUserInterfaceService.cs(35,1): warning SA1028: Code should not contain trailing whitespace (https://github.com/DotNetAnalyzers/StyleCopAnalyzers/blob/master/documentation/SA1028.md) [D:\leaveblackgithub\DDNCadAddins\src\DDNCadAddins\DDNCadAddins\DDNCadAddins.csproj]
D:\leaveblackgithub\DDNCadAddins\src\DDNCadAddins\DDNCadAddins\Services\IUserInterfaceService.cs(41,1): warning SA1028: Code should not contain trailing whitespace (https://github.com/DotNetAnalyzers/StyleCopAnalyzers/blob/master/documentation/SA1028.md) [D:\leaveblackgithub\DDNCadAddins\src\DDNCadAddins\DDNCadAddins\DDNCadAddins.csproj]
D:\leaveblackgithub\DDNCadAddins\src\DDNCadAddins\DDNCadAddins\Services\IUserInterfaceService.cs(47,1): warning SA1028: Code should not contain trailing whitespace (https://github.com/DotNetAnalyzers/StyleCopAnalyzers/blob/master/documentation/SA1028.md) [D:\leaveblackgithub\DDNCadAddins\src\DDNCadAddins\DDNCadAddins\DDNCadAddins.csproj]
D:\leaveblackgithub\DDNCadAddins\src\DDNCadAddins\DDNCadAddins\Services\IUserInterfaceService.cs(53,1): warning SA1028: Code should not contain trailing whitespace (https://github.com/DotNetAnalyzers/StyleCopAnalyzers/blob/master/documentation/SA1028.md) [D:\leaveblackgithub\DDNCadAddins\src\DDNCadAddins\DDNCadAddins\DDNCadAddins.csproj]
D:\leaveblackgithub\DDNCadAddins\src\DDNCadAddins\DDNCadAddins\Services\IUserInterfaceService.cs(59,1): warning SA1028: Code should not contain trailing whitespace (https://github.com/DotNetAnalyzers/StyleCopAnalyzers/blob/master/documentation/SA1028.md) [D:\leaveblackgithub\DDNCadAddins\src\DDNCadAddins\DDNCadAddins\DDNCadAddins.csproj]
D:\leaveblackgithub\DDNCadAddins\src\DDNCadAddins\DDNCadAddins\Services\IUserInterfaceService.cs(66,2): warning SA1028: Code should not contain trailing whitespace (https://github.com/DotNetAnalyzers/StyleCopAnalyzers/blob/master/documentation/SA1028.md) [D:\leaveblackgithub\DDNCadAddins\src\DDNCadAddins\DDNCadAddins\DDNCadAddins.csproj]
D:\leaveblackgithub\DDNCadAddins\src\DDNCadAddins\DDNCadAddins\Services\IViewService.cs(1,1): warning SA1633: The file header is missing or not located at the top of the file. (https://github.com/DotNetAnalyzers/StyleCopAnalyzers/blob/master/documentation/SA1633.md) [D:\leaveblackgithub\DDNCadAddins\src\DDNCadAddins\DDNCadAddins\DDNCadAddins.csproj]
D:\leaveblackgithub\DDNCadAddins\src\DDNCadAddins\DDNCadAddins\Commands\XClipTest\TestCommandBase.cs(75,25): warning SA1101: Prefix local calls with this (https://github.com/DotNetAnalyzers/StyleCopAnalyzers/blob/master/documentation/SA1101.md) [D:\leaveblackgithub\DDNCadAddins\src\DDNCadAddins\DDNCadAddins\DDNCadAddins.csproj]
D:\leaveblackgithub\DDNCadAddins\src\DDNCadAddins\DDNCadAddins\Services\IViewService.cs(20,1): warning SA1028: Code should not contain trailing whitespace (https://github.com/DotNetAnalyzers/StyleCopAnalyzers/blob/master/documentation/SA1028.md) [D:\leaveblackgithub\DDNCadAddins\src\DDNCadAddins\DDNCadAddins\DDNCadAddins.csproj]
D:\leaveblackgithub\DDNCadAddins\src\DDNCadAddins\DDNCadAddins\Services\IViewService.cs(27,1): warning SA1028: Code should not contain trailing whitespace (https://github.com/DotNetAnalyzers/StyleCopAnalyzers/blob/master/documentation/SA1028.md) [D:\leaveblackgithub\DDNCadAddins\src\DDNCadAddins\DDNCadAddins\DDNCadAddins.csproj]
D:\leaveblackgithub\DDNCadAddins\src\DDNCadAddins\DDNCadAddins\Services\IViewService.cs(34,2): warning SA1028: Code should not contain trailing whitespace (https://github.com/DotNetAnalyzers/StyleCopAnalyzers/blob/master/documentation/SA1028.md) [D:\leaveblackgithub\DDNCadAddins\src\DDNCadAddins\DDNCadAddins\DDNCadAddins.csproj]
D:\leaveblackgithub\DDNCadAddins\src\DDNCadAddins\DDNCadAddins\Services\IXClipBlockService.cs(1,1): warning SA1633: The file header is missing or not located at the top of the file. (https://github.com/DotNetAnalyzers/StyleCopAnalyzers/blob/master/documentation/SA1633.md) [D:\leaveblackgithub\DDNCadAddins\src\DDNCadAddins\DDNCadAddins\DDNCadAddins.csproj]
D:\leaveblackgithub\DDNCadAddins\src\DDNCadAddins\DDNCadAddins\Commands\TestRunner.cs(884,17): warning SA1503: Braces should not be omitted (https://github.com/DotNetAnalyzers/StyleCopAnalyzers/blob/master/documentation/SA1503.md) [D:\leaveblackgithub\DDNCadAddins\src\DDNCadAddins\DDNCadAddins\DDNCadAddins.csproj]
D:\leaveblackgithub\DDNCadAddins\src\DDNCadAddins\DDNCadAddins\Commands\TestRunner.cs(882,13): warning SA1101: Prefix local calls with this (https://github.com/DotNetAnalyzers/StyleCopAnalyzers/blob/master/documentation/SA1101.md) [D:\leaveblackgithub\DDNCadAddins\src\DDNCadAddins\DDNCadAddins\DDNCadAddins.csproj]
D:\leaveblackgithub\DDNCadAddins\src\DDNCadAddins\DDNCadAddins\Commands\TestRunner.cs(883,17): warning SA1101: Prefix local calls with this (https://github.com/DotNetAnalyzers/StyleCopAnalyzers/blob/master/documentation/SA1101.md) [D:\leaveblackgithub\DDNCadAddins\src\DDNCadAddins\DDNCadAddins\DDNCadAddins.csproj]
D:\leaveblackgithub\DDNCadAddins\src\DDNCadAddins\DDNCadAddins\Commands\CreateXClippedBlockCommand.cs(90,13): warning SA1101: Prefix local calls with this (https://github.com/DotNetAnalyzers/StyleCopAnalyzers/blob/master/documentation/SA1101.md) [D:\leaveblackgithub\DDNCadAddins\src\DDNCadAddins\DDNCadAddins\DDNCadAddins.csproj]
D:\leaveblackgithub\DDNCadAddins\src\DDNCadAddins\DDNCadAddins\Commands\TestRunner.cs(886,13): warning SA1101: Prefix local calls with this (https://github.com/DotNetAnalyzers/StyleCopAnalyzers/blob/master/documentation/SA1101.md) [D:\leaveblackgithub\DDNCadAddins\src\DDNCadAddins\DDNCadAddins\DDNCadAddins.csproj]
D:\leaveblackgithub\DDNCadAddins\src\DDNCadAddins\DDNCadAddins\Commands\TestRunner.cs(886,24): warning SA1101: Prefix local calls with this (https://github.com/DotNetAnalyzers/StyleCopAnalyzers/blob/master/documentation/SA1101.md) [D:\leaveblackgithub\DDNCadAddins\src\DDNCadAddins\DDNCadAddins\DDNCadAddins.csproj]
D:\leaveblackgithub\DDNCadAddins\src\DDNCadAddins\DDNCadAddins\Commands\TestRunner.cs(887,13): warning SA1101: Prefix local calls with this (https://github.com/DotNetAnalyzers/StyleCopAnalyzers/blob/master/documentation/SA1101.md) [D:\leaveblackgithub\DDNCadAddins\src\DDNCadAddins\DDNCadAddins\DDNCadAddins.csproj]
D:\leaveblackgithub\DDNCadAddins\src\DDNCadAddins\DDNCadAddins\Commands\TestRunner.cs(887,22): warning SA1101: Prefix local calls with this (https://github.com/DotNetAnalyzers/StyleCopAnalyzers/blob/master/documentation/SA1101.md) [D:\leaveblackgithub\DDNCadAddins\src\DDNCadAddins\DDNCadAddins\DDNCadAddins.csproj]
D:\leaveblackgithub\DDNCadAddins\src\DDNCadAddins\DDNCadAddins\Commands\CreateXClippedBlockCommand.cs(92,31): warning SA1101: Prefix local calls with this (https://github.com/DotNetAnalyzers/StyleCopAnalyzers/blob/master/documentation/SA1101.md) [D:\leaveblackgithub\DDNCadAddins\src\DDNCadAddins\DDNCadAddins\DDNCadAddins.csproj]
D:\leaveblackgithub\DDNCadAddins\src\DDNCadAddins\DDNCadAddins\Commands\CreateXClippedBlockCommand.cs(96,17): warning SA1101: Prefix local calls with this (https://github.com/DotNetAnalyzers/StyleCopAnalyzers/blob/master/documentation/SA1101.md) [D:\leaveblackgithub\DDNCadAddins\src\DDNCadAddins\DDNCadAddins\DDNCadAddins.csproj]
D:\leaveblackgithub\DDNCadAddins\src\DDNCadAddins\DDNCadAddins\Commands\CreateXClippedBlockCommand.cs(100,17): warning SA1101: Prefix local calls with this (https://github.com/DotNetAnalyzers/StyleCopAnalyzers/blob/master/documentation/SA1101.md) [D:\leaveblackgithub\DDNCadAddins\src\DDNCadAddins\DDNCadAddins\DDNCadAddins.csproj]
D:\leaveblackgithub\DDNCadAddins\src\DDNCadAddins\DDNCadAddins\Commands\CreateXClippedBlockCommand.cs(101,17): warning SA1101: Prefix local calls with this (https://github.com/DotNetAnalyzers/StyleCopAnalyzers/blob/master/documentation/SA1101.md) [D:\leaveblackgithub\DDNCadAddins\src\DDNCadAddins\DDNCadAddins\DDNCadAddins.csproj]
D:\leaveblackgithub\DDNCadAddins\src\DDNCadAddins\DDNCadAddins\Services\IXClipBlockService.cs(20,1): warning SA1028: Code should not contain trailing whitespace (https://github.com/DotNetAnalyzers/StyleCopAnalyzers/blob/master/documentation/SA1028.md) [D:\leaveblackgithub\DDNCadAddins\src\DDNCadAddins\DDNCadAddins\DDNCadAddins.csproj]
D:\leaveblackgithub\DDNCadAddins\src\DDNCadAddins\DDNCadAddins\Services\IXClipBlockService.cs(27,1): warning SA1028: Code should not contain trailing whitespace (https://github.com/DotNetAnalyzers/StyleCopAnalyzers/blob/master/documentation/SA1028.md) [D:\leaveblackgithub\DDNCadAddins\src\DDNCadAddins\DDNCadAddins\DDNCadAddins.csproj]
D:\leaveblackgithub\DDNCadAddins\src\DDNCadAddins\DDNCadAddins\Services\IXClipBlockService.cs(34,1): warning SA1028: Code should not contain trailing whitespace (https://github.com/DotNetAnalyzers/StyleCopAnalyzers/blob/master/documentation/SA1028.md) [D:\leaveblackgithub\DDNCadAddins\src\DDNCadAddins\DDNCadAddins\DDNCadAddins.csproj]
D:\leaveblackgithub\DDNCadAddins\src\DDNCadAddins\DDNCadAddins\Services\IXClipBlockService.cs(42,1): warning SA1028: Code should not contain trailing whitespace (https://github.com/DotNetAnalyzers/StyleCopAnalyzers/blob/master/documentation/SA1028.md) [D:\leaveblackgithub\DDNCadAddins\src\DDNCadAddins\DDNCadAddins\DDNCadAddins.csproj]
D:\leaveblackgithub\DDNCadAddins\src\DDNCadAddins\DDNCadAddins\Services\IXClipBlockService.cs(51,1): warning SA1028: Code should not contain trailing whitespace (https://github.com/DotNetAnalyzers/StyleCopAnalyzers/blob/master/documentation/SA1028.md) [D:\leaveblackgithub\DDNCadAddins\src\DDNCadAddins\DDNCadAddins\DDNCadAddins.csproj]
D:\leaveblackgithub\DDNCadAddins\src\DDNCadAddins\DDNCadAddins\Services\IXClipBlockService.cs(66,2): warning SA1028: Code should not contain trailing whitespace (https://github.com/DotNetAnalyzers/StyleCopAnalyzers/blob/master/documentation/SA1028.md) [D:\leaveblackgithub\DDNCadAddins\src\DDNCadAddins\DDNCadAddins\DDNCadAddins.csproj]
D:\leaveblackgithub\DDNCadAddins\src\DDNCadAddins\DDNCadAddins\Services\TransactionService.cs(1,1): warning SA1633: The file header is missing or not located at the top of the file. (https://github.com/DotNetAnalyzers/StyleCopAnalyzers/blob/master/documentation/SA1633.md) [D:\leaveblackgithub\DDNCadAddins\src\DDNCadAddins\DDNCadAddins\DDNCadAddins.csproj]
D:\leaveblackgithub\DDNCadAddins\src\DDNCadAddins\DDNCadAddins\Commands\TestRunner.cs(911,17): warning SA1503: Braces should not be omitted (https://github.com/DotNetAnalyzers/StyleCopAnalyzers/blob/master/documentation/SA1503.md) [D:\leaveblackgithub\DDNCadAddins\src\DDNCadAddins\DDNCadAddins\DDNCadAddins.csproj]
D:\leaveblackgithub\DDNCadAddins\src\DDNCadAddins\DDNCadAddins\Commands\TestRunner.cs(909,13): warning SA1101: Prefix local calls with this (https://github.com/DotNetAnalyzers/StyleCopAnalyzers/blob/master/documentation/SA1101.md) [D:\leaveblackgithub\DDNCadAddins\src\DDNCadAddins\DDNCadAddins\DDNCadAddins.csproj]
D:\leaveblackgithub\DDNCadAddins\src\DDNCadAddins\DDNCadAddins\Commands\TestRunner.cs(910,17): warning SA1101: Prefix local calls with this (https://github.com/DotNetAnalyzers/StyleCopAnalyzers/blob/master/documentation/SA1101.md) [D:\leaveblackgithub\DDNCadAddins\src\DDNCadAddins\DDNCadAddins\DDNCadAddins.csproj]
D:\leaveblackgithub\DDNCadAddins\src\DDNCadAddins\DDNCadAddins\Infrastructure\AcadUserMessageService.cs(22,13): warning SA1101: Prefix local calls with this (https://github.com/DotNetAnalyzers/StyleCopAnalyzers/blob/master/documentation/SA1101.md) [D:\leaveblackgithub\DDNCadAddins\src\DDNCadAddins\DDNCadAddins\DDNCadAddins.csproj]
D:\leaveblackgithub\DDNCadAddins\src\DDNCadAddins\DDNCadAddins\Commands\TestRunner.cs(913,13): warning SA1101: Prefix local calls with this (https://github.com/DotNetAnalyzers/StyleCopAnalyzers/blob/master/documentation/SA1101.md) [D:\leaveblackgithub\DDNCadAddins\src\DDNCadAddins\DDNCadAddins\DDNCadAddins.csproj]
D:\leaveblackgithub\DDNCadAddins\src\DDNCadAddins\DDNCadAddins\Commands\TestRunner.cs(913,24): warning SA1101: Prefix local calls with this (https://github.com/DotNetAnalyzers/StyleCopAnalyzers/blob/master/documentation/SA1101.md) [D:\leaveblackgithub\DDNCadAddins\src\DDNCadAddins\DDNCadAddins\DDNCadAddins.csproj]
D:\leaveblackgithub\DDNCadAddins\src\DDNCadAddins\DDNCadAddins\Commands\TestRunner.cs(914,13): warning SA1101: Prefix local calls with this (https://github.com/DotNetAnalyzers/StyleCopAnalyzers/blob/master/documentation/SA1101.md) [D:\leaveblackgithub\DDNCadAddins\src\DDNCadAddins\DDNCadAddins\DDNCadAddins.csproj]
D:\leaveblackgithub\DDNCadAddins\src\DDNCadAddins\DDNCadAddins\Commands\TestRunner.cs(914,22): warning SA1101: Prefix local calls with this (https://github.com/DotNetAnalyzers/StyleCopAnalyzers/blob/master/documentation/SA1101.md) [D:\leaveblackgithub\DDNCadAddins\src\DDNCadAddins\DDNCadAddins\DDNCadAddins.csproj]
D:\leaveblackgithub\DDNCadAddins\src\DDNCadAddins\DDNCadAddins\Services\TransactionService.cs(15,1): warning SA1028: Code should not contain trailing whitespace (https://github.com/DotNetAnalyzers/StyleCopAnalyzers/blob/master/documentation/SA1028.md) [D:\leaveblackgithub\DDNCadAddins\src\DDNCadAddins\DDNCadAddins\DDNCadAddins.csproj]
D:\leaveblackgithub\DDNCadAddins\src\DDNCadAddins\DDNCadAddins\Services\TransactionService.cs(24,1): warning SA1028: Code should not contain trailing whitespace (https://github.com/DotNetAnalyzers/StyleCopAnalyzers/blob/master/documentation/SA1028.md) [D:\leaveblackgithub\DDNCadAddins\src\DDNCadAddins\DDNCadAddins\DDNCadAddins.csproj]
D:\leaveblackgithub\DDNCadAddins\src\DDNCadAddins\DDNCadAddins\Services\TransactionService.cs(37,1): warning SA1028: Code should not contain trailing whitespace (https://github.com/DotNetAnalyzers/StyleCopAnalyzers/blob/master/documentation/SA1028.md) [D:\leaveblackgithub\DDNCadAddins\src\DDNCadAddins\DDNCadAddins\DDNCadAddins.csproj]
D:\leaveblackgithub\DDNCadAddins\src\DDNCadAddins\DDNCadAddins\Services\TransactionService.cs(39,1): warning SA1028: Code should not contain trailing whitespace (https://github.com/DotNetAnalyzers/StyleCopAnalyzers/blob/master/documentation/SA1028.md) [D:\leaveblackgithub\DDNCadAddins\src\DDNCadAddins\DDNCadAddins\DDNCadAddins.csproj]
D:\leaveblackgithub\DDNCadAddins\src\DDNCadAddins\DDNCadAddins\Services\TransactionService.cs(48,1): warning SA1028: Code should not contain trailing whitespace (https://github.com/DotNetAnalyzers/StyleCopAnalyzers/blob/master/documentation/SA1028.md) [D:\leaveblackgithub\DDNCadAddins\src\DDNCadAddins\DDNCadAddins\DDNCadAddins.csproj]
D:\leaveblackgithub\DDNCadAddins\src\DDNCadAddins\DDNCadAddins\Services\TransactionService.cs(67,1): warning SA1028: Code should not contain trailing whitespace (https://github.com/DotNetAnalyzers/StyleCopAnalyzers/blob/master/documentation/SA1028.md) [D:\leaveblackgithub\DDNCadAddins\src\DDNCadAddins\DDNCadAddins\DDNCadAddins.csproj]
D:\leaveblackgithub\DDNCadAddins\src\DDNCadAddins\DDNCadAddins\Services\TransactionService.cs(72,1): warning SA1028: Code should not contain trailing whitespace (https://github.com/DotNetAnalyzers/StyleCopAnalyzers/blob/master/documentation/SA1028.md) [D:\leaveblackgithub\DDNCadAddins\src\DDNCadAddins\DDNCadAddins\DDNCadAddins.csproj]
D:\leaveblackgithub\DDNCadAddins\src\DDNCadAddins\DDNCadAddins\Commands\XClipTest\TestCommandBase.cs(88,25): warning SA1101: Prefix local calls with this (https://github.com/DotNetAnalyzers/StyleCopAnalyzers/blob/master/documentation/SA1101.md) [D:\leaveblackgithub\DDNCadAddins\src\DDNCadAddins\DDNCadAddins\DDNCadAddins.csproj]
D:\leaveblackgithub\DDNCadAddins\src\DDNCadAddins\DDNCadAddins\Services\TransactionService.cs(84,1): warning SA1028: Code should not contain trailing whitespace (https://github.com/DotNetAnalyzers/StyleCopAnalyzers/blob/master/documentation/SA1028.md) [D:\leaveblackgithub\DDNCadAddins\src\DDNCadAddins\DDNCadAddins\DDNCadAddins.csproj]
D:\leaveblackgithub\DDNCadAddins\src\DDNCadAddins\DDNCadAddins\Services\TransactionService.cs(86,1): warning SA1028: Code should not contain trailing whitespace (https://github.com/DotNetAnalyzers/StyleCopAnalyzers/blob/master/documentation/SA1028.md) [D:\leaveblackgithub\DDNCadAddins\src\DDNCadAddins\DDNCadAddins\DDNCadAddins.csproj]
D:\leaveblackgithub\DDNCadAddins\src\DDNCadAddins\DDNCadAddins\Services\TransactionService.cs(95,1): warning SA1028: Code should not contain trailing whitespace (https://github.com/DotNetAnalyzers/StyleCopAnalyzers/blob/master/documentation/SA1028.md) [D:\leaveblackgithub\DDNCadAddins\src\DDNCadAddins\DDNCadAddins\DDNCadAddins.csproj]
D:\leaveblackgithub\DDNCadAddins\src\DDNCadAddins\DDNCadAddins\Services\TransactionService.cs(114,1): warning SA1028: Code should not contain trailing whitespace (https://github.com/DotNetAnalyzers/StyleCopAnalyzers/blob/master/documentation/SA1028.md) [D:\leaveblackgithub\DDNCadAddins\src\DDNCadAddins\DDNCadAddins\DDNCadAddins.csproj]
D:\leaveblackgithub\DDNCadAddins\src\DDNCadAddins\DDNCadAddins\Services\TransactionService.cs(120,2): warning SA1028: Code should not contain trailing whitespace (https://github.com/DotNetAnalyzers/StyleCopAnalyzers/blob/master/documentation/SA1028.md) [D:\leaveblackgithub\DDNCadAddins\src\DDNCadAddins\DDNCadAddins\DDNCadAddins.csproj]
D:\leaveblackgithub\DDNCadAddins\src\DDNCadAddins\DDNCadAddins\Services\XClipBlockService.Core.cs(1,1): warning SA1633: The file header is missing or not located at the top of the file. (https://github.com/DotNetAnalyzers/StyleCopAnalyzers/blob/master/documentation/SA1633.md) [D:\leaveblackgithub\DDNCadAddins\src\DDNCadAddins\DDNCadAddins\DDNCadAddins.csproj]
D:\leaveblackgithub\DDNCadAddins\src\DDNCadAddins\DDNCadAddins\Commands\XClipTest\XClipTestValidator.cs(55,30): warning SA1101: Prefix local calls with this (https://github.com/DotNetAnalyzers/StyleCopAnalyzers/blob/master/documentation/SA1101.md) [D:\leaveblackgithub\DDNCadAddins\src\DDNCadAddins\DDNCadAddins\DDNCadAddins.csproj]
D:\leaveblackgithub\DDNCadAddins\src\DDNCadAddins\DDNCadAddins\Commands\XClipTest\XClipTestValidator.cs(69,37): warning SA1101: Prefix local calls with this (https://github.com/DotNetAnalyzers/StyleCopAnalyzers/blob/master/documentation/SA1101.md) [D:\leaveblackgithub\DDNCadAddins\src\DDNCadAddins\DDNCadAddins\DDNCadAddins.csproj]
D:\leaveblackgithub\DDNCadAddins\src\DDNCadAddins\DDNCadAddins\Commands\XClipTest\XClipTestValidator.cs(40,40): warning CA1825: 避免不必要的长度为零的数组分配。改用 Array.Empty<ObjectId>()。 (https://docs.microsoft.com/dotnet/fundamentals/code-analysis/quality-rules/ca1825) [D:\leaveblackgithub\DDNCadAddins\src\DDNCadAddins\DDNCadAddins\DDNCadAddins.csproj]
D:\leaveblackgithub\DDNCadAddins\src\DDNCadAddins\DDNCadAddins\Models\OperationResult.cs(213,42): warning CA1000: 不要在泛型类型中声明静态成员 (https://docs.microsoft.com/dotnet/fundamentals/code-analysis/quality-rules/ca1000) [D:\leaveblackgithub\DDNCadAddins\src\DDNCadAddins\DDNCadAddins\DDNCadAddins.csproj]
D:\leaveblackgithub\DDNCadAddins\src\DDNCadAddins\DDNCadAddins\Services\AcadViewService.cs(28,13): warning SA1101: Prefix local calls with this (https://github.com/DotNetAnalyzers/StyleCopAnalyzers/blob/master/documentation/SA1101.md) [D:\leaveblackgithub\DDNCadAddins\src\DDNCadAddins\DDNCadAddins\DDNCadAddins.csproj]
D:\leaveblackgithub\DDNCadAddins\src\DDNCadAddins\DDNCadAddins\Commands\XClipTest\TestCommandBase.cs(101,25): warning SA1101: Prefix local calls with this (https://github.com/DotNetAnalyzers/StyleCopAnalyzers/blob/master/documentation/SA1101.md) [D:\leaveblackgithub\DDNCadAddins\src\DDNCadAddins\DDNCadAddins\DDNCadAddins.csproj]
D:\leaveblackgithub\DDNCadAddins\src\DDNCadAddins\DDNCadAddins\Services\AcadViewService.cs(29,13): warning SA1101: Prefix local calls with this (https://github.com/DotNetAnalyzers/StyleCopAnalyzers/blob/master/documentation/SA1101.md) [D:\leaveblackgithub\DDNCadAddins\src\DDNCadAddins\DDNCadAddins\DDNCadAddins.csproj]
D:\leaveblackgithub\DDNCadAddins\src\DDNCadAddins\DDNCadAddins\Commands\CreateXClippedBlockCommand.cs(110,13): warning SA1101: Prefix local calls with this (https://github.com/DotNetAnalyzers/StyleCopAnalyzers/blob/master/documentation/SA1101.md) [D:\leaveblackgithub\DDNCadAddins\src\DDNCadAddins\DDNCadAddins\DDNCadAddins.csproj]
D:\leaveblackgithub\DDNCadAddins\src\DDNCadAddins\DDNCadAddins\Services\AcadUserInterfaceService.cs(31,13): warning SA1101: Prefix local calls with this (https://github.com/DotNetAnalyzers/StyleCopAnalyzers/blob/master/documentation/SA1101.md) [D:\leaveblackgithub\DDNCadAddins\src\DDNCadAddins\DDNCadAddins\DDNCadAddins.csproj]
D:\leaveblackgithub\DDNCadAddins\src\DDNCadAddins\DDNCadAddins\Commands\CreateXClippedBlockCommand.cs(111,13): warning SA1101: Prefix local calls with this (https://github.com/DotNetAnalyzers/StyleCopAnalyzers/blob/master/documentation/SA1101.md) [D:\leaveblackgithub\DDNCadAddins\src\DDNCadAddins\DDNCadAddins\DDNCadAddins.csproj]
D:\leaveblackgithub\DDNCadAddins\src\DDNCadAddins\DDNCadAddins\Services\AcadUserInterfaceService.cs(32,13): warning SA1101: Prefix local calls with this (https://github.com/DotNetAnalyzers/StyleCopAnalyzers/blob/master/documentation/SA1101.md) [D:\leaveblackgithub\DDNCadAddins\src\DDNCadAddins\DDNCadAddins\DDNCadAddins.csproj]
D:\leaveblackgithub\DDNCadAddins\src\DDNCadAddins\DDNCadAddins\Commands\CreateXClippedBlockCommand.cs(112,13): warning SA1101: Prefix local calls with this (https://github.com/DotNetAnalyzers/StyleCopAnalyzers/blob/master/documentation/SA1101.md) [D:\leaveblackgithub\DDNCadAddins\src\DDNCadAddins\DDNCadAddins\DDNCadAddins.csproj]
D:\leaveblackgithub\DDNCadAddins\src\DDNCadAddins\DDNCadAddins\Commands\CreateXClippedBlockCommand.cs(113,13): warning SA1101: Prefix local calls with this (https://github.com/DotNetAnalyzers/StyleCopAnalyzers/blob/master/documentation/SA1101.md) [D:\leaveblackgithub\DDNCadAddins\src\DDNCadAddins\DDNCadAddins\DDNCadAddins.csproj]
D:\leaveblackgithub\DDNCadAddins\src\DDNCadAddins\DDNCadAddins\Commands\CreateXClippedBlockCommand.cs(114,13): warning SA1101: Prefix local calls with this (https://github.com/DotNetAnalyzers/StyleCopAnalyzers/blob/master/documentation/SA1101.md) [D:\leaveblackgithub\DDNCadAddins\src\DDNCadAddins\DDNCadAddins\DDNCadAddins.csproj]
D:\leaveblackgithub\DDNCadAddins\src\DDNCadAddins\DDNCadAddins\Commands\CreateXClippedBlockCommand.cs(115,13): warning SA1101: Prefix local calls with this (https://github.com/DotNetAnalyzers/StyleCopAnalyzers/blob/master/documentation/SA1101.md) [D:\leaveblackgithub\DDNCadAddins\src\DDNCadAddins\DDNCadAddins\DDNCadAddins.csproj]
D:\leaveblackgithub\DDNCadAddins\src\DDNCadAddins\DDNCadAddins\Infrastructure\EmptyLogger.cs(51,21): warning CA1822: 成员“LogInfo”不访问实例数据，可标记为 static (https://docs.microsoft.com/dotnet/fundamentals/code-analysis/quality-rules/ca1822) [D:\leaveblackgithub\DDNCadAddins\src\DDNCadAddins\DDNCadAddins\DDNCadAddins.csproj]
D:\leaveblackgithub\DDNCadAddins\src\DDNCadAddins\DDNCadAddins\Infrastructure\EmptyLogger.cs(78,21): warning CA1822: 成员“Error”不访问实例数据，可标记为 static (https://docs.microsoft.com/dotnet/fundamentals/code-analysis/quality-rules/ca1822) [D:\leaveblackgithub\DDNCadAddins\src\DDNCadAddins\DDNCadAddins\DDNCadAddins.csproj]
D:\leaveblackgithub\DDNCadAddins\src\DDNCadAddins\DDNCadAddins\Commands\CommandBase.cs(122,28): warning SA1101: Prefix local calls with this (https://github.com/DotNetAnalyzers/StyleCopAnalyzers/blob/master/documentation/SA1101.md) [D:\leaveblackgithub\DDNCadAddins\src\DDNCadAddins\DDNCadAddins\DDNCadAddins.csproj]
D:\leaveblackgithub\DDNCadAddins\src\DDNCadAddins\DDNCadAddins\Models\OperationResult.cs(220,17): warning SA1413: Use trailing comma in multi-line initializers (https://github.com/DotNetAnalyzers/StyleCopAnalyzers/blob/master/documentation/SA1413.md) [D:\leaveblackgithub\DDNCadAddins\src\DDNCadAddins\DDNCadAddins\DDNCadAddins.csproj]
D:\leaveblackgithub\DDNCadAddins\src\DDNCadAddins\DDNCadAddins\Commands\XClipTest\TestCommandBase.cs(118,17): warning SA1101: Prefix local calls with this (https://github.com/DotNetAnalyzers/StyleCopAnalyzers/blob/master/documentation/SA1101.md) [D:\leaveblackgithub\DDNCadAddins\src\DDNCadAddins\DDNCadAddins\DDNCadAddins.csproj]
D:\leaveblackgithub\DDNCadAddins\src\DDNCadAddins\DDNCadAddins\Services\AcadUserInterfaceService.cs(59,28): warning SA1101: Prefix local calls with this (https://github.com/DotNetAnalyzers/StyleCopAnalyzers/blob/master/documentation/SA1101.md) [D:\leaveblackgithub\DDNCadAddins\src\DDNCadAddins\DDNCadAddins\DDNCadAddins.csproj]
D:\leaveblackgithub\DDNCadAddins\src\DDNCadAddins\DDNCadAddins\Commands\XClipTest\TestCommandBase.cs(125,17): warning SA1101: Prefix local calls with this (https://github.com/DotNetAnalyzers/StyleCopAnalyzers/blob/master/documentation/SA1101.md) [D:\leaveblackgithub\DDNCadAddins\src\DDNCadAddins\DDNCadAddins\DDNCadAddins.csproj]
D:\leaveblackgithub\DDNCadAddins\src\DDNCadAddins\DDNCadAddins\Commands\XClipTest\TestCommandBase.cs(126,17): warning SA1101: Prefix local calls with this (https://github.com/DotNetAnalyzers/StyleCopAnalyzers/blob/master/documentation/SA1101.md) [D:\leaveblackgithub\DDNCadAddins\src\DDNCadAddins\DDNCadAddins\DDNCadAddins.csproj]
D:\leaveblackgithub\DDNCadAddins\src\DDNCadAddins\DDNCadAddins\Services\AcadUserInterfaceService.cs(62,17): warning SA1101: Prefix local calls with this (https://github.com/DotNetAnalyzers/StyleCopAnalyzers/blob/master/documentation/SA1101.md) [D:\leaveblackgithub\DDNCadAddins\src\DDNCadAddins\DDNCadAddins\DDNCadAddins.csproj]
D:\leaveblackgithub\DDNCadAddins\src\DDNCadAddins\DDNCadAddins\Commands\XClipTest\TestCommandBase.cs(129,17): warning SA1101: Prefix local calls with this (https://github.com/DotNetAnalyzers/StyleCopAnalyzers/blob/master/documentation/SA1101.md) [D:\leaveblackgithub\DDNCadAddins\src\DDNCadAddins\DDNCadAddins\DDNCadAddins.csproj]
D:\leaveblackgithub\DDNCadAddins\src\DDNCadAddins\DDNCadAddins\Commands\TestRunner.cs(184,17): warning SA1101: Prefix local calls with this (https://github.com/DotNetAnalyzers/StyleCopAnalyzers/blob/master/documentation/SA1101.md) [D:\leaveblackgithub\DDNCadAddins\src\DDNCadAddins\DDNCadAddins\DDNCadAddins.csproj]
D:\leaveblackgithub\DDNCadAddins\src\DDNCadAddins\DDNCadAddins\Commands\TestRunner.cs(187,30): warning SA1101: Prefix local calls with this (https://github.com/DotNetAnalyzers/StyleCopAnalyzers/blob/master/documentation/SA1101.md) [D:\leaveblackgithub\DDNCadAddins\src\DDNCadAddins\DDNCadAddins\DDNCadAddins.csproj]
D:\leaveblackgithub\DDNCadAddins\src\DDNCadAddins\DDNCadAddins\Commands\XClipTest\TestCommandBase.cs(140,17): warning SA1101: Prefix local calls with this (https://github.com/DotNetAnalyzers/StyleCopAnalyzers/blob/master/documentation/SA1101.md) [D:\leaveblackgithub\DDNCadAddins\src\DDNCadAddins\DDNCadAddins\DDNCadAddins.csproj]
D:\leaveblackgithub\DDNCadAddins\src\DDNCadAddins\DDNCadAddins\Commands\TestRunner.cs(194,17): warning SA1101: Prefix local calls with this (https://github.com/DotNetAnalyzers/StyleCopAnalyzers/blob/master/documentation/SA1101.md) [D:\leaveblackgithub\DDNCadAddins\src\DDNCadAddins\DDNCadAddins\DDNCadAddins.csproj]
D:\leaveblackgithub\DDNCadAddins\src\DDNCadAddins\DDNCadAddins\Commands\TestRunner.cs(197,17): warning SA1101: Prefix local calls with this (https://github.com/DotNetAnalyzers/StyleCopAnalyzers/blob/master/documentation/SA1101.md) [D:\leaveblackgithub\DDNCadAddins\src\DDNCadAddins\DDNCadAddins\DDNCadAddins.csproj]
D:\leaveblackgithub\DDNCadAddins\src\DDNCadAddins\DDNCadAddins\Commands\TestRunner.cs(200,40): warning SA1101: Prefix local calls with this (https://github.com/DotNetAnalyzers/StyleCopAnalyzers/blob/master/documentation/SA1101.md) [D:\leaveblackgithub\DDNCadAddins\src\DDNCadAddins\DDNCadAddins\DDNCadAddins.csproj]
D:\leaveblackgithub\DDNCadAddins\src\DDNCadAddins\DDNCadAddins\Commands\XClipTest\TestCommandBase.cs(147,17): warning SA1101: Prefix local calls with this (https://github.com/DotNetAnalyzers/StyleCopAnalyzers/blob/master/documentation/SA1101.md) [D:\leaveblackgithub\DDNCadAddins\src\DDNCadAddins\DDNCadAddins\DDNCadAddins.csproj]
D:\leaveblackgithub\DDNCadAddins\src\DDNCadAddins\DDNCadAddins\Commands\TestRunner.cs(210,26): warning SA1101: Prefix local calls with this (https://github.com/DotNetAnalyzers/StyleCopAnalyzers/blob/master/documentation/SA1101.md) [D:\leaveblackgithub\DDNCadAddins\src\DDNCadAddins\DDNCadAddins\DDNCadAddins.csproj]
D:\leaveblackgithub\DDNCadAddins\src\DDNCadAddins\DDNCadAddins\Commands\TestRunner.cs(218,30): warning SA1101: Prefix local calls with this (https://github.com/DotNetAnalyzers/StyleCopAnalyzers/blob/master/documentation/SA1101.md) [D:\leaveblackgithub\DDNCadAddins\src\DDNCadAddins\DDNCadAddins\DDNCadAddins.csproj]
D:\leaveblackgithub\DDNCadAddins\src\DDNCadAddins\DDNCadAddins\Commands\XClipTest\TestCommandBase.cs(123,13): warning CA1031: 请修改“ExecuteTestOperation”以捕获更具体的允许异常类型，或者重新抛出该异常 (https://docs.microsoft.com/dotnet/fundamentals/code-analysis/quality-rules/ca1031) [D:\leaveblackgithub\DDNCadAddins\src\DDNCadAddins\DDNCadAddins\DDNCadAddins.csproj]
D:\leaveblackgithub\DDNCadAddins\src\DDNCadAddins\DDNCadAddins\Commands\XClipTest\TestCommandBase.cs(145,13): warning CA1031: 请修改“PrepareTestEnvironment”以捕获更具体的允许异常类型，或者重新抛出该异常 (https://docs.microsoft.com/dotnet/fundamentals/code-analysis/quality-rules/ca1031) [D:\leaveblackgithub\DDNCadAddins\src\DDNCadAddins\DDNCadAddins\DDNCadAddins.csproj]
D:\leaveblackgithub\DDNCadAddins\src\DDNCadAddins\DDNCadAddins\Infrastructure\EmptyLogger.cs(69,21): warning CA1822: 成员“LogDebug”不访问实例数据，可标记为 static (https://docs.microsoft.com/dotnet/fundamentals/code-analysis/quality-rules/ca1822) [D:\leaveblackgithub\DDNCadAddins\src\DDNCadAddins\DDNCadAddins\DDNCadAddins.csproj]
D:\leaveblackgithub\DDNCadAddins\src\DDNCadAddins\DDNCadAddins\Infrastructure\EmptyLogger.cs(60,21): warning CA1822: 成员“LogWarning”不访问实例数据，可标记为 static (https://docs.microsoft.com/dotnet/fundamentals/code-analysis/quality-rules/ca1822) [D:\leaveblackgithub\DDNCadAddins\src\DDNCadAddins\DDNCadAddins\DDNCadAddins.csproj]
D:\leaveblackgithub\DDNCadAddins\src\DDNCadAddins\DDNCadAddins\Commands\XClipTest\XClipTestValidator.cs(37,29): warning CA1062: 在外部可见方法“void XClipTestValidator.ExecuteIsolateCommand(Document doc)”中，先验证参数“doc”为非 null，然后再使用。如果适用，在参数为 null 时引发 ArgumentNullException，或添加断言非 null 参数的代码协定前提条件。 (https://docs.microsoft.com/dotnet/fundamentals/code-analysis/quality-rules/ca1062) [D:\leaveblackgithub\DDNCadAddins\src\DDNCadAddins\DDNCadAddins\DDNCadAddins.csproj]
D:\leaveblackgithub\DDNCadAddins\src\DDNCadAddins\DDNCadAddins\Commands\TestRunner.cs(79,17): warning SA1101: Prefix local calls with this (https://github.com/DotNetAnalyzers/StyleCopAnalyzers/blob/master/documentation/SA1101.md) [D:\leaveblackgithub\DDNCadAddins\src\DDNCadAddins\DDNCadAddins\DDNCadAddins.csproj]
D:\leaveblackgithub\DDNCadAddins\src\DDNCadAddins\DDNCadAddins\Commands\TestRunner.cs(80,17): warning SA1101: Prefix local calls with this (https://github.com/DotNetAnalyzers/StyleCopAnalyzers/blob/master/documentation/SA1101.md) [D:\leaveblackgithub\DDNCadAddins\src\DDNCadAddins\DDNCadAddins\DDNCadAddins.csproj]
D:\leaveblackgithub\DDNCadAddins\src\DDNCadAddins\DDNCadAddins\Services\BlockReferenceService.cs(27,13): warning SA1101: Prefix local calls with this (https://github.com/DotNetAnalyzers/StyleCopAnalyzers/blob/master/documentation/SA1101.md) [D:\leaveblackgithub\DDNCadAddins\src\DDNCadAddins\DDNCadAddins\DDNCadAddins.csproj]
D:\leaveblackgithub\DDNCadAddins\src\DDNCadAddins\DDNCadAddins\Services\BlockReferenceService.cs(28,13): warning SA1101: Prefix local calls with this (https://github.com/DotNetAnalyzers/StyleCopAnalyzers/blob/master/documentation/SA1101.md) [D:\leaveblackgithub\DDNCadAddins\src\DDNCadAddins\DDNCadAddins\DDNCadAddins.csproj]
D:\leaveblackgithub\DDNCadAddins\src\DDNCadAddins\DDNCadAddins\Infrastructure\AcadUserMessageService.cs(40,25): warning SA1101: Prefix local calls with this (https://github.com/DotNetAnalyzers/StyleCopAnalyzers/blob/master/documentation/SA1101.md) [D:\leaveblackgithub\DDNCadAddins\src\DDNCadAddins\DDNCadAddins\DDNCadAddins.csproj]
D:\leaveblackgithub\DDNCadAddins\src\DDNCadAddins\DDNCadAddins\Commands\CommandBase.cs(132,28): warning SA1101: Prefix local calls with this (https://github.com/DotNetAnalyzers/StyleCopAnalyzers/blob/master/documentation/SA1101.md) [D:\leaveblackgithub\DDNCadAddins\src\DDNCadAddins\DDNCadAddins\DDNCadAddins.csproj]
D:\leaveblackgithub\DDNCadAddins\src\DDNCadAddins\DDNCadAddins\Infrastructure\AcadUserMessageService.cs(46,13): warning SA1101: Prefix local calls with this (https://github.com/DotNetAnalyzers/StyleCopAnalyzers/blob/master/documentation/SA1101.md) [D:\leaveblackgithub\DDNCadAddins\src\DDNCadAddins\DDNCadAddins\DDNCadAddins.csproj]
D:\leaveblackgithub\DDNCadAddins\src\DDNCadAddins\DDNCadAddins\Infrastructure\EmptyLogger.cs(78,34): warning CA1801: 从未用过方法 Error 的参数 message。请删除该参数或在方法体中使用它。 (https://docs.microsoft.com/dotnet/fundamentals/code-analysis/quality-rules/ca1801) [D:\leaveblackgithub\DDNCadAddins\src\DDNCadAddins\DDNCadAddins\DDNCadAddins.csproj]
D:\leaveblackgithub\DDNCadAddins\src\DDNCadAddins\DDNCadAddins\Infrastructure\EmptyLogger.cs(69,37): warning CA1801: 从未用过方法 LogDebug 的参数 message。请删除该参数或在方法体中使用它。 (https://docs.microsoft.com/dotnet/fundamentals/code-analysis/quality-rules/ca1801) [D:\leaveblackgithub\DDNCadAddins\src\DDNCadAddins\DDNCadAddins\DDNCadAddins.csproj]
D:\leaveblackgithub\DDNCadAddins\src\DDNCadAddins\DDNCadAddins\Infrastructure\EmptyLogger.cs(51,36): warning CA1801: 从未用过方法 LogInfo 的参数 message。请删除该参数或在方法体中使用它。 (https://docs.microsoft.com/dotnet/fundamentals/code-analysis/quality-rules/ca1801) [D:\leaveblackgithub\DDNCadAddins\src\DDNCadAddins\DDNCadAddins\DDNCadAddins.csproj]
D:\leaveblackgithub\DDNCadAddins\src\DDNCadAddins\DDNCadAddins\Infrastructure\EmptyLogger.cs(60,39): warning CA1801: 从未用过方法 LogWarning 的参数 message。请删除该参数或在方法体中使用它。 (https://docs.microsoft.com/dotnet/fundamentals/code-analysis/quality-rules/ca1801) [D:\leaveblackgithub\DDNCadAddins\src\DDNCadAddins\DDNCadAddins\DDNCadAddins.csproj]
D:\leaveblackgithub\DDNCadAddins\src\DDNCadAddins\DDNCadAddins\Services\BlockReferenceService.cs(41,17): warning SA1503: Braces should not be omitted (https://github.com/DotNetAnalyzers/StyleCopAnalyzers/blob/master/documentation/SA1503.md) [D:\leaveblackgithub\DDNCadAddins\src\DDNCadAddins\DDNCadAddins\DDNCadAddins.csproj]
D:\leaveblackgithub\DDNCadAddins\src\DDNCadAddins\DDNCadAddins\Infrastructure\FileLogger.cs(94,21): warning SA1101: Prefix local calls with this (https://github.com/DotNetAnalyzers/StyleCopAnalyzers/blob/master/documentation/SA1101.md) [D:\leaveblackgithub\DDNCadAddins\src\DDNCadAddins\DDNCadAddins\DDNCadAddins.csproj]
D:\leaveblackgithub\DDNCadAddins\src\DDNCadAddins\DDNCadAddins\Commands\CommandBase.cs(142,13): warning SA1101: Prefix local calls with this (https://github.com/DotNetAnalyzers/StyleCopAnalyzers/blob/master/documentation/SA1101.md) [D:\leaveblackgithub\DDNCadAddins\src\DDNCadAddins\DDNCadAddins\DDNCadAddins.csproj]
D:\leaveblackgithub\DDNCadAddins\src\DDNCadAddins\DDNCadAddins\Commands\TestRunner.cs(216,13): warning CA1031: 请修改“ExecuteCommand”以捕获更具体的允许异常类型，或者重新抛出该异常 (https://docs.microsoft.com/dotnet/fundamentals/code-analysis/quality-rules/ca1031) [D:\leaveblackgithub\DDNCadAddins\src\DDNCadAddins\DDNCadAddins\DDNCadAddins.csproj]
D:\leaveblackgithub\DDNCadAddins\src\DDNCadAddins\DDNCadAddins\Infrastructure\FileLogger.cs(96,21): warning SA1101: Prefix local calls with this (https://github.com/DotNetAnalyzers/StyleCopAnalyzers/blob/master/documentation/SA1101.md) [D:\leaveblackgithub\DDNCadAddins\src\DDNCadAddins\DDNCadAddins\DDNCadAddins.csproj]
D:\leaveblackgithub\DDNCadAddins\src\DDNCadAddins\DDNCadAddins\Infrastructure\AcadUserMessageService.cs(55,25): warning SA1101: Prefix local calls with this (https://github.com/DotNetAnalyzers/StyleCopAnalyzers/blob/master/documentation/SA1101.md) [D:\leaveblackgithub\DDNCadAddins\src\DDNCadAddins\DDNCadAddins\DDNCadAddins.csproj]
D:\leaveblackgithub\DDNCadAddins\src\DDNCadAddins\DDNCadAddins\Infrastructure\FileLogger.cs(100,17): warning SA1101: Prefix local calls with this (https://github.com/DotNetAnalyzers/StyleCopAnalyzers/blob/master/documentation/SA1101.md) [D:\leaveblackgithub\DDNCadAddins\src\DDNCadAddins\DDNCadAddins\DDNCadAddins.csproj]
D:\leaveblackgithub\DDNCadAddins\src\DDNCadAddins\DDNCadAddins\Infrastructure\AcadUserMessageService.cs(61,13): warning SA1101: Prefix local calls with this (https://github.com/DotNetAnalyzers/StyleCopAnalyzers/blob/master/documentation/SA1101.md) [D:\leaveblackgithub\DDNCadAddins\src\DDNCadAddins\DDNCadAddins\DDNCadAddins.csproj]
D:\leaveblackgithub\DDNCadAddins\src\DDNCadAddins\DDNCadAddins\Infrastructure\FileLogger.cs(125,13): warning SA1101: Prefix local calls with this (https://github.com/DotNetAnalyzers/StyleCopAnalyzers/blob/master/documentation/SA1101.md) [D:\leaveblackgithub\DDNCadAddins\src\DDNCadAddins\DDNCadAddins\DDNCadAddins.csproj]
D:\leaveblackgithub\DDNCadAddins\src\DDNCadAddins\DDNCadAddins\Infrastructure\FileLogger.cs(128,17): warning SA1101: Prefix local calls with this (https://github.com/DotNetAnalyzers/StyleCopAnalyzers/blob/master/documentation/SA1101.md) [D:\leaveblackgithub\DDNCadAddins\src\DDNCadAddins\DDNCadAddins\DDNCadAddins.csproj]
D:\leaveblackgithub\DDNCadAddins\src\DDNCadAddins\DDNCadAddins\Infrastructure\FileLogger.cs(129,17): warning SA1101: Prefix local calls with this (https://github.com/DotNetAnalyzers/StyleCopAnalyzers/blob/master/documentation/SA1101.md) [D:\leaveblackgithub\DDNCadAddins\src\DDNCadAddins\DDNCadAddins\DDNCadAddins.csproj]
D:\leaveblackgithub\DDNCadAddins\src\DDNCadAddins\DDNCadAddins\Infrastructure\FileLogger.cs(130,17): warning SA1101: Prefix local calls with this (https://github.com/DotNetAnalyzers/StyleCopAnalyzers/blob/master/documentation/SA1101.md) [D:\leaveblackgithub\DDNCadAddins\src\DDNCadAddins\DDNCadAddins\DDNCadAddins.csproj]
D:\leaveblackgithub\DDNCadAddins\src\DDNCadAddins\DDNCadAddins\Services\AcadUserInterfaceService.cs(84,56): warning SA1500: Braces for multi-line statements should not share line (https://github.com/DotNetAnalyzers/StyleCopAnalyzers/blob/master/documentation/SA1500.md) [D:\leaveblackgithub\DDNCadAddins\src\DDNCadAddins\DDNCadAddins\DDNCadAddins.csproj]
D:\leaveblackgithub\DDNCadAddins\src\DDNCadAddins\DDNCadAddins\Services\AcadUserInterfaceService.cs(77,17): warning SA1503: Braces should not be omitted (https://github.com/DotNetAnalyzers/StyleCopAnalyzers/blob/master/documentation/SA1503.md) [D:\leaveblackgithub\DDNCadAddins\src\DDNCadAddins\DDNCadAddins\DDNCadAddins.csproj]
D:\leaveblackgithub\DDNCadAddins\src\DDNCadAddins\DDNCadAddins\Services\AcadUserInterfaceService.cs(91,17): warning SA1503: Braces should not be omitted (https://github.com/DotNetAnalyzers/StyleCopAnalyzers/blob/master/documentation/SA1503.md) [D:\leaveblackgithub\DDNCadAddins\src\DDNCadAddins\DDNCadAddins\DDNCadAddins.csproj]
D:\leaveblackgithub\DDNCadAddins\src\DDNCadAddins\DDNCadAddins\Services\BlockReferenceService.cs(49,17): warning SA1101: Prefix local calls with this (https://github.com/DotNetAnalyzers/StyleCopAnalyzers/blob/master/documentation/SA1101.md) [D:\leaveblackgithub\DDNCadAddins\src\DDNCadAddins\DDNCadAddins\DDNCadAddins.csproj]
D:\leaveblackgithub\DDNCadAddins\src\DDNCadAddins\DDNCadAddins\Infrastructure\AcadUserMessageService.cs(70,25): warning SA1101: Prefix local calls with this (https://github.com/DotNetAnalyzers/StyleCopAnalyzers/blob/master/documentation/SA1101.md) [D:\leaveblackgithub\DDNCadAddins\src\DDNCadAddins\DDNCadAddins\DDNCadAddins.csproj]
D:\leaveblackgithub\DDNCadAddins\src\DDNCadAddins\DDNCadAddins\Infrastructure\AcadUserMessageService.cs(76,13): warning SA1101: Prefix local calls with this (https://github.com/DotNetAnalyzers/StyleCopAnalyzers/blob/master/documentation/SA1101.md) [D:\leaveblackgithub\DDNCadAddins\src\DDNCadAddins\DDNCadAddins\DDNCadAddins.csproj]
D:\leaveblackgithub\DDNCadAddins\src\DDNCadAddins\DDNCadAddins\Infrastructure\FileLogger.cs(112,13): warning CA1031: 请修改“Log”以捕获更具体的允许异常类型，或者重新抛出该异常 (https://docs.microsoft.com/dotnet/fundamentals/code-analysis/quality-rules/ca1031) [D:\leaveblackgithub\DDNCadAddins\src\DDNCadAddins\DDNCadAddins\DDNCadAddins.csproj]
D:\leaveblackgithub\DDNCadAddins\src\DDNCadAddins\DDNCadAddins\Services\AcadUserInterfaceService.cs(85,17): warning SA1413: Use trailing comma in multi-line initializers (https://github.com/DotNetAnalyzers/StyleCopAnalyzers/blob/master/documentation/SA1413.md) [D:\leaveblackgithub\DDNCadAddins\src\DDNCadAddins\DDNCadAddins\DDNCadAddins.csproj]
D:\leaveblackgithub\DDNCadAddins\src\DDNCadAddins\DDNCadAddins\Commands\XClipTest\XClipTestValidator.cs(127,29): warning SA1500: Braces for multi-line statements should not share line (https://github.com/DotNetAnalyzers/StyleCopAnalyzers/blob/master/documentation/SA1500.md) [D:\leaveblackgithub\DDNCadAddins\src\DDNCadAddins\DDNCadAddins\DDNCadAddins.csproj]
D:\leaveblackgithub\DDNCadAddins\src\DDNCadAddins\DDNCadAddins\Commands\XClipTest\XClipTestValidator.cs(133,25): warning SA1500: Braces for multi-line statements should not share line (https://github.com/DotNetAnalyzers/StyleCopAnalyzers/blob/master/documentation/SA1500.md) [D:\leaveblackgithub\DDNCadAddins\src\DDNCadAddins\DDNCadAddins\DDNCadAddins.csproj]
D:\leaveblackgithub\DDNCadAddins\src\DDNCadAddins\DDNCadAddins\Infrastructure\FileLogger.cs(47,17): warning SA1101: Prefix local calls with this (https://github.com/DotNetAnalyzers/StyleCopAnalyzers/blob/master/documentation/SA1101.md) [D:\leaveblackgithub\DDNCadAddins\src\DDNCadAddins\DDNCadAddins\DDNCadAddins.csproj]
D:\leaveblackgithub\DDNCadAddins\src\DDNCadAddins\DDNCadAddins\Commands\XClipTest\XClipTestValidator.cs(130,84): warning SA1500: Braces for multi-line statements should not share line (https://github.com/DotNetAnalyzers/StyleCopAnalyzers/blob/master/documentation/SA1500.md) [D:\leaveblackgithub\DDNCadAddins\src\DDNCadAddins\DDNCadAddins\DDNCadAddins.csproj]
D:\leaveblackgithub\DDNCadAddins\src\DDNCadAddins\DDNCadAddins\Commands\XClipTest\XClipTestValidator.cs(133,33): warning SA1500: Braces for multi-line statements should not share line (https://github.com/DotNetAnalyzers/StyleCopAnalyzers/blob/master/documentation/SA1500.md) [D:\leaveblackgithub\DDNCadAddins\src\DDNCadAddins\DDNCadAddins\DDNCadAddins.csproj]
D:\leaveblackgithub\DDNCadAddins\src\DDNCadAddins\DDNCadAddins\Infrastructure\FileLogger.cs(48,17): warning SA1101: Prefix local calls with this (https://github.com/DotNetAnalyzers/StyleCopAnalyzers/blob/master/documentation/SA1101.md) [D:\leaveblackgithub\DDNCadAddins\src\DDNCadAddins\DDNCadAddins\DDNCadAddins.csproj]
D:\leaveblackgithub\DDNCadAddins\src\DDNCadAddins\DDNCadAddins\Commands\XClipTest\XClipTestValidator.cs(96,25): warning SA1503: Braces should not be omitted (https://github.com/DotNetAnalyzers/StyleCopAnalyzers/blob/master/documentation/SA1503.md) [D:\leaveblackgithub\DDNCadAddins\src\DDNCadAddins\DDNCadAddins\DDNCadAddins.csproj]
D:\leaveblackgithub\DDNCadAddins\src\DDNCadAddins\DDNCadAddins\Commands\XClipTest\XClipTestValidator.cs(103,29): warning SA1503: Braces should not be omitted (https://github.com/DotNetAnalyzers/StyleCopAnalyzers/blob/master/documentation/SA1503.md) [D:\leaveblackgithub\DDNCadAddins\src\DDNCadAddins\DDNCadAddins\DDNCadAddins.csproj]
D:\leaveblackgithub\DDNCadAddins\src\DDNCadAddins\DDNCadAddins\Commands\XClipTest\XClipTestValidator.cs(108,29): warning SA1503: Braces should not be omitted (https://github.com/DotNetAnalyzers/StyleCopAnalyzers/blob/master/documentation/SA1503.md) [D:\leaveblackgithub\DDNCadAddins\src\DDNCadAddins\DDNCadAddins\DDNCadAddins.csproj]
D:\leaveblackgithub\DDNCadAddins\src\DDNCadAddins\DDNCadAddins\Infrastructure\FileLogger.cs(57,36): warning SA1101: Prefix local calls with this (https://github.com/DotNetAnalyzers/StyleCopAnalyzers/blob/master/documentation/SA1101.md) [D:\leaveblackgithub\DDNCadAddins\src\DDNCadAddins\DDNCadAddins\DDNCadAddins.csproj]
D:\leaveblackgithub\DDNCadAddins\src\DDNCadAddins\DDNCadAddins\Infrastructure\FileLogger.cs(58,17): warning SA1101: Prefix local calls with this (https://github.com/DotNetAnalyzers/StyleCopAnalyzers/blob/master/documentation/SA1101.md) [D:\leaveblackgithub\DDNCadAddins\src\DDNCadAddins\DDNCadAddins\DDNCadAddins.csproj]
D:\leaveblackgithub\DDNCadAddins\src\DDNCadAddins\DDNCadAddins\Services\AcadUserInterfaceService.cs(75,25): warning SA1101: Prefix local calls with this (https://github.com/DotNetAnalyzers/StyleCopAnalyzers/blob/master/documentation/SA1101.md) [D:\leaveblackgithub\DDNCadAddins\src\DDNCadAddins\DDNCadAddins\DDNCadAddins.csproj]
D:\leaveblackgithub\DDNCadAddins\src\DDNCadAddins\DDNCadAddins\Infrastructure\AcadUserMessageService.cs(86,25): warning SA1101: Prefix local calls with this (https://github.com/DotNetAnalyzers/StyleCopAnalyzers/blob/master/documentation/SA1101.md) [D:\leaveblackgithub\DDNCadAddins\src\DDNCadAddins\DDNCadAddins\DDNCadAddins.csproj]
D:\leaveblackgithub\DDNCadAddins\src\DDNCadAddins\DDNCadAddins\Infrastructure\AcadUserMessageService.cs(101,17): warning SA1101: Prefix local calls with this (https://github.com/DotNetAnalyzers/StyleCopAnalyzers/blob/master/documentation/SA1101.md) [D:\leaveblackgithub\DDNCadAddins\src\DDNCadAddins\DDNCadAddins\DDNCadAddins.csproj]
D:\leaveblackgithub\DDNCadAddins\src\DDNCadAddins\DDNCadAddins\Infrastructure\AcadUserMessageService.cs(105,17): warning SA1101: Prefix local calls with this (https://github.com/DotNetAnalyzers/StyleCopAnalyzers/blob/master/documentation/SA1101.md) [D:\leaveblackgithub\DDNCadAddins\src\DDNCadAddins\DDNCadAddins\DDNCadAddins.csproj]
D:\leaveblackgithub\DDNCadAddins\src\DDNCadAddins\DDNCadAddins\Infrastructure\FileLogger.cs(61,17): warning SA1101: Prefix local calls with this (https://github.com/DotNetAnalyzers/StyleCopAnalyzers/blob/master/documentation/SA1101.md) [D:\leaveblackgithub\DDNCadAddins\src\DDNCadAddins\DDNCadAddins\DDNCadAddins.csproj]
D:\leaveblackgithub\DDNCadAddins\src\DDNCadAddins\DDNCadAddins\Services\AcadUserInterfaceService.cs(96,17): warning SA1101: Prefix local calls with this (https://github.com/DotNetAnalyzers/StyleCopAnalyzers/blob/master/documentation/SA1101.md) [D:\leaveblackgithub\DDNCadAddins\src\DDNCadAddins\DDNCadAddins\DDNCadAddins.csproj]
D:\leaveblackgithub\DDNCadAddins\src\DDNCadAddins\DDNCadAddins\Commands\XClipTest\XClipTestValidator.cs(123,29): warning SA1413: Use trailing comma in multi-line initializers (https://github.com/DotNetAnalyzers/StyleCopAnalyzers/blob/master/documentation/SA1413.md) [D:\leaveblackgithub\DDNCadAddins\src\DDNCadAddins\DDNCadAddins\DDNCadAddins.csproj]
D:\leaveblackgithub\DDNCadAddins\src\DDNCadAddins\DDNCadAddins\Infrastructure\FileLogger.cs(61,47): warning SA1101: Prefix local calls with this (https://github.com/DotNetAnalyzers/StyleCopAnalyzers/blob/master/documentation/SA1101.md) [D:\leaveblackgithub\DDNCadAddins\src\DDNCadAddins\DDNCadAddins\DDNCadAddins.csproj]
D:\leaveblackgithub\DDNCadAddins\src\DDNCadAddins\DDNCadAddins\Infrastructure\FileLogger.cs(62,17): warning SA1101: Prefix local calls with this (https://github.com/DotNetAnalyzers/StyleCopAnalyzers/blob/master/documentation/SA1101.md) [D:\leaveblackgithub\DDNCadAddins\src\DDNCadAddins\DDNCadAddins\DDNCadAddins.csproj]
D:\leaveblackgithub\DDNCadAddins\src\DDNCadAddins\DDNCadAddins\Infrastructure\FileLogger.cs(65,17): warning SA1101: Prefix local calls with this (https://github.com/DotNetAnalyzers/StyleCopAnalyzers/blob/master/documentation/SA1101.md) [D:\leaveblackgithub\DDNCadAddins\src\DDNCadAddins\DDNCadAddins\DDNCadAddins.csproj]
D:\leaveblackgithub\DDNCadAddins\src\DDNCadAddins\DDNCadAddins\Infrastructure\FileLogger.cs(66,17): warning SA1101: Prefix local calls with this (https://github.com/DotNetAnalyzers/StyleCopAnalyzers/blob/master/documentation/SA1101.md) [D:\leaveblackgithub\DDNCadAddins\src\DDNCadAddins\DDNCadAddins\DDNCadAddins.csproj]
D:\leaveblackgithub\DDNCadAddins\src\DDNCadAddins\DDNCadAddins\Infrastructure\FileLogger.cs(66,30): warning SA1101: Prefix local calls with this (https://github.com/DotNetAnalyzers/StyleCopAnalyzers/blob/master/documentation/SA1101.md) [D:\leaveblackgithub\DDNCadAddins\src\DDNCadAddins\DDNCadAddins\DDNCadAddins.csproj]
D:\leaveblackgithub\DDNCadAddins\src\DDNCadAddins\DDNCadAddins\Infrastructure\FileLogger.cs(67,17): warning SA1101: Prefix local calls with this (https://github.com/DotNetAnalyzers/StyleCopAnalyzers/blob/master/documentation/SA1101.md) [D:\leaveblackgithub\DDNCadAddins\src\DDNCadAddins\DDNCadAddins\DDNCadAddins.csproj]
D:\leaveblackgithub\DDNCadAddins\src\DDNCadAddins\DDNCadAddins\Infrastructure\FileLogger.cs(67,28): warning SA1101: Prefix local calls with this (https://github.com/DotNetAnalyzers/StyleCopAnalyzers/blob/master/documentation/SA1101.md) [D:\leaveblackgithub\DDNCadAddins\src\DDNCadAddins\DDNCadAddins\DDNCadAddins.csproj]
D:\leaveblackgithub\DDNCadAddins\src\DDNCadAddins\DDNCadAddins\Infrastructure\FileLogger.cs(68,17): warning SA1101: Prefix local calls with this (https://github.com/DotNetAnalyzers/StyleCopAnalyzers/blob/master/documentation/SA1101.md) [D:\leaveblackgithub\DDNCadAddins\src\DDNCadAddins\DDNCadAddins\DDNCadAddins.csproj]
D:\leaveblackgithub\DDNCadAddins\src\DDNCadAddins\DDNCadAddins\Commands\Blk2CsvCommand.cs(75,23): warning SA1101: Prefix local calls with this (https://github.com/DotNetAnalyzers/StyleCopAnalyzers/blob/master/documentation/SA1101.md) [D:\leaveblackgithub\DDNCadAddins\src\DDNCadAddins\DDNCadAddins\DDNCadAddins.csproj]
D:\leaveblackgithub\DDNCadAddins\src\DDNCadAddins\DDNCadAddins\Services\BlockReferenceService.cs(62,17): warning SA1503: Braces should not be omitted (https://github.com/DotNetAnalyzers/StyleCopAnalyzers/blob/master/documentation/SA1503.md) [D:\leaveblackgithub\DDNCadAddins\src\DDNCadAddins\DDNCadAddins\DDNCadAddins.csproj]
D:\leaveblackgithub\DDNCadAddins\src\DDNCadAddins\DDNCadAddins\Services\BlockReferenceService.cs(47,13): warning CA1031: 请修改“GetBlockReference”以捕获更具体的允许异常类型，或者重新抛出该异常 (https://docs.microsoft.com/dotnet/fundamentals/code-analysis/quality-rules/ca1031) [D:\leaveblackgithub\DDNCadAddins\src\DDNCadAddins\DDNCadAddins\DDNCadAddins.csproj]
D:\leaveblackgithub\DDNCadAddins\src\DDNCadAddins\DDNCadAddins\Commands\Blk2CsvCommand.cs(78,17): warning SA1101: Prefix local calls with this (https://github.com/DotNetAnalyzers/StyleCopAnalyzers/blob/master/documentation/SA1101.md) [D:\leaveblackgithub\DDNCadAddins\src\DDNCadAddins\DDNCadAddins\DDNCadAddins.csproj]
D:\leaveblackgithub\DDNCadAddins\src\DDNCadAddins\DDNCadAddins\Commands\Blk2CsvCommand.cs(79,17): warning SA1101: Prefix local calls with this (https://github.com/DotNetAnalyzers/StyleCopAnalyzers/blob/master/documentation/SA1101.md) [D:\leaveblackgithub\DDNCadAddins\src\DDNCadAddins\DDNCadAddins\DDNCadAddins.csproj]
D:\leaveblackgithub\DDNCadAddins\src\DDNCadAddins\DDNCadAddins\Commands\Blk2CsvCommand.cs(86,13): warning SA1101: Prefix local calls with this (https://github.com/DotNetAnalyzers/StyleCopAnalyzers/blob/master/documentation/SA1101.md) [D:\leaveblackgithub\DDNCadAddins\src\DDNCadAddins\DDNCadAddins\DDNCadAddins.csproj]
D:\leaveblackgithub\DDNCadAddins\src\DDNCadAddins\DDNCadAddins\Commands\Blk2CsvCommand.cs(87,34): warning SA1101: Prefix local calls with this (https://github.com/DotNetAnalyzers/StyleCopAnalyzers/blob/master/documentation/SA1101.md) [D:\leaveblackgithub\DDNCadAddins\src\DDNCadAddins\DDNCadAddins\DDNCadAddins.csproj]
D:\leaveblackgithub\DDNCadAddins\src\DDNCadAddins\DDNCadAddins\Commands\Blk2CsvCommand.cs(90,17): warning SA1101: Prefix local calls with this (https://github.com/DotNetAnalyzers/StyleCopAnalyzers/blob/master/documentation/SA1101.md) [D:\leaveblackgithub\DDNCadAddins\src\DDNCadAddins\DDNCadAddins\DDNCadAddins.csproj]
D:\leaveblackgithub\DDNCadAddins\src\DDNCadAddins\DDNCadAddins\Commands\Blk2CsvCommand.cs(95,13): warning SA1101: Prefix local calls with this (https://github.com/DotNetAnalyzers/StyleCopAnalyzers/blob/master/documentation/SA1101.md) [D:\leaveblackgithub\DDNCadAddins\src\DDNCadAddins\DDNCadAddins\DDNCadAddins.csproj]
D:\leaveblackgithub\DDNCadAddins\src\DDNCadAddins\DDNCadAddins\Services\BlockReferenceService.cs(70,17): warning SA1101: Prefix local calls with this (https://github.com/DotNetAnalyzers/StyleCopAnalyzers/blob/master/documentation/SA1101.md) [D:\leaveblackgithub\DDNCadAddins\src\DDNCadAddins\DDNCadAddins\DDNCadAddins.csproj]
D:\leaveblackgithub\DDNCadAddins\src\DDNCadAddins\DDNCadAddins\Commands\Blk2CsvCommand.cs(96,34): warning SA1101: Prefix local calls with this (https://github.com/DotNetAnalyzers/StyleCopAnalyzers/blob/master/documentation/SA1101.md) [D:\leaveblackgithub\DDNCadAddins\src\DDNCadAddins\DDNCadAddins\DDNCadAddins.csproj]
D:\leaveblackgithub\DDNCadAddins\src\DDNCadAddins\DDNCadAddins\Commands\Blk2CsvCommand.cs(99,17): warning SA1101: Prefix local calls with this (https://github.com/DotNetAnalyzers/StyleCopAnalyzers/blob/master/documentation/SA1101.md) [D:\leaveblackgithub\DDNCadAddins\src\DDNCadAddins\DDNCadAddins\DDNCadAddins.csproj]
D:\leaveblackgithub\DDNCadAddins\src\DDNCadAddins\DDNCadAddins\Commands\Blk2CsvCommand.cs(103,13): warning SA1101: Prefix local calls with this (https://github.com/DotNetAnalyzers/StyleCopAnalyzers/blob/master/documentation/SA1101.md) [D:\leaveblackgithub\DDNCadAddins\src\DDNCadAddins\DDNCadAddins\DDNCadAddins.csproj]
D:\leaveblackgithub\DDNCadAddins\src\DDNCadAddins\DDNCadAddins\Infrastructure\FileLogger.cs(141,21): warning SA1101: Prefix local calls with this (https://github.com/DotNetAnalyzers/StyleCopAnalyzers/blob/master/documentation/SA1101.md) [D:\leaveblackgithub\DDNCadAddins\src\DDNCadAddins\DDNCadAddins\DDNCadAddins.csproj]
D:\leaveblackgithub\DDNCadAddins\src\DDNCadAddins\DDNCadAddins\Infrastructure\FileLogger.cs(143,56): warning SA1101: Prefix local calls with this (https://github.com/DotNetAnalyzers/StyleCopAnalyzers/blob/master/documentation/SA1101.md) [D:\leaveblackgithub\DDNCadAddins\src\DDNCadAddins\DDNCadAddins\DDNCadAddins.csproj]
D:\leaveblackgithub\DDNCadAddins\src\DDNCadAddins\DDNCadAddins\Commands\XClipTest\TestCommandBase.cs(157,29): warning SA1503: Braces should not be omitted (https://github.com/DotNetAnalyzers/StyleCopAnalyzers/blob/master/documentation/SA1503.md) [D:\leaveblackgithub\DDNCadAddins\src\DDNCadAddins\DDNCadAddins\DDNCadAddins.csproj]
D:\leaveblackgithub\DDNCadAddins\src\DDNCadAddins\DDNCadAddins\Infrastructure\FileLogger.cs(144,21): warning SA1101: Prefix local calls with this (https://github.com/DotNetAnalyzers/StyleCopAnalyzers/blob/master/documentation/SA1101.md) [D:\leaveblackgithub\DDNCadAddins\src\DDNCadAddins\DDNCadAddins\DDNCadAddins.csproj]
D:\leaveblackgithub\DDNCadAddins\src\DDNCadAddins\DDNCadAddins\Commands\Blk2CsvCommand.cs(109,13): warning SA1101: Prefix local calls with this (https://github.com/DotNetAnalyzers/StyleCopAnalyzers/blob/master/documentation/SA1101.md) [D:\leaveblackgithub\DDNCadAddins\src\DDNCadAddins\DDNCadAddins\DDNCadAddins.csproj]
D:\leaveblackgithub\DDNCadAddins\src\DDNCadAddins\DDNCadAddins\Infrastructure\FileLogger.cs(145,21): warning SA1101: Prefix local calls with this (https://github.com/DotNetAnalyzers/StyleCopAnalyzers/blob/master/documentation/SA1101.md) [D:\leaveblackgithub\DDNCadAddins\src\DDNCadAddins\DDNCadAddins\DDNCadAddins.csproj]
D:\leaveblackgithub\DDNCadAddins\src\DDNCadAddins\DDNCadAddins\Infrastructure\FileLogger.cs(146,21): warning SA1101: Prefix local calls with this (https://github.com/DotNetAnalyzers/StyleCopAnalyzers/blob/master/documentation/SA1101.md) [D:\leaveblackgithub\DDNCadAddins\src\DDNCadAddins\DDNCadAddins\DDNCadAddins.csproj]
D:\leaveblackgithub\DDNCadAddins\src\DDNCadAddins\DDNCadAddins\Infrastructure\FileLogger.cs(146,34): warning SA1101: Prefix local calls with this (https://github.com/DotNetAnalyzers/StyleCopAnalyzers/blob/master/documentation/SA1101.md) [D:\leaveblackgithub\DDNCadAddins\src\DDNCadAddins\DDNCadAddins\DDNCadAddins.csproj]
D:\leaveblackgithub\DDNCadAddins\src\DDNCadAddins\DDNCadAddins\Commands\Blk2CsvCommand.cs(112,30): warning SA1101: Prefix local calls with this (https://github.com/DotNetAnalyzers/StyleCopAnalyzers/blob/master/documentation/SA1101.md) [D:\leaveblackgithub\DDNCadAddins\src\DDNCadAddins\DDNCadAddins\DDNCadAddins.csproj]
D:\leaveblackgithub\DDNCadAddins\src\DDNCadAddins\DDNCadAddins\Infrastructure\FileLogger.cs(148,21): warning SA1101: Prefix local calls with this (https://github.com/DotNetAnalyzers/StyleCopAnalyzers/blob/master/documentation/SA1101.md) [D:\leaveblackgithub\DDNCadAddins\src\DDNCadAddins\DDNCadAddins\DDNCadAddins.csproj]
D:\leaveblackgithub\DDNCadAddins\src\DDNCadAddins\DDNCadAddins\Infrastructure\AcadUserMessageService.cs(116,13): warning SA1101: Prefix local calls with this (https://github.com/DotNetAnalyzers/StyleCopAnalyzers/blob/master/documentation/SA1101.md) [D:\leaveblackgithub\DDNCadAddins\src\DDNCadAddins\DDNCadAddins\DDNCadAddins.csproj]
D:\leaveblackgithub\DDNCadAddins\src\DDNCadAddins\DDNCadAddins\Commands\Blk2CsvCommand.cs(119,21): warning SA1101: Prefix local calls with this (https://github.com/DotNetAnalyzers/StyleCopAnalyzers/blob/master/documentation/SA1101.md) [D:\leaveblackgithub\DDNCadAddins\src\DDNCadAddins\DDNCadAddins\DDNCadAddins.csproj]
D:\leaveblackgithub\DDNCadAddins\src\DDNCadAddins\DDNCadAddins\Infrastructure\FileLogger.cs(149,21): warning SA1101: Prefix local calls with this (https://github.com/DotNetAnalyzers/StyleCopAnalyzers/blob/master/documentation/SA1101.md) [D:\leaveblackgithub\DDNCadAddins\src\DDNCadAddins\DDNCadAddins\DDNCadAddins.csproj]
D:\leaveblackgithub\DDNCadAddins\src\DDNCadAddins\DDNCadAddins\Commands\Blk2CsvCommand.cs(123,21): warning SA1101: Prefix local calls with this (https://github.com/DotNetAnalyzers/StyleCopAnalyzers/blob/master/documentation/SA1101.md) [D:\leaveblackgithub\DDNCadAddins\src\DDNCadAddins\DDNCadAddins\DDNCadAddins.csproj]
D:\leaveblackgithub\DDNCadAddins\src\DDNCadAddins\DDNCadAddins\Infrastructure\FileLogger.cs(150,21): warning SA1101: Prefix local calls with this (https://github.com/DotNetAnalyzers/StyleCopAnalyzers/blob/master/documentation/SA1101.md) [D:\leaveblackgithub\DDNCadAddins\src\DDNCadAddins\DDNCadAddins\DDNCadAddins.csproj]
D:\leaveblackgithub\DDNCadAddins\src\DDNCadAddins\DDNCadAddins\Infrastructure\FileLogger.cs(151,21): warning SA1101: Prefix local calls with this (https://github.com/DotNetAnalyzers/StyleCopAnalyzers/blob/master/documentation/SA1101.md) [D:\leaveblackgithub\DDNCadAddins\src\DDNCadAddins\DDNCadAddins\DDNCadAddins.csproj]
D:\leaveblackgithub\DDNCadAddins\src\DDNCadAddins\DDNCadAddins\Commands\Blk2CsvCommand.cs(124,21): warning SA1101: Prefix local calls with this (https://github.com/DotNetAnalyzers/StyleCopAnalyzers/blob/master/documentation/SA1101.md) [D:\leaveblackgithub\DDNCadAddins\src\DDNCadAddins\DDNCadAddins\DDNCadAddins.csproj]
D:\leaveblackgithub\DDNCadAddins\src\DDNCadAddins\DDNCadAddins\Commands\Blk2CsvCommand.cs(134,17): warning SA1101: Prefix local calls with this (https://github.com/DotNetAnalyzers/StyleCopAnalyzers/blob/master/documentation/SA1101.md) [D:\leaveblackgithub\DDNCadAddins\src\DDNCadAddins\DDNCadAddins\DDNCadAddins.csproj]
D:\leaveblackgithub\DDNCadAddins\src\DDNCadAddins\DDNCadAddins\Commands\Blk2CsvCommand.cs(135,36): warning SA1101: Prefix local calls with this (https://github.com/DotNetAnalyzers/StyleCopAnalyzers/blob/master/documentation/SA1101.md) [D:\leaveblackgithub\DDNCadAddins\src\DDNCadAddins\DDNCadAddins\DDNCadAddins.csproj]
D:\leaveblackgithub\DDNCadAddins\src\DDNCadAddins\DDNCadAddins\Commands\Blk2CsvCommand.cs(140,21): warning SA1101: Prefix local calls with this (https://github.com/DotNetAnalyzers/StyleCopAnalyzers/blob/master/documentation/SA1101.md) [D:\leaveblackgithub\DDNCadAddins\src\DDNCadAddins\DDNCadAddins\DDNCadAddins.csproj]
D:\leaveblackgithub\DDNCadAddins\src\DDNCadAddins\DDNCadAddins\Commands\Blk2CsvCommand.cs(144,21): warning SA1101: Prefix local calls with this (https://github.com/DotNetAnalyzers/StyleCopAnalyzers/blob/master/documentation/SA1101.md) [D:\leaveblackgithub\DDNCadAddins\src\DDNCadAddins\DDNCadAddins\DDNCadAddins.csproj]
D:\leaveblackgithub\DDNCadAddins\src\DDNCadAddins\DDNCadAddins\Commands\Blk2CsvCommand.cs(147,25): warning SA1101: Prefix local calls with this (https://github.com/DotNetAnalyzers/StyleCopAnalyzers/blob/master/documentation/SA1101.md) [D:\leaveblackgithub\DDNCadAddins\src\DDNCadAddins\DDNCadAddins\DDNCadAddins.csproj]
D:\leaveblackgithub\DDNCadAddins\src\DDNCadAddins\DDNCadAddins\Commands\Blk2CsvCommand.cs(149,25): warning SA1101: Prefix local calls with this (https://github.com/DotNetAnalyzers/StyleCopAnalyzers/blob/master/documentation/SA1101.md) [D:\leaveblackgithub\DDNCadAddins\src\DDNCadAddins\DDNCadAddins\DDNCadAddins.csproj]
D:\leaveblackgithub\DDNCadAddins\src\DDNCadAddins\DDNCadAddins\Commands\Blk2CsvCommand.cs(150,25): warning SA1101: Prefix local calls with this (https://github.com/DotNetAnalyzers/StyleCopAnalyzers/blob/master/documentation/SA1101.md) [D:\leaveblackgithub\DDNCadAddins\src\DDNCadAddins\DDNCadAddins\DDNCadAddins.csproj]
D:\leaveblackgithub\DDNCadAddins\src\DDNCadAddins\DDNCadAddins\Commands\Blk2CsvCommand.cs(155,21): warning SA1101: Prefix local calls with this (https://github.com/DotNetAnalyzers/StyleCopAnalyzers/blob/master/documentation/SA1101.md) [D:\leaveblackgithub\DDNCadAddins\src\DDNCadAddins\DDNCadAddins\DDNCadAddins.csproj]
D:\leaveblackgithub\DDNCadAddins\src\DDNCadAddins\DDNCadAddins\Commands\Blk2CsvCommand.cs(156,21): warning SA1101: Prefix local calls with this (https://github.com/DotNetAnalyzers/StyleCopAnalyzers/blob/master/documentation/SA1101.md) [D:\leaveblackgithub\DDNCadAddins\src\DDNCadAddins\DDNCadAddins\DDNCadAddins.csproj]
D:\leaveblackgithub\DDNCadAddins\src\DDNCadAddins\DDNCadAddins\Commands\Blk2CsvCommand.cs(162,17): warning SA1101: Prefix local calls with this (https://github.com/DotNetAnalyzers/StyleCopAnalyzers/blob/master/documentation/SA1101.md) [D:\leaveblackgithub\DDNCadAddins\src\DDNCadAddins\DDNCadAddins\DDNCadAddins.csproj]
D:\leaveblackgithub\DDNCadAddins\src\DDNCadAddins\DDNCadAddins\Commands\Blk2CsvCommand.cs(163,17): warning SA1101: Prefix local calls with this (https://github.com/DotNetAnalyzers/StyleCopAnalyzers/blob/master/documentation/SA1101.md) [D:\leaveblackgithub\DDNCadAddins\src\DDNCadAddins\DDNCadAddins\DDNCadAddins.csproj]
D:\leaveblackgithub\DDNCadAddins\src\DDNCadAddins\DDNCadAddins\Commands\XClipTest\TestCommandBase.cs(156,25): warning SA1101: Prefix local calls with this (https://github.com/DotNetAnalyzers/StyleCopAnalyzers/blob/master/documentation/SA1101.md) [D:\leaveblackgithub\DDNCadAddins\src\DDNCadAddins\DDNCadAddins\DDNCadAddins.csproj]
D:\leaveblackgithub\DDNCadAddins\src\DDNCadAddins\DDNCadAddins\Infrastructure\AcadUserMessageService.cs(28,24): warning CA1822: 成员“GetCurrentEditor”不访问实例数据，可标记为 static (https://docs.microsoft.com/dotnet/fundamentals/code-analysis/quality-rules/ca1822) [D:\leaveblackgithub\DDNCadAddins\src\DDNCadAddins\DDNCadAddins\DDNCadAddins.csproj]
D:\leaveblackgithub\DDNCadAddins\src\DDNCadAddins\DDNCadAddins\Commands\XClipTest\TestCommandBase.cs(162,17): warning SA1101: Prefix local calls with this (https://github.com/DotNetAnalyzers/StyleCopAnalyzers/blob/master/documentation/SA1101.md) [D:\leaveblackgithub\DDNCadAddins\src\DDNCadAddins\DDNCadAddins\DDNCadAddins.csproj]
D:\leaveblackgithub\DDNCadAddins\src\DDNCadAddins\DDNCadAddins\Infrastructure\FileLogger.cs(154,13): warning CA1031: 请修改“Close”以捕获更具体的允许异常类型，或者重新抛出该异常 (https://docs.microsoft.com/dotnet/fundamentals/code-analysis/quality-rules/ca1031) [D:\leaveblackgithub\DDNCadAddins\src\DDNCadAddins\DDNCadAddins\DDNCadAddins.csproj]
D:\leaveblackgithub\DDNCadAddins\src\DDNCadAddins\DDNCadAddins\Commands\XClipTest\TestCommandBase.cs(181,17): warning SA1101: Prefix local calls with this (https://github.com/DotNetAnalyzers/StyleCopAnalyzers/blob/master/documentation/SA1101.md) [D:\leaveblackgithub\DDNCadAddins\src\DDNCadAddins\DDNCadAddins\DDNCadAddins.csproj]
D:\leaveblackgithub\DDNCadAddins\src\DDNCadAddins\DDNCadAddins\Models\OperationResult.cs(231,42): warning CA1000: 不要在泛型类型中声明静态成员 (https://docs.microsoft.com/dotnet/fundamentals/code-analysis/quality-rules/ca1000) [D:\leaveblackgithub\DDNCadAddins\src\DDNCadAddins\DDNCadAddins\DDNCadAddins.csproj]
D:\leaveblackgithub\DDNCadAddins\src\DDNCadAddins\DDNCadAddins\Models\OperationResult.cs(239,17): warning SA1413: Use trailing comma in multi-line initializers (https://github.com/DotNetAnalyzers/StyleCopAnalyzers/blob/master/documentation/SA1413.md) [D:\leaveblackgithub\DDNCadAddins\src\DDNCadAddins\DDNCadAddins\DDNCadAddins.csproj]
D:\leaveblackgithub\DDNCadAddins\src\DDNCadAddins\DDNCadAddins\Services\BlockReferenceService.cs(68,13): warning CA1031: 请修改“GetBlockGeometricExtents”以捕获更具体的允许异常类型，或者重新抛出该异常 (https://docs.microsoft.com/dotnet/fundamentals/code-analysis/quality-rules/ca1031) [D:\leaveblackgithub\DDNCadAddins\src\DDNCadAddins\DDNCadAddins\DDNCadAddins.csproj]
D:\leaveblackgithub\DDNCadAddins\src\DDNCadAddins\DDNCadAddins\Services\DocumentService.cs(25,13): warning SA1101: Prefix local calls with this (https://github.com/DotNetAnalyzers/StyleCopAnalyzers/blob/master/documentation/SA1101.md) [D:\leaveblackgithub\DDNCadAddins\src\DDNCadAddins\DDNCadAddins\DDNCadAddins.csproj]
D:\leaveblackgithub\DDNCadAddins\src\DDNCadAddins\DDNCadAddins\Commands\XClipTest\TestCommandBase.cs(173,21): warning CA1031: 请修改“CleanupActiveCommands”以捕获更具体的允许异常类型，或者重新抛出该异常 (https://docs.microsoft.com/dotnet/fundamentals/code-analysis/quality-rules/ca1031) [D:\leaveblackgithub\DDNCadAddins\src\DDNCadAddins\DDNCadAddins\DDNCadAddins.csproj]
D:\leaveblackgithub\DDNCadAddins\src\DDNCadAddins\DDNCadAddins\Commands\XClipTest\TestCommandBase.cs(179,13): warning CA1031: 请修改“CleanupActiveCommands”以捕获更具体的允许异常类型，或者重新抛出该异常 (https://docs.microsoft.com/dotnet/fundamentals/code-analysis/quality-rules/ca1031) [D:\leaveblackgithub\DDNCadAddins\src\DDNCadAddins\DDNCadAddins\DDNCadAddins.csproj]
D:\leaveblackgithub\DDNCadAddins\src\DDNCadAddins\DDNCadAddins\Infrastructure\FileLogger.cs(57,36): warning CA1305: “DateTime.ToString(string)”的行为可能因当前用户的区域设置而异。请将“FileLogger.Initialize(string)”中的此调用替换为对“DateTime.ToString(string, IFormatProvider)”的调用。 (https://docs.microsoft.com/dotnet/fundamentals/code-analysis/quality-rules/ca1305) [D:\leaveblackgithub\DDNCadAddins\src\DDNCadAddins\DDNCadAddins\DDNCadAddins.csproj]
D:\leaveblackgithub\DDNCadAddins\src\DDNCadAddins\DDNCadAddins\Services\BlockDataService.cs(24,17): warning SA1503: Braces should not be omitted (https://github.com/DotNetAnalyzers/StyleCopAnalyzers/blob/master/documentation/SA1503.md) [D:\leaveblackgithub\DDNCadAddins\src\DDNCadAddins\DDNCadAddins\DDNCadAddins.csproj]
D:\leaveblackgithub\DDNCadAddins\src\DDNCadAddins\DDNCadAddins\Services\BlockDataService.cs(27,17): warning SA1503: Braces should not be omitted (https://github.com/DotNetAnalyzers/StyleCopAnalyzers/blob/master/documentation/SA1503.md) [D:\leaveblackgithub\DDNCadAddins\src\DDNCadAddins\DDNCadAddins\DDNCadAddins.csproj]
D:\leaveblackgithub\DDNCadAddins\src\DDNCadAddins\DDNCadAddins\Services\BlockDataService.cs(46,25): warning SA1503: Braces should not be omitted (https://github.com/DotNetAnalyzers/StyleCopAnalyzers/blob/master/documentation/SA1503.md) [D:\leaveblackgithub\DDNCadAddins\src\DDNCadAddins\DDNCadAddins\DDNCadAddins.csproj]
D:\leaveblackgithub\DDNCadAddins\src\DDNCadAddins\DDNCadAddins\Infrastructure\FileLogger.cs(70,13): warning CA1031: 请修改“Initialize”以捕获更具体的允许异常类型，或者重新抛出该异常 (https://docs.microsoft.com/dotnet/fundamentals/code-analysis/quality-rules/ca1031) [D:\leaveblackgithub\DDNCadAddins\src\DDNCadAddins\DDNCadAddins\DDNCadAddins.csproj]
D:\leaveblackgithub\DDNCadAddins\src\DDNCadAddins\DDNCadAddins\Commands\XClipTest\TestCommandBase.cs(121,17): warning CA1062: 在外部可见方法“void TestCommandBase.ExecuteTestOperation(Action testAction, string errorMessage)”中，先验证参数“testAction”为非 null，然后再使用。如果适用，在参数为 null 时引发 ArgumentNullException，或添加断言非 null 参数的代码协定前提条件。 (https://docs.microsoft.com/dotnet/fundamentals/code-analysis/quality-rules/ca1062) [D:\leaveblackgithub\DDNCadAddins\src\DDNCadAddins\DDNCadAddins\DDNCadAddins.csproj]
D:\leaveblackgithub\DDNCadAddins\src\DDNCadAddins\DDNCadAddins\Commands\Blk2CsvCommand.cs(159,13): warning CA1031: 请修改“ExecuteExport”以捕获更具体的允许异常类型，或者重新抛出该异常 (https://docs.microsoft.com/dotnet/fundamentals/code-analysis/quality-rules/ca1031) [D:\leaveblackgithub\DDNCadAddins\src\DDNCadAddins\DDNCadAddins\DDNCadAddins.csproj]
D:\leaveblackgithub\DDNCadAddins\src\DDNCadAddins\DDNCadAddins\Commands\XClipTest\XClipTestValidator.cs(120,42): warning SA1101: Prefix local calls with this (https://github.com/DotNetAnalyzers/StyleCopAnalyzers/blob/master/documentation/SA1101.md) [D:\leaveblackgithub\DDNCadAddins\src\DDNCadAddins\DDNCadAddins\DDNCadAddins.csproj]
D:\leaveblackgithub\DDNCadAddins\src\DDNCadAddins\DDNCadAddins\Commands\XClipTest\XClipTestValidator.cs(121,40): warning SA1101: Prefix local calls with this (https://github.com/DotNetAnalyzers/StyleCopAnalyzers/blob/master/documentation/SA1101.md) [D:\leaveblackgithub\DDNCadAddins\src\DDNCadAddins\DDNCadAddins\DDNCadAddins.csproj]
D:\leaveblackgithub\DDNCadAddins\src\DDNCadAddins\DDNCadAddins\Commands\XClipTest\XClipTestValidator.cs(122,40): warning SA1101: Prefix local calls with this (https://github.com/DotNetAnalyzers/StyleCopAnalyzers/blob/master/documentation/SA1101.md) [D:\leaveblackgithub\DDNCadAddins\src\DDNCadAddins\DDNCadAddins\DDNCadAddins.csproj]
D:\leaveblackgithub\DDNCadAddins\src\DDNCadAddins\DDNCadAddins\Commands\XClipTest\XClipTestValidator.cs(123,37): warning SA1101: Prefix local calls with this (https://github.com/DotNetAnalyzers/StyleCopAnalyzers/blob/master/documentation/SA1101.md) [D:\leaveblackgithub\DDNCadAddins\src\DDNCadAddins\DDNCadAddins\DDNCadAddins.csproj]
D:\leaveblackgithub\DDNCadAddins\src\DDNCadAddins\DDNCadAddins\Models\OperationResult.cs(249,46): warning CA1000: 不要在泛型类型中声明静态成员 (https://docs.microsoft.com/dotnet/fundamentals/code-analysis/quality-rules/ca1000) [D:\leaveblackgithub\DDNCadAddins\src\DDNCadAddins\DDNCadAddins\DDNCadAddins.csproj]
D:\leaveblackgithub\DDNCadAddins\src\DDNCadAddins\DDNCadAddins\Models\OperationResult.cs(266,46): warning CA1000: 不要在泛型类型中声明静态成员 (https://docs.microsoft.com/dotnet/fundamentals/code-analysis/quality-rules/ca1000) [D:\leaveblackgithub\DDNCadAddins\src\DDNCadAddins\DDNCadAddins\DDNCadAddins.csproj]
D:\leaveblackgithub\DDNCadAddins\src\DDNCadAddins\DDNCadAddins\Models\OperationResult.cs(256,17): warning SA1413: Use trailing comma in multi-line initializers (https://github.com/DotNetAnalyzers/StyleCopAnalyzers/blob/master/documentation/SA1413.md) [D:\leaveblackgithub\DDNCadAddins\src\DDNCadAddins\DDNCadAddins\DDNCadAddins.csproj]
D:\leaveblackgithub\DDNCadAddins\src\DDNCadAddins\DDNCadAddins\Models\OperationResult.cs(273,17): warning SA1413: Use trailing comma in multi-line initializers (https://github.com/DotNetAnalyzers/StyleCopAnalyzers/blob/master/documentation/SA1413.md) [D:\leaveblackgithub\DDNCadAddins\src\DDNCadAddins\DDNCadAddins\DDNCadAddins.csproj]
D:\leaveblackgithub\DDNCadAddins\src\DDNCadAddins\DDNCadAddins\Services\DocumentService.cs(40,17): warning SA1101: Prefix local calls with this (https://github.com/DotNetAnalyzers/StyleCopAnalyzers/blob/master/documentation/SA1101.md) [D:\leaveblackgithub\DDNCadAddins\src\DDNCadAddins\DDNCadAddins\DDNCadAddins.csproj]
D:\leaveblackgithub\DDNCadAddins\src\DDNCadAddins\DDNCadAddins\Services\DocumentService.cs(57,17): warning SA1101: Prefix local calls with this (https://github.com/DotNetAnalyzers/StyleCopAnalyzers/blob/master/documentation/SA1101.md) [D:\leaveblackgithub\DDNCadAddins\src\DDNCadAddins\DDNCadAddins\DDNCadAddins.csproj]
D:\leaveblackgithub\DDNCadAddins\src\DDNCadAddins\DDNCadAddins\Services\DocumentService.cs(38,13): warning CA1031: 请修改“GetMdiActiveDocument”以捕获更具体的允许异常类型，或者重新抛出该异常 (https://docs.microsoft.com/dotnet/fundamentals/code-analysis/quality-rules/ca1031) [D:\leaveblackgithub\DDNCadAddins\src\DDNCadAddins\DDNCadAddins\DDNCadAddins.csproj]
D:\leaveblackgithub\DDNCadAddins\src\DDNCadAddins\DDNCadAddins\Services\DocumentService.cs(72,17): warning SA1503: Braces should not be omitted (https://github.com/DotNetAnalyzers/StyleCopAnalyzers/blob/master/documentation/SA1503.md) [D:\leaveblackgithub\DDNCadAddins\src\DDNCadAddins\DDNCadAddins\DDNCadAddins.csproj]
D:\leaveblackgithub\DDNCadAddins\src\DDNCadAddins\DDNCadAddins\Services\AcadViewService.cs(41,17): warning SA1503: Braces should not be omitted (https://github.com/DotNetAnalyzers/StyleCopAnalyzers/blob/master/documentation/SA1503.md) [D:\leaveblackgithub\DDNCadAddins\src\DDNCadAddins\DDNCadAddins\DDNCadAddins.csproj]
D:\leaveblackgithub\DDNCadAddins\src\DDNCadAddins\DDNCadAddins\Services\DocumentService.cs(55,13): warning CA1031: 请修改“ShowAlertDialog”以捕获更具体的允许异常类型，或者重新抛出该异常 (https://docs.microsoft.com/dotnet/fundamentals/code-analysis/quality-rules/ca1031) [D:\leaveblackgithub\DDNCadAddins\src\DDNCadAddins\DDNCadAddins\DDNCadAddins.csproj]
D:\leaveblackgithub\DDNCadAddins\src\DDNCadAddins\DDNCadAddins\Commands\XClipTest\XClipTestCommon.cs(54,21): warning SA1503: Braces should not be omitted (https://github.com/DotNetAnalyzers/StyleCopAnalyzers/blob/master/documentation/SA1503.md) [D:\leaveblackgithub\DDNCadAddins\src\DDNCadAddins\DDNCadAddins\DDNCadAddins.csproj]
D:\leaveblackgithub\DDNCadAddins\src\DDNCadAddins\DDNCadAddins\Models\OperationResult.cs(122,17): warning SA1503: Braces should not be omitted (https://github.com/DotNetAnalyzers/StyleCopAnalyzers/blob/master/documentation/SA1503.md) [D:\leaveblackgithub\DDNCadAddins\src\DDNCadAddins\DDNCadAddins\DDNCadAddins.csproj]
D:\leaveblackgithub\DDNCadAddins\src\DDNCadAddins\DDNCadAddins\Models\OperationResult.cs(124,17): warning SA1503: Braces should not be omitted (https://github.com/DotNetAnalyzers/StyleCopAnalyzers/blob/master/documentation/SA1503.md) [D:\leaveblackgithub\DDNCadAddins\src\DDNCadAddins\DDNCadAddins\DDNCadAddins.csproj]
D:\leaveblackgithub\DDNCadAddins\src\DDNCadAddins\DDNCadAddins\Services\DocumentService.cs(87,32): warning SA1101: Prefix local calls with this (https://github.com/DotNetAnalyzers/StyleCopAnalyzers/blob/master/documentation/SA1101.md) [D:\leaveblackgithub\DDNCadAddins\src\DDNCadAddins\DDNCadAddins\DDNCadAddins.csproj]
D:\leaveblackgithub\DDNCadAddins\src\DDNCadAddins\DDNCadAddins\Commands\XClipTest\XClipTestCommon.cs(52,17): warning SA1101: Prefix local calls with this (https://github.com/DotNetAnalyzers/StyleCopAnalyzers/blob/master/documentation/SA1101.md) [D:\leaveblackgithub\DDNCadAddins\src\DDNCadAddins\DDNCadAddins\DDNCadAddins.csproj]
D:\leaveblackgithub\DDNCadAddins\src\DDNCadAddins\DDNCadAddins\Commands\XClipTest\XClipTestCommon.cs(54,21): warning SA1101: Prefix local calls with this (https://github.com/DotNetAnalyzers/StyleCopAnalyzers/blob/master/documentation/SA1101.md) [D:\leaveblackgithub\DDNCadAddins\src\DDNCadAddins\DDNCadAddins\DDNCadAddins.csproj]
D:\leaveblackgithub\DDNCadAddins\src\DDNCadAddins\DDNCadAddins\Services\DocumentService.cs(95,17): warning SA1101: Prefix local calls with this (https://github.com/DotNetAnalyzers/StyleCopAnalyzers/blob/master/documentation/SA1101.md) [D:\leaveblackgithub\DDNCadAddins\src\DDNCadAddins\DDNCadAddins\DDNCadAddins.csproj]
D:\leaveblackgithub\DDNCadAddins\src\DDNCadAddins\DDNCadAddins\Models\OperationResult.cs(120,13): warning SA1101: Prefix local calls with this (https://github.com/DotNetAnalyzers/StyleCopAnalyzers/blob/master/documentation/SA1101.md) [D:\leaveblackgithub\DDNCadAddins\src\DDNCadAddins\DDNCadAddins\DDNCadAddins.csproj]
D:\leaveblackgithub\DDNCadAddins\src\DDNCadAddins\DDNCadAddins\Models\OperationResult.cs(122,17): warning SA1101: Prefix local calls with this (https://github.com/DotNetAnalyzers/StyleCopAnalyzers/blob/master/documentation/SA1101.md) [D:\leaveblackgithub\DDNCadAddins\src\DDNCadAddins\DDNCadAddins\DDNCadAddins.csproj]
D:\leaveblackgithub\DDNCadAddins\src\DDNCadAddins\DDNCadAddins\Models\OperationResult.cs(124,17): warning SA1101: Prefix local calls with this (https://github.com/DotNetAnalyzers/StyleCopAnalyzers/blob/master/documentation/SA1101.md) [D:\leaveblackgithub\DDNCadAddins\src\DDNCadAddins\DDNCadAddins\DDNCadAddins.csproj]
D:\leaveblackgithub\DDNCadAddins\src\DDNCadAddins\DDNCadAddins\Models\OperationResult.cs(125,13): warning SA1101: Prefix local calls with this (https://github.com/DotNetAnalyzers/StyleCopAnalyzers/blob/master/documentation/SA1101.md) [D:\leaveblackgithub\DDNCadAddins\src\DDNCadAddins\DDNCadAddins\DDNCadAddins.csproj]
D:\leaveblackgithub\DDNCadAddins\src\DDNCadAddins\DDNCadAddins\Models\OperationResult.cs(126,13): warning SA1101: Prefix local calls with this (https://github.com/DotNetAnalyzers/StyleCopAnalyzers/blob/master/documentation/SA1101.md) [D:\leaveblackgithub\DDNCadAddins\src\DDNCadAddins\DDNCadAddins\DDNCadAddins.csproj]
D:\leaveblackgithub\DDNCadAddins\src\DDNCadAddins\DDNCadAddins\Services\AcadViewService.cs(49,43): warning SA1407: Arithmetic expressions should declare precedence (https://github.com/DotNetAnalyzers/StyleCopAnalyzers/blob/master/documentation/SA1407.md) [D:\leaveblackgithub\DDNCadAddins\src\DDNCadAddins\DDNCadAddins\DDNCadAddins.csproj]
D:\leaveblackgithub\DDNCadAddins\src\DDNCadAddins\DDNCadAddins\Services\AcadViewService.cs(49,67): warning SA1407: Arithmetic expressions should declare precedence (https://github.com/DotNetAnalyzers/StyleCopAnalyzers/blob/master/documentation/SA1407.md) [D:\leaveblackgithub\DDNCadAddins\src\DDNCadAddins\DDNCadAddins\DDNCadAddins.csproj]
D:\leaveblackgithub\DDNCadAddins\src\DDNCadAddins\DDNCadAddins\Services\AcadViewService.cs(50,43): warning SA1407: Arithmetic expressions should declare precedence (https://github.com/DotNetAnalyzers/StyleCopAnalyzers/blob/master/documentation/SA1407.md) [D:\leaveblackgithub\DDNCadAddins\src\DDNCadAddins\DDNCadAddins\DDNCadAddins.csproj]
D:\leaveblackgithub\DDNCadAddins\src\DDNCadAddins\DDNCadAddins\Services\AcadViewService.cs(50,67): warning SA1407: Arithmetic expressions should declare precedence (https://github.com/DotNetAnalyzers/StyleCopAnalyzers/blob/master/documentation/SA1407.md) [D:\leaveblackgithub\DDNCadAddins\src\DDNCadAddins\DDNCadAddins\DDNCadAddins.csproj]
D:\leaveblackgithub\DDNCadAddins\src\DDNCadAddins\DDNCadAddins\Services\DocumentService.cs(93,13): warning CA1031: 请修改“WriteMessage”以捕获更具体的允许异常类型，或者重新抛出该异常 (https://docs.microsoft.com/dotnet/fundamentals/code-analysis/quality-rules/ca1031) [D:\leaveblackgithub\DDNCadAddins\src\DDNCadAddins\DDNCadAddins\DDNCadAddins.csproj]
D:\leaveblackgithub\DDNCadAddins\src\DDNCadAddins\DDNCadAddins\Services\XClipBlockService.Core.cs(23,1): warning SA1028: Code should not contain trailing whitespace (https://github.com/DotNetAnalyzers/StyleCopAnalyzers/blob/master/documentation/SA1028.md) [D:\leaveblackgithub\DDNCadAddins\src\DDNCadAddins\DDNCadAddins\DDNCadAddins.csproj]
D:\leaveblackgithub\DDNCadAddins\src\DDNCadAddins\DDNCadAddins\Services\XClipBlockService.Core.cs(34,1): warning SA1028: Code should not contain trailing whitespace (https://github.com/DotNetAnalyzers/StyleCopAnalyzers/blob/master/documentation/SA1028.md) [D:\leaveblackgithub\DDNCadAddins\src\DDNCadAddins\DDNCadAddins\DDNCadAddins.csproj]
D:\leaveblackgithub\DDNCadAddins\src\DDNCadAddins\DDNCadAddins\Services\XClipBlockService.Core.cs(43,1): warning SA1028: Code should not contain trailing whitespace (https://github.com/DotNetAnalyzers/StyleCopAnalyzers/blob/master/documentation/SA1028.md) [D:\leaveblackgithub\DDNCadAddins\src\DDNCadAddins\DDNCadAddins\DDNCadAddins.csproj]
D:\leaveblackgithub\DDNCadAddins\src\DDNCadAddins\DDNCadAddins\Services\XClipBlockService.Core.cs(54,1): warning SA1028: Code should not contain trailing whitespace (https://github.com/DotNetAnalyzers/StyleCopAnalyzers/blob/master/documentation/SA1028.md) [D:\leaveblackgithub\DDNCadAddins\src\DDNCadAddins\DDNCadAddins\DDNCadAddins.csproj]
D:\leaveblackgithub\DDNCadAddins\src\DDNCadAddins\DDNCadAddins\Services\XClipBlockService.Core.cs(57,1): warning SA1028: Code should not contain trailing whitespace (https://github.com/DotNetAnalyzers/StyleCopAnalyzers/blob/master/documentation/SA1028.md) [D:\leaveblackgithub\DDNCadAddins\src\DDNCadAddins\DDNCadAddins\DDNCadAddins.csproj]
D:\leaveblackgithub\DDNCadAddins\src\DDNCadAddins\DDNCadAddins\Services\XClipBlockService.Core.cs(59,1): warning SA1028: Code should not contain trailing whitespace (https://github.com/DotNetAnalyzers/StyleCopAnalyzers/blob/master/documentation/SA1028.md) [D:\leaveblackgithub\DDNCadAddins\src\DDNCadAddins\DDNCadAddins\DDNCadAddins.csproj]
D:\leaveblackgithub\DDNCadAddins\src\DDNCadAddins\DDNCadAddins\Services\XClipBlockService.Core.cs(63,1): warning SA1028: Code should not contain trailing whitespace (https://github.com/DotNetAnalyzers/StyleCopAnalyzers/blob/master/documentation/SA1028.md) [D:\leaveblackgithub\DDNCadAddins\src\DDNCadAddins\DDNCadAddins\DDNCadAddins.csproj]
D:\leaveblackgithub\DDNCadAddins\src\DDNCadAddins\DDNCadAddins\Services\XClipBlockService.Core.cs(66,1): warning SA1028: Code should not contain trailing whitespace (https://github.com/DotNetAnalyzers/StyleCopAnalyzers/blob/master/documentation/SA1028.md) [D:\leaveblackgithub\DDNCadAddins\src\DDNCadAddins\DDNCadAddins\DDNCadAddins.csproj]
D:\leaveblackgithub\DDNCadAddins\src\DDNCadAddins\DDNCadAddins\Services\XClipBlockService.Core.cs(70,1): warning SA1028: Code should not contain trailing whitespace (https://github.com/DotNetAnalyzers/StyleCopAnalyzers/blob/master/documentation/SA1028.md) [D:\leaveblackgithub\DDNCadAddins\src\DDNCadAddins\DDNCadAddins\DDNCadAddins.csproj]
D:\leaveblackgithub\DDNCadAddins\src\DDNCadAddins\DDNCadAddins\Services\XClipBlockService.Core.cs(77,1): warning SA1028: Code should not contain trailing whitespace (https://github.com/DotNetAnalyzers/StyleCopAnalyzers/blob/master/documentation/SA1028.md) [D:\leaveblackgithub\DDNCadAddins\src\DDNCadAddins\DDNCadAddins\DDNCadAddins.csproj]
D:\leaveblackgithub\DDNCadAddins\src\DDNCadAddins\DDNCadAddins\Services\XClipBlockService.Core.cs(79,1): warning SA1028: Code should not contain trailing whitespace (https://github.com/DotNetAnalyzers/StyleCopAnalyzers/blob/master/documentation/SA1028.md) [D:\leaveblackgithub\DDNCadAddins\src\DDNCadAddins\DDNCadAddins\DDNCadAddins.csproj]
D:\leaveblackgithub\DDNCadAddins\src\DDNCadAddins\DDNCadAddins\Services\XClipBlockService.Core.cs(85,1): warning SA1028: Code should not contain trailing whitespace (https://github.com/DotNetAnalyzers/StyleCopAnalyzers/blob/master/documentation/SA1028.md) [D:\leaveblackgithub\DDNCadAddins\src\DDNCadAddins\DDNCadAddins\DDNCadAddins.csproj]
D:\leaveblackgithub\DDNCadAddins\src\DDNCadAddins\DDNCadAddins\Services\XClipBlockService.Core.cs(88,1): warning SA1028: Code should not contain trailing whitespace (https://github.com/DotNetAnalyzers/StyleCopAnalyzers/blob/master/documentation/SA1028.md) [D:\leaveblackgithub\DDNCadAddins\src\DDNCadAddins\DDNCadAddins\DDNCadAddins.csproj]
D:\leaveblackgithub\DDNCadAddins\src\DDNCadAddins\DDNCadAddins\Services\XClipBlockService.Core.cs(94,36): warning SA1028: Code should not contain trailing whitespace (https://github.com/DotNetAnalyzers/StyleCopAnalyzers/blob/master/documentation/SA1028.md) [D:\leaveblackgithub\DDNCadAddins\src\DDNCadAddins\DDNCadAddins\DDNCadAddins.csproj]
D:\leaveblackgithub\DDNCadAddins\src\DDNCadAddins\DDNCadAddins\Services\XClipBlockService.Core.cs(95,53): warning SA1028: Code should not contain trailing whitespace (https://github.com/DotNetAnalyzers/StyleCopAnalyzers/blob/master/documentation/SA1028.md) [D:\leaveblackgithub\DDNCadAddins\src\DDNCadAddins\DDNCadAddins\DDNCadAddins.csproj]
D:\leaveblackgithub\DDNCadAddins\src\DDNCadAddins\DDNCadAddins\Services\XClipBlockService.Core.cs(101,52): warning SA1028: Code should not contain trailing whitespace (https://github.com/DotNetAnalyzers/StyleCopAnalyzers/blob/master/documentation/SA1028.md) [D:\leaveblackgithub\DDNCadAddins\src\DDNCadAddins\DDNCadAddins\DDNCadAddins.csproj]
D:\leaveblackgithub\DDNCadAddins\src\DDNCadAddins\DDNCadAddins\Services\XClipBlockService.Core.cs(105,1): warning SA1028: Code should not contain trailing whitespace (https://github.com/DotNetAnalyzers/StyleCopAnalyzers/blob/master/documentation/SA1028.md) [D:\leaveblackgithub\DDNCadAddins\src\DDNCadAddins\DDNCadAddins\DDNCadAddins.csproj]
D:\leaveblackgithub\DDNCadAddins\src\DDNCadAddins\DDNCadAddins\Services\XClipBlockService.Core.cs(115,1): warning SA1028: Code should not contain trailing whitespace (https://github.com/DotNetAnalyzers/StyleCopAnalyzers/blob/master/documentation/SA1028.md) [D:\leaveblackgithub\DDNCadAddins\src\DDNCadAddins\DDNCadAddins\DDNCadAddins.csproj]
D:\leaveblackgithub\DDNCadAddins\src\DDNCadAddins\DDNCadAddins\Services\XClipBlockService.Core.cs(118,1): warning SA1028: Code should not contain trailing whitespace (https://github.com/DotNetAnalyzers/StyleCopAnalyzers/blob/master/documentation/SA1028.md) [D:\leaveblackgithub\DDNCadAddins\src\DDNCadAddins\DDNCadAddins\DDNCadAddins.csproj]
D:\leaveblackgithub\DDNCadAddins\src\DDNCadAddins\DDNCadAddins\Services\XClipBlockService.Core.cs(124,1): warning SA1028: Code should not contain trailing whitespace (https://github.com/DotNetAnalyzers/StyleCopAnalyzers/blob/master/documentation/SA1028.md) [D:\leaveblackgithub\DDNCadAddins\src\DDNCadAddins\DDNCadAddins\DDNCadAddins.csproj]
D:\leaveblackgithub\DDNCadAddins\src\DDNCadAddins\DDNCadAddins\Services\XClipBlockService.Core.cs(127,1): warning SA1028: Code should not contain trailing whitespace (https://github.com/DotNetAnalyzers/StyleCopAnalyzers/blob/master/documentation/SA1028.md) [D:\leaveblackgithub\DDNCadAddins\src\DDNCadAddins\DDNCadAddins\DDNCadAddins.csproj]
D:\leaveblackgithub\DDNCadAddins\src\DDNCadAddins\DDNCadAddins\Services\XClipBlockService.Core.cs(130,1): warning SA1028: Code should not contain trailing whitespace (https://github.com/DotNetAnalyzers/StyleCopAnalyzers/blob/master/documentation/SA1028.md) [D:\leaveblackgithub\DDNCadAddins\src\DDNCadAddins\DDNCadAddins\DDNCadAddins.csproj]
D:\leaveblackgithub\DDNCadAddins\src\DDNCadAddins\DDNCadAddins\Services\XClipBlockService.Core.cs(136,32): warning SA1028: Code should not contain trailing whitespace (https://github.com/DotNetAnalyzers/StyleCopAnalyzers/blob/master/documentation/SA1028.md) [D:\leaveblackgithub\DDNCadAddins\src\DDNCadAddins\DDNCadAddins\DDNCadAddins.csproj]
D:\leaveblackgithub\DDNCadAddins\src\DDNCadAddins\DDNCadAddins\Services\XClipBlockService.Core.cs(137,53): warning SA1028: Code should not contain trailing whitespace (https://github.com/DotNetAnalyzers/StyleCopAnalyzers/blob/master/documentation/SA1028.md) [D:\leaveblackgithub\DDNCadAddins\src\DDNCadAddins\DDNCadAddins\DDNCadAddins.csproj]
D:\leaveblackgithub\DDNCadAddins\src\DDNCadAddins\DDNCadAddins\Services\XClipBlockService.Core.cs(143,52): warning SA1028: Code should not contain trailing whitespace (https://github.com/DotNetAnalyzers/StyleCopAnalyzers/blob/master/documentation/SA1028.md) [D:\leaveblackgithub\DDNCadAddins\src\DDNCadAddins\DDNCadAddins\DDNCadAddins.csproj]
D:\leaveblackgithub\DDNCadAddins\src\DDNCadAddins\DDNCadAddins\Services\XClipBlockService.Core.cs(157,1): warning SA1028: Code should not contain trailing whitespace (https://github.com/DotNetAnalyzers/StyleCopAnalyzers/blob/master/documentation/SA1028.md) [D:\leaveblackgithub\DDNCadAddins\src\DDNCadAddins\DDNCadAddins\DDNCadAddins.csproj]
D:\leaveblackgithub\DDNCadAddins\src\DDNCadAddins\DDNCadAddins\Services\XClipBlockService.Core.cs(163,1): warning SA1028: Code should not contain trailing whitespace (https://github.com/DotNetAnalyzers/StyleCopAnalyzers/blob/master/documentation/SA1028.md) [D:\leaveblackgithub\DDNCadAddins\src\DDNCadAddins\DDNCadAddins\DDNCadAddins.csproj]
D:\leaveblackgithub\DDNCadAddins\src\DDNCadAddins\DDNCadAddins\Services\XClipBlockService.Core.cs(167,80): warning SA1028: Code should not contain trailing whitespace (https://github.com/DotNetAnalyzers/StyleCopAnalyzers/blob/master/documentation/SA1028.md) [D:\leaveblackgithub\DDNCadAddins\src\DDNCadAddins\DDNCadAddins\DDNCadAddins.csproj]
D:\leaveblackgithub\DDNCadAddins\src\DDNCadAddins\DDNCadAddins\Services\XClipBlockService.Core.cs(176,1): warning SA1028: Code should not contain trailing whitespace (https://github.com/DotNetAnalyzers/StyleCopAnalyzers/blob/master/documentation/SA1028.md) [D:\leaveblackgithub\DDNCadAddins\src\DDNCadAddins\DDNCadAddins\DDNCadAddins.csproj]
D:\leaveblackgithub\DDNCadAddins\src\DDNCadAddins\DDNCadAddins\Services\XClipBlockService.Core.cs(186,1): warning SA1028: Code should not contain trailing whitespace (https://github.com/DotNetAnalyzers/StyleCopAnalyzers/blob/master/documentation/SA1028.md) [D:\leaveblackgithub\DDNCadAddins\src\DDNCadAddins\DDNCadAddins\DDNCadAddins.csproj]
D:\leaveblackgithub\DDNCadAddins\src\DDNCadAddins\DDNCadAddins\Services\XClipBlockService.Core.cs(194,1): warning SA1028: Code should not contain trailing whitespace (https://github.com/DotNetAnalyzers/StyleCopAnalyzers/blob/master/documentation/SA1028.md) [D:\leaveblackgithub\DDNCadAddins\src\DDNCadAddins\DDNCadAddins\DDNCadAddins.csproj]
D:\leaveblackgithub\DDNCadAddins\src\DDNCadAddins\DDNCadAddins\Services\XClipBlockService.Core.cs(197,1): warning SA1028: Code should not contain trailing whitespace (https://github.com/DotNetAnalyzers/StyleCopAnalyzers/blob/master/documentation/SA1028.md) [D:\leaveblackgithub\DDNCadAddins\src\DDNCadAddins\DDNCadAddins\DDNCadAddins.csproj]
D:\leaveblackgithub\DDNCadAddins\src\DDNCadAddins\DDNCadAddins\Services\TransactionService.cs(22,13): warning SA1101: Prefix local calls with this (https://github.com/DotNetAnalyzers/StyleCopAnalyzers/blob/master/documentation/SA1101.md) [D:\leaveblackgithub\DDNCadAddins\src\DDNCadAddins\DDNCadAddins\DDNCadAddins.csproj]
D:\leaveblackgithub\DDNCadAddins\src\DDNCadAddins\DDNCadAddins\Services\XClipBlockService.Core.cs(210,1): warning SA1028: Code should not contain trailing whitespace (https://github.com/DotNetAnalyzers/StyleCopAnalyzers/blob/master/documentation/SA1028.md) [D:\leaveblackgithub\DDNCadAddins\src\DDNCadAddins\DDNCadAddins\DDNCadAddins.csproj]
D:\leaveblackgithub\DDNCadAddins\src\DDNCadAddins\DDNCadAddins\Services\BlockReferenceService.cs(84,17): warning SA1503: Braces should not be omitted (https://github.com/DotNetAnalyzers/StyleCopAnalyzers/blob/master/documentation/SA1503.md) [D:\leaveblackgithub\DDNCadAddins\src\DDNCadAddins\DDNCadAddins\DDNCadAddins.csproj]
D:\leaveblackgithub\DDNCadAddins\src\DDNCadAddins\DDNCadAddins\Services\BlockReferenceService.cs(90,21): warning SA1503: Braces should not be omitted (https://github.com/DotNetAnalyzers/StyleCopAnalyzers/blob/master/documentation/SA1503.md) [D:\leaveblackgithub\DDNCadAddins\src\DDNCadAddins\DDNCadAddins\DDNCadAddins.csproj]
D:\leaveblackgithub\DDNCadAddins\src\DDNCadAddins\DDNCadAddins\Services\XClipBlockService.Core.cs(230,1): warning SA1028: Code should not contain trailing whitespace (https://github.com/DotNetAnalyzers/StyleCopAnalyzers/blob/master/documentation/SA1028.md) [D:\leaveblackgithub\DDNCadAddins\src\DDNCadAddins\DDNCadAddins\DDNCadAddins.csproj]
D:\leaveblackgithub\DDNCadAddins\src\DDNCadAddins\DDNCadAddins\Services\XClipBlockService.Core.cs(242,1): warning SA1028: Code should not contain trailing whitespace (https://github.com/DotNetAnalyzers/StyleCopAnalyzers/blob/master/documentation/SA1028.md) [D:\leaveblackgithub\DDNCadAddins\src\DDNCadAddins\DDNCadAddins\DDNCadAddins.csproj]
D:\leaveblackgithub\DDNCadAddins\src\DDNCadAddins\DDNCadAddins\Services\XClipBlockService.Core.cs(245,1): warning SA1028: Code should not contain trailing whitespace (https://github.com/DotNetAnalyzers/StyleCopAnalyzers/blob/master/documentation/SA1028.md) [D:\leaveblackgithub\DDNCadAddins\src\DDNCadAddins\DDNCadAddins\DDNCadAddins.csproj]
D:\leaveblackgithub\DDNCadAddins\src\DDNCadAddins\DDNCadAddins\Services\XClipBlockService.Core.cs(247,1): warning SA1028: Code should not contain trailing whitespace (https://github.com/DotNetAnalyzers/StyleCopAnalyzers/blob/master/documentation/SA1028.md) [D:\leaveblackgithub\DDNCadAddins\src\DDNCadAddins\DDNCadAddins\DDNCadAddins.csproj]
D:\leaveblackgithub\DDNCadAddins\src\DDNCadAddins\DDNCadAddins\Services\XClipBlockService.Core.cs(251,1): warning SA1028: Code should not contain trailing whitespace (https://github.com/DotNetAnalyzers/StyleCopAnalyzers/blob/master/documentation/SA1028.md) [D:\leaveblackgithub\DDNCadAddins\src\DDNCadAddins\DDNCadAddins\DDNCadAddins.csproj]
D:\leaveblackgithub\DDNCadAddins\src\DDNCadAddins\DDNCadAddins\Services\XClipBlockService.Core.cs(262,1): warning SA1028: Code should not contain trailing whitespace (https://github.com/DotNetAnalyzers/StyleCopAnalyzers/blob/master/documentation/SA1028.md) [D:\leaveblackgithub\DDNCadAddins\src\DDNCadAddins\DDNCadAddins\DDNCadAddins.csproj]
D:\leaveblackgithub\DDNCadAddins\src\DDNCadAddins\DDNCadAddins\Services\XClipBlockService.Core.cs(271,1): warning SA1028: Code should not contain trailing whitespace (https://github.com/DotNetAnalyzers/StyleCopAnalyzers/blob/master/documentation/SA1028.md) [D:\leaveblackgithub\DDNCadAddins\src\DDNCadAddins\DDNCadAddins\DDNCadAddins.csproj]
D:\leaveblackgithub\DDNCadAddins\src\DDNCadAddins\DDNCadAddins\Services\XClipBlockService.Core.cs(273,1): warning SA1028: Code should not contain trailing whitespace (https://github.com/DotNetAnalyzers/StyleCopAnalyzers/blob/master/documentation/SA1028.md) [D:\leaveblackgithub\DDNCadAddins\src\DDNCadAddins\DDNCadAddins\DDNCadAddins.csproj]
D:\leaveblackgithub\DDNCadAddins\src\DDNCadAddins\DDNCadAddins\Services\XClipBlockService.Core.cs(276,1): warning SA1028: Code should not contain trailing whitespace (https://github.com/DotNetAnalyzers/StyleCopAnalyzers/blob/master/documentation/SA1028.md) [D:\leaveblackgithub\DDNCadAddins\src\DDNCadAddins\DDNCadAddins\DDNCadAddins.csproj]
D:\leaveblackgithub\DDNCadAddins\src\DDNCadAddins\DDNCadAddins\Models\OperationResult.cs(140,17): warning SA1413: Use trailing comma in multi-line initializers (https://github.com/DotNetAnalyzers/StyleCopAnalyzers/blob/master/documentation/SA1413.md) [D:\leaveblackgithub\DDNCadAddins\src\DDNCadAddins\DDNCadAddins\DDNCadAddins.csproj]
D:\leaveblackgithub\DDNCadAddins\src\DDNCadAddins\DDNCadAddins\Services\XClipBlockService.Core.cs(285,1): warning SA1028: Code should not contain trailing whitespace (https://github.com/DotNetAnalyzers/StyleCopAnalyzers/blob/master/documentation/SA1028.md) [D:\leaveblackgithub\DDNCadAddins\src\DDNCadAddins\DDNCadAddins\DDNCadAddins.csproj]
D:\leaveblackgithub\DDNCadAddins\src\DDNCadAddins\DDNCadAddins\Services\XClipBlockService.Core.cs(294,1): warning SA1028: Code should not contain trailing whitespace (https://github.com/DotNetAnalyzers/StyleCopAnalyzers/blob/master/documentation/SA1028.md) [D:\leaveblackgithub\DDNCadAddins\src\DDNCadAddins\DDNCadAddins\DDNCadAddins.csproj]
D:\leaveblackgithub\DDNCadAddins\src\DDNCadAddins\DDNCadAddins\Services\XClipBlockService.Core.cs(298,1): warning SA1028: Code should not contain trailing whitespace (https://github.com/DotNetAnalyzers/StyleCopAnalyzers/blob/master/documentation/SA1028.md) [D:\leaveblackgithub\DDNCadAddins\src\DDNCadAddins\DDNCadAddins\DDNCadAddins.csproj]
D:\leaveblackgithub\DDNCadAddins\src\DDNCadAddins\DDNCadAddins\Services\XClipBlockService.Core.cs(301,1): warning SA1028: Code should not contain trailing whitespace (https://github.com/DotNetAnalyzers/StyleCopAnalyzers/blob/master/documentation/SA1028.md) [D:\leaveblackgithub\DDNCadAddins\src\DDNCadAddins\DDNCadAddins\DDNCadAddins.csproj]
D:\leaveblackgithub\DDNCadAddins\src\DDNCadAddins\DDNCadAddins\Services\XClipBlockService.Core.cs(305,1): warning SA1028: Code should not contain trailing whitespace (https://github.com/DotNetAnalyzers/StyleCopAnalyzers/blob/master/documentation/SA1028.md) [D:\leaveblackgithub\DDNCadAddins\src\DDNCadAddins\DDNCadAddins\DDNCadAddins.csproj]
D:\leaveblackgithub\DDNCadAddins\src\DDNCadAddins\DDNCadAddins\Services\XClipBlockService.Core.cs(308,1): warning SA1028: Code should not contain trailing whitespace (https://github.com/DotNetAnalyzers/StyleCopAnalyzers/blob/master/documentation/SA1028.md) [D:\leaveblackgithub\DDNCadAddins\src\DDNCadAddins\DDNCadAddins\DDNCadAddins.csproj]
D:\leaveblackgithub\DDNCadAddins\src\DDNCadAddins\DDNCadAddins\Services\AcadViewService.cs(68,17): warning SA1101: Prefix local calls with this (https://github.com/DotNetAnalyzers/StyleCopAnalyzers/blob/master/documentation/SA1101.md) [D:\leaveblackgithub\DDNCadAddins\src\DDNCadAddins\DDNCadAddins\DDNCadAddins.csproj]
D:\leaveblackgithub\DDNCadAddins\src\DDNCadAddins\DDNCadAddins\Services\XClipBlockService.Core.cs(315,1): warning SA1028: Code should not contain trailing whitespace (https://github.com/DotNetAnalyzers/StyleCopAnalyzers/blob/master/documentation/SA1028.md) [D:\leaveblackgithub\DDNCadAddins\src\DDNCadAddins\DDNCadAddins\DDNCadAddins.csproj]
D:\leaveblackgithub\DDNCadAddins\src\DDNCadAddins\DDNCadAddins\Services\XClipBlockService.Core.cs(319,1): warning SA1028: Code should not contain trailing whitespace (https://github.com/DotNetAnalyzers/StyleCopAnalyzers/blob/master/documentation/SA1028.md) [D:\leaveblackgithub\DDNCadAddins\src\DDNCadAddins\DDNCadAddins\DDNCadAddins.csproj]
D:\leaveblackgithub\DDNCadAddins\src\DDNCadAddins\DDNCadAddins\Services\XClipBlockService.Core.cs(322,1): warning SA1028: Code should not contain trailing whitespace (https://github.com/DotNetAnalyzers/StyleCopAnalyzers/blob/master/documentation/SA1028.md) [D:\leaveblackgithub\DDNCadAddins\src\DDNCadAddins\DDNCadAddins\DDNCadAddins.csproj]
D:\leaveblackgithub\DDNCadAddins\src\DDNCadAddins\DDNCadAddins\Services\XClipBlockService.Core.cs(325,1): warning SA1028: Code should not contain trailing whitespace (https://github.com/DotNetAnalyzers/StyleCopAnalyzers/blob/master/documentation/SA1028.md) [D:\leaveblackgithub\DDNCadAddins\src\DDNCadAddins\DDNCadAddins\DDNCadAddins.csproj]
D:\leaveblackgithub\DDNCadAddins\src\DDNCadAddins\DDNCadAddins\Services\XClipBlockService.Core.cs(333,1): warning SA1028: Code should not contain trailing whitespace (https://github.com/DotNetAnalyzers/StyleCopAnalyzers/blob/master/documentation/SA1028.md) [D:\leaveblackgithub\DDNCadAddins\src\DDNCadAddins\DDNCadAddins\DDNCadAddins.csproj]
D:\leaveblackgithub\DDNCadAddins\src\DDNCadAddins\DDNCadAddins\Services\XClipBlockService.Core.cs(335,1): warning SA1028: Code should not contain trailing whitespace (https://github.com/DotNetAnalyzers/StyleCopAnalyzers/blob/master/documentation/SA1028.md) [D:\leaveblackgithub\DDNCadAddins\src\DDNCadAddins\DDNCadAddins\DDNCadAddins.csproj]
D:\leaveblackgithub\DDNCadAddins\src\DDNCadAddins\DDNCadAddins\Services\XClipBlockService.Core.cs(343,1): warning SA1028: Code should not contain trailing whitespace (https://github.com/DotNetAnalyzers/StyleCopAnalyzers/blob/master/documentation/SA1028.md) [D:\leaveblackgithub\DDNCadAddins\src\DDNCadAddins\DDNCadAddins\DDNCadAddins.csproj]
D:\leaveblackgithub\DDNCadAddins\src\DDNCadAddins\DDNCadAddins\Services\XClipBlockService.Core.cs(349,1): warning SA1028: Code should not contain trailing whitespace (https://github.com/DotNetAnalyzers/StyleCopAnalyzers/blob/master/documentation/SA1028.md) [D:\leaveblackgithub\DDNCadAddins\src\DDNCadAddins\DDNCadAddins\DDNCadAddins.csproj]
D:\leaveblackgithub\DDNCadAddins\src\DDNCadAddins\DDNCadAddins\Services\XClipBlockService.Core.cs(352,1): warning SA1028: Code should not contain trailing whitespace (https://github.com/DotNetAnalyzers/StyleCopAnalyzers/blob/master/documentation/SA1028.md) [D:\leaveblackgithub\DDNCadAddins\src\DDNCadAddins\DDNCadAddins\DDNCadAddins.csproj]
D:\leaveblackgithub\DDNCadAddins\src\DDNCadAddins\DDNCadAddins\Services\XClipBlockService.Core.cs(359,1): warning SA1028: Code should not contain trailing whitespace (https://github.com/DotNetAnalyzers/StyleCopAnalyzers/blob/master/documentation/SA1028.md) [D:\leaveblackgithub\DDNCadAddins\src\DDNCadAddins\DDNCadAddins\DDNCadAddins.csproj]
D:\leaveblackgithub\DDNCadAddins\src\DDNCadAddins\DDNCadAddins\Services\XClipBlockService.Core.cs(362,1): warning SA1028: Code should not contain trailing whitespace (https://github.com/DotNetAnalyzers/StyleCopAnalyzers/blob/master/documentation/SA1028.md) [D:\leaveblackgithub\DDNCadAddins\src\DDNCadAddins\DDNCadAddins\DDNCadAddins.csproj]
D:\leaveblackgithub\DDNCadAddins\src\DDNCadAddins\DDNCadAddins\Services\XClipBlockService.Core.cs(370,1): warning SA1028: Code should not contain trailing whitespace (https://github.com/DotNetAnalyzers/StyleCopAnalyzers/blob/master/documentation/SA1028.md) [D:\leaveblackgithub\DDNCadAddins\src\DDNCadAddins\DDNCadAddins\DDNCadAddins.csproj]
D:\leaveblackgithub\DDNCadAddins\src\DDNCadAddins\DDNCadAddins\Services\XClipBlockService.Core.cs(380,1): warning SA1028: Code should not contain trailing whitespace (https://github.com/DotNetAnalyzers/StyleCopAnalyzers/blob/master/documentation/SA1028.md) [D:\leaveblackgithub\DDNCadAddins\src\DDNCadAddins\DDNCadAddins\DDNCadAddins.csproj]
D:\leaveblackgithub\DDNCadAddins\src\DDNCadAddins\DDNCadAddins\Services\XClipBlockService.Core.cs(383,1): warning SA1028: Code should not contain trailing whitespace (https://github.com/DotNetAnalyzers/StyleCopAnalyzers/blob/master/documentation/SA1028.md) [D:\leaveblackgithub\DDNCadAddins\src\DDNCadAddins\DDNCadAddins\DDNCadAddins.csproj]
D:\leaveblackgithub\DDNCadAddins\src\DDNCadAddins\DDNCadAddins\Services\XClipBlockService.Core.cs(387,62): warning SA1028: Code should not contain trailing whitespace (https://github.com/DotNetAnalyzers/StyleCopAnalyzers/blob/master/documentation/SA1028.md) [D:\leaveblackgithub\DDNCadAddins\src\DDNCadAddins\DDNCadAddins\DDNCadAddins.csproj]
D:\leaveblackgithub\DDNCadAddins\src\DDNCadAddins\DDNCadAddins\Services\XClipBlockService.Core.cs(388,64): warning SA1028: Code should not contain trailing whitespace (https://github.com/DotNetAnalyzers/StyleCopAnalyzers/blob/master/documentation/SA1028.md) [D:\leaveblackgithub\DDNCadAddins\src\DDNCadAddins\DDNCadAddins\DDNCadAddins.csproj]
D:\leaveblackgithub\DDNCadAddins\src\DDNCadAddins\DDNCadAddins\Services\XClipBlockService.Core.cs(390,1): warning SA1028: Code should not contain trailing whitespace (https://github.com/DotNetAnalyzers/StyleCopAnalyzers/blob/master/documentation/SA1028.md) [D:\leaveblackgithub\DDNCadAddins\src\DDNCadAddins\DDNCadAddins\DDNCadAddins.csproj]
D:\leaveblackgithub\DDNCadAddins\src\DDNCadAddins\DDNCadAddins\Services\XClipBlockService.Core.cs(393,1): warning SA1028: Code should not contain trailing whitespace (https://github.com/DotNetAnalyzers/StyleCopAnalyzers/blob/master/documentation/SA1028.md) [D:\leaveblackgithub\DDNCadAddins\src\DDNCadAddins\DDNCadAddins\DDNCadAddins.csproj]
D:\leaveblackgithub\DDNCadAddins\src\DDNCadAddins\DDNCadAddins\Services\AcadService.cs(50,13): warning SA1101: Prefix local calls with this (https://github.com/DotNetAnalyzers/StyleCopAnalyzers/blob/master/documentation/SA1101.md) [D:\leaveblackgithub\DDNCadAddins\src\DDNCadAddins\DDNCadAddins\DDNCadAddins.csproj]
D:\leaveblackgithub\DDNCadAddins\src\DDNCadAddins\DDNCadAddins\Models\OperationResult.cs(157,17): warning SA1413: Use trailing comma in multi-line initializers (https://github.com/DotNetAnalyzers/StyleCopAnalyzers/blob/master/documentation/SA1413.md) [D:\leaveblackgithub\DDNCadAddins\src\DDNCadAddins\DDNCadAddins\DDNCadAddins.csproj]
D:\leaveblackgithub\DDNCadAddins\src\DDNCadAddins\DDNCadAddins\Services\XClipBlockService.Core.cs(398,1): warning SA1028: Code should not contain trailing whitespace (https://github.com/DotNetAnalyzers/StyleCopAnalyzers/blob/master/documentation/SA1028.md) [D:\leaveblackgithub\DDNCadAddins\src\DDNCadAddins\DDNCadAddins\DDNCadAddins.csproj]
D:\leaveblackgithub\DDNCadAddins\src\DDNCadAddins\DDNCadAddins\Services\AcadViewService.cs(51,17): warning SA1111: Closing parenthesis should be on line of last parameter (https://github.com/DotNetAnalyzers/StyleCopAnalyzers/blob/master/documentation/SA1111.md) [D:\leaveblackgithub\DDNCadAddins\src\DDNCadAddins\DDNCadAddins\DDNCadAddins.csproj]
D:\leaveblackgithub\DDNCadAddins\src\DDNCadAddins\DDNCadAddins\Services\XClipBlockService.Core.cs(412,1): warning SA1028: Code should not contain trailing whitespace (https://github.com/DotNetAnalyzers/StyleCopAnalyzers/blob/master/documentation/SA1028.md) [D:\leaveblackgithub\DDNCadAddins\src\DDNCadAddins\DDNCadAddins\DDNCadAddins.csproj]
D:\leaveblackgithub\DDNCadAddins\src\DDNCadAddins\DDNCadAddins\Models\OperationResult.cs(174,17): warning SA1413: Use trailing comma in multi-line initializers (https://github.com/DotNetAnalyzers/StyleCopAnalyzers/blob/master/documentation/SA1413.md) [D:\leaveblackgithub\DDNCadAddins\src\DDNCadAddins\DDNCadAddins\DDNCadAddins.csproj]
D:\leaveblackgithub\DDNCadAddins\src\DDNCadAddins\DDNCadAddins\Services\XClipBlockService.Core.cs(424,1): warning SA1028: Code should not contain trailing whitespace (https://github.com/DotNetAnalyzers/StyleCopAnalyzers/blob/master/documentation/SA1028.md) [D:\leaveblackgithub\DDNCadAddins\src\DDNCadAddins\DDNCadAddins\DDNCadAddins.csproj]
D:\leaveblackgithub\DDNCadAddins\src\DDNCadAddins\DDNCadAddins\Services\XClipBlockService.Core.cs(431,1): warning SA1028: Code should not contain trailing whitespace (https://github.com/DotNetAnalyzers/StyleCopAnalyzers/blob/master/documentation/SA1028.md) [D:\leaveblackgithub\DDNCadAddins\src\DDNCadAddins\DDNCadAddins\DDNCadAddins.csproj]
D:\leaveblackgithub\DDNCadAddins\src\DDNCadAddins\DDNCadAddins\Services\XClipBlockService.Core.cs(436,1): warning SA1028: Code should not contain trailing whitespace (https://github.com/DotNetAnalyzers/StyleCopAnalyzers/blob/master/documentation/SA1028.md) [D:\leaveblackgithub\DDNCadAddins\src\DDNCadAddins\DDNCadAddins\DDNCadAddins.csproj]
D:\leaveblackgithub\DDNCadAddins\src\DDNCadAddins\DDNCadAddins\Services\AcadService.cs(53,13): warning SA1101: Prefix local calls with this (https://github.com/DotNetAnalyzers/StyleCopAnalyzers/blob/master/documentation/SA1101.md) [D:\leaveblackgithub\DDNCadAddins\src\DDNCadAddins\DDNCadAddins\DDNCadAddins.csproj]
D:\leaveblackgithub\DDNCadAddins\src\DDNCadAddins\DDNCadAddins\Services\XClipBlockService.Core.cs(447,1): warning SA1028: Code should not contain trailing whitespace (https://github.com/DotNetAnalyzers/StyleCopAnalyzers/blob/master/documentation/SA1028.md) [D:\leaveblackgithub\DDNCadAddins\src\DDNCadAddins\DDNCadAddins\DDNCadAddins.csproj]
D:\leaveblackgithub\DDNCadAddins\src\DDNCadAddins\DDNCadAddins\Services\XClipBlockService.Core.cs(460,1): warning SA1028: Code should not contain trailing whitespace (https://github.com/DotNetAnalyzers/StyleCopAnalyzers/blob/master/documentation/SA1028.md) [D:\leaveblackgithub\DDNCadAddins\src\DDNCadAddins\DDNCadAddins\DDNCadAddins.csproj]
D:\leaveblackgithub\DDNCadAddins\src\DDNCadAddins\DDNCadAddins\Services\AcadService.cs(54,13): warning SA1101: Prefix local calls with this (https://github.com/DotNetAnalyzers/StyleCopAnalyzers/blob/master/documentation/SA1101.md) [D:\leaveblackgithub\DDNCadAddins\src\DDNCadAddins\DDNCadAddins\DDNCadAddins.csproj]
D:\leaveblackgithub\DDNCadAddins\src\DDNCadAddins\DDNCadAddins\Services\XClipBlockService.Core.cs(468,1): warning SA1028: Code should not contain trailing whitespace (https://github.com/DotNetAnalyzers/StyleCopAnalyzers/blob/master/documentation/SA1028.md) [D:\leaveblackgithub\DDNCadAddins\src\DDNCadAddins\DDNCadAddins\DDNCadAddins.csproj]
D:\leaveblackgithub\DDNCadAddins\src\DDNCadAddins\DDNCadAddins\Services\XClipBlockService.Core.cs(479,1): warning SA1028: Code should not contain trailing whitespace (https://github.com/DotNetAnalyzers/StyleCopAnalyzers/blob/master/documentation/SA1028.md) [D:\leaveblackgithub\DDNCadAddins\src\DDNCadAddins\DDNCadAddins\DDNCadAddins.csproj]
D:\leaveblackgithub\DDNCadAddins\src\DDNCadAddins\DDNCadAddins\Services\XClipBlockService.Core.cs(484,1): warning SA1028: Code should not contain trailing whitespace (https://github.com/DotNetAnalyzers/StyleCopAnalyzers/blob/master/documentation/SA1028.md) [D:\leaveblackgithub\DDNCadAddins\src\DDNCadAddins\DDNCadAddins\DDNCadAddins.csproj]
D:\leaveblackgithub\DDNCadAddins\src\DDNCadAddins\DDNCadAddins\Services\AcadService.cs(55,13): warning SA1101: Prefix local calls with this (https://github.com/DotNetAnalyzers/StyleCopAnalyzers/blob/master/documentation/SA1101.md) [D:\leaveblackgithub\DDNCadAddins\src\DDNCadAddins\DDNCadAddins\DDNCadAddins.csproj]
D:\leaveblackgithub\DDNCadAddins\src\DDNCadAddins\DDNCadAddins\Services\XClipBlockService.Core.cs(492,1): warning SA1028: Code should not contain trailing whitespace (https://github.com/DotNetAnalyzers/StyleCopAnalyzers/blob/master/documentation/SA1028.md) [D:\leaveblackgithub\DDNCadAddins\src\DDNCadAddins\DDNCadAddins\DDNCadAddins.csproj]
D:\leaveblackgithub\DDNCadAddins\src\DDNCadAddins\DDNCadAddins\Services\XClipBlockService.Core.cs(497,1): warning SA1028: Code should not contain trailing whitespace (https://github.com/DotNetAnalyzers/StyleCopAnalyzers/blob/master/documentation/SA1028.md) [D:\leaveblackgithub\DDNCadAddins\src\DDNCadAddins\DDNCadAddins\DDNCadAddins.csproj]
D:\leaveblackgithub\DDNCadAddins\src\DDNCadAddins\DDNCadAddins\Services\AcadService.cs(55,72): warning SA1101: Prefix local calls with this (https://github.com/DotNetAnalyzers/StyleCopAnalyzers/blob/master/documentation/SA1101.md) [D:\leaveblackgithub\DDNCadAddins\src\DDNCadAddins\DDNCadAddins\DDNCadAddins.csproj]
D:\leaveblackgithub\DDNCadAddins\src\DDNCadAddins\DDNCadAddins\Services\XClipBlockService.Core.cs(502,1): warning SA1028: Code should not contain trailing whitespace (https://github.com/DotNetAnalyzers/StyleCopAnalyzers/blob/master/documentation/SA1028.md) [D:\leaveblackgithub\DDNCadAddins\src\DDNCadAddins\DDNCadAddins\DDNCadAddins.csproj]
D:\leaveblackgithub\DDNCadAddins\src\DDNCadAddins\DDNCadAddins\Services\XClipBlockService.Core.cs(521,1): warning SA1028: Code should not contain trailing whitespace (https://github.com/DotNetAnalyzers/StyleCopAnalyzers/blob/master/documentation/SA1028.md) [D:\leaveblackgithub\DDNCadAddins\src\DDNCadAddins\DDNCadAddins\DDNCadAddins.csproj]
D:\leaveblackgithub\DDNCadAddins\src\DDNCadAddins\DDNCadAddins\Services\XClipBlockService.Core.cs(524,1): warning SA1028: Code should not contain trailing whitespace (https://github.com/DotNetAnalyzers/StyleCopAnalyzers/blob/master/documentation/SA1028.md) [D:\leaveblackgithub\DDNCadAddins\src\DDNCadAddins\DDNCadAddins\DDNCadAddins.csproj]
D:\leaveblackgithub\DDNCadAddins\src\DDNCadAddins\DDNCadAddins\Services\XClipBlockService.Core.cs(527,1): warning SA1028: Code should not contain trailing whitespace (https://github.com/DotNetAnalyzers/StyleCopAnalyzers/blob/master/documentation/SA1028.md) [D:\leaveblackgithub\DDNCadAddins\src\DDNCadAddins\DDNCadAddins\DDNCadAddins.csproj]
D:\leaveblackgithub\DDNCadAddins\src\DDNCadAddins\DDNCadAddins\Services\XClipBlockService.Core.cs(529,1): warning SA1028: Code should not contain trailing whitespace (https://github.com/DotNetAnalyzers/StyleCopAnalyzers/blob/master/documentation/SA1028.md) [D:\leaveblackgithub\DDNCadAddins\src\DDNCadAddins\DDNCadAddins\DDNCadAddins.csproj]
D:\leaveblackgithub\DDNCadAddins\src\DDNCadAddins\DDNCadAddins\Services\XClipBlockService.Core.cs(563,1): warning SA1028: Code should not contain trailing whitespace (https://github.com/DotNetAnalyzers/StyleCopAnalyzers/blob/master/documentation/SA1028.md) [D:\leaveblackgithub\DDNCadAddins\src\DDNCadAddins\DDNCadAddins\DDNCadAddins.csproj]
D:\leaveblackgithub\DDNCadAddins\src\DDNCadAddins\DDNCadAddins\Services\XClipBlockService.Core.cs(567,1): warning SA1028: Code should not contain trailing whitespace (https://github.com/DotNetAnalyzers/StyleCopAnalyzers/blob/master/documentation/SA1028.md) [D:\leaveblackgithub\DDNCadAddins\src\DDNCadAddins\DDNCadAddins\DDNCadAddins.csproj]
D:\leaveblackgithub\DDNCadAddins\src\DDNCadAddins\DDNCadAddins\Commands\XClipTest\XClipTestCreator.cs(28,13): warning SA1101: Prefix local calls with this (https://github.com/DotNetAnalyzers/StyleCopAnalyzers/blob/master/documentation/SA1101.md) [D:\leaveblackgithub\DDNCadAddins\src\DDNCadAddins\DDNCadAddins\DDNCadAddins.csproj]
D:\leaveblackgithub\DDNCadAddins\src\DDNCadAddins\DDNCadAddins\Services\XClipBlockService.Core.cs(574,1): warning SA1028: Code should not contain trailing whitespace (https://github.com/DotNetAnalyzers/StyleCopAnalyzers/blob/master/documentation/SA1028.md) [D:\leaveblackgithub\DDNCadAddins\src\DDNCadAddins\DDNCadAddins\DDNCadAddins.csproj]
D:\leaveblackgithub\DDNCadAddins\src\DDNCadAddins\DDNCadAddins\Services\XClipBlockService.Core.cs(586,82): warning SA1028: Code should not contain trailing whitespace (https://github.com/DotNetAnalyzers/StyleCopAnalyzers/blob/master/documentation/SA1028.md) [D:\leaveblackgithub\DDNCadAddins\src\DDNCadAddins\DDNCadAddins\DDNCadAddins.csproj]
D:\leaveblackgithub\DDNCadAddins\src\DDNCadAddins\DDNCadAddins\Services\BlockReferenceService.cs(96,17): warning SA1101: Prefix local calls with this (https://github.com/DotNetAnalyzers/StyleCopAnalyzers/blob/master/documentation/SA1101.md) [D:\leaveblackgithub\DDNCadAddins\src\DDNCadAddins\DDNCadAddins\DDNCadAddins.csproj]
D:\leaveblackgithub\DDNCadAddins\src\DDNCadAddins\DDNCadAddins\Commands\XClipTest\XClipTestCreator.cs(29,13): warning SA1101: Prefix local calls with this (https://github.com/DotNetAnalyzers/StyleCopAnalyzers/blob/master/documentation/SA1101.md) [D:\leaveblackgithub\DDNCadAddins\src\DDNCadAddins\DDNCadAddins\DDNCadAddins.csproj]
D:\leaveblackgithub\DDNCadAddins\src\DDNCadAddins\DDNCadAddins\Services\AcadService.cs(30,20): warning CA1062: 在外部可见方法“bool AcadExtensions.UserBreakWithMessagePump(HostApplicationServices hostapp)”中，先验证参数“hostapp”为非 null，然后再使用。如果适用，在参数为 null 时引发 ArgumentNullException，或添加断言非 null 参数的代码协定前提条件。 (https://docs.microsoft.com/dotnet/fundamentals/code-analysis/quality-rules/ca1062) [D:\leaveblackgithub\DDNCadAddins\src\DDNCadAddins\DDNCadAddins\DDNCadAddins.csproj]
D:\leaveblackgithub\DDNCadAddins\src\DDNCadAddins\DDNCadAddins\Models\OperationResult.cs(191,17): warning SA1413: Use trailing comma in multi-line initializers (https://github.com/DotNetAnalyzers/StyleCopAnalyzers/blob/master/documentation/SA1413.md) [D:\leaveblackgithub\DDNCadAddins\src\DDNCadAddins\DDNCadAddins\DDNCadAddins.csproj]
D:\leaveblackgithub\DDNCadAddins\src\DDNCadAddins\DDNCadAddins\Services\XClipBlockService.Core.cs(602,1): warning SA1028: Code should not contain trailing whitespace (https://github.com/DotNetAnalyzers/StyleCopAnalyzers/blob/master/documentation/SA1028.md) [D:\leaveblackgithub\DDNCadAddins\src\DDNCadAddins\DDNCadAddins\DDNCadAddins.csproj]
D:\leaveblackgithub\DDNCadAddins\src\DDNCadAddins\DDNCadAddins\Services\XClipBlockService.Core.cs(605,1): warning SA1028: Code should not contain trailing whitespace (https://github.com/DotNetAnalyzers/StyleCopAnalyzers/blob/master/documentation/SA1028.md) [D:\leaveblackgithub\DDNCadAddins\src\DDNCadAddins\DDNCadAddins\DDNCadAddins.csproj]
D:\leaveblackgithub\DDNCadAddins\src\DDNCadAddins\DDNCadAddins\Services\XClipBlockService.Core.cs(609,1): warning SA1028: Code should not contain trailing whitespace (https://github.com/DotNetAnalyzers/StyleCopAnalyzers/blob/master/documentation/SA1028.md) [D:\leaveblackgithub\DDNCadAddins\src\DDNCadAddins\DDNCadAddins\DDNCadAddins.csproj]
D:\leaveblackgithub\DDNCadAddins\src\DDNCadAddins\DDNCadAddins\Services\XClipBlockService.Core.cs(617,1): warning SA1028: Code should not contain trailing whitespace (https://github.com/DotNetAnalyzers/StyleCopAnalyzers/blob/master/documentation/SA1028.md) [D:\leaveblackgithub\DDNCadAddins\src\DDNCadAddins\DDNCadAddins\DDNCadAddins.csproj]
D:\leaveblackgithub\DDNCadAddins\src\DDNCadAddins\DDNCadAddins\Services\XClipBlockService.Core.cs(622,1): warning SA1028: Code should not contain trailing whitespace (https://github.com/DotNetAnalyzers/StyleCopAnalyzers/blob/master/documentation/SA1028.md) [D:\leaveblackgithub\DDNCadAddins\src\DDNCadAddins\DDNCadAddins\DDNCadAddins.csproj]
D:\leaveblackgithub\DDNCadAddins\src\DDNCadAddins\DDNCadAddins\Services\XClipBlockService.Core.cs(627,1): warning SA1028: Code should not contain trailing whitespace (https://github.com/DotNetAnalyzers/StyleCopAnalyzers/blob/master/documentation/SA1028.md) [D:\leaveblackgithub\DDNCadAddins\src\DDNCadAddins\DDNCadAddins\DDNCadAddins.csproj]
D:\leaveblackgithub\DDNCadAddins\src\DDNCadAddins\DDNCadAddins\Services\XClipBlockService.Core.cs(638,1): warning SA1028: Code should not contain trailing whitespace (https://github.com/DotNetAnalyzers/StyleCopAnalyzers/blob/master/documentation/SA1028.md) [D:\leaveblackgithub\DDNCadAddins\src\DDNCadAddins\DDNCadAddins\DDNCadAddins.csproj]
D:\leaveblackgithub\DDNCadAddins\src\DDNCadAddins\DDNCadAddins\Services\XClipBlockService.Core.cs(653,1): warning SA1028: Code should not contain trailing whitespace (https://github.com/DotNetAnalyzers/StyleCopAnalyzers/blob/master/documentation/SA1028.md) [D:\leaveblackgithub\DDNCadAddins\src\DDNCadAddins\DDNCadAddins\DDNCadAddins.csproj]
D:\leaveblackgithub\DDNCadAddins\src\DDNCadAddins\DDNCadAddins\Services\XClipBlockService.Core.cs(656,1): warning SA1028: Code should not contain trailing whitespace (https://github.com/DotNetAnalyzers/StyleCopAnalyzers/blob/master/documentation/SA1028.md) [D:\leaveblackgithub\DDNCadAddins\src\DDNCadAddins\DDNCadAddins\DDNCadAddins.csproj]
D:\leaveblackgithub\DDNCadAddins\src\DDNCadAddins\DDNCadAddins\Services\XClipBlockService.Core.cs(659,1): warning SA1028: Code should not contain trailing whitespace (https://github.com/DotNetAnalyzers/StyleCopAnalyzers/blob/master/documentation/SA1028.md) [D:\leaveblackgithub\DDNCadAddins\src\DDNCadAddins\DDNCadAddins\DDNCadAddins.csproj]
D:\leaveblackgithub\DDNCadAddins\src\DDNCadAddins\DDNCadAddins\Services\XClipBlockService.Core.cs(661,1): warning SA1028: Code should not contain trailing whitespace (https://github.com/DotNetAnalyzers/StyleCopAnalyzers/blob/master/documentation/SA1028.md) [D:\leaveblackgithub\DDNCadAddins\src\DDNCadAddins\DDNCadAddins\DDNCadAddins.csproj]
D:\leaveblackgithub\DDNCadAddins\src\DDNCadAddins\DDNCadAddins\Services\XClipBlockService.Core.cs(667,1): warning SA1028: Code should not contain trailing whitespace (https://github.com/DotNetAnalyzers/StyleCopAnalyzers/blob/master/documentation/SA1028.md) [D:\leaveblackgithub\DDNCadAddins\src\DDNCadAddins\DDNCadAddins\DDNCadAddins.csproj]
D:\leaveblackgithub\DDNCadAddins\src\DDNCadAddins\DDNCadAddins\Services\XClipBlockService.Core.cs(690,1): warning SA1028: Code should not contain trailing whitespace (https://github.com/DotNetAnalyzers/StyleCopAnalyzers/blob/master/documentation/SA1028.md) [D:\leaveblackgithub\DDNCadAddins\src\DDNCadAddins\DDNCadAddins\DDNCadAddins.csproj]
D:\leaveblackgithub\DDNCadAddins\src\DDNCadAddins\DDNCadAddins\Services\XClipBlockService.Core.cs(694,1): warning SA1028: Code should not contain trailing whitespace (https://github.com/DotNetAnalyzers/StyleCopAnalyzers/blob/master/documentation/SA1028.md) [D:\leaveblackgithub\DDNCadAddins\src\DDNCadAddins\DDNCadAddins\DDNCadAddins.csproj]
D:\leaveblackgithub\DDNCadAddins\src\DDNCadAddins\DDNCadAddins\Services\XClipBlockService.Core.cs(706,102): warning SA1028: Code should not contain trailing whitespace (https://github.com/DotNetAnalyzers/StyleCopAnalyzers/blob/master/documentation/SA1028.md) [D:\leaveblackgithub\DDNCadAddins\src\DDNCadAddins\DDNCadAddins\DDNCadAddins.csproj]
D:\leaveblackgithub\DDNCadAddins\src\DDNCadAddins\DDNCadAddins\Services\XClipBlockService.Core.cs(710,1): warning SA1028: Code should not contain trailing whitespace (https://github.com/DotNetAnalyzers/StyleCopAnalyzers/blob/master/documentation/SA1028.md) [D:\leaveblackgithub\DDNCadAddins\src\DDNCadAddins\DDNCadAddins\DDNCadAddins.csproj]
D:\leaveblackgithub\DDNCadAddins\src\DDNCadAddins\DDNCadAddins\Services\XClipBlockService.Core.cs(720,1): warning SA1028: Code should not contain trailing whitespace (https://github.com/DotNetAnalyzers/StyleCopAnalyzers/blob/master/documentation/SA1028.md) [D:\leaveblackgithub\DDNCadAddins\src\DDNCadAddins\DDNCadAddins\DDNCadAddins.csproj]
D:\leaveblackgithub\DDNCadAddins\src\DDNCadAddins\DDNCadAddins\Services\XClipBlockService.Core.cs(723,1): warning SA1028: Code should not contain trailing whitespace (https://github.com/DotNetAnalyzers/StyleCopAnalyzers/blob/master/documentation/SA1028.md) [D:\leaveblackgithub\DDNCadAddins\src\DDNCadAddins\DDNCadAddins\DDNCadAddins.csproj]
D:\leaveblackgithub\DDNCadAddins\src\DDNCadAddins\DDNCadAddins\Services\XClipBlockService.Core.cs(727,22): warning SA1028: Code should not contain trailing whitespace (https://github.com/DotNetAnalyzers/StyleCopAnalyzers/blob/master/documentation/SA1028.md) [D:\leaveblackgithub\DDNCadAddins\src\DDNCadAddins\DDNCadAddins\DDNCadAddins.csproj]
D:\leaveblackgithub\DDNCadAddins\src\DDNCadAddins\DDNCadAddins\Services\XClipBlockService.Core.cs(732,1): warning SA1028: Code should not contain trailing whitespace (https://github.com/DotNetAnalyzers/StyleCopAnalyzers/blob/master/documentation/SA1028.md) [D:\leaveblackgithub\DDNCadAddins\src\DDNCadAddins\DDNCadAddins\DDNCadAddins.csproj]
D:\leaveblackgithub\DDNCadAddins\src\DDNCadAddins\DDNCadAddins\Services\XClipBlockService.Core.cs(736,1): warning SA1028: Code should not contain trailing whitespace (https://github.com/DotNetAnalyzers/StyleCopAnalyzers/blob/master/documentation/SA1028.md) [D:\leaveblackgithub\DDNCadAddins\src\DDNCadAddins\DDNCadAddins\DDNCadAddins.csproj]
D:\leaveblackgithub\DDNCadAddins\src\DDNCadAddins\DDNCadAddins\Services\XClipBlockService.Core.cs(754,1): warning SA1028: Code should not contain trailing whitespace (https://github.com/DotNetAnalyzers/StyleCopAnalyzers/blob/master/documentation/SA1028.md) [D:\leaveblackgithub\DDNCadAddins\src\DDNCadAddins\DDNCadAddins\DDNCadAddins.csproj]
D:\leaveblackgithub\DDNCadAddins\src\DDNCadAddins\DDNCadAddins\Services\XClipBlockService.Core.cs(758,1): warning SA1028: Code should not contain trailing whitespace (https://github.com/DotNetAnalyzers/StyleCopAnalyzers/blob/master/documentation/SA1028.md) [D:\leaveblackgithub\DDNCadAddins\src\DDNCadAddins\DDNCadAddins\DDNCadAddins.csproj]
D:\leaveblackgithub\DDNCadAddins\src\DDNCadAddins\DDNCadAddins\Services\XClipBlockService.Core.cs(762,50): warning SA1028: Code should not contain trailing whitespace (https://github.com/DotNetAnalyzers/StyleCopAnalyzers/blob/master/documentation/SA1028.md) [D:\leaveblackgithub\DDNCadAddins\src\DDNCadAddins\DDNCadAddins\DDNCadAddins.csproj]
D:\leaveblackgithub\DDNCadAddins\src\DDNCadAddins\DDNCadAddins\Services\XClipBlockService.Core.cs(765,1): warning SA1028: Code should not contain trailing whitespace (https://github.com/DotNetAnalyzers/StyleCopAnalyzers/blob/master/documentation/SA1028.md) [D:\leaveblackgithub\DDNCadAddins\src\DDNCadAddins\DDNCadAddins\DDNCadAddins.csproj]
D:\leaveblackgithub\DDNCadAddins\src\DDNCadAddins\DDNCadAddins\Services\XClipBlockService.Core.cs(767,1): warning SA1028: Code should not contain trailing whitespace (https://github.com/DotNetAnalyzers/StyleCopAnalyzers/blob/master/documentation/SA1028.md) [D:\leaveblackgithub\DDNCadAddins\src\DDNCadAddins\DDNCadAddins\DDNCadAddins.csproj]
D:\leaveblackgithub\DDNCadAddins\src\DDNCadAddins\DDNCadAddins\Commands\XClipTest\XClipTestValidator.cs(133,27): warning CA1031: 请修改“CaptureBlockStates”以捕获更具体的允许异常类型，或者重新抛出该异常 (https://docs.microsoft.com/dotnet/fundamentals/code-analysis/quality-rules/ca1031) [D:\leaveblackgithub\DDNCadAddins\src\DDNCadAddins\DDNCadAddins\DDNCadAddins.csproj]
D:\leaveblackgithub\DDNCadAddins\src\DDNCadAddins\DDNCadAddins\Services\XClipBlockService.Core.cs(770,1): warning SA1028: Code should not contain trailing whitespace (https://github.com/DotNetAnalyzers/StyleCopAnalyzers/blob/master/documentation/SA1028.md) [D:\leaveblackgithub\DDNCadAddins\src\DDNCadAddins\DDNCadAddins\DDNCadAddins.csproj]
D:\leaveblackgithub\DDNCadAddins\src\DDNCadAddins\DDNCadAddins\Commands\XClipTest\XClipTestValidator.cs(139,21): warning CA1031: 请修改“CaptureBlockStates”以捕获更具体的允许异常类型，或者重新抛出该异常 (https://docs.microsoft.com/dotnet/fundamentals/code-analysis/quality-rules/ca1031) [D:\leaveblackgithub\DDNCadAddins\src\DDNCadAddins\DDNCadAddins\DDNCadAddins.csproj]
D:\leaveblackgithub\DDNCadAddins\src\DDNCadAddins\DDNCadAddins\Services\XClipBlockService.Core.cs(779,1): warning SA1028: Code should not contain trailing whitespace (https://github.com/DotNetAnalyzers/StyleCopAnalyzers/blob/master/documentation/SA1028.md) [D:\leaveblackgithub\DDNCadAddins\src\DDNCadAddins\DDNCadAddins\DDNCadAddins.csproj]
D:\leaveblackgithub\DDNCadAddins\src\DDNCadAddins\DDNCadAddins\Services\XClipBlockService.Core.cs(790,1): warning SA1028: Code should not contain trailing whitespace (https://github.com/DotNetAnalyzers/StyleCopAnalyzers/blob/master/documentation/SA1028.md) [D:\leaveblackgithub\DDNCadAddins\src\DDNCadAddins\DDNCadAddins\DDNCadAddins.csproj]
D:\leaveblackgithub\DDNCadAddins\src\DDNCadAddins\DDNCadAddins\Services\XClipBlockService.Core.cs(793,35): warning SA1028: Code should not contain trailing whitespace (https://github.com/DotNetAnalyzers/StyleCopAnalyzers/blob/master/documentation/SA1028.md) [D:\leaveblackgithub\DDNCadAddins\src\DDNCadAddins\DDNCadAddins\DDNCadAddins.csproj]
D:\leaveblackgithub\DDNCadAddins\src\DDNCadAddins\DDNCadAddins\Services\XClipBlockService.Core.cs(795,1): warning SA1028: Code should not contain trailing whitespace (https://github.com/DotNetAnalyzers/StyleCopAnalyzers/blob/master/documentation/SA1028.md) [D:\leaveblackgithub\DDNCadAddins\src\DDNCadAddins\DDNCadAddins\DDNCadAddins.csproj]
D:\leaveblackgithub\DDNCadAddins\src\DDNCadAddins\DDNCadAddins\Services\XClipBlockService.Core.cs(797,1): warning SA1028: Code should not contain trailing whitespace (https://github.com/DotNetAnalyzers/StyleCopAnalyzers/blob/master/documentation/SA1028.md) [D:\leaveblackgithub\DDNCadAddins\src\DDNCadAddins\DDNCadAddins\DDNCadAddins.csproj]
D:\leaveblackgithub\DDNCadAddins\src\DDNCadAddins\DDNCadAddins\Services\XClipBlockService.Core.cs(804,52): warning SA1028: Code should not contain trailing whitespace (https://github.com/DotNetAnalyzers/StyleCopAnalyzers/blob/master/documentation/SA1028.md) [D:\leaveblackgithub\DDNCadAddins\src\DDNCadAddins\DDNCadAddins\DDNCadAddins.csproj]
D:\leaveblackgithub\DDNCadAddins\src\DDNCadAddins\DDNCadAddins\Services\XClipBlockService.Core.cs(806,1): warning SA1028: Code should not contain trailing whitespace (https://github.com/DotNetAnalyzers/StyleCopAnalyzers/blob/master/documentation/SA1028.md) [D:\leaveblackgithub\DDNCadAddins\src\DDNCadAddins\DDNCadAddins\DDNCadAddins.csproj]
D:\leaveblackgithub\DDNCadAddins\src\DDNCadAddins\DDNCadAddins\Services\XClipBlockService.Core.cs(814,52): warning SA1028: Code should not contain trailing whitespace (https://github.com/DotNetAnalyzers/StyleCopAnalyzers/blob/master/documentation/SA1028.md) [D:\leaveblackgithub\DDNCadAddins\src\DDNCadAddins\DDNCadAddins\DDNCadAddins.csproj]
D:\leaveblackgithub\DDNCadAddins\src\DDNCadAddins\DDNCadAddins\Services\XClipBlockService.Core.cs(818,1): warning SA1028: Code should not contain trailing whitespace (https://github.com/DotNetAnalyzers/StyleCopAnalyzers/blob/master/documentation/SA1028.md) [D:\leaveblackgithub\DDNCadAddins\src\DDNCadAddins\DDNCadAddins\DDNCadAddins.csproj]
D:\leaveblackgithub\DDNCadAddins\src\DDNCadAddins\DDNCadAddins\Services\XClipBlockService.Core.cs(828,1): warning SA1028: Code should not contain trailing whitespace (https://github.com/DotNetAnalyzers/StyleCopAnalyzers/blob/master/documentation/SA1028.md) [D:\leaveblackgithub\DDNCadAddins\src\DDNCadAddins\DDNCadAddins\DDNCadAddins.csproj]
D:\leaveblackgithub\DDNCadAddins\src\DDNCadAddins\DDNCadAddins\Services\XClipBlockService.Core.cs(835,1): warning SA1028: Code should not contain trailing whitespace (https://github.com/DotNetAnalyzers/StyleCopAnalyzers/blob/master/documentation/SA1028.md) [D:\leaveblackgithub\DDNCadAddins\src\DDNCadAddins\DDNCadAddins\DDNCadAddins.csproj]
D:\leaveblackgithub\DDNCadAddins\src\DDNCadAddins\DDNCadAddins\Services\AcadService.cs(71,13): warning SA1101: Prefix local calls with this (https://github.com/DotNetAnalyzers/StyleCopAnalyzers/blob/master/documentation/SA1101.md) [D:\leaveblackgithub\DDNCadAddins\src\DDNCadAddins\DDNCadAddins\DDNCadAddins.csproj]
D:\leaveblackgithub\DDNCadAddins\src\DDNCadAddins\DDNCadAddins\Services\XClipBlockService.Core.cs(843,1): warning SA1028: Code should not contain trailing whitespace (https://github.com/DotNetAnalyzers/StyleCopAnalyzers/blob/master/documentation/SA1028.md) [D:\leaveblackgithub\DDNCadAddins\src\DDNCadAddins\DDNCadAddins\DDNCadAddins.csproj]
D:\leaveblackgithub\DDNCadAddins\src\DDNCadAddins\DDNCadAddins\Services\XClipBlockService.Core.cs(853,1): warning SA1028: Code should not contain trailing whitespace (https://github.com/DotNetAnalyzers/StyleCopAnalyzers/blob/master/documentation/SA1028.md) [D:\leaveblackgithub\DDNCadAddins\src\DDNCadAddins\DDNCadAddins\DDNCadAddins.csproj]
D:\leaveblackgithub\DDNCadAddins\src\DDNCadAddins\DDNCadAddins\Services\XClipBlockService.Core.cs(865,1): warning SA1028: Code should not contain trailing whitespace (https://github.com/DotNetAnalyzers/StyleCopAnalyzers/blob/master/documentation/SA1028.md) [D:\leaveblackgithub\DDNCadAddins\src\DDNCadAddins\DDNCadAddins\DDNCadAddins.csproj]
D:\leaveblackgithub\DDNCadAddins\src\DDNCadAddins\DDNCadAddins\Services\AcadService.cs(72,13): warning SA1101: Prefix local calls with this (https://github.com/DotNetAnalyzers/StyleCopAnalyzers/blob/master/documentation/SA1101.md) [D:\leaveblackgithub\DDNCadAddins\src\DDNCadAddins\DDNCadAddins\DDNCadAddins.csproj]
D:\leaveblackgithub\DDNCadAddins\src\DDNCadAddins\DDNCadAddins\Services\XClipBlockService.Core.cs(883,1): warning SA1028: Code should not contain trailing whitespace (https://github.com/DotNetAnalyzers/StyleCopAnalyzers/blob/master/documentation/SA1028.md) [D:\leaveblackgithub\DDNCadAddins\src\DDNCadAddins\DDNCadAddins\DDNCadAddins.csproj]
D:\leaveblackgithub\DDNCadAddins\src\DDNCadAddins\DDNCadAddins\Services\XClipBlockService.Core.cs(895,1): warning SA1028: Code should not contain trailing whitespace (https://github.com/DotNetAnalyzers/StyleCopAnalyzers/blob/master/documentation/SA1028.md) [D:\leaveblackgithub\DDNCadAddins\src\DDNCadAddins\DDNCadAddins\DDNCadAddins.csproj]
D:\leaveblackgithub\DDNCadAddins\src\DDNCadAddins\DDNCadAddins\Services\XClipBlockService.Core.cs(904,52): warning SA1028: Code should not contain trailing whitespace (https://github.com/DotNetAnalyzers/StyleCopAnalyzers/blob/master/documentation/SA1028.md) [D:\leaveblackgithub\DDNCadAddins\src\DDNCadAddins\DDNCadAddins\DDNCadAddins.csproj]
D:\leaveblackgithub\DDNCadAddins\src\DDNCadAddins\DDNCadAddins\Services\XClipBlockService.Core.cs(909,2): warning SA1028: Code should not contain trailing whitespace (https://github.com/DotNetAnalyzers/StyleCopAnalyzers/blob/master/documentation/SA1028.md) [D:\leaveblackgithub\DDNCadAddins\src\DDNCadAddins\DDNCadAddins\DDNCadAddins.csproj]
D:\leaveblackgithub\DDNCadAddins\src\DDNCadAddins\DDNCadAddins\Services\AcadService.cs(73,13): warning SA1101: Prefix local calls with this (https://github.com/DotNetAnalyzers/StyleCopAnalyzers/blob/master/documentation/SA1101.md) [D:\leaveblackgithub\DDNCadAddins\src\DDNCadAddins\DDNCadAddins\DDNCadAddins.csproj]
D:\leaveblackgithub\DDNCadAddins\src\DDNCadAddins\DDNCadAddins\Services\XClipBlockService.Operation.cs(1,1): warning SA1633: The file header is missing or not located at the top of the file. (https://github.com/DotNetAnalyzers/StyleCopAnalyzers/blob/master/documentation/SA1633.md) [D:\leaveblackgithub\DDNCadAddins\src\DDNCadAddins\DDNCadAddins\DDNCadAddins.csproj]
D:\leaveblackgithub\DDNCadAddins\src\DDNCadAddins\DDNCadAddins\Services\AcadService.cs(74,13): warning SA1101: Prefix local calls with this (https://github.com/DotNetAnalyzers/StyleCopAnalyzers/blob/master/documentation/SA1101.md) [D:\leaveblackgithub\DDNCadAddins\src\DDNCadAddins\DDNCadAddins\DDNCadAddins.csproj]
D:\leaveblackgithub\DDNCadAddins\src\DDNCadAddins\DDNCadAddins\Services\AcadService.cs(85,20): warning SA1101: Prefix local calls with this (https://github.com/DotNetAnalyzers/StyleCopAnalyzers/blob/master/documentation/SA1101.md) [D:\leaveblackgithub\DDNCadAddins\src\DDNCadAddins\DDNCadAddins\DDNCadAddins.csproj]
D:\leaveblackgithub\DDNCadAddins\src\DDNCadAddins\DDNCadAddins\Services\AcadService.cs(94,13): warning SA1101: Prefix local calls with this (https://github.com/DotNetAnalyzers/StyleCopAnalyzers/blob/master/documentation/SA1101.md) [D:\leaveblackgithub\DDNCadAddins\src\DDNCadAddins\DDNCadAddins\DDNCadAddins.csproj]
D:\leaveblackgithub\DDNCadAddins\src\DDNCadAddins\DDNCadAddins\Models\OpResult.cs(57,13): warning SA1101: Prefix local calls with this (https://github.com/DotNetAnalyzers/StyleCopAnalyzers/blob/master/documentation/SA1101.md) [D:\leaveblackgithub\DDNCadAddins\src\DDNCadAddins\DDNCadAddins\DDNCadAddins.csproj]
D:\leaveblackgithub\DDNCadAddins\src\DDNCadAddins\DDNCadAddins\Services\AcadService.cs(103,20): warning SA1101: Prefix local calls with this (https://github.com/DotNetAnalyzers/StyleCopAnalyzers/blob/master/documentation/SA1101.md) [D:\leaveblackgithub\DDNCadAddins\src\DDNCadAddins\DDNCadAddins\DDNCadAddins.csproj]
D:\leaveblackgithub\DDNCadAddins\src\DDNCadAddins\DDNCadAddins\Models\OpResult.cs(55,63): warning SA1128: Put constructor initializers on their own line (https://github.com/DotNetAnalyzers/StyleCopAnalyzers/blob/master/documentation/SA1128.md) [D:\leaveblackgithub\DDNCadAddins\src\DDNCadAddins\DDNCadAddins\DDNCadAddins.csproj]
D:\leaveblackgithub\DDNCadAddins\src\DDNCadAddins\DDNCadAddins\Services\AcadService.cs(112,13): warning SA1101: Prefix local calls with this (https://github.com/DotNetAnalyzers/StyleCopAnalyzers/blob/master/documentation/SA1101.md) [D:\leaveblackgithub\DDNCadAddins\src\DDNCadAddins\DDNCadAddins\DDNCadAddins.csproj]
D:\leaveblackgithub\DDNCadAddins\src\DDNCadAddins\DDNCadAddins\Services\AcadService.cs(77,9): warning SA1124: Do not use regions (https://github.com/DotNetAnalyzers/StyleCopAnalyzers/blob/master/documentation/SA1124.md) [D:\leaveblackgithub\DDNCadAddins\src\DDNCadAddins\DDNCadAddins\DDNCadAddins.csproj]
D:\leaveblackgithub\DDNCadAddins\src\DDNCadAddins\DDNCadAddins\Models\OpResult.cs(24,40): warning SA1101: Prefix local calls with this (https://github.com/DotNetAnalyzers/StyleCopAnalyzers/blob/master/documentation/SA1101.md) [D:\leaveblackgithub\DDNCadAddins\src\DDNCadAddins\DDNCadAddins\DDNCadAddins.csproj]
D:\leaveblackgithub\DDNCadAddins\src\DDNCadAddins\DDNCadAddins\Commands\XClipCommand.cs(81,21): warning SA1101: Prefix local calls with this (https://github.com/DotNetAnalyzers/StyleCopAnalyzers/blob/master/documentation/SA1101.md) [D:\leaveblackgithub\DDNCadAddins\src\DDNCadAddins\DDNCadAddins\DDNCadAddins.csproj]
D:\leaveblackgithub\DDNCadAddins\src\DDNCadAddins\DDNCadAddins\Models\OpResult.cs(24,50): warning SA1101: Prefix local calls with this (https://github.com/DotNetAnalyzers/StyleCopAnalyzers/blob/master/documentation/SA1101.md) [D:\leaveblackgithub\DDNCadAddins\src\DDNCadAddins\DDNCadAddins\DDNCadAddins.csproj]
D:\leaveblackgithub\DDNCadAddins\src\DDNCadAddins\DDNCadAddins\Commands\XClipCommand.cs(84,21): warning SA1101: Prefix local calls with this (https://github.com/DotNetAnalyzers/StyleCopAnalyzers/blob/master/documentation/SA1101.md) [D:\leaveblackgithub\DDNCadAddins\src\DDNCadAddins\DDNCadAddins\DDNCadAddins.csproj]
D:\leaveblackgithub\DDNCadAddins\src\DDNCadAddins\DDNCadAddins\Commands\XClipCommand.cs(87,21): warning SA1101: Prefix local calls with this (https://github.com/DotNetAnalyzers/StyleCopAnalyzers/blob/master/documentation/SA1101.md) [D:\leaveblackgithub\DDNCadAddins\src\DDNCadAddins\DDNCadAddins\DDNCadAddins.csproj]
D:\leaveblackgithub\DDNCadAddins\src\DDNCadAddins\DDNCadAddins\Commands\XClipCommand.cs(90,21): warning SA1101: Prefix local calls with this (https://github.com/DotNetAnalyzers/StyleCopAnalyzers/blob/master/documentation/SA1101.md) [D:\leaveblackgithub\DDNCadAddins\src\DDNCadAddins\DDNCadAddins\DDNCadAddins.csproj]
D:\leaveblackgithub\DDNCadAddins\src\DDNCadAddins\DDNCadAddins\Commands\XClipTestCommand.cs(121,21): warning SA1101: Prefix local calls with this (https://github.com/DotNetAnalyzers/StyleCopAnalyzers/blob/master/documentation/SA1101.md) [D:\leaveblackgithub\DDNCadAddins\src\DDNCadAddins\DDNCadAddins\DDNCadAddins.csproj]
D:\leaveblackgithub\DDNCadAddins\src\DDNCadAddins\DDNCadAddins\Commands\XClipCommand.cs(93,21): warning SA1101: Prefix local calls with this (https://github.com/DotNetAnalyzers/StyleCopAnalyzers/blob/master/documentation/SA1101.md) [D:\leaveblackgithub\DDNCadAddins\src\DDNCadAddins\DDNCadAddins\DDNCadAddins.csproj]
D:\leaveblackgithub\DDNCadAddins\src\DDNCadAddins\DDNCadAddins\Commands\XClipTestCommand.cs(124,21): warning SA1101: Prefix local calls with this (https://github.com/DotNetAnalyzers/StyleCopAnalyzers/blob/master/documentation/SA1101.md) [D:\leaveblackgithub\DDNCadAddins\src\DDNCadAddins\DDNCadAddins\DDNCadAddins.csproj]
D:\leaveblackgithub\DDNCadAddins\src\DDNCadAddins\DDNCadAddins\Commands\XClipTest\XClipTestCreator.cs(48,17): warning SA1413: Use trailing comma in multi-line initializers (https://github.com/DotNetAnalyzers/StyleCopAnalyzers/blob/master/documentation/SA1413.md) [D:\leaveblackgithub\DDNCadAddins\src\DDNCadAddins\DDNCadAddins\DDNCadAddins.csproj]
D:\leaveblackgithub\DDNCadAddins\src\DDNCadAddins\DDNCadAddins\Commands\XClipCommand.cs(96,21): warning SA1101: Prefix local calls with this (https://github.com/DotNetAnalyzers/StyleCopAnalyzers/blob/master/documentation/SA1101.md) [D:\leaveblackgithub\DDNCadAddins\src\DDNCadAddins\DDNCadAddins\DDNCadAddins.csproj]
D:\leaveblackgithub\DDNCadAddins\src\DDNCadAddins\DDNCadAddins\Commands\XClipTestCommand.cs(127,21): warning SA1101: Prefix local calls with this (https://github.com/DotNetAnalyzers/StyleCopAnalyzers/blob/master/documentation/SA1101.md) [D:\leaveblackgithub\DDNCadAddins\src\DDNCadAddins\DDNCadAddins\DDNCadAddins.csproj]
D:\leaveblackgithub\DDNCadAddins\src\DDNCadAddins\DDNCadAddins\Commands\XClipCommand.cs(96,55): warning SA1101: Prefix local calls with this (https://github.com/DotNetAnalyzers/StyleCopAnalyzers/blob/master/documentation/SA1101.md) [D:\leaveblackgithub\DDNCadAddins\src\DDNCadAddins\DDNCadAddins\DDNCadAddins.csproj]
D:\leaveblackgithub\DDNCadAddins\src\DDNCadAddins\DDNCadAddins\Commands\XClipTestCommand.cs(130,21): warning SA1101: Prefix local calls with this (https://github.com/DotNetAnalyzers/StyleCopAnalyzers/blob/master/documentation/SA1101.md) [D:\leaveblackgithub\DDNCadAddins\src\DDNCadAddins\DDNCadAddins\DDNCadAddins.csproj]
D:\leaveblackgithub\DDNCadAddins\src\DDNCadAddins\DDNCadAddins\Commands\XClipTestCommand.cs(133,21): warning SA1101: Prefix local calls with this (https://github.com/DotNetAnalyzers/StyleCopAnalyzers/blob/master/documentation/SA1101.md) [D:\leaveblackgithub\DDNCadAddins\src\DDNCadAddins\DDNCadAddins\DDNCadAddins.csproj]
D:\leaveblackgithub\DDNCadAddins\src\DDNCadAddins\DDNCadAddins\Commands\XClipTestCommand.cs(136,21): warning SA1101: Prefix local calls with this (https://github.com/DotNetAnalyzers/StyleCopAnalyzers/blob/master/documentation/SA1101.md) [D:\leaveblackgithub\DDNCadAddins\src\DDNCadAddins\DDNCadAddins\DDNCadAddins.csproj]
D:\leaveblackgithub\DDNCadAddins\src\DDNCadAddins\DDNCadAddins\Commands\XClipTestCommand.cs(139,21): warning SA1101: Prefix local calls with this (https://github.com/DotNetAnalyzers/StyleCopAnalyzers/blob/master/documentation/SA1101.md) [D:\leaveblackgithub\DDNCadAddins\src\DDNCadAddins\DDNCadAddins\DDNCadAddins.csproj]
D:\leaveblackgithub\DDNCadAddins\src\DDNCadAddins\DDNCadAddins\Commands\XClipTestCommand.cs(142,21): warning SA1101: Prefix local calls with this (https://github.com/DotNetAnalyzers/StyleCopAnalyzers/blob/master/documentation/SA1101.md) [D:\leaveblackgithub\DDNCadAddins\src\DDNCadAddins\DDNCadAddins\DDNCadAddins.csproj]
D:\leaveblackgithub\DDNCadAddins\src\DDNCadAddins\DDNCadAddins\Commands\XClipTestCommand.cs(145,21): warning SA1101: Prefix local calls with this (https://github.com/DotNetAnalyzers/StyleCopAnalyzers/blob/master/documentation/SA1101.md) [D:\leaveblackgithub\DDNCadAddins\src\DDNCadAddins\DDNCadAddins\DDNCadAddins.csproj]
D:\leaveblackgithub\DDNCadAddins\src\DDNCadAddins\DDNCadAddins\Commands\XClipTestCommand.cs(148,21): warning SA1101: Prefix local calls with this (https://github.com/DotNetAnalyzers/StyleCopAnalyzers/blob/master/documentation/SA1101.md) [D:\leaveblackgithub\DDNCadAddins\src\DDNCadAddins\DDNCadAddins\DDNCadAddins.csproj]
D:\leaveblackgithub\DDNCadAddins\src\DDNCadAddins\DDNCadAddins\Commands\XClipTestCommand.cs(148,47): warning SA1101: Prefix local calls with this (https://github.com/DotNetAnalyzers/StyleCopAnalyzers/blob/master/documentation/SA1101.md) [D:\leaveblackgithub\DDNCadAddins\src\DDNCadAddins\DDNCadAddins\DDNCadAddins.csproj]
D:\leaveblackgithub\DDNCadAddins\src\DDNCadAddins\DDNCadAddins\Services\BlockReferenceService.cs(94,13): warning CA1031: 请修改“GetBlockInfo”以捕获更具体的允许异常类型，或者重新抛出该异常 (https://docs.microsoft.com/dotnet/fundamentals/code-analysis/quality-rules/ca1031) [D:\leaveblackgithub\DDNCadAddins\src\DDNCadAddins\DDNCadAddins\DDNCadAddins.csproj]
D:\leaveblackgithub\DDNCadAddins\src\DDNCadAddins\DDNCadAddins\Models\OpResult.cs(33,13): warning SA1101: Prefix local calls with this (https://github.com/DotNetAnalyzers/StyleCopAnalyzers/blob/master/documentation/SA1101.md) [D:\leaveblackgithub\DDNCadAddins\src\DDNCadAddins\DDNCadAddins\DDNCadAddins.csproj]
D:\leaveblackgithub\DDNCadAddins\src\DDNCadAddins\DDNCadAddins\Models\OpResult.cs(34,13): warning SA1101: Prefix local calls with this (https://github.com/DotNetAnalyzers/StyleCopAnalyzers/blob/master/documentation/SA1101.md) [D:\leaveblackgithub\DDNCadAddins\src\DDNCadAddins\DDNCadAddins\DDNCadAddins.csproj]
D:\leaveblackgithub\DDNCadAddins\src\DDNCadAddins\DDNCadAddins\Commands\XClipTest\XClipTestCreator.cs(57,17): warning SA1101: Prefix local calls with this (https://github.com/DotNetAnalyzers/StyleCopAnalyzers/blob/master/documentation/SA1101.md) [D:\leaveblackgithub\DDNCadAddins\src\DDNCadAddins\DDNCadAddins\DDNCadAddins.csproj]
D:\leaveblackgithub\DDNCadAddins\src\DDNCadAddins\DDNCadAddins\Commands\XClipTest\XClipTestCreator.cs(58,17): warning SA1101: Prefix local calls with this (https://github.com/DotNetAnalyzers/StyleCopAnalyzers/blob/master/documentation/SA1101.md) [D:\leaveblackgithub\DDNCadAddins\src\DDNCadAddins\DDNCadAddins\DDNCadAddins.csproj]
D:\leaveblackgithub\DDNCadAddins\src\DDNCadAddins\DDNCadAddins\Commands\XClipTest\XClipTestCreator.cs(59,17): warning SA1101: Prefix local calls with this (https://github.com/DotNetAnalyzers/StyleCopAnalyzers/blob/master/documentation/SA1101.md) [D:\leaveblackgithub\DDNCadAddins\src\DDNCadAddins\DDNCadAddins\DDNCadAddins.csproj]
D:\leaveblackgithub\DDNCadAddins\src\DDNCadAddins\DDNCadAddins\Commands\XClipTest\XClipTestCreator.cs(60,17): warning SA1101: Prefix local calls with this (https://github.com/DotNetAnalyzers/StyleCopAnalyzers/blob/master/documentation/SA1101.md) [D:\leaveblackgithub\DDNCadAddins\src\DDNCadAddins\DDNCadAddins\DDNCadAddins.csproj]
D:\leaveblackgithub\DDNCadAddins\src\DDNCadAddins\DDNCadAddins\Commands\XClipTest\XClipTestCreator.cs(61,17): warning SA1101: Prefix local calls with this (https://github.com/DotNetAnalyzers/StyleCopAnalyzers/blob/master/documentation/SA1101.md) [D:\leaveblackgithub\DDNCadAddins\src\DDNCadAddins\DDNCadAddins\DDNCadAddins.csproj]
D:\leaveblackgithub\DDNCadAddins\src\DDNCadAddins\DDNCadAddins\Commands\XClipTest\XClipTestCreator.cs(62,17): warning SA1101: Prefix local calls with this (https://github.com/DotNetAnalyzers/StyleCopAnalyzers/blob/master/documentation/SA1101.md) [D:\leaveblackgithub\DDNCadAddins\src\DDNCadAddins\DDNCadAddins\DDNCadAddins.csproj]
D:\leaveblackgithub\DDNCadAddins\src\DDNCadAddins\DDNCadAddins\Services\TransactionService.cs(36,17): warning SA1503: Braces should not be omitted (https://github.com/DotNetAnalyzers/StyleCopAnalyzers/blob/master/documentation/SA1503.md) [D:\leaveblackgithub\DDNCadAddins\src\DDNCadAddins\DDNCadAddins\DDNCadAddins.csproj]
D:\leaveblackgithub\DDNCadAddins\src\DDNCadAddins\DDNCadAddins\Services\AcadService.cs(129,20): warning SA1101: Prefix local calls with this (https://github.com/DotNetAnalyzers/StyleCopAnalyzers/blob/master/documentation/SA1101.md) [D:\leaveblackgithub\DDNCadAddins\src\DDNCadAddins\DDNCadAddins\DDNCadAddins.csproj]
D:\leaveblackgithub\DDNCadAddins\src\DDNCadAddins\DDNCadAddins\Services\AcadUserInterfaceService.cs(143,13): warning SA1101: Prefix local calls with this (https://github.com/DotNetAnalyzers/StyleCopAnalyzers/blob/master/documentation/SA1101.md) [D:\leaveblackgithub\DDNCadAddins\src\DDNCadAddins\DDNCadAddins\DDNCadAddins.csproj]
D:\leaveblackgithub\DDNCadAddins\src\DDNCadAddins\DDNCadAddins\Services\BlockDataService.cs(55,41): warning CA1305: “double.ToString(string)”的行为可能因当前用户的区域设置而异。请将“BlockDataService.ExtractBlockData(IEnumerable<ObjectId>, Transaction)”中的此调用替换为对“double.ToString(string, IFormatProvider)”的调用。 (https://docs.microsoft.com/dotnet/fundamentals/code-analysis/quality-rules/ca1305) [D:\leaveblackgithub\DDNCadAddins\src\DDNCadAddins\DDNCadAddins\DDNCadAddins.csproj]
D:\leaveblackgithub\DDNCadAddins\src\DDNCadAddins\DDNCadAddins\Services\AcadService.cs(117,9): warning SA1124: Do not use regions (https://github.com/DotNetAnalyzers/StyleCopAnalyzers/blob/master/documentation/SA1124.md) [D:\leaveblackgithub\DDNCadAddins\src\DDNCadAddins\DDNCadAddins\DDNCadAddins.csproj]
D:\leaveblackgithub\DDNCadAddins\src\DDNCadAddins\DDNCadAddins\Services\BlockDataService.cs(56,41): warning CA1305: “double.ToString(string)”的行为可能因当前用户的区域设置而异。请将“BlockDataService.ExtractBlockData(IEnumerable<ObjectId>, Transaction)”中的此调用替换为对“double.ToString(string, IFormatProvider)”的调用。 (https://docs.microsoft.com/dotnet/fundamentals/code-analysis/quality-rules/ca1305) [D:\leaveblackgithub\DDNCadAddins\src\DDNCadAddins\DDNCadAddins\DDNCadAddins.csproj]
D:\leaveblackgithub\DDNCadAddins\src\DDNCadAddins\DDNCadAddins\Services\BlockDataService.cs(57,41): warning CA1305: “double.ToString(string)”的行为可能因当前用户的区域设置而异。请将“BlockDataService.ExtractBlockData(IEnumerable<ObjectId>, Transaction)”中的此调用替换为对“double.ToString(string, IFormatProvider)”的调用。 (https://docs.microsoft.com/dotnet/fundamentals/code-analysis/quality-rules/ca1305) [D:\leaveblackgithub\DDNCadAddins\src\DDNCadAddins\DDNCadAddins\DDNCadAddins.csproj]
D:\leaveblackgithub\DDNCadAddins\src\DDNCadAddins\DDNCadAddins\Services\AcadService.cs(141,20): warning SA1101: Prefix local calls with this (https://github.com/DotNetAnalyzers/StyleCopAnalyzers/blob/master/documentation/SA1101.md) [D:\leaveblackgithub\DDNCadAddins\src\DDNCadAddins\DDNCadAddins\DDNCadAddins.csproj]
D:\leaveblackgithub\DDNCadAddins\src\DDNCadAddins\DDNCadAddins\Services\BlockDataService.cs(82,13): warning CA1031: 请修改“ExtractBlockData”以捕获更具体的允许异常类型，或者重新抛出该异常 (https://docs.microsoft.com/dotnet/fundamentals/code-analysis/quality-rules/ca1031) [D:\leaveblackgithub\DDNCadAddins\src\DDNCadAddins\DDNCadAddins\DDNCadAddins.csproj]
D:\leaveblackgithub\DDNCadAddins\src\DDNCadAddins\DDNCadAddins\Services\TransactionService.cs(83,17): warning SA1503: Braces should not be omitted (https://github.com/DotNetAnalyzers/StyleCopAnalyzers/blob/master/documentation/SA1503.md) [D:\leaveblackgithub\DDNCadAddins\src\DDNCadAddins\DDNCadAddins\DDNCadAddins.csproj]
D:\leaveblackgithub\DDNCadAddins\src\DDNCadAddins\DDNCadAddins\Services\AcadService.cs(167,20): warning SA1101: Prefix local calls with this (https://github.com/DotNetAnalyzers/StyleCopAnalyzers/blob/master/documentation/SA1101.md) [D:\leaveblackgithub\DDNCadAddins\src\DDNCadAddins\DDNCadAddins\DDNCadAddins.csproj]
D:\leaveblackgithub\DDNCadAddins\src\DDNCadAddins\DDNCadAddins\Services\TransactionService.cs(68,17): warning SA1101: Prefix local calls with this (https://github.com/DotNetAnalyzers/StyleCopAnalyzers/blob/master/documentation/SA1101.md) [D:\leaveblackgithub\DDNCadAddins\src\DDNCadAddins\DDNCadAddins\DDNCadAddins.csproj]
D:\leaveblackgithub\DDNCadAddins\src\DDNCadAddins\DDNCadAddins\Services\AcadService.cs(157,20): warning SA1101: Prefix local calls with this (https://github.com/DotNetAnalyzers/StyleCopAnalyzers/blob/master/documentation/SA1101.md) [D:\leaveblackgithub\DDNCadAddins\src\DDNCadAddins\DDNCadAddins\DDNCadAddins.csproj]
D:\leaveblackgithub\DDNCadAddins\src\DDNCadAddins\DDNCadAddins\Services\AcadUserInterfaceService.cs(116,51): warning CA1305: “DateTime.ToString(string)”的行为可能因当前用户的区域设置而异。请将“AcadUserInterfaceService.GetCsvSavePath()”中的此调用替换为对“DateTime.ToString(string, IFormatProvider)”的调用。 (https://docs.microsoft.com/dotnet/fundamentals/code-analysis/quality-rules/ca1305) [D:\leaveblackgithub\DDNCadAddins\src\DDNCadAddins\DDNCadAddins\DDNCadAddins.csproj]
D:\leaveblackgithub\DDNCadAddins\src\DDNCadAddins\DDNCadAddins\Services\AcadService.cs(146,9): warning SA1124: Do not use regions (https://github.com/DotNetAnalyzers/StyleCopAnalyzers/blob/master/documentation/SA1124.md) [D:\leaveblackgithub\DDNCadAddins\src\DDNCadAddins\DDNCadAddins\DDNCadAddins.csproj]
D:\leaveblackgithub\DDNCadAddins\src\DDNCadAddins\DDNCadAddins\Services\TransactionService.cs(115,17): warning SA1101: Prefix local calls with this (https://github.com/DotNetAnalyzers/StyleCopAnalyzers/blob/master/documentation/SA1101.md) [D:\leaveblackgithub\DDNCadAddins\src\DDNCadAddins\DDNCadAddins\DDNCadAddins.csproj]
D:\leaveblackgithub\DDNCadAddins\src\DDNCadAddins\DDNCadAddins\Services\AcadService.cs(178,20): warning SA1101: Prefix local calls with this (https://github.com/DotNetAnalyzers/StyleCopAnalyzers/blob/master/documentation/SA1101.md) [D:\leaveblackgithub\DDNCadAddins\src\DDNCadAddins\DDNCadAddins\DDNCadAddins.csproj]
D:\leaveblackgithub\DDNCadAddins\src\DDNCadAddins\DDNCadAddins\Services\AcadService.cs(190,20): warning SA1101: Prefix local calls with this (https://github.com/DotNetAnalyzers/StyleCopAnalyzers/blob/master/documentation/SA1101.md) [D:\leaveblackgithub\DDNCadAddins\src\DDNCadAddins\DDNCadAddins\DDNCadAddins.csproj]
D:\leaveblackgithub\DDNCadAddins\src\DDNCadAddins\DDNCadAddins\Commands\XClipTest\XClipTestCreator.cs(75,18): warning CA1062: 在外部可见方法“void XClipTestCreator.CreateLayerIfNotExists(Transaction tr, LayerTable lt, string layerName, int colorIndex)”中，先验证参数“lt”为非 null，然后再使用。如果适用，在参数为 null 时引发 ArgumentNullException，或添加断言非 null 参数的代码协定前提条件。 (https://docs.microsoft.com/dotnet/fundamentals/code-analysis/quality-rules/ca1062) [D:\leaveblackgithub\DDNCadAddins\src\DDNCadAddins\DDNCadAddins\DDNCadAddins.csproj]
D:\leaveblackgithub\DDNCadAddins\src\DDNCadAddins\DDNCadAddins\Commands\XClipTest\XClipTestCreator.cs(83,17): warning CA1062: 在外部可见方法“void XClipTestCreator.CreateLayerIfNotExists(Transaction tr, LayerTable lt, string layerName, int colorIndex)”中，先验证参数“tr”为非 null，然后再使用。如果适用，在参数为 null 时引发 ArgumentNullException，或添加断言非 null 参数的代码协定前提条件。 (https://docs.microsoft.com/dotnet/fundamentals/code-analysis/quality-rules/ca1062) [D:\leaveblackgithub\DDNCadAddins\src\DDNCadAddins\DDNCadAddins\DDNCadAddins.csproj]
D:\leaveblackgithub\DDNCadAddins\src\DDNCadAddins\DDNCadAddins\Commands\XClipTest\XClipTestCreator.cs(97,27): warning SA1101: Prefix local calls with this (https://github.com/DotNetAnalyzers/StyleCopAnalyzers/blob/master/documentation/SA1101.md) [D:\leaveblackgithub\DDNCadAddins\src\DDNCadAddins\DDNCadAddins\DDNCadAddins.csproj]
D:\leaveblackgithub\DDNCadAddins\src\DDNCadAddins\DDNCadAddins\Services\AcadService.cs(200,20): warning SA1101: Prefix local calls with this (https://github.com/DotNetAnalyzers/StyleCopAnalyzers/blob/master/documentation/SA1101.md) [D:\leaveblackgithub\DDNCadAddins\src\DDNCadAddins\DDNCadAddins\DDNCadAddins.csproj]
D:\leaveblackgithub\DDNCadAddins\src\DDNCadAddins\DDNCadAddins\Commands\XClipTest\XClipTestValidator.cs(230,25): warning SA1503: Braces should not be omitted (https://github.com/DotNetAnalyzers/StyleCopAnalyzers/blob/master/documentation/SA1503.md) [D:\leaveblackgithub\DDNCadAddins\src\DDNCadAddins\DDNCadAddins\DDNCadAddins.csproj]
D:\leaveblackgithub\DDNCadAddins\src\DDNCadAddins\DDNCadAddins\DDNCadAppLoader.cs(114,25): warning SA1413: Use trailing comma in multi-line initializers (https://github.com/DotNetAnalyzers/StyleCopAnalyzers/blob/master/documentation/SA1413.md) [D:\leaveblackgithub\DDNCadAddins\src\DDNCadAddins\DDNCadAddins\DDNCadAddins.csproj]
D:\leaveblackgithub\DDNCadAddins\src\DDNCadAddins\DDNCadAddins\Services\AcadUserInterfaceService.cs(154,17): warning SA1503: Braces should not be omitted (https://github.com/DotNetAnalyzers/StyleCopAnalyzers/blob/master/documentation/SA1503.md) [D:\leaveblackgithub\DDNCadAddins\src\DDNCadAddins\DDNCadAddins\DDNCadAddins.csproj]
D:\leaveblackgithub\DDNCadAddins\src\DDNCadAddins\DDNCadAddins\Services\TransactionService.cs(59,13): warning CA1031: 请修改“ExecuteInTransaction”以捕获更具体的允许异常类型，或者重新抛出该异常 (https://docs.microsoft.com/dotnet/fundamentals/code-analysis/quality-rules/ca1031) [D:\leaveblackgithub\DDNCadAddins\src\DDNCadAddins\DDNCadAddins\DDNCadAddins.csproj]
D:\leaveblackgithub\DDNCadAddins\src\DDNCadAddins\DDNCadAddins\Services\TransactionService.cs(106,13): warning CA1031: 请修改“ExecuteInTransaction”以捕获更具体的允许异常类型，或者重新抛出该异常 (https://docs.microsoft.com/dotnet/fundamentals/code-analysis/quality-rules/ca1031) [D:\leaveblackgithub\DDNCadAddins\src\DDNCadAddins\DDNCadAddins\DDNCadAddins.csproj]
D:\leaveblackgithub\DDNCadAddins\src\DDNCadAddins\DDNCadAddins\DDNCadAppLoader.cs(109,42): warning SA1101: Prefix local calls with this (https://github.com/DotNetAnalyzers/StyleCopAnalyzers/blob/master/documentation/SA1101.md) [D:\leaveblackgithub\DDNCadAddins\src\DDNCadAddins\DDNCadAddins\DDNCadAddins.csproj]
D:\leaveblackgithub\DDNCadAddins\src\DDNCadAddins\DDNCadAddins\Commands\TestRunner.cs(244,21): warning SA1101: Prefix local calls with this (https://github.com/DotNetAnalyzers/StyleCopAnalyzers/blob/master/documentation/SA1101.md) [D:\leaveblackgithub\DDNCadAddins\src\DDNCadAddins\DDNCadAddins\DDNCadAddins.csproj]
D:\leaveblackgithub\DDNCadAddins\src\DDNCadAddins\DDNCadAddins\Services\AcadUserInterfaceService.cs(152,25): warning SA1101: Prefix local calls with this (https://github.com/DotNetAnalyzers/StyleCopAnalyzers/blob/master/documentation/SA1101.md) [D:\leaveblackgithub\DDNCadAddins\src\DDNCadAddins\DDNCadAddins\DDNCadAddins.csproj]
D:\leaveblackgithub\DDNCadAddins\src\DDNCadAddins\DDNCadAddins\Commands\XClipTest\XClipTestCreator.cs(77,40): warning CA2000: 在对 System.IDisposable.Dispose 的所有引用超出范围之前，在“new LayerTableRecord()”创建的对象上对其进行调用 (https://docs.microsoft.com/dotnet/fundamentals/code-analysis/quality-rules/ca2000) [D:\leaveblackgithub\DDNCadAddins\src\DDNCadAddins\DDNCadAddins\DDNCadAddins.csproj]
D:\leaveblackgithub\DDNCadAddins\src\DDNCadAddins\DDNCadAddins\Services\AcadService.cs(212,20): warning SA1101: Prefix local calls with this (https://github.com/DotNetAnalyzers/StyleCopAnalyzers/blob/master/documentation/SA1101.md) [D:\leaveblackgithub\DDNCadAddins\src\DDNCadAddins\DDNCadAddins\DDNCadAddins.csproj]
D:\leaveblackgithub\DDNCadAddins\src\DDNCadAddins\DDNCadAddins\Commands\XClipTest\XClipTestCreator.cs(73,21): warning CA1822: 成员“CreateLayerIfNotExists”不访问实例数据，可标记为 static (https://docs.microsoft.com/dotnet/fundamentals/code-analysis/quality-rules/ca1822) [D:\leaveblackgithub\DDNCadAddins\src\DDNCadAddins\DDNCadAddins\DDNCadAddins.csproj]
D:\leaveblackgithub\DDNCadAddins\src\DDNCadAddins\DDNCadAddins\Services\AcadService.cs(224,20): warning SA1101: Prefix local calls with this (https://github.com/DotNetAnalyzers/StyleCopAnalyzers/blob/master/documentation/SA1101.md) [D:\leaveblackgithub\DDNCadAddins\src\DDNCadAddins\DDNCadAddins\DDNCadAddins.csproj]
D:\leaveblackgithub\DDNCadAddins\src\DDNCadAddins\DDNCadAddins\Commands\XClipTest\XClipTestValidator.cs(169,30): warning SA1101: Prefix local calls with this (https://github.com/DotNetAnalyzers/StyleCopAnalyzers/blob/master/documentation/SA1101.md) [D:\leaveblackgithub\DDNCadAddins\src\DDNCadAddins\DDNCadAddins\DDNCadAddins.csproj]
D:\leaveblackgithub\DDNCadAddins\src\DDNCadAddins\DDNCadAddins\Commands\XClipTest\XClipTestValidator.cs(215,44): warning SA1101: Prefix local calls with this (https://github.com/DotNetAnalyzers/StyleCopAnalyzers/blob/master/documentation/SA1101.md) [D:\leaveblackgithub\DDNCadAddins\src\DDNCadAddins\DDNCadAddins\DDNCadAddins.csproj]
D:\leaveblackgithub\DDNCadAddins\src\DDNCadAddins\DDNCadAddins\Commands\XClipTest\XClipTestValidator.cs(218,41): warning SA1101: Prefix local calls with this (https://github.com/DotNetAnalyzers/StyleCopAnalyzers/blob/master/documentation/SA1101.md) [D:\leaveblackgithub\DDNCadAddins\src\DDNCadAddins\DDNCadAddins\DDNCadAddins.csproj]
D:\leaveblackgithub\DDNCadAddins\src\DDNCadAddins\DDNCadAddins\Commands\XClipTest\XClipTestValidator.cs(221,44): warning SA1101: Prefix local calls with this (https://github.com/DotNetAnalyzers/StyleCopAnalyzers/blob/master/documentation/SA1101.md) [D:\leaveblackgithub\DDNCadAddins\src\DDNCadAddins\DDNCadAddins\DDNCadAddins.csproj]
D:\leaveblackgithub\DDNCadAddins\src\DDNCadAddins\DDNCadAddins\Commands\XClipTest\XClipTestValidator.cs(224,39): warning SA1101: Prefix local calls with this (https://github.com/DotNetAnalyzers/StyleCopAnalyzers/blob/master/documentation/SA1101.md) [D:\leaveblackgithub\DDNCadAddins\src\DDNCadAddins\DDNCadAddins\DDNCadAddins.csproj]
D:\leaveblackgithub\DDNCadAddins\src\DDNCadAddins\DDNCadAddins\DDNCadAppLoader.cs(118,13): warning CA1031: 请修改“GetAllCommands”以捕获更具体的允许异常类型，或者重新抛出该异常 (https://docs.microsoft.com/dotnet/fundamentals/code-analysis/quality-rules/ca1031) [D:\leaveblackgithub\DDNCadAddins\src\DDNCadAddins\DDNCadAddins\DDNCadAddins.csproj]
D:\leaveblackgithub\DDNCadAddins\src\DDNCadAddins\DDNCadAddins\Services\XClipBlockService.Operation.cs(24,1): warning SA1028: Code should not contain trailing whitespace (https://github.com/DotNetAnalyzers/StyleCopAnalyzers/blob/master/documentation/SA1028.md) [D:\leaveblackgithub\DDNCadAddins\src\DDNCadAddins\DDNCadAddins\DDNCadAddins.csproj]
D:\leaveblackgithub\DDNCadAddins\src\DDNCadAddins\DDNCadAddins\Services\XClipBlockService.Operation.cs(30,1): warning SA1028: Code should not contain trailing whitespace (https://github.com/DotNetAnalyzers/StyleCopAnalyzers/blob/master/documentation/SA1028.md) [D:\leaveblackgithub\DDNCadAddins\src\DDNCadAddins\DDNCadAddins\DDNCadAddins.csproj]
D:\leaveblackgithub\DDNCadAddins\src\DDNCadAddins\DDNCadAddins\Services\XClipBlockService.Operation.cs(35,1): warning SA1028: Code should not contain trailing whitespace (https://github.com/DotNetAnalyzers/StyleCopAnalyzers/blob/master/documentation/SA1028.md) [D:\leaveblackgithub\DDNCadAddins\src\DDNCadAddins\DDNCadAddins\DDNCadAddins.csproj]
D:\leaveblackgithub\DDNCadAddins\src\DDNCadAddins\DDNCadAddins\Services\XClipBlockService.Operation.cs(40,1): warning SA1028: Code should not contain trailing whitespace (https://github.com/DotNetAnalyzers/StyleCopAnalyzers/blob/master/documentation/SA1028.md) [D:\leaveblackgithub\DDNCadAddins\src\DDNCadAddins\DDNCadAddins\DDNCadAddins.csproj]
D:\leaveblackgithub\DDNCadAddins\src\DDNCadAddins\DDNCadAddins\Services\XClipBlockService.Operation.cs(58,1): warning SA1028: Code should not contain trailing whitespace (https://github.com/DotNetAnalyzers/StyleCopAnalyzers/blob/master/documentation/SA1028.md) [D:\leaveblackgithub\DDNCadAddins\src\DDNCadAddins\DDNCadAddins\DDNCadAddins.csproj]
D:\leaveblackgithub\DDNCadAddins\src\DDNCadAddins\DDNCadAddins\Services\XClipBlockService.Operation.cs(61,1): warning SA1028: Code should not contain trailing whitespace (https://github.com/DotNetAnalyzers/StyleCopAnalyzers/blob/master/documentation/SA1028.md) [D:\leaveblackgithub\DDNCadAddins\src\DDNCadAddins\DDNCadAddins\DDNCadAddins.csproj]
D:\leaveblackgithub\DDNCadAddins\src\DDNCadAddins\DDNCadAddins\Services\XClipBlockService.Operation.cs(70,1): warning SA1028: Code should not contain trailing whitespace (https://github.com/DotNetAnalyzers/StyleCopAnalyzers/blob/master/documentation/SA1028.md) [D:\leaveblackgithub\DDNCadAddins\src\DDNCadAddins\DDNCadAddins\DDNCadAddins.csproj]
D:\leaveblackgithub\DDNCadAddins\src\DDNCadAddins\DDNCadAddins\Services\XClipBlockService.Operation.cs(83,1): warning SA1028: Code should not contain trailing whitespace (https://github.com/DotNetAnalyzers/StyleCopAnalyzers/blob/master/documentation/SA1028.md) [D:\leaveblackgithub\DDNCadAddins\src\DDNCadAddins\DDNCadAddins\DDNCadAddins.csproj]
D:\leaveblackgithub\DDNCadAddins\src\DDNCadAddins\DDNCadAddins\Services\XClipBlockService.Operation.cs(86,1): warning SA1028: Code should not contain trailing whitespace (https://github.com/DotNetAnalyzers/StyleCopAnalyzers/blob/master/documentation/SA1028.md) [D:\leaveblackgithub\DDNCadAddins\src\DDNCadAddins\DDNCadAddins\DDNCadAddins.csproj]
D:\leaveblackgithub\DDNCadAddins\src\DDNCadAddins\DDNCadAddins\Services\XClipBlockService.Operation.cs(96,1): warning SA1028: Code should not contain trailing whitespace (https://github.com/DotNetAnalyzers/StyleCopAnalyzers/blob/master/documentation/SA1028.md) [D:\leaveblackgithub\DDNCadAddins\src\DDNCadAddins\DDNCadAddins\DDNCadAddins.csproj]
D:\leaveblackgithub\DDNCadAddins\src\DDNCadAddins\DDNCadAddins\Services\XClipBlockService.Operation.cs(102,1): warning SA1028: Code should not contain trailing whitespace (https://github.com/DotNetAnalyzers/StyleCopAnalyzers/blob/master/documentation/SA1028.md) [D:\leaveblackgithub\DDNCadAddins\src\DDNCadAddins\DDNCadAddins\DDNCadAddins.csproj]
D:\leaveblackgithub\DDNCadAddins\src\DDNCadAddins\DDNCadAddins\Services\XClipBlockService.Operation.cs(107,1): warning SA1028: Code should not contain trailing whitespace (https://github.com/DotNetAnalyzers/StyleCopAnalyzers/blob/master/documentation/SA1028.md) [D:\leaveblackgithub\DDNCadAddins\src\DDNCadAddins\DDNCadAddins\DDNCadAddins.csproj]
D:\leaveblackgithub\DDNCadAddins\src\DDNCadAddins\DDNCadAddins\Services\XClipBlockService.Operation.cs(112,1): warning SA1028: Code should not contain trailing whitespace (https://github.com/DotNetAnalyzers/StyleCopAnalyzers/blob/master/documentation/SA1028.md) [D:\leaveblackgithub\DDNCadAddins\src\DDNCadAddins\DDNCadAddins\DDNCadAddins.csproj]
D:\leaveblackgithub\DDNCadAddins\src\DDNCadAddins\DDNCadAddins\Services\XClipBlockService.Operation.cs(123,1): warning SA1028: Code should not contain trailing whitespace (https://github.com/DotNetAnalyzers/StyleCopAnalyzers/blob/master/documentation/SA1028.md) [D:\leaveblackgithub\DDNCadAddins\src\DDNCadAddins\DDNCadAddins\DDNCadAddins.csproj]
D:\leaveblackgithub\DDNCadAddins\src\DDNCadAddins\DDNCadAddins\Services\XClipBlockService.Operation.cs(137,1): warning SA1028: Code should not contain trailing whitespace (https://github.com/DotNetAnalyzers/StyleCopAnalyzers/blob/master/documentation/SA1028.md) [D:\leaveblackgithub\DDNCadAddins\src\DDNCadAddins\DDNCadAddins\DDNCadAddins.csproj]
D:\leaveblackgithub\DDNCadAddins\src\DDNCadAddins\DDNCadAddins\Services\XClipBlockService.Operation.cs(140,1): warning SA1028: Code should not contain trailing whitespace (https://github.com/DotNetAnalyzers/StyleCopAnalyzers/blob/master/documentation/SA1028.md) [D:\leaveblackgithub\DDNCadAddins\src\DDNCadAddins\DDNCadAddins\DDNCadAddins.csproj]
D:\leaveblackgithub\DDNCadAddins\src\DDNCadAddins\DDNCadAddins\Services\XClipBlockService.Operation.cs(149,1): warning SA1028: Code should not contain trailing whitespace (https://github.com/DotNetAnalyzers/StyleCopAnalyzers/blob/master/documentation/SA1028.md) [D:\leaveblackgithub\DDNCadAddins\src\DDNCadAddins\DDNCadAddins\DDNCadAddins.csproj]
D:\leaveblackgithub\DDNCadAddins\src\DDNCadAddins\DDNCadAddins\Services\XClipBlockService.Operation.cs(162,1): warning SA1028: Code should not contain trailing whitespace (https://github.com/DotNetAnalyzers/StyleCopAnalyzers/blob/master/documentation/SA1028.md) [D:\leaveblackgithub\DDNCadAddins\src\DDNCadAddins\DDNCadAddins\DDNCadAddins.csproj]
D:\leaveblackgithub\DDNCadAddins\src\DDNCadAddins\DDNCadAddins\Services\XClipBlockService.Operation.cs(165,1): warning SA1028: Code should not contain trailing whitespace (https://github.com/DotNetAnalyzers/StyleCopAnalyzers/blob/master/documentation/SA1028.md) [D:\leaveblackgithub\DDNCadAddins\src\DDNCadAddins\DDNCadAddins\DDNCadAddins.csproj]
D:\leaveblackgithub\DDNCadAddins\src\DDNCadAddins\DDNCadAddins\Services\XClipBlockService.Operation.cs(180,1): warning SA1028: Code should not contain trailing whitespace (https://github.com/DotNetAnalyzers/StyleCopAnalyzers/blob/master/documentation/SA1028.md) [D:\leaveblackgithub\DDNCadAddins\src\DDNCadAddins\DDNCadAddins\DDNCadAddins.csproj]
D:\leaveblackgithub\DDNCadAddins\src\DDNCadAddins\DDNCadAddins\Services\XClipBlockService.Operation.cs(190,1): warning SA1028: Code should not contain trailing whitespace (https://github.com/DotNetAnalyzers/StyleCopAnalyzers/blob/master/documentation/SA1028.md) [D:\leaveblackgithub\DDNCadAddins\src\DDNCadAddins\DDNCadAddins\DDNCadAddins.csproj]
D:\leaveblackgithub\DDNCadAddins\src\DDNCadAddins\DDNCadAddins\Services\XClipBlockService.Operation.cs(212,1): warning SA1028: Code should not contain trailing whitespace (https://github.com/DotNetAnalyzers/StyleCopAnalyzers/blob/master/documentation/SA1028.md) [D:\leaveblackgithub\DDNCadAddins\src\DDNCadAddins\DDNCadAddins\DDNCadAddins.csproj]
D:\leaveblackgithub\DDNCadAddins\src\DDNCadAddins\DDNCadAddins\Services\XClipBlockService.Operation.cs(236,2): warning SA1028: Code should not contain trailing whitespace (https://github.com/DotNetAnalyzers/StyleCopAnalyzers/blob/master/documentation/SA1028.md) [D:\leaveblackgithub\DDNCadAddins\src\DDNCadAddins\DDNCadAddins\DDNCadAddins.csproj]
D:\leaveblackgithub\DDNCadAddins\src\DDNCadAddins\DDNCadAddins\Services\XClipBlockService.cs(1,1): warning SA1633: The file header is missing or not located at the top of the file. (https://github.com/DotNetAnalyzers/StyleCopAnalyzers/blob/master/documentation/SA1633.md) [D:\leaveblackgithub\DDNCadAddins\src\DDNCadAddins\DDNCadAddins\DDNCadAddins.csproj]
D:\leaveblackgithub\DDNCadAddins\src\DDNCadAddins\DDNCadAddins\Commands\XClipTest\XClipTestValidator.cs(93,41): warning CA1062: 在外部可见方法“Dictionary<ObjectId, BlockState> XClipTestValidator.CaptureBlockStates(Database db, List<ObjectId> blockIds)”中，先验证参数“blockIds”为非 null，然后再使用。如果适用，在参数为 null 时引发 ArgumentNullException，或添加断言非 null 参数的代码协定前提条件。 (https://docs.microsoft.com/dotnet/fundamentals/code-analysis/quality-rules/ca1062) [D:\leaveblackgithub\DDNCadAddins\src\DDNCadAddins\DDNCadAddins\DDNCadAddins.csproj]
D:\leaveblackgithub\DDNCadAddins\src\DDNCadAddins\DDNCadAddins\Commands\XClipTest\XClipTestValidator.cs(91,37): warning CA1062: 在外部可见方法“Dictionary<ObjectId, BlockState> XClipTestValidator.CaptureBlockStates(Database db, List<ObjectId> blockIds)”中，先验证参数“db”为非 null，然后再使用。如果适用，在参数为 null 时引发 ArgumentNullException，或添加断言非 null 参数的代码协定前提条件。 (https://docs.microsoft.com/dotnet/fundamentals/code-analysis/quality-rules/ca1062) [D:\leaveblackgithub\DDNCadAddins\src\DDNCadAddins\DDNCadAddins\DDNCadAddins.csproj]
D:\leaveblackgithub\DDNCadAddins\src\DDNCadAddins\DDNCadAddins\Services\XClipBlockService.cs(19,2): warning SA1028: Code should not contain trailing whitespace (https://github.com/DotNetAnalyzers/StyleCopAnalyzers/blob/master/documentation/SA1028.md) [D:\leaveblackgithub\DDNCadAddins\src\DDNCadAddins\DDNCadAddins\DDNCadAddins.csproj]
D:\leaveblackgithub\DDNCadAddins\src\DDNCadAddins\DDNCadAddins\Properties\AssemblyInfo.cs(1,1): warning SA1633: The file header is missing or not located at the top of the file. (https://github.com/DotNetAnalyzers/StyleCopAnalyzers/blob/master/documentation/SA1633.md) [D:\leaveblackgithub\DDNCadAddins\src\DDNCadAddins\DDNCadAddins\DDNCadAddins.csproj]
D:\leaveblackgithub\DDNCadAddins\src\DDNCadAddins\DDNCadAddins\Properties\AssemblyInfo.cs(35,45): warning SA1518: Code should not contain blank lines at the end of the file (https://github.com/DotNetAnalyzers/StyleCopAnalyzers/blob/master/documentation/SA1518.md) [D:\leaveblackgithub\DDNCadAddins\src\DDNCadAddins\DDNCadAddins\DDNCadAddins.csproj]
D:\leaveblackgithub\DDNCadAddins\src\DDNCadAddins\DDNCadAddins\Services\AcadUserInterfaceService.cs(175,17): warning SA1503: Braces should not be omitted (https://github.com/DotNetAnalyzers/StyleCopAnalyzers/blob/master/documentation/SA1503.md) [D:\leaveblackgithub\DDNCadAddins\src\DDNCadAddins\DDNCadAddins\DDNCadAddins.csproj]
D:\leaveblackgithub\DDNCadAddins\src\DDNCadAddins\DDNCadAddins\Services\AcadViewService.cs(80,17): warning SA1503: Braces should not be omitted (https://github.com/DotNetAnalyzers/StyleCopAnalyzers/blob/master/documentation/SA1503.md) [D:\leaveblackgithub\DDNCadAddins\src\DDNCadAddins\DDNCadAddins\DDNCadAddins.csproj]
D:\leaveblackgithub\DDNCadAddins\src\DDNCadAddins\DDNCadAddins\Properties\AssemblyInfo.cs(24,29): warning SA1028: Code should not contain trailing whitespace (https://github.com/DotNetAnalyzers/StyleCopAnalyzers/blob/master/documentation/SA1028.md) [D:\leaveblackgithub\DDNCadAddins\src\DDNCadAddins\DDNCadAddins\DDNCadAddins.csproj]
D:\leaveblackgithub\DDNCadAddins\src\DDNCadAddins\DDNCadAddins\Services\AcadUserInterfaceService.cs(173,25): warning SA1101: Prefix local calls with this (https://github.com/DotNetAnalyzers/StyleCopAnalyzers/blob/master/documentation/SA1101.md) [D:\leaveblackgithub\DDNCadAddins\src\DDNCadAddins\DDNCadAddins\DDNCadAddins.csproj]
D:\leaveblackgithub\DDNCadAddins\src\DDNCadAddins\DDNCadAddins\Services\TransactionService.cs(93,25): warning CA1062: 在外部可见方法“OperationResult TransactionService.ExecuteInTransaction(Database database, Action<Transaction> action, string errorMessagePrefix)”中，先验证参数“action”为非 null，然后再使用。如果适用，在参数为 null 时引发 ArgumentNullException，或添加断言非 null 参数的代码协定前提条件。 (https://docs.microsoft.com/dotnet/fundamentals/code-analysis/quality-rules/ca1062) [D:\leaveblackgithub\DDNCadAddins\src\DDNCadAddins\DDNCadAddins\DDNCadAddins.csproj]
D:\leaveblackgithub\DDNCadAddins\src\DDNCadAddins\DDNCadAddins\Services\AcadViewService.cs(91,21): warning SA1101: Prefix local calls with this (https://github.com/DotNetAnalyzers/StyleCopAnalyzers/blob/master/documentation/SA1101.md) [D:\leaveblackgithub\DDNCadAddins\src\DDNCadAddins\DDNCadAddins\DDNCadAddins.csproj]
D:\leaveblackgithub\DDNCadAddins\src\DDNCadAddins\DDNCadAddins\Services\TransactionService.cs(46,36): warning CA1062: 在外部可见方法“OperationResult<T> TransactionService.ExecuteInTransaction<T>(Database database, Func<Transaction, T> action, string errorMessagePrefix)”中，先验证参数“action”为非 null，然后再使用。如果适用，在参数为 null 时引发 ArgumentNullException，或添加断言非 null 参数的代码协定前提条件。 (https://docs.microsoft.com/dotnet/fundamentals/code-analysis/quality-rules/ca1062) [D:\leaveblackgithub\DDNCadAddins\src\DDNCadAddins\DDNCadAddins\DDNCadAddins.csproj]
D:\leaveblackgithub\DDNCadAddins\src\DDNCadAddins\DDNCadAddins\Services\AcadViewService.cs(92,21): warning SA1101: Prefix local calls with this (https://github.com/DotNetAnalyzers/StyleCopAnalyzers/blob/master/documentation/SA1101.md) [D:\leaveblackgithub\DDNCadAddins\src\DDNCadAddins\DDNCadAddins\DDNCadAddins.csproj]
D:\leaveblackgithub\DDNCadAddins\src\DDNCadAddins\DDNCadAddins\Services\AcadViewService.cs(96,21): warning SA1101: Prefix local calls with this (https://github.com/DotNetAnalyzers/StyleCopAnalyzers/blob/master/documentation/SA1101.md) [D:\leaveblackgithub\DDNCadAddins\src\DDNCadAddins\DDNCadAddins\DDNCadAddins.csproj]
D:\leaveblackgithub\DDNCadAddins\src\DDNCadAddins\DDNCadAddins\Services\AcadUserInterfaceService.cs(211,13): warning SA1101: Prefix local calls with this (https://github.com/DotNetAnalyzers/StyleCopAnalyzers/blob/master/documentation/SA1101.md) [D:\leaveblackgithub\DDNCadAddins\src\DDNCadAddins\DDNCadAddins\DDNCadAddins.csproj]
D:\leaveblackgithub\DDNCadAddins\src\DDNCadAddins\DDNCadAddins\Services\AcadUserInterfaceService.cs(197,17): warning SA1101: Prefix local calls with this (https://github.com/DotNetAnalyzers/StyleCopAnalyzers/blob/master/documentation/SA1101.md) [D:\leaveblackgithub\DDNCadAddins\src\DDNCadAddins\DDNCadAddins\DDNCadAddins.csproj]
D:\leaveblackgithub\DDNCadAddins\src\DDNCadAddins\DDNCadAddins\Services\AcadUserInterfaceService.cs(201,17): warning SA1101: Prefix local calls with this (https://github.com/DotNetAnalyzers/StyleCopAnalyzers/blob/master/documentation/SA1101.md) [D:\leaveblackgithub\DDNCadAddins\src\DDNCadAddins\DDNCadAddins\DDNCadAddins.csproj]
D:\leaveblackgithub\DDNCadAddins\src\DDNCadAddins\DDNCadAddins\DDNCadAppLoader.cs(156,17): warning SA1503: Braces should not be omitted (https://github.com/DotNetAnalyzers/StyleCopAnalyzers/blob/master/documentation/SA1503.md) [D:\leaveblackgithub\DDNCadAddins\src\DDNCadAddins\DDNCadAddins\DDNCadAddins.csproj]
D:\leaveblackgithub\DDNCadAddins\src\DDNCadAddins\DDNCadAddins\DDNCadAppLoader.cs(160,17): warning SA1503: Braces should not be omitted (https://github.com/DotNetAnalyzers/StyleCopAnalyzers/blob/master/documentation/SA1503.md) [D:\leaveblackgithub\DDNCadAddins\src\DDNCadAddins\DDNCadAddins\DDNCadAddins.csproj]
D:\leaveblackgithub\DDNCadAddins\src\DDNCadAddins\DDNCadAddins\DDNCadAppLoader.cs(151,17): warning SA1413: Use trailing comma in multi-line initializers (https://github.com/DotNetAnalyzers/StyleCopAnalyzers/blob/master/documentation/SA1413.md) [D:\leaveblackgithub\DDNCadAddins\src\DDNCadAddins\DDNCadAddins\DDNCadAddins.csproj]
D:\leaveblackgithub\DDNCadAddins\src\DDNCadAddins\DDNCadAddins\Commands\XClipTest\XClipTestValidator.cs(268,42): warning SA1101: Prefix local calls with this (https://github.com/DotNetAnalyzers/StyleCopAnalyzers/blob/master/documentation/SA1101.md) [D:\leaveblackgithub\DDNCadAddins\src\DDNCadAddins\DDNCadAddins\DDNCadAddins.csproj]
D:\leaveblackgithub\DDNCadAddins\src\DDNCadAddins\DDNCadAddins\Commands\XClipTest\XClipTestCreator.cs(94,37): warning CA1062: 在外部可见方法“ObjectId XClipTestCreator.CreateSimpleBlock(Database db, string blockName, string layerName)”中，先验证参数“db”为非 null，然后再使用。如果适用，在参数为 null 时引发 ArgumentNullException，或添加断言非 null 参数的代码协定前提条件。 (https://docs.microsoft.com/dotnet/fundamentals/code-analysis/quality-rules/ca1062) [D:\leaveblackgithub\DDNCadAddins\src\DDNCadAddins\DDNCadAddins\DDNCadAddins.csproj]
D:\leaveblackgithub\DDNCadAddins\src\DDNCadAddins\DDNCadAddins\Commands\XClipTest\XClipTestValidator.cs(272,39): warning SA1101: Prefix local calls with this (https://github.com/DotNetAnalyzers/StyleCopAnalyzers/blob/master/documentation/SA1101.md) [D:\leaveblackgithub\DDNCadAddins\src\DDNCadAddins\DDNCadAddins\DDNCadAddins.csproj]
D:\leaveblackgithub\DDNCadAddins\src\DDNCadAddins\DDNCadAddins\Services\BlockReferenceService.cs(112,17): warning SA1503: Braces should not be omitted (https://github.com/DotNetAnalyzers/StyleCopAnalyzers/blob/master/documentation/SA1503.md) [D:\leaveblackgithub\DDNCadAddins\src\DDNCadAddins\DDNCadAddins\DDNCadAddins.csproj]
D:\leaveblackgithub\DDNCadAddins\src\DDNCadAddins\DDNCadAddins\Commands\XClipTest\XClipTestValidator.cs(277,13): warning CA1031: 请修改“IsPositionCorrect”以捕获更具体的允许异常类型，或者重新抛出该异常 (https://docs.microsoft.com/dotnet/fundamentals/code-analysis/quality-rules/ca1031) [D:\leaveblackgithub\DDNCadAddins\src\DDNCadAddins\DDNCadAddins\DDNCadAddins.csproj]
D:\leaveblackgithub\DDNCadAddins\src\DDNCadAddins\DDNCadAddins\Services\XClipBlockService.Core.cs(61,151): warning SA1500: Braces for multi-line statements should not share line (https://github.com/DotNetAnalyzers/StyleCopAnalyzers/blob/master/documentation/SA1500.md) [D:\leaveblackgithub\DDNCadAddins\src\DDNCadAddins\DDNCadAddins\DDNCadAddins.csproj]
D:\leaveblackgithub\DDNCadAddins\src\DDNCadAddins\DDNCadAddins\Services\XClipBlockService.Core.cs(53,17): warning SA1503: Braces should not be omitted (https://github.com/DotNetAnalyzers/StyleCopAnalyzers/blob/master/documentation/SA1503.md) [D:\leaveblackgithub\DDNCadAddins\src\DDNCadAddins\DDNCadAddins\DDNCadAddins.csproj]
D:\leaveblackgithub\DDNCadAddins\src\DDNCadAddins\DDNCadAddins\Services\XClipBlockService.Core.cs(56,17): warning SA1503: Braces should not be omitted (https://github.com/DotNetAnalyzers/StyleCopAnalyzers/blob/master/documentation/SA1503.md) [D:\leaveblackgithub\DDNCadAddins\src\DDNCadAddins\DDNCadAddins\DDNCadAddins.csproj]
D:\leaveblackgithub\DDNCadAddins\src\DDNCadAddins\DDNCadAddins\Services\XClipBlockService.Core.cs(61,37): warning SA1101: Prefix local calls with this (https://github.com/DotNetAnalyzers/StyleCopAnalyzers/blob/master/documentation/SA1101.md) [D:\leaveblackgithub\DDNCadAddins\src\DDNCadAddins\DDNCadAddins\DDNCadAddins.csproj]
D:\leaveblackgithub\DDNCadAddins\src\DDNCadAddins\DDNCadAddins\Services\BlockReferenceService.cs(168,17): warning SA1503: Braces should not be omitted (https://github.com/DotNetAnalyzers/StyleCopAnalyzers/blob/master/documentation/SA1503.md) [D:\leaveblackgithub\DDNCadAddins\src\DDNCadAddins\DDNCadAddins\DDNCadAddins.csproj]
D:\leaveblackgithub\DDNCadAddins\src\DDNCadAddins\DDNCadAddins\Services\BlockReferenceService.cs(175,21): warning SA1503: Braces should not be omitted (https://github.com/DotNetAnalyzers/StyleCopAnalyzers/blob/master/documentation/SA1503.md) [D:\leaveblackgithub\DDNCadAddins\src\DDNCadAddins\DDNCadAddins\DDNCadAddins.csproj]
D:\leaveblackgithub\DDNCadAddins\src\DDNCadAddins\DDNCadAddins\Services\BlockReferenceService.cs(153,17): warning SA1101: Prefix local calls with this (https://github.com/DotNetAnalyzers/StyleCopAnalyzers/blob/master/documentation/SA1101.md) [D:\leaveblackgithub\DDNCadAddins\src\DDNCadAddins\DDNCadAddins\DDNCadAddins.csproj]
D:\leaveblackgithub\DDNCadAddins\src\DDNCadAddins\DDNCadAddins\Commands\XClipTest\XClipTestCreator.cs(111,42): warning CA1062: 在外部可见方法“ObjectId XClipTestCreator.CreateTestBlock(Transaction tr, Database db, string blockName, string layerName)”中，先验证参数“db”为非 null，然后再使用。如果适用，在参数为 null 时引发 ArgumentNullException，或添加断言非 null 参数的代码协定前提条件。 (https://docs.microsoft.com/dotnet/fundamentals/code-analysis/quality-rules/ca1062) [D:\leaveblackgithub\DDNCadAddins\src\DDNCadAddins\DDNCadAddins\DDNCadAddins.csproj]
D:\leaveblackgithub\DDNCadAddins\src\DDNCadAddins\DDNCadAddins\Services\XClipBlockService.Core.cs(65,42): warning SA1101: Prefix local calls with this (https://github.com/DotNetAnalyzers/StyleCopAnalyzers/blob/master/documentation/SA1101.md) [D:\leaveblackgithub\DDNCadAddins\src\DDNCadAddins\DDNCadAddins\DDNCadAddins.csproj]
D:\leaveblackgithub\DDNCadAddins\src\DDNCadAddins\DDNCadAddins\Commands\XClipTest\XClipTestCreator.cs(111,29): warning CA1062: 在外部可见方法“ObjectId XClipTestCreator.CreateTestBlock(Transaction tr, Database db, string blockName, string layerName)”中，先验证参数“tr”为非 null，然后再使用。如果适用，在参数为 null 时引发 ArgumentNullException，或添加断言非 null 参数的代码协定前提条件。 (https://docs.microsoft.com/dotnet/fundamentals/code-analysis/quality-rules/ca1062) [D:\leaveblackgithub\DDNCadAddins\src\DDNCadAddins\DDNCadAddins\DDNCadAddins.csproj]
D:\leaveblackgithub\DDNCadAddins\src\DDNCadAddins\DDNCadAddins\Services\XClipBlockService.Core.cs(75,21): warning SA1101: Prefix local calls with this (https://github.com/DotNetAnalyzers/StyleCopAnalyzers/blob/master/documentation/SA1101.md) [D:\leaveblackgithub\DDNCadAddins\src\DDNCadAddins\DDNCadAddins\DDNCadAddins.csproj]
D:\leaveblackgithub\DDNCadAddins\src\DDNCadAddins\DDNCadAddins\Infrastructure\FileLogger.cs(193,13): warning CA1031: 请修改“GetLatestLogFile”以捕获更具体的允许异常类型，或者重新抛出该异常 (https://docs.microsoft.com/dotnet/fundamentals/code-analysis/quality-rules/ca1031) [D:\leaveblackgithub\DDNCadAddins\src\DDNCadAddins\DDNCadAddins\DDNCadAddins.csproj]
D:\leaveblackgithub\DDNCadAddins\src\DDNCadAddins\DDNCadAddins\Services\BlockReferenceService.cs(178,24): warning SA1101: Prefix local calls with this (https://github.com/DotNetAnalyzers/StyleCopAnalyzers/blob/master/documentation/SA1101.md) [D:\leaveblackgithub\DDNCadAddins\src\DDNCadAddins\DDNCadAddins\DDNCadAddins.csproj]
D:\leaveblackgithub\DDNCadAddins\src\DDNCadAddins\DDNCadAddins\Commands\XClipTest\XClipTestValidator.cs(292,21): warning SA1503: Braces should not be omitted (https://github.com/DotNetAnalyzers/StyleCopAnalyzers/blob/master/documentation/SA1503.md) [D:\leaveblackgithub\DDNCadAddins\src\DDNCadAddins\DDNCadAddins\DDNCadAddins.csproj]
D:\leaveblackgithub\DDNCadAddins\src\DDNCadAddins\DDNCadAddins\Commands\XClipTest\XClipTestValidator.cs(296,21): warning SA1503: Braces should not be omitted (https://github.com/DotNetAnalyzers/StyleCopAnalyzers/blob/master/documentation/SA1503.md) [D:\leaveblackgithub\DDNCadAddins\src\DDNCadAddins\DDNCadAddins\DDNCadAddins.csproj]
D:\leaveblackgithub\DDNCadAddins\src\DDNCadAddins\DDNCadAddins\Services\BlockReferenceService.cs(182,17): warning SA1101: Prefix local calls with this (https://github.com/DotNetAnalyzers/StyleCopAnalyzers/blob/master/documentation/SA1101.md) [D:\leaveblackgithub\DDNCadAddins\src\DDNCadAddins\DDNCadAddins\DDNCadAddins.csproj]
D:\leaveblackgithub\DDNCadAddins\src\DDNCadAddins\DDNCadAddins\Services\XClipBlockService.Core.cs(87,16): warning SA1117: The parameters should all be placed on the same line or each parameter should be placed on its own line. (https://github.com/DotNetAnalyzers/StyleCopAnalyzers/blob/master/documentation/SA1117.md) [D:\leaveblackgithub\DDNCadAddins\src\DDNCadAddins\DDNCadAddins\DDNCadAddins.csproj]
D:\leaveblackgithub\DDNCadAddins\src\DDNCadAddins\DDNCadAddins\Services\BlockReferenceService.cs(180,13): warning CA1031: 请修改“CreateTestBlock”以捕获更具体的允许异常类型，或者重新抛出该异常 (https://docs.microsoft.com/dotnet/fundamentals/code-analysis/quality-rules/ca1031) [D:\leaveblackgithub\DDNCadAddins\src\DDNCadAddins\DDNCadAddins\DDNCadAddins.csproj]
D:\leaveblackgithub\DDNCadAddins\src\DDNCadAddins\DDNCadAddins\Commands\XClipTest\XClipTestCreator.cs(126,29): warning CA2000: 在对 System.IDisposable.Dispose 的所有引用超出范围之前，在“new Circle()”创建的对象上对其进行调用 (https://docs.microsoft.com/dotnet/fundamentals/code-analysis/quality-rules/ca2000) [D:\leaveblackgithub\DDNCadAddins\src\DDNCadAddins\DDNCadAddins\DDNCadAddins.csproj]
D:\leaveblackgithub\DDNCadAddins\src\DDNCadAddins\DDNCadAddins\Commands\XClipTest\XClipTestCreator.cs(131,25): warning CA2000: 在对 System.IDisposable.Dispose 的所有引用超出范围之前，在“new Line()”创建的对象上对其进行调用 (https://docs.microsoft.com/dotnet/fundamentals/code-analysis/quality-rules/ca2000) [D:\leaveblackgithub\DDNCadAddins\src\DDNCadAddins\DDNCadAddins\DDNCadAddins.csproj]
D:\leaveblackgithub\DDNCadAddins\src\DDNCadAddins\DDNCadAddins\Commands\XClipTest\XClipTestCreator.cs(117,41): warning CA2000: 在对 System.IDisposable.Dispose 的所有引用超出范围之前，在“new BlockTableRecord()”创建的对象上对其进行调用 (https://docs.microsoft.com/dotnet/fundamentals/code-analysis/quality-rules/ca2000) [D:\leaveblackgithub\DDNCadAddins\src\DDNCadAddins\DDNCadAddins\DDNCadAddins.csproj]
D:\leaveblackgithub\DDNCadAddins\src\DDNCadAddins\DDNCadAddins\Commands\XClipTest\XClipTestValidator.cs(301,13): warning CA1031: 请修改“IsColorCorrect”以捕获更具体的允许异常类型，或者重新抛出该异常 (https://docs.microsoft.com/dotnet/fundamentals/code-analysis/quality-rules/ca1031) [D:\leaveblackgithub\DDNCadAddins\src\DDNCadAddins\DDNCadAddins\DDNCadAddins.csproj]
D:\leaveblackgithub\DDNCadAddins\src\DDNCadAddins\DDNCadAddins\Services\BlockReferenceService.cs(200,60): warning SA1500: Braces for multi-line statements should not share line (https://github.com/DotNetAnalyzers/StyleCopAnalyzers/blob/master/documentation/SA1500.md) [D:\leaveblackgithub\DDNCadAddins\src\DDNCadAddins\DDNCadAddins\DDNCadAddins.csproj]
D:\leaveblackgithub\DDNCadAddins\src\DDNCadAddins\DDNCadAddins\Services\BlockReferenceService.cs(195,17): warning SA1503: Braces should not be omitted (https://github.com/DotNetAnalyzers/StyleCopAnalyzers/blob/master/documentation/SA1503.md) [D:\leaveblackgithub\DDNCadAddins\src\DDNCadAddins\DDNCadAddins\DDNCadAddins.csproj]
D:\leaveblackgithub\DDNCadAddins\src\DDNCadAddins\DDNCadAddins\Commands\XClipTest\XClipTestCreator.cs(108,25): warning CA1822: 成员“CreateTestBlock”不访问实例数据，可标记为 static (https://docs.microsoft.com/dotnet/fundamentals/code-analysis/quality-rules/ca1822) [D:\leaveblackgithub\DDNCadAddins\src\DDNCadAddins\DDNCadAddins\DDNCadAddins.csproj]
D:\leaveblackgithub\DDNCadAddins\src\DDNCadAddins\DDNCadAddins\Services\BlockReferenceService.cs(201,21): warning SA1413: Use trailing comma in multi-line initializers (https://github.com/DotNetAnalyzers/StyleCopAnalyzers/blob/master/documentation/SA1413.md) [D:\leaveblackgithub\DDNCadAddins\src\DDNCadAddins\DDNCadAddins\DDNCadAddins.csproj]
D:\leaveblackgithub\DDNCadAddins\src\DDNCadAddins\DDNCadAddins\Commands\XClipTest\XClipTestValidator.cs(316,42): warning CA1305: “ObjectId.ToString()”的行为可能因当前用户的区域设置而异。请将“XClipTestValidator.IsLinetypeCorrect(BlockReference, BlockState)”中的此调用替换为对“ObjectId.ToString(IFormatProvider)”的调用。 (https://docs.microsoft.com/dotnet/fundamentals/code-analysis/quality-rules/ca1305) [D:\leaveblackgithub\DDNCadAddins\src\DDNCadAddins\DDNCadAddins\DDNCadAddins.csproj]
D:\leaveblackgithub\DDNCadAddins\src\DDNCadAddins\DDNCadAddins\DDNCadAppLoader.cs(130,24): warning CA1822: 成员“GetCommandDescription”不访问实例数据，可标记为 static (https://docs.microsoft.com/dotnet/fundamentals/code-analysis/quality-rules/ca1822) [D:\leaveblackgithub\DDNCadAddins\src\DDNCadAddins\DDNCadAddins\DDNCadAddins.csproj]
D:\leaveblackgithub\DDNCadAddins\src\DDNCadAddins\DDNCadAddins\Commands\XClipTest\XClipTestValidator.cs(325,13): warning CA1031: 请修改“IsLinetypeCorrect”以捕获更具体的允许异常类型，或者重新抛出该异常 (https://docs.microsoft.com/dotnet/fundamentals/code-analysis/quality-rules/ca1031) [D:\leaveblackgithub\DDNCadAddins\src\DDNCadAddins\DDNCadAddins\DDNCadAddins.csproj]
D:\leaveblackgithub\DDNCadAddins\src\DDNCadAddins\DDNCadAddins\Services\BlockReferenceService.cs(217,17): warning SA1101: Prefix local calls with this (https://github.com/DotNetAnalyzers/StyleCopAnalyzers/blob/master/documentation/SA1101.md) [D:\leaveblackgithub\DDNCadAddins\src\DDNCadAddins\DDNCadAddins\DDNCadAddins.csproj]
D:\leaveblackgithub\DDNCadAddins\src\DDNCadAddins\DDNCadAddins\Services\BlockReferenceService.cs(151,13): warning CA1031: 请修改“CreateTestBlock”以捕获更具体的允许异常类型，或者重新抛出该异常 (https://docs.microsoft.com/dotnet/fundamentals/code-analysis/quality-rules/ca1031) [D:\leaveblackgithub\DDNCadAddins\src\DDNCadAddins\DDNCadAddins\DDNCadAddins.csproj]
D:\leaveblackgithub\DDNCadAddins\src\DDNCadAddins\DDNCadAddins\Commands\XClipTest\XClipTestValidator.cs(348,13): warning CA1031: 请修改“IsBlockTopLevel”以捕获更具体的允许异常类型，或者重新抛出该异常 (https://docs.microsoft.com/dotnet/fundamentals/code-analysis/quality-rules/ca1031) [D:\leaveblackgithub\DDNCadAddins\src\DDNCadAddins\DDNCadAddins\DDNCadAddins.csproj]
D:\leaveblackgithub\DDNCadAddins\src\DDNCadAddins\DDNCadAddins\Commands\XClipTest\XClipTestValidator.cs(364,21): warning SA1503: Braces should not be omitted (https://github.com/DotNetAnalyzers/StyleCopAnalyzers/blob/master/documentation/SA1503.md) [D:\leaveblackgithub\DDNCadAddins\src\DDNCadAddins\DDNCadAddins\DDNCadAddins.csproj]
D:\leaveblackgithub\DDNCadAddins\src\DDNCadAddins\DDNCadAddins\Services\CsvExportService.cs(39,17): warning SA1503: Braces should not be omitted (https://github.com/DotNetAnalyzers/StyleCopAnalyzers/blob/master/documentation/SA1503.md) [D:\leaveblackgithub\DDNCadAddins\src\DDNCadAddins\DDNCadAddins\DDNCadAddins.csproj]
D:\leaveblackgithub\DDNCadAddins\src\DDNCadAddins\DDNCadAddins\Services\CsvExportService.cs(42,17): warning SA1503: Braces should not be omitted (https://github.com/DotNetAnalyzers/StyleCopAnalyzers/blob/master/documentation/SA1503.md) [D:\leaveblackgithub\DDNCadAddins\src\DDNCadAddins\DDNCadAddins\DDNCadAddins.csproj]
D:\leaveblackgithub\DDNCadAddins\src\DDNCadAddins\DDNCadAddins\Commands\XClipTest\XClipTestValidator.cs(375,21): warning SA1503: Braces should not be omitted (https://github.com/DotNetAnalyzers/StyleCopAnalyzers/blob/master/documentation/SA1503.md) [D:\leaveblackgithub\DDNCadAddins\src\DDNCadAddins\DDNCadAddins\DDNCadAddins.csproj]
D:\leaveblackgithub\DDNCadAddins\src\DDNCadAddins\DDNCadAddins\Services\CsvExportService.cs(45,17): warning SA1503: Braces should not be omitted (https://github.com/DotNetAnalyzers/StyleCopAnalyzers/blob/master/documentation/SA1503.md) [D:\leaveblackgithub\DDNCadAddins\src\DDNCadAddins\DDNCadAddins\DDNCadAddins.csproj]
D:\leaveblackgithub\DDNCadAddins\src\DDNCadAddins\DDNCadAddins\Services\CsvExportService.cs(56,47): warning SA1503: Braces should not be omitted (https://github.com/DotNetAnalyzers/StyleCopAnalyzers/blob/master/documentation/SA1503.md) [D:\leaveblackgithub\DDNCadAddins\src\DDNCadAddins\DDNCadAddins\DDNCadAddins.csproj]
D:\leaveblackgithub\DDNCadAddins\src\DDNCadAddins\DDNCadAddins\Services\CsvExportService.cs(57,47): warning SA1503: Braces should not be omitted (https://github.com/DotNetAnalyzers/StyleCopAnalyzers/blob/master/documentation/SA1503.md) [D:\leaveblackgithub\DDNCadAddins\src\DDNCadAddins\DDNCadAddins\DDNCadAddins.csproj]
D:\leaveblackgithub\DDNCadAddins\src\DDNCadAddins\DDNCadAddins\Services\CsvExportService.cs(58,47): warning SA1503: Braces should not be omitted (https://github.com/DotNetAnalyzers/StyleCopAnalyzers/blob/master/documentation/SA1503.md) [D:\leaveblackgithub\DDNCadAddins\src\DDNCadAddins\DDNCadAddins\DDNCadAddins.csproj]
D:\leaveblackgithub\DDNCadAddins\src\DDNCadAddins\DDNCadAddins\Services\CsvExportService.cs(59,55): warning SA1503: Braces should not be omitted (https://github.com/DotNetAnalyzers/StyleCopAnalyzers/blob/master/documentation/SA1503.md) [D:\leaveblackgithub\DDNCadAddins\src\DDNCadAddins\DDNCadAddins\DDNCadAddins.csproj]
D:\leaveblackgithub\DDNCadAddins\src\DDNCadAddins\DDNCadAddins\Commands\TestRunner.cs(272,21): warning SA1101: Prefix local calls with this (https://github.com/DotNetAnalyzers/StyleCopAnalyzers/blob/master/documentation/SA1101.md) [D:\leaveblackgithub\DDNCadAddins\src\DDNCadAddins\DDNCadAddins\DDNCadAddins.csproj]
D:\leaveblackgithub\DDNCadAddins\src\DDNCadAddins\DDNCadAddins\Services\CsvExportService.cs(112,17): warning SA1503: Braces should not be omitted (https://github.com/DotNetAnalyzers/StyleCopAnalyzers/blob/master/documentation/SA1503.md) [D:\leaveblackgithub\DDNCadAddins\src\DDNCadAddins\DDNCadAddins\DDNCadAddins.csproj]
D:\leaveblackgithub\DDNCadAddins\src\DDNCadAddins\DDNCadAddins\Commands\TestRunner.cs(284,30): warning SA1101: Prefix local calls with this (https://github.com/DotNetAnalyzers/StyleCopAnalyzers/blob/master/documentation/SA1101.md) [D:\leaveblackgithub\DDNCadAddins\src\DDNCadAddins\DDNCadAddins\DDNCadAddins.csproj]
D:\leaveblackgithub\DDNCadAddins\src\DDNCadAddins\DDNCadAddins\Commands\XClipCommand.cs(106,23): warning SA1101: Prefix local calls with this (https://github.com/DotNetAnalyzers/StyleCopAnalyzers/blob/master/documentation/SA1101.md) [D:\leaveblackgithub\DDNCadAddins\src\DDNCadAddins\DDNCadAddins\DDNCadAddins.csproj]
D:\leaveblackgithub\DDNCadAddins\src\DDNCadAddins\DDNCadAddins\Commands\XClipCommand.cs(109,13): warning SA1101: Prefix local calls with this (https://github.com/DotNetAnalyzers/StyleCopAnalyzers/blob/master/documentation/SA1101.md) [D:\leaveblackgithub\DDNCadAddins\src\DDNCadAddins\DDNCadAddins\DDNCadAddins.csproj]
D:\leaveblackgithub\DDNCadAddins\src\DDNCadAddins\DDNCadAddins\Commands\XClipCommand.cs(111,26): warning SA1101: Prefix local calls with this (https://github.com/DotNetAnalyzers/StyleCopAnalyzers/blob/master/documentation/SA1101.md) [D:\leaveblackgithub\DDNCadAddins\src\DDNCadAddins\DDNCadAddins\DDNCadAddins.csproj]
D:\leaveblackgithub\DDNCadAddins\src\DDNCadAddins\DDNCadAddins\Services\BlockReferenceService.cs(195,24): warning CA1825: 避免不必要的长度为零的数组分配。改用 Array.Empty<ObjectId>()。 (https://docs.microsoft.com/dotnet/fundamentals/code-analysis/quality-rules/ca1825) [D:\leaveblackgithub\DDNCadAddins\src\DDNCadAddins\DDNCadAddins\DDNCadAddins.csproj]
D:\leaveblackgithub\DDNCadAddins\src\DDNCadAddins\DDNCadAddins\Commands\XClipCommand.cs(115,17): warning SA1101: Prefix local calls with this (https://github.com/DotNetAnalyzers/StyleCopAnalyzers/blob/master/documentation/SA1101.md) [D:\leaveblackgithub\DDNCadAddins\src\DDNCadAddins\DDNCadAddins\DDNCadAddins.csproj]
D:\leaveblackgithub\DDNCadAddins\src\DDNCadAddins\DDNCadAddins\Commands\XClipCommand.cs(120,13): warning SA1101: Prefix local calls with this (https://github.com/DotNetAnalyzers/StyleCopAnalyzers/blob/master/documentation/SA1101.md) [D:\leaveblackgithub\DDNCadAddins\src\DDNCadAddins\DDNCadAddins\DDNCadAddins.csproj]
D:\leaveblackgithub\DDNCadAddins\src\DDNCadAddins\DDNCadAddins\Services\BlockReferenceService.cs(213,24): warning CA1825: 避免不必要的长度为零的数组分配。改用 Array.Empty<ObjectId>()。 (https://docs.microsoft.com/dotnet/fundamentals/code-analysis/quality-rules/ca1825) [D:\leaveblackgithub\DDNCadAddins\src\DDNCadAddins\DDNCadAddins\DDNCadAddins.csproj]
D:\leaveblackgithub\DDNCadAddins\src\DDNCadAddins\DDNCadAddins\Services\BlockReferenceService.cs(218,24): warning CA1825: 避免不必要的长度为零的数组分配。改用 Array.Empty<ObjectId>()。 (https://docs.microsoft.com/dotnet/fundamentals/code-analysis/quality-rules/ca1825) [D:\leaveblackgithub\DDNCadAddins\src\DDNCadAddins\DDNCadAddins\DDNCadAddins.csproj]
D:\leaveblackgithub\DDNCadAddins\src\DDNCadAddins\DDNCadAddins\Commands\XClipCommand.cs(122,42): warning SA1101: Prefix local calls with this (https://github.com/DotNetAnalyzers/StyleCopAnalyzers/blob/master/documentation/SA1101.md) [D:\leaveblackgithub\DDNCadAddins\src\DDNCadAddins\DDNCadAddins\DDNCadAddins.csproj]
D:\leaveblackgithub\DDNCadAddins\src\DDNCadAddins\DDNCadAddins\Commands\XClipCommand.cs(124,17): warning SA1101: Prefix local calls with this (https://github.com/DotNetAnalyzers/StyleCopAnalyzers/blob/master/documentation/SA1101.md) [D:\leaveblackgithub\DDNCadAddins\src\DDNCadAddins\DDNCadAddins\DDNCadAddins.csproj]
D:\leaveblackgithub\DDNCadAddins\src\DDNCadAddins\DDNCadAddins\Services\BlockReferenceService.cs(215,13): warning CA1031: 请修改“FindAllBlockReferences”以捕获更具体的允许异常类型，或者重新抛出该异常 (https://docs.microsoft.com/dotnet/fundamentals/code-analysis/quality-rules/ca1031) [D:\leaveblackgithub\DDNCadAddins\src\DDNCadAddins\DDNCadAddins\DDNCadAddins.csproj]
D:\leaveblackgithub\DDNCadAddins\src\DDNCadAddins\DDNCadAddins\Commands\XClipCommand.cs(133,23): warning SA1101: Prefix local calls with this (https://github.com/DotNetAnalyzers/StyleCopAnalyzers/blob/master/documentation/SA1101.md) [D:\leaveblackgithub\DDNCadAddins\src\DDNCadAddins\DDNCadAddins\DDNCadAddins.csproj]
D:\leaveblackgithub\DDNCadAddins\src\DDNCadAddins\DDNCadAddins\Commands\XClipCommand.cs(136,13): warning SA1101: Prefix local calls with this (https://github.com/DotNetAnalyzers/StyleCopAnalyzers/blob/master/documentation/SA1101.md) [D:\leaveblackgithub\DDNCadAddins\src\DDNCadAddins\DDNCadAddins\DDNCadAddins.csproj]
D:\leaveblackgithub\DDNCadAddins\src\DDNCadAddins\DDNCadAddins\Commands\XClipTest\XClipTestValidator.cs(380,13): warning CA1031: 请修改“FindParentBlockId”以捕获更具体的允许异常类型，或者重新抛出该异常 (https://docs.microsoft.com/dotnet/fundamentals/code-analysis/quality-rules/ca1031) [D:\leaveblackgithub\DDNCadAddins\src\DDNCadAddins\DDNCadAddins\DDNCadAddins.csproj]
D:\leaveblackgithub\DDNCadAddins\src\DDNCadAddins\DDNCadAddins\Commands\XClipCommand.cs(138,26): warning SA1101: Prefix local calls with this (https://github.com/DotNetAnalyzers/StyleCopAnalyzers/blob/master/documentation/SA1101.md) [D:\leaveblackgithub\DDNCadAddins\src\DDNCadAddins\DDNCadAddins\DDNCadAddins.csproj]
D:\leaveblackgithub\DDNCadAddins\src\DDNCadAddins\DDNCadAddins\Commands\XClipCommand.cs(143,17): warning SA1101: Prefix local calls with this (https://github.com/DotNetAnalyzers/StyleCopAnalyzers/blob/master/documentation/SA1101.md) [D:\leaveblackgithub\DDNCadAddins\src\DDNCadAddins\DDNCadAddins\DDNCadAddins.csproj]
D:\leaveblackgithub\DDNCadAddins\src\DDNCadAddins\DDNCadAddins\Commands\XClipCommand.cs(146,17): warning SA1101: Prefix local calls with this (https://github.com/DotNetAnalyzers/StyleCopAnalyzers/blob/master/documentation/SA1101.md) [D:\leaveblackgithub\DDNCadAddins\src\DDNCadAddins\DDNCadAddins\DDNCadAddins.csproj]
D:\leaveblackgithub\DDNCadAddins\src\DDNCadAddins\DDNCadAddins\Commands\XClipCommand.cs(150,17): warning SA1101: Prefix local calls with this (https://github.com/DotNetAnalyzers/StyleCopAnalyzers/blob/master/documentation/SA1101.md) [D:\leaveblackgithub\DDNCadAddins\src\DDNCadAddins\DDNCadAddins\DDNCadAddins.csproj]
D:\leaveblackgithub\DDNCadAddins\src\DDNCadAddins\DDNCadAddins\Commands\XClipCommand.cs(151,17): warning SA1101: Prefix local calls with this (https://github.com/DotNetAnalyzers/StyleCopAnalyzers/blob/master/documentation/SA1101.md) [D:\leaveblackgithub\DDNCadAddins\src\DDNCadAddins\DDNCadAddins\DDNCadAddins.csproj]
D:\leaveblackgithub\DDNCadAddins\src\DDNCadAddins\DDNCadAddins\Commands\XClipCommand.cs(152,17): warning SA1101: Prefix local calls with this (https://github.com/DotNetAnalyzers/StyleCopAnalyzers/blob/master/documentation/SA1101.md) [D:\leaveblackgithub\DDNCadAddins\src\DDNCadAddins\DDNCadAddins\DDNCadAddins.csproj]
D:\leaveblackgithub\DDNCadAddins\src\DDNCadAddins\DDNCadAddins\Services\CsvExportService.cs(70,79): warning SA1101: Prefix local calls with this (https://github.com/DotNetAnalyzers/StyleCopAnalyzers/blob/master/documentation/SA1101.md) [D:\leaveblackgithub\DDNCadAddins\src\DDNCadAddins\DDNCadAddins\DDNCadAddins.csproj]
D:\leaveblackgithub\DDNCadAddins\src\DDNCadAddins\DDNCadAddins\Commands\XClipCommand.cs(153,17): warning SA1101: Prefix local calls with this (https://github.com/DotNetAnalyzers/StyleCopAnalyzers/blob/master/documentation/SA1101.md) [D:\leaveblackgithub\DDNCadAddins\src\DDNCadAddins\DDNCadAddins\DDNCadAddins.csproj]
D:\leaveblackgithub\DDNCadAddins\src\DDNCadAddins\DDNCadAddins\Commands\XClipCommand.cs(154,17): warning SA1101: Prefix local calls with this (https://github.com/DotNetAnalyzers/StyleCopAnalyzers/blob/master/documentation/SA1101.md) [D:\leaveblackgithub\DDNCadAddins\src\DDNCadAddins\DDNCadAddins\DDNCadAddins.csproj]
D:\leaveblackgithub\DDNCadAddins\src\DDNCadAddins\DDNCadAddins\Services\CsvExportService.cs(83,45): warning SA1101: Prefix local calls with this (https://github.com/DotNetAnalyzers/StyleCopAnalyzers/blob/master/documentation/SA1101.md) [D:\leaveblackgithub\DDNCadAddins\src\DDNCadAddins\DDNCadAddins\DDNCadAddins.csproj]
D:\leaveblackgithub\DDNCadAddins\src\DDNCadAddins\DDNCadAddins\Commands\XClipTest\XClipTestCreator.cs(159,42): warning CA1062: 在外部可见方法“ObjectId XClipTestCreator.CreateNestedBlock(Transaction tr, Database db, string blockName, ObjectId innerBlockId, string layerName)”中，先验证参数“db”为非 null，然后再使用。如果适用，在参数为 null 时引发 ArgumentNullException，或添加断言非 null 参数的代码协定前提条件。 (https://docs.microsoft.com/dotnet/fundamentals/code-analysis/quality-rules/ca1062) [D:\leaveblackgithub\DDNCadAddins\src\DDNCadAddins\DDNCadAddins\DDNCadAddins.csproj]
D:\leaveblackgithub\DDNCadAddins\src\DDNCadAddins\DDNCadAddins\Commands\XClipTest\XClipTestCreator.cs(159,29): warning CA1062: 在外部可见方法“ObjectId XClipTestCreator.CreateNestedBlock(Transaction tr, Database db, string blockName, ObjectId innerBlockId, string layerName)”中，先验证参数“tr”为非 null，然后再使用。如果适用，在参数为 null 时引发 ArgumentNullException，或添加断言非 null 参数的代码协定前提条件。 (https://docs.microsoft.com/dotnet/fundamentals/code-analysis/quality-rules/ca1062) [D:\leaveblackgithub\DDNCadAddins\src\DDNCadAddins\DDNCadAddins\DDNCadAddins.csproj]
D:\leaveblackgithub\DDNCadAddins\src\DDNCadAddins\DDNCadAddins\Commands\TestRunner.cs(281,13): warning CA1031: 请修改“RunTestsInType”以捕获更具体的允许异常类型，或者重新抛出该异常 (https://docs.microsoft.com/dotnet/fundamentals/code-analysis/quality-rules/ca1031) [D:\leaveblackgithub\DDNCadAddins\src\DDNCadAddins\DDNCadAddins\DDNCadAddins.csproj]
D:\leaveblackgithub\DDNCadAddins\src\DDNCadAddins\DDNCadAddins\Services\BlockReferenceService.cs(125,37): warning CA2000: 在对 System.IDisposable.Dispose 的所有引用超出范围之前，在“new Circle(Point3d.Origin, Vector3d.ZAxis, 5)”创建的对象上对其进行调用 (https://docs.microsoft.com/dotnet/fundamentals/code-analysis/quality-rules/ca2000) [D:\leaveblackgithub\DDNCadAddins\src\DDNCadAddins\DDNCadAddins\DDNCadAddins.csproj]
D:\leaveblackgithub\DDNCadAddins\src\DDNCadAddins\DDNCadAddins\Services\BlockReferenceService.cs(128,34): warning CA2000: 在对 System.IDisposable.Dispose 的所有引用超出范围之前，在“new Line(new Point3d(-5, 0, 0), new Point3d(5, 0, 0))”创建的对象上对其进行调用 (https://docs.microsoft.com/dotnet/fundamentals/code-analysis/quality-rules/ca2000) [D:\leaveblackgithub\DDNCadAddins\src\DDNCadAddins\DDNCadAddins\DDNCadAddins.csproj]
D:\leaveblackgithub\DDNCadAddins\src\DDNCadAddins\DDNCadAddins\Services\BlockReferenceService.cs(131,34): warning CA2000: 在对 System.IDisposable.Dispose 的所有引用超出范围之前，在“new Line(new Point3d(0, -5, 0), new Point3d(0, 5, 0))”创建的对象上对其进行调用 (https://docs.microsoft.com/dotnet/fundamentals/code-analysis/quality-rules/ca2000) [D:\leaveblackgithub\DDNCadAddins\src\DDNCadAddins\DDNCadAddins\DDNCadAddins.csproj]
D:\leaveblackgithub\DDNCadAddins\src\DDNCadAddins\DDNCadAddins\Services\BlockReferenceService.cs(140,47): warning CA2000: 在对 System.IDisposable.Dispose 的所有引用超出范围之前，在“new BlockReference(insertionPoint, blockDefId)”创建的对象上对其进行调用 (https://docs.microsoft.com/dotnet/fundamentals/code-analysis/quality-rules/ca2000) [D:\leaveblackgithub\DDNCadAddins\src\DDNCadAddins\DDNCadAddins\DDNCadAddins.csproj]
D:\leaveblackgithub\DDNCadAddins\src\DDNCadAddins\DDNCadAddins\Commands\XClipTest\XClipTestCreator.cs(177,45): warning CA2000: 在对 System.IDisposable.Dispose 的所有引用超出范围之前，在“new BlockReference(new Point3d(1, 1, 0), innerBlockRef.BlockTableRecord)”创建的对象上对其进行调用 (https://docs.microsoft.com/dotnet/fundamentals/code-analysis/quality-rules/ca2000) [D:\leaveblackgithub\DDNCadAddins\src\DDNCadAddins\DDNCadAddins\DDNCadAddins.csproj]
D:\leaveblackgithub\DDNCadAddins\src\DDNCadAddins\DDNCadAddins\Commands\XClipTest\XClipTestCreator.cs(165,41): warning CA2000: 在对 System.IDisposable.Dispose 的所有引用超出范围之前，在“new BlockTableRecord()”创建的对象上对其进行调用 (https://docs.microsoft.com/dotnet/fundamentals/code-analysis/quality-rules/ca2000) [D:\leaveblackgithub\DDNCadAddins\src\DDNCadAddins\DDNCadAddins\DDNCadAddins.csproj]
D:\leaveblackgithub\DDNCadAddins\src\DDNCadAddins\DDNCadAddins\Commands\XClipTest\XClipTestCreator.cs(156,25): warning CA1822: 成员“CreateNestedBlock”不访问实例数据，可标记为 static (https://docs.microsoft.com/dotnet/fundamentals/code-analysis/quality-rules/ca1822) [D:\leaveblackgithub\DDNCadAddins\src\DDNCadAddins\DDNCadAddins\DDNCadAddins.csproj]
D:\leaveblackgithub\DDNCadAddins\src\DDNCadAddins\DDNCadAddins\Services\BlockReferenceService.cs(247,23): warning SA1501: Statement should not be on a single line (https://github.com/DotNetAnalyzers/StyleCopAnalyzers/blob/master/documentation/SA1501.md) [D:\leaveblackgithub\DDNCadAddins\src\DDNCadAddins\DDNCadAddins\DDNCadAddins.csproj]
D:\leaveblackgithub\DDNCadAddins\src\DDNCadAddins\DDNCadAddins\Services\BlockReferenceService.cs(266,23): warning SA1501: Statement should not be on a single line (https://github.com/DotNetAnalyzers/StyleCopAnalyzers/blob/master/documentation/SA1501.md) [D:\leaveblackgithub\DDNCadAddins\src\DDNCadAddins\DDNCadAddins\DDNCadAddins.csproj]
D:\leaveblackgithub\DDNCadAddins\src\DDNCadAddins\DDNCadAddins\Commands\XClipTest\XClipTestValidator.cs(400,13): warning CA1031: 请修改“GetBlockRotation”以捕获更具体的允许异常类型，或者重新抛出该异常 (https://docs.microsoft.com/dotnet/fundamentals/code-analysis/quality-rules/ca1031) [D:\leaveblackgithub\DDNCadAddins\src\DDNCadAddins\DDNCadAddins\DDNCadAddins.csproj]
D:\leaveblackgithub\DDNCadAddins\src\DDNCadAddins\DDNCadAddins\Services\BlockReferenceService.cs(234,17): warning SA1503: Braces should not be omitted (https://github.com/DotNetAnalyzers/StyleCopAnalyzers/blob/master/documentation/SA1503.md) [D:\leaveblackgithub\DDNCadAddins\src\DDNCadAddins\DDNCadAddins\DDNCadAddins.csproj]
D:\leaveblackgithub\DDNCadAddins\src\DDNCadAddins\DDNCadAddins\Commands\XClipTest\XClipTestValidator.cs(420,13): warning CA1031: 请修改“GetBlockScale”以捕获更具体的允许异常类型，或者重新抛出该异常 (https://docs.microsoft.com/dotnet/fundamentals/code-analysis/quality-rules/ca1031) [D:\leaveblackgithub\DDNCadAddins\src\DDNCadAddins\DDNCadAddins\DDNCadAddins.csproj]
D:\leaveblackgithub\DDNCadAddins\src\DDNCadAddins\DDNCadAddins\Services\BlockReferenceService.cs(283,17): warning SA1101: Prefix local calls with this (https://github.com/DotNetAnalyzers/StyleCopAnalyzers/blob/master/documentation/SA1101.md) [D:\leaveblackgithub\DDNCadAddins\src\DDNCadAddins\DDNCadAddins\DDNCadAddins.csproj]
D:\leaveblackgithub\DDNCadAddins\src\DDNCadAddins\DDNCadAddins\Commands\XClipCommand.cs(168,17): warning SA1101: Prefix local calls with this (https://github.com/DotNetAnalyzers/StyleCopAnalyzers/blob/master/documentation/SA1101.md) [D:\leaveblackgithub\DDNCadAddins\src\DDNCadAddins\DDNCadAddins\DDNCadAddins.csproj]
D:\leaveblackgithub\DDNCadAddins\src\DDNCadAddins\DDNCadAddins\Commands\XClipCommand.cs(172,17): warning SA1101: Prefix local calls with this (https://github.com/DotNetAnalyzers/StyleCopAnalyzers/blob/master/documentation/SA1101.md) [D:\leaveblackgithub\DDNCadAddins\src\DDNCadAddins\DDNCadAddins\DDNCadAddins.csproj]
D:\leaveblackgithub\DDNCadAddins\src\DDNCadAddins\DDNCadAddins\Infrastructure\ServiceLocator.cs(132,41): warning SA1127: Generic type constraints should be on their own line (https://github.com/DotNetAnalyzers/StyleCopAnalyzers/blob/master/documentation/SA1127.md) [D:\leaveblackgithub\DDNCadAddins\src\DDNCadAddins\DDNCadAddins\DDNCadAddins.csproj]
D:\leaveblackgithub\DDNCadAddins\src\DDNCadAddins\DDNCadAddins\Services\XClipBlockService.Core.cs(120,134): warning SA1500: Braces for multi-line statements should not share line (https://github.com/DotNetAnalyzers/StyleCopAnalyzers/blob/master/documentation/SA1500.md) [D:\leaveblackgithub\DDNCadAddins\src\DDNCadAddins\DDNCadAddins\DDNCadAddins.csproj]
D:\leaveblackgithub\DDNCadAddins\src\DDNCadAddins\DDNCadAddins\Services\XClipBlockService.Core.cs(114,17): warning SA1503: Braces should not be omitted (https://github.com/DotNetAnalyzers/StyleCopAnalyzers/blob/master/documentation/SA1503.md) [D:\leaveblackgithub\DDNCadAddins\src\DDNCadAddins\DDNCadAddins\DDNCadAddins.csproj]
D:\leaveblackgithub\DDNCadAddins\src\DDNCadAddins\DDNCadAddins\Services\XClipBlockService.Core.cs(126,21): warning SA1503: Braces should not be omitted (https://github.com/DotNetAnalyzers/StyleCopAnalyzers/blob/master/documentation/SA1503.md) [D:\leaveblackgithub\DDNCadAddins\src\DDNCadAddins\DDNCadAddins\DDNCadAddins.csproj]
D:\leaveblackgithub\DDNCadAddins\src\DDNCadAddins\DDNCadAddins\Commands\XClipCommand.cs(181,23): warning SA1101: Prefix local calls with this (https://github.com/DotNetAnalyzers/StyleCopAnalyzers/blob/master/documentation/SA1101.md) [D:\leaveblackgithub\DDNCadAddins\src\DDNCadAddins\DDNCadAddins\DDNCadAddins.csproj]
D:\leaveblackgithub\DDNCadAddins\src\DDNCadAddins\DDNCadAddins\Commands\XClipCommand.cs(184,13): warning SA1101: Prefix local calls with this (https://github.com/DotNetAnalyzers/StyleCopAnalyzers/blob/master/documentation/SA1101.md) [D:\leaveblackgithub\DDNCadAddins\src\DDNCadAddins\DDNCadAddins\DDNCadAddins.csproj]
D:\leaveblackgithub\DDNCadAddins\src\DDNCadAddins\DDNCadAddins\Commands\XClipCommand.cs(186,26): warning SA1101: Prefix local calls with this (https://github.com/DotNetAnalyzers/StyleCopAnalyzers/blob/master/documentation/SA1101.md) [D:\leaveblackgithub\DDNCadAddins\src\DDNCadAddins\DDNCadAddins\DDNCadAddins.csproj]
D:\leaveblackgithub\DDNCadAddins\src\DDNCadAddins\DDNCadAddins\Commands\XClipCommand.cs(190,17): warning SA1101: Prefix local calls with this (https://github.com/DotNetAnalyzers/StyleCopAnalyzers/blob/master/documentation/SA1101.md) [D:\leaveblackgithub\DDNCadAddins\src\DDNCadAddins\DDNCadAddins\DDNCadAddins.csproj]
D:\leaveblackgithub\DDNCadAddins\src\DDNCadAddins\DDNCadAddins\Services\AcadViewService.cs(110,17): warning SA1101: Prefix local calls with this (https://github.com/DotNetAnalyzers/StyleCopAnalyzers/blob/master/documentation/SA1101.md) [D:\leaveblackgithub\DDNCadAddins\src\DDNCadAddins\DDNCadAddins\DDNCadAddins.csproj]
D:\leaveblackgithub\DDNCadAddins\src\DDNCadAddins\DDNCadAddins\Commands\XClipCommand.cs(196,17): warning SA1101: Prefix local calls with this (https://github.com/DotNetAnalyzers/StyleCopAnalyzers/blob/master/documentation/SA1101.md) [D:\leaveblackgithub\DDNCadAddins\src\DDNCadAddins\DDNCadAddins\DDNCadAddins.csproj]
D:\leaveblackgithub\DDNCadAddins\src\DDNCadAddins\DDNCadAddins\Services\AcadViewService.cs(119,13): warning SA1101: Prefix local calls with this (https://github.com/DotNetAnalyzers/StyleCopAnalyzers/blob/master/documentation/SA1101.md) [D:\leaveblackgithub\DDNCadAddins\src\DDNCadAddins\DDNCadAddins\DDNCadAddins.csproj]
D:\leaveblackgithub\DDNCadAddins\src\DDNCadAddins\DDNCadAddins\Commands\XClipCommand.cs(201,13): warning SA1101: Prefix local calls with this (https://github.com/DotNetAnalyzers/StyleCopAnalyzers/blob/master/documentation/SA1101.md) [D:\leaveblackgithub\DDNCadAddins\src\DDNCadAddins\DDNCadAddins\DDNCadAddins.csproj]
D:\leaveblackgithub\DDNCadAddins\src\DDNCadAddins\DDNCadAddins\Services\XClipBlockService.Core.cs(159,17): warning SA1503: Braces should not be omitted (https://github.com/DotNetAnalyzers/StyleCopAnalyzers/blob/master/documentation/SA1503.md) [D:\leaveblackgithub\DDNCadAddins\src\DDNCadAddins\DDNCadAddins\DDNCadAddins.csproj]
D:\leaveblackgithub\DDNCadAddins\src\DDNCadAddins\DDNCadAddins\Services\XClipBlockService.Core.cs(161,17): warning SA1503: Braces should not be omitted (https://github.com/DotNetAnalyzers/StyleCopAnalyzers/blob/master/documentation/SA1503.md) [D:\leaveblackgithub\DDNCadAddins\src\DDNCadAddins\DDNCadAddins\DDNCadAddins.csproj]
D:\leaveblackgithub\DDNCadAddins\src\DDNCadAddins\DDNCadAddins\Services\AcadViewService.cs(124,17): warning SA1101: Prefix local calls with this (https://github.com/DotNetAnalyzers/StyleCopAnalyzers/blob/master/documentation/SA1101.md) [D:\leaveblackgithub\DDNCadAddins\src\DDNCadAddins\DDNCadAddins\DDNCadAddins.csproj]
D:\leaveblackgithub\DDNCadAddins\src\DDNCadAddins\DDNCadAddins\Commands\XClipCommand.cs(205,33): warning SA1101: Prefix local calls with this (https://github.com/DotNetAnalyzers/StyleCopAnalyzers/blob/master/documentation/SA1101.md) [D:\leaveblackgithub\DDNCadAddins\src\DDNCadAddins\DDNCadAddins\DDNCadAddins.csproj]
D:\leaveblackgithub\DDNCadAddins\src\DDNCadAddins\DDNCadAddins\Services\AcadViewService.cs(129,21): warning SA1101: Prefix local calls with this (https://github.com/DotNetAnalyzers/StyleCopAnalyzers/blob/master/documentation/SA1101.md) [D:\leaveblackgithub\DDNCadAddins\src\DDNCadAddins\DDNCadAddins\DDNCadAddins.csproj]
D:\leaveblackgithub\DDNCadAddins\src\DDNCadAddins\DDNCadAddins\Services\BlockReferenceService.cs(247,17): warning CA1031: 请修改“IsBlockXClipped”以捕获更具体的允许异常类型，或者重新抛出该异常 (https://docs.microsoft.com/dotnet/fundamentals/code-analysis/quality-rules/ca1031) [D:\leaveblackgithub\DDNCadAddins\src\DDNCadAddins\DDNCadAddins\DDNCadAddins.csproj]
D:\leaveblackgithub\DDNCadAddins\src\DDNCadAddins\DDNCadAddins\Services\BlockReferenceService.cs(266,17): warning CA1031: 请修改“IsBlockXClipped”以捕获更具体的允许异常类型，或者重新抛出该异常 (https://docs.microsoft.com/dotnet/fundamentals/code-analysis/quality-rules/ca1031) [D:\leaveblackgithub\DDNCadAddins\src\DDNCadAddins\DDNCadAddins\DDNCadAddins.csproj]
D:\leaveblackgithub\DDNCadAddins\src\DDNCadAddins\DDNCadAddins\Services\BlockReferenceService.cs(281,13): warning CA1031: 请修改“IsBlockXClipped”以捕获更具体的允许异常类型，或者重新抛出该异常 (https://docs.microsoft.com/dotnet/fundamentals/code-analysis/quality-rules/ca1031) [D:\leaveblackgithub\DDNCadAddins\src\DDNCadAddins\DDNCadAddins\DDNCadAddins.csproj]
D:\leaveblackgithub\DDNCadAddins\src\DDNCadAddins\DDNCadAddins\Commands\XClipCommand.cs(209,17): warning SA1101: Prefix local calls with this (https://github.com/DotNetAnalyzers/StyleCopAnalyzers/blob/master/documentation/SA1101.md) [D:\leaveblackgithub\DDNCadAddins\src\DDNCadAddins\DDNCadAddins\DDNCadAddins.csproj]
D:\leaveblackgithub\DDNCadAddins\src\DDNCadAddins\DDNCadAddins\Commands\XClipCommand.cs(213,17): warning SA1101: Prefix local calls with this (https://github.com/DotNetAnalyzers/StyleCopAnalyzers/blob/master/documentation/SA1101.md) [D:\leaveblackgithub\DDNCadAddins\src\DDNCadAddins\DDNCadAddins\DDNCadAddins.csproj]
D:\leaveblackgithub\DDNCadAddins\src\DDNCadAddins\DDNCadAddins\Services\XClipBlockService.Core.cs(156,26): warning SA1101: Prefix local calls with this (https://github.com/DotNetAnalyzers/StyleCopAnalyzers/blob/master/documentation/SA1101.md) [D:\leaveblackgithub\DDNCadAddins\src\DDNCadAddins\DDNCadAddins\DDNCadAddins.csproj]
D:\leaveblackgithub\DDNCadAddins\src\DDNCadAddins\DDNCadAddins\Services\XClipBlockService.Core.cs(120,37): warning SA1101: Prefix local calls with this (https://github.com/DotNetAnalyzers/StyleCopAnalyzers/blob/master/documentation/SA1101.md) [D:\leaveblackgithub\DDNCadAddins\src\DDNCadAddins\DDNCadAddins\DDNCadAddins.csproj]
D:\leaveblackgithub\DDNCadAddins\src\DDNCadAddins\DDNCadAddins\Services\XClipBlockService.Core.cs(123,39): warning SA1101: Prefix local calls with this (https://github.com/DotNetAnalyzers/StyleCopAnalyzers/blob/master/documentation/SA1101.md) [D:\leaveblackgithub\DDNCadAddins\src\DDNCadAddins\DDNCadAddins\DDNCadAddins.csproj]
D:\leaveblackgithub\DDNCadAddins\src\DDNCadAddins\DDNCadAddins\Infrastructure\FileLogger.cs(164,24): warning CA1822: 成员“GetAssemblyVersion”不访问实例数据，可标记为 static (https://docs.microsoft.com/dotnet/fundamentals/code-analysis/quality-rules/ca1822) [D:\leaveblackgithub\DDNCadAddins\src\DDNCadAddins\DDNCadAddins\DDNCadAddins.csproj]
D:\leaveblackgithub\DDNCadAddins\src\DDNCadAddins\DDNCadAddins\Services\BlockReferenceService.cs(298,17): warning SA1503: Braces should not be omitted (https://github.com/DotNetAnalyzers/StyleCopAnalyzers/blob/master/documentation/SA1503.md) [D:\leaveblackgithub\DDNCadAddins\src\DDNCadAddins\DDNCadAddins\DDNCadAddins.csproj]
D:\leaveblackgithub\DDNCadAddins\src\DDNCadAddins\DDNCadAddins\Commands\XClipCommand.cs(222,13): warning SA1101: Prefix local calls with this (https://github.com/DotNetAnalyzers/StyleCopAnalyzers/blob/master/documentation/SA1101.md) [D:\leaveblackgithub\DDNCadAddins\src\DDNCadAddins\DDNCadAddins\DDNCadAddins.csproj]
D:\leaveblackgithub\DDNCadAddins\src\DDNCadAddins\DDNCadAddins\Commands\XClipCommand.cs(224,31): warning SA1101: Prefix local calls with this (https://github.com/DotNetAnalyzers/StyleCopAnalyzers/blob/master/documentation/SA1101.md) [D:\leaveblackgithub\DDNCadAddins\src\DDNCadAddins\DDNCadAddins\DDNCadAddins.csproj]
D:\leaveblackgithub\DDNCadAddins\src\DDNCadAddins\DDNCadAddins\Commands\XClipCommand.cs(228,17): warning SA1101: Prefix local calls with this (https://github.com/DotNetAnalyzers/StyleCopAnalyzers/blob/master/documentation/SA1101.md) [D:\leaveblackgithub\DDNCadAddins\src\DDNCadAddins\DDNCadAddins\DDNCadAddins.csproj]
D:\leaveblackgithub\DDNCadAddins\src\DDNCadAddins\DDNCadAddins\Commands\XClipCommand.cs(232,17): warning SA1101: Prefix local calls with this (https://github.com/DotNetAnalyzers/StyleCopAnalyzers/blob/master/documentation/SA1101.md) [D:\leaveblackgithub\DDNCadAddins\src\DDNCadAddins\DDNCadAddins\DDNCadAddins.csproj]
D:\leaveblackgithub\DDNCadAddins\src\DDNCadAddins\DDNCadAddins\Commands\XClipCommand.cs(233,17): warning SA1101: Prefix local calls with this (https://github.com/DotNetAnalyzers/StyleCopAnalyzers/blob/master/documentation/SA1101.md) [D:\leaveblackgithub\DDNCadAddins\src\DDNCadAddins\DDNCadAddins\DDNCadAddins.csproj]
D:\leaveblackgithub\DDNCadAddins\src\DDNCadAddins\DDNCadAddins\Commands\XClipCommand.cs(242,13): warning SA1101: Prefix local calls with this (https://github.com/DotNetAnalyzers/StyleCopAnalyzers/blob/master/documentation/SA1101.md) [D:\leaveblackgithub\DDNCadAddins\src\DDNCadAddins\DDNCadAddins\DDNCadAddins.csproj]
D:\leaveblackgithub\DDNCadAddins\src\DDNCadAddins\DDNCadAddins\Commands\XClipCommand.cs(243,13): warning SA1101: Prefix local calls with this (https://github.com/DotNetAnalyzers/StyleCopAnalyzers/blob/master/documentation/SA1101.md) [D:\leaveblackgithub\DDNCadAddins\src\DDNCadAddins\DDNCadAddins\DDNCadAddins.csproj]
D:\leaveblackgithub\DDNCadAddins\src\DDNCadAddins\DDNCadAddins\Commands\XClipTestCommand.cs(160,40): warning SA1500: Braces for multi-line statements should not share line (https://github.com/DotNetAnalyzers/StyleCopAnalyzers/blob/master/documentation/SA1500.md) [D:\leaveblackgithub\DDNCadAddins\src\DDNCadAddins\DDNCadAddins\DDNCadAddins.csproj]
D:\leaveblackgithub\DDNCadAddins\src\DDNCadAddins\DDNCadAddins\Commands\XClipCommand.cs(244,13): warning SA1101: Prefix local calls with this (https://github.com/DotNetAnalyzers/StyleCopAnalyzers/blob/master/documentation/SA1101.md) [D:\leaveblackgithub\DDNCadAddins\src\DDNCadAddins\DDNCadAddins\DDNCadAddins.csproj]
D:\leaveblackgithub\DDNCadAddins\src\DDNCadAddins\DDNCadAddins\Commands\XClipCommand.cs(245,13): warning SA1101: Prefix local calls with this (https://github.com/DotNetAnalyzers/StyleCopAnalyzers/blob/master/documentation/SA1101.md) [D:\leaveblackgithub\DDNCadAddins\src\DDNCadAddins\DDNCadAddins\DDNCadAddins.csproj]
D:\leaveblackgithub\DDNCadAddins\src\DDNCadAddins\DDNCadAddins\Commands\XClipCommand.cs(246,13): warning SA1101: Prefix local calls with this (https://github.com/DotNetAnalyzers/StyleCopAnalyzers/blob/master/documentation/SA1101.md) [D:\leaveblackgithub\DDNCadAddins\src\DDNCadAddins\DDNCadAddins\DDNCadAddins.csproj]
D:\leaveblackgithub\DDNCadAddins\src\DDNCadAddins\DDNCadAddins\Commands\XClipCommand.cs(247,13): warning SA1101: Prefix local calls with this (https://github.com/DotNetAnalyzers/StyleCopAnalyzers/blob/master/documentation/SA1101.md) [D:\leaveblackgithub\DDNCadAddins\src\DDNCadAddins\DDNCadAddins\DDNCadAddins.csproj]
D:\leaveblackgithub\DDNCadAddins\src\DDNCadAddins\DDNCadAddins\Services\CsvExportService.cs(99,13): warning CA1031: 请修改“ExportToCsv”以捕获更具体的允许异常类型，或者重新抛出该异常 (https://docs.microsoft.com/dotnet/fundamentals/code-analysis/quality-rules/ca1031) [D:\leaveblackgithub\DDNCadAddins\src\DDNCadAddins\DDNCadAddins\DDNCadAddins.csproj]
D:\leaveblackgithub\DDNCadAddins\src\DDNCadAddins\DDNCadAddins\Commands\XClipTestCommand.cs(158,27): warning SA1101: Prefix local calls with this (https://github.com/DotNetAnalyzers/StyleCopAnalyzers/blob/master/documentation/SA1101.md) [D:\leaveblackgithub\DDNCadAddins\src\DDNCadAddins\DDNCadAddins\DDNCadAddins.csproj]
D:\leaveblackgithub\DDNCadAddins\src\DDNCadAddins\DDNCadAddins\Services\BlockReferenceService.cs(323,17): warning SA1101: Prefix local calls with this (https://github.com/DotNetAnalyzers/StyleCopAnalyzers/blob/master/documentation/SA1101.md) [D:\leaveblackgithub\DDNCadAddins\src\DDNCadAddins\DDNCadAddins\DDNCadAddins.csproj]
D:\leaveblackgithub\DDNCadAddins\src\DDNCadAddins\DDNCadAddins\Commands\XClipTestCommand.cs(160,13): warning SA1101: Prefix local calls with this (https://github.com/DotNetAnalyzers/StyleCopAnalyzers/blob/master/documentation/SA1101.md) [D:\leaveblackgithub\DDNCadAddins\src\DDNCadAddins\DDNCadAddins\DDNCadAddins.csproj]
D:\leaveblackgithub\DDNCadAddins\src\DDNCadAddins\DDNCadAddins\Commands\XClipTestCommand.cs(162,30): warning SA1101: Prefix local calls with this (https://github.com/DotNetAnalyzers/StyleCopAnalyzers/blob/master/documentation/SA1101.md) [D:\leaveblackgithub\DDNCadAddins\src\DDNCadAddins\DDNCadAddins\DDNCadAddins.csproj]
D:\leaveblackgithub\DDNCadAddins\src\DDNCadAddins\DDNCadAddins\Commands\XClipTestCommand.cs(164,17): warning SA1101: Prefix local calls with this (https://github.com/DotNetAnalyzers/StyleCopAnalyzers/blob/master/documentation/SA1101.md) [D:\leaveblackgithub\DDNCadAddins\src\DDNCadAddins\DDNCadAddins\DDNCadAddins.csproj]
D:\leaveblackgithub\DDNCadAddins\src\DDNCadAddins\DDNCadAddins\Services\XClipBlockService.Core.cs(207,25): warning SA1413: Use trailing comma in multi-line initializers (https://github.com/DotNetAnalyzers/StyleCopAnalyzers/blob/master/documentation/SA1413.md) [D:\leaveblackgithub\DDNCadAddins\src\DDNCadAddins\DDNCadAddins\DDNCadAddins.csproj]
D:\leaveblackgithub\DDNCadAddins\src\DDNCadAddins\DDNCadAddins\Commands\XClipTestCommand.cs(167,36): warning SA1101: Prefix local calls with this (https://github.com/DotNetAnalyzers/StyleCopAnalyzers/blob/master/documentation/SA1101.md) [D:\leaveblackgithub\DDNCadAddins\src\DDNCadAddins\DDNCadAddins\DDNCadAddins.csproj]
D:\leaveblackgithub\DDNCadAddins\src\DDNCadAddins\DDNCadAddins\Commands\XClipTestCommand.cs(170,35): warning SA1101: Prefix local calls with this (https://github.com/DotNetAnalyzers/StyleCopAnalyzers/blob/master/documentation/SA1101.md) [D:\leaveblackgithub\DDNCadAddins\src\DDNCadAddins\DDNCadAddins\DDNCadAddins.csproj]
D:\leaveblackgithub\DDNCadAddins\src\DDNCadAddins\DDNCadAddins\Commands\XClipTestCommand.cs(174,21): warning SA1101: Prefix local calls with this (https://github.com/DotNetAnalyzers/StyleCopAnalyzers/blob/master/documentation/SA1101.md) [D:\leaveblackgithub\DDNCadAddins\src\DDNCadAddins\DDNCadAddins\DDNCadAddins.csproj]
D:\leaveblackgithub\DDNCadAddins\src\DDNCadAddins\DDNCadAddins\Commands\XClipTestCommand.cs(175,21): warning SA1101: Prefix local calls with this (https://github.com/DotNetAnalyzers/StyleCopAnalyzers/blob/master/documentation/SA1101.md) [D:\leaveblackgithub\DDNCadAddins\src\DDNCadAddins\DDNCadAddins\DDNCadAddins.csproj]
D:\leaveblackgithub\DDNCadAddins\src\DDNCadAddins\DDNCadAddins\Commands\XClipTestCommand.cs(179,21): warning SA1101: Prefix local calls with this (https://github.com/DotNetAnalyzers/StyleCopAnalyzers/blob/master/documentation/SA1101.md) [D:\leaveblackgithub\DDNCadAddins\src\DDNCadAddins\DDNCadAddins\DDNCadAddins.csproj]
D:\leaveblackgithub\DDNCadAddins\src\DDNCadAddins\DDNCadAddins\Commands\XClipTestCommand.cs(160,34): warning SA1116: The parameters should begin on the line after the declaration, whenever the parameter span across multiple lines (https://github.com/DotNetAnalyzers/StyleCopAnalyzers/blob/master/documentation/SA1116.md) [D:\leaveblackgithub\DDNCadAddins\src\DDNCadAddins\DDNCadAddins\DDNCadAddins.csproj]
D:\leaveblackgithub\DDNCadAddins\src\DDNCadAddins\DDNCadAddins\Services\AcadUserInterfaceService.cs(121,17): warning CA1303: 方法“string AcadUserInterfaceService.GetCsvSavePath()”将文本字符串作为“void FileDialog.Title.set”的调用的参数“value”进行传递。改为从资源表检索以下字符串:“保存图块数据到CSV文件”。 (https://docs.microsoft.com/dotnet/fundamentals/code-analysis/quality-rules/ca1303) [D:\leaveblackgithub\DDNCadAddins\src\DDNCadAddins\DDNCadAddins\DDNCadAddins.csproj]
D:\leaveblackgithub\DDNCadAddins\src\DDNCadAddins\DDNCadAddins\Services\XClipBlockService.Core.cs(180,43): warning SA1101: Prefix local calls with this (https://github.com/DotNetAnalyzers/StyleCopAnalyzers/blob/master/documentation/SA1101.md) [D:\leaveblackgithub\DDNCadAddins\src\DDNCadAddins\DDNCadAddins\DDNCadAddins.csproj]
D:\leaveblackgithub\DDNCadAddins\src\DDNCadAddins\DDNCadAddins\Services\XClipBlockService.Core.cs(188,33): warning SA1101: Prefix local calls with this (https://github.com/DotNetAnalyzers/StyleCopAnalyzers/blob/master/documentation/SA1101.md) [D:\leaveblackgithub\DDNCadAddins\src\DDNCadAddins\DDNCadAddins\DDNCadAddins.csproj]
D:\leaveblackgithub\DDNCadAddins\src\DDNCadAddins\DDNCadAddins\Services\XClipBlockService.Core.cs(200,21): warning SA1101: Prefix local calls with this (https://github.com/DotNetAnalyzers/StyleCopAnalyzers/blob/master/documentation/SA1101.md) [D:\leaveblackgithub\DDNCadAddins\src\DDNCadAddins\DDNCadAddins\DDNCadAddins.csproj]
D:\leaveblackgithub\DDNCadAddins\src\DDNCadAddins\DDNCadAddins\Services\AcadUserInterfaceService.cs(122,17): warning CA1303: 方法“string AcadUserInterfaceService.GetCsvSavePath()”将文本字符串作为“void FileDialog.Filter.set”的调用的参数“value”进行传递。改为从资源表检索以下字符串:“CSV文件 (*.csv)|*.csv”。 (https://docs.microsoft.com/dotnet/fundamentals/code-analysis/quality-rules/ca1303) [D:\leaveblackgithub\DDNCadAddins\src\DDNCadAddins\DDNCadAddins\DDNCadAddins.csproj]
D:\leaveblackgithub\DDNCadAddins\src\DDNCadAddins\DDNCadAddins\Services\XClipBlockService.Core.cs(220,25): warning SA1101: Prefix local calls with this (https://github.com/DotNetAnalyzers/StyleCopAnalyzers/blob/master/documentation/SA1101.md) [D:\leaveblackgithub\DDNCadAddins\src\DDNCadAddins\DDNCadAddins\DDNCadAddins.csproj]
D:\leaveblackgithub\DDNCadAddins\src\DDNCadAddins\DDNCadAddins\Services\XClipBlockService.Core.cs(168,13): warning SA1117: The parameters should all be placed on the same line or each parameter should be placed on its own line. (https://github.com/DotNetAnalyzers/StyleCopAnalyzers/blob/master/documentation/SA1117.md) [D:\leaveblackgithub\DDNCadAddins\src\DDNCadAddins\DDNCadAddins\DDNCadAddins.csproj]
D:\leaveblackgithub\DDNCadAddins\src\DDNCadAddins\DDNCadAddins\Commands\XClipTest\XClipTestValidator.cs(191,43): warning CA1062: 在外部可见方法“void XClipTestValidator.VerifyResults(Database db, Dictionary<ObjectId, BlockState> initialStates)”中，先验证参数“initialStates”为非 null，然后再使用。如果适用，在参数为 null 时引发 ArgumentNullException，或添加断言非 null 参数的代码协定前提条件。 (https://docs.microsoft.com/dotnet/fundamentals/code-analysis/quality-rules/ca1062) [D:\leaveblackgithub\DDNCadAddins\src\DDNCadAddins\DDNCadAddins\DDNCadAddins.csproj]
D:\leaveblackgithub\DDNCadAddins\src\DDNCadAddins\DDNCadAddins\Commands\XClipTest\XClipTestValidator.cs(162,37): warning CA1062: 在外部可见方法“void XClipTestValidator.VerifyResults(Database db, Dictionary<ObjectId, BlockState> initialStates)”中，先验证参数“db”为非 null，然后再使用。如果适用，在参数为 null 时引发 ArgumentNullException，或添加断言非 null 参数的代码协定前提条件。 (https://docs.microsoft.com/dotnet/fundamentals/code-analysis/quality-rules/ca1062) [D:\leaveblackgithub\DDNCadAddins\src\DDNCadAddins\DDNCadAddins\DDNCadAddins.csproj]
D:\leaveblackgithub\DDNCadAddins\src\DDNCadAddins\DDNCadAddins\Services\XClipBlockService.Core.cs(129,16): warning SA1117: The parameters should all be placed on the same line or each parameter should be placed on its own line. (https://github.com/DotNetAnalyzers/StyleCopAnalyzers/blob/master/documentation/SA1117.md) [D:\leaveblackgithub\DDNCadAddins\src\DDNCadAddins\DDNCadAddins\DDNCadAddins.csproj]
D:\leaveblackgithub\DDNCadAddins\src\DDNCadAddins\DDNCadAddins\Commands\TestRunner.cs(352,23): warning SA1501: Statement should not be on a single line (https://github.com/DotNetAnalyzers/StyleCopAnalyzers/blob/master/documentation/SA1501.md) [D:\leaveblackgithub\DDNCadAddins\src\DDNCadAddins\DDNCadAddins\DDNCadAddins.csproj]
D:\leaveblackgithub\DDNCadAddins\src\DDNCadAddins\DDNCadAddins\Services\BlockReferenceService.cs(319,13): warning CA1031: 请修改“ExecuteXClipCommand”以捕获更具体的允许异常类型，或者重新抛出该异常 (https://docs.microsoft.com/dotnet/fundamentals/code-analysis/quality-rules/ca1031) [D:\leaveblackgithub\DDNCadAddins\src\DDNCadAddins\DDNCadAddins\DDNCadAddins.csproj]
D:\leaveblackgithub\DDNCadAddins\src\DDNCadAddins\DDNCadAddins\Services\AcadUserInterfaceService.cs(38,24): warning CA1822: 成员“GetCurrentEditor”不访问实例数据，可标记为 static (https://docs.microsoft.com/dotnet/fundamentals/code-analysis/quality-rules/ca1822) [D:\leaveblackgithub\DDNCadAddins\src\DDNCadAddins\DDNCadAddins\DDNCadAddins.csproj]
D:\leaveblackgithub\DDNCadAddins\src\DDNCadAddins\DDNCadAddins\Infrastructure\ServiceLocator.cs(153,44): warning SA1127: Generic type constraints should be on their own line (https://github.com/DotNetAnalyzers/StyleCopAnalyzers/blob/master/documentation/SA1127.md) [D:\leaveblackgithub\DDNCadAddins\src\DDNCadAddins\DDNCadAddins\DDNCadAddins.csproj]
D:\leaveblackgithub\DDNCadAddins\src\DDNCadAddins\DDNCadAddins\Services\XClipBlockService.Core.cs(224,13): warning CA1031: 请修改“ProcessBlockReference”以捕获更具体的允许异常类型，或者重新抛出该异常 (https://docs.microsoft.com/dotnet/fundamentals/code-analysis/quality-rules/ca1031) [D:\leaveblackgithub\DDNCadAddins\src\DDNCadAddins\DDNCadAddins\DDNCadAddins.csproj]
D:\leaveblackgithub\DDNCadAddins\src\DDNCadAddins\DDNCadAddins\Infrastructure\ServiceLocator.cs(178,25): warning CA1031: 请修改“CreateCommand”以捕获更具体的允许异常类型，或者重新抛出该异常 (https://docs.microsoft.com/dotnet/fundamentals/code-analysis/quality-rules/ca1031) [D:\leaveblackgithub\DDNCadAddins\src\DDNCadAddins\DDNCadAddins\DDNCadAddins.csproj]
D:\leaveblackgithub\DDNCadAddins\src\DDNCadAddins\DDNCadAddins\Commands\TestRunner.cs(303,13): warning SA1101: Prefix local calls with this (https://github.com/DotNetAnalyzers/StyleCopAnalyzers/blob/master/documentation/SA1101.md) [D:\leaveblackgithub\DDNCadAddins\src\DDNCadAddins\DDNCadAddins\DDNCadAddins.csproj]
D:\leaveblackgithub\DDNCadAddins\src\DDNCadAddins\DDNCadAddins\Commands\XClipTestCommand.cs(245,40): warning SA1500: Braces for multi-line statements should not share line (https://github.com/DotNetAnalyzers/StyleCopAnalyzers/blob/master/documentation/SA1500.md) [D:\leaveblackgithub\DDNCadAddins\src\DDNCadAddins\DDNCadAddins\DDNCadAddins.csproj]
D:\leaveblackgithub\DDNCadAddins\src\DDNCadAddins\DDNCadAddins\Commands\XClipTestCommand.cs(285,25): warning SA1503: Braces should not be omitted (https://github.com/DotNetAnalyzers/StyleCopAnalyzers/blob/master/documentation/SA1503.md) [D:\leaveblackgithub\DDNCadAddins\src\DDNCadAddins\DDNCadAddins\DDNCadAddins.csproj]
D:\leaveblackgithub\DDNCadAddins\src\DDNCadAddins\DDNCadAddins\Commands\XClipTestCommand.cs(288,25): warning SA1503: Braces should not be omitted (https://github.com/DotNetAnalyzers/StyleCopAnalyzers/blob/master/documentation/SA1503.md) [D:\leaveblackgithub\DDNCadAddins\src\DDNCadAddins\DDNCadAddins\DDNCadAddins.csproj]
D:\leaveblackgithub\DDNCadAddins\src\DDNCadAddins\DDNCadAddins\Commands\TestRunner.cs(361,17): warning SA1101: Prefix local calls with this (https://github.com/DotNetAnalyzers/StyleCopAnalyzers/blob/master/documentation/SA1101.md) [D:\leaveblackgithub\DDNCadAddins\src\DDNCadAddins\DDNCadAddins\DDNCadAddins.csproj]
D:\leaveblackgithub\DDNCadAddins\src\DDNCadAddins\DDNCadAddins\Commands\TestRunner.cs(364,17): warning SA1101: Prefix local calls with this (https://github.com/DotNetAnalyzers/StyleCopAnalyzers/blob/master/documentation/SA1101.md) [D:\leaveblackgithub\DDNCadAddins\src\DDNCadAddins\DDNCadAddins\DDNCadAddins.csproj]
D:\leaveblackgithub\DDNCadAddins\src\DDNCadAddins\DDNCadAddins\Commands\TestRunner.cs(368,25): warning SA1101: Prefix local calls with this (https://github.com/DotNetAnalyzers/StyleCopAnalyzers/blob/master/documentation/SA1101.md) [D:\leaveblackgithub\DDNCadAddins\src\DDNCadAddins\DDNCadAddins\DDNCadAddins.csproj]
D:\leaveblackgithub\DDNCadAddins\src\DDNCadAddins\DDNCadAddins\Commands\TestRunner.cs(406,33): warning SA1503: Braces should not be omitted (https://github.com/DotNetAnalyzers/StyleCopAnalyzers/blob/master/documentation/SA1503.md) [D:\leaveblackgithub\DDNCadAddins\src\DDNCadAddins\DDNCadAddins\DDNCadAddins.csproj]
D:\leaveblackgithub\DDNCadAddins\src\DDNCadAddins\DDNCadAddins\Commands\TestRunner.cs(371,25): warning SA1101: Prefix local calls with this (https://github.com/DotNetAnalyzers/StyleCopAnalyzers/blob/master/documentation/SA1101.md) [D:\leaveblackgithub\DDNCadAddins\src\DDNCadAddins\DDNCadAddins\DDNCadAddins.csproj]
D:\leaveblackgithub\DDNCadAddins\src\DDNCadAddins\DDNCadAddins\Commands\TestRunner.cs(374,25): warning SA1101: Prefix local calls with this (https://github.com/DotNetAnalyzers/StyleCopAnalyzers/blob/master/documentation/SA1101.md) [D:\leaveblackgithub\DDNCadAddins\src\DDNCadAddins\DDNCadAddins\DDNCadAddins.csproj]
D:\leaveblackgithub\DDNCadAddins\src\DDNCadAddins\DDNCadAddins\Commands\TestRunner.cs(379,17): warning SA1101: Prefix local calls with this (https://github.com/DotNetAnalyzers/StyleCopAnalyzers/blob/master/documentation/SA1101.md) [D:\leaveblackgithub\DDNCadAddins\src\DDNCadAddins\DDNCadAddins\DDNCadAddins.csproj]
D:\leaveblackgithub\DDNCadAddins\src\DDNCadAddins\DDNCadAddins\Commands\TestRunner.cs(383,30): warning SA1101: Prefix local calls with this (https://github.com/DotNetAnalyzers/StyleCopAnalyzers/blob/master/documentation/SA1101.md) [D:\leaveblackgithub\DDNCadAddins\src\DDNCadAddins\DDNCadAddins\DDNCadAddins.csproj]
D:\leaveblackgithub\DDNCadAddins\src\DDNCadAddins\DDNCadAddins\Commands\XClipTest\XClipTestCreator2.cs(169,42): warning CA1062: 在外部可见方法“void XClipTestCreator.SetLayerFrozen(Transaction tr, Database db, string layerName, bool frozen)”中，先验证参数“db”为非 null，然后再使用。如果适用，在参数为 null 时引发 ArgumentNullException，或添加断言非 null 参数的代码协定前提条件。 (https://docs.microsoft.com/dotnet/fundamentals/code-analysis/quality-rules/ca1062) [D:\leaveblackgithub\DDNCadAddins\src\DDNCadAddins\DDNCadAddins\DDNCadAddins.csproj]
D:\leaveblackgithub\DDNCadAddins\src\DDNCadAddins\DDNCadAddins\Commands\XClipTest\XClipTestCreator2.cs(187,46): warning CA1062: 在外部可见方法“void XClipTestCreator.LoadLineType(Transaction tr, Database db, string lineTypeName)”中，先验证参数“db”为非 null，然后再使用。如果适用，在参数为 null 时引发 ArgumentNullException，或添加断言非 null 参数的代码协定前提条件。 (https://docs.microsoft.com/dotnet/fundamentals/code-analysis/quality-rules/ca1062) [D:\leaveblackgithub\DDNCadAddins\src\DDNCadAddins\DDNCadAddins\DDNCadAddins.csproj]
D:\leaveblackgithub\DDNCadAddins\src\DDNCadAddins\DDNCadAddins\Commands\XClipTest\XClipTestCreator2.cs(169,29): warning CA1062: 在外部可见方法“void XClipTestCreator.SetLayerFrozen(Transaction tr, Database db, string layerName, bool frozen)”中，先验证参数“tr”为非 null，然后再使用。如果适用，在参数为 null 时引发 ArgumentNullException，或添加断言非 null 参数的代码协定前提条件。 (https://docs.microsoft.com/dotnet/fundamentals/code-analysis/quality-rules/ca1062) [D:\leaveblackgithub\DDNCadAddins\src\DDNCadAddins\DDNCadAddins\DDNCadAddins.csproj]
D:\leaveblackgithub\DDNCadAddins\src\DDNCadAddins\DDNCadAddins\Commands\XClipTest\XClipTestCreator2.cs(187,33): warning CA1062: 在外部可见方法“void XClipTestCreator.LoadLineType(Transaction tr, Database db, string lineTypeName)”中，先验证参数“tr”为非 null，然后再使用。如果适用，在参数为 null 时引发 ArgumentNullException，或添加断言非 null 参数的代码协定前提条件。 (https://docs.microsoft.com/dotnet/fundamentals/code-analysis/quality-rules/ca1062) [D:\leaveblackgithub\DDNCadAddins\src\DDNCadAddins\DDNCadAddins\DDNCadAddins.csproj]
D:\leaveblackgithub\DDNCadAddins\src\DDNCadAddins\DDNCadAddins\Commands\TestRunner.cs(405,26): warning SA1101: Prefix local calls with this (https://github.com/DotNetAnalyzers/StyleCopAnalyzers/blob/master/documentation/SA1101.md) [D:\leaveblackgithub\DDNCadAddins\src\DDNCadAddins\DDNCadAddins\DDNCadAddins.csproj]
D:\leaveblackgithub\DDNCadAddins\src\DDNCadAddins\DDNCadAddins\Commands\TestRunner.cs(409,41): warning SA1101: Prefix local calls with this (https://github.com/DotNetAnalyzers/StyleCopAnalyzers/blob/master/documentation/SA1101.md) [D:\leaveblackgithub\DDNCadAddins\src\DDNCadAddins\DDNCadAddins\DDNCadAddins.csproj]
D:\leaveblackgithub\DDNCadAddins\src\DDNCadAddins\DDNCadAddins\Commands\TestRunner.cs(410,40): warning SA1101: Prefix local calls with this (https://github.com/DotNetAnalyzers/StyleCopAnalyzers/blob/master/documentation/SA1101.md) [D:\leaveblackgithub\DDNCadAddins\src\DDNCadAddins\DDNCadAddins\DDNCadAddins.csproj]
D:\leaveblackgithub\DDNCadAddins\src\DDNCadAddins\DDNCadAddins\Commands\TestRunner.cs(411,40): warning SA1101: Prefix local calls with this (https://github.com/DotNetAnalyzers/StyleCopAnalyzers/blob/master/documentation/SA1101.md) [D:\leaveblackgithub\DDNCadAddins\src\DDNCadAddins\DDNCadAddins\DDNCadAddins.csproj]
D:\leaveblackgithub\DDNCadAddins\src\DDNCadAddins\DDNCadAddins\Commands\TestRunner.cs(412,40): warning SA1101: Prefix local calls with this (https://github.com/DotNetAnalyzers/StyleCopAnalyzers/blob/master/documentation/SA1101.md) [D:\leaveblackgithub\DDNCadAddins\src\DDNCadAddins\DDNCadAddins\DDNCadAddins.csproj]
D:\leaveblackgithub\DDNCadAddins\src\DDNCadAddins\DDNCadAddins\Commands\TestRunner.cs(413,41): warning SA1101: Prefix local calls with this (https://github.com/DotNetAnalyzers/StyleCopAnalyzers/blob/master/documentation/SA1101.md) [D:\leaveblackgithub\DDNCadAddins\src\DDNCadAddins\DDNCadAddins\DDNCadAddins.csproj]
D:\leaveblackgithub\DDNCadAddins\src\DDNCadAddins\DDNCadAddins\Commands\XClipTest\XClipTestCreator2.cs(184,21): warning CA1822: 成员“LoadLineType”不访问实例数据，可标记为 static (https://docs.microsoft.com/dotnet/fundamentals/code-analysis/quality-rules/ca1822) [D:\leaveblackgithub\DDNCadAddins\src\DDNCadAddins\DDNCadAddins\DDNCadAddins.csproj]
D:\leaveblackgithub\DDNCadAddins\src\DDNCadAddins\DDNCadAddins\Commands\XClipTest\XClipTestCreator2.cs(166,21): warning CA1822: 成员“SetLayerFrozen”不访问实例数据，可标记为 static (https://docs.microsoft.com/dotnet/fundamentals/code-analysis/quality-rules/ca1822) [D:\leaveblackgithub\DDNCadAddins\src\DDNCadAddins\DDNCadAddins\DDNCadAddins.csproj]
D:\leaveblackgithub\DDNCadAddins\src\DDNCadAddins\DDNCadAddins\Commands\XClipTestCommand.cs(243,27): warning SA1101: Prefix local calls with this (https://github.com/DotNetAnalyzers/StyleCopAnalyzers/blob/master/documentation/SA1101.md) [D:\leaveblackgithub\DDNCadAddins\src\DDNCadAddins\DDNCadAddins\DDNCadAddins.csproj]
D:\leaveblackgithub\DDNCadAddins\src\DDNCadAddins\DDNCadAddins\Commands\XClipTestCommand.cs(245,13): warning SA1101: Prefix local calls with this (https://github.com/DotNetAnalyzers/StyleCopAnalyzers/blob/master/documentation/SA1101.md) [D:\leaveblackgithub\DDNCadAddins\src\DDNCadAddins\DDNCadAddins\DDNCadAddins.csproj]
D:\leaveblackgithub\DDNCadAddins\src\DDNCadAddins\DDNCadAddins\Commands\XClipTest\XClipTestCreator3.cs(36,25): warning SA1503: Braces should not be omitted (https://github.com/DotNetAnalyzers/StyleCopAnalyzers/blob/master/documentation/SA1503.md) [D:\leaveblackgithub\DDNCadAddins\src\DDNCadAddins\DDNCadAddins\DDNCadAddins.csproj]
D:\leaveblackgithub\DDNCadAddins\src\DDNCadAddins\DDNCadAddins\Commands\XClipTest\XClipTestCreator3.cs(57,25): warning SA1503: Braces should not be omitted (https://github.com/DotNetAnalyzers/StyleCopAnalyzers/blob/master/documentation/SA1503.md) [D:\leaveblackgithub\DDNCadAddins\src\DDNCadAddins\DDNCadAddins\DDNCadAddins.csproj]
D:\leaveblackgithub\DDNCadAddins\src\DDNCadAddins\DDNCadAddins\Commands\XClipTestCommand.cs(247,30): warning SA1101: Prefix local calls with this (https://github.com/DotNetAnalyzers/StyleCopAnalyzers/blob/master/documentation/SA1101.md) [D:\leaveblackgithub\DDNCadAddins\src\DDNCadAddins\DDNCadAddins\DDNCadAddins.csproj]
D:\leaveblackgithub\DDNCadAddins\src\DDNCadAddins\DDNCadAddins\Commands\XClipTestCommand.cs(249,17): warning SA1101: Prefix local calls with this (https://github.com/DotNetAnalyzers/StyleCopAnalyzers/blob/master/documentation/SA1101.md) [D:\leaveblackgithub\DDNCadAddins\src\DDNCadAddins\DDNCadAddins\DDNCadAddins.csproj]
D:\leaveblackgithub\DDNCadAddins\src\DDNCadAddins\DDNCadAddins\Commands\XClipTestCommand.cs(300,40): warning SA1500: Braces for multi-line statements should not share line (https://github.com/DotNetAnalyzers/StyleCopAnalyzers/blob/master/documentation/SA1500.md) [D:\leaveblackgithub\DDNCadAddins\src\DDNCadAddins\DDNCadAddins\DDNCadAddins.csproj]
D:\leaveblackgithub\DDNCadAddins\src\DDNCadAddins\DDNCadAddins\Commands\XClipTestCommand.cs(191,40): warning SA1500: Braces for multi-line statements should not share line (https://github.com/DotNetAnalyzers/StyleCopAnalyzers/blob/master/documentation/SA1500.md) [D:\leaveblackgithub\DDNCadAddins\src\DDNCadAddins\DDNCadAddins\DDNCadAddins.csproj]
D:\leaveblackgithub\DDNCadAddins\src\DDNCadAddins\DDNCadAddins\Commands\XClipTestCommand.cs(252,44): warning SA1101: Prefix local calls with this (https://github.com/DotNetAnalyzers/StyleCopAnalyzers/blob/master/documentation/SA1101.md) [D:\leaveblackgithub\DDNCadAddins\src\DDNCadAddins\DDNCadAddins\DDNCadAddins.csproj]
D:\leaveblackgithub\DDNCadAddins\src\DDNCadAddins\DDNCadAddins\Commands\XClipTestCommand.cs(260,45): warning SA1101: Prefix local calls with this (https://github.com/DotNetAnalyzers/StyleCopAnalyzers/blob/master/documentation/SA1101.md) [D:\leaveblackgithub\DDNCadAddins\src\DDNCadAddins\DDNCadAddins\DDNCadAddins.csproj]
D:\leaveblackgithub\DDNCadAddins\src\DDNCadAddins\DDNCadAddins\Commands\XClipTestCommand.cs(263,37): warning SA1101: Prefix local calls with this (https://github.com/DotNetAnalyzers/StyleCopAnalyzers/blob/master/documentation/SA1101.md) [D:\leaveblackgithub\DDNCadAddins\src\DDNCadAddins\DDNCadAddins\DDNCadAddins.csproj]
D:\leaveblackgithub\DDNCadAddins\src\DDNCadAddins\DDNCadAddins\Commands\XClipTestCommand.cs(347,40): warning SA1500: Braces for multi-line statements should not share line (https://github.com/DotNetAnalyzers/StyleCopAnalyzers/blob/master/documentation/SA1500.md) [D:\leaveblackgithub\DDNCadAddins\src\DDNCadAddins\DDNCadAddins\DDNCadAddins.csproj]
D:\leaveblackgithub\DDNCadAddins\src\DDNCadAddins\DDNCadAddins\Commands\XClipTestCommand.cs(269,44): warning SA1101: Prefix local calls with this (https://github.com/DotNetAnalyzers/StyleCopAnalyzers/blob/master/documentation/SA1101.md) [D:\leaveblackgithub\DDNCadAddins\src\DDNCadAddins\DDNCadAddins\DDNCadAddins.csproj]
D:\leaveblackgithub\DDNCadAddins\src\DDNCadAddins\DDNCadAddins\Commands\XClipTestCommand.cs(272,43): warning SA1101: Prefix local calls with this (https://github.com/DotNetAnalyzers/StyleCopAnalyzers/blob/master/documentation/SA1101.md) [D:\leaveblackgithub\DDNCadAddins\src\DDNCadAddins\DDNCadAddins\DDNCadAddins.csproj]
D:\leaveblackgithub\DDNCadAddins\src\DDNCadAddins\DDNCadAddins\Commands\XClipTestCommand.cs(274,21): warning SA1101: Prefix local calls with this (https://github.com/DotNetAnalyzers/StyleCopAnalyzers/blob/master/documentation/SA1101.md) [D:\leaveblackgithub\DDNCadAddins\src\DDNCadAddins\DDNCadAddins\DDNCadAddins.csproj]
D:\leaveblackgithub\DDNCadAddins\src\DDNCadAddins\DDNCadAddins\Commands\XClipTestCommand.cs(279,21): warning SA1101: Prefix local calls with this (https://github.com/DotNetAnalyzers/StyleCopAnalyzers/blob/master/documentation/SA1101.md) [D:\leaveblackgithub\DDNCadAddins\src\DDNCadAddins\DDNCadAddins\DDNCadAddins.csproj]
D:\leaveblackgithub\DDNCadAddins\src\DDNCadAddins\DDNCadAddins\Commands\XClipTestCommand.cs(280,21): warning SA1101: Prefix local calls with this (https://github.com/DotNetAnalyzers/StyleCopAnalyzers/blob/master/documentation/SA1101.md) [D:\leaveblackgithub\DDNCadAddins\src\DDNCadAddins\DDNCadAddins\DDNCadAddins.csproj]
D:\leaveblackgithub\DDNCadAddins\src\DDNCadAddins\DDNCadAddins\Commands\XClipTestCommand.cs(285,25): warning SA1101: Prefix local calls with this (https://github.com/DotNetAnalyzers/StyleCopAnalyzers/blob/master/documentation/SA1101.md) [D:\leaveblackgithub\DDNCadAddins\src\DDNCadAddins\DDNCadAddins\DDNCadAddins.csproj]
D:\leaveblackgithub\DDNCadAddins\src\DDNCadAddins\DDNCadAddins\Commands\XClipTestCommand.cs(288,25): warning SA1101: Prefix local calls with this (https://github.com/DotNetAnalyzers/StyleCopAnalyzers/blob/master/documentation/SA1101.md) [D:\leaveblackgithub\DDNCadAddins\src\DDNCadAddins\DDNCadAddins\DDNCadAddins.csproj]
D:\leaveblackgithub\DDNCadAddins\src\DDNCadAddins\DDNCadAddins\Commands\XClipTestCommand.cs(345,27): warning SA1101: Prefix local calls with this (https://github.com/DotNetAnalyzers/StyleCopAnalyzers/blob/master/documentation/SA1101.md) [D:\leaveblackgithub\DDNCadAddins\src\DDNCadAddins\DDNCadAddins\DDNCadAddins.csproj]
D:\leaveblackgithub\DDNCadAddins\src\DDNCadAddins\DDNCadAddins\Commands\XClipTestCommand.cs(347,13): warning SA1101: Prefix local calls with this (https://github.com/DotNetAnalyzers/StyleCopAnalyzers/blob/master/documentation/SA1101.md) [D:\leaveblackgithub\DDNCadAddins\src\DDNCadAddins\DDNCadAddins\DDNCadAddins.csproj]
D:\leaveblackgithub\DDNCadAddins\src\DDNCadAddins\DDNCadAddins\Commands\XClipTestCommand.cs(349,30): warning SA1101: Prefix local calls with this (https://github.com/DotNetAnalyzers/StyleCopAnalyzers/blob/master/documentation/SA1101.md) [D:\leaveblackgithub\DDNCadAddins\src\DDNCadAddins\DDNCadAddins\DDNCadAddins.csproj]
D:\leaveblackgithub\DDNCadAddins\src\DDNCadAddins\DDNCadAddins\Commands\XClipTestCommand.cs(351,17): warning SA1101: Prefix local calls with this (https://github.com/DotNetAnalyzers/StyleCopAnalyzers/blob/master/documentation/SA1101.md) [D:\leaveblackgithub\DDNCadAddins\src\DDNCadAddins\DDNCadAddins\DDNCadAddins.csproj]
D:\leaveblackgithub\DDNCadAddins\src\DDNCadAddins\DDNCadAddins\Commands\XClipTestCommand.cs(298,27): warning SA1101: Prefix local calls with this (https://github.com/DotNetAnalyzers/StyleCopAnalyzers/blob/master/documentation/SA1101.md) [D:\leaveblackgithub\DDNCadAddins\src\DDNCadAddins\DDNCadAddins\DDNCadAddins.csproj]
D:\leaveblackgithub\DDNCadAddins\src\DDNCadAddins\DDNCadAddins\Commands\XClipTestCommand.cs(300,13): warning SA1101: Prefix local calls with this (https://github.com/DotNetAnalyzers/StyleCopAnalyzers/blob/master/documentation/SA1101.md) [D:\leaveblackgithub\DDNCadAddins\src\DDNCadAddins\DDNCadAddins\DDNCadAddins.csproj]
D:\leaveblackgithub\DDNCadAddins\src\DDNCadAddins\DDNCadAddins\Commands\XClipTestCommand.cs(354,45): warning SA1101: Prefix local calls with this (https://github.com/DotNetAnalyzers/StyleCopAnalyzers/blob/master/documentation/SA1101.md) [D:\leaveblackgithub\DDNCadAddins\src\DDNCadAddins\DDNCadAddins\DDNCadAddins.csproj]
D:\leaveblackgithub\DDNCadAddins\src\DDNCadAddins\DDNCadAddins\Commands\XClipTestCommand.cs(189,27): warning SA1101: Prefix local calls with this (https://github.com/DotNetAnalyzers/StyleCopAnalyzers/blob/master/documentation/SA1101.md) [D:\leaveblackgithub\DDNCadAddins\src\DDNCadAddins\DDNCadAddins\DDNCadAddins.csproj]
D:\leaveblackgithub\DDNCadAddins\src\DDNCadAddins\DDNCadAddins\Commands\XClipTestCommand.cs(191,13): warning SA1101: Prefix local calls with this (https://github.com/DotNetAnalyzers/StyleCopAnalyzers/blob/master/documentation/SA1101.md) [D:\leaveblackgithub\DDNCadAddins\src\DDNCadAddins\DDNCadAddins\DDNCadAddins.csproj]
D:\leaveblackgithub\DDNCadAddins\src\DDNCadAddins\DDNCadAddins\Commands\XClipTestCommand.cs(302,30): warning SA1101: Prefix local calls with this (https://github.com/DotNetAnalyzers/StyleCopAnalyzers/blob/master/documentation/SA1101.md) [D:\leaveblackgithub\DDNCadAddins\src\DDNCadAddins\DDNCadAddins\DDNCadAddins.csproj]
D:\leaveblackgithub\DDNCadAddins\src\DDNCadAddins\DDNCadAddins\Commands\XClipTestCommand.cs(357,35): warning SA1101: Prefix local calls with this (https://github.com/DotNetAnalyzers/StyleCopAnalyzers/blob/master/documentation/SA1101.md) [D:\leaveblackgithub\DDNCadAddins\src\DDNCadAddins\DDNCadAddins\DDNCadAddins.csproj]
D:\leaveblackgithub\DDNCadAddins\src\DDNCadAddins\DDNCadAddins\Commands\XClipTestCommand.cs(193,30): warning SA1101: Prefix local calls with this (https://github.com/DotNetAnalyzers/StyleCopAnalyzers/blob/master/documentation/SA1101.md) [D:\leaveblackgithub\DDNCadAddins\src\DDNCadAddins\DDNCadAddins\DDNCadAddins.csproj]
D:\leaveblackgithub\DDNCadAddins\src\DDNCadAddins\DDNCadAddins\Commands\XClipTest\XClipTestCreator3.cs(86,44): warning SA1101: Prefix local calls with this (https://github.com/DotNetAnalyzers/StyleCopAnalyzers/blob/master/documentation/SA1101.md) [D:\leaveblackgithub\DDNCadAddins\src\DDNCadAddins\DDNCadAddins\DDNCadAddins.csproj]
D:\leaveblackgithub\DDNCadAddins\src\DDNCadAddins\DDNCadAddins\Commands\XClipTestCommand.cs(304,17): warning SA1101: Prefix local calls with this (https://github.com/DotNetAnalyzers/StyleCopAnalyzers/blob/master/documentation/SA1101.md) [D:\leaveblackgithub\DDNCadAddins\src\DDNCadAddins\DDNCadAddins\DDNCadAddins.csproj]
D:\leaveblackgithub\DDNCadAddins\src\DDNCadAddins\DDNCadAddins\Commands\XClipTestCommand.cs(361,21): warning SA1101: Prefix local calls with this (https://github.com/DotNetAnalyzers/StyleCopAnalyzers/blob/master/documentation/SA1101.md) [D:\leaveblackgithub\DDNCadAddins\src\DDNCadAddins\DDNCadAddins\DDNCadAddins.csproj]
D:\leaveblackgithub\DDNCadAddins\src\DDNCadAddins\DDNCadAddins\Commands\XClipTestCommand.cs(195,17): warning SA1101: Prefix local calls with this (https://github.com/DotNetAnalyzers/StyleCopAnalyzers/blob/master/documentation/SA1101.md) [D:\leaveblackgithub\DDNCadAddins\src\DDNCadAddins\DDNCadAddins\DDNCadAddins.csproj]
D:\leaveblackgithub\DDNCadAddins\src\DDNCadAddins\DDNCadAddins\Commands\XClipTestCommand.cs(362,21): warning SA1101: Prefix local calls with this (https://github.com/DotNetAnalyzers/StyleCopAnalyzers/blob/master/documentation/SA1101.md) [D:\leaveblackgithub\DDNCadAddins\src\DDNCadAddins\DDNCadAddins\DDNCadAddins.csproj]
D:\leaveblackgithub\DDNCadAddins\src\DDNCadAddins\DDNCadAddins\Commands\XClipTestCommand.cs(202,41): warning SA1101: Prefix local calls with this (https://github.com/DotNetAnalyzers/StyleCopAnalyzers/blob/master/documentation/SA1101.md) [D:\leaveblackgithub\DDNCadAddins\src\DDNCadAddins\DDNCadAddins\DDNCadAddins.csproj]
D:\leaveblackgithub\DDNCadAddins\src\DDNCadAddins\DDNCadAddins\Commands\XClipTestCommand.cs(309,21): warning SA1101: Prefix local calls with this (https://github.com/DotNetAnalyzers/StyleCopAnalyzers/blob/master/documentation/SA1101.md) [D:\leaveblackgithub\DDNCadAddins\src\DDNCadAddins\DDNCadAddins\DDNCadAddins.csproj]
D:\leaveblackgithub\DDNCadAddins\src\DDNCadAddins\DDNCadAddins\Commands\XClipTestCommand.cs(363,21): warning SA1101: Prefix local calls with this (https://github.com/DotNetAnalyzers/StyleCopAnalyzers/blob/master/documentation/SA1101.md) [D:\leaveblackgithub\DDNCadAddins\src\DDNCadAddins\DDNCadAddins\DDNCadAddins.csproj]
D:\leaveblackgithub\DDNCadAddins\src\DDNCadAddins\DDNCadAddins\Commands\XClipTestCommand.cs(367,21): warning SA1101: Prefix local calls with this (https://github.com/DotNetAnalyzers/StyleCopAnalyzers/blob/master/documentation/SA1101.md) [D:\leaveblackgithub\DDNCadAddins\src\DDNCadAddins\DDNCadAddins\DDNCadAddins.csproj]
D:\leaveblackgithub\DDNCadAddins\src\DDNCadAddins\DDNCadAddins\Commands\XClipTestCommand.cs(312,21): warning SA1101: Prefix local calls with this (https://github.com/DotNetAnalyzers/StyleCopAnalyzers/blob/master/documentation/SA1101.md) [D:\leaveblackgithub\DDNCadAddins\src\DDNCadAddins\DDNCadAddins\DDNCadAddins.csproj]
D:\leaveblackgithub\DDNCadAddins\src\DDNCadAddins\DDNCadAddins\Commands\XClipTestCommand.cs(205,41): warning SA1101: Prefix local calls with this (https://github.com/DotNetAnalyzers/StyleCopAnalyzers/blob/master/documentation/SA1101.md) [D:\leaveblackgithub\DDNCadAddins\src\DDNCadAddins\DDNCadAddins\DDNCadAddins.csproj]
D:\leaveblackgithub\DDNCadAddins\src\DDNCadAddins\DDNCadAddins\Commands\XClipTestCommand.cs(318,43): warning SA1101: Prefix local calls with this (https://github.com/DotNetAnalyzers/StyleCopAnalyzers/blob/master/documentation/SA1101.md) [D:\leaveblackgithub\DDNCadAddins\src\DDNCadAddins\DDNCadAddins\DDNCadAddins.csproj]
D:\leaveblackgithub\DDNCadAddins\src\DDNCadAddins\DDNCadAddins\Commands\XClipTestCommand.cs(208,41): warning SA1101: Prefix local calls with this (https://github.com/DotNetAnalyzers/StyleCopAnalyzers/blob/master/documentation/SA1101.md) [D:\leaveblackgithub\DDNCadAddins\src\DDNCadAddins\DDNCadAddins\DDNCadAddins.csproj]
D:\leaveblackgithub\DDNCadAddins\src\DDNCadAddins\DDNCadAddins\Commands\XClipTestCommand.cs(321,35): warning SA1101: Prefix local calls with this (https://github.com/DotNetAnalyzers/StyleCopAnalyzers/blob/master/documentation/SA1101.md) [D:\leaveblackgithub\DDNCadAddins\src\DDNCadAddins\DDNCadAddins\DDNCadAddins.csproj]
D:\leaveblackgithub\DDNCadAddins\src\DDNCadAddins\DDNCadAddins\Commands\XClipTestCommand.cs(214,43): warning SA1101: Prefix local calls with this (https://github.com/DotNetAnalyzers/StyleCopAnalyzers/blob/master/documentation/SA1101.md) [D:\leaveblackgithub\DDNCadAddins\src\DDNCadAddins\DDNCadAddins\DDNCadAddins.csproj]
D:\leaveblackgithub\DDNCadAddins\src\DDNCadAddins\DDNCadAddins\Commands\XClipTestCommand.cs(347,34): warning SA1116: The parameters should begin on the line after the declaration, whenever the parameter span across multiple lines (https://github.com/DotNetAnalyzers/StyleCopAnalyzers/blob/master/documentation/SA1116.md) [D:\leaveblackgithub\DDNCadAddins\src\DDNCadAddins\DDNCadAddins\DDNCadAddins.csproj]
D:\leaveblackgithub\DDNCadAddins\src\DDNCadAddins\DDNCadAddins\Commands\XClipTestCommand.cs(325,21): warning SA1101: Prefix local calls with this (https://github.com/DotNetAnalyzers/StyleCopAnalyzers/blob/master/documentation/SA1101.md) [D:\leaveblackgithub\DDNCadAddins\src\DDNCadAddins\DDNCadAddins\DDNCadAddins.csproj]
D:\leaveblackgithub\DDNCadAddins\src\DDNCadAddins\DDNCadAddins\Commands\XClipTest\XClipTestCreator3.cs(108,17): warning SA1503: Braces should not be omitted (https://github.com/DotNetAnalyzers/StyleCopAnalyzers/blob/master/documentation/SA1503.md) [D:\leaveblackgithub\DDNCadAddins\src\DDNCadAddins\DDNCadAddins\DDNCadAddins.csproj]
D:\leaveblackgithub\DDNCadAddins\src\DDNCadAddins\DDNCadAddins\Commands\XClipTest\XClipTestCreator3.cs(114,17): warning SA1503: Braces should not be omitted (https://github.com/DotNetAnalyzers/StyleCopAnalyzers/blob/master/documentation/SA1503.md) [D:\leaveblackgithub\DDNCadAddins\src\DDNCadAddins\DDNCadAddins\DDNCadAddins.csproj]
D:\leaveblackgithub\DDNCadAddins\src\DDNCadAddins\DDNCadAddins\Commands\XClipTest\XClipTestCreator3.cs(125,25): warning SA1503: Braces should not be omitted (https://github.com/DotNetAnalyzers/StyleCopAnalyzers/blob/master/documentation/SA1503.md) [D:\leaveblackgithub\DDNCadAddins\src\DDNCadAddins\DDNCadAddins\DDNCadAddins.csproj]
D:\leaveblackgithub\DDNCadAddins\src\DDNCadAddins\DDNCadAddins\Commands\XClipTestCommand.cs(219,39): warning SA1101: Prefix local calls with this (https://github.com/DotNetAnalyzers/StyleCopAnalyzers/blob/master/documentation/SA1101.md) [D:\leaveblackgithub\DDNCadAddins\src\DDNCadAddins\DDNCadAddins\DDNCadAddins.csproj]
D:\leaveblackgithub\DDNCadAddins\src\DDNCadAddins\DDNCadAddins\Commands\XClipTestCommand.cs(326,21): warning SA1101: Prefix local calls with this (https://github.com/DotNetAnalyzers/StyleCopAnalyzers/blob/master/documentation/SA1101.md) [D:\leaveblackgithub\DDNCadAddins\src\DDNCadAddins\DDNCadAddins\DDNCadAddins.csproj]
D:\leaveblackgithub\DDNCadAddins\src\DDNCadAddins\DDNCadAddins\Commands\XClipTestCommand.cs(327,21): warning SA1101: Prefix local calls with this (https://github.com/DotNetAnalyzers/StyleCopAnalyzers/blob/master/documentation/SA1101.md) [D:\leaveblackgithub\DDNCadAddins\src\DDNCadAddins\DDNCadAddins\DDNCadAddins.csproj]
D:\leaveblackgithub\DDNCadAddins\src\DDNCadAddins\DDNCadAddins\Commands\XClipTestCommand.cs(223,25): warning SA1101: Prefix local calls with this (https://github.com/DotNetAnalyzers/StyleCopAnalyzers/blob/master/documentation/SA1101.md) [D:\leaveblackgithub\DDNCadAddins\src\DDNCadAddins\DDNCadAddins\DDNCadAddins.csproj]
D:\leaveblackgithub\DDNCadAddins\src\DDNCadAddins\DDNCadAddins\Commands\XClipTestCommand.cs(328,21): warning SA1101: Prefix local calls with this (https://github.com/DotNetAnalyzers/StyleCopAnalyzers/blob/master/documentation/SA1101.md) [D:\leaveblackgithub\DDNCadAddins\src\DDNCadAddins\DDNCadAddins\DDNCadAddins.csproj]
D:\leaveblackgithub\DDNCadAddins\src\DDNCadAddins\DDNCadAddins\Commands\XClipTestCommand.cs(379,40): warning SA1500: Braces for multi-line statements should not share line (https://github.com/DotNetAnalyzers/StyleCopAnalyzers/blob/master/documentation/SA1500.md) [D:\leaveblackgithub\DDNCadAddins\src\DDNCadAddins\DDNCadAddins\DDNCadAddins.csproj]
D:\leaveblackgithub\DDNCadAddins\src\DDNCadAddins\DDNCadAddins\Commands\XClipTestCommand.cs(224,25): warning SA1101: Prefix local calls with this (https://github.com/DotNetAnalyzers/StyleCopAnalyzers/blob/master/documentation/SA1101.md) [D:\leaveblackgithub\DDNCadAddins\src\DDNCadAddins\DDNCadAddins\DDNCadAddins.csproj]
D:\leaveblackgithub\DDNCadAddins\src\DDNCadAddins\DDNCadAddins\Commands\XClipTestCommand.cs(329,21): warning SA1101: Prefix local calls with this (https://github.com/DotNetAnalyzers/StyleCopAnalyzers/blob/master/documentation/SA1101.md) [D:\leaveblackgithub\DDNCadAddins\src\DDNCadAddins\DDNCadAddins\DDNCadAddins.csproj]
D:\leaveblackgithub\DDNCadAddins\src\DDNCadAddins\DDNCadAddins\Commands\XClipTestCommand.cs(228,25): warning SA1101: Prefix local calls with this (https://github.com/DotNetAnalyzers/StyleCopAnalyzers/blob/master/documentation/SA1101.md) [D:\leaveblackgithub\DDNCadAddins\src\DDNCadAddins\DDNCadAddins\DDNCadAddins.csproj]
D:\leaveblackgithub\DDNCadAddins\src\DDNCadAddins\DDNCadAddins\Commands\XClipTestCommand.cs(330,21): warning SA1101: Prefix local calls with this (https://github.com/DotNetAnalyzers/StyleCopAnalyzers/blob/master/documentation/SA1101.md) [D:\leaveblackgithub\DDNCadAddins\src\DDNCadAddins\DDNCadAddins\DDNCadAddins.csproj]
D:\leaveblackgithub\DDNCadAddins\src\DDNCadAddins\DDNCadAddins\Commands\XClipTestCommand.cs(233,21): warning SA1101: Prefix local calls with this (https://github.com/DotNetAnalyzers/StyleCopAnalyzers/blob/master/documentation/SA1101.md) [D:\leaveblackgithub\DDNCadAddins\src\DDNCadAddins\DDNCadAddins\DDNCadAddins.csproj]
D:\leaveblackgithub\DDNCadAddins\src\DDNCadAddins\DDNCadAddins\Commands\XClipTestCommand.cs(331,21): warning SA1101: Prefix local calls with this (https://github.com/DotNetAnalyzers/StyleCopAnalyzers/blob/master/documentation/SA1101.md) [D:\leaveblackgithub\DDNCadAddins\src\DDNCadAddins\DDNCadAddins\DDNCadAddins.csproj]
D:\leaveblackgithub\DDNCadAddins\src\DDNCadAddins\DDNCadAddins\Commands\XClipTestCommand.cs(335,21): warning SA1101: Prefix local calls with this (https://github.com/DotNetAnalyzers/StyleCopAnalyzers/blob/master/documentation/SA1101.md) [D:\leaveblackgithub\DDNCadAddins\src\DDNCadAddins\DDNCadAddins\DDNCadAddins.csproj]
D:\leaveblackgithub\DDNCadAddins\src\DDNCadAddins\DDNCadAddins\Commands\XClipTestCommand.cs(300,34): warning SA1116: The parameters should begin on the line after the declaration, whenever the parameter span across multiple lines (https://github.com/DotNetAnalyzers/StyleCopAnalyzers/blob/master/documentation/SA1116.md) [D:\leaveblackgithub\DDNCadAddins\src\DDNCadAddins\DDNCadAddins\DDNCadAddins.csproj]
D:\leaveblackgithub\DDNCadAddins\src\DDNCadAddins\DDNCadAddins\Commands\XClipTestCommand.cs(191,34): warning SA1116: The parameters should begin on the line after the declaration, whenever the parameter span across multiple lines (https://github.com/DotNetAnalyzers/StyleCopAnalyzers/blob/master/documentation/SA1116.md) [D:\leaveblackgithub\DDNCadAddins\src\DDNCadAddins\DDNCadAddins\DDNCadAddins.csproj]
D:\leaveblackgithub\DDNCadAddins\src\DDNCadAddins\DDNCadAddins\Commands\XClipTestCommand.cs(377,27): warning SA1101: Prefix local calls with this (https://github.com/DotNetAnalyzers/StyleCopAnalyzers/blob/master/documentation/SA1101.md) [D:\leaveblackgithub\DDNCadAddins\src\DDNCadAddins\DDNCadAddins\DDNCadAddins.csproj]
D:\leaveblackgithub\DDNCadAddins\src\DDNCadAddins\DDNCadAddins\Commands\XClipTestCommand.cs(379,13): warning SA1101: Prefix local calls with this (https://github.com/DotNetAnalyzers/StyleCopAnalyzers/blob/master/documentation/SA1101.md) [D:\leaveblackgithub\DDNCadAddins\src\DDNCadAddins\DDNCadAddins\DDNCadAddins.csproj]
D:\leaveblackgithub\DDNCadAddins\src\DDNCadAddins\DDNCadAddins\Commands\XClipTest\XClipTestCreator3.cs(123,40): warning SA1101: Prefix local calls with this (https://github.com/DotNetAnalyzers/StyleCopAnalyzers/blob/master/documentation/SA1101.md) [D:\leaveblackgithub\DDNCadAddins\src\DDNCadAddins\DDNCadAddins\DDNCadAddins.csproj]
D:\leaveblackgithub\DDNCadAddins\src\DDNCadAddins\DDNCadAddins\Commands\XClipTestCommand.cs(381,30): warning SA1101: Prefix local calls with this (https://github.com/DotNetAnalyzers/StyleCopAnalyzers/blob/master/documentation/SA1101.md) [D:\leaveblackgithub\DDNCadAddins\src\DDNCadAddins\DDNCadAddins\DDNCadAddins.csproj]
D:\leaveblackgithub\DDNCadAddins\src\DDNCadAddins\DDNCadAddins\Commands\XClipTestCommand.cs(383,17): warning SA1101: Prefix local calls with this (https://github.com/DotNetAnalyzers/StyleCopAnalyzers/blob/master/documentation/SA1101.md) [D:\leaveblackgithub\DDNCadAddins\src\DDNCadAddins\DDNCadAddins\DDNCadAddins.csproj]
D:\leaveblackgithub\DDNCadAddins\src\DDNCadAddins\DDNCadAddins\Commands\XClipTestCommand.cs(245,34): warning SA1116: The parameters should begin on the line after the declaration, whenever the parameter span across multiple lines (https://github.com/DotNetAnalyzers/StyleCopAnalyzers/blob/master/documentation/SA1116.md) [D:\leaveblackgithub\DDNCadAddins\src\DDNCadAddins\DDNCadAddins\DDNCadAddins.csproj]
D:\leaveblackgithub\DDNCadAddins\src\DDNCadAddins\DDNCadAddins\Commands\TestRunner.cs(382,36): warning CA1304: “string.ToUpper()”的行为可能因当前用户的区域设置而异。请将“TestRunner.RunTestMethod(object, MethodInfo)”中的此调用替换为对“string.ToUpper(CultureInfo)”的调用。 (https://docs.microsoft.com/dotnet/fundamentals/code-analysis/quality-rules/ca1304) [D:\leaveblackgithub\DDNCadAddins\src\DDNCadAddins\DDNCadAddins\DDNCadAddins.csproj]
D:\leaveblackgithub\DDNCadAddins\src\DDNCadAddins\DDNCadAddins\Commands\XClipTestCommand.cs(386,17): warning SA1101: Prefix local calls with this (https://github.com/DotNetAnalyzers/StyleCopAnalyzers/blob/master/documentation/SA1101.md) [D:\leaveblackgithub\DDNCadAddins\src\DDNCadAddins\DDNCadAddins\DDNCadAddins.csproj]
D:\leaveblackgithub\DDNCadAddins\src\DDNCadAddins\DDNCadAddins\Commands\XClipTestCommand.cs(389,17): warning SA1101: Prefix local calls with this (https://github.com/DotNetAnalyzers/StyleCopAnalyzers/blob/master/documentation/SA1101.md) [D:\leaveblackgithub\DDNCadAddins\src\DDNCadAddins\DDNCadAddins\DDNCadAddins.csproj]
D:\leaveblackgithub\DDNCadAddins\src\DDNCadAddins\DDNCadAddins\Commands\TestRunner.cs(422,36): warning SA1101: Prefix local calls with this (https://github.com/DotNetAnalyzers/StyleCopAnalyzers/blob/master/documentation/SA1101.md) [D:\leaveblackgithub\DDNCadAddins\src\DDNCadAddins\DDNCadAddins\DDNCadAddins.csproj]
D:\leaveblackgithub\DDNCadAddins\src\DDNCadAddins\DDNCadAddins\Commands\XClipTestCommand.cs(390,32): warning SA1101: Prefix local calls with this (https://github.com/DotNetAnalyzers/StyleCopAnalyzers/blob/master/documentation/SA1101.md) [D:\leaveblackgithub\DDNCadAddins\src\DDNCadAddins\DDNCadAddins\DDNCadAddins.csproj]
D:\leaveblackgithub\DDNCadAddins\src\DDNCadAddins\DDNCadAddins\Commands\XClipTestCommand.cs(392,17): warning SA1101: Prefix local calls with this (https://github.com/DotNetAnalyzers/StyleCopAnalyzers/blob/master/documentation/SA1101.md) [D:\leaveblackgithub\DDNCadAddins\src\DDNCadAddins\DDNCadAddins\DDNCadAddins.csproj]
D:\leaveblackgithub\DDNCadAddins\src\DDNCadAddins\DDNCadAddins\Commands\TestRunner.cs(453,17): warning SA1101: Prefix local calls with this (https://github.com/DotNetAnalyzers/StyleCopAnalyzers/blob/master/documentation/SA1101.md) [D:\leaveblackgithub\DDNCadAddins\src\DDNCadAddins\DDNCadAddins\DDNCadAddins.csproj]
D:\leaveblackgithub\DDNCadAddins\src\DDNCadAddins\DDNCadAddins\Commands\TestRunner.cs(454,17): warning SA1101: Prefix local calls with this (https://github.com/DotNetAnalyzers/StyleCopAnalyzers/blob/master/documentation/SA1101.md) [D:\leaveblackgithub\DDNCadAddins\src\DDNCadAddins\DDNCadAddins\DDNCadAddins.csproj]
D:\leaveblackgithub\DDNCadAddins\src\DDNCadAddins\DDNCadAddins\Commands\XClipTestCommand.cs(393,17): warning SA1101: Prefix local calls with this (https://github.com/DotNetAnalyzers/StyleCopAnalyzers/blob/master/documentation/SA1101.md) [D:\leaveblackgithub\DDNCadAddins\src\DDNCadAddins\DDNCadAddins\DDNCadAddins.csproj]
D:\leaveblackgithub\DDNCadAddins\src\DDNCadAddins\DDNCadAddins\Commands\TestRunner.cs(455,17): warning SA1101: Prefix local calls with this (https://github.com/DotNetAnalyzers/StyleCopAnalyzers/blob/master/documentation/SA1101.md) [D:\leaveblackgithub\DDNCadAddins\src\DDNCadAddins\DDNCadAddins\DDNCadAddins.csproj]
D:\leaveblackgithub\DDNCadAddins\src\DDNCadAddins\DDNCadAddins\Commands\TestRunner.cs(456,17): warning SA1101: Prefix local calls with this (https://github.com/DotNetAnalyzers/StyleCopAnalyzers/blob/master/documentation/SA1101.md) [D:\leaveblackgithub\DDNCadAddins\src\DDNCadAddins\DDNCadAddins\DDNCadAddins.csproj]
D:\leaveblackgithub\DDNCadAddins\src\DDNCadAddins\DDNCadAddins\Commands\TestRunner.cs(457,20): warning SA1101: Prefix local calls with this (https://github.com/DotNetAnalyzers/StyleCopAnalyzers/blob/master/documentation/SA1101.md) [D:\leaveblackgithub\DDNCadAddins\src\DDNCadAddins\DDNCadAddins\DDNCadAddins.csproj]
D:\leaveblackgithub\DDNCadAddins\src\DDNCadAddins\DDNCadAddins\Commands\TestRunner.cs(386,88): warning CA1305: “TimeSpan.ToString(string)”的行为可能因当前用户的区域设置而异。请将“TestRunner.RunTestMethod(object, MethodInfo)”中的此调用替换为对“TimeSpan.ToString(string, IFormatProvider)”的调用。 (https://docs.microsoft.com/dotnet/fundamentals/code-analysis/quality-rules/ca1305) [D:\leaveblackgithub\DDNCadAddins\src\DDNCadAddins\DDNCadAddins\DDNCadAddins.csproj]
D:\leaveblackgithub\DDNCadAddins\src\DDNCadAddins\DDNCadAddins\Commands\XClipTest\XClipTestCreator2.cs(24,37): warning CA1062: 在外部可见方法“ObjectId XClipTestCreator.CreateSpecialAttributeBlock(Database db, string blockName, TestLayers layers)”中，先验证参数“db”为非 null，然后再使用。如果适用，在参数为 null 时引发 ArgumentNullException，或添加断言非 null 参数的代码协定前提条件。 (https://docs.microsoft.com/dotnet/fundamentals/code-analysis/quality-rules/ca1062) [D:\leaveblackgithub\DDNCadAddins\src\DDNCadAddins\DDNCadAddins\DDNCadAddins.csproj]
D:\leaveblackgithub\DDNCadAddins\src\DDNCadAddins\DDNCadAddins\Commands\XClipTest\XClipTestCreator2.cs(45,39): warning CA1062: 在外部可见方法“ObjectId XClipTestCreator.CreateSpecialAttributeBlock(Database db, string blockName, TestLayers layers)”中，先验证参数“layers”为非 null，然后再使用。如果适用，在参数为 null 时引发 ArgumentNullException，或添加断言非 null 参数的代码协定前提条件。 (https://docs.microsoft.com/dotnet/fundamentals/code-analysis/quality-rules/ca1062) [D:\leaveblackgithub\DDNCadAddins\src\DDNCadAddins\DDNCadAddins\DDNCadAddins.csproj]
D:\leaveblackgithub\DDNCadAddins\src\DDNCadAddins\DDNCadAddins\Commands\TestRunner.cs(352,17): warning CA1031: 请修改“RunTestMethod”以捕获更具体的允许异常类型，或者重新抛出该异常 (https://docs.microsoft.com/dotnet/fundamentals/code-analysis/quality-rules/ca1031) [D:\leaveblackgithub\DDNCadAddins\src\DDNCadAddins\DDNCadAddins\DDNCadAddins.csproj]
D:\leaveblackgithub\DDNCadAddins\src\DDNCadAddins\DDNCadAddins\Commands\TestRunner.cs(332,13): warning CA1031: 请修改“RunTestMethod”以捕获更具体的允许异常类型，或者重新抛出该异常 (https://docs.microsoft.com/dotnet/fundamentals/code-analysis/quality-rules/ca1031) [D:\leaveblackgithub\DDNCadAddins\src\DDNCadAddins\DDNCadAddins\DDNCadAddins.csproj]
D:\leaveblackgithub\DDNCadAddins\src\DDNCadAddins\DDNCadAddins\Commands\XClipTestCommand.cs(402,40): warning SA1500: Braces for multi-line statements should not share line (https://github.com/DotNetAnalyzers/StyleCopAnalyzers/blob/master/documentation/SA1500.md) [D:\leaveblackgithub\DDNCadAddins\src\DDNCadAddins\DDNCadAddins\DDNCadAddins.csproj]
D:\leaveblackgithub\DDNCadAddins\src\DDNCadAddins\DDNCadAddins\Commands\TestRunner.cs(451,29): warning CA2241: 为格式化方法提供正确的参数 (https://docs.microsoft.com/dotnet/fundamentals/code-analysis/quality-rules/ca2241) [D:\leaveblackgithub\DDNCadAddins\src\DDNCadAddins\DDNCadAddins\DDNCadAddins.csproj]
D:\leaveblackgithub\DDNCadAddins\src\DDNCadAddins\DDNCadAddins\Commands\XClipTestCommand.cs(402,13): warning SA1101: Prefix local calls with this (https://github.com/DotNetAnalyzers/StyleCopAnalyzers/blob/master/documentation/SA1101.md) [D:\leaveblackgithub\DDNCadAddins\src\DDNCadAddins\DDNCadAddins\DDNCadAddins.csproj]
D:\leaveblackgithub\DDNCadAddins\src\DDNCadAddins\DDNCadAddins\Commands\XClipTestCommand.cs(403,17): warning SA1101: Prefix local calls with this (https://github.com/DotNetAnalyzers/StyleCopAnalyzers/blob/master/documentation/SA1101.md) [D:\leaveblackgithub\DDNCadAddins\src\DDNCadAddins\DDNCadAddins\DDNCadAddins.csproj]
D:\leaveblackgithub\DDNCadAddins\src\DDNCadAddins\DDNCadAddins\Commands\XClipTestCommand.cs(404,17): warning SA1101: Prefix local calls with this (https://github.com/DotNetAnalyzers/StyleCopAnalyzers/blob/master/documentation/SA1101.md) [D:\leaveblackgithub\DDNCadAddins\src\DDNCadAddins\DDNCadAddins\DDNCadAddins.csproj]
D:\leaveblackgithub\DDNCadAddins\src\DDNCadAddins\DDNCadAddins\Commands\XClipTestCommand.cs(405,17): warning SA1101: Prefix local calls with this (https://github.com/DotNetAnalyzers/StyleCopAnalyzers/blob/master/documentation/SA1101.md) [D:\leaveblackgithub\DDNCadAddins\src\DDNCadAddins\DDNCadAddins\DDNCadAddins.csproj]
D:\leaveblackgithub\DDNCadAddins\src\DDNCadAddins\DDNCadAddins\Commands\XClipTestCommand.cs(402,34): warning SA1116: The parameters should begin on the line after the declaration, whenever the parameter span across multiple lines (https://github.com/DotNetAnalyzers/StyleCopAnalyzers/blob/master/documentation/SA1116.md) [D:\leaveblackgithub\DDNCadAddins\src\DDNCadAddins\DDNCadAddins\DDNCadAddins.csproj]
D:\leaveblackgithub\DDNCadAddins\src\DDNCadAddins\DDNCadAddins\Commands\XClipTest\XClipTestCreator3.cs(24,37): warning CA1062: 在外部可见方法“ObjectId XClipTestCreator.FindNestedBlockReference(Database db, string blockName)”中，先验证参数“db”为非 null，然后再使用。如果适用，在参数为 null 时引发 ArgumentNullException，或添加断言非 null 参数的代码协定前提条件。 (https://docs.microsoft.com/dotnet/fundamentals/code-analysis/quality-rules/ca1062) [D:\leaveblackgithub\DDNCadAddins\src\DDNCadAddins\DDNCadAddins\DDNCadAddins.csproj]
D:\leaveblackgithub\DDNCadAddins\src\DDNCadAddins\DDNCadAddins\Commands\XClipTestCommand.cs(379,34): warning SA1116: The parameters should begin on the line after the declaration, whenever the parameter span across multiple lines (https://github.com/DotNetAnalyzers/StyleCopAnalyzers/blob/master/documentation/SA1116.md) [D:\leaveblackgithub\DDNCadAddins\src\DDNCadAddins\DDNCadAddins\DDNCadAddins.csproj]
D:\leaveblackgithub\DDNCadAddins\src\DDNCadAddins\DDNCadAddins\Commands\XClipTest\XClipTestCreator3.cs(73,37): warning CA1062: 在外部可见方法“ObjectId XClipTestCreator.FindDeepNestedBlockReference(Database db, string blockName)”中，先验证参数“db”为非 null，然后再使用。如果适用，在参数为 null 时引发 ArgumentNullException，或添加断言非 null 参数的代码协定前提条件。 (https://docs.microsoft.com/dotnet/fundamentals/code-analysis/quality-rules/ca1062) [D:\leaveblackgithub\DDNCadAddins\src\DDNCadAddins\DDNCadAddins\DDNCadAddins.csproj]
D:\leaveblackgithub\DDNCadAddins\src\DDNCadAddins\DDNCadAddins\Commands\XClipTest\XClipTestCreator3.cs(20,25): warning CA1822: 成员“FindNestedBlockReference”不访问实例数据，可标记为 static (https://docs.microsoft.com/dotnet/fundamentals/code-analysis/quality-rules/ca1822) [D:\leaveblackgithub\DDNCadAddins\src\DDNCadAddins\DDNCadAddins\DDNCadAddins.csproj]
D:\leaveblackgithub\DDNCadAddins\src\DDNCadAddins\DDNCadAddins\Commands\XClipTestCommand.cs(416,40): warning SA1500: Braces for multi-line statements should not share line (https://github.com/DotNetAnalyzers/StyleCopAnalyzers/blob/master/documentation/SA1500.md) [D:\leaveblackgithub\DDNCadAddins\src\DDNCadAddins\DDNCadAddins\DDNCadAddins.csproj]
D:\leaveblackgithub\DDNCadAddins\src\DDNCadAddins\DDNCadAddins\Services\CsvExportService.cs(109,24): warning CA1822: 成员“EscapeCsvField”不访问实例数据，可标记为 static (https://docs.microsoft.com/dotnet/fundamentals/code-analysis/quality-rules/ca1822) [D:\leaveblackgithub\DDNCadAddins\src\DDNCadAddins\DDNCadAddins\DDNCadAddins.csproj]
D:\leaveblackgithub\DDNCadAddins\src\DDNCadAddins\DDNCadAddins\Commands\XClipTest\XClipTestCreator2.cs(33,45): warning CA2000: 在对 System.IDisposable.Dispose 的所有引用超出范围之前，在“new BlockTableRecord()”创建的对象上对其进行调用 (https://docs.microsoft.com/dotnet/fundamentals/code-analysis/quality-rules/ca2000) [D:\leaveblackgithub\DDNCadAddins\src\DDNCadAddins\DDNCadAddins\DDNCadAddins.csproj]
D:\leaveblackgithub\DDNCadAddins\src\DDNCadAddins\DDNCadAddins\Commands\XClipTest\XClipTestCreator2.cs(81,43): warning CA2000: 在对 System.IDisposable.Dispose 的所有引用超出范围之前，在“new BlockReference(new Point3d(15, 15, 0), blockDef.ObjectId)”创建的对象上对其进行调用 (https://docs.microsoft.com/dotnet/fundamentals/code-analysis/quality-rules/ca2000) [D:\leaveblackgithub\DDNCadAddins\src\DDNCadAddins\DDNCadAddins\DDNCadAddins.csproj]
D:\leaveblackgithub\DDNCadAddins\src\DDNCadAddins\DDNCadAddins\Commands\XClipTest\XClipTestCreator2.cs(64,37): warning CA2000: 在对 System.IDisposable.Dispose 的所有引用超出范围之前，在“new DBText()”创建的对象上对其进行调用 (https://docs.microsoft.com/dotnet/fundamentals/code-analysis/quality-rules/ca2000) [D:\leaveblackgithub\DDNCadAddins\src\DDNCadAddins\DDNCadAddins\DDNCadAddins.csproj]
D:\leaveblackgithub\DDNCadAddins\src\DDNCadAddins\DDNCadAddins\Commands\XClipTest\XClipTestCreator2.cs(49,36): warning CA2000: 在对 System.IDisposable.Dispose 的所有引用超出范围之前，在“new Line()”创建的对象上对其进行调用 (https://docs.microsoft.com/dotnet/fundamentals/code-analysis/quality-rules/ca2000) [D:\leaveblackgithub\DDNCadAddins\src\DDNCadAddins\DDNCadAddins\DDNCadAddins.csproj]
D:\leaveblackgithub\DDNCadAddins\src\DDNCadAddins\DDNCadAddins\Commands\XClipTest\XClipTestCreator2.cs(56,35): warning CA2000: 在对 System.IDisposable.Dispose 的所有引用超出范围之前，在“new Line()”创建的对象上对其进行调用 (https://docs.microsoft.com/dotnet/fundamentals/code-analysis/quality-rules/ca2000) [D:\leaveblackgithub\DDNCadAddins\src\DDNCadAddins\DDNCadAddins\DDNCadAddins.csproj]
D:\leaveblackgithub\DDNCadAddins\src\DDNCadAddins\DDNCadAddins\Commands\XClipTest\XClipTestCreator2.cs(42,40): warning CA2000: 在对 System.IDisposable.Dispose 的所有引用超出范围之前，在“new Circle()”创建的对象上对其进行调用 (https://docs.microsoft.com/dotnet/fundamentals/code-analysis/quality-rules/ca2000) [D:\leaveblackgithub\DDNCadAddins\src\DDNCadAddins\DDNCadAddins\DDNCadAddins.csproj]
D:\leaveblackgithub\DDNCadAddins\src\DDNCadAddins\DDNCadAddins\Commands\XClipTestCommand.cs(414,27): warning SA1101: Prefix local calls with this (https://github.com/DotNetAnalyzers/StyleCopAnalyzers/blob/master/documentation/SA1101.md) [D:\leaveblackgithub\DDNCadAddins\src\DDNCadAddins\DDNCadAddins\DDNCadAddins.csproj]
D:\leaveblackgithub\DDNCadAddins\src\DDNCadAddins\DDNCadAddins\Commands\XClipTestCommand.cs(416,13): warning SA1101: Prefix local calls with this (https://github.com/DotNetAnalyzers/StyleCopAnalyzers/blob/master/documentation/SA1101.md) [D:\leaveblackgithub\DDNCadAddins\src\DDNCadAddins\DDNCadAddins\DDNCadAddins.csproj]
D:\leaveblackgithub\DDNCadAddins\src\DDNCadAddins\DDNCadAddins\Commands\XClipTestCommand.cs(418,17): warning SA1101: Prefix local calls with this (https://github.com/DotNetAnalyzers/StyleCopAnalyzers/blob/master/documentation/SA1101.md) [D:\leaveblackgithub\DDNCadAddins\src\DDNCadAddins\DDNCadAddins\DDNCadAddins.csproj]
D:\leaveblackgithub\DDNCadAddins\src\DDNCadAddins\DDNCadAddins\Commands\XClipTestCommand.cs(421,17): warning SA1101: Prefix local calls with this (https://github.com/DotNetAnalyzers/StyleCopAnalyzers/blob/master/documentation/SA1101.md) [D:\leaveblackgithub\DDNCadAddins\src\DDNCadAddins\DDNCadAddins\DDNCadAddins.csproj]
D:\leaveblackgithub\DDNCadAddins\src\DDNCadAddins\DDNCadAddins\Commands\XClipTestCommand.cs(424,17): warning SA1101: Prefix local calls with this (https://github.com/DotNetAnalyzers/StyleCopAnalyzers/blob/master/documentation/SA1101.md) [D:\leaveblackgithub\DDNCadAddins\src\DDNCadAddins\DDNCadAddins\DDNCadAddins.csproj]
D:\leaveblackgithub\DDNCadAddins\src\DDNCadAddins\DDNCadAddins\Commands\TestRunner.cs(451,29): warning CA1305: “string.Format(string, params object[])”的行为可能因当前用户的区域设置而异。请将“TestRunner.GenerateReport()”中的此调用替换为对“string.Format(IFormatProvider, string, params object[])”的调用。 (https://docs.microsoft.com/dotnet/fundamentals/code-analysis/quality-rules/ca1305) [D:\leaveblackgithub\DDNCadAddins\src\DDNCadAddins\DDNCadAddins\DDNCadAddins.csproj]
D:\leaveblackgithub\DDNCadAddins\src\DDNCadAddins\DDNCadAddins\Commands\XClipTestCommand.cs(425,32): warning SA1101: Prefix local calls with this (https://github.com/DotNetAnalyzers/StyleCopAnalyzers/blob/master/documentation/SA1101.md) [D:\leaveblackgithub\DDNCadAddins\src\DDNCadAddins\DDNCadAddins\DDNCadAddins.csproj]
D:\leaveblackgithub\DDNCadAddins\src\DDNCadAddins\DDNCadAddins\Commands\XClipTestCommand.cs(428,17): warning SA1101: Prefix local calls with this (https://github.com/DotNetAnalyzers/StyleCopAnalyzers/blob/master/documentation/SA1101.md) [D:\leaveblackgithub\DDNCadAddins\src\DDNCadAddins\DDNCadAddins\DDNCadAddins.csproj]
D:\leaveblackgithub\DDNCadAddins\src\DDNCadAddins\DDNCadAddins\Commands\XClipTest\XClipTestCreator2.cs(20,25): warning CA1822: 成员“CreateSpecialAttributeBlock”不访问实例数据，可标记为 static (https://docs.microsoft.com/dotnet/fundamentals/code-analysis/quality-rules/ca1822) [D:\leaveblackgithub\DDNCadAddins\src\DDNCadAddins\DDNCadAddins\DDNCadAddins.csproj]
D:\leaveblackgithub\DDNCadAddins\src\DDNCadAddins\DDNCadAddins\Commands\XClipTestCommand.cs(429,37): warning SA1101: Prefix local calls with this (https://github.com/DotNetAnalyzers/StyleCopAnalyzers/blob/master/documentation/SA1101.md) [D:\leaveblackgithub\DDNCadAddins\src\DDNCadAddins\DDNCadAddins\DDNCadAddins.csproj]
D:\leaveblackgithub\DDNCadAddins\src\DDNCadAddins\DDNCadAddins\Commands\XClipTestCommand.cs(432,17): warning SA1101: Prefix local calls with this (https://github.com/DotNetAnalyzers/StyleCopAnalyzers/blob/master/documentation/SA1101.md) [D:\leaveblackgithub\DDNCadAddins\src\DDNCadAddins\DDNCadAddins\DDNCadAddins.csproj]
D:\leaveblackgithub\DDNCadAddins\src\DDNCadAddins\DDNCadAddins\Commands\XClipTestCommand.cs(433,17): warning SA1101: Prefix local calls with this (https://github.com/DotNetAnalyzers/StyleCopAnalyzers/blob/master/documentation/SA1101.md) [D:\leaveblackgithub\DDNCadAddins\src\DDNCadAddins\DDNCadAddins\DDNCadAddins.csproj]
D:\leaveblackgithub\DDNCadAddins\src\DDNCadAddins\DDNCadAddins\Commands\XClipTestCommand.cs(433,54): warning SA1101: Prefix local calls with this (https://github.com/DotNetAnalyzers/StyleCopAnalyzers/blob/master/documentation/SA1101.md) [D:\leaveblackgithub\DDNCadAddins\src\DDNCadAddins\DDNCadAddins\DDNCadAddins.csproj]
D:\leaveblackgithub\DDNCadAddins\src\DDNCadAddins\DDNCadAddins\Commands\XClipTestCommand.cs(436,17): warning SA1101: Prefix local calls with this (https://github.com/DotNetAnalyzers/StyleCopAnalyzers/blob/master/documentation/SA1101.md) [D:\leaveblackgithub\DDNCadAddins\src\DDNCadAddins\DDNCadAddins\DDNCadAddins.csproj]
D:\leaveblackgithub\DDNCadAddins\src\DDNCadAddins\DDNCadAddins\Commands\XClipTestCommand.cs(437,17): warning SA1101: Prefix local calls with this (https://github.com/DotNetAnalyzers/StyleCopAnalyzers/blob/master/documentation/SA1101.md) [D:\leaveblackgithub\DDNCadAddins\src\DDNCadAddins\DDNCadAddins\DDNCadAddins.csproj]
D:\leaveblackgithub\DDNCadAddins\src\DDNCadAddins\DDNCadAddins\Commands\XClipTestCommand.cs(440,17): warning SA1101: Prefix local calls with this (https://github.com/DotNetAnalyzers/StyleCopAnalyzers/blob/master/documentation/SA1101.md) [D:\leaveblackgithub\DDNCadAddins\src\DDNCadAddins\DDNCadAddins\DDNCadAddins.csproj]
D:\leaveblackgithub\DDNCadAddins\src\DDNCadAddins\DDNCadAddins\Services\XClipBlockService.Core.cs(253,178): warning SA1500: Braces for multi-line statements should not share line (https://github.com/DotNetAnalyzers/StyleCopAnalyzers/blob/master/documentation/SA1500.md) [D:\leaveblackgithub\DDNCadAddins\src\DDNCadAddins\DDNCadAddins\DDNCadAddins.csproj]
D:\leaveblackgithub\DDNCadAddins\src\DDNCadAddins\DDNCadAddins\Commands\XClipTest\XClipTestCreator2.cs(103,37): warning CA1062: 在外部可见方法“ObjectId XClipTestCreator.CreateTransformedBlock(Database db, string blockName, string layerName)”中，先验证参数“db”为非 null，然后再使用。如果适用，在参数为 null 时引发 ArgumentNullException，或添加断言非 null 参数的代码协定前提条件。 (https://docs.microsoft.com/dotnet/fundamentals/code-analysis/quality-rules/ca1062) [D:\leaveblackgithub\DDNCadAddins\src\DDNCadAddins\DDNCadAddins\DDNCadAddins.csproj]
D:\leaveblackgithub\DDNCadAddins\src\DDNCadAddins\DDNCadAddins\Commands\XClipTestCommand.cs(416,34): warning SA1116: The parameters should begin on the line after the declaration, whenever the parameter span across multiple lines (https://github.com/DotNetAnalyzers/StyleCopAnalyzers/blob/master/documentation/SA1116.md) [D:\leaveblackgithub\DDNCadAddins\src\DDNCadAddins\DDNCadAddins\DDNCadAddins.csproj]
D:\leaveblackgithub\DDNCadAddins\src\DDNCadAddins\DDNCadAddins\Services\XClipBlockService.Core.cs(241,17): warning SA1503: Braces should not be omitted (https://github.com/DotNetAnalyzers/StyleCopAnalyzers/blob/master/documentation/SA1503.md) [D:\leaveblackgithub\DDNCadAddins\src\DDNCadAddins\DDNCadAddins\DDNCadAddins.csproj]
D:\leaveblackgithub\DDNCadAddins\src\DDNCadAddins\DDNCadAddins\Services\XClipBlockService.Core.cs(244,17): warning SA1503: Braces should not be omitted (https://github.com/DotNetAnalyzers/StyleCopAnalyzers/blob/master/documentation/SA1503.md) [D:\leaveblackgithub\DDNCadAddins\src\DDNCadAddins\DDNCadAddins\DDNCadAddins.csproj]
D:\leaveblackgithub\DDNCadAddins\src\DDNCadAddins\DDNCadAddins\Services\XClipBlockService.Core.cs(250,17): warning SA1503: Braces should not be omitted (https://github.com/DotNetAnalyzers/StyleCopAnalyzers/blob/master/documentation/SA1503.md) [D:\leaveblackgithub\DDNCadAddins\src\DDNCadAddins\DDNCadAddins\DDNCadAddins.csproj]
D:\leaveblackgithub\DDNCadAddins\src\DDNCadAddins\DDNCadAddins\Services\XClipBlockService.Core.cs(259,25): warning SA1503: Braces should not be omitted (https://github.com/DotNetAnalyzers/StyleCopAnalyzers/blob/master/documentation/SA1503.md) [D:\leaveblackgithub\DDNCadAddins\src\DDNCadAddins\DDNCadAddins\DDNCadAddins.csproj]
D:\leaveblackgithub\DDNCadAddins\src\DDNCadAddins\DDNCadAddins\Services\XClipBlockService.Core.cs(268,25): warning SA1503: Braces should not be omitted (https://github.com/DotNetAnalyzers/StyleCopAnalyzers/blob/master/documentation/SA1503.md) [D:\leaveblackgithub\DDNCadAddins\src\DDNCadAddins\DDNCadAddins\DDNCadAddins.csproj]
D:\leaveblackgithub\DDNCadAddins\src\DDNCadAddins\DDNCadAddins\Services\XClipBlockService.Core.cs(275,21): warning SA1503: Braces should not be omitted (https://github.com/DotNetAnalyzers/StyleCopAnalyzers/blob/master/documentation/SA1503.md) [D:\leaveblackgithub\DDNCadAddins\src\DDNCadAddins\DDNCadAddins\DDNCadAddins.csproj]
D:\leaveblackgithub\DDNCadAddins\src\DDNCadAddins\DDNCadAddins\Services\XClipBlockService.Core.cs(282,25): warning SA1503: Braces should not be omitted (https://github.com/DotNetAnalyzers/StyleCopAnalyzers/blob/master/documentation/SA1503.md) [D:\leaveblackgithub\DDNCadAddins\src\DDNCadAddins\DDNCadAddins\DDNCadAddins.csproj]
D:\leaveblackgithub\DDNCadAddins\src\DDNCadAddins\DDNCadAddins\Services\XClipBlockService.Core.cs(291,25): warning SA1503: Braces should not be omitted (https://github.com/DotNetAnalyzers/StyleCopAnalyzers/blob/master/documentation/SA1503.md) [D:\leaveblackgithub\DDNCadAddins\src\DDNCadAddins\DDNCadAddins\DDNCadAddins.csproj]
D:\leaveblackgithub\DDNCadAddins\src\DDNCadAddins\DDNCadAddins\Services\XClipBlockService.Core.cs(300,21): warning SA1503: Braces should not be omitted (https://github.com/DotNetAnalyzers/StyleCopAnalyzers/blob/master/documentation/SA1503.md) [D:\leaveblackgithub\DDNCadAddins\src\DDNCadAddins\DDNCadAddins\DDNCadAddins.csproj]
D:\leaveblackgithub\DDNCadAddins\src\DDNCadAddins\DDNCadAddins\Services\XClipBlockService.Core.cs(317,25): warning SA1503: Braces should not be omitted (https://github.com/DotNetAnalyzers/StyleCopAnalyzers/blob/master/documentation/SA1503.md) [D:\leaveblackgithub\DDNCadAddins\src\DDNCadAddins\DDNCadAddins\DDNCadAddins.csproj]
D:\leaveblackgithub\DDNCadAddins\src\DDNCadAddins\DDNCadAddins\Services\XClipBlockService.Core.cs(321,21): warning SA1503: Braces should not be omitted (https://github.com/DotNetAnalyzers/StyleCopAnalyzers/blob/master/documentation/SA1503.md) [D:\leaveblackgithub\DDNCadAddins\src\DDNCadAddins\DDNCadAddins\DDNCadAddins.csproj]
D:\leaveblackgithub\DDNCadAddins\src\DDNCadAddins\DDNCadAddins\Services\XClipBlockService.Core.cs(330,21): warning SA1503: Braces should not be omitted (https://github.com/DotNetAnalyzers/StyleCopAnalyzers/blob/master/documentation/SA1503.md) [D:\leaveblackgithub\DDNCadAddins\src\DDNCadAddins\DDNCadAddins\DDNCadAddins.csproj]
D:\leaveblackgithub\DDNCadAddins\src\DDNCadAddins\DDNCadAddins\Services\XClipBlockService.Core.cs(351,17): warning SA1503: Braces should not be omitted (https://github.com/DotNetAnalyzers/StyleCopAnalyzers/blob/master/documentation/SA1503.md) [D:\leaveblackgithub\DDNCadAddins\src\DDNCadAddins\DDNCadAddins\DDNCadAddins.csproj]
D:\leaveblackgithub\DDNCadAddins\src\DDNCadAddins\DDNCadAddins\Services\XClipBlockService.Core.cs(358,25): warning SA1503: Braces should not be omitted (https://github.com/DotNetAnalyzers/StyleCopAnalyzers/blob/master/documentation/SA1503.md) [D:\leaveblackgithub\DDNCadAddins\src\DDNCadAddins\DDNCadAddins\DDNCadAddins.csproj]
D:\leaveblackgithub\DDNCadAddins\src\DDNCadAddins\DDNCadAddins\Services\XClipBlockService.Core.cs(367,29): warning SA1503: Braces should not be omitted (https://github.com/DotNetAnalyzers/StyleCopAnalyzers/blob/master/documentation/SA1503.md) [D:\leaveblackgithub\DDNCadAddins\src\DDNCadAddins\DDNCadAddins\DDNCadAddins.csproj]
D:\leaveblackgithub\DDNCadAddins\src\DDNCadAddins\DDNCadAddins\Services\XClipBlockService.Core.cs(378,25): warning SA1503: Braces should not be omitted (https://github.com/DotNetAnalyzers/StyleCopAnalyzers/blob/master/documentation/SA1503.md) [D:\leaveblackgithub\DDNCadAddins\src\DDNCadAddins\DDNCadAddins\DDNCadAddins.csproj]
D:\leaveblackgithub\DDNCadAddins\src\DDNCadAddins\DDNCadAddins\Services\XClipBlockService.Core.cs(392,21): warning SA1503: Braces should not be omitted (https://github.com/DotNetAnalyzers/StyleCopAnalyzers/blob/master/documentation/SA1503.md) [D:\leaveblackgithub\DDNCadAddins\src\DDNCadAddins\DDNCadAddins\DDNCadAddins.csproj]
D:\leaveblackgithub\DDNCadAddins\src\DDNCadAddins\DDNCadAddins\Services\XClipBlockService.Core.cs(423,17): warning SA1503: Braces should not be omitted (https://github.com/DotNetAnalyzers/StyleCopAnalyzers/blob/master/documentation/SA1503.md) [D:\leaveblackgithub\DDNCadAddins\src\DDNCadAddins\DDNCadAddins\DDNCadAddins.csproj]
D:\leaveblackgithub\DDNCadAddins\src\DDNCadAddins\DDNCadAddins\Services\XClipBlockService.Core.cs(430,21): warning SA1503: Braces should not be omitted (https://github.com/DotNetAnalyzers/StyleCopAnalyzers/blob/master/documentation/SA1503.md) [D:\leaveblackgithub\DDNCadAddins\src\DDNCadAddins\DDNCadAddins\DDNCadAddins.csproj]
D:\leaveblackgithub\DDNCadAddins\src\DDNCadAddins\DDNCadAddins\Services\XClipBlockService.Core.cs(435,21): warning SA1503: Braces should not be omitted (https://github.com/DotNetAnalyzers/StyleCopAnalyzers/blob/master/documentation/SA1503.md) [D:\leaveblackgithub\DDNCadAddins\src\DDNCadAddins\DDNCadAddins\DDNCadAddins.csproj]
D:\leaveblackgithub\DDNCadAddins\src\DDNCadAddins\DDNCadAddins\Commands\XClipTest\XClipTestCreator2.cs(121,38): warning CA2000: 在对 System.IDisposable.Dispose 的所有引用超出范围之前，在“new Polyline()”创建的对象上对其进行调用 (https://docs.microsoft.com/dotnet/fundamentals/code-analysis/quality-rules/ca2000) [D:\leaveblackgithub\DDNCadAddins\src\DDNCadAddins\DDNCadAddins\DDNCadAddins.csproj]
D:\leaveblackgithub\DDNCadAddins\src\DDNCadAddins\DDNCadAddins\Commands\XClipTest\XClipTestCreator2.cs(142,43): warning CA2000: 在对 System.IDisposable.Dispose 的所有引用超出范围之前，在“new BlockReference(new Point3d(20, 20, 0), blockDef.ObjectId)”创建的对象上对其进行调用 (https://docs.microsoft.com/dotnet/fundamentals/code-analysis/quality-rules/ca2000) [D:\leaveblackgithub\DDNCadAddins\src\DDNCadAddins\DDNCadAddins\DDNCadAddins.csproj]
D:\leaveblackgithub\DDNCadAddins\src\DDNCadAddins\DDNCadAddins\Commands\XClipTest\XClipTestCreator2.cs(112,45): warning CA2000: 在对 System.IDisposable.Dispose 的所有引用超出范围之前，在“new BlockTableRecord()”创建的对象上对其进行调用 (https://docs.microsoft.com/dotnet/fundamentals/code-analysis/quality-rules/ca2000) [D:\leaveblackgithub\DDNCadAddins\src\DDNCadAddins\DDNCadAddins\DDNCadAddins.csproj]
D:\leaveblackgithub\DDNCadAddins\src\DDNCadAddins\DDNCadAddins\Commands\XClipTest\XClipTestCreator2.cs(129,31): warning CA2000: 在对 System.IDisposable.Dispose 的所有引用超出范围之前，在“new DBText()”创建的对象上对其进行调用 (https://docs.microsoft.com/dotnet/fundamentals/code-analysis/quality-rules/ca2000) [D:\leaveblackgithub\DDNCadAddins\src\DDNCadAddins\DDNCadAddins\DDNCadAddins.csproj]
D:\leaveblackgithub\DDNCadAddins\src\DDNCadAddins\DDNCadAddins\Commands\XClipTest\XClipTestCreator2.cs(99,25): warning CA1822: 成员“CreateTransformedBlock”不访问实例数据，可标记为 static (https://docs.microsoft.com/dotnet/fundamentals/code-analysis/quality-rules/ca1822) [D:\leaveblackgithub\DDNCadAddins\src\DDNCadAddins\DDNCadAddins\DDNCadAddins.csproj]
D:\leaveblackgithub\DDNCadAddins\src\DDNCadAddins\DDNCadAddins\Commands\XClipTest\XClipTestValidator.cs(286,22): warning CA1822: 成员“IsColorCorrect”不访问实例数据，可标记为 static (https://docs.microsoft.com/dotnet/fundamentals/code-analysis/quality-rules/ca1822) [D:\leaveblackgithub\DDNCadAddins\src\DDNCadAddins\DDNCadAddins\DDNCadAddins.csproj]
D:\leaveblackgithub\DDNCadAddins\src\DDNCadAddins\DDNCadAddins\Commands\XClipTest\XClipTestValidator.cs(334,22): warning CA1822: 成员“IsBlockTopLevel”不访问实例数据，可标记为 static (https://docs.microsoft.com/dotnet/fundamentals/code-analysis/quality-rules/ca1822) [D:\leaveblackgithub\DDNCadAddins\src\DDNCadAddins\DDNCadAddins\DDNCadAddins.csproj]
D:\leaveblackgithub\DDNCadAddins\src\DDNCadAddins\DDNCadAddins\Commands\XClipTest\XClipTestValidator.cs(310,22): warning CA1822: 成员“IsLinetypeCorrect”不访问实例数据，可标记为 static (https://docs.microsoft.com/dotnet/fundamentals/code-analysis/quality-rules/ca1822) [D:\leaveblackgithub\DDNCadAddins\src\DDNCadAddins\DDNCadAddins\DDNCadAddins.csproj]
D:\leaveblackgithub\DDNCadAddins\src\DDNCadAddins\DDNCadAddins\Commands\XClipTest\XClipTestValidator.cs(357,26): warning CA1822: 成员“FindParentBlockId”不访问实例数据，可标记为 static (https://docs.microsoft.com/dotnet/fundamentals/code-analysis/quality-rules/ca1822) [D:\leaveblackgithub\DDNCadAddins\src\DDNCadAddins\DDNCadAddins\DDNCadAddins.csproj]
D:\leaveblackgithub\DDNCadAddins\src\DDNCadAddins\DDNCadAddins\Commands\XClipTest\XClipTestValidator.cs(409,24): warning CA1822: 成员“GetBlockScale”不访问实例数据，可标记为 static (https://docs.microsoft.com/dotnet/fundamentals/code-analysis/quality-rules/ca1822) [D:\leaveblackgithub\DDNCadAddins\src\DDNCadAddins\DDNCadAddins\DDNCadAddins.csproj]
D:\leaveblackgithub\DDNCadAddins\src\DDNCadAddins\DDNCadAddins\Commands\XClipTest\XClipTestValidator.cs(389,24): warning CA1822: 成员“GetBlockRotation”不访问实例数据，可标记为 static (https://docs.microsoft.com/dotnet/fundamentals/code-analysis/quality-rules/ca1822) [D:\leaveblackgithub\DDNCadAddins\src\DDNCadAddins\DDNCadAddins\DDNCadAddins.csproj]
D:\leaveblackgithub\DDNCadAddins\src\DDNCadAddins\DDNCadAddins\Commands\XClipTest\XClipTestCreator3.cs(209,21): warning SA1503: Braces should not be omitted (https://github.com/DotNetAnalyzers/StyleCopAnalyzers/blob/master/documentation/SA1503.md) [D:\leaveblackgithub\DDNCadAddins\src\DDNCadAddins\DDNCadAddins\DDNCadAddins.csproj]
D:\leaveblackgithub\DDNCadAddins\src\DDNCadAddins\DDNCadAddins\Commands\XClipTest\XClipTestCreator3.cs(217,21): warning SA1503: Braces should not be omitted (https://github.com/DotNetAnalyzers/StyleCopAnalyzers/blob/master/documentation/SA1503.md) [D:\leaveblackgithub\DDNCadAddins\src\DDNCadAddins\DDNCadAddins\DDNCadAddins.csproj]
D:\leaveblackgithub\DDNCadAddins\src\DDNCadAddins\DDNCadAddins\Commands\XClipTest\XClipTestCreator3.cs(221,21): warning SA1503: Braces should not be omitted (https://github.com/DotNetAnalyzers/StyleCopAnalyzers/blob/master/documentation/SA1503.md) [D:\leaveblackgithub\DDNCadAddins\src\DDNCadAddins\DDNCadAddins\DDNCadAddins.csproj]
D:\leaveblackgithub\DDNCadAddins\src\DDNCadAddins\DDNCadAddins\Commands\XClipTest\XClipTestCreator3.cs(225,21): warning SA1503: Braces should not be omitted (https://github.com/DotNetAnalyzers/StyleCopAnalyzers/blob/master/documentation/SA1503.md) [D:\leaveblackgithub\DDNCadAddins\src\DDNCadAddins\DDNCadAddins\DDNCadAddins.csproj]
D:\leaveblackgithub\DDNCadAddins\src\DDNCadAddins\DDNCadAddins\Services\XClipBlockService.Core.cs(449,63): warning CA1310: “string.StartsWith(string)”的行为可能因当前用户的区域设置而异。请将“DDNCadAddins.Services.XClipBlockService.FindTestBlock(Autodesk.AutoCAD.DatabaseServices.Transaction, Autodesk.AutoCAD.DatabaseServices.Database, string)”中的此调用替换为对“string.StartsWith(string, System.StringComparison)”的调用。 (https://docs.microsoft.com/dotnet/fundamentals/code-analysis/quality-rules/ca1310) [D:\leaveblackgithub\DDNCadAddins\src\DDNCadAddins\DDNCadAddins\DDNCadAddins.csproj]
D:\leaveblackgithub\DDNCadAddins\src\DDNCadAddins\DDNCadAddins\Commands\XClipTest\XClipTestCreator3.cs(229,21): warning SA1503: Braces should not be omitted (https://github.com/DotNetAnalyzers/StyleCopAnalyzers/blob/master/documentation/SA1503.md) [D:\leaveblackgithub\DDNCadAddins\src\DDNCadAddins\DDNCadAddins\DDNCadAddins.csproj]
D:\leaveblackgithub\DDNCadAddins\src\DDNCadAddins\DDNCadAddins\Commands\XClipTest\XClipTestCreator3.cs(233,21): warning SA1503: Braces should not be omitted (https://github.com/DotNetAnalyzers/StyleCopAnalyzers/blob/master/documentation/SA1503.md) [D:\leaveblackgithub\DDNCadAddins\src\DDNCadAddins\DDNCadAddins\DDNCadAddins.csproj]
D:\leaveblackgithub\DDNCadAddins\src\DDNCadAddins\DDNCadAddins\Services\XClipBlockService.Core.cs(455,21): warning CA1031: 请修改“FindTestBlock”以捕获更具体的允许异常类型，或者重新抛出该异常 (https://docs.microsoft.com/dotnet/fundamentals/code-analysis/quality-rules/ca1031) [D:\leaveblackgithub\DDNCadAddins\src\DDNCadAddins\DDNCadAddins\DDNCadAddins.csproj]
D:\leaveblackgithub\DDNCadAddins\src\DDNCadAddins\DDNCadAddins\Services\XClipBlockService.Core.cs(463,13): warning CA1031: 请修改“FindTestBlock”以捕获更具体的允许异常类型，或者重新抛出该异常 (https://docs.microsoft.com/dotnet/fundamentals/code-analysis/quality-rules/ca1031) [D:\leaveblackgithub\DDNCadAddins\src\DDNCadAddins\DDNCadAddins\DDNCadAddins.csproj]
D:\leaveblackgithub\DDNCadAddins\src\DDNCadAddins\DDNCadAddins\Commands\XClipTest\XClipTestCreator3.cs(398,36): warning SA1101: Prefix local calls with this (https://github.com/DotNetAnalyzers/StyleCopAnalyzers/blob/master/documentation/SA1101.md) [D:\leaveblackgithub\DDNCadAddins\src\DDNCadAddins\DDNCadAddins\DDNCadAddins.csproj]
D:\leaveblackgithub\DDNCadAddins\src\DDNCadAddins\DDNCadAddins\Services\XClipBlockService.Core.cs(478,17): warning SA1503: Braces should not be omitted (https://github.com/DotNetAnalyzers/StyleCopAnalyzers/blob/master/documentation/SA1503.md) [D:\leaveblackgithub\DDNCadAddins\src\DDNCadAddins\DDNCadAddins\DDNCadAddins.csproj]
D:\leaveblackgithub\DDNCadAddins\src\DDNCadAddins\DDNCadAddins\Services\XClipBlockService.Core.cs(496,25): warning SA1503: Braces should not be omitted (https://github.com/DotNetAnalyzers/StyleCopAnalyzers/blob/master/documentation/SA1503.md) [D:\leaveblackgithub\DDNCadAddins\src\DDNCadAddins\DDNCadAddins\DDNCadAddins.csproj]
D:\leaveblackgithub\DDNCadAddins\src\DDNCadAddins\DDNCadAddins\Services\XClipBlockService.Core.cs(501,25): warning SA1503: Braces should not be omitted (https://github.com/DotNetAnalyzers/StyleCopAnalyzers/blob/master/documentation/SA1503.md) [D:\leaveblackgithub\DDNCadAddins\src\DDNCadAddins\DDNCadAddins\DDNCadAddins.csproj]
D:\leaveblackgithub\DDNCadAddins\src\DDNCadAddins\DDNCadAddins\Services\XClipBlockService.Core.cs(517,33): warning SA1503: Braces should not be omitted (https://github.com/DotNetAnalyzers/StyleCopAnalyzers/blob/master/documentation/SA1503.md) [D:\leaveblackgithub\DDNCadAddins\src\DDNCadAddins\DDNCadAddins\DDNCadAddins.csproj]
D:\leaveblackgithub\DDNCadAddins\src\DDNCadAddins\DDNCadAddins\Services\XClipBlockService.Core.cs(526,21): warning SA1503: Braces should not be omitted (https://github.com/DotNetAnalyzers/StyleCopAnalyzers/blob/master/documentation/SA1503.md) [D:\leaveblackgithub\DDNCadAddins\src\DDNCadAddins\DDNCadAddins\DDNCadAddins.csproj]
D:\leaveblackgithub\DDNCadAddins\src\DDNCadAddins\DDNCadAddins\Services\XClipBlockService.Core.cs(559,29): warning SA1503: Braces should not be omitted (https://github.com/DotNetAnalyzers/StyleCopAnalyzers/blob/master/documentation/SA1503.md) [D:\leaveblackgithub\DDNCadAddins\src\DDNCadAddins\DDNCadAddins\DDNCadAddins.csproj]
D:\leaveblackgithub\DDNCadAddins\src\DDNCadAddins\DDNCadAddins\Services\XClipBlockService.Core.cs(572,25): warning SA1503: Braces should not be omitted (https://github.com/DotNetAnalyzers/StyleCopAnalyzers/blob/master/documentation/SA1503.md) [D:\leaveblackgithub\DDNCadAddins\src\DDNCadAddins\DDNCadAddins\DDNCadAddins.csproj]
D:\leaveblackgithub\DDNCadAddins\src\DDNCadAddins\DDNCadAddins\Commands\TestRunner.cs(464,21): warning CA1822: 成员“TestXClipService”不访问实例数据，可标记为 static (https://docs.microsoft.com/dotnet/fundamentals/code-analysis/quality-rules/ca1822) [D:\leaveblackgithub\DDNCadAddins\src\DDNCadAddins\DDNCadAddins\DDNCadAddins.csproj]
D:\leaveblackgithub\DDNCadAddins\src\DDNCadAddins\DDNCadAddins\Commands\XClipTest\XClipTestCreator3.cs(406,13): warning CA1031: 请修改“CreateBlockReference”以捕获更具体的允许异常类型，或者重新抛出该异常 (https://docs.microsoft.com/dotnet/fundamentals/code-analysis/quality-rules/ca1031) [D:\leaveblackgithub\DDNCadAddins\src\DDNCadAddins\DDNCadAddins\DDNCadAddins.csproj]
D:\leaveblackgithub\DDNCadAddins\src\DDNCadAddins\DDNCadAddins\Commands\XClipTest\XClipTestCreator4.cs(57,42): warning CA1062: 在外部可见方法“ObjectId XClipTestCreator.GetLayerId(Transaction tr, Database db, string layerName)”中，先验证参数“db”为非 null，然后再使用。如果适用，在参数为 null 时引发 ArgumentNullException，或添加断言非 null 参数的代码协定前提条件。 (https://docs.microsoft.com/dotnet/fundamentals/code-analysis/quality-rules/ca1062) [D:\leaveblackgithub\DDNCadAddins\src\DDNCadAddins\DDNCadAddins\DDNCadAddins.csproj]
D:\leaveblackgithub\DDNCadAddins\src\DDNCadAddins\DDNCadAddins\Commands\XClipTest\XClipTestCreator4.cs(57,29): warning CA1062: 在外部可见方法“ObjectId XClipTestCreator.GetLayerId(Transaction tr, Database db, string layerName)”中，先验证参数“tr”为非 null，然后再使用。如果适用，在参数为 null 时引发 ArgumentNullException，或添加断言非 null 参数的代码协定前提条件。 (https://docs.microsoft.com/dotnet/fundamentals/code-analysis/quality-rules/ca1062) [D:\leaveblackgithub\DDNCadAddins\src\DDNCadAddins\DDNCadAddins\DDNCadAddins.csproj]
D:\leaveblackgithub\DDNCadAddins\src\DDNCadAddins\DDNCadAddins\Commands\TestRunner.cs(786,43): warning CA2000: 在对 System.IDisposable.Dispose 的所有引用超出范围之前，在“new BlockReference(position, blockId)”创建的对象上对其进行调用 (https://docs.microsoft.com/dotnet/fundamentals/code-analysis/quality-rules/ca2000) [D:\leaveblackgithub\DDNCadAddins\src\DDNCadAddins\DDNCadAddins\DDNCadAddins.csproj]
D:\leaveblackgithub\DDNCadAddins\src\DDNCadAddins\DDNCadAddins\Commands\XClipTest\XClipTestCreator4.cs(55,25): warning CA1822: 成员“GetLayerId”不访问实例数据，可标记为 static (https://docs.microsoft.com/dotnet/fundamentals/code-analysis/quality-rules/ca1822) [D:\leaveblackgithub\DDNCadAddins\src\DDNCadAddins\DDNCadAddins\DDNCadAddins.csproj]
D:\leaveblackgithub\DDNCadAddins\src\DDNCadAddins\DDNCadAddins\Commands\TestRunner.cs(756,40): warning CA2000: 在对 System.IDisposable.Dispose 的所有引用超出范围之前，在“new LayerTableRecord()”创建的对象上对其进行调用 (https://docs.microsoft.com/dotnet/fundamentals/code-analysis/quality-rules/ca2000) [D:\leaveblackgithub\DDNCadAddins\src\DDNCadAddins\DDNCadAddins\DDNCadAddins.csproj]
D:\leaveblackgithub\DDNCadAddins\src\DDNCadAddins\DDNCadAddins\Commands\XClipTest\XClipTestCreator4.cs(34,28): warning SA1101: Prefix local calls with this (https://github.com/DotNetAnalyzers/StyleCopAnalyzers/blob/master/documentation/SA1101.md) [D:\leaveblackgithub\DDNCadAddins\src\DDNCadAddins\DDNCadAddins\DDNCadAddins.csproj]
D:\leaveblackgithub\DDNCadAddins\src\DDNCadAddins\DDNCadAddins\Commands\XClipTest\XClipTestCreator4.cs(39,30): warning SA1101: Prefix local calls with this (https://github.com/DotNetAnalyzers/StyleCopAnalyzers/blob/master/documentation/SA1101.md) [D:\leaveblackgithub\DDNCadAddins\src\DDNCadAddins\DDNCadAddins\DDNCadAddins.csproj]
D:\leaveblackgithub\DDNCadAddins\src\DDNCadAddins\DDNCadAddins\Commands\XClipTest\XClipTestCreator3.cs(391,46): warning CA1062: 在外部可见方法“ObjectId XClipTestCreator.CreateBlockReference(Transaction tr, Database db, ObjectId blockDefId, Point3d position, string layerName)”中，先验证参数“db”为非 null，然后再使用。如果适用，在参数为 null 时引发 ArgumentNullException，或添加断言非 null 参数的代码协定前提条件。 (https://docs.microsoft.com/dotnet/fundamentals/code-analysis/quality-rules/ca1062) [D:\leaveblackgithub\DDNCadAddins\src\DDNCadAddins\DDNCadAddins\DDNCadAddins.csproj]
D:\leaveblackgithub\DDNCadAddins\src\DDNCadAddins\DDNCadAddins\Commands\XClipTest\XClipTestCreator3.cs(391,33): warning CA1062: 在外部可见方法“ObjectId XClipTestCreator.CreateBlockReference(Transaction tr, Database db, ObjectId blockDefId, Point3d position, string layerName)”中，先验证参数“tr”为非 null，然后再使用。如果适用，在参数为 null 时引发 ArgumentNullException，或添加断言非 null 参数的代码协定前提条件。 (https://docs.microsoft.com/dotnet/fundamentals/code-analysis/quality-rules/ca1062) [D:\leaveblackgithub\DDNCadAddins\src\DDNCadAddins\DDNCadAddins\DDNCadAddins.csproj]
D:\leaveblackgithub\DDNCadAddins\src\DDNCadAddins\DDNCadAddins\Commands\TestRunner.cs(582,27): warning CA2000: 在对 System.IDisposable.Dispose 的所有引用超出范围之前，在“new DBText()”创建的对象上对其进行调用 (https://docs.microsoft.com/dotnet/fundamentals/code-analysis/quality-rules/ca2000) [D:\leaveblackgithub\DDNCadAddins\src\DDNCadAddins\DDNCadAddins\DDNCadAddins.csproj]
D:\leaveblackgithub\DDNCadAddins\src\DDNCadAddins\DDNCadAddins\Commands\TestRunner.cs(563,36): warning CA2000: 在对 System.IDisposable.Dispose 的所有引用超出范围之前，在“new BlockTableRecord()”创建的对象上对其进行调用 (https://docs.microsoft.com/dotnet/fundamentals/code-analysis/quality-rules/ca2000) [D:\leaveblackgithub\DDNCadAddins\src\DDNCadAddins\DDNCadAddins\DDNCadAddins.csproj]
D:\leaveblackgithub\DDNCadAddins\src\DDNCadAddins\DDNCadAddins\Commands\TestRunner.cs(575,26): warning CA2000: 在对 System.IDisposable.Dispose 的所有引用超出范围之前，在“new Line(new Point3d(-10, 0, 0), new Point3d(10, 0, 0))”创建的对象上对其进行调用 (https://docs.microsoft.com/dotnet/fundamentals/code-analysis/quality-rules/ca2000) [D:\leaveblackgithub\DDNCadAddins\src\DDNCadAddins\DDNCadAddins\DDNCadAddins.csproj]
D:\leaveblackgithub\DDNCadAddins\src\DDNCadAddins\DDNCadAddins\Commands\TestRunner.cs(569,29): warning CA2000: 在对 System.IDisposable.Dispose 的所有引用超出范围之前，在“new Circle()”创建的对象上对其进行调用 (https://docs.microsoft.com/dotnet/fundamentals/code-analysis/quality-rules/ca2000) [D:\leaveblackgithub\DDNCadAddins\src\DDNCadAddins\DDNCadAddins\DDNCadAddins.csproj]
D:\leaveblackgithub\DDNCadAddins\src\DDNCadAddins\DDNCadAddins\Commands\TestRunner.cs(578,26): warning CA2000: 在对 System.IDisposable.Dispose 的所有引用超出范围之前，在“new Line(new Point3d(0, -10, 0), new Point3d(0, 10, 0))”创建的对象上对其进行调用 (https://docs.microsoft.com/dotnet/fundamentals/code-analysis/quality-rules/ca2000) [D:\leaveblackgithub\DDNCadAddins\src\DDNCadAddins\DDNCadAddins\DDNCadAddins.csproj]
D:\leaveblackgithub\DDNCadAddins\src\DDNCadAddins\DDNCadAddins\Services\XClipBlockService.Core.cs(579,21): warning SA1413: Use trailing comma in multi-line initializers (https://github.com/DotNetAnalyzers/StyleCopAnalyzers/blob/master/documentation/SA1413.md) [D:\leaveblackgithub\DDNCadAddins\src\DDNCadAddins\DDNCadAddins\DDNCadAddins.csproj]
D:\leaveblackgithub\DDNCadAddins\src\DDNCadAddins\DDNCadAddins\Commands\XClipTest\XClipTestCreator4.cs(70,46): warning CA1062: 在外部可见方法“ObjectId XClipTestCreator.GetLineTypeId(Transaction tr, Database db, string lineTypeName)”中，先验证参数“db”为非 null，然后再使用。如果适用，在参数为 null 时引发 ArgumentNullException，或添加断言非 null 参数的代码协定前提条件。 (https://docs.microsoft.com/dotnet/fundamentals/code-analysis/quality-rules/ca1062) [D:\leaveblackgithub\DDNCadAddins\src\DDNCadAddins\DDNCadAddins\DDNCadAddins.csproj]
D:\leaveblackgithub\DDNCadAddins\src\DDNCadAddins\DDNCadAddins\Commands\XClipTest\XClipTestCreator4.cs(70,33): warning CA1062: 在外部可见方法“ObjectId XClipTestCreator.GetLineTypeId(Transaction tr, Database db, string lineTypeName)”中，先验证参数“tr”为非 null，然后再使用。如果适用，在参数为 null 时引发 ArgumentNullException，或添加断言非 null 参数的代码协定前提条件。 (https://docs.microsoft.com/dotnet/fundamentals/code-analysis/quality-rules/ca1062) [D:\leaveblackgithub\DDNCadAddins\src\DDNCadAddins\DDNCadAddins\DDNCadAddins.csproj]
D:\leaveblackgithub\DDNCadAddins\src\DDNCadAddins\DDNCadAddins\Services\XClipBlockService.Core.cs(249,18): warning SA1101: Prefix local calls with this (https://github.com/DotNetAnalyzers/StyleCopAnalyzers/blob/master/documentation/SA1101.md) [D:\leaveblackgithub\DDNCadAddins\src\DDNCadAddins\DDNCadAddins\DDNCadAddins.csproj]
D:\leaveblackgithub\DDNCadAddins\src\DDNCadAddins\DDNCadAddins\Services\XClipBlockService.Core.cs(250,17): warning SA1101: Prefix local calls with this (https://github.com/DotNetAnalyzers/StyleCopAnalyzers/blob/master/documentation/SA1101.md) [D:\leaveblackgithub\DDNCadAddins\src\DDNCadAddins\DDNCadAddins\DDNCadAddins.csproj]
D:\leaveblackgithub\DDNCadAddins\src\DDNCadAddins\DDNCadAddins\Services\XClipBlockService.Core.cs(253,35): warning SA1101: Prefix local calls with this (https://github.com/DotNetAnalyzers/StyleCopAnalyzers/blob/master/documentation/SA1101.md) [D:\leaveblackgithub\DDNCadAddins\src\DDNCadAddins\DDNCadAddins\DDNCadAddins.csproj]
D:\leaveblackgithub\DDNCadAddins\src\DDNCadAddins\DDNCadAddins\Commands\XClipTest\XClipTestCreator4.cs(68,25): warning CA1822: 成员“GetLineTypeId”不访问实例数据，可标记为 static (https://docs.microsoft.com/dotnet/fundamentals/code-analysis/quality-rules/ca1822) [D:\leaveblackgithub\DDNCadAddins\src\DDNCadAddins\DDNCadAddins\DDNCadAddins.csproj]
D:\leaveblackgithub\DDNCadAddins\src\DDNCadAddins\DDNCadAddins\Commands\XClipTest\XClipTestCreator4.cs(127,32): warning SA1101: Prefix local calls with this (https://github.com/DotNetAnalyzers/StyleCopAnalyzers/blob/master/documentation/SA1101.md) [D:\leaveblackgithub\DDNCadAddins\src\DDNCadAddins\DDNCadAddins\DDNCadAddins.csproj]
D:\leaveblackgithub\DDNCadAddins\src\DDNCadAddins\DDNCadAddins\Services\XClipBlockService.Core.cs(255,43): warning SA1101: Prefix local calls with this (https://github.com/DotNetAnalyzers/StyleCopAnalyzers/blob/master/documentation/SA1101.md) [D:\leaveblackgithub\DDNCadAddins\src\DDNCadAddins\DDNCadAddins\DDNCadAddins.csproj]
D:\leaveblackgithub\DDNCadAddins\src\DDNCadAddins\DDNCadAddins\Services\XClipBlockService.Core.cs(258,26): warning SA1101: Prefix local calls with this (https://github.com/DotNetAnalyzers/StyleCopAnalyzers/blob/master/documentation/SA1101.md) [D:\leaveblackgithub\DDNCadAddins\src\DDNCadAddins\DDNCadAddins\DDNCadAddins.csproj]
D:\leaveblackgithub\DDNCadAddins\src\DDNCadAddins\DDNCadAddins\Services\XClipBlockService.Core.cs(259,25): warning SA1101: Prefix local calls with this (https://github.com/DotNetAnalyzers/StyleCopAnalyzers/blob/master/documentation/SA1101.md) [D:\leaveblackgithub\DDNCadAddins\src\DDNCadAddins\DDNCadAddins\DDNCadAddins.csproj]
D:\leaveblackgithub\DDNCadAddins\src\DDNCadAddins\DDNCadAddins\Services\XClipBlockService.Core.cs(264,33): warning SA1101: Prefix local calls with this (https://github.com/DotNetAnalyzers/StyleCopAnalyzers/blob/master/documentation/SA1101.md) [D:\leaveblackgithub\DDNCadAddins\src\DDNCadAddins\DDNCadAddins\DDNCadAddins.csproj]
D:\leaveblackgithub\DDNCadAddins\src\DDNCadAddins\DDNCadAddins\Services\XClipBlockService.Core.cs(267,26): warning SA1101: Prefix local calls with this (https://github.com/DotNetAnalyzers/StyleCopAnalyzers/blob/master/documentation/SA1101.md) [D:\leaveblackgithub\DDNCadAddins\src\DDNCadAddins\DDNCadAddins\DDNCadAddins.csproj]
D:\leaveblackgithub\DDNCadAddins\src\DDNCadAddins\DDNCadAddins\Services\XClipBlockService.Core.cs(268,25): warning SA1101: Prefix local calls with this (https://github.com/DotNetAnalyzers/StyleCopAnalyzers/blob/master/documentation/SA1101.md) [D:\leaveblackgithub\DDNCadAddins\src\DDNCadAddins\DDNCadAddins\DDNCadAddins.csproj]
D:\leaveblackgithub\DDNCadAddins\src\DDNCadAddins\DDNCadAddins\Commands\XClipTest\XClipTestCreator4.cs(119,13): warning SA1117: The parameters should all be placed on the same line or each parameter should be placed on its own line. (https://github.com/DotNetAnalyzers/StyleCopAnalyzers/blob/master/documentation/SA1117.md) [D:\leaveblackgithub\DDNCadAddins\src\DDNCadAddins\DDNCadAddins\DDNCadAddins.csproj]
D:\leaveblackgithub\DDNCadAddins\src\DDNCadAddins\DDNCadAddins\Services\XClipBlockService.Core.cs(274,22): warning SA1101: Prefix local calls with this (https://github.com/DotNetAnalyzers/StyleCopAnalyzers/blob/master/documentation/SA1101.md) [D:\leaveblackgithub\DDNCadAddins\src\DDNCadAddins\DDNCadAddins\DDNCadAddins.csproj]
D:\leaveblackgithub\DDNCadAddins\src\DDNCadAddins\DDNCadAddins\Commands\XClipTest\XClipTestCreator3.cs(146,30): warning SA1101: Prefix local calls with this (https://github.com/DotNetAnalyzers/StyleCopAnalyzers/blob/master/documentation/SA1101.md) [D:\leaveblackgithub\DDNCadAddins\src\DDNCadAddins\DDNCadAddins\DDNCadAddins.csproj]
D:\leaveblackgithub\DDNCadAddins\src\DDNCadAddins\DDNCadAddins\Services\XClipBlockService.Core.cs(275,21): warning SA1101: Prefix local calls with this (https://github.com/DotNetAnalyzers/StyleCopAnalyzers/blob/master/documentation/SA1101.md) [D:\leaveblackgithub\DDNCadAddins\src\DDNCadAddins\DDNCadAddins\DDNCadAddins.csproj]
D:\leaveblackgithub\DDNCadAddins\src\DDNCadAddins\DDNCadAddins\Commands\XClipTest\XClipTestCreator3.cs(150,44): warning SA1101: Prefix local calls with this (https://github.com/DotNetAnalyzers/StyleCopAnalyzers/blob/master/documentation/SA1101.md) [D:\leaveblackgithub\DDNCadAddins\src\DDNCadAddins\DDNCadAddins\DDNCadAddins.csproj]
D:\leaveblackgithub\DDNCadAddins\src\DDNCadAddins\DDNCadAddins\Services\XClipBlockService.Core.cs(279,21): warning SA1101: Prefix local calls with this (https://github.com/DotNetAnalyzers/StyleCopAnalyzers/blob/master/documentation/SA1101.md) [D:\leaveblackgithub\DDNCadAddins\src\DDNCadAddins\DDNCadAddins\DDNCadAddins.csproj]
D:\leaveblackgithub\DDNCadAddins\src\DDNCadAddins\DDNCadAddins\Services\XClipBlockService.Core.cs(281,26): warning SA1101: Prefix local calls with this (https://github.com/DotNetAnalyzers/StyleCopAnalyzers/blob/master/documentation/SA1101.md) [D:\leaveblackgithub\DDNCadAddins\src\DDNCadAddins\DDNCadAddins\DDNCadAddins.csproj]
D:\leaveblackgithub\DDNCadAddins\src\DDNCadAddins\DDNCadAddins\Commands\XClipTest\XClipTestCreator3.cs(157,21): warning SA1101: Prefix local calls with this (https://github.com/DotNetAnalyzers/StyleCopAnalyzers/blob/master/documentation/SA1101.md) [D:\leaveblackgithub\DDNCadAddins\src\DDNCadAddins\DDNCadAddins\DDNCadAddins.csproj]
D:\leaveblackgithub\DDNCadAddins\src\DDNCadAddins\DDNCadAddins\Services\XClipBlockService.Core.cs(282,25): warning SA1101: Prefix local calls with this (https://github.com/DotNetAnalyzers/StyleCopAnalyzers/blob/master/documentation/SA1101.md) [D:\leaveblackgithub\DDNCadAddins\src\DDNCadAddins\DDNCadAddins\DDNCadAddins.csproj]
D:\leaveblackgithub\DDNCadAddins\src\DDNCadAddins\DDNCadAddins\Commands\XClipTest\XClipTestCreator3.cs(160,21): warning SA1101: Prefix local calls with this (https://github.com/DotNetAnalyzers/StyleCopAnalyzers/blob/master/documentation/SA1101.md) [D:\leaveblackgithub\DDNCadAddins\src\DDNCadAddins\DDNCadAddins\DDNCadAddins.csproj]
D:\leaveblackgithub\DDNCadAddins\src\DDNCadAddins\DDNCadAddins\Commands\XClipTest\XClipTestCreator3.cs(163,47): warning SA1101: Prefix local calls with this (https://github.com/DotNetAnalyzers/StyleCopAnalyzers/blob/master/documentation/SA1101.md) [D:\leaveblackgithub\DDNCadAddins\src\DDNCadAddins\DDNCadAddins\DDNCadAddins.csproj]
D:\leaveblackgithub\DDNCadAddins\src\DDNCadAddins\DDNCadAddins\Services\XClipBlockService.Core.cs(287,38): warning SA1101: Prefix local calls with this (https://github.com/DotNetAnalyzers/StyleCopAnalyzers/blob/master/documentation/SA1101.md) [D:\leaveblackgithub\DDNCadAddins\src\DDNCadAddins\DDNCadAddins\DDNCadAddins.csproj]
D:\leaveblackgithub\DDNCadAddins\src\DDNCadAddins\DDNCadAddins\Commands\XClipTest\XClipTestCreator3.cs(164,45): warning SA1101: Prefix local calls with this (https://github.com/DotNetAnalyzers/StyleCopAnalyzers/blob/master/documentation/SA1101.md) [D:\leaveblackgithub\DDNCadAddins\src\DDNCadAddins\DDNCadAddins\DDNCadAddins.csproj]
D:\leaveblackgithub\DDNCadAddins\src\DDNCadAddins\DDNCadAddins\Services\XClipBlockService.Core.cs(290,26): warning SA1101: Prefix local calls with this (https://github.com/DotNetAnalyzers/StyleCopAnalyzers/blob/master/documentation/SA1101.md) [D:\leaveblackgithub\DDNCadAddins\src\DDNCadAddins\DDNCadAddins\DDNCadAddins.csproj]
D:\leaveblackgithub\DDNCadAddins\src\DDNCadAddins\DDNCadAddins\Services\XClipBlockService.Core.cs(291,25): warning SA1101: Prefix local calls with this (https://github.com/DotNetAnalyzers/StyleCopAnalyzers/blob/master/documentation/SA1101.md) [D:\leaveblackgithub\DDNCadAddins\src\DDNCadAddins\DDNCadAddins\DDNCadAddins.csproj]
D:\leaveblackgithub\DDNCadAddins\src\DDNCadAddins\DDNCadAddins\Commands\XClipTest\XClipTestCreator3.cs(165,48): warning SA1101: Prefix local calls with this (https://github.com/DotNetAnalyzers/StyleCopAnalyzers/blob/master/documentation/SA1101.md) [D:\leaveblackgithub\DDNCadAddins\src\DDNCadAddins\DDNCadAddins\DDNCadAddins.csproj]
D:\leaveblackgithub\DDNCadAddins\src\DDNCadAddins\DDNCadAddins\Services\XClipBlockService.Core.cs(299,22): warning SA1101: Prefix local calls with this (https://github.com/DotNetAnalyzers/StyleCopAnalyzers/blob/master/documentation/SA1101.md) [D:\leaveblackgithub\DDNCadAddins\src\DDNCadAddins\DDNCadAddins\DDNCadAddins.csproj]
D:\leaveblackgithub\DDNCadAddins\src\DDNCadAddins\DDNCadAddins\Commands\XClipTest\XClipTestCreator3.cs(169,45): warning SA1101: Prefix local calls with this (https://github.com/DotNetAnalyzers/StyleCopAnalyzers/blob/master/documentation/SA1101.md) [D:\leaveblackgithub\DDNCadAddins\src\DDNCadAddins\DDNCadAddins\DDNCadAddins.csproj]
D:\leaveblackgithub\DDNCadAddins\src\DDNCadAddins\DDNCadAddins\Services\XClipBlockService.Core.cs(300,21): warning SA1101: Prefix local calls with this (https://github.com/DotNetAnalyzers/StyleCopAnalyzers/blob/master/documentation/SA1101.md) [D:\leaveblackgithub\DDNCadAddins\src\DDNCadAddins\DDNCadAddins\DDNCadAddins.csproj]
D:\leaveblackgithub\DDNCadAddins\src\DDNCadAddins\DDNCadAddins\Commands\XClipTest\XClipTestCreator3.cs(170,47): warning SA1101: Prefix local calls with this (https://github.com/DotNetAnalyzers/StyleCopAnalyzers/blob/master/documentation/SA1101.md) [D:\leaveblackgithub\DDNCadAddins\src\DDNCadAddins\DDNCadAddins\DDNCadAddins.csproj]
D:\leaveblackgithub\DDNCadAddins\src\DDNCadAddins\DDNCadAddins\Commands\XClipTest\XClipTestCreator3.cs(298,33): warning CA1310: “string.StartsWith(string)”的行为可能因当前用户的区域设置而异。请将“DDNCadAddins.Commands.XClipTest.XClipTestCreator.CleanupTests()”中的此调用替换为对“string.StartsWith(string, System.StringComparison)”的调用。 (https://docs.microsoft.com/dotnet/fundamentals/code-analysis/quality-rules/ca1310) [D:\leaveblackgithub\DDNCadAddins\src\DDNCadAddins\DDNCadAddins\DDNCadAddins.csproj]
D:\leaveblackgithub\DDNCadAddins\src\DDNCadAddins\DDNCadAddins\Commands\XClipTest\XClipTestCreator3.cs(317,29): warning CA1310: “string.StartsWith(string)”的行为可能因当前用户的区域设置而异。请将“DDNCadAddins.Commands.XClipTest.XClipTestCreator.CleanupTests()”中的此调用替换为对“string.StartsWith(string, System.StringComparison)”的调用。 (https://docs.microsoft.com/dotnet/fundamentals/code-analysis/quality-rules/ca1310) [D:\leaveblackgithub\DDNCadAddins\src\DDNCadAddins\DDNCadAddins\DDNCadAddins.csproj]
D:\leaveblackgithub\DDNCadAddins\src\DDNCadAddins\DDNCadAddins\Commands\XClipTest\XClipTestCreator3.cs(172,48): warning SA1101: Prefix local calls with this (https://github.com/DotNetAnalyzers/StyleCopAnalyzers/blob/master/documentation/SA1101.md) [D:\leaveblackgithub\DDNCadAddins\src\DDNCadAddins\DDNCadAddins\DDNCadAddins.csproj]
D:\leaveblackgithub\DDNCadAddins\src\DDNCadAddins\DDNCadAddins\Commands\XClipTest\XClipTestCreator3.cs(344,29): warning CA1310: “string.StartsWith(string)”的行为可能因当前用户的区域设置而异。请将“DDNCadAddins.Commands.XClipTest.XClipTestCreator.CleanupTests()”中的此调用替换为对“string.StartsWith(string, System.StringComparison)”的调用。 (https://docs.microsoft.com/dotnet/fundamentals/code-analysis/quality-rules/ca1310) [D:\leaveblackgithub\DDNCadAddins\src\DDNCadAddins\DDNCadAddins\DDNCadAddins.csproj]
D:\leaveblackgithub\DDNCadAddins\src\DDNCadAddins\DDNCadAddins\Services\XClipBlockService.Core.cs(601,17): warning SA1503: Braces should not be omitted (https://github.com/DotNetAnalyzers/StyleCopAnalyzers/blob/master/documentation/SA1503.md) [D:\leaveblackgithub\DDNCadAddins\src\DDNCadAddins\DDNCadAddins\DDNCadAddins.csproj]
D:\leaveblackgithub\DDNCadAddins\src\DDNCadAddins\DDNCadAddins\Services\XClipBlockService.Core.cs(604,17): warning SA1503: Braces should not be omitted (https://github.com/DotNetAnalyzers/StyleCopAnalyzers/blob/master/documentation/SA1503.md) [D:\leaveblackgithub\DDNCadAddins\src\DDNCadAddins\DDNCadAddins\DDNCadAddins.csproj]
D:\leaveblackgithub\DDNCadAddins\src\DDNCadAddins\DDNCadAddins\Services\XClipBlockService.Core.cs(621,25): warning SA1503: Braces should not be omitted (https://github.com/DotNetAnalyzers/StyleCopAnalyzers/blob/master/documentation/SA1503.md) [D:\leaveblackgithub\DDNCadAddins\src\DDNCadAddins\DDNCadAddins\DDNCadAddins.csproj]
D:\leaveblackgithub\DDNCadAddins\src\DDNCadAddins\DDNCadAddins\Commands\XClipTest\XClipTestCreator3.cs(176,50): warning SA1101: Prefix local calls with this (https://github.com/DotNetAnalyzers/StyleCopAnalyzers/blob/master/documentation/SA1101.md) [D:\leaveblackgithub\DDNCadAddins\src\DDNCadAddins\DDNCadAddins\DDNCadAddins.csproj]
D:\leaveblackgithub\DDNCadAddins\src\DDNCadAddins\DDNCadAddins\Services\XClipBlockService.Core.cs(626,25): warning SA1503: Braces should not be omitted (https://github.com/DotNetAnalyzers/StyleCopAnalyzers/blob/master/documentation/SA1503.md) [D:\leaveblackgithub\DDNCadAddins\src\DDNCadAddins\DDNCadAddins\DDNCadAddins.csproj]
D:\leaveblackgithub\DDNCadAddins\src\DDNCadAddins\DDNCadAddins\Services\XClipBlockService.Core.cs(649,33): warning SA1503: Braces should not be omitted (https://github.com/DotNetAnalyzers/StyleCopAnalyzers/blob/master/documentation/SA1503.md) [D:\leaveblackgithub\DDNCadAddins\src\DDNCadAddins\DDNCadAddins\DDNCadAddins.csproj]
D:\leaveblackgithub\DDNCadAddins\src\DDNCadAddins\DDNCadAddins\Services\XClipBlockService.Core.cs(658,21): warning SA1503: Braces should not be omitted (https://github.com/DotNetAnalyzers/StyleCopAnalyzers/blob/master/documentation/SA1503.md) [D:\leaveblackgithub\DDNCadAddins\src\DDNCadAddins\DDNCadAddins\DDNCadAddins.csproj]
D:\leaveblackgithub\DDNCadAddins\src\DDNCadAddins\DDNCadAddins\Commands\XClipTest\XClipTestCreator3.cs(178,48): warning SA1101: Prefix local calls with this (https://github.com/DotNetAnalyzers/StyleCopAnalyzers/blob/master/documentation/SA1101.md) [D:\leaveblackgithub\DDNCadAddins\src\DDNCadAddins\DDNCadAddins\DDNCadAddins.csproj]
D:\leaveblackgithub\DDNCadAddins\src\DDNCadAddins\DDNCadAddins\Services\XClipBlockService.Core.cs(686,29): warning SA1503: Braces should not be omitted (https://github.com/DotNetAnalyzers/StyleCopAnalyzers/blob/master/documentation/SA1503.md) [D:\leaveblackgithub\DDNCadAddins\src\DDNCadAddins\DDNCadAddins\DDNCadAddins.csproj]
D:\leaveblackgithub\DDNCadAddins\src\DDNCadAddins\DDNCadAddins\Services\XClipBlockService.Core.cs(316,26): warning SA1101: Prefix local calls with this (https://github.com/DotNetAnalyzers/StyleCopAnalyzers/blob/master/documentation/SA1101.md) [D:\leaveblackgithub\DDNCadAddins\src\DDNCadAddins\DDNCadAddins\DDNCadAddins.csproj]
D:\leaveblackgithub\DDNCadAddins\src\DDNCadAddins\DDNCadAddins\Commands\XClipTest\XClipTestCreator3.cs(179,51): warning SA1101: Prefix local calls with this (https://github.com/DotNetAnalyzers/StyleCopAnalyzers/blob/master/documentation/SA1101.md) [D:\leaveblackgithub\DDNCadAddins\src\DDNCadAddins\DDNCadAddins\DDNCadAddins.csproj]
D:\leaveblackgithub\DDNCadAddins\src\DDNCadAddins\DDNCadAddins\Services\XClipBlockService.Core.cs(317,25): warning SA1101: Prefix local calls with this (https://github.com/DotNetAnalyzers/StyleCopAnalyzers/blob/master/documentation/SA1101.md) [D:\leaveblackgithub\DDNCadAddins\src\DDNCadAddins\DDNCadAddins\DDNCadAddins.csproj]
D:\leaveblackgithub\DDNCadAddins\src\DDNCadAddins\DDNCadAddins\Services\XClipBlockService.Core.cs(320,22): warning SA1101: Prefix local calls with this (https://github.com/DotNetAnalyzers/StyleCopAnalyzers/blob/master/documentation/SA1101.md) [D:\leaveblackgithub\DDNCadAddins\src\DDNCadAddins\DDNCadAddins\DDNCadAddins.csproj]
D:\leaveblackgithub\DDNCadAddins\src\DDNCadAddins\DDNCadAddins\Commands\XClipTest\XClipTestCreator3.cs(183,48): warning SA1101: Prefix local calls with this (https://github.com/DotNetAnalyzers/StyleCopAnalyzers/blob/master/documentation/SA1101.md) [D:\leaveblackgithub\DDNCadAddins\src\DDNCadAddins\DDNCadAddins\DDNCadAddins.csproj]
D:\leaveblackgithub\DDNCadAddins\src\DDNCadAddins\DDNCadAddins\Services\XClipBlockService.Core.cs(321,21): warning SA1101: Prefix local calls with this (https://github.com/DotNetAnalyzers/StyleCopAnalyzers/blob/master/documentation/SA1101.md) [D:\leaveblackgithub\DDNCadAddins\src\DDNCadAddins\DDNCadAddins\DDNCadAddins.csproj]
D:\leaveblackgithub\DDNCadAddins\src\DDNCadAddins\DDNCadAddins\Commands\XClipTest\XClipTestCreator3.cs(184,46): warning SA1101: Prefix local calls with this (https://github.com/DotNetAnalyzers/StyleCopAnalyzers/blob/master/documentation/SA1101.md) [D:\leaveblackgithub\DDNCadAddins\src\DDNCadAddins\DDNCadAddins\DDNCadAddins.csproj]
D:\leaveblackgithub\DDNCadAddins\src\DDNCadAddins\DDNCadAddins\Services\XClipBlockService.Core.cs(329,22): warning SA1101: Prefix local calls with this (https://github.com/DotNetAnalyzers/StyleCopAnalyzers/blob/master/documentation/SA1101.md) [D:\leaveblackgithub\DDNCadAddins\src\DDNCadAddins\DDNCadAddins\DDNCadAddins.csproj]
D:\leaveblackgithub\DDNCadAddins\src\DDNCadAddins\DDNCadAddins\Services\XClipBlockService.Core.cs(789,17): warning SA1503: Braces should not be omitted (https://github.com/DotNetAnalyzers/StyleCopAnalyzers/blob/master/documentation/SA1503.md) [D:\leaveblackgithub\DDNCadAddins\src\DDNCadAddins\DDNCadAddins\DDNCadAddins.csproj]
D:\leaveblackgithub\DDNCadAddins\src\DDNCadAddins\DDNCadAddins\Services\XClipBlockService.Core.cs(489,42): warning SA1101: Prefix local calls with this (https://github.com/DotNetAnalyzers/StyleCopAnalyzers/blob/master/documentation/SA1101.md) [D:\leaveblackgithub\DDNCadAddins\src\DDNCadAddins\DDNCadAddins\DDNCadAddins.csproj]
D:\leaveblackgithub\DDNCadAddins\src\DDNCadAddins\DDNCadAddins\Services\XClipBlockService.Core.cs(330,21): warning SA1101: Prefix local calls with this (https://github.com/DotNetAnalyzers/StyleCopAnalyzers/blob/master/documentation/SA1101.md) [D:\leaveblackgithub\DDNCadAddins\src\DDNCadAddins\DDNCadAddins\DDNCadAddins.csproj]
D:\leaveblackgithub\DDNCadAddins\src\DDNCadAddins\DDNCadAddins\Commands\XClipTest\XClipTestCreator3.cs(185,49): warning SA1101: Prefix local calls with this (https://github.com/DotNetAnalyzers/StyleCopAnalyzers/blob/master/documentation/SA1101.md) [D:\leaveblackgithub\DDNCadAddins\src\DDNCadAddins\DDNCadAddins\DDNCadAddins.csproj]
D:\leaveblackgithub\DDNCadAddins\src\DDNCadAddins\DDNCadAddins\Commands\XClipTest\XClipTestCreator4.cs(239,25): warning SA1503: Braces should not be omitted (https://github.com/DotNetAnalyzers/StyleCopAnalyzers/blob/master/documentation/SA1503.md) [D:\leaveblackgithub\DDNCadAddins\src\DDNCadAddins\DDNCadAddins\DDNCadAddins.csproj]
D:\leaveblackgithub\DDNCadAddins\src\DDNCadAddins\DDNCadAddins\Commands\XClipTest\XClipTestCreator3.cs(189,41): warning SA1101: Prefix local calls with this (https://github.com/DotNetAnalyzers/StyleCopAnalyzers/blob/master/documentation/SA1101.md) [D:\leaveblackgithub\DDNCadAddins\src\DDNCadAddins\DDNCadAddins\DDNCadAddins.csproj]
D:\leaveblackgithub\DDNCadAddins\src\DDNCadAddins\DDNCadAddins\Services\XClipBlockService.Core.cs(350,18): warning SA1101: Prefix local calls with this (https://github.com/DotNetAnalyzers/StyleCopAnalyzers/blob/master/documentation/SA1101.md) [D:\leaveblackgithub\DDNCadAddins\src\DDNCadAddins\DDNCadAddins\DDNCadAddins.csproj]
D:\leaveblackgithub\DDNCadAddins\src\DDNCadAddins\DDNCadAddins\Commands\XClipTest\XClipTestCreator3.cs(190,41): warning SA1101: Prefix local calls with this (https://github.com/DotNetAnalyzers/StyleCopAnalyzers/blob/master/documentation/SA1101.md) [D:\leaveblackgithub\DDNCadAddins\src\DDNCadAddins\DDNCadAddins\DDNCadAddins.csproj]
D:\leaveblackgithub\DDNCadAddins\src\DDNCadAddins\DDNCadAddins\Services\XClipBlockService.Core.cs(792,17): warning SA1519: Braces should not be omitted from multi-line child statement (https://github.com/DotNetAnalyzers/StyleCopAnalyzers/blob/master/documentation/SA1519.md) [D:\leaveblackgithub\DDNCadAddins\src\DDNCadAddins\DDNCadAddins\DDNCadAddins.csproj]
D:\leaveblackgithub\DDNCadAddins\src\DDNCadAddins\DDNCadAddins\Services\XClipBlockService.Core.cs(351,17): warning SA1101: Prefix local calls with this (https://github.com/DotNetAnalyzers/StyleCopAnalyzers/blob/master/documentation/SA1101.md) [D:\leaveblackgithub\DDNCadAddins\src\DDNCadAddins\DDNCadAddins\DDNCadAddins.csproj]
D:\leaveblackgithub\DDNCadAddins\src\DDNCadAddins\DDNCadAddins\Services\XClipBlockService.Core.cs(803,21): warning SA1519: Braces should not be omitted from multi-line child statement (https://github.com/DotNetAnalyzers/StyleCopAnalyzers/blob/master/documentation/SA1519.md) [D:\leaveblackgithub\DDNCadAddins\src\DDNCadAddins\DDNCadAddins\DDNCadAddins.csproj]
D:\leaveblackgithub\DDNCadAddins\src\DDNCadAddins\DDNCadAddins\Commands\XClipTest\XClipTestCreator3.cs(191,41): warning SA1101: Prefix local calls with this (https://github.com/DotNetAnalyzers/StyleCopAnalyzers/blob/master/documentation/SA1101.md) [D:\leaveblackgithub\DDNCadAddins\src\DDNCadAddins\DDNCadAddins\DDNCadAddins.csproj]
D:\leaveblackgithub\DDNCadAddins\src\DDNCadAddins\DDNCadAddins\Services\XClipBlockService.Core.cs(357,44): warning SA1101: Prefix local calls with this (https://github.com/DotNetAnalyzers/StyleCopAnalyzers/blob/master/documentation/SA1101.md) [D:\leaveblackgithub\DDNCadAddins\src\DDNCadAddins\DDNCadAddins\DDNCadAddins.csproj]
D:\leaveblackgithub\DDNCadAddins\src\DDNCadAddins\DDNCadAddins\Commands\XClipTest\XClipTestCreator3.cs(192,41): warning SA1101: Prefix local calls with this (https://github.com/DotNetAnalyzers/StyleCopAnalyzers/blob/master/documentation/SA1101.md) [D:\leaveblackgithub\DDNCadAddins\src\DDNCadAddins\DDNCadAddins\DDNCadAddins.csproj]
D:\leaveblackgithub\DDNCadAddins\src\DDNCadAddins\DDNCadAddins\Services\XClipBlockService.Core.cs(358,25): warning SA1101: Prefix local calls with this (https://github.com/DotNetAnalyzers/StyleCopAnalyzers/blob/master/documentation/SA1101.md) [D:\leaveblackgithub\DDNCadAddins\src\DDNCadAddins\DDNCadAddins\DDNCadAddins.csproj]
D:\leaveblackgithub\DDNCadAddins\src\DDNCadAddins\DDNCadAddins\Commands\XClipTest\XClipTestCreator3.cs(201,21): warning SA1101: Prefix local calls with this (https://github.com/DotNetAnalyzers/StyleCopAnalyzers/blob/master/documentation/SA1101.md) [D:\leaveblackgithub\DDNCadAddins\src\DDNCadAddins\DDNCadAddins\DDNCadAddins.csproj]
D:\leaveblackgithub\DDNCadAddins\src\DDNCadAddins\DDNCadAddins\Services\XClipBlockService.Core.cs(361,35): warning SA1101: Prefix local calls with this (https://github.com/DotNetAnalyzers/StyleCopAnalyzers/blob/master/documentation/SA1101.md) [D:\leaveblackgithub\DDNCadAddins\src\DDNCadAddins\DDNCadAddins\DDNCadAddins.csproj]
D:\leaveblackgithub\DDNCadAddins\src\DDNCadAddins\DDNCadAddins\Services\XClipBlockService.Core.cs(516,34): warning SA1101: Prefix local calls with this (https://github.com/DotNetAnalyzers/StyleCopAnalyzers/blob/master/documentation/SA1101.md) [D:\leaveblackgithub\DDNCadAddins\src\DDNCadAddins\DDNCadAddins\DDNCadAddins.csproj]
D:\leaveblackgithub\DDNCadAddins\src\DDNCadAddins\DDNCadAddins\Services\XClipBlockService.Core.cs(366,30): warning SA1101: Prefix local calls with this (https://github.com/DotNetAnalyzers/StyleCopAnalyzers/blob/master/documentation/SA1101.md) [D:\leaveblackgithub\DDNCadAddins\src\DDNCadAddins\DDNCadAddins\DDNCadAddins.csproj]
D:\leaveblackgithub\DDNCadAddins\src\DDNCadAddins\DDNCadAddins\Commands\XClipTest\XClipTestCreator3.cs(207,43): warning SA1101: Prefix local calls with this (https://github.com/DotNetAnalyzers/StyleCopAnalyzers/blob/master/documentation/SA1101.md) [D:\leaveblackgithub\DDNCadAddins\src\DDNCadAddins\DDNCadAddins\DDNCadAddins.csproj]
D:\leaveblackgithub\DDNCadAddins\src\DDNCadAddins\DDNCadAddins\Services\XClipBlockService.Core.cs(517,33): warning SA1101: Prefix local calls with this (https://github.com/DotNetAnalyzers/StyleCopAnalyzers/blob/master/documentation/SA1101.md) [D:\leaveblackgithub\DDNCadAddins\src\DDNCadAddins\DDNCadAddins\DDNCadAddins.csproj]
D:\leaveblackgithub\DDNCadAddins\src\DDNCadAddins\DDNCadAddins\Services\XClipBlockService.Core.cs(719,17): warning SA1503: Braces should not be omitted (https://github.com/DotNetAnalyzers/StyleCopAnalyzers/blob/master/documentation/SA1503.md) [D:\leaveblackgithub\DDNCadAddins\src\DDNCadAddins\DDNCadAddins\DDNCadAddins.csproj]
D:\leaveblackgithub\DDNCadAddins\src\DDNCadAddins\DDNCadAddins\Commands\XClipTest\XClipTestCreator3.cs(331,25): warning CA1031: 请修改“CleanupTests”以捕获更具体的允许异常类型，或者重新抛出该异常 (https://docs.microsoft.com/dotnet/fundamentals/code-analysis/quality-rules/ca1031) [D:\leaveblackgithub\DDNCadAddins\src\DDNCadAddins\DDNCadAddins\DDNCadAddins.csproj]
D:\leaveblackgithub\DDNCadAddins\src\DDNCadAddins\DDNCadAddins\Commands\XClipTest\XClipTestCreator3.cs(360,25): warning CA1031: 请修改“CleanupTests”以捕获更具体的允许异常类型，或者重新抛出该异常 (https://docs.microsoft.com/dotnet/fundamentals/code-analysis/quality-rules/ca1031) [D:\leaveblackgithub\DDNCadAddins\src\DDNCadAddins\DDNCadAddins\DDNCadAddins.csproj]
D:\leaveblackgithub\DDNCadAddins\src\DDNCadAddins\DDNCadAddins\Commands\XClipTest\XClipTestCreator3.cs(371,13): warning CA1031: 请修改“CleanupTests”以捕获更具体的允许异常类型，或者重新抛出该异常 (https://docs.microsoft.com/dotnet/fundamentals/code-analysis/quality-rules/ca1031) [D:\leaveblackgithub\DDNCadAddins\src\DDNCadAddins\DDNCadAddins\DDNCadAddins.csproj]
D:\leaveblackgithub\DDNCadAddins\src\DDNCadAddins\DDNCadAddins\Commands\XClipTest\XClipTestCreator3.cs(215,42): warning SA1101: Prefix local calls with this (https://github.com/DotNetAnalyzers/StyleCopAnalyzers/blob/master/documentation/SA1101.md) [D:\leaveblackgithub\DDNCadAddins\src\DDNCadAddins\DDNCadAddins\DDNCadAddins.csproj]
D:\leaveblackgithub\DDNCadAddins\src\DDNCadAddins\DDNCadAddins\Services\XClipBlockService.Core.cs(367,29): warning SA1101: Prefix local calls with this (https://github.com/DotNetAnalyzers/StyleCopAnalyzers/blob/master/documentation/SA1101.md) [D:\leaveblackgithub\DDNCadAddins\src\DDNCadAddins\DDNCadAddins\DDNCadAddins.csproj]
D:\leaveblackgithub\DDNCadAddins\src\DDNCadAddins\DDNCadAddins\Services\XClipBlockService.Core.cs(535,38): warning SA1101: Prefix local calls with this (https://github.com/DotNetAnalyzers/StyleCopAnalyzers/blob/master/documentation/SA1101.md) [D:\leaveblackgithub\DDNCadAddins\src\DDNCadAddins\DDNCadAddins\DDNCadAddins.csproj]
D:\leaveblackgithub\DDNCadAddins\src\DDNCadAddins\DDNCadAddins\Commands\XClipTest\XClipTestCreator4.cs(159,29): warning SA1101: Prefix local calls with this (https://github.com/DotNetAnalyzers/StyleCopAnalyzers/blob/master/documentation/SA1101.md) [D:\leaveblackgithub\DDNCadAddins\src\DDNCadAddins\DDNCadAddins\DDNCadAddins.csproj]
D:\leaveblackgithub\DDNCadAddins\src\DDNCadAddins\DDNCadAddins\Services\XClipBlockService.Core.cs(377,26): warning SA1101: Prefix local calls with this (https://github.com/DotNetAnalyzers/StyleCopAnalyzers/blob/master/documentation/SA1101.md) [D:\leaveblackgithub\DDNCadAddins\src\DDNCadAddins\DDNCadAddins\DDNCadAddins.csproj]
D:\leaveblackgithub\DDNCadAddins\src\DDNCadAddins\DDNCadAddins\Services\XClipBlockService.Core.cs(558,30): warning SA1101: Prefix local calls with this (https://github.com/DotNetAnalyzers/StyleCopAnalyzers/blob/master/documentation/SA1101.md) [D:\leaveblackgithub\DDNCadAddins\src\DDNCadAddins\DDNCadAddins\DDNCadAddins.csproj]
D:\leaveblackgithub\DDNCadAddins\src\DDNCadAddins\DDNCadAddins\Services\XClipBlockService.Core.cs(559,29): warning SA1101: Prefix local calls with this (https://github.com/DotNetAnalyzers/StyleCopAnalyzers/blob/master/documentation/SA1101.md) [D:\leaveblackgithub\DDNCadAddins\src\DDNCadAddins\DDNCadAddins\DDNCadAddins.csproj]
D:\leaveblackgithub\DDNCadAddins\src\DDNCadAddins\DDNCadAddins\Commands\XClipTest\XClipTestCreator4.cs(163,30): warning SA1101: Prefix local calls with this (https://github.com/DotNetAnalyzers/StyleCopAnalyzers/blob/master/documentation/SA1101.md) [D:\leaveblackgithub\DDNCadAddins\src\DDNCadAddins\DDNCadAddins\DDNCadAddins.csproj]
D:\leaveblackgithub\DDNCadAddins\src\DDNCadAddins\DDNCadAddins\Commands\XClipTest\XClipTestCreator4.cs(196,35): warning SA1101: Prefix local calls with this (https://github.com/DotNetAnalyzers/StyleCopAnalyzers/blob/master/documentation/SA1101.md) [D:\leaveblackgithub\DDNCadAddins\src\DDNCadAddins\DDNCadAddins\DDNCadAddins.csproj]
D:\leaveblackgithub\DDNCadAddins\src\DDNCadAddins\DDNCadAddins\Commands\XClipTest\XClipTestCreator3.cs(219,47): warning SA1101: Prefix local calls with this (https://github.com/DotNetAnalyzers/StyleCopAnalyzers/blob/master/documentation/SA1101.md) [D:\leaveblackgithub\DDNCadAddins\src\DDNCadAddins\DDNCadAddins\DDNCadAddins.csproj]
D:\leaveblackgithub\DDNCadAddins\src\DDNCadAddins\DDNCadAddins\Commands\XClipTest\XClipTestCreator3.cs(223,45): warning SA1101: Prefix local calls with this (https://github.com/DotNetAnalyzers/StyleCopAnalyzers/blob/master/documentation/SA1101.md) [D:\leaveblackgithub\DDNCadAddins\src\DDNCadAddins\DDNCadAddins\DDNCadAddins.csproj]
D:\leaveblackgithub\DDNCadAddins\src\DDNCadAddins\DDNCadAddins\Services\XClipBlockService.Core.cs(699,21): warning SA1413: Use trailing comma in multi-line initializers (https://github.com/DotNetAnalyzers/StyleCopAnalyzers/blob/master/documentation/SA1413.md) [D:\leaveblackgithub\DDNCadAddins\src\DDNCadAddins\DDNCadAddins\DDNCadAddins.csproj]
D:\leaveblackgithub\DDNCadAddins\src\DDNCadAddins\DDNCadAddins\Commands\XClipTest\XClipTestCreator3.cs(227,43): warning SA1101: Prefix local calls with this (https://github.com/DotNetAnalyzers/StyleCopAnalyzers/blob/master/documentation/SA1101.md) [D:\leaveblackgithub\DDNCadAddins\src\DDNCadAddins\DDNCadAddins\DDNCadAddins.csproj]
D:\leaveblackgithub\DDNCadAddins\src\DDNCadAddins\DDNCadAddins\Commands\XClipTest\XClipTestCreator3.cs(231,41): warning SA1101: Prefix local calls with this (https://github.com/DotNetAnalyzers/StyleCopAnalyzers/blob/master/documentation/SA1101.md) [D:\leaveblackgithub\DDNCadAddins\src\DDNCadAddins\DDNCadAddins\DDNCadAddins.csproj]
D:\leaveblackgithub\DDNCadAddins\src\DDNCadAddins\DDNCadAddins\Services\XClipBlockService.Core.cs(801,37): warning SA1101: Prefix local calls with this (https://github.com/DotNetAnalyzers/StyleCopAnalyzers/blob/master/documentation/SA1101.md) [D:\leaveblackgithub\DDNCadAddins\src\DDNCadAddins\DDNCadAddins\DDNCadAddins.csproj]
D:\leaveblackgithub\DDNCadAddins\src\DDNCadAddins\DDNCadAddins\Commands\XClipTest\XClipTestCreator4.cs(141,13): warning SA1117: The parameters should all be placed on the same line or each parameter should be placed on its own line. (https://github.com/DotNetAnalyzers/StyleCopAnalyzers/blob/master/documentation/SA1117.md) [D:\leaveblackgithub\DDNCadAddins\src\DDNCadAddins\DDNCadAddins\DDNCadAddins.csproj]
D:\leaveblackgithub\DDNCadAddins\src\DDNCadAddins\DDNCadAddins\Services\XClipBlockService.Core.cs(776,17): warning SA1413: Use trailing comma in multi-line initializers (https://github.com/DotNetAnalyzers/StyleCopAnalyzers/blob/master/documentation/SA1413.md) [D:\leaveblackgithub\DDNCadAddins\src\DDNCadAddins\DDNCadAddins\DDNCadAddins.csproj]
D:\leaveblackgithub\DDNCadAddins\src\DDNCadAddins\DDNCadAddins\Commands\XClipTest\XClipTestCreator4.cs(179,13): warning SA1117: The parameters should all be placed on the same line or each parameter should be placed on its own line. (https://github.com/DotNetAnalyzers/StyleCopAnalyzers/blob/master/documentation/SA1117.md) [D:\leaveblackgithub\DDNCadAddins\src\DDNCadAddins\DDNCadAddins\DDNCadAddins.csproj]
D:\leaveblackgithub\DDNCadAddins\src\DDNCadAddins\DDNCadAddins\Commands\XClipTest\XClipTestCreator3.cs(241,38): warning SA1101: Prefix local calls with this (https://github.com/DotNetAnalyzers/StyleCopAnalyzers/blob/master/documentation/SA1101.md) [D:\leaveblackgithub\DDNCadAddins\src\DDNCadAddins\DDNCadAddins\DDNCadAddins.csproj]
D:\leaveblackgithub\DDNCadAddins\src\DDNCadAddins\DDNCadAddins\Services\XClipBlockService.Core.cs(378,25): warning SA1101: Prefix local calls with this (https://github.com/DotNetAnalyzers/StyleCopAnalyzers/blob/master/documentation/SA1101.md) [D:\leaveblackgithub\DDNCadAddins\src\DDNCadAddins\DDNCadAddins\DDNCadAddins.csproj]
D:\leaveblackgithub\DDNCadAddins\src\DDNCadAddins\DDNCadAddins\Services\XClipBlockService.Core.cs(391,22): warning SA1101: Prefix local calls with this (https://github.com/DotNetAnalyzers/StyleCopAnalyzers/blob/master/documentation/SA1101.md) [D:\leaveblackgithub\DDNCadAddins\src\DDNCadAddins\DDNCadAddins\DDNCadAddins.csproj]
D:\leaveblackgithub\DDNCadAddins\src\DDNCadAddins\DDNCadAddins\Services\XClipBlockService.Core.cs(392,21): warning SA1101: Prefix local calls with this (https://github.com/DotNetAnalyzers/StyleCopAnalyzers/blob/master/documentation/SA1101.md) [D:\leaveblackgithub\DDNCadAddins\src\DDNCadAddins\DDNCadAddins\DDNCadAddins.csproj]
D:\leaveblackgithub\DDNCadAddins\src\DDNCadAddins\DDNCadAddins\Commands\XClipTest\XClipTestCreator4.cs(122,42): warning CA1062: 在外部可见方法“ObjectId XClipTestCreator.CreateColoredBlockReference(Transaction tr, Database db, ObjectId blockDefId, string blockName, string layerName, Color color)”中，先验证参数“db”为非 null，然后再使用。如果适用，在参数为 null 时引发 ArgumentNullException，或添加断言非 null 参数的代码协定前提条件。 (https://docs.microsoft.com/dotnet/fundamentals/code-analysis/quality-rules/ca1062) [D:\leaveblackgithub\DDNCadAddins\src\DDNCadAddins\DDNCadAddins\DDNCadAddins.csproj]
D:\leaveblackgithub\DDNCadAddins\src\DDNCadAddins\DDNCadAddins\Commands\XClipTest\XClipTestCreator4.cs(122,29): warning CA1062: 在外部可见方法“ObjectId XClipTestCreator.CreateColoredBlockReference(Transaction tr, Database db, ObjectId blockDefId, string blockName, string layerName, Color color)”中，先验证参数“tr”为非 null，然后再使用。如果适用，在参数为 null 时引发 ArgumentNullException，或添加断言非 null 参数的代码协定前提条件。 (https://docs.microsoft.com/dotnet/fundamentals/code-analysis/quality-rules/ca1062) [D:\leaveblackgithub\DDNCadAddins\src\DDNCadAddins\DDNCadAddins\DDNCadAddins.csproj]
D:\leaveblackgithub\DDNCadAddins\src\DDNCadAddins\DDNCadAddins\Services\XClipBlockService.Core.cs(523,20): warning SA1117: The parameters should all be placed on the same line or each parameter should be placed on its own line. (https://github.com/DotNetAnalyzers/StyleCopAnalyzers/blob/master/documentation/SA1117.md) [D:\leaveblackgithub\DDNCadAddins\src\DDNCadAddins\DDNCadAddins\DDNCadAddins.csproj]
D:\leaveblackgithub\DDNCadAddins\src\DDNCadAddins\DDNCadAddins\Services\XClipBlockService.Core.cs(725,35): warning SA1101: Prefix local calls with this (https://github.com/DotNetAnalyzers/StyleCopAnalyzers/blob/master/documentation/SA1101.md) [D:\leaveblackgithub\DDNCadAddins\src\DDNCadAddins\DDNCadAddins\DDNCadAddins.csproj]
D:\leaveblackgithub\DDNCadAddins\src\DDNCadAddins\DDNCadAddins\Commands\XClipTest\XClipTestCreator4.cs(19,42): warning CA1062: 在外部可见方法“ObjectId XClipTestCreator.CreateBlockWithLayerColor(Transaction tr, Database db, string blockName, string layerName)”中，先验证参数“db”为非 null，然后再使用。如果适用，在参数为 null 时引发 ArgumentNullException，或添加断言非 null 参数的代码协定前提条件。 (https://docs.microsoft.com/dotnet/fundamentals/code-analysis/quality-rules/ca1062) [D:\leaveblackgithub\DDNCadAddins\src\DDNCadAddins\DDNCadAddins\DDNCadAddins.csproj]
D:\leaveblackgithub\DDNCadAddins\src\DDNCadAddins\DDNCadAddins\Commands\XClipTest\XClipTestCreator4.cs(19,29): warning CA1062: 在外部可见方法“ObjectId XClipTestCreator.CreateBlockWithLayerColor(Transaction tr, Database db, string blockName, string layerName)”中，先验证参数“tr”为非 null，然后再使用。如果适用，在参数为 null 时引发 ArgumentNullException，或添加断言非 null 参数的代码协定前提条件。 (https://docs.microsoft.com/dotnet/fundamentals/code-analysis/quality-rules/ca1062) [D:\leaveblackgithub\DDNCadAddins\src\DDNCadAddins\DDNCadAddins\DDNCadAddins.csproj]
D:\leaveblackgithub\DDNCadAddins\src\DDNCadAddins\DDNCadAddins\Services\XClipBlockService.Core.cs(614,39): warning SA1101: Prefix local calls with this (https://github.com/DotNetAnalyzers/StyleCopAnalyzers/blob/master/documentation/SA1101.md) [D:\leaveblackgithub\DDNCadAddins\src\DDNCadAddins\DDNCadAddins\DDNCadAddins.csproj]
D:\leaveblackgithub\DDNCadAddins\src\DDNCadAddins\DDNCadAddins\Services\XClipBlockService.Core.cs(746,33): warning SA1101: Prefix local calls with this (https://github.com/DotNetAnalyzers/StyleCopAnalyzers/blob/master/documentation/SA1101.md) [D:\leaveblackgithub\DDNCadAddins\src\DDNCadAddins\DDNCadAddins\DDNCadAddins.csproj]
D:\leaveblackgithub\DDNCadAddins\src\DDNCadAddins\DDNCadAddins\Services\XClipBlockService.Core.cs(648,34): warning SA1101: Prefix local calls with this (https://github.com/DotNetAnalyzers/StyleCopAnalyzers/blob/master/documentation/SA1101.md) [D:\leaveblackgithub\DDNCadAddins\src\DDNCadAddins\DDNCadAddins\DDNCadAddins.csproj]
D:\leaveblackgithub\DDNCadAddins\src\DDNCadAddins\DDNCadAddins\Services\XClipBlockService.Core.cs(649,33): warning SA1101: Prefix local calls with this (https://github.com/DotNetAnalyzers/StyleCopAnalyzers/blob/master/documentation/SA1101.md) [D:\leaveblackgithub\DDNCadAddins\src\DDNCadAddins\DDNCadAddins\DDNCadAddins.csproj]
D:\leaveblackgithub\DDNCadAddins\src\DDNCadAddins\DDNCadAddins\Services\XClipBlockService.Core.cs(811,13): warning CA1031: 请修改“IsolateXClippedBlocks”以捕获更具体的允许异常类型，或者重新抛出该异常 (https://docs.microsoft.com/dotnet/fundamentals/code-analysis/quality-rules/ca1031) [D:\leaveblackgithub\DDNCadAddins\src\DDNCadAddins\DDNCadAddins\DDNCadAddins.csproj]
D:\leaveblackgithub\DDNCadAddins\src\DDNCadAddins\DDNCadAddins\Services\XClipBlockService.Core.cs(673,38): warning SA1101: Prefix local calls with this (https://github.com/DotNetAnalyzers/StyleCopAnalyzers/blob/master/documentation/SA1101.md) [D:\leaveblackgithub\DDNCadAddins\src\DDNCadAddins\DDNCadAddins\DDNCadAddins.csproj]
D:\leaveblackgithub\DDNCadAddins\src\DDNCadAddins\DDNCadAddins\Services\XClipBlockService.Core.cs(685,30): warning SA1101: Prefix local calls with this (https://github.com/DotNetAnalyzers/StyleCopAnalyzers/blob/master/documentation/SA1101.md) [D:\leaveblackgithub\DDNCadAddins\src\DDNCadAddins\DDNCadAddins\DDNCadAddins.csproj]
D:\leaveblackgithub\DDNCadAddins\src\DDNCadAddins\DDNCadAddins\Services\XClipBlockService.Core.cs(686,29): warning SA1101: Prefix local calls with this (https://github.com/DotNetAnalyzers/StyleCopAnalyzers/blob/master/documentation/SA1101.md) [D:\leaveblackgithub\DDNCadAddins\src\DDNCadAddins\DDNCadAddins\DDNCadAddins.csproj]
D:\leaveblackgithub\DDNCadAddins\src\DDNCadAddins\DDNCadAddins\Commands\XClipTest\XClipTestCreator4.cs(84,42): warning CA1062: 在外部可见方法“ObjectId XClipTestCreator.CreateBlockWithByBlockColor(Transaction tr, Database db, string blockName)”中，先验证参数“db”为非 null，然后再使用。如果适用，在参数为 null 时引发 ArgumentNullException，或添加断言非 null 参数的代码协定前提条件。 (https://docs.microsoft.com/dotnet/fundamentals/code-analysis/quality-rules/ca1062) [D:\leaveblackgithub\DDNCadAddins\src\DDNCadAddins\DDNCadAddins\DDNCadAddins.csproj]
D:\leaveblackgithub\DDNCadAddins\src\DDNCadAddins\DDNCadAddins\Commands\XClipTest\XClipTestCreator4.cs(84,29): warning CA1062: 在外部可见方法“ObjectId XClipTestCreator.CreateBlockWithByBlockColor(Transaction tr, Database db, string blockName)”中，先验证参数“tr”为非 null，然后再使用。如果适用，在参数为 null 时引发 ArgumentNullException，或添加断言非 null 参数的代码协定前提条件。 (https://docs.microsoft.com/dotnet/fundamentals/code-analysis/quality-rules/ca1062) [D:\leaveblackgithub\DDNCadAddins\src\DDNCadAddins\DDNCadAddins\DDNCadAddins.csproj]
D:\leaveblackgithub\DDNCadAddins\src\DDNCadAddins\DDNCadAddins\Commands\XClipTest\XClipTestCreator4.cs(264,13): warning CA1031: 请修改“CreateCompositeBlock”以捕获更具体的允许异常类型，或者重新抛出该异常 (https://docs.microsoft.com/dotnet/fundamentals/code-analysis/quality-rules/ca1031) [D:\leaveblackgithub\DDNCadAddins\src\DDNCadAddins\DDNCadAddins\DDNCadAddins.csproj]
D:\leaveblackgithub\DDNCadAddins\src\DDNCadAddins\DDNCadAddins\Services\XClipBlockService.Core.cs(324,16): warning SA1117: The parameters should all be placed on the same line or each parameter should be placed on its own line. (https://github.com/DotNetAnalyzers/StyleCopAnalyzers/blob/master/documentation/SA1117.md) [D:\leaveblackgithub\DDNCadAddins\src\DDNCadAddins\DDNCadAddins\DDNCadAddins.csproj]
D:\leaveblackgithub\DDNCadAddins\src\DDNCadAddins\DDNCadAddins\Services\XClipBlockService.Core.cs(832,85): warning SA1500: Braces for multi-line statements should not share line (https://github.com/DotNetAnalyzers/StyleCopAnalyzers/blob/master/documentation/SA1500.md) [D:\leaveblackgithub\DDNCadAddins\src\DDNCadAddins\DDNCadAddins\DDNCadAddins.csproj]
D:\leaveblackgithub\DDNCadAddins\src\DDNCadAddins\DDNCadAddins\Commands\XClipTest\XClipTestCreator3.cs(171,25): warning SA1117: The parameters should all be placed on the same line or each parameter should be placed on its own line. (https://github.com/DotNetAnalyzers/StyleCopAnalyzers/blob/master/documentation/SA1117.md) [D:\leaveblackgithub\DDNCadAddins\src\DDNCadAddins\DDNCadAddins\DDNCadAddins.csproj]
D:\leaveblackgithub\DDNCadAddins\src\DDNCadAddins\DDNCadAddins\Commands\XClipTest\XClipTestCreator3.cs(177,25): warning SA1117: The parameters should all be placed on the same line or each parameter should be placed on its own line. (https://github.com/DotNetAnalyzers/StyleCopAnalyzers/blob/master/documentation/SA1117.md) [D:\leaveblackgithub\DDNCadAddins\src\DDNCadAddins\DDNCadAddins\DDNCadAddins.csproj]
D:\leaveblackgithub\DDNCadAddins\src\DDNCadAddins\DDNCadAddins\Commands\XClipTest\XClipTestCreator4.cs(38,29): warning CA2000: 在对 System.IDisposable.Dispose 的所有引用超出范围之前，在“new Circle(new Point3d(5, 5, 0), Vector3d.ZAxis, 3)”创建的对象上对其进行调用 (https://docs.microsoft.com/dotnet/fundamentals/code-analysis/quality-rules/ca2000) [D:\leaveblackgithub\DDNCadAddins\src\DDNCadAddins\DDNCadAddins\DDNCadAddins.csproj]
D:\leaveblackgithub\DDNCadAddins\src\DDNCadAddins\DDNCadAddins\Commands\XClipTest\XClipTestCreator4.cs(22,36): warning CA2000: 在对 System.IDisposable.Dispose 的所有引用超出范围之前，在“new BlockTableRecord()”创建的对象上对其进行调用 (https://docs.microsoft.com/dotnet/fundamentals/code-analysis/quality-rules/ca2000) [D:\leaveblackgithub\DDNCadAddins\src\DDNCadAddins\DDNCadAddins\DDNCadAddins.csproj]
D:\leaveblackgithub\DDNCadAddins\src\DDNCadAddins\DDNCadAddins\Commands\XClipTest\XClipTestCreator4.cs(33,25): warning CA2000: 在对 System.IDisposable.Dispose 的所有引用超出范围之前，在“new Line(new Point3d(0, 0, 0), new Point3d(10, 10, 0))”创建的对象上对其进行调用 (https://docs.microsoft.com/dotnet/fundamentals/code-analysis/quality-rules/ca2000) [D:\leaveblackgithub\DDNCadAddins\src\DDNCadAddins\DDNCadAddins\DDNCadAddins.csproj]
D:\leaveblackgithub\DDNCadAddins\src\DDNCadAddins\DDNCadAddins\Commands\XClipTest\XClipTestCreator4.cs(102,29): warning CA2000: 在对 System.IDisposable.Dispose 的所有引用超出范围之前，在“new Circle(new Point3d(5, 5, 0), Vector3d.ZAxis, 3)”创建的对象上对其进行调用 (https://docs.microsoft.com/dotnet/fundamentals/code-analysis/quality-rules/ca2000) [D:\leaveblackgithub\DDNCadAddins\src\DDNCadAddins\DDNCadAddins\DDNCadAddins.csproj]
D:\leaveblackgithub\DDNCadAddins\src\DDNCadAddins\DDNCadAddins\Commands\XClipTest\XClipTestCreator4.cs(87,36): warning CA2000: 在对 System.IDisposable.Dispose 的所有引用超出范围之前，在“new BlockTableRecord()”创建的对象上对其进行调用 (https://docs.microsoft.com/dotnet/fundamentals/code-analysis/quality-rules/ca2000) [D:\leaveblackgithub\DDNCadAddins\src\DDNCadAddins\DDNCadAddins\DDNCadAddins.csproj]
D:\leaveblackgithub\DDNCadAddins\src\DDNCadAddins\DDNCadAddins\Commands\XClipTest\XClipTestCreator4.cs(98,25): warning CA2000: 在对 System.IDisposable.Dispose 的所有引用超出范围之前，在“new Line(new Point3d(0, 0, 0), new Point3d(10, 10, 0))”创建的对象上对其进行调用 (https://docs.microsoft.com/dotnet/fundamentals/code-analysis/quality-rules/ca2000) [D:\leaveblackgithub\DDNCadAddins\src\DDNCadAddins\DDNCadAddins\DDNCadAddins.csproj]
D:\leaveblackgithub\DDNCadAddins\src\DDNCadAddins\DDNCadAddins\Commands\XClipTest\XClipTestCreator4.cs(182,42): warning CA1062: 在外部可见方法“ObjectId XClipTestCreator.CreateBlockWithLineType(Transaction tr, Database db, string blockName, string lineTypeName, double lineTypeScale)”中，先验证参数“db”为非 null，然后再使用。如果适用，在参数为 null 时引发 ArgumentNullException，或添加断言非 null 参数的代码协定前提条件。 (https://docs.microsoft.com/dotnet/fundamentals/code-analysis/quality-rules/ca1062) [D:\leaveblackgithub\DDNCadAddins\src\DDNCadAddins\DDNCadAddins\DDNCadAddins.csproj]
D:\leaveblackgithub\DDNCadAddins\src\DDNCadAddins\DDNCadAddins\Commands\XClipTest\XClipTestCreator4.cs(182,29): warning CA1062: 在外部可见方法“ObjectId XClipTestCreator.CreateBlockWithLineType(Transaction tr, Database db, string blockName, string lineTypeName, double lineTypeScale)”中，先验证参数“tr”为非 null，然后再使用。如果适用，在参数为 null 时引发 ArgumentNullException，或添加断言非 null 参数的代码协定前提条件。 (https://docs.microsoft.com/dotnet/fundamentals/code-analysis/quality-rules/ca1062) [D:\leaveblackgithub\DDNCadAddins\src\DDNCadAddins\DDNCadAddins\DDNCadAddins.csproj]
D:\leaveblackgithub\DDNCadAddins\src\DDNCadAddins\DDNCadAddins\Commands\XClipTest\XClipTestCreator4.cs(81,25): warning CA1822: 成员“CreateBlockWithByBlockColor”不访问实例数据，可标记为 static (https://docs.microsoft.com/dotnet/fundamentals/code-analysis/quality-rules/ca1822) [D:\leaveblackgithub\DDNCadAddins\src\DDNCadAddins\DDNCadAddins\DDNCadAddins.csproj]
D:\leaveblackgithub\DDNCadAddins\src\DDNCadAddins\DDNCadAddins\Services\XClipBlockService.Core.cs(655,20): warning SA1117: The parameters should all be placed on the same line or each parameter should be placed on its own line. (https://github.com/DotNetAnalyzers/StyleCopAnalyzers/blob/master/documentation/SA1117.md) [D:\leaveblackgithub\DDNCadAddins\src\DDNCadAddins\DDNCadAddins\DDNCadAddins.csproj]
D:\leaveblackgithub\DDNCadAddins\src\DDNCadAddins\DDNCadAddins\Services\XClipBlockService.Operation.cs(34,25): warning SA1503: Braces should not be omitted (https://github.com/DotNetAnalyzers/StyleCopAnalyzers/blob/master/documentation/SA1503.md) [D:\leaveblackgithub\DDNCadAddins\src\DDNCadAddins\DDNCadAddins\DDNCadAddins.csproj]
D:\leaveblackgithub\DDNCadAddins\src\DDNCadAddins\DDNCadAddins\Services\XClipBlockService.Operation.cs(39,25): warning SA1503: Braces should not be omitted (https://github.com/DotNetAnalyzers/StyleCopAnalyzers/blob/master/documentation/SA1503.md) [D:\leaveblackgithub\DDNCadAddins\src\DDNCadAddins\DDNCadAddins\DDNCadAddins.csproj]
D:\leaveblackgithub\DDNCadAddins\src\DDNCadAddins\DDNCadAddins\Services\XClipBlockService.Operation.cs(55,33): warning SA1503: Braces should not be omitted (https://github.com/DotNetAnalyzers/StyleCopAnalyzers/blob/master/documentation/SA1503.md) [D:\leaveblackgithub\DDNCadAddins\src\DDNCadAddins\DDNCadAddins\DDNCadAddins.csproj]
D:\leaveblackgithub\DDNCadAddins\src\DDNCadAddins\DDNCadAddins\Services\XClipBlockService.Operation.cs(81,21): warning SA1503: Braces should not be omitted (https://github.com/DotNetAnalyzers/StyleCopAnalyzers/blob/master/documentation/SA1503.md) [D:\leaveblackgithub\DDNCadAddins\src\DDNCadAddins\DDNCadAddins\DDNCadAddins.csproj]
D:\leaveblackgithub\DDNCadAddins\src\DDNCadAddins\DDNCadAddins\Services\XClipBlockService.Core.cs(546,45): warning CA1310: “string.IndexOf(string)”的行为可能因当前用户的区域设置而异。请将“DDNCadAddins.Services.XClipBlockService.AutoXClipAllBlocks(Autodesk.AutoCAD.DatabaseServices.Database)”中的此调用替换为对“string.IndexOf(string, System.StringComparison)”的调用。 (https://docs.microsoft.com/dotnet/fundamentals/code-analysis/quality-rules/ca1310) [D:\leaveblackgithub\DDNCadAddins\src\DDNCadAddins\DDNCadAddins\DDNCadAddins.csproj]
D:\leaveblackgithub\DDNCadAddins\src\DDNCadAddins\DDNCadAddins\Services\XClipBlockService.Core.cs(547,43): warning CA1310: “string.IndexOf(string, int)”的行为可能因当前用户的区域设置而异。请将“DDNCadAddins.Services.XClipBlockService.AutoXClipAllBlocks(Autodesk.AutoCAD.DatabaseServices.Database)”中的此调用替换为对“string.IndexOf(string, int, System.StringComparison)”的调用。 (https://docs.microsoft.com/dotnet/fundamentals/code-analysis/quality-rules/ca1310) [D:\leaveblackgithub\DDNCadAddins\src\DDNCadAddins\DDNCadAddins\DDNCadAddins.csproj]
D:\leaveblackgithub\DDNCadAddins\src\DDNCadAddins\DDNCadAddins\Commands\XClipTest\XClipTestCreator4.cs(218,46): warning CA1062: 在外部可见方法“ObjectId XClipTestCreator.CreateCompositeBlock(Transaction tr, Database db, string blockName, ObjectId[] innerBlockIds)”中，先验证参数“db”为非 null，然后再使用。如果适用，在参数为 null 时引发 ArgumentNullException，或添加断言非 null 参数的代码协定前提条件。 (https://docs.microsoft.com/dotnet/fundamentals/code-analysis/quality-rules/ca1062) [D:\leaveblackgithub\DDNCadAddins\src\DDNCadAddins\DDNCadAddins\DDNCadAddins.csproj]
D:\leaveblackgithub\DDNCadAddins\src\DDNCadAddins\DDNCadAddins\Commands\XClipTest\XClipTestCreator4.cs(236,51): warning CA1062: 在外部可见方法“ObjectId XClipTestCreator.CreateCompositeBlock(Transaction tr, Database db, string blockName, ObjectId[] innerBlockIds)”中，先验证参数“innerBlockIds”为非 null，然后再使用。如果适用，在参数为 null 时引发 ArgumentNullException，或添加断言非 null 参数的代码协定前提条件。 (https://docs.microsoft.com/dotnet/fundamentals/code-analysis/quality-rules/ca1062) [D:\leaveblackgithub\DDNCadAddins\src\DDNCadAddins\DDNCadAddins\DDNCadAddins.csproj]
D:\leaveblackgithub\DDNCadAddins\src\DDNCadAddins\DDNCadAddins\Commands\XClipTest\XClipTestCreator4.cs(218,33): warning CA1062: 在外部可见方法“ObjectId XClipTestCreator.CreateCompositeBlock(Transaction tr, Database db, string blockName, ObjectId[] innerBlockIds)”中，先验证参数“tr”为非 null，然后再使用。如果适用，在参数为 null 时引发 ArgumentNullException，或添加断言非 null 参数的代码协定前提条件。 (https://docs.microsoft.com/dotnet/fundamentals/code-analysis/quality-rules/ca1062) [D:\leaveblackgithub\DDNCadAddins\src\DDNCadAddins\DDNCadAddins\DDNCadAddins.csproj]
D:\leaveblackgithub\DDNCadAddins\src\DDNCadAddins\DDNCadAddins\Commands\XClipTest\XClipTestCreator4.cs(199,25): warning CA2000: 在对 System.IDisposable.Dispose 的所有引用超出范围之前，在“new Line(new Point3d(0, 0, 0), new Point3d(10, 10, 0))”创建的对象上对其进行调用 (https://docs.microsoft.com/dotnet/fundamentals/code-analysis/quality-rules/ca2000) [D:\leaveblackgithub\DDNCadAddins\src\DDNCadAddins\DDNCadAddins\DDNCadAddins.csproj]
D:\leaveblackgithub\DDNCadAddins\src\DDNCadAddins\DDNCadAddins\Commands\XClipTest\XClipTestCreator4.cs(185,36): warning CA2000: 在对 System.IDisposable.Dispose 的所有引用超出范围之前，在“new BlockTableRecord()”创建的对象上对其进行调用 (https://docs.microsoft.com/dotnet/fundamentals/code-analysis/quality-rules/ca2000) [D:\leaveblackgithub\DDNCadAddins\src\DDNCadAddins\DDNCadAddins\DDNCadAddins.csproj]
D:\leaveblackgithub\DDNCadAddins\src\DDNCadAddins\DDNCadAddins\Services\XClipBlockService.Operation.cs(186,21): warning SA1503: Braces should not be omitted (https://github.com/DotNetAnalyzers/StyleCopAnalyzers/blob/master/documentation/SA1503.md) [D:\leaveblackgithub\DDNCadAddins\src\DDNCadAddins\DDNCadAddins\DDNCadAddins.csproj]
D:\leaveblackgithub\DDNCadAddins\src\DDNCadAddins\DDNCadAddins\Commands\XClipTest\XClipTestCreator3.cs(270,21): warning CA1822: 成员“CleanupTests”不访问实例数据，可标记为 static (https://docs.microsoft.com/dotnet/fundamentals/code-analysis/quality-rules/ca1822) [D:\leaveblackgithub\DDNCadAddins\src\DDNCadAddins\DDNCadAddins\DDNCadAddins.csproj]
D:\leaveblackgithub\DDNCadAddins\src\DDNCadAddins\DDNCadAddins\Services\XClipBlockService.Core.cs(514,25): warning CA1031: 请修改“AutoXClipAllBlocks”以捕获更具体的允许异常类型，或者重新抛出该异常 (https://docs.microsoft.com/dotnet/fundamentals/code-analysis/quality-rules/ca1031) [D:\leaveblackgithub\DDNCadAddins\src\DDNCadAddins\DDNCadAddins\DDNCadAddins.csproj]
D:\leaveblackgithub\DDNCadAddins\src\DDNCadAddins\DDNCadAddins\Services\XClipBlockService.Core.cs(556,21): warning CA1031: 请修改“AutoXClipAllBlocks”以捕获更具体的允许异常类型，或者重新抛出该异常 (https://docs.microsoft.com/dotnet/fundamentals/code-analysis/quality-rules/ca1031) [D:\leaveblackgithub\DDNCadAddins\src\DDNCadAddins\DDNCadAddins\DDNCadAddins.csproj]
D:\leaveblackgithub\DDNCadAddins\src\DDNCadAddins\DDNCadAddins\Services\XClipBlockService.Core.cs(582,13): warning CA1031: 请修改“AutoXClipAllBlocks”以捕获更具体的允许异常类型，或者重新抛出该异常 (https://docs.microsoft.com/dotnet/fundamentals/code-analysis/quality-rules/ca1031) [D:\leaveblackgithub\DDNCadAddins\src\DDNCadAddins\DDNCadAddins\DDNCadAddins.csproj]
D:\leaveblackgithub\DDNCadAddins\src\DDNCadAddins\DDNCadAddins\Services\XClipBlockService.Operation.cs(175,30): warning SA1101: Prefix local calls with this (https://github.com/DotNetAnalyzers/StyleCopAnalyzers/blob/master/documentation/SA1101.md) [D:\leaveblackgithub\DDNCadAddins\src\DDNCadAddins\DDNCadAddins\DDNCadAddins.csproj]
D:\leaveblackgithub\DDNCadAddins\src\DDNCadAddins\DDNCadAddins\Services\XClipBlockService.Core.cs(832,24): warning SA1101: Prefix local calls with this (https://github.com/DotNetAnalyzers/StyleCopAnalyzers/blob/master/documentation/SA1101.md) [D:\leaveblackgithub\DDNCadAddins\src\DDNCadAddins\DDNCadAddins\DDNCadAddins.csproj]
D:\leaveblackgithub\DDNCadAddins\src\DDNCadAddins\DDNCadAddins\Services\XClipBlockService.Operation.cs(185,22): warning SA1101: Prefix local calls with this (https://github.com/DotNetAnalyzers/StyleCopAnalyzers/blob/master/documentation/SA1101.md) [D:\leaveblackgithub\DDNCadAddins\src\DDNCadAddins\DDNCadAddins\DDNCadAddins.csproj]
D:\leaveblackgithub\DDNCadAddins\src\DDNCadAddins\DDNCadAddins\Services\XClipBlockService.Operation.cs(208,21): warning SA1503: Braces should not be omitted (https://github.com/DotNetAnalyzers/StyleCopAnalyzers/blob/master/documentation/SA1503.md) [D:\leaveblackgithub\DDNCadAddins\src\DDNCadAddins\DDNCadAddins\DDNCadAddins.csproj]
D:\leaveblackgithub\DDNCadAddins\src\DDNCadAddins\DDNCadAddins\Services\XClipBlockService.Operation.cs(186,21): warning SA1101: Prefix local calls with this (https://github.com/DotNetAnalyzers/StyleCopAnalyzers/blob/master/documentation/SA1101.md) [D:\leaveblackgithub\DDNCadAddins\src\DDNCadAddins\DDNCadAddins\DDNCadAddins.csproj]
D:\leaveblackgithub\DDNCadAddins\src\DDNCadAddins\DDNCadAddins\Commands\XClipTest\XClipTestCreator4.cs(144,42): warning CA1062: 在外部可见方法“ObjectId XClipTestCreator.CreateBlockWithMultiLayerEntities(Transaction tr, Database db, string blockName, string layer1, string layer2)”中，先验证参数“db”为非 null，然后再使用。如果适用，在参数为 null 时引发 ArgumentNullException，或添加断言非 null 参数的代码协定前提条件。 (https://docs.microsoft.com/dotnet/fundamentals/code-analysis/quality-rules/ca1062) [D:\leaveblackgithub\DDNCadAddins\src\DDNCadAddins\DDNCadAddins\DDNCadAddins.csproj]
D:\leaveblackgithub\DDNCadAddins\src\DDNCadAddins\DDNCadAddins\Services\XClipBlockService.Operation.cs(106,25): warning SA1503: Braces should not be omitted (https://github.com/DotNetAnalyzers/StyleCopAnalyzers/blob/master/documentation/SA1503.md) [D:\leaveblackgithub\DDNCadAddins\src\DDNCadAddins\DDNCadAddins\DDNCadAddins.csproj]
D:\leaveblackgithub\DDNCadAddins\src\DDNCadAddins\DDNCadAddins\Services\XClipBlockService.Operation.cs(111,25): warning SA1503: Braces should not be omitted (https://github.com/DotNetAnalyzers/StyleCopAnalyzers/blob/master/documentation/SA1503.md) [D:\leaveblackgithub\DDNCadAddins\src\DDNCadAddins\DDNCadAddins\DDNCadAddins.csproj]
D:\leaveblackgithub\DDNCadAddins\src\DDNCadAddins\DDNCadAddins\Services\XClipBlockService.Operation.cs(134,33): warning SA1503: Braces should not be omitted (https://github.com/DotNetAnalyzers/StyleCopAnalyzers/blob/master/documentation/SA1503.md) [D:\leaveblackgithub\DDNCadAddins\src\DDNCadAddins\DDNCadAddins\DDNCadAddins.csproj]
D:\leaveblackgithub\DDNCadAddins\src\DDNCadAddins\DDNCadAddins\Services\XClipBlockService.Operation.cs(160,21): warning SA1503: Braces should not be omitted (https://github.com/DotNetAnalyzers/StyleCopAnalyzers/blob/master/documentation/SA1503.md) [D:\leaveblackgithub\DDNCadAddins\src\DDNCadAddins\DDNCadAddins\DDNCadAddins.csproj]
D:\leaveblackgithub\DDNCadAddins\src\DDNCadAddins\DDNCadAddins\Commands\XClipTest\XClipTestCreator4.cs(144,29): warning CA1062: 在外部可见方法“ObjectId XClipTestCreator.CreateBlockWithMultiLayerEntities(Transaction tr, Database db, string blockName, string layer1, string layer2)”中，先验证参数“tr”为非 null，然后再使用。如果适用，在参数为 null 时引发 ArgumentNullException，或添加断言非 null 参数的代码协定前提条件。 (https://docs.microsoft.com/dotnet/fundamentals/code-analysis/quality-rules/ca1062) [D:\leaveblackgithub\DDNCadAddins\src\DDNCadAddins\DDNCadAddins\DDNCadAddins.csproj]
D:\leaveblackgithub\DDNCadAddins\src\DDNCadAddins\DDNCadAddins\Services\XClipBlockService.Operation.cs(27,32): warning SA1101: Prefix local calls with this (https://github.com/DotNetAnalyzers/StyleCopAnalyzers/blob/master/documentation/SA1101.md) [D:\leaveblackgithub\DDNCadAddins\src\DDNCadAddins\DDNCadAddins\DDNCadAddins.csproj]
D:\leaveblackgithub\DDNCadAddins\src\DDNCadAddins\DDNCadAddins\Services\XClipBlockService.Operation.cs(179,20): warning SA1117: The parameters should all be placed on the same line or each parameter should be placed on its own line. (https://github.com/DotNetAnalyzers/StyleCopAnalyzers/blob/master/documentation/SA1117.md) [D:\leaveblackgithub\DDNCadAddins\src\DDNCadAddins\DDNCadAddins\DDNCadAddins.csproj]
D:\leaveblackgithub\DDNCadAddins\src\DDNCadAddins\DDNCadAddins\Services\XClipBlockService.Operation.cs(202,30): warning SA1101: Prefix local calls with this (https://github.com/DotNetAnalyzers/StyleCopAnalyzers/blob/master/documentation/SA1101.md) [D:\leaveblackgithub\DDNCadAddins\src\DDNCadAddins\DDNCadAddins\DDNCadAddins.csproj]
D:\leaveblackgithub\DDNCadAddins\src\DDNCadAddins\DDNCadAddins\Services\XClipBlockService.Operation.cs(207,22): warning SA1101: Prefix local calls with this (https://github.com/DotNetAnalyzers/StyleCopAnalyzers/blob/master/documentation/SA1101.md) [D:\leaveblackgithub\DDNCadAddins\src\DDNCadAddins\DDNCadAddins\DDNCadAddins.csproj]
D:\leaveblackgithub\DDNCadAddins\src\DDNCadAddins\DDNCadAddins\Services\XClipBlockService.Operation.cs(54,34): warning SA1101: Prefix local calls with this (https://github.com/DotNetAnalyzers/StyleCopAnalyzers/blob/master/documentation/SA1101.md) [D:\leaveblackgithub\DDNCadAddins\src\DDNCadAddins\DDNCadAddins\DDNCadAddins.csproj]
D:\leaveblackgithub\DDNCadAddins\src\DDNCadAddins\DDNCadAddins\Services\XClipBlockService.Core.cs(848,43): warning SA1108: Block statements should not contain embedded comments (https://github.com/DotNetAnalyzers/StyleCopAnalyzers/blob/master/documentation/SA1108.md) [D:\leaveblackgithub\DDNCadAddins\src\DDNCadAddins\DDNCadAddins\DDNCadAddins.csproj]
D:\leaveblackgithub\DDNCadAddins\src\DDNCadAddins\DDNCadAddins\Services\XClipBlockService.Operation.cs(208,21): warning SA1101: Prefix local calls with this (https://github.com/DotNetAnalyzers/StyleCopAnalyzers/blob/master/documentation/SA1101.md) [D:\leaveblackgithub\DDNCadAddins\src\DDNCadAddins\DDNCadAddins\DDNCadAddins.csproj]
D:\leaveblackgithub\DDNCadAddins\src\DDNCadAddins\DDNCadAddins\Services\XClipBlockService.Operation.cs(55,33): warning SA1101: Prefix local calls with this (https://github.com/DotNetAnalyzers/StyleCopAnalyzers/blob/master/documentation/SA1101.md) [D:\leaveblackgithub\DDNCadAddins\src\DDNCadAddins\DDNCadAddins\DDNCadAddins.csproj]
D:\leaveblackgithub\DDNCadAddins\src\DDNCadAddins\DDNCadAddins\Services\XClipBlockService.Operation.cs(231,21): warning SA1503: Braces should not be omitted (https://github.com/DotNetAnalyzers/StyleCopAnalyzers/blob/master/documentation/SA1503.md) [D:\leaveblackgithub\DDNCadAddins\src\DDNCadAddins\DDNCadAddins\DDNCadAddins.csproj]
D:\leaveblackgithub\DDNCadAddins\src\DDNCadAddins\DDNCadAddins\Services\XClipBlockService.Core.cs(749,25): warning CA1031: 请修改“FindAllXClippedBlocks”以捕获更具体的允许异常类型，或者重新抛出该异常 (https://docs.microsoft.com/dotnet/fundamentals/code-analysis/quality-rules/ca1031) [D:\leaveblackgithub\DDNCadAddins\src\DDNCadAddins\DDNCadAddins\DDNCadAddins.csproj]
D:\leaveblackgithub\DDNCadAddins\src\DDNCadAddins\DDNCadAddins\Services\XClipBlockService.Operation.cs(66,40): warning SA1101: Prefix local calls with this (https://github.com/DotNetAnalyzers/StyleCopAnalyzers/blob/master/documentation/SA1101.md) [D:\leaveblackgithub\DDNCadAddins\src\DDNCadAddins\DDNCadAddins\DDNCadAddins.csproj]
D:\leaveblackgithub\DDNCadAddins\src\DDNCadAddins\DDNCadAddins\Services\XClipBlockService.Operation.cs(80,22): warning SA1101: Prefix local calls with this (https://github.com/DotNetAnalyzers/StyleCopAnalyzers/blob/master/documentation/SA1101.md) [D:\leaveblackgithub\DDNCadAddins\src\DDNCadAddins\DDNCadAddins\DDNCadAddins.csproj]
D:\leaveblackgithub\DDNCadAddins\src\DDNCadAddins\DDNCadAddins\Services\XClipBlockService.Operation.cs(81,21): warning SA1101: Prefix local calls with this (https://github.com/DotNetAnalyzers/StyleCopAnalyzers/blob/master/documentation/SA1101.md) [D:\leaveblackgithub\DDNCadAddins\src\DDNCadAddins\DDNCadAddins\DDNCadAddins.csproj]
D:\leaveblackgithub\DDNCadAddins\src\DDNCadAddins\DDNCadAddins\Services\XClipBlockService.Core.cs(899,20): warning SA1117: The parameters should all be placed on the same line or each parameter should be placed on its own line. (https://github.com/DotNetAnalyzers/StyleCopAnalyzers/blob/master/documentation/SA1117.md) [D:\leaveblackgithub\DDNCadAddins\src\DDNCadAddins\DDNCadAddins\DDNCadAddins.csproj]
D:\leaveblackgithub\DDNCadAddins\src\DDNCadAddins\DDNCadAddins\Services\XClipBlockService.Operation.cs(183,13): warning CA1031: 请修改“GetBlockName”以捕获更具体的允许异常类型，或者重新抛出该异常 (https://docs.microsoft.com/dotnet/fundamentals/code-analysis/quality-rules/ca1031) [D:\leaveblackgithub\DDNCadAddins\src\DDNCadAddins\DDNCadAddins\DDNCadAddins.csproj]
D:\leaveblackgithub\DDNCadAddins\src\DDNCadAddins\DDNCadAddins\Services\XClipBlockService.Operation.cs(223,24): warning SA1101: Prefix local calls with this (https://github.com/DotNetAnalyzers/StyleCopAnalyzers/blob/master/documentation/SA1101.md) [D:\leaveblackgithub\DDNCadAddins\src\DDNCadAddins\DDNCadAddins\DDNCadAddins.csproj]
D:\leaveblackgithub\DDNCadAddins\src\DDNCadAddins\DDNCadAddins\Services\XClipBlockService.Operation.cs(225,28): warning SA1101: Prefix local calls with this (https://github.com/DotNetAnalyzers/StyleCopAnalyzers/blob/master/documentation/SA1101.md) [D:\leaveblackgithub\DDNCadAddins\src\DDNCadAddins\DDNCadAddins\DDNCadAddins.csproj]
D:\leaveblackgithub\DDNCadAddins\src\DDNCadAddins\DDNCadAddins\Services\XClipBlockService.Operation.cs(230,22): warning SA1101: Prefix local calls with this (https://github.com/DotNetAnalyzers/StyleCopAnalyzers/blob/master/documentation/SA1101.md) [D:\leaveblackgithub\DDNCadAddins\src\DDNCadAddins\DDNCadAddins\DDNCadAddins.csproj]
D:\leaveblackgithub\DDNCadAddins\src\DDNCadAddins\DDNCadAddins\Services\XClipBlockService.Operation.cs(231,21): warning SA1101: Prefix local calls with this (https://github.com/DotNetAnalyzers/StyleCopAnalyzers/blob/master/documentation/SA1101.md) [D:\leaveblackgithub\DDNCadAddins\src\DDNCadAddins\DDNCadAddins\DDNCadAddins.csproj]
D:\leaveblackgithub\DDNCadAddins\src\DDNCadAddins\DDNCadAddins\Services\XClipBlockService.Operation.cs(205,13): warning CA1031: 请修改“ApplyXClipToBlock”以捕获更具体的允许异常类型，或者重新抛出该异常 (https://docs.microsoft.com/dotnet/fundamentals/code-analysis/quality-rules/ca1031) [D:\leaveblackgithub\DDNCadAddins\src\DDNCadAddins\DDNCadAddins\DDNCadAddins.csproj]
D:\leaveblackgithub\DDNCadAddins\src\DDNCadAddins\DDNCadAddins\Services\XClipBlockService.Operation.cs(226,20): warning SA1117: The parameters should all be placed on the same line or each parameter should be placed on its own line. (https://github.com/DotNetAnalyzers/StyleCopAnalyzers/blob/master/documentation/SA1117.md) [D:\leaveblackgithub\DDNCadAddins\src\DDNCadAddins\DDNCadAddins\DDNCadAddins.csproj]
D:\leaveblackgithub\DDNCadAddins\src\DDNCadAddins\DDNCadAddins\Services\XClipBlockService.Operation.cs(60,20): warning SA1117: The parameters should all be placed on the same line or each parameter should be placed on its own line. (https://github.com/DotNetAnalyzers/StyleCopAnalyzers/blob/master/documentation/SA1117.md) [D:\leaveblackgithub\DDNCadAddins\src\DDNCadAddins\DDNCadAddins\DDNCadAddins.csproj]
D:\leaveblackgithub\DDNCadAddins\src\DDNCadAddins\DDNCadAddins\Services\XClipBlockService.Operation.cs(69,28): warning SA1117: The parameters should all be placed on the same line or each parameter should be placed on its own line. (https://github.com/DotNetAnalyzers/StyleCopAnalyzers/blob/master/documentation/SA1117.md) [D:\leaveblackgithub\DDNCadAddins\src\DDNCadAddins\DDNCadAddins\DDNCadAddins.csproj]
D:\leaveblackgithub\DDNCadAddins\src\DDNCadAddins\DDNCadAddins\Services\XClipBlockService.Core.cs(358,53): warning SA1003: Operator '+' should be preceded by whitespace. (https://github.com/DotNetAnalyzers/StyleCopAnalyzers/blob/master/documentation/SA1003.md) [D:\leaveblackgithub\DDNCadAddins\src\DDNCadAddins\DDNCadAddins\DDNCadAddins.csproj]
D:\leaveblackgithub\DDNCadAddins\src\DDNCadAddins\DDNCadAddins\Services\XClipBlockService.Core.cs(358,53): warning SA1003: Operator '+' should be followed by whitespace. (https://github.com/DotNetAnalyzers/StyleCopAnalyzers/blob/master/documentation/SA1003.md) [D:\leaveblackgithub\DDNCadAddins\src\DDNCadAddins\DDNCadAddins\DDNCadAddins.csproj]
D:\leaveblackgithub\DDNCadAddins\src\DDNCadAddins\DDNCadAddins\Services\XClipBlockService.Core.cs(646,25): warning CA1031: 请修改“AutoXClipBlocksByName”以捕获更具体的允许异常类型，或者重新抛出该异常 (https://docs.microsoft.com/dotnet/fundamentals/code-analysis/quality-rules/ca1031) [D:\leaveblackgithub\DDNCadAddins\src\DDNCadAddins\DDNCadAddins\DDNCadAddins.csproj]
D:\leaveblackgithub\DDNCadAddins\src\DDNCadAddins\DDNCadAddins\Services\XClipBlockService.Core.cs(683,21): warning CA1031: 请修改“AutoXClipBlocksByName”以捕获更具体的允许异常类型，或者重新抛出该异常 (https://docs.microsoft.com/dotnet/fundamentals/code-analysis/quality-rules/ca1031) [D:\leaveblackgithub\DDNCadAddins\src\DDNCadAddins\DDNCadAddins\DDNCadAddins.csproj]
D:\leaveblackgithub\DDNCadAddins\src\DDNCadAddins\DDNCadAddins\Services\XClipBlockService.Core.cs(378,70): warning SA1003: Operator '+' should be preceded by whitespace. (https://github.com/DotNetAnalyzers/StyleCopAnalyzers/blob/master/documentation/SA1003.md) [D:\leaveblackgithub\DDNCadAddins\src\DDNCadAddins\DDNCadAddins\DDNCadAddins.csproj]
D:\leaveblackgithub\DDNCadAddins\src\DDNCadAddins\DDNCadAddins\Services\XClipBlockService.Core.cs(702,13): warning CA1031: 请修改“AutoXClipBlocksByName”以捕获更具体的允许异常类型，或者重新抛出该异常 (https://docs.microsoft.com/dotnet/fundamentals/code-analysis/quality-rules/ca1031) [D:\leaveblackgithub\DDNCadAddins\src\DDNCadAddins\DDNCadAddins\DDNCadAddins.csproj]
D:\leaveblackgithub\DDNCadAddins\src\DDNCadAddins\DDNCadAddins\Services\XClipBlockService.Core.cs(378,70): warning SA1003: Operator '+' should be followed by whitespace. (https://github.com/DotNetAnalyzers/StyleCopAnalyzers/blob/master/documentation/SA1003.md) [D:\leaveblackgithub\DDNCadAddins\src\DDNCadAddins\DDNCadAddins\DDNCadAddins.csproj]
D:\leaveblackgithub\DDNCadAddins\src\DDNCadAddins\DDNCadAddins\Commands\XClipTest\XClipTestCreator4.cs(147,36): warning CA2000: 在对 System.IDisposable.Dispose 的所有引用超出范围之前，在“new BlockTableRecord()”创建的对象上对其进行调用 (https://docs.microsoft.com/dotnet/fundamentals/code-analysis/quality-rules/ca2000) [D:\leaveblackgithub\DDNCadAddins\src\DDNCadAddins\DDNCadAddins\DDNCadAddins.csproj]
D:\leaveblackgithub\DDNCadAddins\src\DDNCadAddins\DDNCadAddins\Commands\XClipTest\XClipTestCreator4.cs(158,26): warning CA2000: 在对 System.IDisposable.Dispose 的所有引用超出范围之前，在“new Line(new Point3d(0, 0, 0), new Point3d(10, 10, 0))”创建的对象上对其进行调用 (https://docs.microsoft.com/dotnet/fundamentals/code-analysis/quality-rules/ca2000) [D:\leaveblackgithub\DDNCadAddins\src\DDNCadAddins\DDNCadAddins\DDNCadAddins.csproj]
D:\leaveblackgithub\DDNCadAddins\src\DDNCadAddins\DDNCadAddins\Commands\XClipTest\XClipTestCreator4.cs(162,29): warning CA2000: 在对 System.IDisposable.Dispose 的所有引用超出范围之前，在“new Circle(new Point3d(5, 5, 0), Vector3d.ZAxis, 3)”创建的对象上对其进行调用 (https://docs.microsoft.com/dotnet/fundamentals/code-analysis/quality-rules/ca2000) [D:\leaveblackgithub\DDNCadAddins\src\DDNCadAddins\DDNCadAddins\DDNCadAddins.csproj]
D:\leaveblackgithub\DDNCadAddins\src\DDNCadAddins\DDNCadAddins\Services\XClipBlockService.Operation.cs(99,32): warning SA1101: Prefix local calls with this (https://github.com/DotNetAnalyzers/StyleCopAnalyzers/blob/master/documentation/SA1101.md) [D:\leaveblackgithub\DDNCadAddins\src\DDNCadAddins\DDNCadAddins\DDNCadAddins.csproj]
D:\leaveblackgithub\DDNCadAddins\src\DDNCadAddins\DDNCadAddins\Services\XClipBlockService.Operation.cs(228,13): warning CA1031: 请修改“IsBlockXClipped”以捕获更具体的允许异常类型，或者重新抛出该异常 (https://docs.microsoft.com/dotnet/fundamentals/code-analysis/quality-rules/ca1031) [D:\leaveblackgithub\DDNCadAddins\src\DDNCadAddins\DDNCadAddins\DDNCadAddins.csproj]
D:\leaveblackgithub\DDNCadAddins\src\DDNCadAddins\DDNCadAddins\Services\XClipBlockService.Operation.cs(133,34): warning SA1101: Prefix local calls with this (https://github.com/DotNetAnalyzers/StyleCopAnalyzers/blob/master/documentation/SA1101.md) [D:\leaveblackgithub\DDNCadAddins\src\DDNCadAddins\DDNCadAddins\DDNCadAddins.csproj]
D:\leaveblackgithub\DDNCadAddins\src\DDNCadAddins\DDNCadAddins\Services\XClipBlockService.Operation.cs(134,33): warning SA1101: Prefix local calls with this (https://github.com/DotNetAnalyzers/StyleCopAnalyzers/blob/master/documentation/SA1101.md) [D:\leaveblackgithub\DDNCadAddins\src\DDNCadAddins\DDNCadAddins\DDNCadAddins.csproj]
D:\leaveblackgithub\DDNCadAddins\src\DDNCadAddins\DDNCadAddins\Services\XClipBlockService.Operation.cs(145,40): warning SA1101: Prefix local calls with this (https://github.com/DotNetAnalyzers/StyleCopAnalyzers/blob/master/documentation/SA1101.md) [D:\leaveblackgithub\DDNCadAddins\src\DDNCadAddins\DDNCadAddins\DDNCadAddins.csproj]
D:\leaveblackgithub\DDNCadAddins\src\DDNCadAddins\DDNCadAddins\Services\XClipBlockService.Operation.cs(159,22): warning SA1101: Prefix local calls with this (https://github.com/DotNetAnalyzers/StyleCopAnalyzers/blob/master/documentation/SA1101.md) [D:\leaveblackgithub\DDNCadAddins\src\DDNCadAddins\DDNCadAddins\DDNCadAddins.csproj]
D:\leaveblackgithub\DDNCadAddins\src\DDNCadAddins\DDNCadAddins\Services\XClipBlockService.Operation.cs(160,21): warning SA1101: Prefix local calls with this (https://github.com/DotNetAnalyzers/StyleCopAnalyzers/blob/master/documentation/SA1101.md) [D:\leaveblackgithub\DDNCadAddins\src\DDNCadAddins\DDNCadAddins\DDNCadAddins.csproj]
D:\leaveblackgithub\DDNCadAddins\src\DDNCadAddins\DDNCadAddins\Commands\XClipTest\XClipTestCreator4.cs(221,40): warning CA2000: 在对 System.IDisposable.Dispose 的所有引用超出范围之前，在“new BlockTableRecord()”创建的对象上对其进行调用 (https://docs.microsoft.com/dotnet/fundamentals/code-analysis/quality-rules/ca2000) [D:\leaveblackgithub\DDNCadAddins\src\DDNCadAddins\DDNCadAddins\DDNCadAddins.csproj]
D:\leaveblackgithub\DDNCadAddins\src\DDNCadAddins\DDNCadAddins\Commands\XClipTest\XClipTestCreator4.cs(242,47): warning CA2000: 在对 System.IDisposable.Dispose 的所有引用超出范围之前，在“new BlockReference(new Point3d(xPos, 0, 0), innerBlockId)”创建的对象上对其进行调用 (https://docs.microsoft.com/dotnet/fundamentals/code-analysis/quality-rules/ca2000) [D:\leaveblackgithub\DDNCadAddins\src\DDNCadAddins\DDNCadAddins\DDNCadAddins.csproj]
D:\leaveblackgithub\DDNCadAddins\src\DDNCadAddins\DDNCadAddins\Commands\XClipTest\XClipTestCreator4.cs(213,25): warning CA1822: 成员“CreateCompositeBlock”不访问实例数据，可标记为 static (https://docs.microsoft.com/dotnet/fundamentals/code-analysis/quality-rules/ca1822) [D:\leaveblackgithub\DDNCadAddins\src\DDNCadAddins\DDNCadAddins\DDNCadAddins.csproj]
D:\leaveblackgithub\DDNCadAddins\src\DDNCadAddins\DDNCadAddins\Commands\TestRunner.cs(599,21): warning CA1822: 成员“TestFindXClippedBlocks”不访问实例数据，可标记为 static (https://docs.microsoft.com/dotnet/fundamentals/code-analysis/quality-rules/ca1822) [D:\leaveblackgithub\DDNCadAddins\src\DDNCadAddins\DDNCadAddins\DDNCadAddins.csproj]
D:\leaveblackgithub\DDNCadAddins\src\DDNCadAddins\DDNCadAddins\Services\XClipBlockService.Operation.cs(139,20): warning SA1117: The parameters should all be placed on the same line or each parameter should be placed on its own line. (https://github.com/DotNetAnalyzers/StyleCopAnalyzers/blob/master/documentation/SA1117.md) [D:\leaveblackgithub\DDNCadAddins\src\DDNCadAddins\DDNCadAddins\DDNCadAddins.csproj]
D:\leaveblackgithub\DDNCadAddins\src\DDNCadAddins\DDNCadAddins\Services\XClipBlockService.Operation.cs(148,28): warning SA1117: The parameters should all be placed on the same line or each parameter should be placed on its own line. (https://github.com/DotNetAnalyzers/StyleCopAnalyzers/blob/master/documentation/SA1117.md) [D:\leaveblackgithub\DDNCadAddins\src\DDNCadAddins\DDNCadAddins\DDNCadAddins.csproj]
D:\leaveblackgithub\DDNCadAddins\src\DDNCadAddins\DDNCadAddins\Services\XClipBlockService.Core.cs(878,25): warning CA1031: 请修改“IsolateBlocksInView”以捕获更具体的允许异常类型，或者重新抛出该异常 (https://docs.microsoft.com/dotnet/fundamentals/code-analysis/quality-rules/ca1031) [D:\leaveblackgithub\DDNCadAddins\src\DDNCadAddins\DDNCadAddins\DDNCadAddins.csproj]
D:\leaveblackgithub\DDNCadAddins\src\DDNCadAddins\DDNCadAddins\Services\XClipBlockService.Core.cs(901,13): warning CA1031: 请修改“IsolateBlocksInView”以捕获更具体的允许异常类型，或者重新抛出该异常 (https://docs.microsoft.com/dotnet/fundamentals/code-analysis/quality-rules/ca1031) [D:\leaveblackgithub\DDNCadAddins\src\DDNCadAddins\DDNCadAddins\DDNCadAddins.csproj]
D:\leaveblackgithub\DDNCadAddins\src\DDNCadAddins\DDNCadAddins\Services\XClipBlockService.Operation.cs(52,25): warning CA1031: 请修改“GetAllBlockReferences”以捕获更具体的允许异常类型，或者重新抛出该异常 (https://docs.microsoft.com/dotnet/fundamentals/code-analysis/quality-rules/ca1031) [D:\leaveblackgithub\DDNCadAddins\src\DDNCadAddins\DDNCadAddins\DDNCadAddins.csproj]
D:\leaveblackgithub\DDNCadAddins\src\DDNCadAddins\DDNCadAddins\Services\XClipBlockService.Operation.cs(78,13): warning CA1031: 请修改“GetAllBlockReferences”以捕获更具体的允许异常类型，或者重新抛出该异常 (https://docs.microsoft.com/dotnet/fundamentals/code-analysis/quality-rules/ca1031) [D:\leaveblackgithub\DDNCadAddins\src\DDNCadAddins\DDNCadAddins\DDNCadAddins.csproj]
D:\leaveblackgithub\DDNCadAddins\src\DDNCadAddins\DDNCadAddins\Commands\TestRunner.cs(396,24): warning CA1822: 成员“GetCurrentEditor”不访问实例数据，可标记为 static (https://docs.microsoft.com/dotnet/fundamentals/code-analysis/quality-rules/ca1822) [D:\leaveblackgithub\DDNCadAddins\src\DDNCadAddins\DDNCadAddins\DDNCadAddins.csproj]
D:\leaveblackgithub\DDNCadAddins\src\DDNCadAddins\DDNCadAddins\Commands\XClipTest\XClipTestCreator3.cs(260,13): warning CA1031: 请修改“CreateTestEnvironment”以捕获更具体的允许异常类型，或者重新抛出该异常 (https://docs.microsoft.com/dotnet/fundamentals/code-analysis/quality-rules/ca1031) [D:\leaveblackgithub\DDNCadAddins\src\DDNCadAddins\DDNCadAddins\DDNCadAddins.csproj]
D:\leaveblackgithub\DDNCadAddins\src\DDNCadAddins\DDNCadAddins\Services\XClipBlockService.Core.cs(250,40): warning CA1305: “ObjectId.ToString()”的行为可能因当前用户的区域设置而异。请将“XClipBlockService.AutoXClipBlock(Database, ObjectId)”中的此调用替换为对“ObjectId.ToString(IFormatProvider)”的调用。 (https://docs.microsoft.com/dotnet/fundamentals/code-analysis/quality-rules/ca1305) [D:\leaveblackgithub\DDNCadAddins\src\DDNCadAddins\DDNCadAddins\DDNCadAddins.csproj]
D:\leaveblackgithub\DDNCadAddins\src\DDNCadAddins\DDNCadAddins\Services\XClipBlockService.Core.cs(259,58): warning CA1305: “ObjectId.ToString()”的行为可能因当前用户的区域设置而异。请将“XClipBlockService.AutoXClipBlock(Database, ObjectId)”中的此调用替换为对“ObjectId.ToString(IFormatProvider)”的调用。 (https://docs.microsoft.com/dotnet/fundamentals/code-analysis/quality-rules/ca1305) [D:\leaveblackgithub\DDNCadAddins\src\DDNCadAddins\DDNCadAddins\DDNCadAddins.csproj]
D:\leaveblackgithub\DDNCadAddins\src\DDNCadAddins\DDNCadAddins\Services\XClipBlockService.Core.cs(268,56): warning CA1305: “ObjectId.ToString()”的行为可能因当前用户的区域设置而异。请将“XClipBlockService.AutoXClipBlock(Database, ObjectId)”中的此调用替换为对“ObjectId.ToString(IFormatProvider)”的调用。 (https://docs.microsoft.com/dotnet/fundamentals/code-analysis/quality-rules/ca1305) [D:\leaveblackgithub\DDNCadAddins\src\DDNCadAddins\DDNCadAddins\DDNCadAddins.csproj]
D:\leaveblackgithub\DDNCadAddins\src\DDNCadAddins\DDNCadAddins\Services\XClipBlockService.Operation.cs(131,25): warning CA1031: 请修改“GetBlockReferencesByName”以捕获更具体的允许异常类型，或者重新抛出该异常 (https://docs.microsoft.com/dotnet/fundamentals/code-analysis/quality-rules/ca1031) [D:\leaveblackgithub\DDNCadAddins\src\DDNCadAddins\DDNCadAddins\DDNCadAddins.csproj]
D:\leaveblackgithub\DDNCadAddins\src\DDNCadAddins\DDNCadAddins\Services\XClipBlockService.Operation.cs(157,13): warning CA1031: 请修改“GetBlockReferencesByName”以捕获更具体的允许异常类型，或者重新抛出该异常 (https://docs.microsoft.com/dotnet/fundamentals/code-analysis/quality-rules/ca1031) [D:\leaveblackgithub\DDNCadAddins\src\DDNCadAddins\DDNCadAddins\DDNCadAddins.csproj]
D:\leaveblackgithub\DDNCadAddins\src\DDNCadAddins\DDNCadAddins\Services\XClipBlockService.Core.cs(374,17): warning CA1031: 请修改“AutoXClipBlock”以捕获更具体的允许异常类型，或者重新抛出该异常 (https://docs.microsoft.com/dotnet/fundamentals/code-analysis/quality-rules/ca1031) [D:\leaveblackgithub\DDNCadAddins\src\DDNCadAddins\DDNCadAddins\DDNCadAddins.csproj]
D:\leaveblackgithub\DDNCadAddins\src\DDNCadAddins\DDNCadAddins\Commands\XClipTest\XClipTestCreator4.cs(119,20): warning CA1801: 从未用过方法 CreateColoredBlockReference 的参数 blockName。请删除该参数或在方法体中使用它。 (https://docs.microsoft.com/dotnet/fundamentals/code-analysis/quality-rules/ca1801) [D:\leaveblackgithub\DDNCadAddins\src\DDNCadAddins\DDNCadAddins\DDNCadAddins.csproj]
CSC : warning SA0001: XML comment analysis is disabled due to project configuration (https://github.com/DotNetAnalyzers/StyleCopAnalyzers/blob/master/documentation/SA0001.md) [D:\leaveblackgithub\DDNCadAddins\src\DDNCadAddins\DDNCadAddins\DDNCadAddins.csproj]
D:\leaveblackgithub\DDNCadAddins\src\DDNCadAddins\DDNCadAddins\Commands\TestRunner.cs(500,60): error CS1061: “XClipBlockService”未包含“ClipBlockWithRectangle”的定义，并且找不到可接受第一个“XClipBlockService”类型参数的可访问扩展方法“ClipBlockWithRectangle”(是否缺少 using 指令或程序集引用?) [D:\leaveblackgithub\DDNCadAddins\src\DDNCadAddins\DDNCadAddins\DDNCadAddins.csproj]
D:\leaveblackgithub\DDNCadAddins\src\DDNCadAddins\DDNCadAddins\Commands\TestRunner.cs(646,44): error CS0136: 无法在此范围中声明名为“xclipServiceInterface”的局部变量或参数，因为该名称在封闭局部范围中用于定义局部变量或参数 [D:\leaveblackgithub\DDNCadAddins\src\DDNCadAddins\DDNCadAddins\DDNCadAddins.csproj]
D:\leaveblackgithub\DDNCadAddins\src\DDNCadAddins\DDNCadAddins\Commands\TestRunner.cs(647,43): error CS0136: 无法在此范围中声明名为“xclipService”的局部变量或参数，因为该名称在封闭局部范围中用于定义局部变量或参数 [D:\leaveblackgithub\DDNCadAddins\src\DDNCadAddins\DDNCadAddins\DDNCadAddins.csproj]
D:\leaveblackgithub\DDNCadAddins\src\DDNCadAddins\DDNCadAddins\Commands\TestRunner.cs(652,38): error CS1061: “XClipBlockService”未包含“ClipBlockWithRectangle”的定义，并且找不到可接受第一个“XClipBlockService”类型参数的可访问扩展方法“ClipBlockWithRectangle”(是否缺少 using 指令或程序集引用?) [D:\leaveblackgithub\DDNCadAddins\src\DDNCadAddins\DDNCadAddins\DDNCadAddins.csproj]
D:\leaveblackgithub\DDNCadAddins\src\DDNCadAddins\DDNCadAddins\Commands\TestRunner.cs(661,44): error CS0136: 无法在此范围中声明名为“xclipServiceInterface”的局部变量或参数，因为该名称在封闭局部范围中用于定义局部变量或参数 [D:\leaveblackgithub\DDNCadAddins\src\DDNCadAddins\DDNCadAddins\DDNCadAddins.csproj]
D:\leaveblackgithub\DDNCadAddins\src\DDNCadAddins\DDNCadAddins\Commands\TestRunner.cs(662,43): error CS0136: 无法在此范围中声明名为“xclipService”的局部变量或参数，因为该名称在封闭局部范围中用于定义局部变量或参数 [D:\leaveblackgithub\DDNCadAddins\src\DDNCadAddins\DDNCadAddins\DDNCadAddins.csproj]
D:\leaveblackgithub\DDNCadAddins\src\DDNCadAddins\DDNCadAddins\Commands\TestRunner.cs(667,38): error CS1061: “XClipBlockService”未包含“ClipBlockWithRectangle”的定义，并且找不到可接受第一个“XClipBlockService”类型参数的可访问扩展方法“ClipBlockWithRectangle”(是否缺少 using 指令或程序集引用?) [D:\leaveblackgithub\DDNCadAddins\src\DDNCadAddins\DDNCadAddins\DDNCadAddins.csproj]
D:\leaveblackgithub\DDNCadAddins\src\DDNCadAddins\DDNCadAddins\Commands\TestRunner.cs(677,52): error CS0029: 无法将类型“DDNCadAddins.Models.OperationResult<System.Collections.Generic.List<DDNCadAddins.Models.XClippedBlockInfo>>”隐式转换为“System.Collections.Generic.List<Autodesk.AutoCAD.DatabaseServices.ObjectId>” [D:\leaveblackgithub\DDNCadAddins\src\DDNCadAddins\DDNCadAddins\DDNCadAddins.csproj]
D:\leaveblackgithub\DDNCadAddins\src\DDNCadAddins\DDNCadAddins\Commands\TestRunner.cs(702,40): error CS0136: 无法在此范围中声明名为“tr”的局部变量或参数，因为该名称在封闭局部范围中用于定义局部变量或参数 [D:\leaveblackgithub\DDNCadAddins\src\DDNCadAddins\DDNCadAddins\DDNCadAddins.csproj]
D:\leaveblackgithub\DDNCadAddins\src\DDNCadAddins\DDNCadAddins\Commands\TestRunner.cs(705,73): error CS0117: “SymbolUtilityServices”未包含“GetNameOfCurrentLayer”的定义 [D:\leaveblackgithub\DDNCadAddins\src\DDNCadAddins\DDNCadAddins\DDNCadAddins.csproj]
D:\leaveblackgithub\DDNCadAddins\src\DDNCadAddins\DDNCadAddins\Commands\TestRunner.cs(708,44): error CS0136: 无法在此范围中声明名为“xclipServiceInterface”的局部变量或参数，因为该名称在封闭局部范围中用于定义局部变量或参数 [D:\leaveblackgithub\DDNCadAddins\src\DDNCadAddins\DDNCadAddins\DDNCadAddins.csproj]
D:\leaveblackgithub\DDNCadAddins\src\DDNCadAddins\DDNCadAddins\Commands\TestRunner.cs(709,43): error CS0136: 无法在此范围中声明名为“xclipService”的局部变量或参数，因为该名称在封闭局部范围中用于定义局部变量或参数 [D:\leaveblackgithub\DDNCadAddins\src\DDNCadAddins\DDNCadAddins\DDNCadAddins.csproj]
D:\leaveblackgithub\DDNCadAddins\src\DDNCadAddins\DDNCadAddins\Commands\TestRunner.cs(714,61): error CS1061: “XClipBlockService”未包含“FindXClippedBlocksByLayer”的定义，并且找不到可接受第一个“XClipBlockService”类型参数的可访问扩展方法“FindXClippedBlocksByLayer”(是否缺少 using 指令或程序集引用?) [D:\leaveblackgithub\DDNCadAddins\src\DDNCadAddins\DDNCadAddins\DDNCadAddins.csproj]
    2644 个警告
    13 个错误

已用时间 00:00:03.41
构建完成! 
��Ŀ¼�������! 
